2026-09-28 02:38:48.319  INFO   session     Loading Manmabot from D:\ManmabotV1_final\engine
2026-09-28 02:38:48.327  INFO   session     Session log D:\ManmabotV1_final\engine\logs\bot-20260928-023848.log
2026-09-28 02:38:48.327  INFO   session     character=elf loot=all_items game_lang=ko map=talking_island farms=['area_1', 'area_3'] file=D:\ManmabotV1_final\engine\logs\bot-20260928-023848.log
2026-09-28 02:38:48.647  INFO   nav         building portal graph (cluster=32, 479x511)
2026-09-28 02:38:48.971  INFO   nav         portal graph: 188 components, 323 ms
2026-09-28 02:38:48.978  INFO   nav         farms=2 safe=11 home=(354, 203) (files farm=D:\ManmabotV1_final\engine\maps\talking_island\farms.yaml safe=D:\ManmabotV1_final\engine\maps\talking_island\safe.yaml home=D:\ManmabotV1_final\engine\maps\talking_island\home.yaml)
2026-09-28 02:38:49.251  INFO   capture     mss window capture process='LC.exe' title=None content_aspect=4:3
2026-09-28 02:38:49.827  INFO   session     Entity clicks use memory names, species, and world cells. Image recognition still runs. Set memory.entity_source to vision to restore image-only clicks.
2026-09-28 02:38:49.846  INFO   session     Player memory is read in this process (realtime_monitor.dll, offsets.json). No separate console.
2026-09-28 02:38:49.858  INFO   session     인벤토리를 백그라운드에서 스캔 중 (inventory_listen.dll 또는 inv.json을 두세요).
2026-09-28 02:38:49.891  INFO   session     메모리에서 핫바 24칸을 읽는 중…
2026-09-28 02:38:49.982  INFO   session     핫바 스캔 완료 · 파워 업@box2/f8, 아머 업@box2/f5, 라이트@box1/f10, 힐@box1/f9, HP 물약@box1/f8, 텔레포트@box1/f11, 마법 공격@box1/f12, 말하는 두루마리@box1/f5
2026-09-28 02:38:50.011  INFO   session     매핑되지 않은 핫바 아이콘: box1/f6:작은 활 (무장), box1/f7:나무 화살, box1/f9:아데나
2026-09-28 02:38:50.028  INFO   session     루프 준비 · 요정 · 한국어 · 맵=말하는 섬 · 룻=전부 줍기 · 구역=구역 1, 구역 3
2026-09-28 02:38:50.920  INFO   session     Entity shadow: vision=8 {'player': 4, 'npc': 4} memory=11 {'player': 3, 'npc': 4, 'monster': 4} paired=4 median=0.016 unleveled=207:兔子,14:青蛙,68:警衛
2026-09-28 02:38:51.029  INFO   session     인벤토리 수신 준비 (dll) · hp=4 화살=308 은화살=0 해독=0
2026-09-28 02:38:51.055  INFO   decision    mode=farming behavior=buff action=buff target=- reason='armor_up' status=success
2026-09-28 02:38:51.993  INFO   decision    mode=traveling behavior=traveling action=traveling target=- reason='enter farm, walk around' status=success
2026-09-28 02:38:55.933  INFO   session     Entity shadow: vision=7 {'npc': 3, 'player': 4} memory=12 {'player': 4, 'monster': 4, 'npc': 4} paired=4 median=0.016 unleveled=207:兔子,14:青蛙,68:警衛
2026-09-28 02:39:01.106  INFO   session     Entity shadow: vision=6 {'player': 3, 'npc': 1, 'monster': 2} memory=11 {'player': 5, 'monster': 3, 'npc': 3} paired=2 median=0.014 unleveled=207:兔子,68:警衛
2026-09-28 02:39:01.147  INFO   decision    mode=traveling behavior=buff action=buff target=- reason='light' status=success
2026-09-28 02:39:01.922  INFO   decision    mode=traveling behavior=traveling action=traveling target=- reason='enter farm, walk around' status=success
2026-09-28 02:39:06.359  INFO   session     Entity shadow: vision=7 {'npc': 1, 'player': 4, 'monster': 2} memory=8 {'monster': 3, 'player': 3, 'npc': 2} paired=2 median=0.020 unleveled=207:兔子,68:警衛
2026-09-28 02:39:11.622  INFO   session     Entity shadow: vision=6 {'player': 3, 'monster': 2, 'npc': 1} memory=6 {'monster': 2, 'npc': 2, 'player': 2} paired=1 median=0.024 unleveled=207:兔子,68:警衛
2026-09-28 02:39:12.186  INFO   decision    mode=traveling behavior=unstick action=teleport target=- reason='unstick confined' status=success
2026-09-28 02:39:13.464  INFO   decision    mode=traveling behavior=traveling action=traveling target=- reason='enter farm, walk around' status=success
2026-09-28 02:39:16.753  INFO   session     Entity shadow: vision=6 {'npc': 2, 'monster': 1, 'player': 3} memory=6 {'monster': 2, 'npc': 2, 'player': 2} paired=1 median=0.015 unleveled=207:兔子,68:警衛
2026-09-28 02:39:21.946  INFO   session     Entity shadow: vision=6 {'player': 4, 'npc': 2} memory=7 {'npc': 3, 'monster': 2, 'player': 2} paired=3 median=0.016 unleveled=207:兔子,68:警衛
2026-09-28 02:39:27.094  INFO   session     Entity shadow: vision=7 {'npc': 2, 'player': 5} memory=8 {'monster': 3, 'npc': 3, 'player': 2} paired=3 median=0.010 unleveled=206:兔子,207:兔子,68:警衛
2026-09-28 02:39:28.157  INFO   session     일시정지 — 단축키
2026-09-28 02:39:32.901  INFO   session     재개 → 실행 중
2026-09-28 02:39:33.376  INFO   session     Entity shadow: vision=5 {'player': 4, 'npc': 1} memory=8 {'npc': 3, 'monster': 3, 'player': 2} paired=2 median=0.020 unleveled=207:兔子,206:兔子,68:警衛
2026-09-28 02:39:33.476  INFO   decision    mode=traveling behavior=unstick action=teleport target=- reason='unstick confined' status=success
2026-09-28 02:39:34.895  INFO   decision    mode=traveling behavior=traveling action=traveling target=- reason='enter farm, walk around' status=success
2026-09-28 02:39:35.357  INFO   decision    mode=traveling behavior=traveling action=idle target=- reason='no behavior produced an intent' status=success
2026-09-28 02:39:35.822  INFO   decision    mode=traveling behavior=traveling action=traveling target=- reason='enter farm, walk around' status=success
2026-09-28 02:39:38.590  INFO   session     Entity shadow: vision=5 {'player': 4, 'npc': 1} memory=9 {'monster': 4, 'npc': 3, 'player': 2} paired=2 median=0.042 unleveled=206:兔子,14:青蛙,207:兔子,68:警衛
2026-09-28 02:39:41.478  INFO   session     일시정지 — 단축키
2026-09-28 02:47:03.796  INFO   session     정지 → 중지됨
2026-09-28 02:47:04.128  INFO   session     봇 작업이 종료되었습니다
