2026-09-23 20:43:30.908  INFO   session     Loading Manmabot from D:\Work\Lineage\ManmabotV1_final\engine
2026-09-23 20:43:30.928  INFO   session     Session log D:\Work\Lineage\ManmabotV1_final\engine\logs\bot-20260923-204330.log
2026-09-23 20:43:30.928  INFO   session     character=elf loot=all_items game_lang=ko map=talking_island farms=['area_1', 'area_3'] file=D:\Work\Lineage\ManmabotV1_final\engine\logs\bot-20260923-204330.log
2026-09-23 20:43:30.984  INFO   nav         building portal graph (cluster=32, 479x511)
2026-09-23 20:43:31.233  INFO   nav         portal graph: 188 components, 249 ms
2026-09-23 20:43:31.239  INFO   nav         farms=2 safe=11 home=(354, 203) (files farm=D:\Work\Lineage\ManmabotV1_final\engine\maps\talking_island\farms.yaml safe=D:\Work\Lineage\ManmabotV1_final\engine\maps\talking_island\safe.yaml home=D:\Work\Lineage\ManmabotV1_final\engine\maps\talking_island\home.yaml)
2026-09-23 20:43:31.254  INFO   capture     mss window capture process='LC.exe' title=None content_aspect=4:3
2026-09-23 20:43:31.606  INFO   session     Entity clicks use memory names, species, and world cells. Image recognition still runs. Set memory.entity_source to vision to restore image-only clicks.
2026-09-23 20:43:31.613  INFO   session     Player memory is read in this process (realtime_monitor.dll, offsets.json). No separate console.
2026-09-23 20:43:31.618  INFO   session     Inventory listen scanning in background (build inventory_listen.dll or place inv.json).
2026-09-23 20:43:31.623  INFO   session     Scanning hotbar (skill boxes 1–3)…
2026-09-23 20:43:32.102  INFO   session     Auto-pause (not_focused)
2026-09-23 20:43:35.875  INFO   session     Hotbar scan done · talking_scroll@box1/f8
2026-09-23 20:43:35.878  INFO   session     Loop ready · elf · ko · map=talking_island · loot=all_items · farms=['area_1', 'area_3']
2026-09-23 20:43:41.054  INFO   session     Auto-resume → Running
2026-09-23 20:43:41.788  INFO   session     Entity shadow: vision=26 {'player': 23, 'npc': 3} memory=51 {'npc': 10, 'player': 40, 'monster': 1} paired=23 median=0.096 unleveled=319:?
2026-09-23 20:43:41.809  INFO   session     Inventory listen ready (dll) · hp=6 arrows=2701 silver=0 depoison=0
2026-09-23 20:43:41.837  INFO   decision    mode=traveling behavior=traveling action=traveling target=- reason='enter farm area' status=success
2026-09-23 20:43:46.914  INFO   session     Entity shadow: vision=30 {'npc': 4, 'player': 24, 'monster': 2} memory=98 {'player': 88, 'npc': 9, 'monster': 1} paired=28 median=0.035 unleveled=319:?
2026-09-23 20:43:52.059  INFO   session     Entity shadow: vision=31 {'player': 28, 'npc': 3} memory=98 {'player': 88, 'monster': 1, 'npc': 9} paired=31 median=0.028 unleveled=206:토끼
2026-09-23 20:43:57.734  INFO   session     Entity shadow: vision=30 {'npc': 4, 'player': 24, 'monster': 2} memory=93 {'monster': 1, 'player': 87, 'npc': 5} paired=26 median=0.092 unleveled=206:토끼
2026-09-23 20:44:02.947  INFO   session     Entity shadow: vision=20 {'player': 18, 'npc': 2} memory=80 {'player': 72, 'npc': 7, 'monster': 1} paired=18 median=0.028 unleveled=206:토끼
2026-09-23 20:44:04.143  INFO   decision    mode=traveling behavior=traveling action=traveling target=- reason='enter farm area' status=success (repeat)
2026-09-23 20:44:08.034  INFO   session     Entity shadow: vision=14 {'player': 10, 'monster': 2, 'npc': 2} memory=63 {'player': 59, 'npc': 4} paired=11 median=0.014
2026-09-23 20:44:13.213  INFO   session     Entity shadow: vision=5 {'player': 2, 'npc': 3} memory=10 {'monster': 1, 'player': 6, 'npc': 3} paired=3 median=0.013 unleveled=68:경비병
2026-09-23 20:44:16.294  INFO   decision    mode=traveling behavior=traveling action=traveling target=- reason='enter farm area' status=success (repeat)
2026-09-23 20:44:18.268  INFO   session     Entity shadow: vision=6 {'player': 5, 'npc': 1} memory=12 {'player': 7, 'npc': 5} paired=5 median=0.020
2026-09-23 20:44:23.298  INFO   session     Entity shadow: vision=5 {'npc': 2, 'player': 3} memory=5 {'player': 3, 'npc': 2} paired=3 median=0.020
2026-09-23 20:44:25.973  INFO   decision    mode=traveling behavior=traveling action=traveling target=- reason='enter farm area' status=success (repeat)
2026-09-23 20:44:28.307  INFO   session     Entity shadow: vision=2 {'player': 2} memory=6 {'player': 4, 'npc': 2} paired=2 median=0.013
2026-09-23 20:44:33.334  INFO   session     Entity shadow: vision=2 {'player': 2} memory=6 {'player': 4, 'npc': 2} paired=2 median=0.057
2026-09-23 20:44:35.318  INFO   decision    mode=traveling behavior=traveling action=traveling target=- reason='enter farm area' status=success (repeat)
2026-09-23 20:44:36.757  INFO   session     Paused — hotkey
2026-09-23 20:44:52.886  INFO   session     Hotkey resume → Running
2026-09-23 20:44:53.078  INFO   session     Entity shadow: vision=3 {'player': 3} memory=4 {'monster': 1, 'player': 2, 'npc': 1} paired=2 median=0.018 unleveled=189:사슴
2026-09-23 20:44:56.682  INFO   decision    mode=traveling behavior=combat action=attack target=159 reason='engage target' status=success
2026-09-23 20:44:58.312  INFO   session     Entity shadow: vision=4 {'player': 2, 'npc': 1, 'monster': 1} memory=5 {'monster': 3, 'player': 1, 'npc': 1} paired=2 median=0.042 unleveled=10:경비병,189:사슴
2026-09-23 20:45:03.458  INFO   session     Entity shadow: vision=5 {'player': 2, 'monster': 1, 'npc': 2} memory=6 {'monster': 4, 'player': 1, 'npc': 1} paired=2 median=0.035 unleveled=206:토끼,68:경비병,10:경비병
2026-09-23 20:45:07.294  INFO   session     Paused — hotkey
2026-09-23 20:45:19.478  INFO   session     Hotkey resume → Running
2026-09-23 20:45:19.710  INFO   session     Entity shadow: vision=6 {'player': 2, 'npc': 3, 'monster': 1} memory=8 {'npc': 3, 'monster': 3, 'player': 1, 'item': 1} paired=2 median=0.021 unleveled=206:토끼,68:경비병,10:경비병
2026-09-23 20:45:20.847  INFO   decision    mode=traveling behavior=combat action=attack target=159 reason='attack target' status=success (repeat)
2026-09-23 20:45:23.184  INFO   decision    mode=traveling behavior=traveling action=traveling target=- reason='unstick' status=success
2026-09-23 20:45:24.866  INFO   session     Entity shadow: vision=7 {'player': 4, 'item': 1, 'npc': 1, 'monster': 1} memory=9 {'player': 4, 'npc': 4, 'item': 1} paired=5 median=0.022
2026-09-23 20:45:30.223  INFO   session     Entity shadow: vision=3 {'player': 1, 'npc': 1, 'item': 1} memory=12 {'player': 7, 'npc': 4, 'item': 1} paired=3 median=0.028
2026-09-23 20:45:34.178  INFO   decision    mode=traveling behavior=traveling action=traveling target=- reason='unstick' status=success (repeat)
2026-09-23 20:45:35.429  INFO   session     Entity shadow: vision=3 {'player': 1, 'npc': 2} memory=6 {'monster': 2, 'npc': 2, 'player': 1, 'item': 1} paired=0 median=0.000 unleveled=10:경비병,68:경비병
2026-09-23 20:45:40.565  INFO   session     Entity shadow: vision=5 {'player': 2, 'npc': 3} memory=7 {'npc': 3, 'monster': 3, 'player': 1} paired=2 median=0.069 unleveled=206:토끼,10:경비병,68:경비병
2026-09-23 20:45:43.480  INFO   decision    mode=traveling behavior=traveling action=traveling target=- reason='enter farm area' status=success (repeat)
2026-09-23 20:45:45.661  INFO   session     Entity shadow: vision=4 {'player': 2, 'npc': 2} memory=5 {'monster': 3, 'player': 1, 'npc': 1} paired=1 median=0.045 unleveled=206:토끼,10:경비병,68:경비병
2026-09-23 20:45:50.502  INFO   session     Paused — hotkey
2026-09-23 20:46:16.655  INFO   session     Hotkey resume → Running
2026-09-23 20:46:16.833  INFO   session     Entity shadow: vision=0 {} memory=3 {'monster': 3} paired=0 median=0.000 unleveled=189:사슴
2026-09-23 20:46:18.202  INFO   decision    mode=traveling behavior=traveling action=traveling target=- reason='enter farm area' status=success (repeat)
2026-09-23 20:46:21.964  INFO   session     Entity shadow: vision=1 {'player': 1} memory=2 {'monster': 2} paired=0 median=0.000 unleveled=189:사슴
2026-09-23 20:46:25.777  INFO   decision    mode=traveling behavior=traveling action=traveling target=- reason='enter farm area' status=success (repeat)
2026-09-23 20:46:26.533  INFO   decision    mode=traveling behavior=combat action=attack target=190 reason='engage target' status=success
2026-09-23 20:46:26.979  INFO   session     Entity shadow: vision=2 {'monster': 1, 'player': 1} memory=2 {'monster': 2} paired=1 median=0.021 unleveled=189:사슴
2026-09-23 20:46:32.182  INFO   session     Entity shadow: vision=2 {'player': 1, 'monster': 1} memory=6 {'monster': 6} paired=1 median=0.019 unleveled=189:사슴,14:개구리
2026-09-23 20:46:37.218  INFO   session     Entity shadow: vision=5 {'player': 1, 'monster': 4} memory=9 {'monster': 9} paired=4 median=0.014 unleveled=208:토끼,14:개구리
2026-09-23 20:46:38.066  INFO   decision    mode=traveling behavior=combat action=attack target=196 reason='engage target' status=success
2026-09-23 20:46:42.284  INFO   session     Entity shadow: vision=5 {'monster': 5} memory=9 {'monster': 9} paired=4 median=0.067 unleveled=208:토끼
2026-09-23 20:46:47.382  INFO   session     Entity shadow: vision=4 {'monster': 4} memory=8 {'monster': 7, 'item': 1} paired=4 median=0.027 unleveled=208:토끼
2026-09-23 20:46:50.396  INFO   decision    mode=traveling behavior=combat action=attack target=197 reason='attack target' status=success
2026-09-23 20:46:52.164  INFO   session     Paused — hotkey
2026-09-23 20:47:11.302  INFO   session     Hotkey resume → Running
2026-09-23 20:47:11.492  INFO   session     Entity shadow: vision=1 {'item': 1} memory=6 {'monster': 4, 'item': 2} paired=1 median=0.000 unleveled=189:사슴
2026-09-23 20:47:16.614  INFO   session     Entity shadow: vision=3 {'item': 1, 'player': 2} memory=8 {'monster': 5, 'player': 2, 'item': 1} paired=3 median=0.017 unleveled=189:사슴,14:개구리
2026-09-23 20:47:19.572  INFO   session     Paused — hotkey
2026-09-23 20:52:31.580  INFO   session     Stop → Stopped
2026-09-23 20:52:33.778  INFO   session     Bot worker exited
