2026-09-24 20:33:38.357  INFO   session     Loading Manmabot from D:\Work\Lineage\ManmabotV1_final\engine
2026-09-24 20:33:38.360  INFO   session     Session log D:\Work\Lineage\ManmabotV1_final\engine\logs\bot-20260924-203338.log
2026-09-24 20:33:38.360  INFO   session     character=elf loot=all_items game_lang=ko map=talking_island farms=['area_2', 'area_1', 'area_3'] file=D:\Work\Lineage\ManmabotV1_final\engine\logs\bot-20260924-203338.log
2026-09-24 20:33:38.564  INFO   nav         building portal graph (cluster=32, 479x511)
2026-09-24 20:33:38.806  INFO   nav         portal graph: 188 components, 242 ms
2026-09-24 20:33:38.811  INFO   nav         farms=3 safe=11 home=(354, 203) (files farm=D:\Work\Lineage\ManmabotV1_final\engine\maps\talking_island\farms.yaml safe=D:\Work\Lineage\ManmabotV1_final\engine\maps\talking_island\safe.yaml home=D:\Work\Lineage\ManmabotV1_final\engine\maps\talking_island\home.yaml)
2026-09-24 20:33:39.121  INFO   capture     mss window capture process='LC.exe' title=None content_aspect=4:3
2026-09-24 20:33:39.457  INFO   session     Entity clicks use memory names, species, and world cells. Image recognition still runs. Set memory.entity_source to vision to restore image-only clicks.
2026-09-24 20:33:39.464  INFO   session     Player memory is read in this process (realtime_monitor.dll, offsets.json). No separate console.
2026-09-24 20:33:39.468  INFO   session     Inventory listen scanning in background (build inventory_listen.dll or place inv.json).
2026-09-24 20:33:39.473  INFO   session     Reading hotbar from memory (24 slots)…
2026-09-24 20:33:39.570  INFO   session     Hotbar scan done · hp_potion@box1/f5, talking_scroll@box1/f8
2026-09-24 20:33:39.574  INFO   session     Unmapped hotbar icons: box1/f6:+0 화살 (849), box1/f7:아데나 (1,269), box1/f9:初級治癒術, box1/f10:日光術, box1/f11:傳送術, box1/f12:光箭, box2/f5:保護罩, box2/f6:冰箭, box2/f7:風刃, box2/f8:神聖武器
2026-09-24 20:33:39.751  INFO   session     Loop ready · elf · ko · map=talking_island · loot=all_items · farms=['area_2', 'area_1', 'area_3']
2026-09-24 20:33:40.105  INFO   session     Entity shadow: vision=2 {'player': 1, 'item': 1} memory=3 {'monster': 2, 'item': 1} paired=1 median=0.011 unleveled=208:兔子
2026-09-24 20:33:40.133  INFO   session     Inventory listen ready (dll) · hp=2 arrows=849 silver=5 depoison=0
2026-09-24 20:33:40.154  INFO   decision    mode=farming behavior=loot action=searching target=3 reason='walk onto item' status=success
2026-09-24 20:33:44.436  INFO   decision    mode=farming behavior=loot action=pickup target=3 reason='loot target' status=success
2026-09-24 20:33:44.793  INFO   decision    mode=farming behavior=loot action=idle target=- reason='pickup settle' status=success
2026-09-24 20:33:45.215  INFO   session     Entity shadow: vision=2 {'item': 1, 'player': 1} memory=3 {'monster': 2, 'item': 1} paired=1 median=0.002 unleveled=208:兔子
2026-09-24 20:33:45.281  INFO   decision    mode=traveling behavior=traveling action=traveling target=- reason='enter farm area' status=success
2026-09-24 20:33:50.285  INFO   session     Entity shadow: vision=1 {'player': 1} memory=2 {'monster': 2} paired=0 median=0.000 unleveled=208:兔子
2026-09-24 20:33:51.055  INFO   decision    mode=traveling behavior=combat action=attack target=5 reason='engage target' status=success
2026-09-24 20:33:55.400  INFO   session     Entity shadow: vision=3 {'monster': 2, 'player': 1} memory=3 {'monster': 3} paired=1 median=0.018 unleveled=208:兔子
2026-09-24 20:33:55.453  INFO   decision    mode=traveling behavior=combat action=attack target=6 reason='engage target' status=success
2026-09-24 20:33:57.805  INFO   decision    mode=traveling behavior=loot action=searching target=9 reason='walk onto item' status=success
2026-09-24 20:34:00.586  INFO   session     Entity shadow: vision=3 {'player': 1, 'item': 1, 'monster': 1} memory=4 {'monster': 2, 'item': 1, 'npc': 1} paired=2 median=0.009 unleveled=208:兔子
2026-09-24 20:34:03.469  INFO   decision    mode=traveling behavior=loot action=pickup target=9 reason='loot target' status=success
2026-09-24 20:34:03.828  INFO   decision    mode=traveling behavior=loot action=idle target=- reason='pickup settle' status=success
2026-09-24 20:34:04.163  INFO   decision    mode=traveling behavior=combat action=attack target=8 reason='engage target' status=success
2026-09-24 20:34:05.615  INFO   session     Entity shadow: vision=2 {'item': 1, 'monster': 1} memory=3 {'monster': 3} paired=1 median=0.008 unleveled=189:鹿,208:兔子
2026-09-24 20:34:08.185  INFO   decision    mode=traveling behavior=traveling action=traveling target=- reason='enter farm area' status=success
2026-09-24 20:34:10.644  INFO   session     Entity shadow: vision=1 {'player': 1} memory=2 {'monster': 2} paired=0 median=0.000 unleveled=189:鹿,208:兔子
2026-09-24 20:34:11.213  INFO   session     Paused — hotkey
2026-09-24 20:34:14.229  INFO   session     Hotkey resume → Running
2026-09-24 20:34:14.516  INFO   decision    mode=traveling behavior=combat action=attack target=13 reason='engage target' status=success
2026-09-24 20:34:15.739  INFO   session     Entity shadow: vision=5 {'player': 1, 'monster': 3, 'npc': 1} memory=4 {'monster': 4} paired=2 median=0.013 unleveled=189:鹿,68:警衛
2026-09-24 20:34:16.678  INFO   decision    mode=traveling behavior=combat action=attack target=11 reason='engage target' status=success
2026-09-24 20:34:18.942  INFO   decision    mode=traveling behavior=traveling action=traveling target=- reason='enter farm area' status=success
2026-09-24 20:34:20.843  INFO   session     Entity shadow: vision=2 {'npc': 1, 'player': 1} memory=2 {'monster': 1, 'npc': 1} paired=1 median=0.026 unleveled=189:鹿
2026-09-24 20:34:22.028  INFO   decision    mode=traveling behavior=combat action=attack target=15 reason='engage target' status=success
2026-09-24 20:34:26.054  INFO   session     Entity shadow: vision=5 {'npc': 2, 'player': 1, 'monster': 2} memory=2 {'monster': 1, 'npc': 1} paired=2 median=0.032
2026-09-24 20:34:31.070  INFO   session     Entity shadow: vision=3 {'npc': 1, 'monster': 1, 'player': 1} memory=2 {'monster': 1, 'npc': 1} paired=2 median=0.028
2026-09-24 20:34:32.924  INFO   decision    mode=traveling behavior=combat action=attack target=15 reason='attack target' status=success (repeat)
2026-09-24 20:34:36.206  INFO   session     Entity shadow: vision=3 {'monster': 1, 'npc': 1, 'player': 1} memory=2 {'monster': 1, 'npc': 1} paired=2 median=0.029
2026-09-24 20:34:37.248  INFO   decision    mode=traveling behavior=traveling action=traveling target=- reason='enter farm area' status=success
2026-09-24 20:34:41.277  INFO   session     Entity shadow: vision=2 {'player': 1, 'npc': 1} memory=1 {'npc': 1} paired=1 median=0.044
2026-09-24 20:34:45.508  INFO   decision    mode=traveling behavior=traveling action=traveling target=- reason='enter farm area' status=success (repeat)
2026-09-24 20:34:46.282  INFO   session     Entity shadow: vision=1 {'player': 1} memory=0 {} paired=0 median=0.000
2026-09-24 20:34:51.282  INFO   session     Entity shadow: vision=1 {'player': 1} memory=0 {} paired=0 median=0.000
2026-09-24 20:34:53.709  INFO   decision    mode=traveling behavior=traveling action=traveling target=- reason='enter farm area' status=success (repeat)
2026-09-24 20:34:56.440  INFO   session     Entity shadow: vision=1 {'player': 1} memory=0 {} paired=0 median=0.000
2026-09-24 20:35:01.589  INFO   session     Entity shadow: vision=2 {'player': 1, 'npc': 1} memory=2 {'monster': 2} paired=0 median=0.000 unleveled=68:警衛
2026-09-24 20:35:02.074  INFO   decision    mode=traveling behavior=traveling action=traveling target=- reason='enter farm area' status=success (repeat)
2026-09-24 20:35:06.674  INFO   session     Entity shadow: vision=4 {'player': 1, 'npc': 3} memory=4 {'monster': 4} paired=0 median=0.000 unleveled=10:警衛,68:警衛
2026-09-24 20:35:10.726  INFO   decision    mode=traveling behavior=traveling action=traveling target=- reason='enter farm area' status=success (repeat)
2026-09-24 20:35:11.772  INFO   session     Entity shadow: vision=4 {'player': 2, 'npc': 2} memory=4 {'player': 1, 'monster': 3} paired=1 median=0.017 unleveled=10:警衛,68:警衛
2026-09-24 20:35:16.932  INFO   session     Entity shadow: vision=4 {'npc': 1, 'player': 3} memory=5 {'player': 2, 'npc': 1, 'monster': 2} paired=2 median=0.037 unleveled=10:警衛,68:警衛
2026-09-24 20:35:19.699  INFO   decision    mode=traveling behavior=traveling action=traveling target=- reason='enter farm area' status=success (repeat)
2026-09-24 20:35:22.020  INFO   session     Entity shadow: vision=4 {'player': 3, 'npc': 1} memory=28 {'player': 20, 'npc': 5, 'monster': 3} paired=2 median=0.052 unleveled=10:警衛,207:兔子
2026-09-24 20:35:26.772  INFO   decision    mode=traveling behavior=loot action=searching target=56 reason='walk onto item' status=success
2026-09-24 20:35:27.254  INFO   session     Entity shadow: vision=3 {'player': 1, 'item': 1, 'npc': 1} memory=21 {'item': 1, 'monster': 2, 'npc': 1, 'player': 17} paired=1 median=0.019 unleveled=10:警衛,207:兔子
2026-09-24 20:35:32.493  INFO   session     Entity shadow: vision=2 {'player': 1, 'item': 1} memory=3 {'monster': 1, 'npc': 1, 'item': 1} paired=1 median=0.010 unleveled=207:兔子
2026-09-24 20:35:36.599  INFO   decision    mode=traveling behavior=loot action=pickup target=56 reason='loot target' status=success
2026-09-24 20:35:36.951  INFO   decision    mode=traveling behavior=loot action=idle target=- reason='pickup settle' status=success
2026-09-24 20:35:37.297  INFO   decision    mode=traveling behavior=traveling action=traveling target=- reason='enter farm area' status=success
2026-09-24 20:35:37.543  INFO   session     Entity shadow: vision=2 {'item': 1, 'npc': 1} memory=4 {'monster': 2, 'item': 1, 'npc': 1} paired=1 median=0.030 unleveled=68:警衛,207:兔子
2026-09-24 20:35:40.148  INFO   session     Paused — hotkey
2026-09-24 20:35:53.110  INFO   session     Hotkey resume → Running
2026-09-24 20:35:53.319  INFO   session     Entity shadow: vision=3 {'player': 1, 'npc': 2} memory=3 {'monster': 3} paired=0 median=0.000 unleveled=207:兔子,10:警衛,68:警衛
2026-09-24 20:35:55.900  INFO   session     Paused — hotkey
2026-09-24 20:36:02.582  INFO   session     Resume → Running
2026-09-24 20:36:02.770  INFO   session     Entity shadow: vision=2 {'player': 1, 'npc': 1} memory=2 {'monster': 2} paired=0 median=0.000 unleveled=207:兔子,68:警衛
2026-09-24 20:36:05.741  INFO   decision    mode=traveling behavior=traveling action=traveling target=- reason='enter farm area' status=success (repeat)
2026-09-24 20:36:07.925  INFO   session     Entity shadow: vision=3 {'npc': 2, 'player': 1} memory=3 {'monster': 3} paired=0 median=0.000 unleveled=10:警衛,207:兔子,68:警衛
2026-09-24 20:36:13.029  INFO   session     Entity shadow: vision=1 {'player': 1} memory=1 {'monster': 1} paired=0 median=0.000 unleveled=207:兔子
2026-09-24 20:36:14.412  INFO   decision    mode=traveling behavior=traveling action=traveling target=- reason='enter farm area' status=success (repeat)
2026-09-24 20:36:14.589  INFO   decision    mode=traveling behavior=combat action=attack target=62 reason='engage target' status=success
2026-09-24 20:36:18.195  INFO   session     Entity shadow: vision=2 {'player': 1, 'monster': 1} memory=1 {'monster': 1} paired=1 median=0.005
2026-09-24 20:36:19.060  INFO   decision    mode=traveling behavior=traveling action=traveling target=- reason='enter farm area' status=success
2026-09-24 20:36:23.495  INFO   session     Entity shadow: vision=0 {} memory=0 {} paired=0 median=0.000
2026-09-24 20:36:25.754  INFO   decision    mode=traveling behavior=combat action=attack target=63 reason='engage target' status=success
2026-09-24 20:36:28.679  INFO   session     Entity shadow: vision=4 {'monster': 3, 'player': 1} memory=3 {'monster': 3} paired=3 median=0.013
2026-09-24 20:36:33.808  INFO   session     Entity shadow: vision=3 {'monster': 1, 'player': 2} memory=1 {'monster': 1} paired=1 median=0.026
2026-09-24 20:36:34.429  INFO   decision    mode=retreating behavior=talking_scroll action=use_talking_scroll target=- reason='retreat, 마법서 상인' status=success
2026-09-24 20:36:35.362  INFO   decision    mode=retreating behavior=retreating action=idle target=- reason='retreating, waiting for hp' status=success
2026-09-24 20:36:38.984  INFO   session     Entity shadow: vision=4 {'player': 1, 'npc': 2, 'monster': 1} memory=9 {'monster': 6, 'npc': 3} paired=1 median=0.013 unleveled=68:警衛,10:警衛
2026-09-24 20:36:44.088  INFO   session     Entity shadow: vision=4 {'npc': 2, 'player': 1, 'monster': 1} memory=8 {'monster': 5, 'npc': 3} paired=1 median=0.009 unleveled=68:警衛,10:警衛
2026-09-24 20:36:45.050  INFO   decision    mode=retreating behavior=retreating action=idle target=- reason='retreating, waiting for hp' status=success (repeat)
2026-09-24 20:36:49.268  INFO   session     Entity shadow: vision=5 {'npc': 2, 'player': 1, 'monster': 2} memory=8 {'monster': 5, 'npc': 3} paired=2 median=0.010 unleveled=68:警衛,10:警衛
2026-09-24 20:36:54.273  INFO   session     Entity shadow: vision=0 {} memory=7 {'monster': 4, 'npc': 3} paired=0 median=0.000 unleveled=68:警衛,10:警衛
2026-09-24 20:36:56.084  INFO   decision    mode=retreating behavior=retreating action=idle target=- reason='retreating, waiting for hp' status=success (repeat)
2026-09-24 20:36:56.682  INFO   session     Stop → Stopped
2026-09-24 20:36:56.980  INFO   session     Bot worker exited
