2026-09-20 22:56:09.447  INFO   session     Loading Manmabot from D:\ManmabotV1\engine
2026-09-20 22:56:09.450  INFO   session     Session log D:\ManmabotV1\engine\logs\bot-20260920-225609.log
2026-09-20 22:56:09.451  INFO   session     character=royal loot=all_items game_lang=ko map=talking_island farms=['area_1', 'area_2', 'area_3', 'area_4'] file=D:\ManmabotV1\engine\logs\bot-20260920-225609.log
2026-09-20 22:56:09.511  INFO   nav         building portal graph (cluster=32, 479x511)
2026-09-20 22:56:09.777  INFO   nav         portal graph: 188 components, 265 ms
2026-09-20 22:56:09.782  INFO   nav         farms=4 safe=11 home=(354, 203) (files farm=D:\ManmabotV1\engine\maps\talking_island\farms.yaml safe=D:\ManmabotV1\engine\maps\talking_island\safe.yaml home=D:\ManmabotV1\engine\maps\talking_island\home.yaml)
2026-09-20 22:56:09.783  INFO   capture     mss window capture process='LC.exe' title=None content_aspect=4:3
2026-09-20 22:56:10.103  INFO   session     Memory monitor connected
2026-09-20 22:56:10.105  INFO   session     Scanning hotbar (skill boxes 1–3)…
2026-09-20 22:56:14.404  INFO   session     Hotbar scan done · talking_scroll@box1/f5
2026-09-20 22:56:14.408  INFO   session     Potion restock armed · no hp_potion on hotbar
2026-09-20 22:56:14.411  INFO   session     Loop ready · royal · ko · map=talking_island · loot=all_items · farms=['area_1', 'area_2', 'area_3', 'area_4']
2026-09-20 22:56:14.765  INFO   decision    mode=farming behavior=talking_scroll action=use_talking_scroll target=- reason='go to shop (buy_hp_potions)' status=success
2026-09-20 22:56:15.692  INFO   nav         async nav configure start map=mainland
2026-09-20 22:56:15.859  INFO   decision    mode=farming behavior=shop action=shop_stop target=- reason='stop at shop' status=success
2026-09-20 22:56:16.429  INFO   nav         building portal graph (cluster=32, 1755x1414)
2026-09-20 22:56:20.402  INFO   nav         portal graph: 2586 components, 3973 ms
2026-09-20 22:56:20.407  INFO   nav         farms=6 safe=0 home=None (files farm=D:\ManmabotV1\engine\maps\mainland\farms.yaml safe=D:\ManmabotV1\engine\maps\mainland\safe.yaml home=D:\ManmabotV1\engine\maps\mainland\home.yaml)
2026-09-20 22:56:20.407  INFO   nav         async nav configure done map=mainland (4714 ms)
2026-09-20 22:56:20.538  INFO   decision    mode=traveling behavior=traveling action=traveling target=- reason='unstick' status=success
2026-09-20 22:56:28.772  INFO   session     Auto-pause (cursor_outside)
2026-09-20 22:56:29.046  INFO   session     Auto-resume → Running
2026-09-20 22:56:29.315  INFO   session     Auto-pause (cursor_outside)
2026-09-20 22:56:29.594  INFO   session     Auto-resume → Running
2026-09-20 22:56:29.867  INFO   session     Auto-pause (cursor_outside)
2026-09-20 22:56:30.144  INFO   session     Auto-resume → Running
2026-09-20 22:56:30.310  INFO   session     Stop → Stopped
2026-09-20 22:56:36.958  INFO   session     Bot worker exited
