2026-09-21 09:35:01.081  INFO   session     Loading Manmabot from D:\ManmabotV1\engine
2026-09-21 09:35:01.084  INFO   session     Session log D:\ManmabotV1\engine\logs\bot-20260921-093501.log
2026-09-21 09:35:01.084  INFO   session     character=elf loot=all_items game_lang=ko map=talking_island farms=['area_1', 'area_2', 'area_3', 'area_4'] file=D:\ManmabotV1\engine\logs\bot-20260921-093501.log
2026-09-21 09:35:01.150  INFO   nav         building portal graph (cluster=32, 479x511)
2026-09-21 09:35:01.411  INFO   nav         portal graph: 188 components, 260 ms
2026-09-21 09:35:01.417  INFO   nav         farms=4 safe=11 home=(354, 203) (files farm=D:\ManmabotV1\engine\maps\talking_island\farms.yaml safe=D:\ManmabotV1\engine\maps\talking_island\safe.yaml home=D:\ManmabotV1\engine\maps\talking_island\home.yaml)
2026-09-21 09:35:01.433  INFO   capture     mss window capture process='LC.exe' title=None content_aspect=4:3
2026-09-21 09:35:01.538  INFO   session     Auto-pause (cursor_outside)
2026-09-21 09:35:01.909  INFO   session     Entity clicks use memory names, species, and world cells. Image recognition still runs. Set memory.entity_source to vision to restore image-only clicks.
2026-09-21 09:35:01.917  INFO   session     Player memory is read in this process (realtime_monitor.dll, offsets.json). No separate console.
2026-09-21 09:35:01.921  INFO   session     Scanning hotbar (skill boxes 1–3)…
2026-09-21 09:35:06.531  INFO   session     Hotbar scan done · hp_potion@box1/f5, talking_scroll@box1/f8
2026-09-21 09:35:06.565  INFO   session     Loop ready · elf · ko · map=talking_island · loot=all_items · farms=['area_1', 'area_2', 'area_3', 'area_4']
2026-09-21 09:35:13.839  INFO   session     Auto-resume → Running
2026-09-21 09:35:14.194  INFO   session     Entity shadow: vision=6 {'monster': 1, 'item': 2, 'player': 3} memory=5 {'player': 2, 'monster': 1, 'item': 2} paired=3 median=0.021 unleveled=12:史萊姆
2026-09-21 09:35:14.219  INFO   decision    mode=farming behavior=search action=searching target=- reason='search area' status=success
2026-09-21 09:35:19.065  INFO   decision    mode=farming behavior=combat action=attack target=14 reason='engage target' status=success
2026-09-21 09:35:19.492  INFO   session     Entity shadow: vision=5 {'player': 3, 'monster': 2} memory=8 {'player': 2, 'monster': 6} paired=3 median=0.034 unleveled=12:史萊姆
2026-09-21 09:35:22.796  INFO   decision    mode=farming behavior=combat action=attack target=17 reason='engage target' status=success
2026-09-21 09:35:23.883  INFO   action      cursor give-up id=17 item=false reason=cursor=normal/normal score=1.000 not allowed
2026-09-21 09:35:24.075  INFO   decision    mode=farming behavior=search action=searching target=- reason='search area' status=success
2026-09-21 09:35:24.541  INFO   session     Entity shadow: vision=7 {'player': 5, 'monster': 2} memory=10 {'monster': 7, 'player': 3} paired=4 median=0.013 unleveled=12:史萊姆
2026-09-21 09:35:24.763  INFO   decision    mode=farming behavior=combat action=attack target=18 reason='engage target' status=success
2026-09-21 09:35:25.800  INFO   action      cursor give-up id=18 item=false reason=cursor=normal/normal score=1.000 not allowed
2026-09-21 09:35:26.046  INFO   decision    mode=farming behavior=combat action=attack target=14 reason='engage target' status=success
2026-09-21 09:35:29.736  INFO   session     Entity shadow: vision=7 {'player': 4, 'monster': 3} memory=13 {'monster': 10, 'player': 3} paired=4 median=0.039 unleveled=12:史萊姆
2026-09-21 09:35:34.163  INFO   action      cursor give-up id=14 item=false reason=cursor=normal/normal score=1.000 not allowed
2026-09-21 09:35:34.351  INFO   decision    mode=farming behavior=combat action=attack target=20 reason='engage target' status=success
2026-09-21 09:35:34.752  INFO   session     Entity shadow: vision=6 {'monster': 2, 'player': 4} memory=10 {'player': 3, 'monster': 7} paired=4 median=0.069 unleveled=12:史萊姆
2026-09-21 09:35:39.870  INFO   session     Entity shadow: vision=2 {'player': 2} memory=10 {'monster': 8, 'player': 2} paired=1 median=0.022
2026-09-21 09:35:44.445  INFO   decision    mode=farming behavior=combat action=attack target=19 reason='engage target' status=success
2026-09-21 09:35:44.915  INFO   session     Entity shadow: vision=2 {'player': 1, 'monster': 1} memory=9 {'monster': 8, 'player': 1} paired=1 median=0.033
2026-09-21 09:35:45.523  INFO   action      cursor give-up id=19 item=false reason=cursor=normal/normal score=1.000 not allowed
2026-09-21 09:35:45.699  INFO   decision    mode=farming behavior=combat action=attack target=21 reason='engage target' status=success
2026-09-21 09:35:47.724  INFO   action      cursor give-up id=21 item=false reason=cursor=normal/normal score=1.000 not allowed
2026-09-21 09:35:47.885  INFO   decision    mode=farming behavior=combat action=attack target=22 reason='engage target' status=success
2026-09-21 09:35:50.089  INFO   session     Entity shadow: vision=3 {'monster': 3} memory=6 {'monster': 6} paired=3 median=0.041
2026-09-21 09:35:55.089  INFO   session     Entity shadow: vision=5 {'player': 1, 'monster': 4} memory=4 {'monster': 4} paired=3 median=0.033
2026-09-21 09:35:55.113  INFO   decision    mode=farming behavior=search action=searching target=- reason='search area' status=success
2026-09-21 09:35:57.221  INFO   session     Paused — hotkey
2026-09-21 09:36:27.483  INFO   session     Resume → Running
2026-09-21 09:36:27.604  INFO   session     Auto-pause (cursor_outside)
2026-09-21 09:36:27.847  INFO   session     Entity shadow: vision=10 {'player': 8, 'npc': 2} memory=43 {'player': 41, 'npc': 2} paired=10 median=0.025
2026-09-21 09:36:27.906  INFO   session     Auto-resume → Running
2026-09-21 09:36:28.149  INFO   decision    mode=traveling behavior=traveling action=traveling target=- reason='enter farm area' status=success
2026-09-21 09:36:32.849  INFO   session     Entity shadow: vision=14 {'player': 10, 'npc': 4} memory=48 {'npc': 3, 'monster': 1, 'player': 44} paired=11 median=0.015 unleveled=68:警衛
2026-09-21 09:36:37.964  INFO   session     Entity shadow: vision=11 {'player': 5, 'npc': 6} memory=9 {'monster': 4, 'player': 4, 'npc': 1} paired=5 median=0.007 unleveled=10:警衛,68:警衛
2026-09-21 09:36:38.652  INFO   decision    mode=traveling behavior=traveling action=traveling target=- reason='enter farm area' status=success (repeat)
2026-09-21 09:36:43.002  INFO   session     Entity shadow: vision=12 {'player': 6, 'npc': 6} memory=11 {'monster': 6, 'player': 4, 'npc': 1} paired=5 median=0.010 unleveled=10:警衛,68:警衛,208:兔子
2026-09-21 09:36:48.035  INFO   session     Entity shadow: vision=12 {'player': 6, 'npc': 6} memory=10 {'monster': 5, 'player': 4, 'npc': 1} paired=5 median=0.008 unleveled=10:警衛,68:警衛
2026-09-21 09:36:49.080  INFO   decision    mode=traveling behavior=traveling action=traveling target=- reason='enter farm area' status=success (repeat)
2026-09-21 09:36:50.254  INFO   decision    mode=traveling behavior=loot action=searching target=- reason='approach item' status=success
2026-09-21 09:36:53.037  INFO   session     Entity shadow: vision=6 {'player': 1, 'item': 1, 'npc': 4} memory=4 {'item': 1, 'monster': 3} paired=1 median=0.015 unleveled=10:警衛,68:警衛
2026-09-21 09:36:58.061  INFO   session     Entity shadow: vision=4 {'player': 1, 'item': 1, 'npc': 2} memory=4 {'monster': 3, 'item': 1} paired=1 median=0.005 unleveled=68:警衛,10:警衛
2026-09-21 09:36:59.482  INFO   decision    mode=traveling behavior=loot action=searching target=- reason='approach item' status=success (repeat)
2026-09-21 09:36:59.778  INFO   decision    mode=traveling behavior=traveling action=traveling target=- reason='enter farm area' status=success
2026-09-21 09:37:03.188  INFO   session     Entity shadow: vision=3 {'player': 1, 'npc': 2} memory=2 {'monster': 2} paired=0 median=0.000 unleveled=10:警衛,68:警衛
2026-09-21 09:37:08.208  INFO   session     Entity shadow: vision=5 {'player': 3, 'npc': 2} memory=18 {'monster': 3, 'npc': 2, 'player': 13} paired=3 median=0.057 unleveled=206:兔子,10:警衛,68:警衛
2026-09-21 09:37:08.975  INFO   decision    mode=traveling behavior=traveling action=traveling target=- reason='enter farm area' status=success (repeat)
2026-09-21 09:37:13.320  INFO   session     Entity shadow: vision=5 {'player': 1, 'npc': 2, 'monster': 2} memory=17 {'player': 14, 'monster': 2, 'npc': 1} paired=0 median=0.000 unleveled=206:兔子,10:警衛
2026-09-21 09:37:17.691  INFO   decision    mode=traveling behavior=traveling action=traveling target=- reason='enter farm area' status=success (repeat)
2026-09-21 09:37:18.476  INFO   session     Entity shadow: vision=2 {'monster': 2} memory=16 {'monster': 2, 'player': 14} paired=0 median=0.000 unleveled=206:兔子,14:青蛙
2026-09-21 09:37:23.597  INFO   session     Entity shadow: vision=2 {'player': 2} memory=2 {'monster': 1, 'player': 1} paired=1 median=0.044 unleveled=14:青蛙
2026-09-21 09:37:26.842  INFO   decision    mode=traveling behavior=traveling action=traveling target=- reason='enter farm area' status=success (repeat)
2026-09-21 09:37:28.765  INFO   session     Entity shadow: vision=5 {'player': 3, 'npc': 2} memory=4 {'monster': 3, 'player': 1} paired=1 median=0.030 unleveled=10:警衛,208:兔子,68:警衛
2026-09-21 09:37:31.006  INFO   decision    mode=traveling behavior=loot action=searching target=- reason='approach item' status=success
2026-09-21 09:37:33.904  INFO   session     Entity shadow: vision=4 {'item': 1, 'npc': 2, 'player': 1} memory=5 {'monster': 3, 'item': 1, 'player': 1} paired=2 median=0.032 unleveled=208:兔子,10:警衛,68:警衛
2026-09-21 09:37:35.085  INFO   decision    mode=traveling behavior=combat action=attack target=120 reason='engage target' status=success
2026-09-21 09:37:35.860  INFO   action      cursor give-up id=120 item=false reason=cursor=normal/normal score=1.000 not allowed
2026-09-21 09:37:36.008  INFO   decision    mode=traveling behavior=loot action=searching target=- reason='approach item' status=success
2026-09-21 09:37:36.767  INFO   decision    mode=traveling behavior=combat action=attack target=121 reason='engage target' status=success
2026-09-21 09:37:37.628  INFO   action      cursor give-up id=121 item=false reason=cursor=normal/normal score=1.000 not allowed
2026-09-21 09:37:37.777  INFO   decision    mode=traveling behavior=loot action=searching target=- reason='approach item' status=success
2026-09-21 09:37:39.113  INFO   session     Entity shadow: vision=7 {'player': 3, 'item': 2, 'npc': 2} memory=7 {'player': 2, 'monster': 4, 'item': 1} paired=3 median=0.025 unleveled=10:警衛,68:警衛
2026-09-21 09:37:40.729  INFO   decision    mode=traveling behavior=loot action=pickup target=117 reason='loot target' status=success
2026-09-21 09:37:41.500  INFO   decision    mode=traveling behavior=traveling action=traveling target=- reason='enter farm area' status=success
2026-09-21 09:37:44.203  INFO   session     Entity shadow: vision=6 {'player': 4, 'npc': 2} memory=5 {'player': 2, 'monster': 3} paired=2 median=0.042 unleveled=10:警衛,68:警衛
2026-09-21 09:37:49.274  INFO   session     Entity shadow: vision=5 {'player': 3, 'npc': 2} memory=3 {'player': 2, 'monster': 1} paired=2 median=0.039 unleveled=68:警衛
2026-09-21 09:37:50.413  INFO   decision    mode=traveling behavior=traveling action=traveling target=- reason='enter farm area' status=success (repeat)
2026-09-21 09:37:54.324  INFO   session     Entity shadow: vision=2 {'player': 2} memory=1 {'player': 1} paired=1 median=0.009
2026-09-21 09:37:58.729  INFO   decision    mode=traveling behavior=traveling action=traveling target=- reason='enter farm area' status=success (repeat)
2026-09-21 09:37:59.327  INFO   session     Entity shadow: vision=1 {'player': 1} memory=0 {} paired=0 median=0.000
2026-09-21 09:38:04.497  INFO   session     Entity shadow: vision=1 {'player': 1} memory=0 {} paired=0 median=0.000
2026-09-21 09:38:07.029  INFO   decision    mode=traveling behavior=traveling action=traveling target=- reason='enter farm area' status=success (repeat)
2026-09-21 09:38:09.524  INFO   session     Entity shadow: vision=1 {'player': 1} memory=0 {} paired=0 median=0.000
2026-09-21 09:38:14.027  INFO   decision    mode=traveling behavior=loot action=searching target=- reason='approach item' status=success
2026-09-21 09:38:14.673  INFO   session     Entity shadow: vision=4 {'player': 2, 'item': 2} memory=4 {'item': 2, 'player': 1, 'monster': 1} paired=3 median=0.032
2026-09-21 09:38:15.054  INFO   decision    mode=traveling behavior=combat action=attack target=125 reason='engage target' status=success
2026-09-21 09:38:15.824  INFO   action      cursor give-up id=125 item=false reason=cursor=normal/normal score=1.000 not allowed
2026-09-21 09:38:15.997  INFO   decision    mode=traveling behavior=combat action=attack target=130 reason='engage target' status=success
2026-09-21 09:38:16.740  INFO   action      cursor give-up id=130 item=false reason=cursor=normal/normal score=1.000 not allowed
2026-09-21 09:38:16.889  INFO   decision    mode=traveling behavior=loot action=searching target=- reason='approach item' status=success
2026-09-21 09:38:17.703  INFO   decision    mode=traveling behavior=combat action=attack target=132 reason='engage target' status=success
2026-09-21 09:38:19.730  INFO   session     Entity shadow: vision=5 {'player': 1, 'monster': 4} memory=3 {'monster': 3} paired=3 median=0.013
2026-09-21 09:38:24.993  INFO   session     Entity shadow: vision=5 {'monster': 4, 'player': 1} memory=3 {'monster': 3} paired=3 median=0.012
2026-09-21 09:38:27.896  INFO   decision    mode=traveling behavior=combat action=attack target=133 reason='engage target' status=success
2026-09-21 09:38:30.179  INFO   session     Entity shadow: vision=5 {'monster': 4, 'player': 1} memory=3 {'monster': 3} paired=3 median=0.018
2026-09-21 09:38:34.229  INFO   decision    mode=traveling behavior=survival_potion action=use_hp_potion target=- reason='low hp' status=success
2026-09-21 09:38:35.382  INFO   session     Entity shadow: vision=5 {'monster': 4, 'player': 1} memory=3 {'monster': 3} paired=3 median=0.018
2026-09-21 09:38:35.423  INFO   decision    mode=traveling behavior=talking_scroll action=use_talking_scroll target=- reason='go to shop (buy_hp_potions)' status=success
2026-09-21 09:38:36.107  INFO   nav         async nav configure start map=mainland
2026-09-21 09:38:36.310  INFO   decision    mode=farming behavior=shop action=shop_stop target=- reason='stop at shop' status=success
2026-09-21 09:38:36.840  INFO   nav         building portal graph (cluster=32, 1755x1414)
2026-09-21 09:38:40.957  INFO   nav         portal graph: 2586 components, 4117 ms
2026-09-21 09:38:40.962  INFO   nav         farms=6 safe=0 home=None (files farm=D:\ManmabotV1\engine\maps\mainland\farms.yaml safe=D:\ManmabotV1\engine\maps\mainland\safe.yaml home=D:\ManmabotV1\engine\maps\mainland\home.yaml)
2026-09-21 09:38:40.962  INFO   nav         async nav configure done map=mainland (4855 ms)
2026-09-21 09:38:41.925  INFO   session     Entity shadow: vision=51 {'player': 47, 'monster': 4} memory=88 {'player': 81, 'npc': 6, 'monster': 1} paired=45 median=0.037 unleveled=319:?
2026-09-21 09:38:41.994  INFO   decision    mode=traveling behavior=traveling action=traveling target=- reason='unstick' status=success
2026-09-21 09:38:45.942  INFO   decision    mode=farming behavior=shop action=shop_buy_arrows target=- reason='shop:buy_hp_potions' status=success
2026-09-21 09:38:49.031  INFO   session     Entity shadow: vision=49 {'player': 45, 'monster': 2, 'npc': 2} memory=83 {'player': 77, 'npc': 5, 'monster': 1} paired=42 median=0.036 unleveled=319:?
2026-09-21 09:38:54.250  INFO   session     Entity shadow: vision=26 {'player': 25, 'npc': 1} memory=83 {'player': 77, 'npc': 5, 'monster': 1} paired=24 median=0.039 unleveled=319:?
2026-09-21 09:38:54.315  INFO   decision    mode=traveling behavior=traveling action=traveling target=- reason='enter farm area' status=success
2026-09-21 09:38:59.296  INFO   session     Entity shadow: vision=20 {'player': 20} memory=76 {'player': 69, 'npc': 6, 'monster': 1} paired=20 median=0.039 unleveled=319:?
2026-09-21 09:39:01.592  INFO   session     Paused — hotkey
2026-09-21 09:39:42.922  INFO   session     Resume → Running
2026-09-21 09:39:43.096  INFO   session     Auto-pause (cursor_outside)
2026-09-21 09:39:43.436  INFO   session     Auto-resume → Running
2026-09-21 09:39:43.604  INFO   session     Entity shadow: vision=43 {'player': 41, 'monster': 1, 'npc': 1} memory=78 {'player': 71, 'npc': 6, 'monster': 1} paired=40 median=0.033 unleveled=319:?
2026-09-21 09:39:46.101  INFO   session     Paused — hotkey
2026-09-21 09:39:46.148  INFO   session     Stop → Stopped
2026-09-21 09:39:51.482  INFO   session     Bot worker exited
