2026-09-21 21:29:36.706  INFO   session     Loading Manmabot from D:\Work\ManmabotV1_final\engine
2026-09-21 21:29:36.709  INFO   session     Session log D:\Work\ManmabotV1_final\engine\logs\bot-20260921-212936.log
2026-09-21 21:29:36.709  INFO   session     character=elf loot=all_items game_lang=ko map=talking_island farms=['area_1', 'area_2', 'area_3', 'area_4'] file=D:\Work\ManmabotV1_final\engine\logs\bot-20260921-212936.log
2026-09-21 21:29:36.910  INFO   nav         building portal graph (cluster=32, 479x511)
2026-09-21 21:29:37.153  INFO   nav         portal graph: 188 components, 243 ms
2026-09-21 21:29:37.159  INFO   nav         farms=4 safe=11 home=(354, 203) (files farm=D:\Work\ManmabotV1_final\engine\maps\talking_island\farms.yaml safe=D:\Work\ManmabotV1_final\engine\maps\talking_island\safe.yaml home=D:\Work\ManmabotV1_final\engine\maps\talking_island\home.yaml)
2026-09-21 21:29:37.429  INFO   capture     mss window capture process='LC.exe' title=None content_aspect=4:3
2026-09-21 21:29:37.768  INFO   session     Entity clicks use memory names, species, and world cells. Image recognition still runs. Set memory.entity_source to vision to restore image-only clicks.
2026-09-21 21:29:37.773  INFO   session     Player memory is read in this process (realtime_monitor.dll, offsets.json). No separate console.
2026-09-21 21:29:53.702  INFO   session     Auto-pause (not_focused)
2026-09-21 21:29:59.860  INFO   session     Inventory listen ready (dll) · hp=26 arrows=477 silver=0 depoison=0
2026-09-21 21:29:59.866  INFO   session     Scanning hotbar (skill boxes 1–3)…
2026-09-21 21:30:00.298  INFO   session     Auto-resume → Running
2026-09-21 21:30:04.148  INFO   session     Hotbar scan done · hp_potion@box1/f5, talking_scroll@box1/f8
2026-09-21 21:30:04.153  INFO   session     Loop ready · elf · ko · map=talking_island · loot=all_items · farms=['area_1', 'area_2', 'area_3', 'area_4']
2026-09-21 21:30:04.898  INFO   session     Entity shadow: vision=1 {'player': 1} memory=0 {} paired=0 median=0.000
2026-09-21 21:30:28.234  INFO   decision    mode=traveling behavior=traveling action=traveling target=- reason='enter farm area' status=success
2026-09-21 21:30:28.746  INFO   session     Entity shadow: vision=2 {'player': 2} memory=1 {'player': 1} paired=1 median=0.006
2026-09-21 21:30:52.324  INFO   session     Entity shadow: vision=0 {} memory=0 {} paired=0 median=0.000
2026-09-21 21:30:54.139  INFO   session     Auto-pause (not_focused)
2026-09-21 21:31:02.077  INFO   session     Auto-resume → Running
2026-09-21 21:31:17.474  INFO   session     Entity shadow: vision=1 {'item': 1} memory=2 {'monster': 1, 'item': 1} paired=1 median=0.036
2026-09-21 21:31:30.690  INFO   session     Auto-pause (not_focused)
2026-09-21 21:32:02.331  INFO   session     Resume → Running
2026-09-21 21:32:02.528  INFO   session     Entity shadow: vision=2 {'player': 1, 'monster': 1} memory=0 {} paired=0 median=0.000
2026-09-21 21:32:03.530  INFO   session     Auto-pause (not_focused)
2026-09-21 21:32:09.302  INFO   session     Auto-resume → Running
2026-09-21 21:32:10.921  INFO   session     Auto-pause (not_focused)
2026-09-21 21:32:12.293  INFO   session     Auto-resume → Running
2026-09-21 21:32:13.377  INFO   session     Auto-pause (not_focused)
2026-09-21 21:32:14.758  INFO   session     Auto-resume → Running
2026-09-21 21:32:26.441  INFO   decision    mode=traveling behavior=combat action=attack target=2 reason='engage target' status=success
2026-09-21 21:32:26.922  INFO   session     Entity shadow: vision=5 {'player': 1, 'monster': 4} memory=3 {'monster': 3} paired=3 median=0.018
2026-09-21 21:32:51.680  INFO   decision    mode=traveling behavior=combat action=attack target=5 reason='engage target' status=success
2026-09-21 21:32:52.092  INFO   session     Entity shadow: vision=5 {'monster': 4, 'player': 1} memory=3 {'monster': 3} paired=3 median=0.017
2026-09-21 21:33:17.144  INFO   decision    mode=traveling behavior=combat action=attack target=4 reason='engage target' status=success
2026-09-21 21:33:17.650  INFO   session     Entity shadow: vision=4 {'monster': 3, 'player': 1} memory=1 {'monster': 1} paired=1 median=0.014
2026-09-21 21:33:42.130  INFO   decision    mode=traveling behavior=combat action=attack target=6 reason='engage target' status=success
2026-09-21 21:33:42.557  INFO   session     Entity shadow: vision=1 {'player': 1} memory=0 {} paired=0 median=0.000
2026-09-21 21:34:07.125  INFO   decision    mode=traveling behavior=traveling action=traveling target=- reason='enter farm area' status=success
2026-09-21 21:34:07.415  INFO   session     Entity shadow: vision=1 {'player': 1} memory=0 {} paired=0 median=0.000
2026-09-21 21:34:32.518  INFO   session     Entity shadow: vision=0 {} memory=2 {'monster': 2} paired=0 median=0.000
2026-09-21 21:34:51.071  INFO   session     Auto-pause (not_focused)
2026-09-21 21:34:52.263  INFO   session     Stop → Stopped
