2026-09-28 00:59:24.218  INFO   session     Loading Manmabot from D:\ManmabotV1_final\engine
2026-09-28 00:59:24.393  INFO   session     Session log D:\ManmabotV1_final\engine\logs\bot-20260928-005924.log
2026-09-28 00:59:24.393  INFO   session     character=elf loot=all_items game_lang=ko map=talking_island farms=['area_1', 'area_3'] file=D:\ManmabotV1_final\engine\logs\bot-20260928-005924.log
2026-09-28 00:59:24.533  INFO   nav         building portal graph (cluster=32, 479x511)
2026-09-28 00:59:24.877  INFO   nav         portal graph: 188 components, 343 ms
2026-09-28 00:59:24.885  INFO   nav         farms=2 safe=11 home=(354, 203) (files farm=D:\ManmabotV1_final\engine\maps\talking_island\farms.yaml safe=D:\ManmabotV1_final\engine\maps\talking_island\safe.yaml home=D:\ManmabotV1_final\engine\maps\talking_island\home.yaml)
2026-09-28 00:59:24.963  INFO   capture     mss window capture process='LC.exe' title=None content_aspect=4:3
2026-09-28 00:59:25.601  INFO   session     Entity clicks use memory names, species, and world cells. Image recognition still runs. Set memory.entity_source to vision to restore image-only clicks.
2026-09-28 00:59:25.621  INFO   session     Player memory is read in this process (realtime_monitor.dll, offsets.json). No separate console.
2026-09-28 00:59:25.634  INFO   session     인벤토리를 백그라운드에서 스캔 중 (inventory_listen.dll 또는 inv.json을 두세요).
2026-09-28 00:59:25.647  INFO   session     메모리에서 핫바 24칸을 읽는 중…
2026-09-28 00:59:25.758  INFO   session     핫바 스캔 완료 · 파워 업@box2/f8, 아머 업@box2/f5, 라이트@box1/f10, 힐@box1/f9, HP 물약@box1/f8, 텔레포트@box1/f11, 마법 공격@box1/f12, 말하는 두루마리@box1/f5
2026-09-28 00:59:25.789  INFO   session     매핑되지 않은 핫바 아이콘: box1/f6:작은 활 (무장), box1/f7:나무 화살, box1/f9:아데나
2026-09-28 00:59:25.799  INFO   session     루프 준비 · 요정 · 한국어 · 맵=말하는 섬 · 룻=전부 줍기 · 구역=구역 1, 구역 3
2026-09-28 00:59:26.575  INFO   session     Entity shadow: vision=9 {'player': 7, 'npc': 1, 'monster': 1} memory=12 {'player': 9, 'npc': 3} paired=7 median=0.046
2026-09-28 00:59:26.597  INFO   session     인벤토리 수신 준비 (dll) · hp=0 화살=457 은화살=0 해독=0
2026-09-28 00:59:26.618  INFO   decision    mode=farming behavior=buff action=buff target=- reason='armor_up' status=success
2026-09-28 00:59:28.000  INFO   decision    mode=farming behavior=talking_scroll action=use_talking_scroll target=- reason='go to shop (buy_hp_potions_talking_ch)' status=success
2026-09-28 00:59:32.213  INFO   session     Entity shadow: vision=8 {'player': 7, 'npc': 1} memory=14 {'player': 11, 'npc': 3} paired=7 median=0.034
2026-09-28 00:59:32.338  INFO   decision    mode=farming behavior=shop action=idle target=- reason='waiting for shop map (buy_hp_potions_talking_ch)' status=success
2026-09-28 00:59:37.748  INFO   session     Entity shadow: vision=25 {'player': 21, 'npc': 2, 'monster': 2} memory=34 {'player': 28, 'npc': 6} paired=20 median=0.027
2026-09-28 00:59:37.791  INFO   decision    mode=farming behavior=buff action=buff target=- reason='light' status=success
2026-09-28 00:59:38.506  INFO   decision    mode=farming behavior=shop action=idle target=- reason='waiting for shop map (buy_hp_potions_talking_ch)' status=success
2026-09-28 00:59:42.749  INFO   session     Entity shadow: vision=24 {'player': 20, 'monster': 2, 'npc': 2} memory=33 {'player': 27, 'npc': 6} paired=21 median=0.028
2026-09-28 00:59:47.925  INFO   session     Entity shadow: vision=23 {'monster': 2, 'player': 19, 'npc': 2} memory=34 {'player': 28, 'npc': 6} paired=20 median=0.028
2026-09-28 00:59:53.004  INFO   session     Entity shadow: vision=23 {'player': 17, 'monster': 3, 'npc': 2, 'item': 1} memory=36 {'player': 29, 'monster': 1, 'npc': 6} paired=19 median=0.027 unleveled=206:兔子
2026-09-28 00:59:56.500  INFO   decision    mode=farming behavior=unstick action=teleport target=- reason='unstick confined' status=success
2026-09-28 00:59:57.973  INFO   decision    mode=farming behavior=shop action=idle target=- reason='waiting for shop map (buy_hp_potions_talking_ch)' status=success
2026-09-28 00:59:58.392  INFO   session     Entity shadow: vision=21 {'monster': 1, 'player': 18, 'npc': 2} memory=36 {'player': 30, 'npc': 6} paired=19 median=0.026
2026-09-28 01:00:03.955  INFO   session     Entity shadow: vision=19 {'monster': 2, 'player': 15, 'npc': 2} memory=36 {'player': 28, 'npc': 8} paired=16 median=0.032
2026-09-28 01:00:09.146  INFO   session     Entity shadow: vision=20 {'monster': 1, 'player': 16, 'npc': 3} memory=36 {'player': 28, 'npc': 8} paired=18 median=0.030
2026-09-28 01:00:14.385  INFO   session     Entity shadow: vision=18 {'player': 14, 'npc': 2, 'item': 1, 'monster': 1} memory=35 {'player': 27, 'npc': 8} paired=14 median=0.051
2026-09-28 01:00:18.368  INFO   decision    mode=farming behavior=unstick action=teleport target=- reason='unstick confined' status=success
2026-09-28 01:00:19.765  INFO   session     Entity shadow: vision=20 {'player': 15, 'npc': 3, 'monster': 2} memory=36 {'npc': 8, 'player': 28} paired=17 median=0.031
2026-09-28 01:00:19.868  INFO   decision    mode=farming behavior=shop action=idle target=- reason='waiting for shop map (buy_hp_potions_talking_ch)' status=success
2026-09-28 01:00:24.851  INFO   session     Entity shadow: vision=20 {'player': 16, 'monster': 2, 'npc': 2} memory=34 {'player': 27, 'npc': 7} paired=17 median=0.030
2026-09-28 01:00:30.530  INFO   session     Entity shadow: vision=18 {'player': 14, 'monster': 1, 'npc': 3} memory=33 {'player': 25, 'npc': 8} paired=16 median=0.030
2026-09-28 01:00:35.991  INFO   session     Entity shadow: vision=20 {'player': 15, 'monster': 1, 'npc': 4} memory=32 {'npc': 8, 'player': 24} paired=17 median=0.030
2026-09-28 01:00:40.412  INFO   decision    mode=farming behavior=unstick action=teleport target=- reason='unstick confined' status=success
2026-09-28 01:00:42.020  INFO   session     Entity shadow: vision=15 {'player': 10, 'monster': 1, 'npc': 4} memory=45 {'monster': 2, 'player': 36, 'npc': 7} paired=12 median=0.072 unleveled=10:警衛,206:兔子
2026-09-28 01:00:42.143  INFO   decision    mode=farming behavior=shop action=idle target=- reason='waiting for shop map (buy_hp_potions_talking_ch)' status=success
2026-09-28 01:00:47.586  INFO   session     Entity shadow: vision=17 {'player': 13, 'npc': 4} memory=49 {'monster': 3, 'player': 39, 'npc': 7} paired=15 median=0.042 unleveled=206:兔子,10:警衛,3934819820:土之精靈
2026-09-28 01:00:47.840  INFO   session     정지 → 중지됨
2026-09-28 01:00:48.290  INFO   session     봇 작업이 종료되었습니다
