2026-09-24 19:43:47.206  INFO   session     Loading Manmabot from D:\Work\Lineage\ManmabotV1_final\engine
2026-09-24 19:43:47.227  INFO   session     Session log D:\Work\Lineage\ManmabotV1_final\engine\logs\bot-20260924-194347.log
2026-09-24 19:43:47.227  INFO   session     character=elf loot=all_items game_lang=ko map=talking_island farms=['area_2', 'area_1', 'area_3'] file=D:\Work\Lineage\ManmabotV1_final\engine\logs\bot-20260924-194347.log
2026-09-24 19:43:47.280  INFO   nav         building portal graph (cluster=32, 479x511)
2026-09-24 19:43:47.527  INFO   nav         portal graph: 188 components, 247 ms
2026-09-24 19:43:47.538  INFO   nav         farms=3 safe=11 home=(354, 203) (files farm=D:\Work\Lineage\ManmabotV1_final\engine\maps\talking_island\farms.yaml safe=D:\Work\Lineage\ManmabotV1_final\engine\maps\talking_island\safe.yaml home=D:\Work\Lineage\ManmabotV1_final\engine\maps\talking_island\home.yaml)
2026-09-24 19:43:47.599  INFO   capture     mss window capture process='LC.exe' title=None content_aspect=4:3
2026-09-24 19:43:47.911  INFO   session     Entity clicks use memory names, species, and world cells. Image recognition still runs. Set memory.entity_source to vision to restore image-only clicks.
2026-09-24 19:43:47.918  INFO   session     Player memory is read in this process (realtime_monitor.dll, offsets.json). No separate console.
2026-09-24 19:43:47.924  INFO   session     Inventory listen scanning in background (build inventory_listen.dll or place inv.json).
2026-09-24 19:43:47.928  INFO   session     Reading hotbar from memory (24 slots)…
2026-09-24 19:43:48.015  INFO   session     Hotbar scan done · hp_potion@box1/f5, talking_scroll@box1/f8
2026-09-24 19:43:48.025  INFO   session     Unmapped hotbar icons: box1/f6:+0 화살 (865), box1/f7:아데나 (1,262), box1/f9:初級治癒術, box1/f10:日光術, box1/f11:傳送術, box1/f12:光箭, box2/f5:保護罩, box2/f6:冰箭, box2/f7:風刃, box2/f8:神聖武器
2026-09-24 19:43:48.050  INFO   session     Loop ready · elf · ko · map=talking_island · loot=all_items · farms=['area_2', 'area_1', 'area_3']
2026-09-24 19:43:48.346  INFO   session     Entity shadow: vision=3 {'npc': 2, 'player': 1} memory=2 {'monster': 2} paired=0 median=0.000 unleveled=68:警衛,10:警衛
2026-09-24 19:43:48.361  INFO   session     Inventory listen ready (dll) · hp=2 arrows=865 silver=5 depoison=0
2026-09-24 19:43:48.385  INFO   decision    mode=traveling behavior=traveling action=traveling target=- reason='enter farm area' status=success
2026-09-24 19:43:49.481  INFO   decision    mode=traveling behavior=combat action=attack target=3 reason='engage target' status=success
2026-09-24 19:43:53.460  INFO   session     Entity shadow: vision=4 {'player': 1, 'npc': 2, 'monster': 1} memory=3 {'monster': 3} paired=1 median=0.050 unleveled=68:警衛,10:警衛
2026-09-24 19:43:53.979  INFO   decision    mode=traveling behavior=traveling action=traveling target=- reason='enter farm area' status=success
2026-09-24 19:43:55.088  INFO   decision    mode=traveling behavior=combat action=attack target=4 reason='engage target' status=success
2026-09-24 19:43:57.405  INFO   decision    mode=traveling behavior=loot action=searching target=5 reason='walk onto item' status=success
2026-09-24 19:43:58.673  INFO   session     Entity shadow: vision=3 {'player': 1, 'npc': 1, 'monster': 1} memory=2 {'item': 1, 'monster': 1} paired=0 median=0.000 unleveled=68:警衛
2026-09-24 19:44:02.759  INFO   decision    mode=traveling behavior=loot action=pickup target=5 reason='loot target' status=success
2026-09-24 19:44:03.092  INFO   decision    mode=traveling behavior=loot action=idle target=- reason='pickup settle' status=success
2026-09-24 19:44:03.548  INFO   decision    mode=traveling behavior=traveling action=traveling target=- reason='enter farm area' status=success
2026-09-24 19:44:03.780  INFO   session     Entity shadow: vision=2 {'player': 1, 'item': 1} memory=0 {} paired=0 median=0.000
2026-09-24 19:44:08.792  INFO   session     Entity shadow: vision=1 {'player': 1} memory=0 {} paired=0 median=0.000
2026-09-24 19:44:12.229  INFO   decision    mode=traveling behavior=traveling action=traveling target=- reason='enter farm area' status=success (repeat)
2026-09-24 19:44:14.042  INFO   session     Entity shadow: vision=2 {'player': 1, 'monster': 1} memory=2 {'monster': 2} paired=1 median=0.048 unleveled=12:史萊姆
2026-09-24 19:44:19.191  INFO   session     Entity shadow: vision=3 {'player': 2, 'monster': 1} memory=2 {'monster': 2} paired=1 median=0.049
2026-09-24 19:44:20.684  INFO   decision    mode=traveling behavior=traveling action=traveling target=- reason='enter farm area' status=success (repeat)
2026-09-24 19:44:24.309  INFO   session     Entity shadow: vision=1 {'player': 1} memory=0 {} paired=0 median=0.000
2026-09-24 19:44:28.484  INFO   decision    mode=traveling behavior=traveling action=traveling target=- reason='enter farm area' status=success (repeat)
2026-09-24 19:44:29.309  INFO   session     Entity shadow: vision=1 {'player': 1} memory=0 {} paired=0 median=0.000
2026-09-24 19:44:31.657  INFO   decision    mode=traveling behavior=combat action=attack target=10 reason='engage target' status=success
2026-09-24 19:44:34.547  INFO   session     Entity shadow: vision=3 {'player': 1, 'monster': 2} memory=2 {'monster': 2} paired=1 median=0.007
2026-09-24 19:44:39.784  INFO   session     Entity shadow: vision=7 {'monster': 6, 'player': 1} memory=5 {'monster': 5} paired=5 median=0.021
2026-09-24 19:44:40.902  INFO   decision    mode=retreating behavior=talking_scroll action=use_talking_scroll target=- reason='retreat, 마법서 상인' status=success
2026-09-24 19:44:41.820  INFO   decision    mode=retreating behavior=retreating action=idle target=- reason='retreating, waiting for hp' status=success
2026-09-24 19:44:44.802  INFO   session     Entity shadow: vision=4 {'npc': 2, 'player': 2} memory=6 {'player': 1, 'monster': 2, 'npc': 3} paired=1 median=0.027 unleveled=68:警衛,10:警衛
2026-09-24 19:44:49.946  INFO   session     Entity shadow: vision=4 {'npc': 2, 'player': 2} memory=6 {'player': 1, 'monster': 2, 'npc': 3} paired=1 median=0.053 unleveled=68:警衛,10:警衛
2026-09-24 19:44:49.968  INFO   decision    mode=retreating behavior=retreating action=idle target=- reason='retreating, waiting for hp' status=success (repeat)
2026-09-24 19:44:55.114  INFO   session     Entity shadow: vision=4 {'player': 2, 'npc': 2} memory=6 {'player': 1, 'monster': 2, 'npc': 3} paired=1 median=0.026 unleveled=68:警衛,10:警衛
2026-09-24 19:44:58.318  INFO   decision    mode=retreating behavior=retreating action=idle target=- reason='retreating, waiting for hp' status=success (repeat)
2026-09-24 19:45:00.185  INFO   session     Entity shadow: vision=4 {'npc': 2, 'player': 2} memory=6 {'player': 1, 'monster': 2, 'npc': 3} paired=1 median=0.029 unleveled=68:警衛,10:警衛
2026-09-24 19:45:05.308  INFO   session     Entity shadow: vision=3 {'player': 1, 'npc': 2} memory=6 {'player': 1, 'monster': 2, 'npc': 3} paired=0 median=0.000 unleveled=68:警衛,10:警衛
2026-09-24 19:45:06.633  INFO   decision    mode=retreating behavior=retreating action=idle target=- reason='retreating, waiting for hp' status=success (repeat)
2026-09-24 19:45:10.449  INFO   session     Entity shadow: vision=3 {'player': 1, 'npc': 2} memory=5 {'monster': 2, 'npc': 3} paired=0 median=0.000 unleveled=68:警衛,10:警衛
2026-09-24 19:45:14.757  INFO   decision    mode=retreating behavior=retreating action=idle target=- reason='retreating, waiting for hp' status=success (repeat)
2026-09-24 19:45:15.562  INFO   session     Entity shadow: vision=3 {'player': 1, 'npc': 2} memory=5 {'monster': 2, 'npc': 3} paired=1 median=0.114 unleveled=68:警衛,10:警衛
2026-09-24 19:45:20.596  INFO   session     Entity shadow: vision=1 {'player': 1} memory=2 {'npc': 2} paired=0 median=0.000
2026-09-24 19:45:22.597  INFO   decision    mode=retreating behavior=retreating action=idle target=- reason='retreating, waiting for hp' status=success (repeat)
2026-09-24 19:45:25.640  INFO   session     Entity shadow: vision=1 {'player': 1} memory=0 {} paired=0 median=0.000
2026-09-24 19:45:30.370  INFO   decision    mode=retreating behavior=retreating action=idle target=- reason='retreating, waiting for hp' status=success (repeat)
2026-09-24 19:45:30.675  INFO   session     Entity shadow: vision=1 {'monster': 1} memory=1 {'monster': 1} paired=1 median=0.019
2026-09-24 19:45:35.709  INFO   session     Entity shadow: vision=3 {'player': 2, 'monster': 1} memory=3 {'player': 1, 'monster': 2} paired=2 median=0.062 unleveled=14:青蛙
2026-09-24 19:45:38.464  INFO   decision    mode=retreating behavior=retreating action=idle target=- reason='retreating, waiting for hp' status=success (repeat)
2026-09-24 19:45:40.782  INFO   session     Entity shadow: vision=3 {'player': 1, 'monster': 2} memory=4 {'monster': 4} paired=2 median=0.055
2026-09-24 19:45:45.828  INFO   session     Entity shadow: vision=3 {'player': 1, 'monster': 2} memory=3 {'monster': 3} paired=2 median=0.023 unleveled=14:青蛙
2026-09-24 19:45:46.504  INFO   decision    mode=retreating behavior=retreating action=idle target=- reason='retreating, waiting for hp' status=success (repeat)
2026-09-24 19:47:37.414  INFO   session     Entity shadow: vision=1 {'player': 1} memory=2 {'monster': 2} paired=0 median=0.000 unleveled=14:青蛙
2026-09-24 19:47:37.459  INFO   decision    mode=traveling behavior=combat action=attack target=27 reason='engage target' status=success
2026-09-24 19:47:39.611  INFO   decision    mode=traveling behavior=traveling action=traveling target=- reason='return to farm after retreat' status=success
2026-09-24 19:47:42.430  INFO   session     Entity shadow: vision=1 {'player': 1} memory=1 {'monster': 1} paired=0 median=0.000 unleveled=14:青蛙
2026-09-24 19:47:47.357  INFO   decision    mode=traveling behavior=traveling action=traveling target=- reason='return to farm after retreat' status=success (repeat)
2026-09-24 19:47:47.489  INFO   session     Entity shadow: vision=2 {'player': 2} memory=2 {'player': 1, 'monster': 1} paired=1 median=0.042 unleveled=14:青蛙
2026-09-24 19:47:50.658  INFO   decision    mode=traveling behavior=combat action=attack target=32 reason='engage target' status=success
2026-09-24 19:47:51.837  INFO   decision    mode=traveling behavior=combat action=attack target=33 reason='engage target' status=success
2026-09-24 19:47:52.514  INFO   session     Entity shadow: vision=1 {'monster': 1} memory=4 {'monster': 3, 'player': 1} paired=1 median=0.003 unleveled=14:青蛙
2026-09-24 19:47:54.007  INFO   decision    mode=traveling behavior=loot action=searching target=34 reason='walk onto item' status=success
2026-09-24 19:47:56.149  INFO   decision    mode=traveling behavior=combat action=attack target=31 reason='engage target' status=success
2026-09-24 19:47:57.521  INFO   session     Entity shadow: vision=3 {'monster': 1, 'player': 2} memory=4 {'player': 1, 'monster': 3} paired=2 median=0.019 unleveled=189:鹿,14:青蛙
2026-09-24 19:48:00.429  INFO   decision    mode=traveling behavior=traveling action=traveling target=- reason='return to farm after retreat' status=success
2026-09-24 19:48:02.764  INFO   session     Entity shadow: vision=2 {'player': 2} memory=3 {'player': 1, 'monster': 2} paired=1 median=0.040 unleveled=14:青蛙,189:鹿
2026-09-24 19:48:03.978  INFO   session     Paused — hotkey
2026-09-24 19:59:55.146  INFO   session     Stop → Stopped
2026-09-24 19:59:55.410  INFO   session     Bot worker exited
