2026-09-21 20:49:14.466  INFO   session     Loading Manmabot from D:\Work\ManmabotV1\engine
2026-09-21 20:49:14.469  INFO   session     Session log D:\Work\ManmabotV1\engine\logs\bot-20260921-204914.log
2026-09-21 20:49:14.470  INFO   session     character=elf loot=all_items game_lang=ko map=talking_island farms=['area_1', 'area_2', 'area_3', 'area_4', 'area_5', 'area_6'] file=D:\Work\ManmabotV1\engine\logs\bot-20260921-204914.log
2026-09-21 20:49:14.663  INFO   nav         building portal graph (cluster=32, 479x511)
2026-09-21 20:49:14.900  INFO   nav         portal graph: 188 components, 237 ms
2026-09-21 20:49:14.906  INFO   nav         farms=6 safe=11 home=(354, 203) (files farm=D:\Work\ManmabotV1\engine\maps\talking_island\farms.yaml safe=D:\Work\ManmabotV1\engine\maps\talking_island\safe.yaml home=D:\Work\ManmabotV1\engine\maps\talking_island\home.yaml)
2026-09-21 20:49:15.170  INFO   capture     mss window capture process='LC.exe' title=None content_aspect=4:3
2026-09-21 20:49:15.531  INFO   session     Entity clicks use memory names, species, and world cells. Image recognition still runs. Set memory.entity_source to vision to restore image-only clicks.
2026-09-21 20:49:15.538  INFO   session     Player memory is read in this process (realtime_monitor.dll, offsets.json). No separate console.
2026-09-21 20:49:15.780  INFO   session     Auto-pause (not_focused)
2026-09-21 20:49:23.632  INFO   session     Auto-resume → Running
2026-09-21 20:49:36.415  INFO   session     Inventory listen ready (dll) · hp=26 arrows=481 silver=0 depoison=0
2026-09-21 20:49:36.420  INFO   session     Scanning hotbar (skill boxes 1–3)…
2026-09-21 20:49:40.906  INFO   session     Hotbar scan done · hp_potion@box1/f5, talking_scroll@box1/f8
2026-09-21 20:49:40.924  INFO   session     Loop ready · elf · ko · map=talking_island · loot=all_items · farms=['area_1', 'area_2', 'area_3', 'area_4', 'area_5', 'area_6']
2026-09-21 20:49:41.371  INFO   session     Entity shadow: vision=3 {'npc': 2, 'player': 1} memory=3 {'monster': 3} paired=0 median=0.000 unleveled=10:警衛,68:警衛
2026-09-21 20:50:02.451  INFO   decision    mode=traveling behavior=traveling action=traveling target=- reason='enter farm area' status=success
2026-09-21 20:50:03.018  INFO   session     Entity shadow: vision=4 {'player': 1, 'npc': 2, 'monster': 1} memory=4 {'monster': 3, 'player': 1} paired=0 median=0.000 unleveled=10:警衛,68:警衛
2026-09-21 20:50:13.037  INFO   session     Auto-pause (not_focused)
2026-09-21 20:50:18.901  INFO   session     Auto-resume → Running
2026-09-21 20:50:24.709  INFO   session     Entity shadow: vision=4 {'player': 3, 'npc': 1} memory=16 {'monster': 4, 'player': 10, 'npc': 2} paired=2 median=0.065 unleveled=207:兔子,208:兔子,10:警衛,68:警衛
2026-09-21 20:50:40.614  INFO   session     Auto-pause (not_focused)
2026-09-21 20:50:42.805  INFO   session     Auto-resume → Running
2026-09-21 20:50:46.379  INFO   session     Entity shadow: vision=3 {'player': 1, 'npc': 1, 'monster': 1} memory=9 {'monster': 1, 'player': 8} paired=1 median=0.013
2026-09-21 20:51:07.823  INFO   decision    mode=traveling behavior=combat action=attack target=18 reason='engage target' status=success
2026-09-21 20:51:08.220  INFO   session     Entity shadow: vision=3 {'player': 1, 'npc': 1, 'monster': 1} memory=3 {'monster': 3} paired=1 median=0.027 unleveled=10:警衛,68:警衛
2026-09-21 20:51:14.135  INFO   session     Auto-pause (not_focused)
2026-09-21 20:51:39.893  INFO   session     Auto-resume → Running
2026-09-21 20:51:40.062  INFO   session     Entity shadow: vision=2 {'player': 1, 'npc': 1} memory=2 {'monster': 2} paired=0 median=0.000 unleveled=68:警衛
2026-09-21 20:51:52.899  INFO   session     Auto-pause (not_focused)
2026-09-21 20:51:54.621  INFO   session     Auto-resume → Running
2026-09-21 20:52:01.654  INFO   decision    mode=traveling behavior=traveling action=traveling target=- reason='enter farm area' status=success
2026-09-21 20:52:01.928  INFO   session     Entity shadow: vision=3 {'player': 1, 'npc': 2} memory=2 {'monster': 2} paired=0 median=0.000 unleveled=10:警衛,68:警衛
2026-09-21 20:52:10.229  INFO   session     Paused — hotkey
2026-09-21 20:52:13.436  INFO   session     Stop → Stopped
2026-09-21 20:52:23.745  INFO   session     Bot worker exited
