2026-09-23 22:14:30.814  INFO   session     Loading Manmabot from D:\Work\Lineage\ManmabotV1_final\engine
2026-09-23 22:14:30.817  INFO   session     Session log D:\Work\Lineage\ManmabotV1_final\engine\logs\bot-20260923-221430.log
2026-09-23 22:14:30.818  INFO   session     character=elf loot=all_items game_lang=ko map=talking_island farms=['area_1', 'area_3'] file=D:\Work\Lineage\ManmabotV1_final\engine\logs\bot-20260923-221430.log
2026-09-23 22:14:31.017  INFO   nav         building portal graph (cluster=32, 479x511)
2026-09-23 22:14:31.262  INFO   nav         portal graph: 188 components, 244 ms
2026-09-23 22:14:31.267  INFO   nav         farms=2 safe=11 home=(354, 203) (files farm=D:\Work\Lineage\ManmabotV1_final\engine\maps\talking_island\farms.yaml safe=D:\Work\Lineage\ManmabotV1_final\engine\maps\talking_island\safe.yaml home=D:\Work\Lineage\ManmabotV1_final\engine\maps\talking_island\home.yaml)
2026-09-23 22:14:31.545  INFO   capture     mss window capture process='LC.exe' title=None content_aspect=4:3
2026-09-23 22:14:31.890  INFO   session     Entity clicks use memory names, species, and world cells. Image recognition still runs. Set memory.entity_source to vision to restore image-only clicks.
2026-09-23 22:14:31.896  INFO   session     Player memory is read in this process (realtime_monitor.dll, offsets.json). No separate console.
2026-09-23 22:14:31.901  INFO   session     Inventory listen scanning in background (build inventory_listen.dll or place inv.json).
2026-09-23 22:14:31.910  INFO   session     Scanning hotbar (skill boxes 1–3)…
2026-09-23 22:14:35.925  INFO   session     Hotbar scan done · hp_potion@box1/f5, talking_scroll@box1/f8
2026-09-23 22:14:35.928  INFO   session     Loop ready · elf · ko · map=talking_island · loot=all_items · farms=['area_1', 'area_3']
2026-09-23 22:14:36.326  INFO   session     Entity shadow: vision=4 {'monster': 1, 'npc': 3} memory=4 {'monster': 4} paired=1 median=0.016 unleveled=14:개구리,68:경비병,10:경비병
2026-09-23 22:14:36.344  INFO   session     Inventory listen ready (dll) · hp=11 arrows=2659 silver=5 depoison=0
2026-09-23 22:14:36.349  INFO   decision    mode=traveling behavior=combat action=attack target=1 reason='engage target' status=success
2026-09-23 22:14:38.044  INFO   decision    mode=traveling behavior=traveling action=traveling target=- reason='enter farm area' status=success
2026-09-23 22:14:41.391  INFO   session     Entity shadow: vision=3 {'npc': 2, 'monster': 1} memory=3 {'monster': 3} paired=1 median=0.035 unleveled=68:경비병,10:경비병
2026-09-23 22:14:46.425  INFO   session     Entity shadow: vision=3 {'player': 1, 'npc': 2} memory=3 {'monster': 3} paired=0 median=0.000 unleveled=14:개구리,68:경비병,10:경비병
2026-09-23 22:14:46.750  INFO   decision    mode=traveling behavior=traveling action=traveling target=- reason='enter farm area' status=success (repeat)
2026-09-23 22:14:51.523  INFO   session     Entity shadow: vision=6 {'npc': 3, 'monster': 1, 'player': 2} memory=5 {'npc': 2, 'player': 2, 'monster': 1} paired=2 median=0.021 unleveled=10:경비병
2026-09-23 22:14:56.535  INFO   session     Entity shadow: vision=9 {'player': 7, 'npc': 2} memory=13 {'monster': 1, 'player': 8, 'npc': 4} paired=8 median=0.048 unleveled=10:경비병
2026-09-23 22:14:57.308  INFO   decision    mode=traveling behavior=traveling action=traveling target=- reason='enter farm area' status=success (repeat)
2026-09-23 22:15:01.730  INFO   session     Entity shadow: vision=10 {'monster': 2, 'player': 7, 'npc': 1} memory=34 {'npc': 10, 'player': 24} paired=6 median=0.024
2026-09-23 22:15:06.931  INFO   session     Entity shadow: vision=37 {'player': 33, 'npc': 3, 'monster': 1} memory=64 {'player': 52, 'npc': 11, 'monster': 1} paired=36 median=0.042 unleveled=319:?
2026-09-23 22:15:11.965  INFO   session     Entity shadow: vision=39 {'player': 36, 'npc': 2, 'monster': 1} memory=60 {'player': 46, 'npc': 12, 'monster': 2} paired=37 median=0.032 unleveled=208:토끼,319:?
2026-09-23 22:15:13.911  INFO   decision    mode=traveling behavior=traveling action=traveling target=- reason='enter farm area' status=success (repeat)
2026-09-23 22:15:16.968  INFO   session     Entity shadow: vision=30 {'player': 29, 'npc': 1} memory=84 {'player': 73, 'npc': 10, 'monster': 1} paired=29 median=0.043 unleveled=319:?
2026-09-23 22:15:22.194  INFO   session     Entity shadow: vision=33 {'player': 32, 'monster': 1} memory=77 {'player': 72, 'npc': 4, 'monster': 1} paired=32 median=0.068 unleveled=319:?
2026-09-23 22:15:27.520  INFO   session     Entity shadow: vision=14 {'player': 11, 'npc': 2, 'monster': 1} memory=61 {'npc': 6, 'player': 54, 'monster': 1} paired=12 median=0.023 unleveled=208:토끼
2026-09-23 22:15:32.530  INFO   session     Entity shadow: vision=7 {'monster': 1, 'player': 5, 'npc': 1} memory=16 {'player': 10, 'monster': 1, 'npc': 5} paired=5 median=0.008 unleveled=208:토끼
2026-09-23 22:15:32.558  INFO   decision    mode=traveling behavior=traveling action=traveling target=- reason='enter farm area' status=success (repeat)
2026-09-23 22:15:37.863  INFO   session     Entity shadow: vision=7 {'player': 7} memory=10 {'monster': 1, 'player': 6, 'npc': 3} paired=4 median=0.033 unleveled=208:토끼
2026-09-23 22:15:41.223  INFO   decision    mode=traveling behavior=combat action=attack target=140 reason='engage target' status=success
2026-09-23 22:15:42.987  INFO   session     Entity shadow: vision=3 {'monster': 1, 'npc': 1, 'player': 1} memory=7 {'monster': 2, 'npc': 3, 'player': 2} paired=2 median=0.028 unleveled=68:경비병
2026-09-23 22:15:43.296  INFO   decision    mode=traveling behavior=traveling action=traveling target=- reason='enter farm area' status=success
2026-09-23 22:15:48.007  INFO   session     Entity shadow: vision=2 {'player': 1, 'npc': 1} memory=2 {'monster': 2} paired=0 median=0.000 unleveled=208:토끼,68:경비병
2026-09-23 22:15:52.338  INFO   decision    mode=traveling behavior=traveling action=traveling target=- reason='enter farm area' status=success (repeat)
2026-09-23 22:15:53.072  INFO   session     Entity shadow: vision=2 {'npc': 1, 'player': 1} memory=2 {'npc': 2} paired=1 median=0.090
2026-09-23 22:15:58.206  INFO   session     Entity shadow: vision=3 {'player': 1, 'npc': 2} memory=3 {'monster': 2, 'npc': 1} paired=0 median=0.000 unleveled=68:경비병,10:경비병
2026-09-23 22:16:00.819  INFO   decision    mode=traveling behavior=traveling action=traveling target=- reason='enter farm area' status=success (repeat)
2026-09-23 22:16:03.254  INFO   session     Entity shadow: vision=4 {'player': 1, 'npc': 3} memory=3 {'monster': 2, 'npc': 1} paired=0 median=0.000 unleveled=68:경비병,10:경비병
2026-09-23 22:16:08.500  INFO   session     Entity shadow: vision=3 {'player': 1, 'npc': 2} memory=4 {'monster': 3, 'npc': 1} paired=0 median=0.000 unleveled=208:토끼,68:경비병,10:경비병
2026-09-23 22:16:09.670  INFO   decision    mode=traveling behavior=traveling action=traveling target=- reason='enter farm area' status=success (repeat)
2026-09-23 22:16:12.457  INFO   decision    mode=traveling behavior=combat action=attack target=159 reason='engage target' status=success
2026-09-23 22:16:13.551  INFO   session     Entity shadow: vision=4 {'npc': 2, 'player': 1, 'monster': 1} memory=4 {'monster': 4} paired=1 median=0.008 unleveled=208:토끼,68:경비병,10:경비병
2026-09-23 22:16:16.927  INFO   decision    mode=traveling behavior=combat action=attack target=160 reason='engage target' status=success
2026-09-23 22:16:18.739  INFO   session     Entity shadow: vision=3 {'npc': 1, 'player': 1, 'monster': 1} memory=3 {'monster': 3} paired=1 median=0.027 unleveled=208:토끼,10:경비병
2026-09-23 22:16:19.491  INFO   decision    mode=traveling behavior=combat action=attack target=162 reason='engage target' status=success
2026-09-23 22:16:23.847  INFO   session     Entity shadow: vision=6 {'npc': 3, 'player': 1, 'monster': 1, 'item': 1} memory=3 {'item': 1, 'monster': 2} paired=1 median=0.022 unleveled=68:경비병,10:경비병
2026-09-23 22:16:23.874  INFO   decision    mode=traveling behavior=loot action=searching target=164 reason='stand beside item' status=success
2026-09-23 22:16:25.524  INFO   decision    mode=traveling behavior=traveling action=traveling target=- reason='enter farm area' status=success
2026-09-23 22:16:29.012  INFO   session     Entity shadow: vision=4 {'player': 1, 'npc': 3} memory=3 {'npc': 1, 'monster': 2} paired=1 median=0.059 unleveled=208:토끼,10:경비병
2026-09-23 22:16:29.740  INFO   decision    mode=traveling behavior=combat action=attack target=167 reason='engage target' status=success
2026-09-23 22:16:30.719  INFO   decision    mode=traveling behavior=traveling action=traveling target=- reason='enter farm area' status=success
2026-09-23 22:16:33.119  INFO   decision    mode=traveling behavior=loot action=searching target=168 reason='stand beside item' status=success
2026-09-23 22:16:34.137  INFO   session     Entity shadow: vision=3 {'player': 1, 'item': 1, 'npc': 1} memory=3 {'monster': 2, 'item': 1} paired=1 median=0.001 unleveled=208:토끼,10:경비병
2026-09-23 22:16:39.247  INFO   session     Entity shadow: vision=2 {'player': 1, 'item': 1} memory=2 {'monster': 1, 'item': 1} paired=1 median=0.027 unleveled=208:토끼
2026-09-23 22:16:40.063  INFO   decision    mode=traveling behavior=loot action=pickup target=168 reason='loot target' status=success
2026-09-23 22:16:43.250  INFO   decision    mode=traveling behavior=loot action=searching target=168 reason='stand beside item' status=success
2026-09-23 22:16:44.268  INFO   session     Entity shadow: vision=1 {'player': 1} memory=1 {'monster': 1} paired=0 median=0.000 unleveled=208:토끼
2026-09-23 22:16:45.189  INFO   decision    mode=traveling behavior=loot action=pickup target=168 reason='loot target' status=success
2026-09-23 22:16:46.352  INFO   decision    mode=traveling behavior=loot action=searching target=168 reason='stand beside item' status=success
2026-09-23 22:16:46.603  INFO   decision    mode=traveling behavior=traveling action=traveling target=- reason='enter farm area' status=success
2026-09-23 22:16:49.446  INFO   session     Entity shadow: vision=1 {'player': 1} memory=1 {'monster': 1} paired=0 median=0.000 unleveled=208:토끼
2026-09-23 22:16:54.215  INFO   decision    mode=traveling behavior=loot action=searching target=169 reason='stand beside item' status=success
2026-09-23 22:16:54.464  INFO   session     Entity shadow: vision=2 {'player': 1, 'item': 1} memory=1 {'item': 1} paired=1 median=0.016
2026-09-23 22:16:59.528  INFO   session     Entity shadow: vision=4 {'player': 2, 'item': 1, 'monster': 1} memory=4 {'player': 1, 'monster': 2, 'item': 1} paired=3 median=0.033 unleveled=14:개구리
2026-09-23 22:17:02.086  INFO   decision    mode=traveling behavior=loot action=searching target=169 reason='approach item' status=success (repeat)
2026-09-23 22:17:02.391  INFO   decision    mode=traveling behavior=loot action=pickup target=169 reason='loot target' status=success
2026-09-23 22:17:04.541  INFO   decision    mode=traveling behavior=loot action=searching target=169 reason='stand beside item' status=success
2026-09-23 22:17:04.789  INFO   session     Entity shadow: vision=3 {'player': 2, 'item': 1} memory=4 {'player': 1, 'monster': 2, 'item': 1} paired=2 median=0.020 unleveled=14:개구리,206:토끼
2026-09-23 22:17:05.305  INFO   decision    mode=traveling behavior=loot action=searching target=173 reason='stand beside item' status=success
2026-09-23 22:17:06.402  INFO   decision    mode=traveling behavior=loot action=pickup target=173 reason='loot target' status=success
2026-09-23 22:17:07.548  INFO   decision    mode=traveling behavior=loot action=searching target=173 reason='stand beside item' status=success
2026-09-23 22:17:08.445  INFO   decision    mode=traveling behavior=loot action=pickup target=173 reason='loot target' status=success
2026-09-23 22:17:09.878  INFO   session     Entity shadow: vision=2 {'player': 2} memory=2 {'player': 1, 'monster': 1} paired=1 median=0.020 unleveled=14:개구리
2026-09-23 22:17:10.619  INFO   decision    mode=traveling behavior=loot action=searching target=173 reason='stand beside item' status=success
2026-09-23 22:17:11.590  INFO   decision    mode=traveling behavior=traveling action=traveling target=- reason='enter farm area' status=success
2026-09-23 22:17:14.928  INFO   session     Entity shadow: vision=2 {'player': 2} memory=2 {'monster': 1, 'player': 1} paired=1 median=0.015 unleveled=14:개구리
2026-09-23 22:17:19.557  INFO   decision    mode=traveling behavior=traveling action=traveling target=- reason='enter farm area' status=success (repeat)
2026-09-23 22:17:20.068  INFO   session     Entity shadow: vision=1 {'player': 1} memory=0 {} paired=0 median=0.000
2026-09-23 22:17:20.387  INFO   decision    mode=traveling behavior=combat action=attack target=175 reason='engage target' status=success
2026-09-23 22:17:25.175  INFO   session     Entity shadow: vision=1 {'player': 1} memory=1 {'monster': 1} paired=0 median=0.000
2026-09-23 22:17:29.456  INFO   decision    mode=traveling behavior=traveling action=traveling target=- reason='enter farm area' status=success
2026-09-23 22:17:30.216  INFO   session     Entity shadow: vision=1 {'player': 1} memory=2 {'player': 1, 'monster': 1} paired=0 median=0.000 unleveled=14:개구리
2026-09-23 22:17:35.267  INFO   session     Entity shadow: vision=1 {'player': 1} memory=0 {} paired=0 median=0.000
2026-09-23 22:17:37.483  INFO   decision    mode=traveling behavior=traveling action=traveling target=- reason='enter farm area' status=success (repeat)
2026-09-23 22:17:40.356  INFO   session     Entity shadow: vision=1 {'player': 1} memory=0 {} paired=0 median=0.000
2026-09-23 22:17:45.347  INFO   decision    mode=traveling behavior=traveling action=traveling target=- reason='enter farm area' status=success (repeat)
2026-09-23 22:17:45.479  INFO   session     Entity shadow: vision=0 {} memory=0 {} paired=0 median=0.000
2026-09-23 22:17:50.377  INFO   decision    mode=traveling behavior=combat action=attack target=179 reason='engage target' status=success
2026-09-23 22:17:50.804  INFO   session     Entity shadow: vision=1 {'player': 1} memory=1 {'monster': 1} paired=0 median=0.000
2026-09-23 22:17:52.191  INFO   decision    mode=traveling behavior=loot action=searching target=181 reason='stand beside item' status=success
2026-09-23 22:17:54.001  INFO   decision    mode=traveling behavior=combat action=attack target=180 reason='engage target' status=success
2026-09-23 22:17:55.993  INFO   session     Entity shadow: vision=3 {'player': 1, 'monster': 1, 'item': 1} memory=2 {'item': 1, 'monster': 1} paired=2 median=0.018
2026-09-23 22:18:00.769  INFO   decision    mode=traveling behavior=traveling action=traveling target=- reason='enter farm area' status=success
2026-09-23 22:18:01.195  INFO   session     Entity shadow: vision=2 {'item': 1, 'player': 1} memory=0 {} paired=0 median=0.000
2026-09-23 22:18:06.299  INFO   session     Entity shadow: vision=1 {'monster': 1} memory=0 {} paired=0 median=0.000
2026-09-23 22:18:08.966  INFO   decision    mode=traveling behavior=traveling action=traveling target=- reason='enter farm area' status=success (repeat)
2026-09-23 22:18:11.365  INFO   session     Entity shadow: vision=1 {'player': 1} memory=0 {} paired=0 median=0.000
2026-09-23 22:18:12.559  INFO   decision    mode=traveling behavior=combat action=attack target=184 reason='engage target' status=success
2026-09-23 22:18:13.742  INFO   decision    mode=traveling behavior=traveling action=traveling target=- reason='enter farm area' status=success
2026-09-23 22:18:16.424  INFO   session     Entity shadow: vision=1 {'player': 1} memory=0 {} paired=0 median=0.000
2026-09-23 22:18:21.464  INFO   session     Entity shadow: vision=1 {'player': 1} memory=1 {'monster': 1} paired=0 median=0.000 unleveled=208:토끼
2026-09-23 22:18:21.636  INFO   decision    mode=traveling behavior=traveling action=traveling target=- reason='enter farm area' status=success (repeat)
2026-09-23 22:18:26.510  INFO   session     Entity shadow: vision=2 {'player': 2} memory=2 {'player': 1, 'monster': 1} paired=1 median=0.053 unleveled=208:토끼
2026-09-23 22:18:29.689  INFO   decision    mode=traveling behavior=traveling action=traveling target=- reason='enter farm area' status=success (repeat)
2026-09-23 22:18:31.629  INFO   session     Entity shadow: vision=2 {'player': 2} memory=2 {'monster': 1, 'player': 1} paired=1 median=0.020 unleveled=208:토끼
2026-09-23 22:18:32.450  INFO   decision    mode=farming behavior=search action=searching target=- reason='search area' status=success
2026-09-23 22:18:36.785  INFO   session     Entity shadow: vision=1 {'player': 1} memory=1 {'monster': 1} paired=0 median=0.000 unleveled=206:토끼
2026-09-23 22:18:37.208  INFO   session     Paused — hotkey
2026-09-23 22:18:39.375  INFO   session     Stop → Stopped
2026-09-23 22:18:39.626  INFO   session     Bot worker exited
