2026-09-24 21:10:54.492  INFO   session     Loading Manmabot from D:\Work\Lineage\ManmabotV1_final\engine
2026-09-24 21:10:54.496  INFO   session     Session log D:\Work\Lineage\ManmabotV1_final\engine\logs\bot-20260924-211054.log
2026-09-24 21:10:54.496  INFO   session     character=elf loot=all_items game_lang=ko map=talking_island farms=['area_2', 'area_1', 'area_3'] file=D:\Work\Lineage\ManmabotV1_final\engine\logs\bot-20260924-211054.log
2026-09-24 21:10:54.753  INFO   nav         building portal graph (cluster=32, 479x511)
2026-09-24 21:10:55.017  INFO   nav         portal graph: 188 components, 264 ms
2026-09-24 21:10:55.023  INFO   nav         farms=3 safe=11 home=(354, 203) (files farm=D:\Work\Lineage\ManmabotV1_final\engine\maps\talking_island\farms.yaml safe=D:\Work\Lineage\ManmabotV1_final\engine\maps\talking_island\safe.yaml home=D:\Work\Lineage\ManmabotV1_final\engine\maps\talking_island\home.yaml)
2026-09-24 21:10:55.402  INFO   capture     mss window capture process='LC.exe' title=None content_aspect=4:3
2026-09-24 21:10:55.767  INFO   session     Entity clicks use memory names, species, and world cells. Image recognition still runs. Set memory.entity_source to vision to restore image-only clicks.
2026-09-24 21:10:55.776  INFO   session     Player memory is read in this process (realtime_monitor.dll, offsets.json). No separate console.
2026-09-24 21:10:55.781  INFO   session     Inventory listen scanning in background (build inventory_listen.dll or place inv.json).
2026-09-24 21:10:55.786  INFO   session     Reading hotbar from memory (24 slots)…
2026-09-24 21:10:55.964  INFO   session     Hotbar scan done · power_up@box2/f8, armor_up@box2/f5, light@box1/f10, heal@box1/f9, hp_potion@box1/f5, teleport@box1/f11, mage_attack@box1/f12, talking_scroll@box1/f8
2026-09-24 21:10:55.990  INFO   session     Unmapped hotbar icons: box1/f6:+0 화살 (791), box1/f7:아데나 (1,300)
2026-09-24 21:10:55.999  INFO   session     Loop ready · elf · ko · map=talking_island · loot=all_items · farms=['area_2', 'area_1', 'area_3']
2026-09-24 21:10:56.757  INFO   session     Entity shadow: vision=18 {'monster': 4, 'player': 10, 'npc': 4} memory=16 {'player': 11, 'npc': 5} paired=12 median=0.018
2026-09-24 21:10:56.781  INFO   session     Inventory listen ready (dll) · hp=0 arrows=791 silver=5 depoison=0
2026-09-24 21:10:56.808  INFO   decision    mode=farming behavior=buff action=buff target=- reason='armor_up' status=success
2026-09-24 21:10:57.755  INFO   decision    mode=farming behavior=talking_scroll action=use_talking_scroll target=- reason='go to shop (buy_hp_potions_talking_ch)' status=success
2026-09-24 21:11:01.578  INFO   decision    mode=farming behavior=shop action=shop_stop target=- reason='stop at shop' status=success
2026-09-24 21:11:02.207  INFO   session     Entity shadow: vision=26 {'npc': 5, 'player': 20, 'monster': 1} memory=63 {'player': 61, 'npc': 2} paired=22 median=0.026
2026-09-24 21:11:02.299  INFO   decision    mode=farming behavior=shop action=shop_buy_arrows target=- reason='shop:buy_hp_potions_talking_ch' status=success
2026-09-24 21:11:11.277  INFO   session     Entity shadow: vision=24 {'player': 20, 'npc': 4} memory=56 {'player': 54, 'npc': 2} paired=22 median=0.025
2026-09-24 21:11:11.327  INFO   decision    mode=farming behavior=buff action=buff target=- reason='light' status=success
2026-09-24 21:11:11.811  INFO   decision    mode=farming behavior=talking_scroll action=use_talking_scroll target=- reason='return to farm map after shop' status=success
2026-09-24 21:11:15.442  INFO   decision    mode=traveling behavior=traveling action=traveling target=- reason='enter farm area' status=success
2026-09-24 21:11:16.618  INFO   session     Entity shadow: vision=34 {'player': 29, 'npc': 4, 'monster': 1} memory=50 {'npc': 8, 'player': 40, 'monster': 2} paired=31 median=0.055 unleveled=319:?,68:警衛
2026-09-24 21:11:21.061  INFO   session     Paused — hotkey
2026-09-24 21:13:20.677  INFO   session     Stop → Stopped
