2026-09-21 20:40:28.760  INFO   session     Loading Manmabot from D:\Work\ManmabotV1\engine
2026-09-21 20:40:28.762  INFO   session     Session log D:\Work\ManmabotV1\engine\logs\bot-20260921-204028.log
2026-09-21 20:40:28.762  INFO   session     character=elf loot=all_items game_lang=ko map=talking_island farms=['area_1', 'area_2', 'area_3', 'area_4', 'area_5', 'area_6'] file=D:\Work\ManmabotV1\engine\logs\bot-20260921-204028.log
2026-09-21 20:40:28.830  INFO   nav         building portal graph (cluster=32, 479x511)
2026-09-21 20:40:29.086  INFO   nav         portal graph: 188 components, 256 ms
2026-09-21 20:40:29.092  INFO   nav         farms=6 safe=11 home=(354, 203) (files farm=D:\Work\ManmabotV1\engine\maps\talking_island\farms.yaml safe=D:\Work\ManmabotV1\engine\maps\talking_island\safe.yaml home=D:\Work\ManmabotV1\engine\maps\talking_island\home.yaml)
2026-09-21 20:40:29.109  INFO   capture     mss window capture process='LC.exe' title=None content_aspect=4:3
2026-09-21 20:40:29.116  INFO   session     Auto-pause (cursor_outside)
2026-09-21 20:40:29.413  INFO   session     Auto-resume → Running
2026-09-21 20:40:29.466  INFO   session     Entity clicks use memory names, species, and world cells. Image recognition still runs. Set memory.entity_source to vision to restore image-only clicks.
2026-09-21 20:40:29.473  INFO   session     Player memory is read in this process (realtime_monitor.dll, offsets.json). No separate console.
2026-09-21 20:40:29.696  INFO   session     Auto-pause (cursor_outside)
2026-09-21 20:40:29.974  INFO   session     Auto-resume → Running
2026-09-21 20:40:30.247  INFO   session     Auto-pause (cursor_outside)
2026-09-21 20:40:30.525  INFO   session     Auto-resume → Running
2026-09-21 20:40:30.804  INFO   session     Auto-pause (cursor_outside)
2026-09-21 20:40:31.078  INFO   session     Auto-resume → Running
2026-09-21 20:40:31.358  INFO   session     Auto-pause (cursor_outside)
2026-09-21 20:40:31.645  INFO   session     Auto-resume → Running
2026-09-21 20:40:31.917  INFO   session     Auto-pause (cursor_outside)
2026-09-21 20:40:33.029  INFO   session     Auto-resume → Running
2026-09-21 20:40:50.572  INFO   session     Inventory listen ready (dll) · hp=26 arrows=481 silver=0 depoison=0
2026-09-21 20:40:50.577  INFO   session     Scanning hotbar (skill boxes 1–3)…
2026-09-21 20:40:53.437  INFO   session     Auto-pause (cursor_outside)
2026-09-21 20:40:53.710  INFO   session     Auto-resume → Running
2026-09-21 20:40:54.012  INFO   session     Auto-pause (not_focused)
2026-09-21 20:40:55.343  INFO   session     Hotbar scan done · hp_potion@box1/f5, talking_scroll@box1/f8
2026-09-21 20:40:55.348  INFO   session     Loop ready · elf · ko · map=talking_island · loot=all_items · farms=['area_1', 'area_2', 'area_3', 'area_4', 'area_5', 'area_6']
2026-09-21 20:41:36.565  INFO   session     Auto-resume → Running
2026-09-21 20:41:37.868  INFO   session     Entity shadow: vision=17 {'player': 13, 'npc': 4} memory=50 {'player': 47, 'npc': 3} paired=9 median=0.089
2026-09-21 20:41:44.133  INFO   session     Auto-pause (cursor_outside)
2026-09-21 20:41:44.407  INFO   session     Auto-resume → Running
2026-09-21 20:41:44.685  INFO   session     Auto-pause (cursor_outside)
2026-09-21 20:41:44.961  INFO   session     Auto-resume → Running
2026-09-21 20:41:45.237  INFO   session     Auto-pause (cursor_outside)
2026-09-21 20:41:45.520  INFO   session     Auto-resume → Running
2026-09-21 20:41:45.796  INFO   session     Auto-pause (cursor_outside)
2026-09-21 20:41:46.069  INFO   session     Auto-resume → Running
2026-09-21 20:41:46.352  INFO   session     Auto-pause (not_focused)
2026-09-21 20:41:48.581  INFO   session     Auto-resume → Running
2026-09-21 20:41:48.853  INFO   session     Auto-pause (cursor_outside)
2026-09-21 20:41:49.134  INFO   session     Auto-resume → Running
2026-09-21 20:41:49.412  INFO   session     Auto-pause (cursor_outside)
2026-09-21 20:41:52.213  INFO   session     Auto-resume → Running
2026-09-21 20:41:52.497  INFO   session     Auto-pause (cursor_outside)
2026-09-21 20:41:55.874  INFO   session     Auto-resume → Running
2026-09-21 20:41:56.154  INFO   session     Auto-pause (cursor_outside)
2026-09-21 20:42:03.440  INFO   session     Auto-resume → Running
2026-09-21 20:42:03.786  INFO   session     Entity shadow: vision=16 {'player': 12, 'npc': 4} memory=50 {'player': 47, 'npc': 3} paired=14 median=0.041
2026-09-21 20:42:07.612  INFO   session     Paused — hotkey
2026-09-21 20:42:08.894  INFO   session     Hotkey resume → Running
2026-09-21 20:42:12.069  INFO   session     Auto-pause (cursor_outside)
2026-09-21 20:42:12.341  INFO   session     Auto-resume → Running
2026-09-21 20:42:12.624  INFO   session     Auto-pause (not_focused)
2026-09-21 20:42:13.749  INFO   session     Auto-resume → Running
2026-09-21 20:42:15.423  INFO   session     Auto-pause (cursor_outside)
2026-09-21 20:42:15.701  INFO   session     Auto-resume → Running
2026-09-21 20:42:15.974  INFO   session     Auto-pause (cursor_outside)
2026-09-21 20:42:18.804  INFO   session     Stop → Stopped
2026-09-21 20:42:27.597  INFO   session     Bot worker exited
