2026-09-27 23:17:31.047  INFO   session     Loading Manmabot from D:\ManmabotV1_final\engine
2026-09-27 23:17:31.053  INFO   session     Session log D:\ManmabotV1_final\engine\logs\bot-20260927-231731.log
2026-09-27 23:17:31.053  INFO   session     character=elf loot=all_items game_lang=ko map=talking_island farms=['area_2', 'area_1', 'area_3'] file=D:\ManmabotV1_final\engine\logs\bot-20260927-231731.log
2026-09-27 23:17:31.342  INFO   nav         building portal graph (cluster=32, 479x511)
2026-09-27 23:17:31.665  INFO   nav         portal graph: 188 components, 323 ms
2026-09-27 23:17:31.672  INFO   nav         farms=3 safe=11 home=(354, 203) (files farm=D:\ManmabotV1_final\engine\maps\talking_island\farms.yaml safe=D:\ManmabotV1_final\engine\maps\talking_island\safe.yaml home=D:\ManmabotV1_final\engine\maps\talking_island\home.yaml)
2026-09-27 23:17:31.908  INFO   capture     mss window capture process='LC.exe' title=None content_aspect=4:3
2026-09-27 23:17:32.396  INFO   session     Entity clicks use memory names, species, and world cells. Image recognition still runs. Set memory.entity_source to vision to restore image-only clicks.
2026-09-27 23:17:32.413  INFO   session     Player memory is read in this process (realtime_monitor.dll, offsets.json). No separate console.
2026-09-27 23:17:32.424  INFO   session     인벤토리를 백그라운드에서 스캔 중 (inventory_listen.dll 또는 inv.json을 두세요).
2026-09-27 23:17:32.454  INFO   session     메모리에서 핫바 24칸을 읽는 중…
2026-09-27 23:17:32.540  INFO   session     핫바 스캔 완료 · 파워 업@box2/f8, 아머 업@box2/f5, 라이트@box1/f10, 힐@box1/f9, HP 물약@box1/f9, 텔레포트@box1/f11, 마법 공격@box1/f12, 말하는 두루마리@box1/f5
2026-09-27 23:17:32.570  INFO   session     매핑되지 않은 핫바 아이콘: box1/f6:작은 활 (무장), box1/f7:나무 화살, box1/f8:아데나
2026-09-27 23:17:32.590  INFO   session     루프 준비 · 요정 · 한국어 · 맵=말하는 섬 · 룻=전부 줍기 · 구역=구역 2, 구역 1, 구역 3
2026-09-27 23:17:33.302  INFO   session     Entity shadow: vision=6 {'monster': 4, 'npc': 1, 'player': 1} memory=4 {'monster': 4} paired=3 median=0.029 unleveled=12:史萊姆
2026-09-27 23:17:33.352  INFO   session     인벤토리 수신 준비 (dll) · hp=0 화살=461 은화살=215 해독=0
2026-09-27 23:17:33.379  INFO   decision    mode=farming behavior=buff action=buff target=- reason='armor_up' status=success
2026-09-27 23:17:34.485  INFO   decision    mode=farming behavior=search action=searching target=- reason='search area' status=success
2026-09-27 23:17:38.502  INFO   session     Entity shadow: vision=4 {'player': 2, 'monster': 2} memory=6 {'player': 1, 'monster': 5} paired=3 median=0.019 unleveled=12:史萊姆
2026-09-27 23:17:39.260  INFO   decision    mode=farming behavior=loot action=searching target=7 reason='walk onto item' status=success
2026-09-27 23:17:42.889  INFO   decision    mode=farming behavior=search action=searching target=- reason='search area' status=success
2026-09-27 23:17:43.705  INFO   session     Entity shadow: vision=2 {'player': 1, 'monster': 1} memory=3 {'player': 1, 'monster': 2} paired=2 median=0.104 unleveled=12:史萊姆
2026-09-27 23:17:43.727  INFO   decision    mode=farming behavior=buff action=buff target=- reason='light' status=success
2026-09-27 23:17:44.430  INFO   decision    mode=farming behavior=search action=searching target=- reason='search area' status=success
2026-09-27 23:17:48.958  INFO   session     Entity shadow: vision=4 {'player': 1, 'monster': 3} memory=3 {'player': 1, 'monster': 2} paired=3 median=0.037
2026-09-27 23:17:50.151  INFO   decision    mode=farming behavior=loot action=searching target=10 reason='walk onto item' status=success
2026-09-27 23:17:52.756  INFO   session     일시정지 — 단축키
2026-09-27 23:18:53.739  INFO   session     정지 → 중지됨
2026-09-27 23:18:53.912  INFO   session     봇 작업이 종료되었습니다
