2026-09-20 22:56:42.783  INFO   session     Loading Manmabot from D:\ManmabotV1\engine
2026-09-20 22:56:42.797  INFO   session     Session log D:\ManmabotV1\engine\logs\bot-20260920-225642.log
2026-09-20 22:56:42.797  INFO   session     character=royal loot=all_items game_lang=ko map=talking_island farms=['area_1', 'area_2', 'area_3', 'area_4'] file=D:\ManmabotV1\engine\logs\bot-20260920-225642.log
2026-09-20 22:56:42.852  INFO   nav         building portal graph (cluster=32, 479x511)
2026-09-20 22:56:43.109  INFO   nav         portal graph: 188 components, 257 ms
2026-09-20 22:56:43.115  INFO   nav         farms=4 safe=11 home=(354, 203) (files farm=D:\ManmabotV1\engine\maps\talking_island\farms.yaml safe=D:\ManmabotV1\engine\maps\talking_island\safe.yaml home=D:\ManmabotV1\engine\maps\talking_island\home.yaml)
2026-09-20 22:56:43.116  INFO   capture     mss window capture process='LC.exe' title=None content_aspect=4:3
2026-09-20 22:56:43.683  INFO   session     Memory monitor connected
2026-09-20 22:56:43.686  INFO   session     Scanning hotbar (skill boxes 1–3)…
2026-09-20 22:56:47.839  INFO   session     Hotbar scan done · talking_scroll@box1/f5
2026-09-20 22:56:47.842  INFO   session     Potion restock armed · no hp_potion on hotbar
2026-09-20 22:56:47.847  INFO   session     Loop ready · royal · ko · map=talking_island · loot=all_items · farms=['area_1', 'area_2', 'area_3', 'area_4']
2026-09-20 22:56:48.231  INFO   decision    mode=farming behavior=talking_scroll action=use_talking_scroll target=- reason='go to shop (buy_hp_potions)' status=success
2026-09-20 22:56:49.151  INFO   nav         async nav configure start map=mainland
2026-09-20 22:56:49.327  INFO   decision    mode=farming behavior=shop action=shop_stop target=- reason='stop at shop' status=success
2026-09-20 22:56:49.827  INFO   nav         building portal graph (cluster=32, 1755x1414)
2026-09-20 22:56:53.775  INFO   nav         portal graph: 2586 components, 3948 ms
2026-09-20 22:56:53.780  INFO   nav         farms=6 safe=0 home=None (files farm=D:\ManmabotV1\engine\maps\mainland\farms.yaml safe=D:\ManmabotV1\engine\maps\mainland\safe.yaml home=D:\ManmabotV1\engine\maps\mainland\home.yaml)
2026-09-20 22:56:53.780  INFO   nav         async nav configure done map=mainland (4629 ms)
2026-09-20 22:56:53.988  INFO   decision    mode=traveling behavior=traveling action=traveling target=- reason='unstick' status=success
2026-09-20 22:56:57.106  INFO   session     Auto-pause (cursor_outside)
2026-09-20 22:56:57.380  INFO   session     Auto-resume → Running
2026-09-20 22:56:57.647  INFO   session     Auto-pause (cursor_outside)
2026-09-20 22:56:58.740  INFO   session     Stop → Stopped
2026-09-20 22:57:05.463  INFO   session     Bot worker exited
