2026-09-23 23:42:40.221  INFO   session     Loading Manmabot from D:\Work\Lineage\ManmabotV1_final\engine
2026-09-23 23:42:40.224  INFO   session     Session log D:\Work\Lineage\ManmabotV1_final\engine\logs\bot-20260923-234240.log
2026-09-23 23:42:40.224  INFO   session     character=elf loot=all_items game_lang=ko map=talking_island farms=['area_3', 'area_2'] file=D:\Work\Lineage\ManmabotV1_final\engine\logs\bot-20260923-234240.log
2026-09-23 23:42:40.410  INFO   session     Auto-resume → Running
2026-09-23 23:42:43.121  INFO   nav         building portal graph (cluster=32, 479x511)
2026-09-23 23:42:43.374  INFO   nav         portal graph: 188 components, 253 ms
2026-09-23 23:42:43.397  INFO   nav         farms=2 safe=11 home=(354, 203) (files farm=D:\Work\Lineage\ManmabotV1_final\engine\maps\talking_island\farms.yaml safe=D:\Work\Lineage\ManmabotV1_final\engine\maps\talking_island\safe.yaml home=D:\Work\Lineage\ManmabotV1_final\engine\maps\talking_island\home.yaml)
2026-09-23 23:42:44.098  INFO   capture     mss window capture process='LC.exe' title=None content_aspect=4:3
2026-09-23 23:42:47.343  INFO   session     Entity clicks use memory names, species, and world cells. Image recognition still runs. Set memory.entity_source to vision to restore image-only clicks.
2026-09-23 23:42:47.350  INFO   session     Player memory is read in this process (realtime_monitor.dll, offsets.json). No separate console.
2026-09-23 23:42:47.385  INFO   session     Inventory listen scanning in background (build inventory_listen.dll or place inv.json).
2026-09-23 23:42:47.434  INFO   session     Reading hotbar from memory (24 slots)…
2026-09-23 23:42:47.569  INFO   session     Hotbar scan done · talking_scroll@box1/f8
2026-09-23 23:42:47.573  INFO   session     Unmapped hotbar icons: box1/f5:체력 회복제 (11), box1/f6:+0 화살 (2,575), box1/f7:아데나 (459), box1/f12:상쾌한 초록 물약
2026-09-23 23:42:47.600  INFO   session     Loop ready · elf · ko · map=talking_island · loot=all_items · farms=['area_3', 'area_2']
2026-09-23 23:42:49.196  INFO   session     Entity shadow: vision=11 {'player': 7, 'npc': 3, 'monster': 1} memory=16 {'monster': 1, 'npc': 6, 'player': 9} paired=9 median=0.023 unleveled=208:토끼
2026-09-23 23:42:49.236  INFO   session     Inventory listen ready (dll) · hp=11 arrows=2575 silver=5 depoison=0
2026-09-23 23:42:49.306  INFO   decision    mode=traveling behavior=traveling action=traveling target=- reason='enter farm area' status=success
2026-09-23 23:42:53.922  INFO   session     Paused — hotkey
2026-09-23 23:42:59.814  INFO   session     Resume → Running
2026-09-23 23:43:00.448  INFO   session     Entity shadow: vision=29 {'player': 20, 'npc': 8, 'monster': 1} memory=47 {'npc': 8, 'player': 39} paired=24 median=0.036
2026-09-23 23:43:05.626  INFO   session     Entity shadow: vision=27 {'player': 21, 'npc': 6} memory=46 {'player': 37, 'monster': 1, 'npc': 8} paired=25 median=0.034 unleveled=14:개구리
2026-09-23 23:43:10.731  INFO   session     Entity shadow: vision=25 {'player': 19, 'npc': 6} memory=50 {'player': 41, 'monster': 1, 'npc': 8} paired=23 median=0.035 unleveled=14:개구리
2026-09-23 23:43:12.377  INFO   decision    mode=traveling behavior=traveling action=traveling target=- reason='enter farm area' status=success (repeat)
2026-09-23 23:43:15.800  INFO   session     Entity shadow: vision=27 {'player': 23, 'npc': 4} memory=44 {'player': 33, 'npc': 9, 'monster': 2} paired=26 median=0.068 unleveled=14:개구리,319:?
2026-09-23 23:43:17.809  INFO   session     Paused — hotkey
2026-09-23 23:43:28.638  INFO   session     Resume → Running
2026-09-23 23:43:29.087  INFO   session     Entity shadow: vision=17 {'player': 14, 'npc': 3} memory=24 {'player': 16, 'npc': 7, 'monster': 1} paired=16 median=0.030 unleveled=319:?
2026-09-23 23:43:34.112  INFO   session     Entity shadow: vision=5 {'player': 2, 'npc': 3} memory=7 {'monster': 2, 'npc': 4, 'player': 1} paired=1 median=0.070 unleveled=68:경비병,10:경비병
2026-09-23 23:43:36.547  INFO   decision    mode=traveling behavior=traveling action=traveling target=- reason='enter farm area' status=success (repeat)
2026-09-23 23:43:39.129  INFO   session     Entity shadow: vision=3 {'player': 1, 'npc': 2} memory=3 {'monster': 3} paired=0 median=0.000 unleveled=14:개구리,68:경비병,10:경비병
2026-09-23 23:43:44.245  INFO   session     Entity shadow: vision=3 {'player': 1, 'npc': 2} memory=2 {'monster': 2} paired=0 median=0.000 unleveled=68:경비병,10:경비병
2026-09-23 23:43:44.780  INFO   decision    mode=traveling behavior=traveling action=traveling target=- reason='enter farm area' status=success (repeat)
2026-09-23 23:43:49.268  INFO   session     Entity shadow: vision=3 {'player': 1, 'npc': 2} memory=3 {'monster': 3} paired=0 median=0.000 unleveled=68:경비병,10:경비병
2026-09-23 23:43:52.992  INFO   decision    mode=traveling behavior=traveling action=traveling target=- reason='enter farm area' status=success (repeat)
2026-09-23 23:43:54.309  INFO   session     Entity shadow: vision=3 {'player': 1, 'npc': 2} memory=2 {'monster': 2} paired=0 median=0.000 unleveled=68:경비병,10:경비병
2026-09-23 23:43:57.145  INFO   decision    mode=traveling behavior=combat action=attack target=129 reason='engage target' status=success
2026-09-23 23:43:57.321  INFO   session     Auto-pause (not_focused)
2026-09-23 23:43:57.707  INFO   session     Resume → Running
2026-09-23 23:43:59.442  INFO   session     Entity shadow: vision=3 {'npc': 1, 'player': 1, 'monster': 1} memory=3 {'monster': 3} paired=1 median=0.026 unleveled=68:경비병,10:경비병
2026-09-23 23:44:04.560  INFO   session     Entity shadow: vision=3 {'npc': 1, 'player': 1, 'monster': 1} memory=3 {'monster': 3} paired=1 median=0.016 unleveled=10:경비병
2026-09-23 23:44:08.624  INFO   decision    mode=traveling behavior=combat action=attack target=123 reason='attack target' status=success
2026-09-23 23:44:09.016  INFO   decision    mode=traveling behavior=traveling action=traveling target=- reason='enter farm area' status=success
2026-09-23 23:44:09.602  INFO   session     Entity shadow: vision=2 {'npc': 1, 'player': 1} memory=3 {'player': 1, 'monster': 2} paired=0 median=0.000 unleveled=68:경비병,10:경비병
2026-09-23 23:44:13.419  INFO   session     Paused — hotkey
2026-09-23 23:44:15.490  INFO   session     Stop → Stopped (정지 — 게임 창이 닫혔습니다.)
2026-09-23 23:44:15.546  INFO   session     Bot worker exited
