2026-09-24 00:26:30.524  INFO   session     Loading Manmabot from D:\Work\Lineage\ManmabotV1_final\engine
2026-09-24 00:26:30.528  INFO   session     Session log D:\Work\Lineage\ManmabotV1_final\engine\logs\bot-20260924-002630.log
2026-09-24 00:26:30.528  INFO   session     character=elf loot=all_items game_lang=ko map=talking_island farms=['area_3', 'area_2'] file=D:\Work\Lineage\ManmabotV1_final\engine\logs\bot-20260924-002630.log
2026-09-24 00:26:30.584  INFO   nav         building portal graph (cluster=32, 479x511)
2026-09-24 00:26:30.845  INFO   nav         portal graph: 188 components, 261 ms
2026-09-24 00:26:30.852  INFO   nav         farms=2 safe=11 home=(354, 203) (files farm=D:\Work\Lineage\ManmabotV1_final\engine\maps\talking_island\farms.yaml safe=D:\Work\Lineage\ManmabotV1_final\engine\maps\talking_island\safe.yaml home=D:\Work\Lineage\ManmabotV1_final\engine\maps\talking_island\home.yaml)
2026-09-24 00:26:30.871  INFO   capture     mss window capture process='LC.exe' title=None content_aspect=4:3
2026-09-24 00:26:31.265  INFO   session     Entity clicks use memory names, species, and world cells. Image recognition still runs. Set memory.entity_source to vision to restore image-only clicks.
2026-09-24 00:26:31.275  INFO   session     Player memory is read in this process (realtime_monitor.dll, offsets.json). No separate console.
2026-09-24 00:26:31.284  INFO   session     Inventory listen scanning in background (build inventory_listen.dll or place inv.json).
2026-09-24 00:26:31.290  INFO   session     Reading hotbar from memory (24 slots)…
2026-09-24 00:26:31.433  INFO   session     Hotbar scan done · hp_potion@box1/f5, talking_scroll@box1/f8
2026-09-24 00:26:31.438  INFO   session     Unmapped hotbar icons: box1/f6:+0 화살 (2,472), box1/f7:아데나 (578), box1/f12:상쾌한 초록 물약
2026-09-24 00:26:31.449  INFO   session     Loop ready · elf · ko · map=talking_island · loot=all_items · farms=['area_3', 'area_2']
2026-09-24 00:26:31.762  INFO   session     Entity shadow: vision=2 {'player': 1, 'npc': 1} memory=2 {'monster': 2} paired=0 median=0.000 unleveled=189:鹿
2026-09-24 00:26:31.816  INFO   session     Inventory listen ready (dll) · hp=9 arrows=2472 silver=5 depoison=0
2026-09-24 00:26:31.882  INFO   decision    mode=traveling behavior=traveling action=traveling target=- reason='enter farm area' status=success
2026-09-24 00:26:34.441  INFO   decision    mode=traveling behavior=combat action=attack target=4 reason='engage target' status=success
2026-09-24 00:26:36.953  INFO   session     Entity shadow: vision=3 {'player': 1, 'monster': 2} memory=3 {'monster': 3} paired=2 median=0.096
2026-09-24 00:26:37.696  INFO   decision    mode=traveling behavior=combat action=attack target=5 reason='engage target' status=success
2026-09-24 00:26:42.068  INFO   session     Entity shadow: vision=5 {'player': 1, 'monster': 3, 'npc': 1} memory=3 {'monster': 3} paired=2 median=0.056 unleveled=68:警衛
2026-09-24 00:26:42.088  INFO   decision    mode=traveling behavior=combat action=attack target=6 reason='engage target' status=success
2026-09-24 00:26:43.305  INFO   decision    mode=traveling behavior=loot action=searching target=9 reason='walk onto item' status=success
2026-09-24 00:26:45.841  INFO   decision    mode=traveling behavior=combat action=attack target=7 reason='engage target' status=success
2026-09-24 00:26:47.134  INFO   session     Entity shadow: vision=5 {'item': 1, 'monster': 3, 'player': 1} memory=3 {'monster': 2, 'item': 1} paired=3 median=0.013
2026-09-24 00:26:52.357  INFO   session     Entity shadow: vision=6 {'monster': 3, 'item': 1, 'player': 2} memory=5 {'monster': 4, 'item': 1} paired=4 median=0.021 unleveled=208:兔子
2026-09-24 00:26:56.288  INFO   decision    mode=traveling behavior=combat action=attack target=11 reason='attack target' status=success
2026-09-24 00:26:57.611  INFO   session     Entity shadow: vision=4 {'item': 1, 'player': 1, 'monster': 2} memory=4 {'monster': 3, 'item': 1} paired=3 median=0.019 unleveled=208:兔子
2026-09-24 00:26:58.796  INFO   decision    mode=traveling behavior=survival_potion action=use_hp_potion target=- reason='critical hp, cannot heal' status=success
2026-09-24 00:27:00.104  INFO   decision    mode=traveling behavior=combat action=attack target=11 reason='attack target' status=success
2026-09-24 00:27:02.841  INFO   session     Entity shadow: vision=3 {'item': 1, 'player': 1, 'monster': 1} memory=4 {'monster': 3, 'item': 1} paired=2 median=0.019 unleveled=208:兔子
2026-09-24 00:27:08.007  INFO   session     Entity shadow: vision=3 {'monster': 1, 'item': 1, 'player': 1} memory=4 {'item': 2, 'monster': 2} paired=1 median=0.008 unleveled=14:青蛙
2026-09-24 00:27:08.028  INFO   decision    mode=traveling behavior=survival_potion action=use_hp_potion target=- reason='critical hp, cannot heal' status=success
2026-09-24 00:27:08.918  INFO   decision    mode=traveling behavior=combat action=attack target=10 reason='engage target' status=success
2026-09-24 00:27:11.695  INFO   decision    mode=traveling behavior=talking_scroll action=use_talking_scroll target=- reason='go to shop (buy_hp_potions_mainland)' status=success
2026-09-24 00:27:14.366  INFO   nav         async nav configure start map=mainland
2026-09-24 00:27:15.345  INFO   session     Entity shadow: vision=33 {'player': 28, 'monster': 3, 'npc': 2} memory=67 {'player': 58, 'monster': 1, 'npc': 8} paired=29 median=0.032 unleveled=319:?
2026-09-24 00:27:15.444  INFO   decision    mode=farming behavior=shop action=shop_stop target=- reason='stop at shop' status=success
2026-09-24 00:27:15.466  INFO   nav         building portal graph (cluster=32, 1755x1414)
2026-09-24 00:27:20.037  INFO   nav         portal graph: 2586 components, 4570 ms
2026-09-24 00:27:20.041  INFO   nav         farms=6 safe=0 home=None (files farm=D:\Work\Lineage\ManmabotV1_final\engine\maps\mainland\farms.yaml safe=D:\Work\Lineage\ManmabotV1_final\engine\maps\mainland\safe.yaml home=D:\Work\Lineage\ManmabotV1_final\engine\maps\mainland\home.yaml)
2026-09-24 00:27:20.042  INFO   nav         async nav configure done map=mainland (5675 ms)
2026-09-24 00:27:20.400  INFO   decision    mode=farming behavior=shop action=shop_buy_arrows target=- reason='shop:buy_hp_potions_mainland' status=success
2026-09-24 00:27:26.012  INFO   session     Entity shadow: vision=25 {'player': 24, 'monster': 1} memory=62 {'npc': 8, 'player': 53, 'monster': 1} paired=22 median=0.028 unleveled=319:?
2026-09-24 00:27:26.058  INFO   decision    mode=farming behavior=talking_scroll action=use_talking_scroll target=- reason='return to farm map after shop' status=success
2026-09-24 00:27:28.718  INFO   nav         async nav configure start map=talking_island
2026-09-24 00:27:28.803  INFO   nav         building portal graph (cluster=32, 479x511)
2026-09-24 00:27:29.194  INFO   nav         portal graph: 188 components, 392 ms
2026-09-24 00:27:29.203  INFO   nav         farms=4 safe=11 home=(354, 203) (files farm=D:\Work\Lineage\ManmabotV1_final\engine\maps\talking_island\farms.yaml safe=D:\Work\Lineage\ManmabotV1_final\engine\maps\talking_island\safe.yaml home=D:\Work\Lineage\ManmabotV1_final\engine\maps\talking_island\home.yaml)
2026-09-24 00:27:29.203  INFO   nav         async nav configure done map=talking_island (486 ms)
2026-09-24 00:27:29.534  INFO   decision    mode=farming behavior=loot action=pickup target=15 reason='engage item' status=success
2026-09-24 00:27:31.145  INFO   session     Entity shadow: vision=24 {'player': 22, 'monster': 1, 'npc': 1} memory=64 {'player': 55, 'npc': 8, 'monster': 1} paired=23 median=0.027 unleveled=319:?
2026-09-24 00:27:33.851  INFO   session     Paused — hotkey
2026-09-24 00:28:58.398  INFO   session     Stop → Stopped (정지 — 게임 창이 닫혔습니다.)
2026-09-24 00:28:58.506  INFO   session     Bot worker exited
