2026-09-29 23:07:52.631  INFO   session     Loading Manmabot from D:\KRR\1.LCBot\ManmabotV1_final\engine
2026-09-29 23:07:52.682  INFO   session     Session log D:\KRR\1.LCBot\ManmabotV1_final\engine\logs\bot-20260929-230752.log
2026-09-29 23:07:52.698  INFO   session     character=elf loot=all_items game_lang=ko map=talking_island farms=['area_1', 'area_3'] file=D:\KRR\1.LCBot\ManmabotV1_final\engine\logs\bot-20260929-230752.log
2026-09-29 23:07:52.764  INFO   nav         building portal graph (cluster=32, 512x576)
2026-09-29 23:07:53.697  INFO   nav         portal graph: 189 components, 729 ms
2026-09-29 23:07:53.945  INFO   nav         farms=2 safe=11 home=(385, 246) (files farm=D:\KRR\1.LCBot\ManmabotV1_final\engine\maps\talking_island\farms.yaml safe=D:\KRR\1.LCBot\ManmabotV1_final\engine\maps\talking_island\safe.yaml home=D:\KRR\1.LCBot\ManmabotV1_final\engine\maps\talking_island\home.yaml)
2026-09-29 23:07:54.114  INFO   capture     mss window capture process='LC.exe' title=None content_aspect=4:3
2026-09-29 23:07:54.722  INFO   session     Entity clicks use memory names, species, and world cells. Image recognition still runs. Set memory.entity_source to vision to restore image-only clicks.
2026-09-29 23:07:55.052  INFO   session     Player memory is read in this process (realtime_monitor.dll, offsets.json). No separate console.
2026-09-29 23:07:55.092  INFO   session     인벤토리 수신 시작 · inv.json 시드 · hp=42 화살=9151 은화살=0 해독=0 (백그라운드 실시간 스캔)
2026-09-29 23:07:55.146  INFO   session     메모리에서 핫바 24칸을 읽는 중…
2026-09-29 23:07:56.213  INFO   session     핫바 스캔 완료 · 파워 업@box1/f5, 아머 업@box1/f6, 라이트@box1/f7, 힐@box1/f8, HP 물약@box2/f9, 텔레포트@box1/f10, 마법 공격@box1/f12, 말하는 두루마리@box2/f5, 마더 트리@box2/f6, HP를 MP로@box2/f7
2026-09-29 23:07:56.356  INFO   session     매핑되지 않은 핫바 아이콘: box1/f8:SPELL, box1/f11:아데나, box1/f12:화살, box2/f10:상쾌한 빨간 물약, box2/f12:속도향상 물약, box3/f10:SPELL
2026-09-29 23:07:56.435  INFO   session     루프 준비 · 요정 · 한국어 · 맵=말하는 섬 · 룻=전부 줍기 · 구역=구역 1, 구역 3
2026-09-29 23:07:57.481  INFO   session     Entity shadow: vision=32 {'player': 30, 'monster': 1, 'npc': 1} memory=52 {'monster': 3, 'player': 43, 'npc': 6} paired=28 median=0.031 unleveled=14:青蛙,319:?,68:警衛
2026-09-29 23:07:57.917  INFO   session     인벤토리 수신 준비 (dll) · hp=42 화살=9128 은화살=0 해독=0
2026-09-29 23:07:57.981  INFO   search      farm branch=none (wander/search next)
2026-09-29 23:07:57.982  INFO   travel      return/enter farm needed at (324,225)
2026-09-29 23:07:58.000  INFO   search      farm branch=none (wander/search next)
2026-09-29 23:07:58.040  INFO   travel      hop begin wp=(327, 236) purpose=enter_farm reason=enter farm area
2026-09-29 23:07:58.041  INFO   decision    mode=traveling goal=traveling action=traveling target=- sticky=- origin=(324,225) shop=0 scrolled=0 reason='enter farm area' status=success
2026-09-29 23:07:59.316  INFO   search      farm branch=none (wander/search next)
2026-09-29 23:08:00.120  INFO   search      farm branch=none (wander/search next)
2026-09-29 23:08:00.150  INFO   travel      hop begin wp=(330, 239) purpose=enter_farm reason=enter farm area
2026-09-29 23:08:00.943  INFO   search      farm branch=none (wander/search next)
2026-09-29 23:08:01.706  INFO   search      farm branch=none (wander/search next)
2026-09-29 23:08:02.760  INFO   search      farm branch=none (wander/search next)
2026-09-29 23:08:03.370  INFO   travel      hop begin wp=(323, 231) purpose=enter_farm reason=enter farm, walk around
2026-09-29 23:08:04.393  INFO   session     Entity shadow: vision=34 {'player': 31, 'monster': 1, 'npc': 2} memory=58 {'player': 49, 'npc': 7, 'monster': 2} paired=33 median=0.063 unleveled=14:青蛙,319:?
2026-09-29 23:08:04.529  INFO   search      farm branch=none (wander/search next)
2026-09-29 23:08:04.839  INFO   search      farm branch=none (wander/search next)
2026-09-29 23:08:05.105  INFO   search      farm branch=none (wander/search next)
2026-09-29 23:08:05.431  INFO   search      farm branch=none (wander/search next)
2026-09-29 23:08:05.465  INFO   travel      hop begin wp=(334, 242) purpose=enter_farm reason=enter farm area
2026-09-29 23:08:06.115  INFO   search      farm branch=none (wander/search next)
2026-09-29 23:08:06.613  INFO   search      farm branch=none (wander/search next)
2026-09-29 23:08:07.181  INFO   search      farm branch=none (wander/search next)
2026-09-29 23:08:07.637  INFO   search      farm branch=none (wander/search next)
2026-09-29 23:08:07.668  INFO   travel      hop begin wp=(337, 243) purpose=enter_farm reason=enter farm area
2026-09-29 23:08:08.244  INFO   search      farm branch=none (wander/search next)
2026-09-29 23:08:08.682  INFO   search      farm branch=none (wander/search next)
2026-09-29 23:08:09.746  INFO   session     Entity shadow: vision=10 {'player': 6, 'npc': 4} memory=15 {'monster': 1, 'npc': 5, 'player': 9} paired=7 median=0.031 unleveled=14:青蛙
2026-09-29 23:08:09.864  INFO   search      farm branch=none (wander/search next)
2026-09-29 23:08:09.899  INFO   travel      hop begin wp=(347, 240) purpose=enter_farm reason=enter farm area
2026-09-29 23:08:10.373  INFO   search      farm branch=none (wander/search next)
2026-09-29 23:08:10.664  INFO   search      farm branch=none (wander/search next)
2026-09-29 23:08:11.151  INFO   search      farm branch=none (wander/search next)
2026-09-29 23:08:11.652  INFO   search      farm branch=none (wander/search next)
2026-09-29 23:08:12.294  INFO   search      farm branch=none (wander/search next)
2026-09-29 23:08:12.460  INFO   travel      hop begin wp=(349, 240) purpose=enter_farm reason=enter farm area
2026-09-29 23:08:12.939  INFO   search      farm branch=none (wander/search next)
2026-09-29 23:08:13.180  INFO   search      farm branch=none (wander/search next)
2026-09-29 23:08:13.694  INFO   search      farm branch=none (wander/search next)
2026-09-29 23:08:14.228  INFO   search      farm branch=none (wander/search next)
2026-09-29 23:08:14.654  INFO   session     Entity shadow: vision=3 {'player': 2, 'npc': 1} memory=7 {'monster': 3, 'player': 3, 'npc': 1} paired=1 median=0.026 unleveled=206:兔子,10:警衛,68:警衛
2026-09-29 23:08:15.038  INFO   search      farm branch=none (wander/search next)
2026-09-29 23:08:15.068  INFO   travel      hop begin wp=(349, 240) purpose=enter_farm reason=enter farm area
2026-09-29 23:08:15.596  INFO   search      farm branch=none (wander/search next)
2026-09-29 23:08:16.158  INFO   travel      hop arrive wp=(349, 240) purpose=enter_farm
2026-09-29 23:08:16.211  INFO   travel      hop begin wp=(350, 252) purpose=enter_farm reason=enter farm area
2026-09-29 23:08:16.587  INFO   search      farm branch=none (wander/search next)
2026-09-29 23:08:16.910  INFO   search      farm branch=none (wander/search next)
2026-09-29 23:08:17.123  INFO   search      farm branch=none (wander/search next)
2026-09-29 23:08:17.410  INFO   search      farm branch=none (wander/search next)
2026-09-29 23:08:17.669  INFO   search      farm branch=none (wander/search next)
2026-09-29 23:08:17.916  INFO   search      farm branch=none (wander/search next)
2026-09-29 23:08:18.091  INFO   search      farm branch=none (wander/search next)
2026-09-29 23:08:18.266  INFO   travel      hop begin wp=(352, 253) purpose=enter_farm reason=enter farm area
2026-09-29 23:08:18.698  INFO   search      farm branch=none (wander/search next)
2026-09-29 23:08:19.039  INFO   search      farm branch=none (wander/search next)
2026-09-29 23:08:19.228  INFO   search      farm branch=none (wander/search next)
2026-09-29 23:08:19.476  INFO   search      farm branch=none (wander/search next)
2026-09-29 23:08:19.719  INFO   search      farm branch=none (wander/search next)
2026-09-29 23:08:20.050  INFO   session     Entity shadow: vision=2 {'player': 1, 'npc': 1} memory=3 {'monster': 3} paired=0 median=0.000 unleveled=206:兔子,10:警衛,68:警衛
2026-09-29 23:08:20.109  INFO   search      farm branch=none (wander/search next)
2026-09-29 23:08:20.368  INFO   travel      hop begin wp=(350, 257) purpose=enter_farm reason=enter farm area
2026-09-29 23:08:20.669  INFO   search      farm branch=none (wander/search next)
2026-09-29 23:08:21.122  INFO   search      farm branch=none (wander/search next)
2026-09-29 23:08:21.514  INFO   search      farm branch=none (wander/search next)
2026-09-29 23:08:21.668  INFO   search      farm branch=none (wander/search next)
2026-09-29 23:08:22.336  INFO   search      farm branch=none (wander/search next)
2026-09-29 23:08:22.929  INFO   travel      hop begin wp=(346, 259) purpose=enter_farm reason=enter farm area
2026-09-29 23:08:23.350  INFO   search      farm branch=none (wander/search next)
2026-09-29 23:08:23.684  INFO   search      farm branch=none (wander/search next)
2026-09-29 23:08:23.876  INFO   search      farm branch=none (wander/search next)
2026-09-29 23:08:24.185  INFO   search      farm branch=none (wander/search next)
2026-09-29 23:08:24.476  INFO   search      farm branch=none (wander/search next)
2026-09-29 23:08:24.512  INFO   decision    mode=traveling goal=traveling action=traveling target=- sticky=- origin=(349,252) shop=0 scrolled=0 reason='enter farm area' status=success (repeat x50)
2026-09-29 23:08:24.713  INFO   search      farm branch=none (wander/search next)
2026-09-29 23:08:24.928  INFO   combat      farm branch=screen_combat id=80 dist=9
2026-09-29 23:08:25.028  INFO   combat      engage id=80 species=monster_해골_10 rel=(4,9)
2026-09-29 23:08:25.038  INFO   decision    mode=traveling goal=combat action=attack target=80 sticky=80 origin=(347,254) shop=0 scrolled=0 reason='screen engage' status=success
2026-09-29 23:08:25.533  INFO   session     Entity shadow: vision=2 {'player': 1, 'npc': 1} memory=5 {'monster': 3, 'npc': 2} paired=1 median=0.028 unleveled=206:兔子,68:警衛
2026-09-29 23:08:25.628  INFO   search      farm branch=none (wander/search next)
2026-09-29 23:08:25.631  INFO   travel      hop begin wp=(341, 263) purpose=enter_farm reason=enter farm area
2026-09-29 23:08:25.638  INFO   decision    mode=traveling goal=traveling action=traveling target=- sticky=- origin=(347,254) shop=0 scrolled=0 reason='enter farm area' status=success
2026-09-29 23:08:25.974  INFO   combat      farm branch=screen_combat id=80 dist=6
2026-09-29 23:08:26.057  INFO   combat      engage id=80 species=monster_해골_10 rel=(5,6)
2026-09-29 23:08:26.066  INFO   decision    mode=traveling goal=combat action=attack target=80 sticky=80 origin=(346,256) shop=0 scrolled=0 reason='screen engage' status=success
2026-09-29 23:08:26.563  INFO   search      farm branch=none (wander/search next)
2026-09-29 23:08:26.574  INFO   travel      hop begin wp=(339, 265) purpose=enter_farm reason=enter farm area
2026-09-29 23:08:26.583  INFO   decision    mode=traveling goal=traveling action=traveling target=- sticky=- origin=(346,256) shop=0 scrolled=0 reason='enter farm area' status=success
2026-09-29 23:08:26.899  INFO   search      farm branch=none (wander/search next)
2026-09-29 23:08:27.261  INFO   search      farm branch=none (wander/search next)
2026-09-29 23:08:27.439  INFO   search      farm branch=none (wander/search next)
2026-09-29 23:08:27.769  INFO   search      farm branch=none (wander/search next)
2026-09-29 23:08:27.994  INFO   search      farm branch=none (wander/search next)
2026-09-29 23:08:28.314  INFO   search      farm branch=none (wander/search next)
2026-09-29 23:08:28.475  INFO   search      farm branch=none (wander/search next)
2026-09-29 23:08:28.610  INFO   travel      hop begin wp=(337, 269) purpose=enter_farm reason=enter farm area
2026-09-29 23:08:29.289  INFO   search      farm branch=none (wander/search next)
2026-09-29 23:08:30.092  INFO   search      farm branch=none (wander/search next)
2026-09-29 23:08:30.519  INFO   session     Entity shadow: vision=1 {'player': 1} memory=2 {'npc': 1, 'monster': 1} paired=0 median=0.000 unleveled=206:兔子
2026-09-29 23:08:30.579  INFO   search      farm branch=none (wander/search next)
2026-09-29 23:08:30.777  INFO   search      farm branch=none (wander/search next)
2026-09-29 23:08:30.881  INFO   travel      hop begin wp=(335, 275) purpose=enter_farm reason=enter farm area
2026-09-29 23:08:31.257  INFO   search      farm branch=none (wander/search next)
2026-09-29 23:08:31.598  INFO   search      farm branch=none (wander/search next)
2026-09-29 23:08:31.755  INFO   search      farm branch=none (wander/search next)
2026-09-29 23:08:32.117  INFO   search      farm branch=none (wander/search next)
2026-09-29 23:08:32.342  INFO   search      farm branch=none (wander/search next)
2026-09-29 23:08:32.666  INFO   search      farm branch=none (wander/search next)
2026-09-29 23:08:32.854  INFO   search      farm branch=none (wander/search next)
2026-09-29 23:08:32.961  INFO   travel      hop begin wp=(335, 283) purpose=enter_farm reason=enter farm area
2026-09-29 23:08:33.397  INFO   search      farm branch=none (wander/search next)
2026-09-29 23:08:33.696  INFO   search      farm branch=none (wander/search next)
2026-09-29 23:08:33.895  INFO   search      farm branch=none (wander/search next)
2026-09-29 23:08:34.180  INFO   search      farm branch=none (wander/search next)
2026-09-29 23:08:34.480  INFO   search      farm branch=none (wander/search next)
2026-09-29 23:08:35.075  INFO   search      farm branch=none (wander/search next)
2026-09-29 23:08:35.631  INFO   travel      hop begin wp=(335, 285) purpose=enter_farm reason=enter farm area
2026-09-29 23:08:36.117  INFO   session     Entity shadow: vision=3 {'player': 1, 'item': 1, 'npc': 1} memory=1 {'item': 1} paired=1 median=0.015
2026-09-29 23:08:36.211  INFO   search      farm branch=none (wander/search next)
2026-09-29 23:08:36.399  INFO   combat      farm branch=screen_combat id=86 dist=11
2026-09-29 23:08:36.629  INFO   combat      engage id=86 species=monster_그렘린_4 rel=(11,5)
2026-09-29 23:08:36.644  INFO   decision    mode=traveling goal=combat action=attack target=86 sticky=86 origin=(332,278) shop=0 scrolled=0 reason='screen engage' status=success
2026-09-29 23:08:37.159  INFO   combat      farm branch=sticky id=86 dist=9
2026-09-29 23:08:37.506  INFO   combat      farm branch=sticky id=86 dist=9
2026-09-29 23:08:37.916  INFO   combat      farm branch=sticky id=86 dist=9
2026-09-29 23:08:38.563  INFO   combat      farm branch=sticky id=86 dist=7
2026-09-29 23:08:39.033  INFO   combat      farm branch=sticky id=86 dist=7
2026-09-29 23:08:39.550  INFO   combat      farm branch=sticky id=86 dist=5
2026-09-29 23:08:40.362  INFO   combat      farm branch=sticky id=86 dist=5
2026-09-29 23:08:41.421  INFO   session     Entity shadow: vision=2 {'player': 1, 'monster': 1} memory=1 {'monster': 1} paired=1 median=0.006
2026-09-29 23:08:41.510  INFO   combat      farm branch=sticky id=86 dist=2
2026-09-29 23:08:41.803  INFO   combat      farm branch=sticky id=86 dist=2
2026-09-29 23:08:42.280  INFO   combat      farm branch=sticky id=86 dist=2
2026-09-29 23:08:42.467  INFO   decision    mode=traveling goal=combat action=searching target=86 sticky=86 origin=(345,281) shop=0 scrolled=0 reason='sidestep combat block' status=success
2026-09-29 23:08:42.899  INFO   combat      farm branch=sticky id=86 dist=2
2026-09-29 23:08:43.030  INFO   decision    mode=traveling goal=combat action=attack target=86 sticky=86 origin=(345,281) shop=0 scrolled=0 reason='attack target' status=success
2026-09-29 23:08:43.547  INFO   combat      farm branch=sticky id=86 dist=1
2026-09-29 23:08:43.913  INFO   combat      farm branch=sticky id=86 dist=1
2026-09-29 23:08:44.356  INFO   combat      farm branch=sticky id=86 dist=1
2026-09-29 23:08:44.928  INFO   combat      farm branch=screen_combat id=89 dist=9
2026-09-29 23:08:45.141  INFO   combat      engage id=89 species=monster_고블린_2 rel=(-9,3)
2026-09-29 23:08:45.161  INFO   decision    mode=traveling goal=combat action=attack target=89 sticky=89 origin=(342,282) shop=0 scrolled=0 reason='screen engage' status=success
2026-09-29 23:08:45.640  INFO   combat      farm branch=sticky id=89 dist=9
2026-09-29 23:08:45.875  INFO   combat      farm branch=sticky id=89 dist=8
2026-09-29 23:08:46.590  INFO   session     Entity shadow: vision=3 {'monster': 2, 'player': 1} memory=2 {'monster': 1, 'item': 1} paired=1 median=0.019
2026-09-29 23:08:46.692  INFO   combat      farm branch=sticky id=89 dist=7
2026-09-29 23:08:47.207  INFO   search      farm branch=none (wander/search next)
2026-09-29 23:08:47.798  INFO   travel      hop begin wp=(335, 293) purpose=enter_farm reason=enter farm area
2026-09-29 23:08:47.802  INFO   decision    mode=traveling goal=traveling action=traveling target=- sticky=- origin=(341,283) shop=0 scrolled=0 reason='enter farm area' status=success
2026-09-29 23:08:48.223  INFO   search      farm branch=none (wander/search next)
2026-09-29 23:08:48.537  INFO   search      farm branch=none (wander/search next)
2026-09-29 23:08:48.771  INFO   search      farm branch=none (wander/search next)
2026-09-29 23:08:49.042  INFO   search      farm branch=none (wander/search next)
2026-09-29 23:08:49.297  INFO   search      farm branch=none (wander/search next)
2026-09-29 23:08:49.550  INFO   search      farm branch=none (wander/search next)
2026-09-29 23:08:49.732  INFO   search      farm branch=none (wander/search next)
2026-09-29 23:08:49.859  INFO   travel      hop begin wp=(335, 297) purpose=enter_farm reason=enter farm area
2026-09-29 23:08:50.171  INFO   search      farm branch=none (wander/search next)
2026-09-29 23:08:50.594  INFO   search      farm branch=none (wander/search next)
2026-09-29 23:08:51.038  INFO   search      farm branch=none (wander/search next)
2026-09-29 23:08:51.220  INFO   search      farm branch=none (wander/search next)
2026-09-29 23:08:51.452  INFO   session     Entity shadow: vision=3 {'player': 1, 'npc': 1, 'item': 1} memory=2 {'monster': 1, 'item': 1} paired=1 median=0.013 unleveled=68:警衛
2026-09-29 23:08:51.523  INFO   search      farm branch=none (wander/search next)
2026-09-29 23:08:51.779  INFO   search      farm branch=none (wander/search next)
2026-09-29 23:08:51.864  INFO   travel      hop begin wp=(336, 302) purpose=enter_farm reason=enter farm area
2026-09-29 23:08:52.240  INFO   search      farm branch=none (wander/search next)
2026-09-29 23:08:52.575  INFO   combat      farm branch=screen_combat id=94 dist=16
2026-09-29 23:08:52.591  INFO   combat      engage id=94 species=monster_고블린_2 rel=(1,16)
2026-09-29 23:08:52.601  INFO   decision    mode=traveling goal=combat action=attack target=94 sticky=94 origin=(332,292) shop=0 scrolled=0 reason='screen engage' status=success
2026-09-29 23:08:53.527  INFO   combat      farm branch=sticky id=94 dist=14
2026-09-29 23:08:54.489  INFO   combat      farm branch=sticky id=94 dist=12
2026-09-29 23:08:54.977  INFO   combat      farm branch=sticky id=94 dist=12
2026-09-29 23:08:55.536  INFO   combat      farm branch=sticky id=94 dist=10
2026-09-29 23:08:56.008  INFO   combat      farm branch=sticky id=94 dist=10
2026-09-29 23:08:56.743  INFO   session     Entity shadow: vision=5 {'player': 1, 'monster': 2, 'npc': 2} memory=4 {'monster': 3, 'npc': 1} paired=3 median=0.020 unleveled=206:兔子
2026-09-29 23:08:56.860  INFO   combat      farm branch=sticky id=94 dist=7
2026-09-29 23:08:57.206  INFO   combat      farm branch=sticky id=94 dist=7
2026-09-29 23:08:57.599  INFO   combat      farm branch=sticky id=94 dist=5
2026-09-29 23:08:58.110  INFO   combat      farm branch=sticky id=94 dist=5
2026-09-29 23:08:58.613  INFO   search      farm branch=none (wander/search next)
2026-09-29 23:08:58.799  INFO   travel      hop begin wp=(336, 316) purpose=enter_farm reason=enter farm area
2026-09-29 23:08:58.811  INFO   decision    mode=traveling goal=traveling action=traveling target=- sticky=- origin=(334,304) shop=0 scrolled=0 reason='enter farm area' status=success
2026-09-29 23:08:59.233  INFO   search      farm branch=none (wander/search next)
2026-09-29 23:08:59.878  INFO   search      farm branch=none (wander/search next)
2026-09-29 23:09:00.751  INFO   search      farm branch=none (wander/search next)
2026-09-29 23:09:00.972  INFO   travel      hop begin wp=(336, 316) purpose=enter_farm reason=enter farm area
2026-09-29 23:09:01.288  INFO   search      farm branch=none (wander/search next)
2026-09-29 23:09:01.623  INFO   session     Entity shadow: vision=3 {'player': 1, 'npc': 2} memory=4 {'monster': 3, 'npc': 1} paired=1 median=0.031 unleveled=206:兔子,10:警衛,68:警衛
2026-09-29 23:09:01.689  INFO   search      farm branch=none (wander/search next)
2026-09-29 23:09:01.957  INFO   search      farm branch=none (wander/search next)
2026-09-29 23:09:02.281  INFO   search      farm branch=none (wander/search next)
2026-09-29 23:09:02.771  INFO   search      farm branch=none (wander/search next)
2026-09-29 23:09:02.999  INFO   travel      hop begin wp=(336, 320) purpose=enter_farm reason=enter farm area
2026-09-29 23:09:03.422  INFO   search      farm branch=none (wander/search next)
2026-09-29 23:09:03.779  INFO   search      farm branch=none (wander/search next)
2026-09-29 23:09:03.929  INFO   search      farm branch=none (wander/search next)
2026-09-29 23:09:04.221  INFO   search      farm branch=none (wander/search next)
2026-09-29 23:09:04.503  INFO   combat      farm branch=screen_combat id=98 dist=15
2026-09-29 23:09:04.575  INFO   session     일시정지 — 단축키
