2026-09-27 23:19:30.669  INFO   session     Loading Manmabot from D:\ManmabotV1_final\engine
2026-09-27 23:19:30.873  INFO   session     Session log D:\ManmabotV1_final\engine\logs\bot-20260927-231930.log
2026-09-27 23:19:30.874  INFO   session     character=elf loot=all_items game_lang=ko map=talking_island farms=['area_2', 'area_1', 'area_3'] file=D:\ManmabotV1_final\engine\logs\bot-20260927-231930.log
2026-09-27 23:19:30.956  INFO   nav         building portal graph (cluster=32, 479x511)
2026-09-27 23:19:31.282  INFO   nav         portal graph: 188 components, 326 ms
2026-09-27 23:19:31.289  INFO   nav         farms=3 safe=11 home=(354, 203) (files farm=D:\ManmabotV1_final\engine\maps\talking_island\farms.yaml safe=D:\ManmabotV1_final\engine\maps\talking_island\safe.yaml home=D:\ManmabotV1_final\engine\maps\talking_island\home.yaml)
2026-09-27 23:19:31.360  INFO   capture     mss window capture process='LC.exe' title=None content_aspect=4:3
2026-09-27 23:19:32.075  INFO   session     Entity clicks use memory names, species, and world cells. Image recognition still runs. Set memory.entity_source to vision to restore image-only clicks.
2026-09-27 23:19:32.091  INFO   session     Player memory is read in this process (realtime_monitor.dll, offsets.json). No separate console.
2026-09-27 23:19:32.106  INFO   session     인벤토리를 백그라운드에서 스캔 중 (inventory_listen.dll 또는 inv.json을 두세요).
2026-09-27 23:19:32.118  INFO   session     메모리에서 핫바 24칸을 읽는 중…
2026-09-27 23:19:32.214  INFO   session     핫바 스캔 완료 · 파워 업@box2/f8, 아머 업@box2/f5, 라이트@box1/f10, 힐@box1/f9, HP 물약@box1/f9, 텔레포트@box1/f11, 마법 공격@box1/f12, 말하는 두루마리@box1/f5
2026-09-27 23:19:32.237  INFO   session     매핑되지 않은 핫바 아이콘: box1/f6:작은 활 (무장), box1/f7:나무 화살, box1/f8:아데나
2026-09-27 23:19:32.248  INFO   session     루프 준비 · 요정 · 한국어 · 맵=말하는 섬 · 룻=전부 줍기 · 구역=구역 2, 구역 1, 구역 3
2026-09-27 23:19:32.829  INFO   session     Entity shadow: vision=1 {'player': 1} memory=0 {} paired=0 median=0.000
2026-09-27 23:19:33.048  INFO   session     인벤토리 수신 준비 (dll) · hp=0 화살=461 은화살=215 해독=0
2026-09-27 23:19:33.072  INFO   decision    mode=farming behavior=buff action=buff target=- reason='armor_up' status=success
2026-09-27 23:19:34.127  INFO   decision    mode=farming behavior=search action=searching target=- reason='search area' status=success
2026-09-27 23:19:38.242  INFO   session     Entity shadow: vision=3 {'monster': 1, 'player': 2} memory=6 {'monster': 5, 'player': 1} paired=1 median=0.033 unleveled=12:史萊姆
2026-09-27 23:19:39.345  INFO   decision    mode=farming behavior=loot action=searching target=7 reason='walk onto item' status=success
2026-09-27 23:19:43.230  INFO   decision    mode=farming behavior=buff action=buff target=- reason='light' status=success
2026-09-27 23:19:43.947  INFO   session     Entity shadow: vision=5 {'player': 1, 'monster': 3, 'item': 1} memory=6 {'monster': 5, 'item': 1} paired=2 median=0.016 unleveled=12:史萊姆
2026-09-27 23:19:44.042  INFO   decision    mode=farming behavior=loot action=searching target=7 reason='walk onto item' status=success
2026-09-27 23:19:48.856  INFO   session     Entity shadow: vision=4 {'player': 2, 'monster': 2} memory=6 {'player': 1, 'monster': 4, 'item': 1} paired=2 median=0.061 unleveled=12:史萊姆
2026-09-27 23:19:50.309  INFO   decision    mode=farming behavior=loot action=pickup target=7 reason='loot target' status=success
2026-09-27 23:19:50.948  INFO   decision    mode=farming behavior=loot action=idle target=- reason='pickup settle' status=success
2026-09-27 23:19:51.636  INFO   decision    mode=farming behavior=combat action=attack target=14 reason='engage target' status=success
2026-09-27 23:19:52.544  INFO   decision    mode=farming behavior=loot action=searching target=19 reason='walk onto item' status=success
2026-09-27 23:19:53.861  INFO   decision    mode=farming behavior=loot action=pickup target=27 reason='engage item' status=success
2026-09-27 23:19:54.527  INFO   session     Entity shadow: vision=7 {'monster': 3, 'item': 1, 'player': 3} memory=10 {'monster': 7, 'player': 2, 'item': 1} paired=5 median=0.031 unleveled=12:史萊姆
2026-09-27 23:19:54.566  INFO   decision    mode=farming behavior=loot action=idle target=- reason='pickup settle' status=success
2026-09-27 23:19:55.296  INFO   decision    mode=farming behavior=combat action=attack target=26 reason='engage target' status=success
2026-09-27 23:19:57.147  INFO   decision    mode=farming behavior=loot action=pickup target=35 reason='engage item' status=success
2026-09-27 23:19:57.778  INFO   decision    mode=farming behavior=loot action=idle target=- reason='pickup settle' status=success
2026-09-27 23:19:58.347  INFO   decision    mode=traveling behavior=loot action=pickup target=43 reason='engage item' status=success
2026-09-27 23:19:58.937  INFO   decision    mode=traveling behavior=loot action=idle target=- reason='pickup settle' status=success
2026-09-27 23:19:59.377  INFO   session     Entity shadow: vision=6 {'player': 2, 'monster': 4} memory=8 {'monster': 5, 'player': 2, 'item': 1} paired=3 median=0.015 unleveled=12:史萊姆
2026-09-27 23:19:59.903  INFO   decision    mode=traveling behavior=traveling action=traveling target=- reason='nearby players' status=success
2026-09-27 23:20:00.489  INFO   decision    mode=traveling behavior=loot action=pickup target=50 reason='engage item' status=success
2026-09-27 23:20:01.023  INFO   decision    mode=traveling behavior=loot action=idle target=- reason='pickup settle' status=success
2026-09-27 23:20:02.107  INFO   decision    mode=traveling behavior=traveling action=traveling target=- reason='nearby players' status=success
2026-09-27 23:20:04.313  INFO   decision    mode=traveling behavior=loot action=searching target=50 reason='walk onto item' status=success
2026-09-27 23:20:04.781  INFO   session     Entity shadow: vision=7 {'player': 2, 'monster': 4, 'item': 1} memory=5 {'player': 2, 'monster': 2, 'item': 1} paired=4 median=0.050 unleveled=12:史萊姆
2026-09-27 23:20:06.405  INFO   decision    mode=traveling behavior=loot action=pickup target=50 reason='loot target' status=success
2026-09-27 23:20:07.022  INFO   decision    mode=traveling behavior=loot action=idle target=- reason='pickup settle' status=success
2026-09-27 23:20:07.928  INFO   decision    mode=traveling behavior=combat action=attack target=54 reason='engage target' status=success
2026-09-27 23:20:10.010  INFO   session     Entity shadow: vision=4 {'player': 2, 'monster': 2} memory=5 {'monster': 5} paired=1 median=0.026 unleveled=12:史萊姆
2026-09-27 23:20:15.259  INFO   session     Entity shadow: vision=4 {'player': 2, 'monster': 2} memory=4 {'player': 1, 'monster': 3} paired=2 median=0.025 unleveled=12:史萊姆
2026-09-27 23:20:18.189  INFO   decision    mode=traveling behavior=combat action=attack target=49 reason='attack target' status=success
2026-09-27 23:20:18.879  INFO   decision    mode=traveling behavior=unstick action=teleport target=- reason='unstick confined' status=success
2026-09-27 23:20:19.844  INFO   decision    mode=traveling behavior=loot action=pickup target=60 reason='engage item' status=success
2026-09-27 23:20:20.608  INFO   session     Entity shadow: vision=4 {'player': 2, 'item': 1, 'monster': 1} memory=4 {'player': 1, 'monster': 2, 'item': 1} paired=3 median=0.016 unleveled=12:史萊姆
2026-09-27 23:20:21.226  INFO   decision    mode=traveling behavior=loot action=idle target=- reason='pickup settle' status=success
2026-09-27 23:20:21.972  INFO   decision    mode=traveling behavior=traveling action=traveling target=- reason='nearby players' status=success
2026-09-27 23:20:23.642  INFO   decision    mode=traveling behavior=loot action=pickup target=60 reason='engage item' status=success
2026-09-27 23:20:24.149  INFO   decision    mode=traveling behavior=loot action=idle target=- reason='pickup settle' status=success
2026-09-27 23:20:24.957  INFO   decision    mode=traveling behavior=traveling action=traveling target=- reason='nearby players' status=success
2026-09-27 23:20:25.819  INFO   session     Entity shadow: vision=4 {'player': 2, 'item': 1, 'monster': 1} memory=3 {'item': 1, 'player': 1, 'monster': 1} paired=2 median=0.059 unleveled=12:史萊姆
2026-09-27 23:20:26.521  INFO   decision    mode=traveling behavior=loot action=searching target=60 reason='walk onto item' status=success
2026-09-27 23:20:27.057  INFO   decision    mode=traveling behavior=traveling action=traveling target=- reason='nearby players' status=success
2026-09-27 23:20:31.022  INFO   session     Entity shadow: vision=2 {'player': 2} memory=2 {'player': 1, 'monster': 1} paired=1 median=0.041 unleveled=12:史萊姆
2026-09-27 23:20:36.391  INFO   session     Entity shadow: vision=3 {'player': 3} memory=3 {'player': 2, 'monster': 1} paired=2 median=0.104 unleveled=12:史萊姆
2026-09-27 23:20:41.723  INFO   session     Entity shadow: vision=2 {'monster': 1, 'player': 1} memory=2 {'monster': 1, 'player': 1} paired=1 median=0.054 unleveled=12:史萊姆
2026-09-27 23:20:44.681  INFO   decision    mode=traveling behavior=traveling action=traveling target=- reason='nearby players' status=success (repeat)
2026-09-27 23:20:47.037  INFO   session     Entity shadow: vision=2 {'player': 2} memory=2 {'monster': 1, 'player': 1} paired=1 median=0.013 unleveled=12:史萊姆
2026-09-27 23:20:52.383  INFO   session     Entity shadow: vision=2 {'player': 1, 'monster': 1} memory=2 {'monster': 2} paired=1 median=0.073 unleveled=12:史萊姆
2026-09-27 23:20:57.254  INFO   session     Entity shadow: vision=2 {'player': 1, 'monster': 1} memory=1 {'monster': 1} paired=1 median=0.015
2026-09-27 23:20:58.266  INFO   decision    mode=traveling behavior=combat action=attack target=66 reason='engage target' status=success
2026-09-27 23:21:02.470  INFO   session     Entity shadow: vision=3 {'monster': 2, 'player': 1} memory=3 {'monster': 3} paired=2 median=0.023 unleveled=12:史萊姆
2026-09-27 23:21:02.932  INFO   session     일시정지 — 단축키
2026-09-27 23:21:08.224  INFO   session     재개 → 실행 중
2026-09-27 23:21:08.765  INFO   session     Entity shadow: vision=4 {'player': 1, 'monster': 3} memory=4 {'monster': 4} paired=3 median=0.024 unleveled=12:史萊姆
2026-09-27 23:21:13.553  INFO   decision    mode=traveling behavior=combat action=attack target=67 reason='engage target' status=success
2026-09-27 23:21:14.287  INFO   session     Entity shadow: vision=3 {'monster': 2, 'player': 1} memory=4 {'monster': 4} paired=2 median=0.035
2026-09-27 23:21:14.851  INFO   decision    mode=retreating behavior=retreating action=teleport target=- reason='retreat teleport' status=success
2026-09-27 23:21:16.260  INFO   decision    mode=retreating behavior=talking_scroll action=use_talking_scroll target=- reason='retreat, 마법서 상인' status=success
2026-09-27 23:21:18.118  INFO   decision    mode=retreating behavior=? action=idle target=- reason='waiting for respawn' status=success
2026-09-27 23:21:19.364  INFO   session     Entity shadow: vision=2 {'monster': 2} memory=4 {'monster': 4} paired=2 median=0.032
2026-09-27 23:21:20.364  INFO   decision    mode=retreating behavior=respawn action=respawn target=- reason='death confirmed, restart' status=success
2026-09-27 23:21:20.946  INFO   decision    mode=retreating behavior=? action=idle target=- reason='waiting for respawn' status=success
2026-09-27 23:21:23.045  INFO   decision    mode=retreating behavior=heal action=heal target=- reason='heal after teleport' status=success
2026-09-27 23:21:25.500  INFO   session     Entity shadow: vision=33 {'monster': 2, 'player': 28, 'npc': 3} memory=49 {'monster': 2, 'npc': 11, 'player': 36} paired=31 median=0.033 unleveled=206:兔子,319:?
2026-09-27 23:21:31.599  INFO   session     Entity shadow: vision=27 {'player': 23, 'monster': 2, 'npc': 2} memory=47 {'npc': 11, 'player': 35, 'monster': 1} paired=25 median=0.029 unleveled=319:?
2026-09-27 23:21:37.508  INFO   session     Entity shadow: vision=27 {'player': 21, 'monster': 2, 'npc': 4} memory=47 {'npc': 11, 'player': 35, 'monster': 1} paired=23 median=0.032 unleveled=319:?
2026-09-27 23:21:43.861  INFO   session     Entity shadow: vision=25 {'player': 19, 'npc': 4, 'monster': 2} memory=46 {'player': 35, 'npc': 10, 'monster': 1} paired=21 median=0.038 unleveled=319:?
2026-09-27 23:21:45.141  INFO   decision    mode=retreating behavior=retreating action=idle target=- reason='retreating, waiting for hp' status=success
2026-09-27 23:21:49.427  INFO   session     Entity shadow: vision=27 {'npc': 5, 'player': 20, 'monster': 2} memory=46 {'player': 35, 'npc': 10, 'monster': 1} paired=21 median=0.031 unleveled=319:?
2026-09-27 23:21:54.135  INFO   decision    mode=farming behavior=talking_scroll action=use_talking_scroll target=- reason='respawn, 마법서 상인' status=success
2026-09-27 23:21:56.719  INFO   session     Entity shadow: vision=25 {'player': 22, 'npc': 3} memory=49 {'player': 38, 'npc': 10, 'monster': 1} paired=24 median=0.078 unleveled=319:?
2026-09-27 23:21:57.062  INFO   decision    mode=traveling behavior=traveling action=traveling target=- reason='enter farm area' status=success
2026-09-27 23:22:01.910  INFO   session     Entity shadow: vision=27 {'npc': 4, 'player': 23} memory=49 {'player': 38, 'npc': 10, 'monster': 1} paired=26 median=0.040 unleveled=319:?
2026-09-27 23:22:07.177  INFO   session     Entity shadow: vision=29 {'player': 25, 'npc': 4} memory=52 {'player': 41, 'npc': 10, 'monster': 1} paired=26 median=0.027 unleveled=319:?
2026-09-27 23:22:12.750  INFO   session     Entity shadow: vision=29 {'player': 26, 'npc': 2, 'monster': 1} memory=59 {'player': 51, 'npc': 8} paired=21 median=0.068
2026-09-27 23:22:18.344  INFO   session     Entity shadow: vision=12 {'player': 9, 'npc': 3} memory=22 {'monster': 1, 'player': 13, 'npc': 8} paired=11 median=0.049 unleveled=10:警衛
2026-09-27 23:22:23.381  INFO   session     Entity shadow: vision=10 {'player': 8, 'npc': 2} memory=19 {'monster': 3, 'player': 13, 'npc': 3} paired=6 median=0.031 unleveled=206:兔子,68:警衛,10:警衛
2026-09-27 23:22:28.480  INFO   session     Entity shadow: vision=5 {'player': 3, 'npc': 2} memory=4 {'monster': 3, 'npc': 1} paired=0 median=0.000 unleveled=10:警衛,68:警衛
2026-09-27 23:22:30.216  INFO   decision    mode=traveling behavior=combat action=attack target=193 reason='engage target' status=success
2026-09-27 23:22:33.760  INFO   session     Entity shadow: vision=5 {'monster': 2, 'npc': 2, 'player': 1} memory=5 {'monster': 4, 'player': 1} paired=1 median=0.011 unleveled=10:警衛,68:警衛
2026-09-27 23:22:34.879  INFO   decision    mode=traveling behavior=loot action=searching target=196 reason='walk onto item' status=success
2026-09-27 23:22:38.747  INFO   session     Entity shadow: vision=4 {'player': 1, 'item': 1, 'npc': 2} memory=4 {'monster': 3, 'item': 1} paired=1 median=0.029 unleveled=208:兔子,68:警衛
2026-09-27 23:22:42.027  INFO   decision    mode=traveling behavior=loot action=pickup target=196 reason='loot target' status=success
2026-09-27 23:22:42.605  INFO   decision    mode=traveling behavior=loot action=idle target=- reason='pickup settle' status=success
2026-09-27 23:22:43.231  INFO   decision    mode=traveling behavior=traveling action=traveling target=- reason='enter farm area' status=success
2026-09-27 23:22:44.032  INFO   session     Entity shadow: vision=3 {'player': 1, 'npc': 1, 'item': 1} memory=3 {'monster': 2, 'item': 1} paired=1 median=0.014 unleveled=10:警衛,208:兔子
2026-09-27 23:22:45.031  INFO   decision    mode=traveling behavior=loot action=pickup target=196 reason='engage item' status=success
2026-09-27 23:22:45.658  INFO   decision    mode=traveling behavior=loot action=idle target=- reason='pickup settle' status=success
2026-09-27 23:22:46.379  INFO   decision    mode=traveling behavior=traveling action=traveling target=- reason='enter farm area' status=success
2026-09-27 23:22:48.266  INFO   decision    mode=traveling behavior=loot action=searching target=196 reason='walk onto item' status=success
2026-09-27 23:22:49.327  INFO   session     Entity shadow: vision=3 {'player': 1, 'npc': 1, 'item': 1} memory=2 {'monster': 1, 'item': 1} paired=1 median=0.013 unleveled=10:警衛
2026-09-27 23:22:51.905  INFO   decision    mode=traveling behavior=loot action=pickup target=196 reason='loot target' status=success
2026-09-27 23:22:52.425  INFO   decision    mode=traveling behavior=loot action=idle target=- reason='pickup settle' status=success
2026-09-27 23:22:53.137  INFO   decision    mode=traveling behavior=traveling action=traveling target=- reason='enter farm area' status=success
2026-09-27 23:22:54.252  INFO   session     Entity shadow: vision=2 {'npc': 1, 'player': 1} memory=2 {'monster': 2} paired=0 median=0.000 unleveled=208:兔子,10:警衛
2026-09-27 23:22:54.404  INFO   session     일시정지 — 단축키
2026-09-27 23:28:03.692  INFO   session     정지 → 중지됨
