2026-09-27 15:19:59.409  INFO   session     Loading Manmabot from D:\ManmabotV1_final\engine
2026-09-27 15:19:59.417  INFO   session     Session log D:\ManmabotV1_final\engine\logs\bot-20260927-151959.log
2026-09-27 15:19:59.417  INFO   session     character=elf loot=all_items game_lang=ko map=talking_island farms=['area_1', 'area_2', 'area_3', 'area_4'] file=D:\ManmabotV1_final\engine\logs\bot-20260927-151959.log
2026-09-27 15:19:59.425  INFO   config      config resolved {'config_version': 1, 'hp.retreat_ratio': 0.35, 'hp.potion_ratio': 0.6, 'mp.spell_reserve_ratio': 0.15, 'economy.sell_weight_ratio': 0.49, 'economy.loot_adena_weight_ratio': 0.85, 'economy.loot_pickup_tiles': 2}
2026-09-27 15:19:59.780  INFO   nav         building portal graph (cluster=32, 479x511)
2026-09-27 15:20:00.119  INFO   nav         portal graph: 188 components, 339 ms
2026-09-27 15:20:00.126  INFO   nav         farms=4 safe=11 home=(354, 203) (files farm=D:\ManmabotV1_final\engine\maps\talking_island\farms.yaml safe=D:\ManmabotV1_final\engine\maps\talking_island\safe.yaml home=D:\ManmabotV1_final\engine\maps\talking_island\home.yaml)
2026-09-27 15:20:00.381  INFO   capture     mss window capture process='LC.exe' title=None content_aspect=4:3
2026-09-27 15:20:01.071  INFO   session     Entity clicks use memory names, species, and world cells. Image recognition still runs. Set memory.entity_source to vision to restore image-only clicks.
2026-09-27 15:20:01.089  INFO   session     Player memory is read in this process (realtime_monitor.dll, offsets.json). No separate console.
2026-09-27 15:20:01.101  INFO   session     인벤토리를 백그라운드에서 스캔 중 (inventory_listen.dll 또는 inv.json을 두세요).
2026-09-27 15:20:01.132  INFO   session     메모리에서 핫바 24칸을 읽는 중…
2026-09-27 15:20:01.212  INFO   session     핫바 스캔 완료 · 파워 업@box1/f5, 아머 업@box1/f6, 라이트@box1/f7, 힐@box1/f8, HP 물약@box1/f9, 텔레포트@box1/f10, 마법 공격@box1/f11, 말하는 두루마리@box1/f5, 마더 트리@box2/f6, HP를 MP로@box2/f7
2026-09-27 15:20:01.247  INFO   session     루프 준비 · 요정 · 한국어 · 맵=말하는 섬 · 룻=전부 줍기 · 구역=구역 1, 구역 2, 구역 3, 구역 4
2026-09-27 15:20:02.756  INFO   session     Entity shadow: vision=20 {'player': 14, 'npc': 3, 'monster': 3} memory=51 {'npc': 5, 'player': 46} paired=17 median=0.023
2026-09-27 15:20:02.790  INFO   session     인벤토리 수신 준비 (dll) · hp=0 화살=918 은화살=0 해독=0
2026-09-27 15:20:02.807  INFO   trust       trust memory none -> ok
2026-09-27 15:20:02.807  INFO   trust       trust entity_sweep none -> ok
2026-09-27 15:20:02.807  INFO   trust       trust inventory none -> ok
2026-09-27 15:20:02.807  INFO   trust       trust vision none -> ok
2026-09-27 15:20:02.807  INFO   trust       trust capture none -> ok
2026-09-27 15:20:02.807  INFO   trust       trust input none -> ok
2026-09-27 15:20:02.807  INFO   trust       trust cursor none -> ok
2026-09-27 15:20:02.807  INFO   trust       trust focus none -> ok
2026-09-27 15:20:02.812  INFO   decision    mode=farming behavior=buff action=buff target=- reason='armor_up' status=success
2026-09-27 15:20:03.726  INFO   decision    mode=traveling behavior=traveling action=traveling target=- reason='enter farm area' status=success
2026-09-27 15:20:07.825  INFO   session     Entity shadow: vision=10 {'player': 6, 'npc': 3, 'monster': 1} memory=12 {'npc': 4, 'player': 7, 'monster': 1} paired=8 median=0.022 unleveled=14:青蛙
2026-09-27 15:20:12.930  INFO   session     Entity shadow: vision=5 {'player': 2, 'npc': 3} memory=5 {'monster': 1, 'npc': 3, 'player': 1} paired=3 median=0.017 unleveled=14:青蛙
2026-09-27 15:20:12.972  INFO   decision    mode=traveling behavior=buff action=buff target=- reason='light' status=success
2026-09-27 15:20:13.638  INFO   decision    mode=traveling behavior=traveling action=traveling target=- reason='unstick nearby' status=success
2026-09-27 15:20:18.123  INFO   session     Entity shadow: vision=4 {'player': 1, 'npc': 1, 'monster': 2} memory=6 {'npc': 3, 'monster': 3} paired=1 median=0.064 unleveled=14:青蛙,207:兔子
2026-09-27 15:20:23.153  INFO   session     Entity shadow: vision=3 {'monster': 1, 'npc': 1, 'player': 1} memory=6 {'monster': 4, 'npc': 2} paired=1 median=0.076 unleveled=207:兔子,14:青蛙,10:警衛
2026-09-27 15:20:28.436  INFO   session     Entity shadow: vision=2 {'player': 1, 'npc': 1} memory=5 {'npc': 2, 'monster': 3} paired=1 median=0.024 unleveled=14:青蛙,10:警衛
2026-09-27 15:20:32.746  INFO   decision    mode=traveling behavior=traveling action=traveling target=- reason='enter farm area' status=success (repeat)
2026-09-27 15:20:33.476  INFO   session     Entity shadow: vision=3 {'npc': 2, 'player': 1} memory=5 {'monster': 3, 'npc': 2} paired=1 median=0.020 unleveled=14:青蛙,10:警衛
2026-09-27 15:20:38.579  INFO   session     Entity shadow: vision=4 {'npc': 3, 'player': 1} memory=5 {'monster': 3, 'npc': 2} paired=1 median=0.020 unleveled=14:青蛙,10:警衛
2026-09-27 15:20:43.835  INFO   session     Entity shadow: vision=3 {'npc': 2, 'player': 1} memory=8 {'npc': 4, 'monster': 3, 'player': 1} paired=2 median=0.020 unleveled=189:鹿,14:青蛙,10:警衛
2026-09-27 15:20:49.200  INFO   session     Entity shadow: vision=3 {'player': 1, 'npc': 2} memory=6 {'npc': 4, 'monster': 2} paired=2 median=0.050 unleveled=14:青蛙,10:警衛
2026-09-27 15:20:50.696  INFO   decision    mode=traveling behavior=traveling action=traveling target=- reason='enter farm area' status=success (repeat)
2026-09-27 15:20:54.296  INFO   session     Entity shadow: vision=2 {'player': 1, 'npc': 1} memory=7 {'npc': 4, 'monster': 3} paired=1 median=0.038 unleveled=14:青蛙,10:警衛
2026-09-27 15:20:58.906  INFO   decision    mode=traveling behavior=traveling action=idle target=- reason='no behavior produced an intent' status=success
2026-09-27 15:20:59.213  INFO   decision    mode=traveling behavior=traveling action=traveling target=- reason='enter farm area' status=success
2026-09-27 15:20:59.615  INFO   session     Entity shadow: vision=1 {'player': 1} memory=5 {'monster': 2, 'npc': 3} paired=0 median=0.000 unleveled=14:青蛙
2026-09-27 15:21:04.765  INFO   session     Entity shadow: vision=4 {'player': 1, 'npc': 3} memory=6 {'monster': 3, 'npc': 3} paired=0 median=0.000 unleveled=68:警衛,14:青蛙,10:警衛
2026-09-27 15:21:09.971  INFO   session     Entity shadow: vision=4 {'player': 1, 'npc': 3} memory=5 {'npc': 2, 'monster': 3} paired=1 median=0.017 unleveled=14:青蛙,68:警衛,10:警衛
2026-09-27 15:21:10.016  INFO   decision    mode=traveling behavior=traveling action=idle target=- reason='no behavior produced an intent' status=success
2026-09-27 15:21:10.439  INFO   decision    mode=traveling behavior=traveling action=traveling target=- reason='unstick nearby' status=success
2026-09-27 15:21:10.855  INFO   decision    mode=traveling behavior=traveling action=idle target=- reason='no behavior produced an intent' status=success
2026-09-27 15:21:11.241  INFO   decision    mode=traveling behavior=traveling action=traveling target=- reason='unstick nearby' status=success
2026-09-27 15:21:14.122  INFO   decision    mode=traveling behavior=traveling action=idle target=- reason='no behavior produced an intent' status=success
2026-09-27 15:21:14.478  INFO   decision    mode=traveling behavior=traveling action=traveling target=- reason='unstick nearby' status=success
2026-09-27 15:21:15.242  INFO   session     Entity shadow: vision=4 {'player': 1, 'npc': 3} memory=6 {'monster': 4, 'npc': 2} paired=0 median=0.000 unleveled=14:青蛙,10:警衛,68:警衛
2026-09-27 15:21:20.890  INFO   session     Entity shadow: vision=7 {'player': 2, 'npc': 5} memory=9 {'monster': 5, 'npc': 3, 'player': 1} paired=2 median=0.048 unleveled=14:青蛙,208:兔子,10:警衛,68:警衛
2026-09-27 15:21:21.193  INFO   session     일시정지 — 단축키
2026-09-27 15:21:31.104  INFO   session     재개 → 실행 중
2026-09-27 15:21:31.551  INFO   session     Entity shadow: vision=5 {'player': 2, 'npc': 3} memory=6 {'monster': 4, 'npc': 2} paired=1 median=0.012 unleveled=14:青蛙,208:兔子,68:警衛,10:警衛
2026-09-27 15:21:36.799  INFO   session     Entity shadow: vision=7 {'player': 2, 'npc': 5} memory=7 {'monster': 3, 'npc': 4} paired=3 median=0.017 unleveled=14:青蛙,68:警衛,10:警衛
2026-09-27 15:21:41.958  INFO   session     Entity shadow: vision=5 {'player': 1, 'npc': 4} memory=5 {'npc': 3, 'monster': 2} paired=2 median=0.016 unleveled=68:警衛,10:警衛
2026-09-27 15:21:44.899  INFO   decision    mode=traveling behavior=traveling action=traveling target=- reason='enter farm area' status=success (repeat)
2026-09-27 15:21:47.031  INFO   session     Entity shadow: vision=1 {'player': 1} memory=2 {'monster': 2} paired=0 median=0.000 unleveled=208:兔子,207:兔子
2026-09-27 15:21:48.518  INFO   decision    mode=traveling behavior=combat action=searching target=87 reason='elf approach' status=success
2026-09-27 15:21:48.920  INFO   decision    mode=traveling behavior=? action=searching target=87 reason='elf approach' status=success
2026-09-27 15:21:52.395  INFO   session     Entity shadow: vision=5 {'player': 2, 'monster': 3} memory=4 {'monster': 4} paired=2 median=0.036 unleveled=208:兔子,207:兔子
2026-09-27 15:21:52.435  INFO   decision    mode=traveling behavior=? action=attack target=87 reason='elf fire' status=success
2026-09-27 15:21:53.389  INFO   decision    mode=traveling behavior=? action=searching target=87 reason='elf reposition' status=success
2026-09-27 15:21:54.796  INFO   decision    mode=traveling behavior=combat action=searching target=- reason='unstick nearby' status=success
2026-09-27 15:21:55.626  INFO   decision    mode=traveling behavior=combat action=idle target=- reason='no behavior produced an intent' status=success
2026-09-27 15:21:56.006  INFO   decision    mode=traveling behavior=? action=searching target=87 reason='elf reposition' status=success
2026-09-27 15:21:57.403  INFO   session     Entity shadow: vision=5 {'player': 1, 'monster': 3, 'npc': 1} memory=5 {'monster': 5} paired=2 median=0.016 unleveled=207:兔子,68:警衛,208:兔子
2026-09-27 15:21:58.995  INFO   decision    mode=traveling behavior=combat action=searching target=88 reason='elf reposition' status=success
2026-09-27 15:21:59.442  INFO   decision    mode=traveling behavior=? action=searching target=88 reason='elf reposition' status=success
2026-09-27 15:22:02.522  INFO   session     Entity shadow: vision=2 {'npc': 1, 'monster': 1} memory=5 {'monster': 5} paired=1 median=0.021 unleveled=208:兔子,68:警衛
2026-09-27 15:22:06.163  INFO   decision    mode=traveling behavior=survival action=use_hp_potion target=- reason='elf potion' status=success
2026-09-27 15:22:08.111  INFO   session     Entity shadow: vision=6 {'npc': 1, 'monster': 4, 'player': 1} memory=7 {'monster': 7} paired=4 median=0.036 unleveled=68:警衛,189:鹿
2026-09-27 15:22:09.234  INFO   decision    mode=traveling behavior=? action=idle target=- reason='waiting for respawn' status=success
2026-09-27 15:22:11.536  INFO   decision    mode=traveling behavior=respawn action=respawn target=- reason='death confirmed, restart' status=success
2026-09-27 15:22:12.066  INFO   decision    mode=traveling behavior=? action=idle target=- reason='waiting for respawn' status=success
2026-09-27 15:22:12.518  INFO   decision    mode=traveling behavior=survival action=use_hp_potion target=- reason='elf potion' status=success
2026-09-27 15:22:13.942  INFO   session     Entity shadow: vision=32 {'player': 26, 'monster': 2, 'npc': 4} memory=63 {'player': 57, 'npc': 5, 'monster': 1} paired=29 median=0.034 unleveled=14:青蛙
2026-09-27 15:22:16.721  INFO   session     일시정지 — 단축키
2026-09-27 15:23:06.767  INFO   session     정지 → 중지됨
2026-09-27 15:23:06.994  INFO   session     봇 작업이 종료되었습니다
