2026-09-24 14:24:17.310  INFO   session     Loading Manmabot from D:\Work\Lineage\ManmabotV1_final\engine
2026-09-24 14:24:17.313  INFO   session     Session log D:\Work\Lineage\ManmabotV1_final\engine\logs\bot-20260924-142417.log
2026-09-24 14:24:17.313  INFO   session     character=elf loot=all_items game_lang=ko map=talking_island farms=['area_3', 'area_2', 'area_1'] file=D:\Work\Lineage\ManmabotV1_final\engine\logs\bot-20260924-142417.log
2026-09-24 14:24:20.254  INFO   nav         building portal graph (cluster=32, 479x511)
2026-09-24 14:24:20.498  INFO   nav         portal graph: 188 components, 244 ms
2026-09-24 14:24:20.504  INFO   nav         farms=3 safe=11 home=(354, 203) (files farm=D:\Work\Lineage\ManmabotV1_final\engine\maps\talking_island\farms.yaml safe=D:\Work\Lineage\ManmabotV1_final\engine\maps\talking_island\safe.yaml home=D:\Work\Lineage\ManmabotV1_final\engine\maps\talking_island\home.yaml)
2026-09-24 14:24:21.306  INFO   capture     mss window capture process='LC.exe' title=None content_aspect=4:3
2026-09-24 14:24:24.574  INFO   session     Entity clicks use memory names, species, and world cells. Image recognition still runs. Set memory.entity_source to vision to restore image-only clicks.
2026-09-24 14:24:24.580  INFO   session     Player memory is read in this process (realtime_monitor.dll, offsets.json). No separate console.
2026-09-24 14:24:24.625  INFO   session     Inventory listen scanning in background (build inventory_listen.dll or place inv.json).
2026-09-24 14:24:24.665  INFO   session     Reading hotbar from memory (24 slots)…
2026-09-24 14:24:24.784  INFO   session     Hotbar scan done · hp_potion@box1/f5, talking_scroll@box1/f8
2026-09-24 14:24:24.788  INFO   session     Unmapped hotbar icons: box1/f6:+0 화살 (2,216), box1/f7:아데나 (863), box1/f12:상쾌한 초록 물약
2026-09-24 14:24:24.808  INFO   session     Loop ready · elf · ko · map=talking_island · loot=all_items · farms=['area_3', 'area_2', 'area_1']
2026-09-24 14:24:26.359  INFO   session     Entity shadow: vision=3 {'monster': 1, 'player': 1, 'item': 1} memory=2 {'item': 1, 'monster': 1} paired=2 median=0.024
2026-09-24 14:24:26.412  INFO   session     Inventory listen ready (dll) · hp=8 arrows=2216 silver=5 depoison=0
2026-09-24 14:24:26.590  INFO   decision    mode=farming behavior=talking_scroll action=use_talking_scroll target=- reason='go to shop (sell_garbage_ch)' status=success
2026-09-24 14:24:30.266  INFO   decision    mode=traveling behavior=traveling action=traveling target=- reason='walk to shop (sell_garbage_ch)' status=success
2026-09-24 14:24:31.359  INFO   session     Entity shadow: vision=2 {'player': 1, 'monster': 1} memory=3 {'monster': 2, 'item': 1} paired=0 median=0.000
2026-09-24 14:24:36.468  INFO   session     Entity shadow: vision=1 {'monster': 1} memory=8 {'item': 2, 'monster': 6} paired=1 median=0.019
2026-09-24 14:24:41.396  INFO   decision    mode=traveling behavior=traveling action=traveling target=- reason='walk to shop (sell_garbage_ch)' status=success (repeat)
2026-09-24 14:24:41.548  INFO   session     Entity shadow: vision=5 {'player': 1, 'item': 2, 'monster': 2} memory=10 {'monster': 7, 'item': 3} paired=4 median=0.031
2026-09-24 14:24:46.562  INFO   session     Entity shadow: vision=1 {'player': 1} memory=7 {'monster': 7} paired=0 median=0.000
2026-09-24 14:24:48.943  INFO   decision    mode=retreating behavior=talking_scroll action=use_talking_scroll target=- reason='retreat, 마법서 상인' status=success
2026-09-24 14:24:49.798  INFO   decision    mode=retreating behavior=retreating action=idle target=- reason='retreating, waiting for hp' status=success
2026-09-24 14:24:50.884  INFO   decision    mode=retreating behavior=loot action=searching target=11 reason='walk onto item' status=success
2026-09-24 14:24:51.174  INFO   decision    mode=retreating behavior=retreating action=idle target=- reason='retreating, waiting for hp' status=success
2026-09-24 14:24:51.611  INFO   session     Entity shadow: vision=5 {'player': 1, 'npc': 2, 'monster': 2} memory=7 {'player': 1, 'monster': 3, 'npc': 3} paired=1 median=0.015 unleveled=10:警衛,68:警衛
2026-09-24 14:24:52.339  INFO   decision    mode=retreating behavior=loot action=searching target=27 reason='walk onto item' status=success
2026-09-24 14:24:53.190  INFO   decision    mode=retreating behavior=retreating action=idle target=- reason='retreating, waiting for hp' status=success
2026-09-24 14:24:56.667  INFO   session     Entity shadow: vision=7 {'player': 2, 'monster': 3, 'npc': 2} memory=7 {'monster': 5, 'player': 2} paired=4 median=0.020 unleveled=10:警衛,68:警衛
2026-09-24 14:25:01.811  INFO   session     Entity shadow: vision=6 {'player': 2, 'monster': 2, 'npc': 2} memory=5 {'monster': 3, 'player': 2} paired=3 median=0.026 unleveled=68:警衛
2026-09-24 14:25:02.036  INFO   decision    mode=retreating behavior=retreating action=idle target=- reason='retreating, waiting for hp' status=success (repeat)
2026-09-24 14:25:06.892  INFO   session     Entity shadow: vision=0 {} memory=3 {'player': 2, 'monster': 1} paired=0 median=0.000 unleveled=68:警衛
2026-09-24 14:25:10.186  INFO   decision    mode=retreating behavior=retreating action=idle target=- reason='retreating, waiting for hp' status=success (repeat)
2026-09-24 14:25:11.976  INFO   session     Entity shadow: vision=3 {'player': 2, 'npc': 1} memory=2 {'player': 1, 'monster': 1} paired=1 median=0.004 unleveled=68:警衛
2026-09-24 14:25:17.018  INFO   session     Entity shadow: vision=4 {'player': 2, 'npc': 2} memory=2 {'player': 1, 'monster': 1} paired=1 median=0.008 unleveled=68:警衛
2026-09-24 14:25:17.745  INFO   decision    mode=retreating behavior=retreating action=idle target=- reason='retreating, waiting for hp' status=success (repeat)
2026-09-24 14:25:22.096  INFO   session     Entity shadow: vision=2 {'player': 1, 'npc': 1} memory=2 {'player': 1, 'monster': 1} paired=0 median=0.000 unleveled=68:警衛
2026-09-24 14:25:27.242  INFO   session     Entity shadow: vision=3 {'player': 2, 'npc': 1} memory=1 {'monster': 1} paired=0 median=0.000 unleveled=68:警衛
2026-09-24 14:25:27.601  INFO   decision    mode=retreating behavior=retreating action=idle target=- reason='retreating, waiting for hp' status=success (repeat)
2026-09-24 14:25:32.376  INFO   session     Entity shadow: vision=2 {'player': 1, 'npc': 1} memory=1 {'monster': 1} paired=0 median=0.000 unleveled=68:警衛
2026-09-24 14:25:35.331  INFO   decision    mode=retreating behavior=retreating action=idle target=- reason='retreating, waiting for hp' status=success (repeat)
2026-09-24 14:25:37.399  INFO   session     Entity shadow: vision=3 {'player': 2, 'npc': 1} memory=3 {'player': 2, 'monster': 1} paired=1 median=0.014 unleveled=68:警衛
2026-09-24 14:25:42.551  INFO   session     Entity shadow: vision=3 {'player': 2, 'npc': 1} memory=2 {'player': 1, 'monster': 1} paired=1 median=0.032 unleveled=68:警衛
2026-09-24 14:25:43.194  INFO   decision    mode=retreating behavior=retreating action=idle target=- reason='retreating, waiting for hp' status=success (repeat)
2026-09-24 14:25:47.629  INFO   session     Entity shadow: vision=2 {'player': 1, 'npc': 1} memory=1 {'monster': 1} paired=0 median=0.000 unleveled=68:警衛
2026-09-24 14:25:51.155  INFO   decision    mode=retreating behavior=retreating action=idle target=- reason='retreating, waiting for hp' status=success (repeat)
2026-09-24 14:25:52.758  INFO   session     Entity shadow: vision=4 {'player': 2, 'npc': 1, 'monster': 1} memory=3 {'player': 2, 'monster': 1} paired=1 median=0.019 unleveled=68:警衛
2026-09-24 14:25:55.658  INFO   session     Stop → Stopped (정지 — 게임 창이 닫혔습니다.)
2026-09-24 14:25:55.740  INFO   session     Bot worker exited
