2026-09-23 18:37:00.250  INFO   session     Loading Manmabot from D:\Work\Lineage\ManmabotV1_final\engine
2026-09-23 18:37:00.253  INFO   session     Session log D:\Work\Lineage\ManmabotV1_final\engine\logs\bot-20260923-183700.log
2026-09-23 18:37:00.254  INFO   session     character=elf loot=all_items game_lang=ko map=talking_island farms=['area_1', 'area_2', 'area_3', 'area_4'] file=D:\Work\Lineage\ManmabotV1_final\engine\logs\bot-20260923-183700.log
2026-09-23 18:37:00.311  INFO   nav         building portal graph (cluster=32, 479x511)
2026-09-23 18:37:00.559  INFO   nav         portal graph: 188 components, 248 ms
2026-09-23 18:37:00.565  INFO   nav         farms=4 safe=11 home=(354, 203) (files farm=D:\Work\Lineage\ManmabotV1_final\engine\maps\talking_island\farms.yaml safe=D:\Work\Lineage\ManmabotV1_final\engine\maps\talking_island\safe.yaml home=D:\Work\Lineage\ManmabotV1_final\engine\maps\talking_island\home.yaml)
2026-09-23 18:37:00.582  INFO   capture     mss window capture process='LC.exe' title=None content_aspect=4:3
2026-09-23 18:37:01.066  INFO   session     Entity clicks use memory names, species, and world cells. Image recognition still runs. Set memory.entity_source to vision to restore image-only clicks.
2026-09-23 18:37:01.074  INFO   session     Player memory is read in this process (realtime_monitor.dll, offsets.json). No separate console.
2026-09-23 18:37:01.079  INFO   session     Inventory listen scanning in background (build inventory_listen.dll or place inv.json).
2026-09-23 18:37:01.084  INFO   session     Scanning hotbar (skill boxes 1–3)…
2026-09-23 18:37:05.105  INFO   session     Hotbar scan done · hp_potion@box1/f5, talking_scroll@box1/f8
2026-09-23 18:37:05.109  INFO   session     Loop ready · elf · ko · map=talking_island · loot=all_items · farms=['area_1', 'area_2', 'area_3', 'area_4']
2026-09-23 18:37:05.392  INFO   session     Entity shadow: vision=3 {'npc': 2, 'player': 1} memory=3 {'monster': 3} paired=0 median=0.000 unleveled=14:개구리,10:경비병,68:경비병
2026-09-23 18:37:05.409  INFO   session     Inventory listen ready (dll) · hp=6 arrows=2822 silver=0 depoison=0
2026-09-23 18:37:05.414  INFO   decision    mode=traveling behavior=traveling action=traveling target=- reason='enter farm area' status=success
2026-09-23 18:37:06.613  INFO   session     Auto-pause (not_focused)
2026-09-23 18:37:23.981  INFO   session     Auto-resume → Running
2026-09-23 18:37:24.149  INFO   session     Entity shadow: vision=2 {'player': 1, 'npc': 1} memory=1 {'monster': 1} paired=0 median=0.000 unleveled=68:경비병
2026-09-23 18:37:28.850  INFO   session     Paused — hotkey
2026-09-23 18:37:30.568  INFO   session     Stop → Stopped
2026-09-23 18:37:30.823  INFO   session     Bot worker exited
