2026-09-27 18:45:33.451  INFO   session     Loading Manmabot from D:\ManmabotV1_final\engine
2026-09-27 18:45:33.458  INFO   session     Session log D:\ManmabotV1_final\engine\logs\bot-20260927-184533.log
2026-09-27 18:45:33.458  INFO   session     character=elf loot=all_items game_lang=ko map=talking_island farms=['area_1', 'area_2', 'area_3', 'area_4'] file=D:\ManmabotV1_final\engine\logs\bot-20260927-184533.log
2026-09-27 18:45:33.762  INFO   nav         building portal graph (cluster=32, 479x511)
2026-09-27 18:45:34.152  INFO   nav         portal graph: 188 components, 390 ms
2026-09-27 18:45:34.159  INFO   nav         farms=4 safe=11 home=(354, 203) (files farm=D:\ManmabotV1_final\engine\maps\talking_island\farms.yaml safe=D:\ManmabotV1_final\engine\maps\talking_island\safe.yaml home=D:\ManmabotV1_final\engine\maps\talking_island\home.yaml)
2026-09-27 18:45:34.403  INFO   capture     mss window capture process='LC.exe' title=None content_aspect=4:3
2026-09-27 18:45:34.920  INFO   session     Entity clicks use memory names, species, and world cells. Image recognition still runs. Set memory.entity_source to vision to restore image-only clicks.
2026-09-27 18:45:34.937  INFO   session     Player memory is read in this process (realtime_monitor.dll, offsets.json). No separate console.
2026-09-27 18:45:34.950  INFO   session     Inventory listen scanning in background (inventory_listen.dll or place inv.json).
2026-09-27 18:45:34.962  INFO   session     Reading hotbar from memory (24 slots)…
2026-09-27 18:45:35.027  INFO   session     Hotbar scan done · Power-up@box1/f5, Armor-up@box1/f6, Light@box1/f7, Heal@box1/f8, HP potion@box1/f9, Teleport@box1/f10, Mage attack@box1/f11, Talking scroll@box1/f5, Mother tree@box2/f6, HP to MP@box2/f7
2026-09-27 18:45:35.051  INFO   session     Loop ready · Elf · Korean · map=Talking Island · loot=Pick up everything · farms=Area 1, Area 2, Area 3, Area 4
2026-09-27 18:45:35.709  INFO   session     Entity shadow: vision=4 {'npc': 3, 'player': 1} memory=6 {'monster': 3, 'npc': 3} paired=0 median=0.000 unleveled=68:警衛,10:警衛
2026-09-27 18:45:35.733  INFO   session     Inventory listen ready (dll) · hp=0 arrows=737 silver=0 depoison=0
2026-09-27 18:45:35.757  INFO   decision    mode=farming behavior=buff action=buff target=- reason='armor_up' status=success
2026-09-27 18:45:36.455  INFO   decision    mode=traveling behavior=traveling action=traveling target=- reason='enter farm area' status=success
2026-09-27 18:45:40.948  INFO   session     Entity shadow: vision=5 {'player': 2, 'npc': 1, 'monster': 2} memory=5 {'monster': 3, 'player': 1, 'npc': 1} paired=3 median=0.011 unleveled=10:警衛
2026-09-27 18:45:45.975  INFO   session     Entity shadow: vision=3 {'player': 1, 'monster': 2} memory=3 {'monster': 3} paired=1 median=0.042
2026-09-27 18:45:45.998  INFO   decision    mode=traveling behavior=buff action=buff target=- reason='light' status=success
2026-09-27 18:45:46.685  INFO   decision    mode=traveling behavior=traveling action=traveling target=- reason='enter farm area' status=success
2026-09-27 18:45:48.558  INFO   decision    mode=traveling behavior=combat action=attack target=10 reason='engage target' status=success
2026-09-27 18:45:51.009  INFO   session     Entity shadow: vision=1 {'player': 1} memory=2 {'monster': 2} paired=0 median=0.000
2026-09-27 18:45:53.970  INFO   decision    mode=traveling behavior=traveling action=traveling target=- reason='enter farm area' status=success
2026-09-27 18:45:56.156  INFO   session     Entity shadow: vision=1 {'player': 1} memory=1 {'monster': 1} paired=0 median=0.000
2026-09-27 18:45:59.631  INFO   decision    mode=traveling behavior=combat action=attack target=13 reason='engage target' status=success
2026-09-27 18:46:01.197  INFO   session     Entity shadow: vision=1 {'player': 1} memory=4 {'monster': 4} paired=0 median=0.000
2026-09-27 18:46:06.431  INFO   session     Entity shadow: vision=0 {} memory=7 {'monster': 7} paired=0 median=0.000
2026-09-27 18:46:10.047  INFO   decision    mode=traveling behavior=loot action=pickup target=18 reason='engage item' status=success
2026-09-27 18:46:10.490  INFO   decision    mode=traveling behavior=loot action=idle target=- reason='pickup settle' status=success
2026-09-27 18:46:10.883  INFO   decision    mode=traveling behavior=combat action=attack target=15 reason='engage target' status=success
2026-09-27 18:46:11.505  INFO   session     Entity shadow: vision=2 {'player': 1, 'monster': 1} memory=6 {'monster': 6} paired=1 median=0.037
2026-09-27 18:46:14.310  INFO   decision    mode=traveling behavior=combat action=searching target=- reason='unstick blocked attack' status=success
2026-09-27 18:46:15.185  INFO   decision    mode=traveling behavior=combat action=idle target=- reason='no behavior produced an intent' status=success
2026-09-27 18:46:15.443  INFO   decision    mode=traveling behavior=combat action=searching target=- reason='unstick blocked attack' status=success
2026-09-27 18:46:15.821  INFO   decision    mode=traveling behavior=combat action=idle target=- reason='no behavior produced an intent' status=success
2026-09-27 18:46:16.094  INFO   decision    mode=traveling behavior=combat action=searching target=- reason='unstick blocked attack' status=success
2026-09-27 18:46:16.902  INFO   session     Entity shadow: vision=3 {'player': 2, 'monster': 1} memory=5 {'monster': 5} paired=1 median=0.019
2026-09-27 18:46:16.937  INFO   decision    mode=traveling behavior=combat action=idle target=- reason='no behavior produced an intent' status=success
2026-09-27 18:46:17.192  INFO   decision    mode=traveling behavior=combat action=searching target=- reason='unstick blocked attack' status=success
2026-09-27 18:46:18.007  INFO   decision    mode=traveling behavior=combat action=idle target=- reason='no behavior produced an intent' status=success
2026-09-27 18:46:18.322  INFO   decision    mode=traveling behavior=combat action=searching target=- reason='unstick blocked attack' status=success
2026-09-27 18:46:19.118  INFO   decision    mode=traveling behavior=combat action=idle target=- reason='no behavior produced an intent' status=success
2026-09-27 18:46:19.419  INFO   decision    mode=traveling behavior=combat action=searching target=- reason='unstick blocked attack' status=success
2026-09-27 18:46:19.834  INFO   decision    mode=traveling behavior=combat action=idle target=- reason='no behavior produced an intent' status=success
2026-09-27 18:46:20.195  INFO   decision    mode=traveling behavior=combat action=searching target=- reason='unstick blocked attack' status=success
2026-09-27 18:46:21.198  INFO   decision    mode=traveling behavior=combat action=idle target=- reason='no behavior produced an intent' status=success
2026-09-27 18:46:21.505  INFO   decision    mode=traveling behavior=combat action=searching target=- reason='unstick blocked attack' status=success
2026-09-27 18:46:21.852  INFO   decision    mode=traveling behavior=combat action=idle target=- reason='no behavior produced an intent' status=success
2026-09-27 18:46:22.132  INFO   session     Entity shadow: vision=1 {'player': 1} memory=3 {'monster': 3} paired=0 median=0.000
2026-09-27 18:46:22.159  INFO   decision    mode=traveling behavior=combat action=searching target=- reason='unstick blocked attack' status=success
2026-09-27 18:46:22.929  INFO   decision    mode=traveling behavior=combat action=idle target=- reason='no behavior produced an intent' status=success
2026-09-27 18:46:23.179  INFO   decision    mode=traveling behavior=combat action=searching target=- reason='unstick blocked attack' status=success
2026-09-27 18:46:23.966  INFO   decision    mode=traveling behavior=combat action=idle target=- reason='no behavior produced an intent' status=success
2026-09-27 18:46:24.263  INFO   decision    mode=traveling behavior=combat action=searching target=- reason='unstick blocked attack' status=success
2026-09-27 18:46:25.061  INFO   decision    mode=traveling behavior=combat action=idle target=- reason='no behavior produced an intent' status=success
2026-09-27 18:46:25.352  INFO   decision    mode=traveling behavior=combat action=searching target=- reason='unstick blocked attack' status=success
2026-09-27 18:46:26.261  INFO   decision    mode=traveling behavior=combat action=attack target=21 reason='engage target' status=success
2026-09-27 18:46:27.185  INFO   session     Entity shadow: vision=1 {'player': 1} memory=4 {'monster': 4} paired=0 median=0.000
2026-09-27 18:46:32.226  INFO   session     Entity shadow: vision=1 {'monster': 1} memory=3 {'monster': 3} paired=1 median=0.018
2026-09-27 18:46:34.506  INFO   decision    mode=traveling behavior=combat action=searching target=- reason='unstick blocked attack' status=success
2026-09-27 18:46:34.924  INFO   decision    mode=traveling behavior=combat action=idle target=- reason='no behavior produced an intent' status=success
2026-09-27 18:46:35.219  INFO   decision    mode=traveling behavior=combat action=searching target=- reason='unstick blocked attack' status=success
2026-09-27 18:46:36.187  INFO   decision    mode=traveling behavior=combat action=idle target=- reason='no behavior produced an intent' status=success
2026-09-27 18:46:36.490  INFO   decision    mode=traveling behavior=combat action=searching target=- reason='unstick blocked attack' status=success
2026-09-27 18:46:37.254  INFO   session     Entity shadow: vision=2 {'player': 1, 'monster': 1} memory=3 {'monster': 3} paired=1 median=0.006
2026-09-27 18:46:37.287  INFO   decision    mode=traveling behavior=combat action=idle target=- reason='no behavior produced an intent' status=success
2026-09-27 18:46:37.525  INFO   decision    mode=traveling behavior=combat action=searching target=- reason='unstick blocked attack' status=success
2026-09-27 18:46:39.422  INFO   decision    mode=traveling behavior=combat action=idle target=- reason='no behavior produced an intent' status=success
2026-09-27 18:46:39.702  INFO   decision    mode=traveling behavior=combat action=searching target=- reason='unstick blocked attack' status=success
2026-09-27 18:46:39.703  INFO   session     Paused — hotkey
2026-09-27 18:47:45.183  INFO   session     Stop → Stopped
