2026-09-23 19:02:37.152  INFO   session     Loading Manmabot from D:\Work\Lineage\ManmabotV1_final\engine
2026-09-23 19:02:37.155  INFO   session     Session log D:\Work\Lineage\ManmabotV1_final\engine\logs\bot-20260923-190237.log
2026-09-23 19:02:37.155  INFO   session     character=elf loot=all_items game_lang=ko map=talking_island farms=['area_1', 'area_3'] file=D:\Work\Lineage\ManmabotV1_final\engine\logs\bot-20260923-190237.log
2026-09-23 19:02:37.369  INFO   nav         building portal graph (cluster=32, 479x511)
2026-09-23 19:02:37.616  INFO   nav         portal graph: 188 components, 247 ms
2026-09-23 19:02:37.622  INFO   nav         farms=2 safe=11 home=(354, 203) (files farm=D:\Work\Lineage\ManmabotV1_final\engine\maps\talking_island\farms.yaml safe=D:\Work\Lineage\ManmabotV1_final\engine\maps\talking_island\safe.yaml home=D:\Work\Lineage\ManmabotV1_final\engine\maps\talking_island\home.yaml)
2026-09-23 19:02:37.909  INFO   capture     mss window capture process='LC.exe' title=None content_aspect=4:3
2026-09-23 19:02:38.255  INFO   session     Entity clicks use memory names, species, and world cells. Image recognition still runs. Set memory.entity_source to vision to restore image-only clicks.
2026-09-23 19:02:38.261  INFO   session     Player memory is read in this process (realtime_monitor.dll, offsets.json). No separate console.
2026-09-23 19:02:38.266  INFO   session     Inventory listen scanning in background (build inventory_listen.dll or place inv.json).
2026-09-23 19:02:38.271  INFO   session     Scanning hotbar (skill boxes 1–3)…
2026-09-23 19:02:42.703  INFO   session     Hotbar scan done · talking_scroll@box1/f8
2026-09-23 19:02:42.707  INFO   session     Loop ready · elf · ko · map=talking_island · loot=all_items · farms=['area_1', 'area_3']
2026-09-23 19:02:43.212  INFO   session     Auto-resume → Running
2026-09-23 19:02:43.837  INFO   session     Entity shadow: vision=11 {'npc': 2, 'player': 9} memory=23 {'player': 18, 'npc': 5} paired=10 median=0.036
2026-09-23 19:02:43.857  INFO   session     Inventory listen ready (dll) · hp=6 arrows=2751 silver=0 depoison=0
2026-09-23 19:02:43.901  INFO   decision    mode=traveling behavior=traveling action=traveling target=- reason='enter farm area' status=success
2026-09-23 19:02:45.910  INFO   session     Auto-pause (not_focused)
2026-09-23 19:02:50.646  INFO   session     Auto-resume → Running
2026-09-23 19:02:51.000  INFO   session     Entity shadow: vision=9 {'player': 7, 'npc': 2} memory=11 {'npc': 5, 'player': 6} paired=5 median=0.059
2026-09-23 19:02:56.317  INFO   session     Entity shadow: vision=11 {'monster': 4, 'player': 6, 'npc': 1} memory=18 {'npc': 7, 'player': 11} paired=7 median=0.012
2026-09-23 19:03:01.443  INFO   session     Entity shadow: vision=7 {'npc': 2, 'player': 5} memory=13 {'player': 6, 'npc': 7} paired=6 median=0.027
2026-09-23 19:03:02.995  INFO   decision    mode=traveling behavior=traveling action=traveling target=- reason='enter farm area' status=success (repeat)
2026-09-23 19:03:06.612  INFO   session     Entity shadow: vision=5 {'player': 3, 'monster': 2} memory=9 {'npc': 7, 'player': 2} paired=1 median=0.013
2026-09-23 19:03:09.163  INFO   decision    mode=traveling behavior=combat action=attack target=65 reason='engage target' status=success
2026-09-23 19:03:11.749  INFO   session     Entity shadow: vision=4 {'player': 1, 'npc': 2, 'monster': 1} memory=5 {'monster': 3, 'npc': 2} paired=1 median=0.023 unleveled=68:경비병,10:경비병
2026-09-23 19:03:16.890  INFO   session     Entity shadow: vision=3 {'npc': 1, 'player': 1, 'monster': 1} memory=6 {'monster': 4, 'npc': 2} paired=1 median=0.054 unleveled=189:사슴,68:경비병,10:경비병
2026-09-23 19:03:19.171  INFO   decision    mode=traveling behavior=traveling action=traveling target=- reason='unstick' status=success
2026-09-23 19:03:21.942  INFO   session     Entity shadow: vision=5 {'player': 1, 'item': 1, 'npc': 3} memory=6 {'npc': 3, 'item': 1, 'monster': 2} paired=2 median=0.021 unleveled=68:경비병,10:경비병
2026-09-23 19:03:26.960  INFO   session     Entity shadow: vision=5 {'player': 1, 'item': 1, 'npc': 3} memory=6 {'npc': 3, 'item': 1, 'monster': 2} paired=2 median=0.008 unleveled=68:경비병,10:경비병
2026-09-23 19:03:28.353  INFO   decision    mode=traveling behavior=traveling action=traveling target=- reason='enter farm area' status=success (repeat)
2026-09-23 19:03:31.972  INFO   session     Entity shadow: vision=7 {'player': 1, 'item': 1, 'npc': 5} memory=6 {'npc': 3, 'item': 1, 'monster': 2} paired=3 median=0.018 unleveled=68:경비병,10:경비병
2026-09-23 19:03:32.196  INFO   decision    mode=traveling behavior=loot action=searching target=- reason='stand beside item' status=success
2026-09-23 19:03:34.246  INFO   decision    mode=traveling behavior=traveling action=traveling target=- reason='unstick' status=success
2026-09-23 19:03:35.225  INFO   decision    mode=traveling behavior=loot action=searching target=- reason='stand beside item' status=success
2026-09-23 19:03:37.128  INFO   session     Entity shadow: vision=5 {'player': 1, 'npc': 3, 'item': 1} memory=2 {'item': 1, 'monster': 1} paired=1 median=0.034 unleveled=10:경비병
2026-09-23 19:03:40.415  INFO   decision    mode=traveling behavior=loot action=pickup target=68 reason='loot target' status=success
2026-09-23 19:03:41.820  INFO   decision    mode=traveling behavior=traveling action=traveling target=- reason='enter farm area' status=success
2026-09-23 19:03:42.185  INFO   session     Entity shadow: vision=3 {'monster': 1, 'npc': 2} memory=2 {'monster': 2} paired=0 median=0.000 unleveled=68:경비병,10:경비병
2026-09-23 19:03:47.214  INFO   session     Entity shadow: vision=1 {'player': 1} memory=0 {} paired=0 median=0.000
2026-09-23 19:03:49.729  INFO   decision    mode=traveling behavior=traveling action=traveling target=- reason='enter farm area' status=success (repeat)
2026-09-23 19:03:52.312  INFO   session     Entity shadow: vision=1 {'player': 1} memory=0 {} paired=0 median=0.000
2026-09-23 19:03:57.416  INFO   session     Entity shadow: vision=1 {'player': 1} memory=1 {'monster': 1} paired=0 median=0.000 unleveled=208:토끼
2026-09-23 19:03:57.437  INFO   decision    mode=traveling behavior=traveling action=traveling target=- reason='enter farm area' status=success (repeat)
2026-09-23 19:04:00.724  INFO   decision    mode=traveling behavior=combat action=attack target=72 reason='engage target' status=success
2026-09-23 19:04:02.537  INFO   session     Entity shadow: vision=3 {'player': 1, 'item': 1, 'monster': 1} memory=3 {'monster': 3} paired=1 median=0.053 unleveled=207:토끼,208:토끼
2026-09-23 19:04:02.761  INFO   decision    mode=traveling behavior=loot action=searching target=- reason='stand beside item' status=success
2026-09-23 19:04:06.704  INFO   decision    mode=traveling behavior=combat action=attack target=76 reason='engage target' status=success
2026-09-23 19:04:07.580  INFO   session     Entity shadow: vision=3 {'player': 1, 'monster': 1, 'item': 1} memory=3 {'monster': 2, 'item': 1} paired=2 median=0.027 unleveled=207:토끼
2026-09-23 19:04:12.583  INFO   session     Entity shadow: vision=3 {'player': 1, 'item': 1, 'monster': 1} memory=1 {'monster': 1} paired=0 median=0.000 unleveled=207:토끼
2026-09-23 19:04:16.742  INFO   decision    mode=traveling behavior=traveling action=traveling target=- reason='enter farm area' status=success
2026-09-23 19:04:17.511  INFO   decision    mode=traveling behavior=combat action=attack target=77 reason='engage target' status=success
2026-09-23 19:04:17.995  INFO   session     Entity shadow: vision=1 {'player': 1} memory=2 {'monster': 2} paired=0 median=0.000 unleveled=207:토끼
2026-09-23 19:04:23.186  INFO   session     Entity shadow: vision=1 {'player': 1} memory=1 {'monster': 1} paired=0 median=0.000
2026-09-23 19:04:26.919  INFO   decision    mode=traveling behavior=combat action=attack target=78 reason='engage target' status=success
2026-09-23 19:04:28.305  INFO   session     Entity shadow: vision=1 {'player': 1} memory=2 {'monster': 2} paired=0 median=0.000
2026-09-23 19:04:33.323  INFO   session     Entity shadow: vision=3 {'item': 2, 'monster': 1} memory=2 {'monster': 1, 'item': 1} paired=2 median=0.013
2026-09-23 19:04:36.981  INFO   decision    mode=traveling behavior=loot action=pickup target=80 reason='engage item' status=success
2026-09-23 19:04:38.254  INFO   decision    mode=traveling behavior=combat action=attack target=79 reason='engage target' status=success
2026-09-23 19:04:38.722  INFO   session     Entity shadow: vision=2 {'player': 1, 'monster': 1} memory=1 {'monster': 1} paired=1 median=0.017
2026-09-23 19:04:39.206  INFO   decision    mode=traveling behavior=loot action=searching target=- reason='stand beside item' status=success
2026-09-23 19:04:42.379  INFO   decision    mode=traveling behavior=traveling action=traveling target=- reason='enter farm area' status=success
2026-09-23 19:04:43.905  INFO   session     Entity shadow: vision=2 {'player': 1, 'item': 1} memory=1 {'item': 1} paired=1 median=0.061
2026-09-23 19:04:48.964  INFO   session     Entity shadow: vision=2 {'player': 1, 'item': 1} memory=2 {'monster': 1, 'item': 1} paired=1 median=0.044 unleveled=189:사슴
2026-09-23 19:04:50.519  INFO   decision    mode=traveling behavior=traveling action=traveling target=- reason='enter farm area' status=success (repeat)
2026-09-23 19:04:54.016  INFO   session     Entity shadow: vision=2 {'player': 1, 'item': 1} memory=1 {'item': 1} paired=1 median=0.054
2026-09-23 19:04:56.092  INFO   decision    mode=traveling behavior=combat action=attack target=83 reason='engage target' status=success
2026-09-23 19:04:59.146  INFO   session     Entity shadow: vision=2 {'player': 1, 'monster': 1} memory=2 {'monster': 2} paired=1 median=0.025 unleveled=189:사슴
2026-09-23 19:05:04.347  INFO   session     Entity shadow: vision=2 {'player': 1, 'monster': 1} memory=2 {'monster': 2} paired=1 median=0.015 unleveled=189:사슴
2026-09-23 19:05:06.197  INFO   decision    mode=traveling behavior=combat action=attack target=85 reason='engage target' status=success
2026-09-23 19:05:09.444  INFO   session     Entity shadow: vision=2 {'player': 1, 'monster': 1} memory=2 {'monster': 2} paired=1 median=0.017 unleveled=189:사슴
2026-09-23 19:05:12.464  INFO   decision    mode=traveling behavior=combat action=attack target=84 reason='engage target' status=success
2026-09-23 19:05:13.983  INFO   decision    mode=traveling behavior=combat action=attack target=85 reason='attack target' status=success
2026-09-23 19:05:14.194  INFO   decision    mode=traveling behavior=combat action=attack target=84 reason='engage target' status=success
2026-09-23 19:05:14.685  INFO   session     Entity shadow: vision=2 {'player': 1, 'monster': 1} memory=2 {'monster': 2} paired=1 median=0.067
2026-09-23 19:05:14.707  INFO   decision    mode=traveling behavior=combat action=attack target=85 reason='attack target' status=success
2026-09-23 19:05:19.732  INFO   session     Entity shadow: vision=1 {'item': 1} memory=2 {'monster': 1, 'item': 1} paired=1 median=0.005 unleveled=189:사슴
2026-09-23 19:05:24.230  INFO   decision    mode=traveling behavior=loot action=pickup target=86 reason='engage item' status=success
2026-09-23 19:05:24.914  INFO   session     Entity shadow: vision=2 {'item': 2} memory=2 {'monster': 1, 'item': 1} paired=1 median=0.003 unleveled=189:사슴
2026-09-23 19:05:25.649  INFO   decision    mode=traveling behavior=traveling action=traveling target=- reason='enter farm area' status=success
2026-09-23 19:05:30.110  INFO   session     Entity shadow: vision=1 {'monster': 1} memory=1 {'monster': 1} paired=0 median=0.000 unleveled=189:사슴
2026-09-23 19:05:33.728  INFO   decision    mode=traveling behavior=traveling action=traveling target=- reason='enter farm area' status=success (repeat)
2026-09-23 19:05:34.869  INFO   session     Auto-pause (not_focused)
2026-09-23 19:05:38.189  INFO   session     Auto-resume → Running
2026-09-23 19:05:38.374  INFO   session     Entity shadow: vision=1 {'monster': 1} memory=2 {'monster': 2} paired=0 median=0.000 unleveled=189:사슴
2026-09-23 19:05:38.407  INFO   decision    mode=traveling behavior=combat action=attack target=87 reason='engage target' status=success
2026-09-23 19:05:42.973  INFO   decision    mode=traveling behavior=loot action=searching target=- reason='stand beside item' status=success
2026-09-23 19:05:43.377  INFO   session     Entity shadow: vision=2 {'item': 1, 'player': 1} memory=3 {'monster': 2, 'item': 1} paired=1 median=0.012 unleveled=189:사슴
2026-09-23 19:05:46.067  INFO   decision    mode=traveling behavior=traveling action=traveling target=- reason='enter farm area' status=success
2026-09-23 19:05:48.389  INFO   session     Entity shadow: vision=2 {'item': 1, 'monster': 1} memory=2 {'monster': 1, 'item': 1} paired=2 median=0.032
2026-09-23 19:05:53.480  INFO   session     Entity shadow: vision=1 {'item': 1} memory=2 {'monster': 1, 'item': 1} paired=1 median=0.009
2026-09-23 19:05:54.727  INFO   decision    mode=traveling behavior=traveling action=traveling target=- reason='enter farm area' status=success (repeat)
2026-09-23 19:05:58.594  INFO   session     Entity shadow: vision=1 {'monster': 1} memory=3 {'monster': 1, 'player': 1, 'item': 1} paired=0 median=0.000
2026-09-23 19:06:01.753  INFO   session     Paused — hotkey
2026-09-23 19:08:15.893  INFO   session     Hotkey resume → Running
2026-09-23 19:08:16.293  INFO   session     Entity shadow: vision=13 {'player': 10, 'npc': 3} memory=14 {'monster': 1, 'player': 9, 'npc': 4} paired=11 median=0.027 unleveled=14:개구리
2026-09-23 19:08:19.406  INFO   decision    mode=traveling behavior=traveling action=traveling target=- reason='enter farm area' status=success (repeat)
2026-09-23 19:08:21.552  INFO   session     Entity shadow: vision=24 {'player': 19, 'monster': 1, 'npc': 4} memory=44 {'npc': 7, 'player': 37} paired=22 median=0.043
2026-09-23 19:08:26.902  INFO   session     Entity shadow: vision=28 {'player': 23, 'npc': 3, 'monster': 2} memory=53 {'npc': 7, 'player': 46} paired=24 median=0.069
2026-09-23 19:08:31.958  INFO   session     Entity shadow: vision=15 {'player': 12, 'npc': 2, 'monster': 1} memory=39 {'npc': 9, 'player': 30} paired=14 median=0.031
2026-09-23 19:08:36.374  INFO   decision    mode=traveling behavior=traveling action=traveling target=- reason='enter farm area' status=success (repeat)
2026-09-23 19:08:36.986  INFO   session     Entity shadow: vision=7 {'player': 5, 'npc': 2} memory=12 {'npc': 7, 'player': 5} paired=7 median=0.015
2026-09-23 19:08:42.229  INFO   session     Entity shadow: vision=6 {'player': 5, 'monster': 1} memory=13 {'monster': 1, 'npc': 7, 'player': 5} paired=4 median=0.076 unleveled=206:토끼
2026-09-23 19:08:46.434  INFO   decision    mode=traveling behavior=traveling action=traveling target=- reason='unstick' status=success (repeat)
2026-09-23 19:08:47.317  INFO   session     Entity shadow: vision=4 {'player': 2, 'npc': 2} memory=6 {'monster': 2, 'npc': 3, 'player': 1} paired=2 median=0.033 unleveled=10:경비병,206:토끼
2026-09-23 19:08:50.795  INFO   decision    mode=traveling behavior=combat action=attack target=181 reason='engage target' status=success
2026-09-23 19:08:52.599  INFO   session     Entity shadow: vision=7 {'npc': 3, 'item': 1, 'player': 2, 'monster': 1} memory=8 {'item': 1, 'monster': 5, 'npc': 2} paired=2 median=0.016 unleveled=207:토끼,189:사슴,206:토끼,68:경비병,10:경비병
2026-09-23 19:08:57.819  INFO   session     Entity shadow: vision=5 {'player': 1, 'item': 1, 'npc': 2, 'monster': 1} memory=6 {'monster': 3, 'npc': 2, 'item': 1} paired=1 median=0.008 unleveled=206:토끼,68:경비병,10:경비병
2026-09-23 19:08:59.308  INFO   decision    mode=traveling behavior=traveling action=traveling target=- reason='unstick' status=success
2026-09-23 19:09:02.936  INFO   session     Entity shadow: vision=4 {'player': 1, 'item': 1, 'npc': 2} memory=5 {'monster': 3, 'item': 1, 'npc': 1} paired=1 median=0.007 unleveled=206:토끼,68:경비병,10:경비병
2026-09-23 19:09:07.967  INFO   session     Entity shadow: vision=4 {'player': 1, 'item': 1, 'npc': 2} memory=5 {'item': 1, 'monster': 3, 'npc': 1} paired=1 median=0.010 unleveled=68:경비병,206:토끼,10:경비병
2026-09-23 19:09:08.299  INFO   decision    mode=traveling behavior=traveling action=traveling target=- reason='enter farm area' status=success (repeat)
2026-09-23 19:09:13.086  INFO   session     Entity shadow: vision=4 {'player': 1, 'npc': 2, 'item': 1} memory=5 {'monster': 3, 'item': 1, 'npc': 1} paired=1 median=0.039 unleveled=206:토끼,68:경비병,10:경비병
2026-09-23 19:09:17.677  INFO   decision    mode=traveling behavior=traveling action=traveling target=- reason='enter farm area' status=success (repeat)
2026-09-23 19:09:18.166  INFO   session     Entity shadow: vision=4 {'player': 1, 'item': 1, 'npc': 2} memory=5 {'monster': 3, 'item': 1, 'npc': 1} paired=1 median=0.020 unleveled=206:토끼,68:경비병,10:경비병
2026-09-23 19:09:21.959  INFO   decision    mode=traveling behavior=loot action=searching target=- reason='stand beside item' status=success
2026-09-23 19:09:23.173  INFO   session     Entity shadow: vision=5 {'player': 1, 'npc': 2, 'monster': 1, 'item': 1} memory=6 {'monster': 4, 'npc': 1, 'item': 1} paired=1 median=0.005 unleveled=14:개구리,189:사슴,68:경비병,10:경비병
2026-09-23 19:09:26.114  INFO   decision    mode=traveling behavior=traveling action=traveling target=- reason='enter farm area' status=success
2026-09-23 19:09:28.195  INFO   session     Entity shadow: vision=2 {'player': 1, 'npc': 1} memory=2 {'monster': 2} paired=0 median=0.000 unleveled=14:개구리,10:경비병
2026-09-23 19:09:32.024  INFO   decision    mode=traveling behavior=combat action=attack target=191 reason='engage target' status=success
2026-09-23 19:09:33.233  INFO   session     Entity shadow: vision=1 {'monster': 1} memory=3 {'monster': 3} paired=0 median=0.000 unleveled=189:사슴,14:개구리
2026-09-23 19:09:38.325  INFO   session     Entity shadow: vision=2 {'monster': 1, 'npc': 1} memory=3 {'monster': 3} paired=1 median=0.013 unleveled=68:경비병,189:사슴
2026-09-23 19:09:39.463  INFO   decision    mode=traveling behavior=combat action=attack target=194 reason='attack target' status=success
2026-09-23 19:09:40.171  INFO   decision    mode=traveling behavior=loot action=searching target=- reason='stand beside item' status=success
2026-09-23 19:09:42.163  INFO   decision    mode=traveling behavior=combat action=attack target=195 reason='engage target' status=success
2026-09-23 19:09:43.460  INFO   session     Entity shadow: vision=2 {'npc': 1, 'player': 1} memory=5 {'monster': 4, 'item': 1} paired=0 median=0.000 unleveled=189:사슴,14:개구리,68:경비병
2026-09-23 19:09:48.575  INFO   session     Entity shadow: vision=3 {'item': 1, 'player': 1, 'npc': 1} memory=4 {'monster': 3, 'item': 1} paired=1 median=0.004 unleveled=14:개구리,68:경비병,189:사슴
2026-09-23 19:09:50.705  INFO   decision    mode=traveling behavior=loot action=pickup target=197 reason='engage item' status=success
2026-09-23 19:09:51.965  INFO   decision    mode=traveling behavior=traveling action=traveling target=- reason='enter farm area' status=success
2026-09-23 19:09:53.675  INFO   session     Entity shadow: vision=1 {'player': 1} memory=3 {'monster': 3} paired=0 median=0.000 unleveled=189:사슴,14:개구리,68:경비병
2026-09-23 19:09:58.743  INFO   session     Entity shadow: vision=2 {'npc': 1, 'player': 1} memory=2 {'monster': 2} paired=0 median=0.000 unleveled=68:경비병,189:사슴
2026-09-23 19:09:59.565  INFO   decision    mode=traveling behavior=combat action=attack target=201 reason='engage target' status=success
2026-09-23 19:10:03.186  INFO   decision    mode=traveling behavior=loot action=searching target=- reason='stand beside item' status=success
2026-09-23 19:10:03.893  INFO   session     Entity shadow: vision=2 {'item': 1, 'player': 1} memory=1 {'item': 1} paired=1 median=0.016
2026-09-23 19:10:06.578  INFO   decision    mode=traveling behavior=traveling action=traveling target=- reason='enter farm area' status=success
2026-09-23 19:10:09.008  INFO   session     Entity shadow: vision=2 {'player': 1, 'item': 1} memory=1 {'item': 1} paired=1 median=0.028
2026-09-23 19:10:14.037  INFO   session     Entity shadow: vision=2 {'player': 1, 'item': 1} memory=1 {'item': 1} paired=1 median=0.013
2026-09-23 19:10:14.215  INFO   decision    mode=traveling behavior=combat action=attack target=204 reason='engage target' status=success
2026-09-23 19:10:19.132  INFO   session     Entity shadow: vision=4 {'item': 1, 'monster': 2, 'player': 1} memory=2 {'monster': 1, 'item': 1} paired=2 median=0.014
2026-09-23 19:10:24.206  INFO   session     Entity shadow: vision=2 {'player': 1, 'monster': 1} memory=4 {'monster': 3, 'item': 1} paired=1 median=0.020 unleveled=207:토끼
2026-09-23 19:10:24.231  INFO   decision    mode=traveling behavior=combat action=attack target=205 reason='engage target' status=success
2026-09-23 19:10:29.344  INFO   session     Entity shadow: vision=2 {'monster': 1, 'item': 1} memory=3 {'monster': 2, 'item': 1} paired=2 median=0.046 unleveled=207:토끼
2026-09-23 19:10:32.105  INFO   decision    mode=traveling behavior=traveling action=traveling target=- reason='enter farm area' status=success
2026-09-23 19:10:34.404  INFO   session     Entity shadow: vision=3 {'player': 2, 'monster': 1} memory=2 {'monster': 2} paired=1 median=0.024 unleveled=207:토끼
2026-09-23 19:10:34.579  INFO   decision    mode=traveling behavior=combat action=attack target=207 reason='engage target' status=success
2026-09-23 19:10:35.244  INFO   decision    mode=traveling behavior=loot action=searching target=- reason='stand beside item' status=success
2026-09-23 19:10:38.929  INFO   decision    mode=traveling behavior=combat action=attack target=207 reason='engage target' status=success
2026-09-23 19:10:39.624  INFO   session     Entity shadow: vision=3 {'item': 1, 'player': 1, 'monster': 1} memory=4 {'monster': 3, 'item': 1} paired=2 median=0.013 unleveled=207:토끼
2026-09-23 19:10:39.878  INFO   decision    mode=traveling behavior=loot action=searching target=- reason='stand beside item' status=success
2026-09-23 19:10:43.162  INFO   decision    mode=traveling behavior=traveling action=traveling target=- reason='enter farm area' status=success
2026-09-23 19:10:44.727  INFO   session     Entity shadow: vision=4 {'player': 1, 'monster': 1, 'item': 2} memory=3 {'item': 2, 'monster': 1} paired=3 median=0.012
2026-09-23 19:10:47.074  INFO   decision    mode=traveling behavior=combat action=attack target=210 reason='engage target' status=success
2026-09-23 19:10:49.848  INFO   session     Entity shadow: vision=5 {'item': 3, 'monster': 2} memory=4 {'monster': 2, 'item': 2} paired=3 median=0.010 unleveled=207:토끼
2026-09-23 19:10:50.615  INFO   decision    mode=traveling behavior=loot action=searching target=- reason='stand beside item' status=success
2026-09-23 19:10:54.967  INFO   session     Entity shadow: vision=5 {'item': 3, 'monster': 1, 'player': 1} memory=5 {'monster': 2, 'item': 3} paired=4 median=0.013 unleveled=207:토끼
2026-09-23 19:10:55.206  INFO   decision    mode=traveling behavior=traveling action=traveling target=- reason='enter farm area' status=success
2026-09-23 19:10:55.478  INFO   decision    mode=traveling behavior=combat action=attack target=204 reason='engage target' status=success
2026-09-23 19:10:57.258  INFO   session     Paused — hotkey
2026-09-23 20:26:12.995  INFO   session     Stop → Stopped
