2026-09-21 04:18:11.044  INFO   session     Loading Manmabot from D:\ManmabotV1\engine
2026-09-21 04:18:11.047  INFO   session     Session log D:\ManmabotV1\engine\logs\bot-20260921-041811.log
2026-09-21 04:18:11.047  INFO   session     character=elf loot=all_items game_lang=ko map=talking_island farms=['area_1', 'area_2', 'area_3', 'area_4'] file=D:\ManmabotV1\engine\logs\bot-20260921-041811.log
2026-09-21 04:18:11.133  INFO   session     Auto-pause (cursor_outside)
2026-09-21 04:18:11.309  INFO   nav         building portal graph (cluster=32, 479x511)
2026-09-21 04:18:11.568  INFO   nav         portal graph: 188 components, 258 ms
2026-09-21 04:18:11.574  INFO   nav         farms=4 safe=11 home=(354, 203) (files farm=D:\ManmabotV1\engine\maps\talking_island\farms.yaml safe=D:\ManmabotV1\engine\maps\talking_island\safe.yaml home=D:\ManmabotV1\engine\maps\talking_island\home.yaml)
2026-09-21 04:18:11.612  INFO   session     Auto-resume → Running
2026-09-21 04:18:11.879  INFO   capture     mss window capture process='LC.exe' title=None content_aspect=4:3
2026-09-21 04:18:11.885  INFO   session     Auto-pause (cursor_outside)
2026-09-21 04:18:12.163  INFO   session     Auto-resume → Running
2026-09-21 04:18:12.433  INFO   session     Auto-pause (not_focused)
2026-09-21 04:18:12.809  INFO   session     Entity clicks use memory names, species, and world cells. Image recognition still runs. Set memory.entity_source to vision to restore image-only clicks.
2026-09-21 04:18:12.816  INFO   session     Memory monitor connected
2026-09-21 04:18:12.818  INFO   session     Scanning hotbar (skill boxes 1–3)…
2026-09-21 04:18:16.874  INFO   session     Hotbar scan done · hp_potion@box3/f5, talking_scroll@box3/f8
2026-09-21 04:18:16.897  INFO   session     Loop ready · elf · ko · map=talking_island · loot=all_items · farms=['area_1', 'area_2', 'area_3', 'area_4']
2026-09-21 04:18:20.296  INFO   session     Auto-resume → Running
2026-09-21 04:18:20.562  INFO   session     Auto-pause (cursor_outside)
2026-09-21 04:18:20.658  INFO   session     Entity shadow: vision=3 {'npc': 1, 'player': 2} memory=1 {'monster': 1} paired=0 median=0.000 unleveled=68:警衛
2026-09-21 04:18:20.847  INFO   session     Auto-resume → Running
2026-09-21 04:18:21.034  INFO   decision    mode=traveling behavior=traveling action=traveling target=- reason='enter farm area' status=success
2026-09-21 04:18:21.125  INFO   session     Auto-pause (cursor_outside)
2026-09-21 04:18:21.394  INFO   session     Auto-resume → Running
2026-09-21 04:18:25.735  INFO   session     Entity shadow: vision=2 {'player': 1, 'npc': 1} memory=1 {'monster': 1} paired=0 median=0.000 unleveled=68:警衛
2026-09-21 04:18:26.297  INFO   decision    mode=traveling behavior=combat action=attack target=3 reason='engage target' status=success
2026-09-21 04:18:29.168  INFO   action      cursor give-up id=3 item=false reason=cursor=normal/normal score=1.000 not allowed
2026-09-21 04:18:29.330  INFO   decision    mode=traveling behavior=loot action=searching target=- reason='approach item' status=success
2026-09-21 04:18:30.769  INFO   session     Entity shadow: vision=3 {'player': 1, 'item': 1, 'monster': 1} memory=3 {'monster': 2, 'item': 1} paired=2 median=0.038
2026-09-21 04:18:34.990  INFO   decision    mode=traveling behavior=loot action=pickup target=4 reason='loot target' status=success
2026-09-21 04:18:35.934  INFO   session     Entity shadow: vision=3 {'item': 1, 'player': 1, 'monster': 1} memory=4 {'monster': 3, 'item': 1} paired=2 median=0.057 unleveled=189:鹿
2026-09-21 04:18:36.620  INFO   decision    mode=traveling behavior=traveling action=traveling target=- reason='enter farm area' status=success
2026-09-21 04:18:41.108  INFO   session     Entity shadow: vision=2 {'player': 1, 'monster': 1} memory=2 {'monster': 2} paired=1 median=0.010
2026-09-21 04:18:44.225  INFO   decision    mode=traveling behavior=traveling action=traveling target=- reason='enter farm area' status=success (repeat)
2026-09-21 04:18:46.121  INFO   session     Entity shadow: vision=1 {'player': 1} memory=0 {} paired=0 median=0.000
2026-09-21 04:18:51.221  INFO   session     Entity shadow: vision=1 {'player': 1} memory=0 {} paired=0 median=0.000
2026-09-21 04:18:51.391  INFO   decision    mode=traveling behavior=traveling action=traveling target=- reason='enter farm area' status=success (repeat)
2026-09-21 04:18:55.800  INFO   decision    mode=traveling behavior=combat action=attack target=10 reason='engage target' status=success
2026-09-21 04:18:56.334  INFO   session     Entity shadow: vision=2 {'player': 1, 'npc': 1} memory=2 {'monster': 2} paired=0 median=0.000
2026-09-21 04:18:56.486  INFO   action      cursor give-up id=10 item=false reason=cursor=normal/normal score=1.000 not allowed
2026-09-21 04:18:56.667  INFO   decision    mode=traveling behavior=traveling action=traveling target=- reason='enter farm area' status=success
2026-09-21 04:19:01.440  INFO   session     Entity shadow: vision=2 {'monster': 2} memory=1 {'monster': 1} paired=1 median=0.034
2026-09-21 04:19:04.324  INFO   decision    mode=traveling behavior=traveling action=traveling target=- reason='enter farm area' status=success (repeat)
2026-09-21 04:19:06.517  INFO   session     Entity shadow: vision=1 {'player': 1} memory=3 {'monster': 2, 'item': 1} paired=0 median=0.000
2026-09-21 04:19:07.564  INFO   decision    mode=traveling behavior=loot action=searching target=- reason='approach item' status=success
2026-09-21 04:19:09.499  INFO   decision    mode=traveling behavior=traveling action=traveling target=- reason='enter farm area' status=success
2026-09-21 04:19:11.841  INFO   session     Entity shadow: vision=4 {'monster': 1, 'item': 2, 'player': 1} memory=3 {'monster': 2, 'item': 1} paired=1 median=0.005
2026-09-21 04:19:12.564  INFO   decision    mode=traveling behavior=loot action=searching target=- reason='approach item' status=success
2026-09-21 04:19:14.605  INFO   decision    mode=traveling behavior=loot action=pickup target=13 reason='loot target' status=success
2026-09-21 04:19:16.273  INFO   decision    mode=traveling behavior=traveling action=traveling target=- reason='enter farm area' status=success
2026-09-21 04:19:16.985  INFO   session     Entity shadow: vision=3 {'player': 1, 'monster': 2} memory=2 {'monster': 2} paired=1 median=0.048
2026-09-21 04:19:22.087  INFO   session     Entity shadow: vision=2 {'player': 1, 'monster': 1} memory=1 {'monster': 1} paired=0 median=0.000
2026-09-21 04:19:22.557  INFO   decision    mode=traveling behavior=loot action=searching target=- reason='approach item' status=success
2026-09-21 04:19:27.162  INFO   session     Entity shadow: vision=2 {'item': 2} memory=3 {'item': 2, 'monster': 1} paired=2 median=0.017
2026-09-21 04:19:29.753  INFO   decision    mode=traveling behavior=loot action=searching target=- reason='approach item' status=success (repeat)
2026-09-21 04:19:32.206  INFO   session     Entity shadow: vision=2 {'player': 1, 'item': 1} memory=2 {'monster': 1, 'item': 1} paired=1 median=0.030
2026-09-21 04:19:32.781  INFO   decision    mode=traveling behavior=loot action=pickup target=16 reason='loot target' status=success
2026-09-21 04:19:34.527  INFO   decision    mode=traveling behavior=combat action=attack target=18 reason='engage target' status=success
2026-09-21 04:19:37.244  INFO   session     Entity shadow: vision=1 {'player': 1} memory=2 {'monster': 2} paired=0 median=0.000
2026-09-21 04:19:40.443  INFO   action      cursor give-up id=18 item=false reason=cursor=normal/normal score=1.000 not allowed
2026-09-21 04:19:40.587  INFO   decision    mode=traveling behavior=combat action=attack target=19 reason='engage target' status=success
2026-09-21 04:19:42.269  INFO   session     Entity shadow: vision=2 {'item': 1, 'player': 1} memory=4 {'monster': 3, 'item': 1} paired=1 median=0.011
2026-09-21 04:19:46.861  INFO   action      cursor give-up id=19 item=false reason=cursor=normal/normal score=1.000 not allowed
2026-09-21 04:19:47.015  INFO   decision    mode=traveling behavior=loot action=searching target=- reason='approach item' status=success
2026-09-21 04:19:47.413  INFO   session     Entity shadow: vision=3 {'item': 3} memory=5 {'monster': 3, 'item': 2} paired=2 median=0.031
2026-09-21 04:19:51.907  INFO   decision    mode=traveling behavior=loot action=pickup target=20 reason='loot target' status=success
2026-09-21 04:19:52.512  INFO   session     Entity shadow: vision=3 {'item': 2, 'monster': 1} memory=5 {'monster': 3, 'item': 2} paired=3 median=0.007
2026-09-21 04:19:52.537  INFO   decision    mode=traveling behavior=loot action=searching target=- reason='approach item' status=success
2026-09-21 04:19:55.038  INFO   decision    mode=traveling behavior=loot action=pickup target=22 reason='loot target' status=success
2026-09-21 04:19:56.050  INFO   decision    mode=traveling behavior=loot action=searching target=- reason='approach item' status=success
2026-09-21 04:19:57.012  INFO   decision    mode=traveling behavior=traveling action=traveling target=- reason='enter farm area' status=success
2026-09-21 04:19:57.551  INFO   session     Entity shadow: vision=3 {'item': 1, 'monster': 1, 'player': 1} memory=4 {'monster': 3, 'item': 1} paired=2 median=0.026
2026-09-21 04:20:00.958  INFO   decision    mode=traveling behavior=loot action=searching target=- reason='approach item' status=success
2026-09-21 04:20:02.628  INFO   session     Entity shadow: vision=0 {} memory=3 {'monster': 2, 'item': 1} paired=0 median=0.000
2026-09-21 04:20:06.026  INFO   decision    mode=traveling behavior=survival_potion action=use_hp_potion target=- reason='low hp' status=success
2026-09-21 04:20:07.803  INFO   session     Entity shadow: vision=1 {'monster': 1} memory=3 {'monster': 2, 'item': 1} paired=1 median=0.040
2026-09-21 04:20:08.178  INFO   decision    mode=retreating behavior=talking_scroll action=use_talking_scroll target=- reason='retreat, 마법서 상인' status=success
2026-09-21 04:20:09.213  INFO   decision    mode=retreating behavior=retreating action=idle target=- reason='retreating, waiting for hp' status=success
2026-09-21 04:20:12.060  INFO   decision    mode=retreating behavior=? action=idle target=- reason='waiting for respawn' status=success
2026-09-21 04:20:12.851  INFO   session     Entity shadow: vision=1 {'monster': 1} memory=4 {'monster': 3, 'item': 1} paired=1 median=0.031
2026-09-21 04:20:12.927  INFO   session     Auto-pause (cursor_outside)
2026-09-21 04:20:13.203  INFO   session     Auto-resume → Running
2026-09-21 04:20:13.468  INFO   session     Auto-pause (cursor_outside)
2026-09-21 04:20:13.736  INFO   session     Auto-resume → Running
2026-09-21 04:20:14.008  INFO   session     Auto-pause (cursor_outside)
2026-09-21 04:20:14.289  INFO   session     Auto-resume → Running
2026-09-21 04:20:14.426  INFO   decision    mode=retreating behavior=respawn action=respawn target=- reason='death confirmed, restart' status=success
2026-09-21 04:20:14.692  INFO   decision    mode=retreating behavior=? action=idle target=- reason='waiting for respawn' status=success
2026-09-21 04:20:16.014  INFO   decision    mode=retreating behavior=retreating action=idle target=- reason='retreating, waiting for hp' status=success
2026-09-21 04:20:17.891  INFO   session     Entity shadow: vision=12 {'npc': 2, 'player': 10} memory=18 {'npc': 5, 'player': 13} paired=11 median=0.024
2026-09-21 04:20:20.292  INFO   session     Auto-pause (cursor_outside)
2026-09-21 04:20:20.566  INFO   session     Auto-resume → Running
2026-09-21 04:20:22.952  INFO   session     Entity shadow: vision=12 {'player': 10, 'npc': 2} memory=18 {'npc': 5, 'player': 13} paired=11 median=0.023
2026-09-21 04:20:24.642  INFO   decision    mode=retreating behavior=retreating action=idle target=- reason='retreating, waiting for hp' status=success (repeat)
2026-09-21 04:20:28.049  INFO   session     Entity shadow: vision=12 {'player': 10, 'npc': 2} memory=18 {'npc': 5, 'player': 13} paired=11 median=0.025
2026-09-21 04:20:33.202  INFO   session     Entity shadow: vision=12 {'player': 8, 'npc': 2, 'monster': 2} memory=17 {'npc': 5, 'player': 12} paired=9 median=0.018
2026-09-21 04:20:33.213  INFO   decision    mode=retreating behavior=retreating action=idle target=- reason='retreating, waiting for hp' status=success (repeat)
2026-09-21 04:20:38.355  INFO   session     Entity shadow: vision=13 {'player': 11, 'npc': 2} memory=16 {'npc': 6, 'player': 10} paired=10 median=0.022
2026-09-21 04:20:41.450  INFO   decision    mode=retreating behavior=retreating action=idle target=- reason='retreating, waiting for hp' status=success (repeat)
2026-09-21 04:20:43.485  INFO   session     Entity shadow: vision=12 {'player': 8, 'npc': 3, 'monster': 1} memory=16 {'player': 10, 'npc': 6} paired=9 median=0.023
2026-09-21 04:20:48.598  INFO   session     Entity shadow: vision=15 {'player': 11, 'npc': 3, 'monster': 1} memory=16 {'player': 11, 'npc': 5} paired=10 median=0.022
2026-09-21 04:20:49.826  INFO   decision    mode=retreating behavior=retreating action=idle target=- reason='retreating, waiting for hp' status=success (repeat)
2026-09-21 04:20:53.653  INFO   session     Entity shadow: vision=12 {'npc': 2, 'player': 9, 'monster': 1} memory=15 {'npc': 5, 'player': 10} paired=9 median=0.022
2026-09-21 04:20:58.206  INFO   decision    mode=retreating behavior=retreating action=idle target=- reason='retreating, waiting for hp' status=success (repeat)
2026-09-21 04:20:58.677  INFO   session     Entity shadow: vision=14 {'player': 10, 'npc': 3, 'monster': 1} memory=15 {'player': 10, 'npc': 5} paired=9 median=0.022
2026-09-21 04:21:03.707  INFO   session     Entity shadow: vision=14 {'player': 9, 'npc': 4, 'monster': 1} memory=17 {'player': 12, 'npc': 5} paired=9 median=0.058
2026-09-21 04:21:03.812  INFO   session     Auto-pause (cursor_outside)
2026-09-21 04:21:04.122  INFO   session     Auto-resume → Running
2026-09-21 04:21:04.388  INFO   session     Auto-pause (cursor_outside)
2026-09-21 04:21:04.660  INFO   session     Auto-resume → Running
2026-09-21 04:21:04.927  INFO   session     Auto-pause (cursor_outside)
2026-09-21 04:21:05.201  INFO   session     Auto-resume → Running
2026-09-21 04:21:05.467  INFO   session     Auto-pause (cursor_outside)
2026-09-21 04:21:05.746  INFO   session     Auto-resume → Running
2026-09-21 04:21:06.013  INFO   session     Auto-pause (cursor_outside)
2026-09-21 04:21:06.285  INFO   session     Auto-resume → Running
2026-09-21 04:21:06.552  INFO   session     Auto-pause (cursor_outside)
2026-09-21 04:21:11.304  INFO   session     Auto-resume → Running
2026-09-21 04:21:11.516  INFO   session     Entity shadow: vision=13 {'player': 8, 'npc': 5} memory=16 {'player': 11, 'npc': 5} paired=11 median=0.045
2026-09-21 04:21:14.700  INFO   decision    mode=retreating behavior=retreating action=idle target=- reason='retreating, waiting for hp' status=success (repeat)
2026-09-21 04:21:16.545  INFO   session     Entity shadow: vision=15 {'player': 12, 'npc': 3} memory=26 {'player': 19, 'npc': 7} paired=14 median=0.029
2026-09-21 04:21:21.534  INFO   session     Entity shadow: vision=20 {'monster': 2, 'player': 13, 'npc': 5} memory=26 {'player': 19, 'npc': 7} paired=17 median=0.034
2026-09-21 04:21:23.544  INFO   decision    mode=retreating behavior=retreating action=idle target=- reason='retreating, waiting for hp' status=success (repeat)
2026-09-21 04:21:26.683  INFO   session     Entity shadow: vision=18 {'player': 13, 'monster': 2, 'npc': 3} memory=27 {'player': 19, 'npc': 7, 'monster': 1} paired=15 median=0.030 unleveled=189:鹿
2026-09-21 04:21:31.935  INFO   session     Entity shadow: vision=11 {'player': 6, 'npc': 5} memory=15 {'monster': 1, 'player': 9, 'npc': 5} paired=8 median=0.046 unleveled=68:警衛
2026-09-21 04:21:33.242  INFO   decision    mode=retreating behavior=retreating action=idle target=- reason='retreating, waiting for hp' status=success (repeat)
2026-09-21 04:21:35.573  INFO   session     Auto-pause (cursor_outside)
2026-09-21 04:21:35.843  INFO   session     Auto-resume → Running
2026-09-21 04:21:36.106  INFO   session     Auto-pause (cursor_outside)
2026-09-21 04:21:36.372  INFO   session     Auto-resume → Running
2026-09-21 04:21:36.637  INFO   session     Auto-pause (cursor_outside)
2026-09-21 04:21:36.915  INFO   session     Auto-resume → Running
2026-09-21 04:21:37.083  INFO   session     Entity shadow: vision=7 {'player': 4, 'npc': 3} memory=9 {'monster': 5, 'player': 3, 'npc': 1} paired=3 median=0.075 unleveled=10:警衛,14:青蛙,189:鹿,68:警衛
2026-09-21 04:21:42.160  INFO   session     Entity shadow: vision=7 {'npc': 3, 'player': 4} memory=9 {'player': 3, 'monster': 5, 'npc': 1} paired=4 median=0.046 unleveled=14:青蛙,189:鹿,10:警衛,68:警衛
2026-09-21 04:21:42.656  INFO   decision    mode=retreating behavior=retreating action=idle target=- reason='retreating, waiting for hp' status=success (repeat)
2026-09-21 04:21:47.145  INFO   session     Paused — hotkey
2026-09-21 04:21:47.229  INFO   session     Entity shadow: vision=7 {'player': 5, 'npc': 2} memory=8 {'player': 3, 'monster': 4, 'npc': 1} paired=4 median=0.046 unleveled=14:青蛙,10:警衛,68:警衛,189:鹿
2026-09-21 04:21:47.666  INFO   session     Hotkey resume → Running
2026-09-21 04:21:51.056  INFO   decision    mode=retreating behavior=retreating action=idle target=- reason='retreating, waiting for hp' status=success (repeat)
2026-09-21 04:21:52.284  INFO   session     Entity shadow: vision=6 {'player': 4, 'npc': 2} memory=7 {'monster': 4, 'npc': 1, 'player': 2} paired=3 median=0.034 unleveled=14:青蛙,189:鹿,10:警衛,68:警衛
2026-09-21 04:21:52.303  INFO   session     Stop → Stopped
2026-09-21 04:21:58.597  INFO   session     Bot worker exited
