2026-09-28 04:06:11.928  INFO   session     Loading Manmabot from D:\ManmabotV1_final\engine
2026-09-28 04:06:11.934  INFO   session     Session log D:\ManmabotV1_final\engine\logs\bot-20260928-040611.log
2026-09-28 04:06:11.934  INFO   session     character=elf loot=all_items game_lang=ko map=talking_island farms=['area_1', 'area_3'] file=D:\ManmabotV1_final\engine\logs\bot-20260928-040611.log
2026-09-28 04:06:12.253  INFO   nav         building portal graph (cluster=32, 479x511)
2026-09-28 04:06:12.585  INFO   nav         portal graph: 188 components, 331 ms
2026-09-28 04:06:12.592  INFO   nav         farms=2 safe=11 home=(354, 203) (files farm=D:\ManmabotV1_final\engine\maps\talking_island\farms.yaml safe=D:\ManmabotV1_final\engine\maps\talking_island\safe.yaml home=D:\ManmabotV1_final\engine\maps\talking_island\home.yaml)
2026-09-28 04:06:12.851  INFO   capture     mss window capture process='LC.exe' title=None content_aspect=4:3
2026-09-28 04:06:13.406  INFO   session     Entity clicks use memory names, species, and world cells. Image recognition still runs. Set memory.entity_source to vision to restore image-only clicks.
2026-09-28 04:06:13.424  INFO   session     Player memory is read in this process (realtime_monitor.dll, offsets.json). No separate console.
2026-09-28 04:06:13.438  INFO   session     인벤토리를 백그라운드에서 스캔 중 (inventory_listen.dll 또는 inv.json을 두세요).
2026-09-28 04:06:13.469  INFO   session     메모리에서 핫바 24칸을 읽는 중…
2026-09-28 04:06:13.583  INFO   session     핫바 스캔 완료 · 파워 업@box2/f8, 아머 업@box2/f5, 힐@box1/f10, HP 물약@box1/f8, 텔레포트@box1/f11, 마법 공격@box1/f12, 말하는 두루마리@box1/f5
2026-09-28 04:06:13.608  INFO   session     매핑되지 않은 핫바 아이콘: box1/f6:작은 활 (무장), box1/f7:나무 화살, box1/f9:아데나
2026-09-28 04:06:13.625  INFO   session     루프 준비 · 요정 · 한국어 · 맵=말하는 섬 · 룻=전부 줍기 · 구역=구역 1, 구역 3
2026-09-28 04:06:14.811  INFO   session     Entity shadow: vision=18 {'player': 14, 'npc': 2, 'item': 1, 'monster': 1} memory=19 {'player': 13, 'npc': 5, 'monster': 1} paired=12 median=0.020 unleveled=207:兔子
2026-09-28 04:06:14.870  INFO   session     인벤토리 수신 준비 (dll) · hp=4 화살=402 은화살=0 해독=0
2026-09-28 04:06:14.932  INFO   decision    mode=traveling behavior=traveling action=traveling target=- reason='enter farm area' status=success
2026-09-28 04:06:19.984  INFO   session     Entity shadow: vision=23 {'player': 17, 'npc': 3, 'monster': 3} memory=33 {'player': 21, 'npc': 11, 'monster': 1} paired=18 median=0.056 unleveled=207:兔子
2026-09-28 04:06:25.017  INFO   session     Entity shadow: vision=21 {'player': 17, 'npc': 4} memory=30 {'npc': 11, 'monster': 1, 'player': 18} paired=18 median=0.053 unleveled=207:兔子
2026-09-28 04:06:30.295  INFO   session     Entity shadow: vision=9 {'player': 3, 'npc': 6} memory=28 {'monster': 3, 'npc': 9, 'player': 16} paired=4 median=0.062 unleveled=10:警衛,68:警衛
2026-09-28 04:06:35.475  INFO   session     Entity shadow: vision=4 {'monster': 1, 'npc': 3} memory=6 {'monster': 3, 'npc': 1, 'player': 2} paired=1 median=0.066 unleveled=10:警衛
2026-09-28 04:06:35.512  INFO   decision    mode=traveling behavior=combat action=attack target=65 reason='engage target' status=success
2026-09-28 04:06:39.063  INFO   decision    mode=traveling behavior=traveling action=traveling target=- reason='enter farm area' status=success
2026-09-28 04:06:40.582  INFO   session     Entity shadow: vision=3 {'npc': 2, 'player': 1} memory=5 {'npc': 1, 'monster': 3, 'player': 1} paired=0 median=0.000 unleveled=10:警衛,68:警衛
2026-09-28 04:06:45.900  INFO   session     Entity shadow: vision=4 {'player': 1, 'npc': 3} memory=5 {'monster': 4, 'npc': 1} paired=0 median=0.000 unleveled=68:警衛,10:警衛
2026-09-28 04:06:50.947  INFO   session     Entity shadow: vision=2 {'player': 2} memory=1 {'player': 1} paired=1 median=0.017
2026-09-28 04:06:56.147  INFO   session     Entity shadow: vision=1 {'player': 1} memory=0 {} paired=0 median=0.000
2026-09-28 04:06:58.149  INFO   decision    mode=traveling behavior=combat action=attack target=72 reason='engage target' status=success
2026-09-28 04:07:00.561  INFO   decision    mode=traveling behavior=loot action=searching target=74 reason='walk onto item' status=success
2026-09-28 04:07:01.348  INFO   session     Entity shadow: vision=1 {'player': 1} memory=4 {'monster': 3, 'item': 1} paired=0 median=0.000 unleveled=189:鹿,208:兔子
2026-09-28 04:07:06.628  INFO   session     Entity shadow: vision=4 {'player': 1, 'npc': 1, 'item': 1, 'monster': 1} memory=5 {'monster': 4, 'item': 1} paired=2 median=0.030 unleveled=208:兔子,189:鹿,68:警衛
2026-09-28 04:07:07.931  INFO   decision    mode=traveling behavior=combat action=attack target=75 reason='engage target' status=success
2026-09-28 04:07:11.890  INFO   session     Entity shadow: vision=5 {'npc': 1, 'monster': 2, 'player': 1, 'item': 1} memory=5 {'monster': 4, 'item': 1} paired=2 median=0.013 unleveled=189:鹿,208:兔子
2026-09-28 04:07:12.941  INFO   decision    mode=traveling behavior=loot action=pickup target=74 reason='engage item' status=success
2026-09-28 04:07:13.385  INFO   decision    mode=traveling behavior=traveling action=traveling target=- reason='enter farm area' status=success
2026-09-28 04:07:15.929  INFO   decision    mode=traveling behavior=combat action=attack target=78 reason='engage target' status=success
2026-09-28 04:07:16.719  INFO   decision    mode=traveling behavior=loot action=pickup target=74 reason='engage item' status=success
2026-09-28 04:07:17.255  INFO   session     Entity shadow: vision=3 {'player': 1, 'item': 1, 'monster': 1} memory=5 {'monster': 4, 'item': 1} paired=2 median=0.013 unleveled=189:鹿,208:兔子
2026-09-28 04:07:17.291  INFO   decision    mode=traveling behavior=combat action=attack target=78 reason='engage target' status=success
2026-09-28 04:07:20.793  INFO   decision    mode=traveling behavior=loot action=pickup target=74 reason='engage item' status=success
2026-09-28 04:07:21.341  INFO   decision    mode=traveling behavior=combat action=attack target=78 reason='engage target' status=success
2026-09-28 04:07:22.601  INFO   session     Entity shadow: vision=4 {'player': 1, 'item': 1, 'monster': 2} memory=5 {'monster': 4, 'item': 1} paired=2 median=0.036 unleveled=208:兔子,189:鹿
2026-09-28 04:07:27.641  INFO   session     Entity shadow: vision=3 {'item': 1, 'monster': 1, 'player': 1} memory=4 {'player': 1, 'monster': 2, 'item': 1} paired=3 median=0.012 unleveled=189:鹿
2026-09-28 04:07:29.398  INFO   decision    mode=traveling behavior=loot action=pickup target=80 reason='engage item' status=success
2026-09-28 04:07:30.014  INFO   decision    mode=traveling behavior=loot action=searching target=74 reason='walk onto item' status=success
2026-09-28 04:07:32.690  INFO   session     Entity shadow: vision=4 {'player': 2, 'item': 2} memory=5 {'player': 1, 'monster': 2, 'item': 2} paired=3 median=0.034 unleveled=189:鹿
2026-09-28 04:07:33.641  INFO   decision    mode=traveling behavior=loot action=pickup target=74 reason='loot target' status=success
2026-09-28 04:07:34.334  INFO   decision    mode=traveling behavior=traveling action=traveling target=- reason='enter farm area' status=success
2026-09-28 04:07:38.095  INFO   session     Entity shadow: vision=2 {'player': 2} memory=3 {'player': 1, 'monster': 2} paired=1 median=0.036 unleveled=14:青蛙,189:鹿
2026-09-28 04:07:43.546  INFO   session     Entity shadow: vision=2 {'player': 2} memory=3 {'player': 1, 'monster': 2} paired=1 median=0.029 unleveled=14:青蛙
2026-09-28 04:07:48.700  INFO   session     Entity shadow: vision=3 {'player': 2, 'npc': 1} memory=5 {'monster': 3, 'player': 1, 'npc': 1} paired=2 median=0.031 unleveled=14:青蛙,189:鹿
2026-09-28 04:07:53.824  INFO   session     Entity shadow: vision=3 {'player': 2, 'monster': 1} memory=3 {'monster': 2, 'player': 1} paired=1 median=0.011 unleveled=14:青蛙,189:鹿
2026-09-28 04:07:54.352  INFO   decision    mode=traveling behavior=traveling action=traveling target=- reason='enter farm area' status=success (repeat)
2026-09-28 04:07:59.370  INFO   session     Entity shadow: vision=2 {'player': 2} memory=2 {'monster': 2} paired=0 median=0.000 unleveled=189:鹿,206:兔子
2026-09-28 04:08:03.081  INFO   decision    mode=traveling behavior=combat action=attack target=93 reason='engage target' status=success
2026-09-28 04:08:04.792  INFO   session     Entity shadow: vision=3 {'player': 2, 'monster': 1} memory=3 {'player': 1, 'monster': 2} paired=2 median=0.021 unleveled=206:兔子
2026-09-28 04:08:09.384  INFO   decision    mode=traveling behavior=traveling action=traveling target=- reason='enter farm area' status=success
2026-09-28 04:08:09.859  INFO   session     Entity shadow: vision=1 {'player': 1} memory=1 {'player': 1} paired=1 median=0.018
2026-09-28 04:08:14.930  INFO   session     Entity shadow: vision=2 {'player': 2} memory=2 {'player': 1, 'monster': 1} paired=1 median=0.011 unleveled=206:兔子
2026-09-28 04:08:19.982  INFO   session     Entity shadow: vision=2 {'player': 2} memory=2 {'monster': 1, 'player': 1} paired=1 median=0.038 unleveled=206:兔子
2026-09-28 04:08:25.006  INFO   session     Entity shadow: vision=2 {'player': 2} memory=1 {'player': 1} paired=1 median=0.038
2026-09-28 04:08:27.796  INFO   decision    mode=traveling behavior=traveling action=traveling target=- reason='enter farm area' status=success (repeat)
2026-09-28 04:08:29.764  INFO   decision    mode=traveling behavior=combat action=attack target=99 reason='engage target' status=success
2026-09-28 04:08:30.502  INFO   session     Entity shadow: vision=2 {'player': 2} memory=1 {'player': 1} paired=1 median=0.016
2026-09-28 04:08:30.576  INFO   decision    mode=traveling behavior=traveling action=traveling target=- reason='enter farm area' status=success
2026-09-28 04:08:33.078  INFO   decision    mode=traveling behavior=combat action=attack target=101 reason='engage target' status=success
2026-09-28 04:08:35.456  INFO   decision    mode=traveling behavior=loot action=searching target=103 reason='walk onto item' status=success
2026-09-28 04:08:35.962  INFO   session     Entity shadow: vision=4 {'player': 2, 'monster': 1, 'item': 1} memory=3 {'monster': 1, 'item': 1, 'player': 1} paired=2 median=0.037 unleveled=206:兔子
2026-09-28 04:08:41.018  INFO   session     Entity shadow: vision=2 {'player': 1, 'monster': 1} memory=4 {'monster': 3, 'player': 1} paired=2 median=0.089 unleveled=206:兔子,12:史萊姆
2026-09-28 04:08:41.077  INFO   decision    mode=traveling behavior=combat action=attack target=104 reason='engage target' status=success
2026-09-28 04:08:41.758  INFO   decision    mode=traveling behavior=traveling action=traveling target=- reason='enter farm area' status=success
2026-09-28 04:08:42.326  INFO   decision    mode=traveling behavior=combat action=attack target=106 reason='engage target' status=success
2026-09-28 04:08:43.117  INFO   decision    mode=traveling behavior=traveling action=traveling target=- reason='enter farm area' status=success
2026-09-28 04:08:43.591  INFO   decision    mode=traveling behavior=combat action=attack target=108 reason='engage target' status=success
2026-09-28 04:08:44.840  INFO   decision    mode=traveling behavior=loot action=searching target=109 reason='walk onto item' status=success
2026-09-28 04:08:46.294  INFO   session     Entity shadow: vision=2 {'player': 1, 'item': 1} memory=4 {'player': 1, 'item': 1, 'monster': 2} paired=1 median=0.010 unleveled=206:兔子,12:史萊姆
2026-09-28 04:08:49.950  INFO   decision    mode=traveling behavior=combat action=attack target=110 reason='engage target' status=success
2026-09-28 04:08:51.125  INFO   decision    mode=traveling behavior=traveling action=traveling target=- reason='enter farm area' status=success
2026-09-28 04:08:51.614  INFO   session     Entity shadow: vision=2 {'player': 2} memory=3 {'player': 1, 'monster': 2} paired=1 median=0.017 unleveled=12:史萊姆,206:兔子
2026-09-28 04:08:56.538  INFO   session     Entity shadow: vision=2 {'player': 2} memory=2 {'player': 1, 'monster': 1} paired=1 median=0.028 unleveled=12:史萊姆
2026-09-28 04:09:01.730  INFO   session     Entity shadow: vision=2 {'player': 2} memory=4 {'monster': 3, 'player': 1} paired=1 median=0.048 unleveled=12:史萊姆,189:鹿
2026-09-28 04:09:01.768  INFO   decision    mode=traveling behavior=combat action=attack target=113 reason='engage target' status=success
2026-09-28 04:09:06.659  INFO   decision    mode=traveling behavior=traveling action=traveling target=- reason='enter farm area' status=success
2026-09-28 04:09:07.009  INFO   session     Entity shadow: vision=3 {'player': 2, 'monster': 1} memory=3 {'monster': 2, 'player': 1} paired=1 median=0.017 unleveled=189:鹿,12:史萊姆
2026-09-28 04:09:12.010  INFO   session     Entity shadow: vision=1 {'player': 1} memory=3 {'monster': 2, 'player': 1} paired=0 median=0.000 unleveled=12:史萊姆,189:鹿
2026-09-28 04:09:15.720  INFO   decision    mode=traveling behavior=loot action=searching target=116 reason='walk onto item' status=success
2026-09-28 04:09:17.390  INFO   session     Entity shadow: vision=5 {'monster': 3, 'item': 1, 'player': 1} memory=5 {'monster': 3, 'item': 1, 'player': 1} paired=5 median=0.058 unleveled=189:鹿
2026-09-28 04:09:21.660  INFO   decision    mode=traveling behavior=combat action=attack target=118 reason='engage target' status=success
2026-09-28 04:09:22.880  INFO   session     Entity shadow: vision=3 {'player': 2, 'monster': 1} memory=5 {'monster': 4, 'player': 1} paired=2 median=0.033 unleveled=12:史萊姆,189:鹿
2026-09-28 04:09:24.939  INFO   decision    mode=traveling behavior=loot action=pickup target=120 reason='engage item' status=success
2026-09-28 04:09:25.472  INFO   decision    mode=traveling behavior=loot action=pickup target=121 reason='engage item' status=success
2026-09-28 04:09:26.076  INFO   decision    mode=traveling behavior=combat action=attack target=119 reason='engage target' status=success
2026-09-28 04:09:28.311  INFO   session     Entity shadow: vision=3 {'monster': 1, 'player': 2} memory=6 {'player': 1, 'monster': 4, 'item': 1} paired=2 median=0.098 unleveled=189:鹿,12:史萊姆
2026-09-28 04:09:29.393  INFO   decision    mode=traveling behavior=loot action=pickup target=120 reason='engage item' status=success
2026-09-28 04:09:29.863  INFO   decision    mode=traveling behavior=unstick action=teleport target=- reason='unstick confined' status=success
2026-09-28 04:09:31.261  INFO   decision    mode=traveling behavior=combat action=attack target=123 reason='engage target' status=success
2026-09-28 04:09:33.588  INFO   session     Entity shadow: vision=2 {'player': 1, 'monster': 1} memory=4 {'monster': 4} paired=1 median=0.031 unleveled=206:兔子,12:史萊姆
2026-09-28 04:09:39.119  INFO   session     Entity shadow: vision=4 {'monster': 3, 'player': 1} memory=5 {'monster': 5} paired=2 median=0.014 unleveled=206:兔子,12:史萊姆
2026-09-28 04:09:41.331  INFO   decision    mode=traveling behavior=heal action=heal target=- reason='recover hp' status=success
2026-09-28 04:09:45.215  INFO   session     Entity shadow: vision=4 {'item': 1, 'monster': 3} memory=5 {'monster': 4, 'item': 1} paired=4 median=0.033 unleveled=206:兔子
2026-09-28 04:09:45.257  INFO   decision    mode=traveling behavior=? action=idle target=- reason='waiting for respawn' status=success
2026-09-28 04:09:47.279  INFO   decision    mode=traveling behavior=respawn action=respawn target=- reason='death confirmed, restart' status=success
2026-09-28 04:09:47.710  INFO   decision    mode=traveling behavior=? action=idle target=- reason='waiting for respawn' status=success
2026-09-28 04:09:48.830  INFO   decision    mode=traveling behavior=heal action=heal target=- reason='recover hp' status=success
2026-09-28 04:09:50.970  INFO   session     Entity shadow: vision=15 {'player': 13, 'npc': 2} memory=19 {'player': 13, 'npc': 6} paired=11 median=0.024
2026-09-28 04:09:51.064  INFO   decision    mode=traveling behavior=traveling action=traveling target=- reason='enter farm area' status=success
2026-09-28 04:09:57.013  INFO   session     Entity shadow: vision=15 {'player': 11, 'npc': 4} memory=21 {'npc': 7, 'player': 14} paired=14 median=0.054
2026-09-28 04:10:02.615  INFO   session     Entity shadow: vision=14 {'player': 10, 'npc': 4} memory=22 {'npc': 7, 'player': 15} paired=12 median=0.032
2026-09-28 04:10:07.800  INFO   session     Entity shadow: vision=17 {'player': 12, 'npc': 3, 'monster': 1, 'item': 1} memory=30 {'npc': 10, 'player': 19, 'monster': 1} paired=14 median=0.050 unleveled=10:警衛
2026-09-28 04:10:13.341  INFO   session     Entity shadow: vision=7 {'player': 3, 'npc': 4} memory=23 {'player': 16, 'npc': 5, 'monster': 2} paired=4 median=0.064 unleveled=10:警衛,68:警衛
2026-09-28 04:10:18.526  INFO   session     Entity shadow: vision=4 {'npc': 3, 'player': 1} memory=4 {'player': 2, 'monster': 2} paired=1 median=0.037 unleveled=10:警衛,68:警衛
2026-09-28 04:10:20.098  INFO   decision    mode=traveling behavior=traveling action=traveling target=- reason='enter farm area' status=success (repeat)
2026-09-28 04:10:23.791  INFO   session     Entity shadow: vision=3 {'player': 2, 'npc': 1} memory=5 {'npc': 1, 'player': 2, 'monster': 2} paired=1 median=0.031 unleveled=10:警衛,68:警衛
2026-09-28 04:10:27.967  INFO   decision    mode=traveling behavior=unstick action=teleport target=- reason='unstick confined' status=success
2026-09-28 04:10:29.102  INFO   session     Entity shadow: vision=4 {'npc': 3, 'player': 1} memory=2 {'monster': 2} paired=0 median=0.000 unleveled=14:青蛙,10:警衛
2026-09-28 04:10:29.216  INFO   decision    mode=traveling behavior=traveling action=traveling target=- reason='enter farm area' status=success
2026-09-28 04:10:34.097  INFO   session     Entity shadow: vision=3 {'player': 1, 'npc': 1, 'monster': 1} memory=2 {'monster': 2} paired=0 median=0.000 unleveled=10:警衛,189:鹿
2026-09-28 04:10:39.306  INFO   session     Entity shadow: vision=2 {'npc': 1, 'player': 1} memory=2 {'monster': 1, 'npc': 1} paired=1 median=0.018 unleveled=189:鹿
2026-09-28 04:10:44.539  INFO   session     Entity shadow: vision=2 {'player': 1, 'npc': 1} memory=3 {'monster': 2, 'npc': 1} paired=1 median=0.016 unleveled=189:鹿
2026-09-28 04:10:49.367  INFO   decision    mode=traveling behavior=traveling action=traveling target=- reason='enter farm area' status=success (repeat)
2026-09-28 04:10:49.763  INFO   session     Entity shadow: vision=2 {'player': 1, 'npc': 1} memory=4 {'monster': 3, 'npc': 1} paired=1 median=0.033 unleveled=208:兔子,189:鹿
2026-09-28 04:10:52.206  INFO   decision    mode=traveling behavior=combat action=attack target=241 reason='engage target' status=success
2026-09-28 04:10:55.062  INFO   session     Entity shadow: vision=2 {'player': 1, 'monster': 1} memory=2 {'monster': 2} paired=1 median=0.028 unleveled=189:鹿
2026-09-28 04:11:00.203  INFO   session     Entity shadow: vision=2 {'player': 1, 'monster': 1} memory=2 {'monster': 2} paired=1 median=0.016 unleveled=189:鹿
2026-09-28 04:11:02.190  INFO   decision    mode=traveling behavior=traveling action=traveling target=- reason='enter farm area' status=success
2026-09-28 04:11:05.305  INFO   session     Entity shadow: vision=1 {'player': 1} memory=1 {'monster': 1} paired=0 median=0.000 unleveled=189:鹿
2026-09-28 04:11:10.627  INFO   session     Entity shadow: vision=1 {'player': 1} memory=1 {'monster': 1} paired=0 median=0.000 unleveled=207:兔子
2026-09-28 04:11:15.660  INFO   session     Entity shadow: vision=2 {'monster': 2} memory=1 {'monster': 1} paired=0 median=0.000 unleveled=207:兔子
2026-09-28 04:11:15.941  INFO   decision    mode=traveling behavior=combat action=attack target=243 reason='engage target' status=success
2026-09-28 04:11:21.117  INFO   session     Entity shadow: vision=1 {'monster': 1} memory=2 {'monster': 2} paired=1 median=0.025 unleveled=207:兔子
2026-09-28 04:11:23.290  INFO   decision    mode=traveling behavior=traveling action=traveling target=- reason='enter farm area' status=success
2026-09-28 04:11:26.326  INFO   session     Entity shadow: vision=1 {'player': 1} memory=2 {'player': 1, 'monster': 1} paired=1 median=0.032 unleveled=207:兔子
2026-09-28 04:11:26.358  INFO   decision    mode=traveling behavior=unstick action=teleport target=- reason='unstick confined' status=success
2026-09-28 04:11:27.666  INFO   decision    mode=traveling behavior=loot action=searching target=246 reason='walk onto item' status=success
2026-09-28 04:11:28.820  INFO   decision    mode=traveling behavior=traveling action=traveling target=- reason='enter farm area' status=success
2026-09-28 04:11:31.462  INFO   session     Entity shadow: vision=2 {'player': 2} memory=2 {'monster': 1, 'player': 1} paired=1 median=0.015 unleveled=207:兔子
2026-09-28 04:11:36.754  INFO   session     Entity shadow: vision=2 {'player': 2} memory=2 {'player': 1, 'monster': 1} paired=1 median=0.008 unleveled=207:兔子
2026-09-28 04:11:41.953  INFO   session     Entity shadow: vision=2 {'player': 2} memory=1 {'player': 1} paired=1 median=0.039
2026-09-28 04:11:47.007  INFO   session     Entity shadow: vision=1 {'player': 1} memory=0 {} paired=0 median=0.000
2026-09-28 04:11:47.034  INFO   decision    mode=traveling behavior=traveling action=traveling target=- reason='enter farm area' status=success (repeat)
2026-09-28 04:11:48.365  INFO   decision    mode=traveling behavior=combat action=attack target=257 reason='engage target' status=success
2026-09-28 04:11:52.108  INFO   session     Entity shadow: vision=2 {'monster': 2} memory=2 {'monster': 2} paired=1 median=0.017 unleveled=206:兔子
2026-09-28 04:11:53.496  INFO   decision    mode=traveling behavior=loot action=searching target=259 reason='walk onto item' status=success
2026-09-28 04:11:56.733  INFO   decision    mode=traveling behavior=loot action=pickup target=259 reason='loot target' status=success
2026-09-28 04:11:57.135  INFO   session     Entity shadow: vision=1 {'player': 1} memory=2 {'monster': 1, 'item': 1} paired=0 median=0.000 unleveled=206:兔子
2026-09-28 04:11:57.216  INFO   decision    mode=traveling behavior=traveling action=traveling target=- reason='enter farm area' status=success
2026-09-28 04:11:59.033  INFO   decision    mode=traveling behavior=combat action=attack target=261 reason='engage target' status=success
2026-09-28 04:12:00.140  INFO   decision    mode=traveling behavior=loot action=searching target=259 reason='walk onto item' status=success
2026-09-28 04:12:02.394  INFO   session     Entity shadow: vision=3 {'monster': 2, 'player': 1} memory=5 {'monster': 4, 'item': 1} paired=2 median=0.025 unleveled=206:兔子
2026-09-28 04:12:03.696  INFO   decision    mode=traveling behavior=loot action=pickup target=259 reason='loot target' status=success
2026-09-28 04:12:04.172  INFO   decision    mode=traveling behavior=combat action=attack target=262 reason='engage target' status=success
2026-09-28 04:12:07.600  INFO   session     Entity shadow: vision=4 {'player': 2, 'item': 2} memory=3 {'monster': 2, 'item': 1} paired=1 median=0.005 unleveled=206:兔子
2026-09-28 04:12:08.204  INFO   decision    mode=traveling behavior=loot action=pickup target=259 reason='engage item' status=success
2026-09-28 04:12:08.730  INFO   decision    mode=traveling behavior=loot action=pickup target=263 reason='engage item' status=success
2026-09-28 04:12:09.500  INFO   decision    mode=traveling behavior=traveling action=traveling target=- reason='enter farm area' status=success
2026-09-28 04:12:10.480  INFO   decision    mode=traveling behavior=combat action=attack target=265 reason='engage target' status=success
2026-09-28 04:12:12.606  INFO   session     Entity shadow: vision=6 {'player': 2, 'item': 2, 'monster': 2} memory=6 {'monster': 3, 'item': 2, 'player': 1} paired=5 median=0.023 unleveled=206:兔子
2026-09-28 04:12:16.989  INFO   decision    mode=traveling behavior=unstick action=teleport target=- reason='unstick confined' status=success
2026-09-28 04:12:18.216  INFO   session     Entity shadow: vision=2 {'monster': 1, 'item': 1} memory=3 {'player': 1, 'item': 1, 'monster': 1} paired=2 median=0.023
2026-09-28 04:12:18.283  INFO   decision    mode=traveling behavior=loot action=pickup target=267 reason='engage item' status=success
2026-09-28 04:12:19.185  INFO   decision    mode=traveling behavior=loot action=searching target=270 reason='walk onto item' status=success
2026-09-28 04:12:23.418  INFO   session     Entity shadow: vision=4 {'player': 1, 'item': 3} memory=3 {'item': 3} paired=3 median=0.022
2026-09-28 04:12:23.892  INFO   decision    mode=traveling behavior=loot action=pickup target=270 reason='loot target' status=success
2026-09-28 04:12:24.630  INFO   decision    mode=traveling behavior=loot action=searching target=268 reason='walk onto item' status=success
2026-09-28 04:12:28.632  INFO   session     Entity shadow: vision=3 {'item': 2, 'monster': 1} memory=3 {'monster': 1, 'item': 2} paired=3 median=0.011
2026-09-28 04:12:31.121  INFO   decision    mode=traveling behavior=loot action=pickup target=268 reason='loot target' status=success
2026-09-28 04:12:31.681  INFO   decision    mode=traveling behavior=loot action=searching target=269 reason='walk onto item' status=success
2026-09-28 04:12:33.619  INFO   session     Entity shadow: vision=4 {'player': 1, 'item': 3} memory=3 {'item': 3} paired=3 median=0.010
2026-09-28 04:12:38.067  INFO   decision    mode=traveling behavior=loot action=pickup target=269 reason='loot target' status=success
2026-09-28 04:12:38.666  INFO   session     Entity shadow: vision=4 {'player': 1, 'item': 3} memory=4 {'monster': 1, 'item': 3} paired=3 median=0.008
2026-09-28 04:12:38.699  INFO   decision    mode=traveling behavior=loot action=searching target=273 reason='walk onto item' status=success
2026-09-28 04:12:43.992  INFO   session     Entity shadow: vision=5 {'player': 1, 'item': 2, 'monster': 2} memory=4 {'monster': 2, 'item': 2} paired=4 median=0.039
2026-09-28 04:12:44.052  INFO   decision    mode=traveling behavior=loot action=pickup target=273 reason='loot target' status=success
2026-09-28 04:12:44.832  INFO   decision    mode=traveling behavior=loot action=searching target=268 reason='walk onto item' status=success
2026-09-28 04:12:49.371  INFO   session     Entity shadow: vision=2 {'player': 1, 'item': 1} memory=1 {'item': 1} paired=1 median=0.014
2026-09-28 04:12:54.486  INFO   session     Entity shadow: vision=2 {'player': 1, 'item': 1} memory=1 {'item': 1} paired=1 median=0.005
2026-09-28 04:12:55.282  INFO   decision    mode=traveling behavior=loot action=pickup target=268 reason='loot target' status=success
2026-09-28 04:12:56.028  INFO   decision    mode=traveling behavior=traveling action=traveling target=- reason='enter farm area' status=success
2026-09-28 04:12:58.316  INFO   session     일시정지 — 단축키
2026-09-28 04:14:22.948  INFO   session     재개 → 실행 중
2026-09-28 04:14:23.422  INFO   session     Entity shadow: vision=2 {'player': 1, 'monster': 1} memory=2 {'monster': 2} paired=1 median=0.012
2026-09-28 04:14:23.542  INFO   decision    mode=traveling behavior=combat action=attack target=276 reason='engage target' status=success
2026-09-28 04:14:28.526  INFO   session     Entity shadow: vision=2 {'player': 1, 'monster': 1} memory=2 {'monster': 2} paired=1 median=0.029
2026-09-28 04:14:33.625  INFO   session     Entity shadow: vision=2 {'player': 1, 'monster': 1} memory=3 {'monster': 3} paired=1 median=0.019
2026-09-28 04:14:35.339  INFO   decision    mode=traveling behavior=heal action=heal target=- reason='recover hp' status=success
2026-09-28 04:14:38.057  INFO   decision    mode=traveling behavior=combat action=attack target=276 reason='attack target' status=success
2026-09-28 04:14:38.797  INFO   session     Entity shadow: vision=2 {'player': 1, 'monster': 1} memory=3 {'monster': 3} paired=1 median=0.032
2026-09-28 04:14:38.851  INFO   decision    mode=traveling behavior=unstick action=teleport target=- reason='unstick confined' status=success
2026-09-28 04:14:39.977  INFO   decision    mode=traveling behavior=combat action=attack target=278 reason='engage target' status=success
2026-09-28 04:14:43.477  INFO   decision    mode=retreating behavior=retreating action=teleport target=- reason='retreat teleport' status=success
2026-09-28 04:14:44.435  INFO   session     Entity shadow: vision=3 {'monster': 2, 'player': 1} memory=3 {'monster': 3} paired=2 median=0.018
2026-09-28 04:14:44.472  INFO   decision    mode=retreating behavior=talking_scroll action=use_talking_scroll target=- reason='retreat, 허수아비 수련장' status=success
2026-09-28 04:14:46.218  INFO   decision    mode=retreating behavior=survival_potion action=use_hp_potion target=- reason='critical hp, cannot heal' status=success
2026-09-28 04:14:47.741  INFO   decision    mode=retreating behavior=retreating action=idle target=- reason='retreating, waiting for hp' status=success
2026-09-28 04:14:49.632  INFO   session     Entity shadow: vision=9 {'monster': 2, 'player': 6, 'npc': 1} memory=12 {'monster': 5, 'player': 7} paired=8 median=0.017 unleveled=10:警衛,20:?
2026-09-28 04:14:54.807  INFO   session     Entity shadow: vision=9 {'monster': 2, 'player': 6, 'npc': 1} memory=12 {'monster': 5, 'player': 7} paired=8 median=0.017 unleveled=10:警衛,20:?
2026-09-28 04:14:57.959  INFO   session     일시정지 — 단축키
2026-09-28 04:15:01.398  INFO   session     일시정지 / 재개 → 실행 중
2026-09-28 04:15:01.883  INFO   session     Entity shadow: vision=9 {'monster': 2, 'player': 6, 'npc': 1} memory=12 {'monster': 5, 'player': 7} paired=8 median=0.017 unleveled=10:警衛,20:?
2026-09-28 04:15:07.257  INFO   session     Entity shadow: vision=9 {'player': 6, 'monster': 2, 'npc': 1} memory=12 {'monster': 5, 'player': 7} paired=8 median=0.017 unleveled=10:警衛,20:?
2026-09-28 04:15:12.611  INFO   session     Entity shadow: vision=10 {'monster': 2, 'player': 6, 'npc': 2} memory=13 {'monster': 5, 'player': 8} paired=8 median=0.017 unleveled=10:警衛,20:?
2026-09-28 04:15:12.661  INFO   decision    mode=retreating behavior=retreating action=idle target=- reason='retreating, waiting for hp' status=success (repeat)
2026-09-28 04:15:17.934  INFO   session     Entity shadow: vision=9 {'player': 6, 'monster': 2, 'npc': 1} memory=13 {'monster': 5, 'player': 8} paired=8 median=0.017 unleveled=10:警衛,20:?
2026-09-28 04:15:23.293  INFO   session     Entity shadow: vision=10 {'monster': 2, 'player': 7, 'npc': 1} memory=13 {'player': 8, 'monster': 5} paired=9 median=0.017 unleveled=10:警衛,20:?
2026-09-28 04:15:23.853  INFO   decision    mode=farming behavior=talking_scroll action=use_talking_scroll target=- reason='respawn, 마법서 상인' status=success
2026-09-28 04:15:29.176  INFO   nav         async nav configure start map=mainland
2026-09-28 04:15:31.226  INFO   nav         building portal graph (cluster=32, 1755x1414)
2026-09-28 04:15:35.784  INFO   nav         portal graph: 2586 components, 4557 ms
2026-09-28 04:15:35.791  INFO   nav         farms=6 safe=0 home=None (files farm=D:\ManmabotV1_final\engine\maps\mainland\farms.yaml safe=D:\ManmabotV1_final\engine\maps\mainland\safe.yaml home=D:\ManmabotV1_final\engine\maps\mainland\home.yaml)
2026-09-28 04:15:35.791  INFO   nav         async nav configure done map=mainland (6614 ms)
2026-09-28 04:15:36.008  INFO   session     Entity shadow: vision=43 {'player': 39, 'npc': 2, 'monster': 2} memory=65 {'player': 58, 'npc': 6, 'monster': 1} paired=38 median=0.035 unleveled=319:?
2026-09-28 04:15:36.191  INFO   decision    mode=farming behavior=shop action=shop_stop target=- reason='stop at shop' status=success
2026-09-28 04:15:37.388  INFO   decision    mode=farming behavior=shop action=shop_buy_arrows target=- reason='shop:buy_hp_potions_ch_mainland' status=success
2026-09-28 04:15:44.282  INFO   session     Entity shadow: vision=38 {'player': 34, 'monster': 2, 'npc': 2} memory=66 {'player': 57, 'npc': 8, 'monster': 1} paired=34 median=0.035 unleveled=319:?
2026-09-28 04:15:44.549  INFO   decision    mode=farming behavior=talking_scroll action=use_talking_scroll target=- reason='return to farm map after shop' status=success
2026-09-28 04:15:47.869  INFO   nav         async nav configure start map=talking_island
2026-09-28 04:15:48.022  INFO   nav         building portal graph (cluster=32, 479x511)
2026-09-28 04:15:48.441  INFO   nav         portal graph: 188 components, 419 ms
2026-09-28 04:15:48.451  INFO   nav         farms=4 safe=11 home=(354, 203) (files farm=D:\ManmabotV1_final\engine\maps\talking_island\farms.yaml safe=D:\ManmabotV1_final\engine\maps\talking_island\safe.yaml home=D:\ManmabotV1_final\engine\maps\talking_island\home.yaml)
2026-09-28 04:15:48.451  INFO   nav         async nav configure done map=talking_island (582 ms)
2026-09-28 04:15:49.921  INFO   session     Entity shadow: vision=42 {'player': 37, 'npc': 5} memory=60 {'player': 50, 'npc': 8, 'monster': 2} paired=39 median=0.053 unleveled=319:?,68:警衛
2026-09-28 04:15:50.036  INFO   decision    mode=traveling behavior=traveling action=traveling target=- reason='enter farm area' status=success
2026-09-28 04:15:55.950  INFO   session     Entity shadow: vision=31 {'player': 27, 'npc': 3, 'monster': 1} memory=85 {'monster': 2, 'player': 79, 'npc': 4} paired=27 median=0.088 unleveled=189:鹿,319:?
2026-09-28 04:16:01.517  INFO   session     Entity shadow: vision=28 {'player': 25, 'monster': 2, 'npc': 1} memory=84 {'monster': 2, 'player': 78, 'npc': 4} paired=25 median=0.084 unleveled=189:鹿,319:?
2026-09-28 04:16:04.054  INFO   session     일시정지 — 단축키
2026-09-28 04:17:18.244  INFO   session     정지 → 중지됨
