2026-09-27 20:54:15.876  INFO   session     Loading Manmabot from D:\ManmabotV1_final\engine
2026-09-27 20:54:15.883  INFO   session     Session log D:\ManmabotV1_final\engine\logs\bot-20260927-205415.log
2026-09-27 20:54:15.883  INFO   session     character=elf loot=all_items game_lang=ko map=talking_island farms=['area_2', 'area_1', 'area_3'] file=D:\ManmabotV1_final\engine\logs\bot-20260927-205415.log
2026-09-27 20:54:16.175  INFO   nav         building portal graph (cluster=32, 479x511)
2026-09-27 20:54:16.520  INFO   nav         portal graph: 188 components, 345 ms
2026-09-27 20:54:16.527  INFO   nav         farms=3 safe=11 home=(354, 203) (files farm=D:\ManmabotV1_final\engine\maps\talking_island\farms.yaml safe=D:\ManmabotV1_final\engine\maps\talking_island\safe.yaml home=D:\ManmabotV1_final\engine\maps\talking_island\home.yaml)
2026-09-27 20:54:16.767  INFO   capture     mss window capture process='LC.exe' title=None content_aspect=4:3
2026-09-27 20:54:17.269  INFO   session     Entity clicks use memory names, species, and world cells. Image recognition still runs. Set memory.entity_source to vision to restore image-only clicks.
2026-09-27 20:54:17.287  INFO   session     Player memory is read in this process (realtime_monitor.dll, offsets.json). No separate console.
2026-09-27 20:54:17.298  INFO   session     인벤토리를 백그라운드에서 스캔 중 (inventory_listen.dll 또는 inv.json을 두세요).
2026-09-27 20:54:17.330  INFO   session     메모리에서 핫바 24칸을 읽는 중…
2026-09-27 20:54:17.422  INFO   session     핫바 스캔 완료 · 파워 업@box2/f8, 아머 업@box2/f5, 라이트@box1/f10, 힐@box1/f9, HP 물약@box1/f9, 텔레포트@box1/f11, 마법 공격@box1/f12, 말하는 두루마리@box1/f5
2026-09-27 20:54:17.470  INFO   session     매핑되지 않은 핫바 아이콘: box1/f6:작은 활 (무장), box1/f7:나무 화살, box1/f8:아데나
2026-09-27 20:54:17.487  INFO   session     루프 준비 · 요정 · 한국어 · 맵=말하는 섬 · 룻=전부 줍기 · 구역=구역 2, 구역 1, 구역 3
2026-09-27 20:54:18.136  INFO   session     Entity shadow: vision=6 {'npc': 2, 'player': 2, 'monster': 2} memory=7 {'monster': 2, 'player': 5} paired=1 median=0.080 unleveled=208:兔子,10:警衛
2026-09-27 20:54:18.205  INFO   session     인벤토리 수신 준비 (dll) · hp=1 화살=576 은화살=300 해독=0
2026-09-27 20:54:18.247  INFO   decision    mode=farming behavior=buff action=buff target=- reason='armor_up' status=success
2026-09-27 20:54:19.500  INFO   decision    mode=farming behavior=talking_scroll action=use_talking_scroll target=- reason='go to shop (buy_hp_potions_ch_mainland)' status=success
2026-09-27 20:54:22.516  INFO   nav         async nav configure start map=mainland
2026-09-27 20:54:23.247  INFO   decision    mode=farming behavior=shop action=idle target=- reason='waiting for shop map (buy_hp_potions_ch_mainland)' status=success
2026-09-27 20:54:23.749  INFO   session     Entity shadow: vision=2 {'player': 1, 'npc': 1} memory=2 {'monster': 2} paired=0 median=0.000 unleveled=208:兔子,10:警衛
2026-09-27 20:54:24.375  INFO   nav         building portal graph (cluster=32, 1755x1414)
2026-09-27 20:54:28.919  INFO   nav         portal graph: 2586 components, 4544 ms
2026-09-27 20:54:28.927  INFO   nav         farms=6 safe=0 home=None (files farm=D:\ManmabotV1_final\engine\maps\mainland\farms.yaml safe=D:\ManmabotV1_final\engine\maps\mainland\safe.yaml home=D:\ManmabotV1_final\engine\maps\mainland\home.yaml)
2026-09-27 20:54:28.928  INFO   nav         async nav configure done map=mainland (6412 ms)
2026-09-27 20:54:29.260  INFO   session     Entity shadow: vision=2 {'player': 1, 'npc': 1} memory=1 {'monster': 1} paired=0 median=0.000 unleveled=10:警衛
2026-09-27 20:54:29.303  INFO   decision    mode=farming behavior=buff action=buff target=- reason='light' status=success
2026-09-27 20:54:30.088  INFO   decision    mode=traveling behavior=traveling action=idle target=- reason='no behavior produced an intent' status=failure
2026-09-27 20:54:30.681  INFO   decision    mode=farming behavior=traveling action=idle target=- reason='no behavior produced an intent' status=failure
2026-09-27 20:54:31.220  INFO   decision    mode=traveling behavior=traveling action=idle target=- reason='no behavior produced an intent' status=failure
2026-09-27 20:54:31.757  INFO   decision    mode=farming behavior=traveling action=idle target=- reason='no behavior produced an intent' status=failure
2026-09-27 20:54:32.354  INFO   decision    mode=traveling behavior=traveling action=idle target=- reason='no behavior produced an intent' status=failure
2026-09-27 20:54:32.905  INFO   decision    mode=farming behavior=traveling action=idle target=- reason='no behavior produced an intent' status=failure
2026-09-27 20:54:33.430  INFO   decision    mode=traveling behavior=traveling action=idle target=- reason='no behavior produced an intent' status=failure
2026-09-27 20:54:33.996  INFO   decision    mode=farming behavior=traveling action=idle target=- reason='no behavior produced an intent' status=failure
2026-09-27 20:54:34.395  INFO   session     Entity shadow: vision=3 {'npc': 1, 'player': 2} memory=2 {'monster': 2} paired=0 median=0.000 unleveled=208:兔子,10:警衛
2026-09-27 20:54:34.607  INFO   decision    mode=traveling behavior=traveling action=idle target=- reason='no behavior produced an intent' status=failure
2026-09-27 20:54:35.245  INFO   decision    mode=farming behavior=traveling action=idle target=- reason='no behavior produced an intent' status=failure
2026-09-27 20:54:35.801  INFO   decision    mode=traveling behavior=traveling action=idle target=- reason='no behavior produced an intent' status=failure
2026-09-27 20:54:36.354  INFO   decision    mode=farming behavior=traveling action=idle target=- reason='no behavior produced an intent' status=failure
2026-09-27 20:54:36.903  INFO   decision    mode=traveling behavior=traveling action=idle target=- reason='no behavior produced an intent' status=failure
2026-09-27 20:54:37.525  INFO   decision    mode=farming behavior=traveling action=idle target=- reason='no behavior produced an intent' status=failure
2026-09-27 20:54:38.091  INFO   decision    mode=traveling behavior=traveling action=idle target=- reason='no behavior produced an intent' status=failure
2026-09-27 20:54:38.682  INFO   decision    mode=farming behavior=traveling action=idle target=- reason='no behavior produced an intent' status=failure
2026-09-27 20:54:39.237  INFO   decision    mode=traveling behavior=traveling action=idle target=- reason='no behavior produced an intent' status=failure
2026-09-27 20:54:39.622  INFO   session     Entity shadow: vision=1 {'npc': 1} memory=2 {'monster': 2} paired=0 median=0.000 unleveled=208:兔子,10:警衛
2026-09-27 20:54:39.848  INFO   decision    mode=farming behavior=traveling action=idle target=- reason='no behavior produced an intent' status=failure
2026-09-27 20:54:40.425  INFO   decision    mode=traveling behavior=traveling action=idle target=- reason='no behavior produced an intent' status=failure
2026-09-27 20:54:41.018  INFO   decision    mode=farming behavior=traveling action=idle target=- reason='no behavior produced an intent' status=failure
2026-09-27 20:54:41.584  INFO   decision    mode=traveling behavior=traveling action=idle target=- reason='no behavior produced an intent' status=failure
2026-09-27 20:54:42.190  INFO   decision    mode=farming behavior=traveling action=idle target=- reason='no behavior produced an intent' status=failure
2026-09-27 20:54:42.737  INFO   decision    mode=traveling behavior=traveling action=idle target=- reason='no behavior produced an intent' status=failure
2026-09-27 20:54:43.377  INFO   decision    mode=farming behavior=traveling action=idle target=- reason='no behavior produced an intent' status=failure
2026-09-27 20:54:43.922  INFO   decision    mode=traveling behavior=traveling action=idle target=- reason='no behavior produced an intent' status=failure
2026-09-27 20:54:44.231  INFO   session     일시정지 — 단축키
2026-09-27 20:55:10.991  INFO   session     정지 → 중지됨
2026-09-27 20:55:11.187  INFO   session     봇 작업이 종료되었습니다
