2026-09-21 20:38:59.266  INFO   session     Loading Manmabot from D:\Work\ManmabotV1\engine
2026-09-21 20:38:59.269  INFO   session     Session log D:\Work\ManmabotV1\engine\logs\bot-20260921-203859.log
2026-09-21 20:38:59.270  INFO   session     character=elf loot=all_items game_lang=ko map=ant_cave_dungeon_F1_1 farms=[] file=D:\Work\ManmabotV1\engine\logs\bot-20260921-203859.log
2026-09-21 20:39:00.985  INFO   nav         building portal graph (cluster=32, 608x636)
2026-09-21 20:39:01.125  INFO   nav         portal graph: 182 components, 140 ms
2026-09-21 20:39:01.126  INFO   nav         farms=0 safe=0 home=None (files farm=D:\Work\ManmabotV1\engine\areas\farming_areas1.yaml safe=D:\Work\ManmabotV1\engine\areas\safe_areas.yaml home=D:\Work\ManmabotV1\engine\areas\home.yaml)
2026-09-21 20:39:01.127  INFO   nav         patrol waypoints=4 (D:\Work\ManmabotV1\engine\maps\ant_cave_dungeon_F1_1\patrol.yaml)
2026-09-21 20:39:01.163  INFO   nav         patrol waypoints=4 (D:\Work\ManmabotV1\userdata\maps\ant_cave_dungeon_F1_1\patrol.yaml)
2026-09-21 20:39:01.722  INFO   capture     mss window capture process='LC.exe' title=None content_aspect=4:3
2026-09-21 20:39:05.633  INFO   session     Entity clicks use memory names, species, and world cells. Image recognition still runs. Set memory.entity_source to vision to restore image-only clicks.
2026-09-21 20:39:05.640  INFO   session     Player memory is read in this process (realtime_monitor.dll, offsets.json). No separate console.
2026-09-21 20:39:10.802  INFO   session     Auto-pause (cursor_outside)
2026-09-21 20:39:11.080  INFO   session     Auto-resume → Running
2026-09-21 20:39:11.349  INFO   session     Auto-pause (cursor_outside)
2026-09-21 20:39:17.377  INFO   session     Auto-resume → Running
2026-09-21 20:39:19.541  INFO   session     Auto-pause (cursor_outside)
2026-09-21 20:39:19.813  INFO   session     Auto-resume → Running
2026-09-21 20:39:20.084  INFO   session     Auto-pause (cursor_outside)
2026-09-21 20:39:21.460  INFO   session     Auto-resume → Running
2026-09-21 20:39:21.731  INFO   session     Auto-pause (cursor_outside)
2026-09-21 20:39:22.006  INFO   session     Auto-resume → Running
2026-09-21 20:39:22.275  INFO   session     Auto-pause (cursor_outside)
2026-09-21 20:39:26.800  INFO   session     Inventory listen ready (dll) · hp=26 arrows=481 silver=0 depoison=0
2026-09-21 20:39:26.818  INFO   session     Scanning hotbar (skill boxes 1–3)…
2026-09-21 20:39:29.546  INFO   session     Stop → Stopped
2026-09-21 20:39:35.348  INFO   session     Hotbar scan done · hp_potion@box1/f5, talking_scroll@box1/f8
2026-09-21 20:39:35.352  INFO   session     Loop ready · elf · ko · map=ant_cave_dungeon_F1_1 · loot=all_items · farms=[]
2026-09-21 20:39:35.409  INFO   session     Bot worker exited
