2026-09-28 09:15:54.656  INFO   session     Loading Manmabot from D:\ManmabotV1_final\engine
2026-09-28 09:15:54.663  INFO   session     Session log D:\ManmabotV1_final\engine\logs\bot-20260928-091554.log
2026-09-28 09:15:54.663  INFO   session     character=elf loot=all_items game_lang=ko map=talking_island farms=['area_1', 'area_3'] file=D:\ManmabotV1_final\engine\logs\bot-20260928-091554.log
2026-09-28 09:15:55.016  INFO   nav         building portal graph (cluster=32, 479x511)
2026-09-28 09:15:55.401  INFO   nav         portal graph: 188 components, 384 ms
2026-09-28 09:15:55.408  INFO   nav         farms=2 safe=11 home=(354, 203) (files farm=D:\ManmabotV1_final\engine\maps\talking_island\farms.yaml safe=D:\ManmabotV1_final\engine\maps\talking_island\safe.yaml home=D:\ManmabotV1_final\engine\maps\talking_island\home.yaml)
2026-09-28 09:15:55.674  INFO   capture     mss window capture process='LC.exe' title=None content_aspect=4:3
2026-09-28 09:15:56.286  INFO   session     Entity clicks use memory names, species, and world cells. Image recognition still runs. Set memory.entity_source to vision to restore image-only clicks.
2026-09-28 09:15:56.306  INFO   session     Player memory is read in this process (realtime_monitor.dll, offsets.json). No separate console.
2026-09-28 09:15:56.347  INFO   session     인벤토리를 백그라운드에서 스캔 중 (inventory_listen.dll 또는 inv.json을 두세요).
2026-09-28 09:15:56.375  INFO   session     메모리에서 핫바 24칸을 읽는 중…
2026-09-28 09:15:56.516  INFO   session     핫바 스캔 완료 · 파워 업@box2/f8, 아머 업@box2/f5, 힐@box1/f10, HP 물약@box1/f8, 텔레포트@box1/f11, 마법 공격@box1/f12, 말하는 두루마리@box1/f5
2026-09-28 09:15:56.544  INFO   session     매핑되지 않은 핫바 아이콘: box1/f6:작은 활 (무장), box1/f7:나무 화살, box1/f9:아데나
2026-09-28 09:15:56.560  INFO   session     루프 준비 · 요정 · 한국어 · 맵=말하는 섬 · 룻=전부 줍기 · 구역=구역 1, 구역 3
2026-09-28 09:15:57.502  INFO   session     Entity shadow: vision=2 {'player': 1, 'item': 1} memory=3 {'monster': 1, 'item': 2} paired=1 median=0.011 unleveled=14:青蛙
2026-09-28 09:15:57.562  INFO   session     인벤토리 수신 준비 (dll) · hp=2 화살=760 은화살=0 해독=0
2026-09-28 09:15:57.604  INFO   decision    mode=farming behavior=loot action=searching target=2 reason='walk onto item' status=success
2026-09-28 09:16:02.890  INFO   session     Entity shadow: vision=4 {'player': 1, 'item': 3} memory=5 {'player': 2, 'item': 3} paired=3 median=0.036
2026-09-28 09:16:03.985  INFO   decision    mode=farming behavior=loot action=pickup target=2 reason='loot target' status=success
2026-09-28 09:16:04.522  INFO   decision    mode=farming behavior=loot action=idle target=- reason='pickup memory gone' status=success
2026-09-28 09:16:05.926  INFO   decision    mode=farming behavior=loot action=searching target=3 reason='walk onto item' status=success
2026-09-28 09:16:08.189  INFO   session     Entity shadow: vision=3 {'player': 1, 'item': 2} memory=2 {'item': 2} paired=2 median=0.043
2026-09-28 09:16:08.242  INFO   decision    mode=farming behavior=loot action=pickup target=3 reason='loot target' status=success
2026-09-28 09:16:08.849  INFO   decision    mode=farming behavior=loot action=idle target=- reason='pickup memory gone' status=success
2026-09-28 09:16:09.527  INFO   decision    mode=farming behavior=loot action=searching target=4 reason='walk onto item' status=success
2026-09-28 09:16:13.335  INFO   session     Entity shadow: vision=2 {'monster': 1, 'item': 1} memory=1 {'item': 1} paired=1 median=0.007
2026-09-28 09:16:18.408  INFO   session     Entity shadow: vision=1 {'item': 1} memory=2 {'player': 1, 'item': 1} paired=1 median=0.010
2026-09-28 09:16:18.435  INFO   decision    mode=farming behavior=loot action=pickup target=4 reason='loot target' status=success
2026-09-28 09:16:18.899  INFO   decision    mode=farming behavior=loot action=idle target=- reason='pickup memory gone' status=success
2026-09-28 09:16:20.620  INFO   decision    mode=traveling behavior=traveling action=traveling target=- reason='enter farm, walk around' status=success
2026-09-28 09:16:23.473  INFO   session     Entity shadow: vision=2 {'item': 1, 'player': 1} memory=2 {'player': 1, 'item': 1} paired=2 median=0.039
2026-09-28 09:16:23.796  INFO   decision    mode=traveling behavior=loot action=searching target=10 reason='walk onto item' status=success
2026-09-28 09:16:24.814  INFO   decision    mode=traveling behavior=loot action=searching target=11 reason='walk onto item' status=success
2026-09-28 09:16:28.694  INFO   session     Entity shadow: vision=3 {'monster': 1, 'player': 1, 'item': 1} memory=2 {'monster': 1, 'item': 1} paired=1 median=0.014 unleveled=14:青蛙
2026-09-28 09:16:31.401  INFO   decision    mode=traveling behavior=loot action=pickup target=11 reason='loot target' status=success
2026-09-28 09:16:31.885  INFO   decision    mode=traveling behavior=loot action=idle target=- reason='pickup memory gone' status=success
2026-09-28 09:16:32.695  INFO   decision    mode=traveling behavior=talking_scroll action=use_talking_scroll target=- reason='go to shop (sell_garbage_ch)' status=success
2026-09-28 09:16:37.228  INFO   session     Entity shadow: vision=24 {'player': 22, 'npc': 2} memory=72 {'player': 70, 'npc': 2} paired=24 median=0.026
2026-09-28 09:16:37.433  INFO   decision    mode=farming behavior=shop action=shop_stop target=- reason='stop at shop' status=success
2026-09-28 09:16:38.364  INFO   decision    mode=farming behavior=shop action=shop_buy_arrows target=- reason='shop:sell_garbage_ch' status=success
2026-09-28 09:17:10.519  INFO   session     Entity shadow: vision=22 {'player': 20, 'npc': 2} memory=64 {'player': 62, 'npc': 2} paired=21 median=0.025
2026-09-28 09:17:10.728  INFO   decision    mode=farming behavior=talking_scroll action=use_talking_scroll target=- reason='go to shop (sell_garbage_weapon_ch)' status=success
2026-09-28 09:17:14.082  INFO   nav         async nav configure start map=mainland
2026-09-28 09:17:15.792  INFO   decision    mode=farming behavior=shop action=shop_stop target=- reason='stop at shop' status=success
2026-09-28 09:17:15.986  INFO   nav         building portal graph (cluster=32, 1755x1414)
2026-09-28 09:17:22.054  INFO   nav         portal graph: 2586 components, 6068 ms
2026-09-28 09:17:22.063  INFO   nav         farms=6 safe=0 home=None (files farm=D:\ManmabotV1_final\engine\maps\mainland\farms.yaml safe=D:\ManmabotV1_final\engine\maps\mainland\safe.yaml home=D:\ManmabotV1_final\engine\maps\mainland\home.yaml)
2026-09-28 09:17:22.063  INFO   nav         async nav configure done map=mainland (7981 ms)
2026-09-28 09:17:22.236  INFO   session     Entity shadow: vision=21 {'player': 21} memory=33 {'player': 29, 'npc': 4} paired=19 median=0.031
2026-09-28 09:17:22.467  INFO   decision    mode=farming behavior=shop action=shop_buy_arrows target=- reason='shop:sell_garbage_weapon_ch' status=success
2026-09-28 09:17:27.221  INFO   decision    mode=farming behavior=talking_scroll action=use_talking_scroll target=- reason='go to shop (sell_garbage_mainland_ch)' status=success
2026-09-28 09:17:32.077  INFO   session     Entity shadow: vision=46 {'player': 39, 'npc': 5, 'monster': 2} memory=85 {'player': 75, 'npc': 9, 'monster': 1} paired=42 median=0.059 unleveled=319:?
2026-09-28 09:17:32.299  INFO   decision    mode=farming behavior=shop action=shop_stop target=- reason='stop at shop' status=success
2026-09-28 09:17:33.725  INFO   decision    mode=farming behavior=shop action=shop_buy_arrows target=- reason='shop:sell_garbage_mainland_ch' status=success
2026-09-28 09:17:38.149  INFO   session     Entity shadow: vision=38 {'player': 29, 'monster': 2, 'npc': 7} memory=92 {'player': 82, 'npc': 9, 'monster': 1} paired=32 median=0.058 unleveled=319:?
2026-09-28 09:17:38.274  INFO   decision    mode=farming behavior=talking_scroll action=use_talking_scroll target=- reason='go to shop (sell_garbage_armor_mainland_ch)' status=success
2026-09-28 09:17:42.384  INFO   decision    mode=farming behavior=shop action=shop_stop target=- reason='stop at shop' status=success
2026-09-28 09:17:43.205  INFO   decision    mode=farming behavior=shop action=shop_buy_arrows target=- reason='shop:sell_garbage_armor_mainland_ch' status=success
2026-09-28 09:17:47.812  INFO   session     Entity shadow: vision=17 {'player': 15, 'npc': 1, 'item': 1} memory=28 {'npc': 6, 'player': 22} paired=14 median=0.029
2026-09-28 09:17:47.956  INFO   decision    mode=farming behavior=talking_scroll action=use_talking_scroll target=- reason='return to farm map after shop' status=success
2026-09-28 09:17:51.292  INFO   nav         async nav configure start map=talking_island
2026-09-28 09:17:51.440  INFO   nav         building portal graph (cluster=32, 479x511)
2026-09-28 09:17:51.918  INFO   nav         portal graph: 188 components, 478 ms
2026-09-28 09:17:51.927  INFO   nav         farms=4 safe=11 home=(354, 203) (files farm=D:\ManmabotV1_final\engine\maps\talking_island\farms.yaml safe=D:\ManmabotV1_final\engine\maps\talking_island\safe.yaml home=D:\ManmabotV1_final\engine\maps\talking_island\home.yaml)
2026-09-28 09:17:51.927  INFO   nav         async nav configure done map=talking_island (634 ms)
2026-09-28 09:17:53.193  INFO   session     Entity shadow: vision=39 {'player': 34, 'npc': 5} memory=58 {'monster': 5, 'player': 45, 'npc': 8} paired=37 median=0.028 unleveled=14:青蛙,319:?,68:警衛
2026-09-28 09:17:53.316  INFO   decision    mode=traveling behavior=traveling action=traveling target=- reason='return to farm after retreat' status=success
2026-09-28 09:17:58.960  INFO   session     Entity shadow: vision=43 {'player': 41, 'npc': 2} memory=76 {'player': 69, 'npc': 5, 'monster': 2} paired=40 median=0.035 unleveled=319:?,14:青蛙
2026-09-28 09:18:04.152  INFO   session     Entity shadow: vision=32 {'player': 28, 'npc': 4} memory=76 {'player': 69, 'npc': 5, 'monster': 2} paired=29 median=0.036 unleveled=319:?,14:青蛙
2026-09-28 09:18:09.361  INFO   session     Entity shadow: vision=25 {'player': 23, 'npc': 2} memory=77 {'monster': 2, 'player': 71, 'npc': 4} paired=23 median=0.044 unleveled=14:青蛙,319:?
2026-09-28 09:18:12.992  INFO   decision    mode=traveling behavior=unstick action=teleport target=- reason='unstick confined' status=success
2026-09-28 09:18:15.099  INFO   session     Entity shadow: vision=35 {'player': 30, 'npc': 4, 'monster': 1} memory=63 {'npc': 6, 'player': 57} paired=23 median=0.069
2026-09-28 09:18:15.277  INFO   decision    mode=traveling behavior=traveling action=traveling target=- reason='return to farm after retreat' status=success
2026-09-28 09:18:20.295  INFO   session     Entity shadow: vision=18 {'player': 15, 'npc': 2, 'monster': 1} memory=46 {'npc': 7, 'player': 39} paired=16 median=0.024
2026-09-28 09:18:25.340  INFO   session     Entity shadow: vision=28 {'monster': 2, 'player': 25, 'npc': 1} memory=41 {'npc': 7, 'player': 34} paired=20 median=0.094
2026-09-28 09:18:30.471  INFO   session     Entity shadow: vision=10 {'player': 8, 'npc': 2} memory=13 {'npc': 4, 'player': 9} paired=8 median=0.041
2026-09-28 09:18:35.696  INFO   session     Entity shadow: vision=5 {'player': 3, 'npc': 1, 'monster': 1} memory=4 {'npc': 2, 'player': 2} paired=3 median=0.031
2026-09-28 09:18:40.824  INFO   session     Entity shadow: vision=6 {'player': 5, 'npc': 1} memory=5 {'npc': 2, 'player': 3} paired=3 median=0.015
2026-09-28 09:18:43.256  INFO   decision    mode=traveling behavior=traveling action=traveling target=- reason='return to farm after retreat' status=success (repeat)
2026-09-28 09:18:45.914  INFO   session     Entity shadow: vision=6 {'player': 5, 'npc': 1} memory=8 {'monster': 1, 'player': 5, 'npc': 2} paired=3 median=0.017 unleveled=68:警衛
2026-09-28 09:18:51.089  INFO   session     Entity shadow: vision=8 {'monster': 2, 'player': 4, 'npc': 2} memory=9 {'npc': 3, 'monster': 1, 'player': 5} paired=4 median=0.022 unleveled=68:警衛
2026-09-28 09:18:55.109  INFO   decision    mode=traveling behavior=unstick action=teleport target=- reason='unstick confined' status=success
2026-09-28 09:18:56.155  INFO   session     Entity shadow: vision=5 {'player': 3, 'npc': 2} memory=9 {'npc': 3, 'monster': 1, 'player': 5} paired=4 median=0.017 unleveled=68:警衛
2026-09-28 09:18:56.224  INFO   decision    mode=traveling behavior=traveling action=traveling target=- reason='enter farm, walk around' status=success
2026-09-28 09:18:56.937  INFO   decision    mode=traveling behavior=combat action=attack target=456 reason='engage target' status=success
2026-09-28 09:19:01.212  INFO   session     Entity shadow: vision=1 {'player': 1} memory=0 {} paired=0 median=0.000
2026-09-28 09:19:01.363  INFO   decision    mode=traveling behavior=traveling action=traveling target=- reason='return to farm after retreat' status=success
2026-09-28 09:19:06.356  INFO   session     Entity shadow: vision=1 {'player': 1} memory=0 {} paired=0 median=0.000
2026-09-28 09:19:09.470  INFO   decision    mode=traveling behavior=combat action=attack target=457 reason='engage target' status=success
2026-09-28 09:19:11.463  INFO   session     Entity shadow: vision=0 {} memory=1 {'monster': 1} paired=0 median=0.000
2026-09-28 09:19:15.314  INFO   decision    mode=traveling behavior=loot action=searching target=458 reason='walk onto item' status=success
2026-09-28 09:19:16.806  INFO   session     Entity shadow: vision=4 {'player': 1, 'item': 1, 'monster': 2} memory=2 {'monster': 1, 'item': 1} paired=2 median=0.027
2026-09-28 09:19:18.196  INFO   decision    mode=traveling behavior=loot action=pickup target=458 reason='loot target' status=success
2026-09-28 09:19:18.684  INFO   decision    mode=traveling behavior=loot action=idle target=- reason='pickup memory gone' status=success
2026-09-28 09:19:19.010  INFO   decision    mode=traveling behavior=combat action=attack target=459 reason='engage target' status=success
2026-09-28 09:19:22.146  INFO   session     Entity shadow: vision=2 {'monster': 1, 'player': 1} memory=1 {'monster': 1} paired=1 median=0.012
2026-09-28 09:19:26.040  INFO   decision    mode=traveling behavior=combat action=searching target=459 reason='sidestep combat block' status=success
2026-09-28 09:19:26.538  INFO   decision    mode=traveling behavior=combat action=attack target=459 reason='attack target' status=success
2026-09-28 09:19:27.442  INFO   session     Entity shadow: vision=2 {'player': 1, 'monster': 1} memory=1 {'monster': 1} paired=1 median=0.023
2026-09-28 09:19:32.598  INFO   session     Entity shadow: vision=2 {'player': 1, 'monster': 1} memory=1 {'monster': 1} paired=1 median=0.011
2026-09-28 09:19:32.626  INFO   decision    mode=traveling behavior=combat action=searching target=459 reason='sidestep combat block' status=success
2026-09-28 09:19:33.153  INFO   decision    mode=traveling behavior=combat action=attack target=459 reason='attack target' status=success
2026-09-28 09:19:34.018  INFO   decision    mode=traveling behavior=heal action=heal target=- reason='recover hp' status=success
2026-09-28 09:19:36.767  INFO   decision    mode=traveling behavior=unstick action=teleport target=- reason='unstick confined' status=success
2026-09-28 09:19:37.967  INFO   session     Entity shadow: vision=1 {'monster': 1} memory=1 {'monster': 1} paired=1 median=0.010
2026-09-28 09:19:38.049  INFO   decision    mode=traveling behavior=traveling action=traveling target=- reason='return to farm after retreat' status=success
2026-09-28 09:19:43.020  INFO   session     Entity shadow: vision=1 {'player': 1} memory=1 {'monster': 1} paired=0 median=0.000 unleveled=189:鹿
2026-09-28 09:19:45.231  INFO   decision    mode=traveling behavior=loot action=searching target=462 reason='walk onto item' status=success
2026-09-28 09:19:48.073  INFO   session     Entity shadow: vision=1 {'item': 1} memory=2 {'monster': 1, 'item': 1} paired=1 median=0.016 unleveled=189:鹿
2026-09-28 09:19:53.180  INFO   session     Entity shadow: vision=4 {'player': 2, 'item': 2} memory=9 {'monster': 3, 'player': 4, 'item': 2} paired=4 median=0.031 unleveled=189:鹿,12:史萊姆
2026-09-28 09:19:55.171  INFO   decision    mode=traveling behavior=loot action=pickup target=462 reason='loot target' status=success
2026-09-28 09:19:55.699  INFO   decision    mode=traveling behavior=loot action=idle target=- reason='pickup memory gone' status=success
2026-09-28 09:19:57.503  INFO   decision    mode=traveling behavior=combat action=attack target=468 reason='engage target' status=success
2026-09-28 09:19:58.125  INFO   decision    mode=traveling behavior=combat action=attack target=469 reason='attack target' status=success
2026-09-28 09:19:58.523  INFO   session     Entity shadow: vision=2 {'player': 1, 'item': 1} memory=5 {'monster': 2, 'player': 1, 'item': 2} paired=1 median=0.018 unleveled=12:史萊姆
2026-09-28 09:20:01.380  INFO   decision    mode=traveling behavior=heal action=heal target=- reason='recover hp' status=success
2026-09-28 09:20:04.045  INFO   session     Entity shadow: vision=3 {'item': 2, 'player': 1} memory=7 {'monster': 1, 'player': 3, 'item': 3} paired=2 median=0.032 unleveled=12:史萊姆
2026-09-28 09:20:04.095  INFO   decision    mode=traveling behavior=loot action=pickup target=462 reason='engage item' status=success
2026-09-28 09:20:04.699  INFO   decision    mode=traveling behavior=loot action=idle target=- reason='pickup memory gone' status=success
2026-09-28 09:20:06.516  INFO   decision    mode=traveling behavior=unstick action=teleport target=- reason='unstick confined' status=success
2026-09-28 09:20:07.754  INFO   decision    mode=traveling behavior=loot action=pickup target=475 reason='engage item' status=success
2026-09-28 09:20:08.245  INFO   decision    mode=traveling behavior=loot action=idle target=- reason='pickup memory gone' status=success
2026-09-28 09:20:08.619  INFO   decision    mode=traveling behavior=traveling action=traveling target=- reason='return to farm after retreat' status=success
2026-09-28 09:20:09.252  INFO   session     Entity shadow: vision=1 {'item': 1} memory=0 {} paired=0 median=0.000
2026-09-28 09:20:14.516  INFO   session     Entity shadow: vision=1 {'player': 1} memory=1 {'monster': 1} paired=0 median=0.000 unleveled=12:史萊姆
2026-09-28 09:20:19.943  INFO   session     Entity shadow: vision=1 {'player': 1} memory=2 {'monster': 2} paired=0 median=0.000 unleveled=12:史萊姆
2026-09-28 09:20:24.160  INFO   decision    mode=traveling behavior=traveling action=traveling target=- reason='return to farm after retreat' status=success (repeat)
2026-09-28 09:20:24.956  INFO   session     Entity shadow: vision=1 {'player': 1} memory=2 {'monster': 2} paired=0 median=0.000 unleveled=12:史萊姆
2026-09-28 09:20:30.093  INFO   session     Entity shadow: vision=2 {'player': 2} memory=2 {'monster': 2} paired=0 median=0.000 unleveled=12:史萊姆
2026-09-28 09:20:31.364  INFO   decision    mode=traveling behavior=loot action=searching target=481 reason='walk onto item' status=success
2026-09-28 09:20:35.253  INFO   session     Entity shadow: vision=2 {'player': 1, 'item': 1} memory=3 {'monster': 2, 'item': 1} paired=1 median=0.008 unleveled=12:史萊姆
2026-09-28 09:20:38.653  INFO   decision    mode=traveling behavior=loot action=pickup target=481 reason='loot target' status=success
2026-09-28 09:20:39.122  INFO   decision    mode=traveling behavior=loot action=idle target=- reason='pickup memory gone' status=success
2026-09-28 09:20:39.766  INFO   decision    mode=traveling behavior=traveling action=traveling target=- reason='return to farm after retreat' status=success
2026-09-28 09:20:40.386  INFO   session     Entity shadow: vision=1 {'player': 1} memory=3 {'monster': 3} paired=0 median=0.000 unleveled=12:史萊姆,189:鹿
2026-09-28 09:20:43.523  INFO   decision    mode=traveling behavior=loot action=searching target=484 reason='walk onto item' status=success
2026-09-28 09:20:45.550  INFO   session     Entity shadow: vision=2 {'player': 1, 'item': 1} memory=3 {'player': 1, 'item': 1, 'monster': 1} paired=1 median=0.009 unleveled=189:鹿
2026-09-28 09:20:48.756  INFO   decision    mode=traveling behavior=loot action=pickup target=484 reason='loot target' status=success
2026-09-28 09:20:49.290  INFO   decision    mode=traveling behavior=loot action=idle target=- reason='pickup memory gone' status=success
2026-09-28 09:20:50.287  INFO   decision    mode=traveling behavior=traveling action=traveling target=- reason='return to farm after retreat' status=success
2026-09-28 09:20:50.627  INFO   session     Entity shadow: vision=1 {'player': 1} memory=0 {} paired=0 median=0.000
2026-09-28 09:20:55.749  INFO   session     Entity shadow: vision=1 {'monster': 1} memory=1 {'monster': 1} paired=0 median=0.000 unleveled=189:鹿
2026-09-28 09:21:00.759  INFO   session     Entity shadow: vision=2 {'player': 1, 'monster': 1} memory=1 {'monster': 1} paired=0 median=0.000 unleveled=189:鹿
2026-09-28 09:21:01.760  INFO   decision    mode=traveling behavior=loot action=searching target=487 reason='walk onto item' status=success
2026-09-28 09:21:06.063  INFO   session     Entity shadow: vision=2 {'monster': 1, 'item': 1} memory=1 {'item': 1} paired=1 median=0.026
2026-09-28 09:21:07.857  INFO   decision    mode=traveling behavior=loot action=pickup target=487 reason='loot target' status=success
2026-09-28 09:21:08.361  INFO   decision    mode=traveling behavior=loot action=idle target=- reason='pickup memory gone' status=success
2026-09-28 09:21:09.507  INFO   decision    mode=traveling behavior=traveling action=traveling target=- reason='return to farm after retreat' status=success
2026-09-28 09:21:11.308  INFO   session     Entity shadow: vision=2 {'player': 1, 'monster': 1} memory=0 {} paired=0 median=0.000
2026-09-28 09:21:16.499  INFO   session     Entity shadow: vision=1 {'player': 1} memory=0 {} paired=0 median=0.000
2026-09-28 09:21:17.486  INFO   session     일시정지 — 단축키
2026-09-28 09:21:24.067  INFO   session     재개 → 실행 중
2026-09-28 09:21:24.430  INFO   session     Entity shadow: vision=0 {} memory=0 {} paired=0 median=0.000
2026-09-28 09:21:29.582  INFO   session     Entity shadow: vision=1 {'player': 1} memory=0 {} paired=0 median=0.000
2026-09-28 09:21:30.740  INFO   decision    mode=traveling behavior=traveling action=traveling target=- reason='return to farm after retreat' status=success (repeat)
2026-09-28 09:21:34.860  INFO   session     Entity shadow: vision=0 {} memory=0 {} paired=0 median=0.000
2026-09-28 09:21:40.060  INFO   session     Entity shadow: vision=2 {'player': 1, 'monster': 1} memory=0 {} paired=0 median=0.000
2026-09-28 09:21:45.204  INFO   session     Entity shadow: vision=1 {'player': 1} memory=1 {'monster': 1} paired=0 median=0.000
2026-09-28 09:21:45.229  INFO   decision    mode=traveling behavior=traveling action=traveling target=- reason='return to farm after retreat' status=success (repeat)
2026-09-28 09:21:46.415  INFO   decision    mode=traveling behavior=combat action=attack target=491 reason='engage target' status=success
2026-09-28 09:21:47.448  INFO   decision    mode=traveling behavior=survival_potion action=use_hp_potion target=- reason='low hp' status=success
2026-09-28 09:21:48.009  INFO   decision    mode=traveling behavior=combat action=attack target=491 reason='attack target' status=success
2026-09-28 09:21:50.354  INFO   session     Entity shadow: vision=1 {'monster': 1} memory=3 {'monster': 3} paired=1 median=0.103 unleveled=12:史萊姆
2026-09-28 09:21:54.262  INFO   decision    mode=traveling behavior=survival_potion action=use_hp_potion target=- reason='critical hp, cannot heal' status=success
2026-09-28 09:21:55.830  INFO   session     Entity shadow: vision=1 {'monster': 1} memory=3 {'monster': 3} paired=1 median=0.037 unleveled=12:史萊姆
2026-09-28 09:21:57.378  INFO   decision    mode=traveling behavior=? action=idle target=- reason='waiting for respawn' status=success
2026-09-28 09:21:59.536  INFO   decision    mode=traveling behavior=respawn action=respawn target=- reason='death confirmed, restart' status=success
2026-09-28 09:21:59.943  INFO   decision    mode=traveling behavior=? action=idle target=- reason='waiting for respawn' status=success
2026-09-28 09:22:00.551  INFO   decision    mode=traveling behavior=survival_potion action=use_hp_potion target=- reason='critical hp, cannot heal' status=success
2026-09-28 09:22:01.550  INFO   session     Entity shadow: vision=12 {'player': 11, 'npc': 1} memory=19 {'player': 15, 'npc': 4} paired=10 median=0.026
2026-09-28 09:22:05.903  INFO   decision    mode=retreating behavior=talking_scroll action=use_talking_scroll target=- reason='hp safe zone, talking scroll' status=success
2026-09-28 09:22:07.692  INFO   session     Entity shadow: vision=10 {'player': 9, 'npc': 1} memory=0 {} paired=0 median=0.000
2026-09-28 09:22:07.743  INFO   decision    mode=retreating behavior=retreating action=idle target=- reason='retreating, waiting for hp' status=success
2026-09-28 09:22:13.024  INFO   session     Entity shadow: vision=8 {'monster': 2, 'player': 5, 'npc': 1} memory=15 {'monster': 5, 'player': 10} paired=7 median=0.019 unleveled=10:警衛,20:?
2026-09-28 09:22:18.049  INFO   session     Entity shadow: vision=9 {'monster': 2, 'player': 6, 'npc': 1} memory=15 {'player': 10, 'monster': 5} paired=8 median=0.020 unleveled=10:警衛,20:?
2026-09-28 09:22:23.275  INFO   session     Entity shadow: vision=10 {'monster': 2, 'player': 7, 'npc': 1} memory=15 {'player': 10, 'monster': 5} paired=9 median=0.018 unleveled=10:警衛,20:?
2026-09-28 09:22:25.781  INFO   decision    mode=retreating behavior=retreating action=idle target=- reason='retreating, waiting for hp' status=success (repeat)
2026-09-28 09:22:28.286  INFO   session     Entity shadow: vision=10 {'npc': 1, 'monster': 2, 'player': 7} memory=14 {'player': 9, 'monster': 5} paired=9 median=0.017 unleveled=10:警衛,20:?
2026-09-28 09:22:33.418  INFO   session     Entity shadow: vision=9 {'monster': 2, 'player': 6, 'npc': 1} memory=13 {'monster': 5, 'player': 8} paired=8 median=0.017 unleveled=10:警衛,20:?
2026-09-28 09:22:38.418  INFO   session     Entity shadow: vision=9 {'npc': 1, 'monster': 2, 'player': 6} memory=13 {'monster': 5, 'player': 8} paired=8 median=0.017 unleveled=10:警衛,20:?
2026-09-28 09:22:43.815  INFO   session     Entity shadow: vision=10 {'monster': 2, 'player': 7, 'npc': 1} memory=15 {'player': 10, 'monster': 5} paired=9 median=0.017 unleveled=10:警衛,20:?
2026-09-28 09:22:44.217  INFO   decision    mode=retreating behavior=retreating action=idle target=- reason='retreating, waiting for hp' status=success (repeat)
2026-09-28 09:22:49.065  INFO   session     Entity shadow: vision=10 {'monster': 2, 'player': 7, 'npc': 1} memory=14 {'player': 9, 'monster': 5} paired=9 median=0.017 unleveled=10:警衛,20:?
2026-09-28 09:22:54.283  INFO   session     Entity shadow: vision=9 {'player': 6, 'monster': 2, 'npc': 1} memory=13 {'monster': 5, 'player': 8} paired=8 median=0.017 unleveled=10:警衛,20:?
2026-09-28 09:22:59.369  INFO   session     Entity shadow: vision=9 {'npc': 1, 'monster': 2, 'player': 6} memory=13 {'monster': 5, 'player': 8} paired=8 median=0.017 unleveled=10:警衛,20:?
2026-09-28 09:23:01.944  INFO   decision    mode=retreating behavior=retreating action=idle target=- reason='retreating, waiting for hp' status=success (repeat)
2026-09-28 09:23:04.513  INFO   session     Entity shadow: vision=9 {'npc': 1, 'monster': 2, 'player': 6} memory=13 {'monster': 5, 'player': 8} paired=8 median=0.017 unleveled=10:警衛,20:?
2026-09-28 09:23:09.525  INFO   session     Entity shadow: vision=9 {'npc': 1, 'monster': 2, 'player': 6} memory=13 {'monster': 5, 'player': 8} paired=8 median=0.017 unleveled=10:警衛,20:?
2026-09-28 09:23:14.773  INFO   session     Entity shadow: vision=11 {'npc': 2, 'monster': 2, 'player': 7} memory=14 {'player': 9, 'monster': 5} paired=9 median=0.019 unleveled=10:警衛,20:?
2026-09-28 09:23:18.394  INFO   decision    mode=farming behavior=talking_scroll action=use_talking_scroll target=- reason='respawn, 마법서 상인' status=success
2026-09-28 09:23:20.171  INFO   session     Entity shadow: vision=10 {'monster': 2, 'player': 7, 'npc': 1} memory=14 {'player': 9, 'monster': 5} paired=9 median=0.017 unleveled=10:警衛,20:?
2026-09-28 09:23:23.723  INFO   nav         async nav configure start map=mainland
2026-09-28 09:23:25.715  INFO   nav         building portal graph (cluster=32, 1755x1414)
2026-09-28 09:23:30.608  INFO   nav         portal graph: 2586 components, 4893 ms
2026-09-28 09:23:30.613  INFO   nav         farms=6 safe=0 home=None (files farm=D:\ManmabotV1_final\engine\maps\mainland\farms.yaml safe=D:\ManmabotV1_final\engine\maps\mainland\safe.yaml home=D:\ManmabotV1_final\engine\maps\mainland\home.yaml)
2026-09-28 09:23:30.613  INFO   nav         async nav configure done map=mainland (6889 ms)
2026-09-28 09:23:30.635  INFO   session     Entity shadow: vision=41 {'player': 34, 'npc': 4, 'monster': 3} memory=82 {'player': 74, 'npc': 7, 'monster': 1} paired=36 median=0.059 unleveled=319:?
2026-09-28 09:23:30.844  INFO   decision    mode=farming behavior=shop action=shop_stop target=- reason='stop at shop' status=success
2026-09-28 09:23:32.194  INFO   decision    mode=farming behavior=shop action=shop_buy_arrows target=- reason='shop:buy_hp_potions_ch_mainland' status=success
2026-09-28 09:23:39.112  INFO   session     Entity shadow: vision=40 {'monster': 3, 'player': 35, 'npc': 2} memory=80 {'player': 73, 'npc': 6, 'monster': 1} paired=34 median=0.058 unleveled=319:?
2026-09-28 09:23:39.259  INFO   decision    mode=farming behavior=talking_scroll action=use_talking_scroll target=- reason='return to farm map after shop' status=success
2026-09-28 09:23:42.637  INFO   nav         async nav configure start map=talking_island
2026-09-28 09:23:42.792  INFO   nav         building portal graph (cluster=32, 479x511)
2026-09-28 09:23:43.270  INFO   nav         portal graph: 188 components, 478 ms
2026-09-28 09:23:43.280  INFO   nav         farms=4 safe=11 home=(354, 203) (files farm=D:\ManmabotV1_final\engine\maps\talking_island\farms.yaml safe=D:\ManmabotV1_final\engine\maps\talking_island\safe.yaml home=D:\ManmabotV1_final\engine\maps\talking_island\home.yaml)
2026-09-28 09:23:43.280  INFO   nav         async nav configure done map=talking_island (643 ms)
2026-09-28 09:23:44.373  INFO   session     Entity shadow: vision=37 {'player': 32, 'monster': 1, 'npc': 4} memory=51 {'player': 41, 'npc': 8, 'monster': 2} paired=34 median=0.032 unleveled=319:?,68:警衛
2026-09-28 09:23:44.507  INFO   decision    mode=traveling behavior=traveling action=traveling target=- reason='enter farm area' status=success
2026-09-28 09:23:49.655  INFO   session     Entity shadow: vision=35 {'monster': 2, 'player': 29, 'npc': 4} memory=74 {'player': 68, 'npc': 4, 'monster': 2} paired=32 median=0.084 unleveled=319:?,206:兔子
2026-09-28 09:23:54.856  INFO   session     Entity shadow: vision=33 {'item': 1, 'player': 28, 'npc': 1, 'monster': 3} memory=71 {'player': 66, 'npc': 3, 'monster': 2} paired=28 median=0.067 unleveled=206:兔子,319:?
2026-09-28 09:24:00.370  INFO   session     Entity shadow: vision=27 {'player': 25, 'monster': 2} memory=67 {'player': 63, 'npc': 3, 'monster': 1} paired=24 median=0.055 unleveled=319:?
2026-09-28 09:24:03.070  INFO   decision    mode=traveling behavior=unstick action=teleport target=- reason='unstick confined' status=success
2026-09-28 09:24:04.524  INFO   decision    mode=traveling behavior=traveling action=traveling target=- reason='enter farm area' status=success
2026-09-28 09:24:05.532  INFO   session     Entity shadow: vision=2 {'player': 2} memory=2 {'monster': 2} paired=0 median=0.000 unleveled=68:警衛,208:兔子
2026-09-28 09:24:10.571  INFO   session     Entity shadow: vision=3 {'player': 1, 'npc': 2} memory=2 {'monster': 2} paired=0 median=0.000 unleveled=10:警衛,68:警衛
2026-09-28 09:24:13.394  INFO   decision    mode=traveling behavior=combat action=attack target=715 reason='engage target' status=success
2026-09-28 09:24:15.945  INFO   session     Entity shadow: vision=5 {'player': 1, 'npc': 3, 'monster': 1} memory=4 {'monster': 4} paired=1 median=0.045 unleveled=10:警衛,68:警衛
2026-09-28 09:24:18.220  INFO   decision    mode=traveling behavior=traveling action=traveling target=- reason='enter farm area' status=success
2026-09-28 09:24:19.717  INFO   session     일시정지 — 단축키
2026-09-28 09:24:43.965  INFO   session     정지 → 중지됨 (정지 — 게임 창이 닫혔습니다.)
2026-09-28 09:24:44.082  INFO   session     봇 작업이 종료되었습니다
