2026-09-24 16:02:38.668  INFO   session     Loading Manmabot from D:\Work\Lineage\ManmabotV1_final\engine
2026-09-24 16:02:38.671  INFO   session     Session log D:\Work\Lineage\ManmabotV1_final\engine\logs\bot-20260924-160238.log
2026-09-24 16:02:38.671  INFO   session     character=elf loot=all_items game_lang=ko map=talking_island farms=['area_2', 'area_1', 'area_3'] file=D:\Work\Lineage\ManmabotV1_final\engine\logs\bot-20260924-160238.log
2026-09-24 16:02:38.727  INFO   nav         building portal graph (cluster=32, 479x511)
2026-09-24 16:02:38.980  INFO   nav         portal graph: 188 components, 253 ms
2026-09-24 16:02:38.986  INFO   nav         farms=3 safe=11 home=(354, 203) (files farm=D:\Work\Lineage\ManmabotV1_final\engine\maps\talking_island\farms.yaml safe=D:\Work\Lineage\ManmabotV1_final\engine\maps\talking_island\safe.yaml home=D:\Work\Lineage\ManmabotV1_final\engine\maps\talking_island\home.yaml)
2026-09-24 16:02:39.044  INFO   capture     mss window capture process='LC.exe' title=None content_aspect=4:3
2026-09-24 16:02:39.357  INFO   session     Entity clicks use memory names, species, and world cells. Image recognition still runs. Set memory.entity_source to vision to restore image-only clicks.
2026-09-24 16:02:39.364  INFO   session     Player memory is read in this process (realtime_monitor.dll, offsets.json). No separate console.
2026-09-24 16:02:39.368  INFO   session     Inventory listen scanning in background (build inventory_listen.dll or place inv.json).
2026-09-24 16:02:39.374  INFO   session     Reading hotbar from memory (24 slots)…
2026-09-24 16:02:39.456  INFO   session     Hotbar scan done · hp_potion@box1/f5, talking_scroll@box1/f8
2026-09-24 16:02:39.459  INFO   session     Unmapped hotbar icons: box1/f6:+0 화살 (2,064), box1/f7:아데나 (758), box1/f12:상쾌한 초록 물약
2026-09-24 16:02:39.470  INFO   session     Loop ready · elf · ko · map=talking_island · loot=all_items · farms=['area_2', 'area_1', 'area_3']
2026-09-24 16:02:39.736  INFO   session     Entity shadow: vision=0 {} memory=2 {'monster': 2} paired=0 median=0.000 unleveled=210:兔子,207:兔子
2026-09-24 16:02:39.753  INFO   session     Inventory listen ready (dll) · hp=8 arrows=2064 silver=5 depoison=0
2026-09-24 16:02:39.775  INFO   decision    mode=traveling behavior=traveling action=traveling target=- reason='enter farm area' status=success
2026-09-24 16:02:44.745  INFO   session     Entity shadow: vision=1 {'player': 1} memory=1 {'monster': 1} paired=0 median=0.000 unleveled=189:鹿
2026-09-24 16:02:47.680  INFO   decision    mode=traveling behavior=traveling action=traveling target=- reason='enter farm area' status=success (repeat)
2026-09-24 16:02:49.862  INFO   session     Entity shadow: vision=2 {'player': 1, 'monster': 1} memory=3 {'monster': 3} paired=1 median=0.019 unleveled=14:青蛙,189:鹿
2026-09-24 16:02:55.012  INFO   session     Entity shadow: vision=2 {'player': 1, 'monster': 1} memory=2 {'monster': 2} paired=1 median=0.023 unleveled=14:青蛙
2026-09-24 16:02:55.443  INFO   decision    mode=traveling behavior=traveling action=traveling target=- reason='enter farm area' status=success (repeat)
2026-09-24 16:03:00.102  INFO   session     Entity shadow: vision=3 {'player': 2, 'monster': 1} memory=3 {'monster': 2, 'player': 1} paired=2 median=0.030 unleveled=14:青蛙
2026-09-24 16:03:01.275  INFO   session     Paused — hotkey
2026-09-24 16:03:07.624  INFO   session     Stop → Stopped
2026-09-24 16:03:07.865  INFO   session     Bot worker exited
