2026-09-24 17:52:04.058  INFO   session     Loading Manmabot from D:\Work\Lineage\ManmabotV1_final\engine
2026-09-24 17:52:04.095  INFO   session     Session log D:\Work\Lineage\ManmabotV1_final\engine\logs\bot-20260924-175204.log
2026-09-24 17:52:04.095  INFO   session     character=elf loot=all_items game_lang=ko map=talking_island farms=['area_2', 'area_1', 'area_3'] file=D:\Work\Lineage\ManmabotV1_final\engine\logs\bot-20260924-175204.log
2026-09-24 17:52:04.150  INFO   nav         building portal graph (cluster=32, 479x511)
2026-09-24 17:52:04.400  INFO   nav         portal graph: 188 components, 250 ms
2026-09-24 17:52:04.406  INFO   nav         farms=3 safe=11 home=(354, 203) (files farm=D:\Work\Lineage\ManmabotV1_final\engine\maps\talking_island\farms.yaml safe=D:\Work\Lineage\ManmabotV1_final\engine\maps\talking_island\safe.yaml home=D:\Work\Lineage\ManmabotV1_final\engine\maps\talking_island\home.yaml)
2026-09-24 17:52:04.457  INFO   capture     mss window capture process='LC.exe' title=None content_aspect=4:3
2026-09-24 17:52:04.779  INFO   session     Entity clicks use memory names, species, and world cells. Image recognition still runs. Set memory.entity_source to vision to restore image-only clicks.
2026-09-24 17:52:04.786  INFO   session     Player memory is read in this process (realtime_monitor.dll, offsets.json). No separate console.
2026-09-24 17:52:04.791  INFO   session     Inventory listen scanning in background (build inventory_listen.dll or place inv.json).
2026-09-24 17:52:04.796  INFO   session     Reading hotbar from memory (24 slots)…
2026-09-24 17:52:04.869  INFO   session     Hotbar scan done · hp_potion@box1/f5, talking_scroll@box1/f8
2026-09-24 17:52:04.873  INFO   session     Unmapped hotbar icons: box1/f6:+0 화살 (1,530), box1/f7:아데나 (384), box1/f9:初級治癒術, box1/f10:日光術, box1/f11:傳送術, box1/f12:光箭, box2/f5:保護罩, box2/f6:冰箭, box2/f7:風刃, box2/f8:神聖武器
2026-09-24 17:52:04.890  INFO   session     Loop ready · elf · ko · map=talking_island · loot=all_items · farms=['area_2', 'area_1', 'area_3']
2026-09-24 17:52:05.204  INFO   session     Entity shadow: vision=5 {'item': 1, 'player': 2, 'npc': 2} memory=3 {'player': 1, 'monster': 2} paired=1 median=0.022 unleveled=10:警衛,68:警衛
2026-09-24 17:52:05.225  INFO   session     Inventory listen ready (dll) · hp=6 arrows=1530 silver=5 depoison=0
2026-09-24 17:52:05.254  INFO   decision    mode=traveling behavior=traveling action=traveling target=- reason='enter farm area' status=success
2026-09-24 17:52:09.449  INFO   decision    mode=traveling behavior=loot action=searching target=6 reason='walk onto item' status=success
2026-09-24 17:52:10.333  INFO   session     Entity shadow: vision=6 {'player': 2, 'item': 1, 'npc': 3} memory=4 {'item': 1, 'monster': 3} paired=1 median=0.027 unleveled=189:鹿,10:警衛,68:警衛
2026-09-24 17:52:15.502  INFO   session     Entity shadow: vision=2 {'player': 1, 'item': 1} memory=2 {'monster': 1, 'item': 1} paired=1 median=0.013 unleveled=189:鹿
2026-09-24 17:52:17.852  INFO   decision    mode=traveling behavior=loot action=pickup target=6 reason='loot target' status=success
2026-09-24 17:52:18.227  INFO   decision    mode=traveling behavior=loot action=idle target=- reason='pickup settle' status=success
2026-09-24 17:52:18.663  INFO   decision    mode=traveling behavior=traveling action=traveling target=- reason='enter farm area' status=success
2026-09-24 17:52:20.531  INFO   session     Entity shadow: vision=2 {'player': 2} memory=2 {'player': 1, 'monster': 1} paired=1 median=0.013 unleveled=189:鹿
2026-09-24 17:52:25.540  INFO   session     Entity shadow: vision=2 {'player': 2} memory=0 {} paired=0 median=0.000
2026-09-24 17:52:26.467  INFO   decision    mode=traveling behavior=traveling action=traveling target=- reason='enter farm area' status=success (repeat)
2026-09-24 17:52:29.230  INFO   decision    mode=traveling behavior=combat action=attack target=10 reason='engage target' status=success
2026-09-24 17:52:30.706  INFO   session     Entity shadow: vision=1 {'monster': 1} memory=1 {'monster': 1} paired=1 median=0.004
2026-09-24 17:52:34.373  INFO   decision    mode=traveling behavior=traveling action=traveling target=- reason='enter farm area' status=success
2026-09-24 17:52:35.833  INFO   session     Entity shadow: vision=1 {'player': 1} memory=0 {} paired=0 median=0.000
2026-09-24 17:52:40.938  INFO   session     Entity shadow: vision=1 {'player': 1} memory=0 {} paired=0 median=0.000
2026-09-24 17:52:42.313  INFO   decision    mode=traveling behavior=traveling action=traveling target=- reason='enter farm area' status=success (repeat)
2026-09-24 17:52:42.856  INFO   decision    mode=traveling behavior=combat action=attack target=11 reason='engage target' status=success
2026-09-24 17:52:45.995  INFO   session     Entity shadow: vision=3 {'player': 1, 'monster': 2} memory=2 {'monster': 2} paired=1 median=0.012
2026-09-24 17:52:51.004  INFO   session     Entity shadow: vision=1 {'player': 1} memory=1 {'monster': 1} paired=0 median=0.000
2026-09-24 17:52:53.855  INFO   decision    mode=traveling behavior=combat action=attack target=11 reason='attack target' status=success (repeat)
2026-09-24 17:52:56.082  INFO   session     Entity shadow: vision=3 {'player': 3} memory=1 {'player': 1} paired=1 median=0.067
2026-09-24 17:52:56.108  INFO   decision    mode=traveling behavior=traveling action=traveling target=- reason='enter farm area' status=success
2026-09-24 17:52:57.243  INFO   decision    mode=traveling behavior=combat action=attack target=14 reason='engage target' status=success
2026-09-24 17:53:01.102  INFO   session     Entity shadow: vision=1 {'player': 1} memory=1 {'monster': 1} paired=0 median=0.000
2026-09-24 17:53:02.451  INFO   decision    mode=traveling behavior=loot action=searching target=16 reason='walk onto item' status=success
2026-09-24 17:53:06.329  INFO   session     Entity shadow: vision=5 {'monster': 5} memory=4 {'monster': 3, 'item': 1} paired=3 median=0.038
2026-09-24 17:53:08.433  INFO   decision    mode=traveling behavior=loot action=pickup target=16 reason='loot target' status=success
2026-09-24 17:53:08.775  INFO   decision    mode=traveling behavior=loot action=idle target=- reason='pickup settle' status=success
2026-09-24 17:53:09.279  INFO   decision    mode=traveling behavior=combat action=attack target=17 reason='engage target' status=success
2026-09-24 17:53:11.466  INFO   session     Entity shadow: vision=3 {'monster': 2, 'player': 1} memory=3 {'monster': 3} paired=1 median=0.036
2026-09-24 17:53:16.515  INFO   session     Entity shadow: vision=6 {'monster': 5, 'player': 1} memory=4 {'monster': 4} paired=4 median=0.049
2026-09-24 17:53:17.387  INFO   decision    mode=retreating behavior=talking_scroll action=use_talking_scroll target=- reason='retreat, 마법서 상인' status=success
2026-09-24 17:53:18.269  INFO   decision    mode=retreating behavior=retreating action=idle target=- reason='retreating, waiting for hp' status=success
2026-09-24 17:53:21.630  INFO   session     Entity shadow: vision=4 {'player': 1, 'npc': 2, 'monster': 1} memory=6 {'monster': 3, 'npc': 3} paired=1 median=0.024 unleveled=68:警衛,10:警衛
2026-09-24 17:53:26.156  INFO   decision    mode=retreating behavior=retreating action=idle target=- reason='retreating, waiting for hp' status=success (repeat)
2026-09-24 17:53:26.706  INFO   session     Entity shadow: vision=3 {'npc': 2, 'player': 1} memory=5 {'monster': 2, 'npc': 3} paired=0 median=0.000 unleveled=68:警衛,10:警衛
2026-09-24 17:53:31.718  INFO   session     Entity shadow: vision=5 {'player': 2, 'npc': 2, 'monster': 1} memory=7 {'player': 1, 'monster': 3, 'npc': 3} paired=2 median=0.031 unleveled=68:警衛,10:警衛
2026-09-24 17:53:34.214  INFO   decision    mode=retreating behavior=retreating action=idle target=- reason='retreating, waiting for hp' status=success (repeat)
2026-09-24 17:53:36.856  INFO   session     Entity shadow: vision=5 {'npc': 2, 'player': 2, 'monster': 1} memory=7 {'player': 1, 'monster': 3, 'npc': 3} paired=2 median=0.030 unleveled=68:警衛,10:警衛
2026-09-24 17:53:42.006  INFO   session     Entity shadow: vision=4 {'monster': 1, 'player': 1, 'npc': 2} memory=7 {'monster': 4, 'npc': 3} paired=1 median=0.032 unleveled=68:警衛,10:警衛
2026-09-24 17:53:42.609  INFO   decision    mode=retreating behavior=retreating action=idle target=- reason='retreating, waiting for hp' status=success (repeat)
2026-09-24 17:53:47.063  INFO   session     Entity shadow: vision=5 {'monster': 2, 'player': 1, 'npc': 2} memory=7 {'monster': 4, 'npc': 3} paired=2 median=0.032 unleveled=68:警衛,10:警衛
2026-09-24 17:53:50.693  INFO   decision    mode=retreating behavior=retreating action=idle target=- reason='retreating, waiting for hp' status=success (repeat)
2026-09-24 17:53:52.078  INFO   session     Entity shadow: vision=5 {'player': 1, 'npc': 2, 'monster': 2} memory=7 {'monster': 4, 'npc': 3} paired=2 median=0.023 unleveled=68:警衛,10:警衛
2026-09-24 17:53:57.240  INFO   session     Entity shadow: vision=3 {'npc': 2, 'player': 1} memory=6 {'monster': 3, 'npc': 3} paired=0 median=0.000 unleveled=68:警衛,10:警衛
2026-09-24 17:53:58.512  INFO   decision    mode=retreating behavior=retreating action=idle target=- reason='retreating, waiting for hp' status=success (repeat)
2026-09-24 17:54:02.327  INFO   session     Entity shadow: vision=4 {'monster': 1, 'player': 1, 'npc': 2} memory=6 {'monster': 3, 'npc': 3} paired=1 median=0.017 unleveled=68:警衛,10:警衛
2026-09-24 17:54:06.441  INFO   decision    mode=retreating behavior=retreating action=idle target=- reason='retreating, waiting for hp' status=success (repeat)
2026-09-24 17:54:07.342  INFO   session     Entity shadow: vision=4 {'monster': 1, 'player': 1, 'npc': 2} memory=6 {'monster': 3, 'npc': 3} paired=1 median=0.017 unleveled=68:警衛,10:警衛
2026-09-24 17:54:12.386  INFO   session     Entity shadow: vision=3 {'player': 1, 'npc': 2} memory=6 {'player': 1, 'monster': 2, 'npc': 3} paired=0 median=0.000 unleveled=68:警衛,10:警衛
2026-09-24 17:54:14.078  INFO   decision    mode=retreating behavior=retreating action=idle target=- reason='retreating, waiting for hp' status=success (repeat)
2026-09-24 17:54:17.411  INFO   session     Entity shadow: vision=4 {'npc': 2, 'player': 2} memory=6 {'player': 1, 'monster': 2, 'npc': 3} paired=1 median=0.020 unleveled=68:警衛,10:警衛
2026-09-24 17:54:21.835  INFO   decision    mode=retreating behavior=retreating action=idle target=- reason='retreating, waiting for hp' status=success (repeat)
2026-09-24 17:54:22.506  INFO   session     Entity shadow: vision=2 {'npc': 2} memory=6 {'player': 1, 'monster': 2, 'npc': 3} paired=0 median=0.000 unleveled=68:警衛,10:警衛
2026-09-24 17:54:27.609  INFO   session     Entity shadow: vision=2 {'npc': 2} memory=5 {'monster': 2, 'npc': 3} paired=0 median=0.000 unleveled=68:警衛,10:警衛
2026-09-24 17:54:29.321  INFO   decision    mode=retreating behavior=retreating action=idle target=- reason='retreating, waiting for hp' status=success (repeat)
2026-09-24 17:54:29.897  INFO   decision    mode=traveling behavior=traveling action=traveling target=- reason='return to farm after retreat' status=success
2026-09-24 17:54:32.702  INFO   session     Entity shadow: vision=3 {'player': 1, 'npc': 2} memory=5 {'monster': 2, 'npc': 3} paired=0 median=0.000 unleveled=68:警衛,10:警衛
2026-09-24 17:54:37.057  INFO   decision    mode=traveling behavior=combat action=attack target=31 reason='engage target' status=success
2026-09-24 17:54:37.579  INFO   decision    mode=traveling behavior=loot action=searching target=32 reason='walk onto item' status=success
2026-09-24 17:54:37.810  INFO   session     Entity shadow: vision=5 {'player': 1, 'item': 1, 'npc': 2, 'monster': 1} memory=7 {'monster': 3, 'item': 1, 'npc': 3} paired=2 median=0.025 unleveled=68:警衛,10:警衛
2026-09-24 17:54:42.217  INFO   decision    mode=traveling behavior=loot action=pickup target=32 reason='loot target' status=success
2026-09-24 17:54:42.551  INFO   decision    mode=traveling behavior=loot action=idle target=- reason='pickup settle' status=success
2026-09-24 17:54:42.865  INFO   session     Entity shadow: vision=4 {'monster': 1, 'npc': 1, 'player': 2} memory=7 {'player': 1, 'monster': 2, 'item': 1, 'npc': 3} paired=3 median=0.027 unleveled=10:警衛
2026-09-24 17:54:43.059  INFO   decision    mode=traveling behavior=traveling action=traveling target=- reason='return to farm after retreat' status=success
2026-09-24 17:54:46.427  INFO   decision    mode=traveling behavior=combat action=attack target=35 reason='engage target' status=success
2026-09-24 17:54:48.067  INFO   session     Entity shadow: vision=2 {'player': 2} memory=5 {'player': 1, 'monster': 1, 'npc': 3} paired=1 median=0.018
2026-09-24 17:54:48.593  INFO   decision    mode=traveling behavior=loot action=searching target=36 reason='walk onto item' status=success
2026-09-24 17:54:53.130  INFO   session     Entity shadow: vision=4 {'player': 2, 'item': 1, 'monster': 1} memory=5 {'player': 1, 'monster': 1, 'item': 1, 'npc': 2} paired=3 median=0.019
2026-09-24 17:54:54.277  INFO   decision    mode=traveling behavior=loot action=pickup target=36 reason='loot target' status=success
2026-09-24 17:54:54.666  INFO   decision    mode=traveling behavior=loot action=idle target=- reason='pickup settle' status=success
2026-09-24 17:54:55.001  INFO   decision    mode=traveling behavior=combat action=attack target=37 reason='engage target' status=success
2026-09-24 17:54:55.485  INFO   decision    mode=traveling behavior=loot action=searching target=40 reason='walk onto item' status=success
2026-09-24 17:54:58.351  INFO   session     Entity shadow: vision=4 {'player': 2, 'item': 2} memory=4 {'player': 1, 'item': 3} paired=3 median=0.013
2026-09-24 17:54:58.370  INFO   decision    mode=traveling behavior=loot action=pickup target=40 reason='loot target' status=success
2026-09-24 17:54:58.733  INFO   decision    mode=traveling behavior=loot action=idle target=- reason='pickup settle' status=success
2026-09-24 17:54:59.072  INFO   decision    mode=traveling behavior=loot action=searching target=39 reason='walk onto item' status=success
2026-09-24 17:55:00.156  INFO   decision    mode=traveling behavior=loot action=pickup target=39 reason='loot target' status=success
2026-09-24 17:55:00.480  INFO   decision    mode=traveling behavior=loot action=idle target=- reason='pickup settle' status=success
2026-09-24 17:55:00.933  INFO   decision    mode=traveling behavior=loot action=searching target=36 reason='walk onto item' status=success
2026-09-24 17:55:03.513  INFO   session     Entity shadow: vision=4 {'player': 2, 'item': 2} memory=4 {'npc': 1, 'player': 1, 'item': 2} paired=3 median=0.024
2026-09-24 17:55:05.249  INFO   decision    mode=traveling behavior=loot action=pickup target=36 reason='loot target' status=success
2026-09-24 17:55:05.589  INFO   decision    mode=traveling behavior=loot action=idle target=- reason='pickup settle' status=success
2026-09-24 17:55:06.102  INFO   decision    mode=traveling behavior=talking_scroll action=use_talking_scroll target=- reason='go to shop (sell_garbage_ch)' status=success
2026-09-24 17:55:09.229  INFO   session     Entity shadow: vision=19 {'player': 17, 'npc': 2} memory=49 {'player': 47, 'npc': 2} paired=19 median=0.026
2026-09-24 17:55:09.331  INFO   decision    mode=farming behavior=shop action=shop_stop target=- reason='stop at shop' status=success
2026-09-24 17:55:09.986  INFO   decision    mode=farming behavior=shop action=shop_buy_arrows target=- reason='shop:sell_garbage_ch' status=success
2026-09-24 17:55:14.368  INFO   session     Entity shadow: vision=20 {'monster': 1, 'player': 17, 'npc': 2} memory=50 {'player': 48, 'npc': 2} paired=19 median=0.025
2026-09-24 17:55:14.460  INFO   decision    mode=farming behavior=talking_scroll action=use_talking_scroll target=- reason='go to shop (sell_garbage_weapon_ch)' status=success
2026-09-24 17:55:17.121  INFO   nav         async nav configure start map=mainland
2026-09-24 17:55:17.878  INFO   decision    mode=farming behavior=shop action=shop_stop target=- reason='stop at shop' status=success
2026-09-24 17:55:18.018  INFO   nav         building portal graph (cluster=32, 1755x1414)
2026-09-24 17:55:22.416  INFO   nav         portal graph: 2586 components, 4397 ms
2026-09-24 17:55:22.421  INFO   nav         farms=6 safe=0 home=None (files farm=D:\Work\Lineage\ManmabotV1_final\engine\maps\mainland\farms.yaml safe=D:\Work\Lineage\ManmabotV1_final\engine\maps\mainland\safe.yaml home=D:\Work\Lineage\ManmabotV1_final\engine\maps\mainland\home.yaml)
2026-09-24 17:55:22.421  INFO   nav         async nav configure done map=mainland (5300 ms)
2026-09-24 17:55:22.590  INFO   session     Entity shadow: vision=23 {'player': 22, 'item': 1} memory=36 {'player': 31, 'npc': 5} paired=20 median=0.030
2026-09-24 17:55:22.692  INFO   decision    mode=farming behavior=shop action=shop_buy_arrows target=- reason='shop:sell_garbage_weapon_ch' status=success
2026-09-24 17:56:04.568  INFO   session     Entity shadow: vision=21 {'player': 21} memory=32 {'player': 28, 'npc': 4} paired=19 median=0.028
2026-09-24 17:56:04.654  INFO   decision    mode=farming behavior=talking_scroll action=use_talking_scroll target=- reason='go to shop (sell_garbage_mainland_ch)' status=success
2026-09-24 17:56:08.018  INFO   decision    mode=farming behavior=shop action=shop_stop target=- reason='stop at shop' status=success
2026-09-24 17:56:08.629  INFO   decision    mode=farming behavior=shop action=shop_buy_arrows target=- reason='shop:sell_garbage_mainland_ch' status=success
2026-09-24 17:56:19.039  INFO   session     Entity shadow: vision=36 {'player': 33, 'monster': 1, 'npc': 2} memory=61 {'player': 55, 'npc': 6} paired=33 median=0.034
2026-09-24 17:56:19.119  INFO   decision    mode=farming behavior=talking_scroll action=use_talking_scroll target=- reason='go to shop (sell_garbage_armor_mainland_ch)' status=success
2026-09-24 17:56:22.291  INFO   decision    mode=farming behavior=shop action=shop_stop target=- reason='stop at shop' status=success
2026-09-24 17:56:22.943  INFO   decision    mode=farming behavior=shop action=shop_buy_arrows target=- reason='shop:sell_garbage_armor_mainland_ch' status=success
2026-09-24 17:56:33.726  INFO   session     Entity shadow: vision=14 {'player': 13, 'npc': 1} memory=34 {'player': 29, 'npc': 5} paired=12 median=0.026
2026-09-24 17:56:33.766  INFO   decision    mode=farming behavior=talking_scroll action=use_talking_scroll target=- reason='return to farm map after shop' status=success
2026-09-24 17:56:36.419  INFO   nav         async nav configure start map=talking_island
2026-09-24 17:56:36.494  INFO   nav         building portal graph (cluster=32, 479x511)
2026-09-24 17:56:36.819  INFO   nav         portal graph: 188 components, 324 ms
2026-09-24 17:56:36.826  INFO   nav         farms=4 safe=11 home=(354, 203) (files farm=D:\Work\Lineage\ManmabotV1_final\engine\maps\talking_island\farms.yaml safe=D:\Work\Lineage\ManmabotV1_final\engine\maps\talking_island\safe.yaml home=D:\Work\Lineage\ManmabotV1_final\engine\maps\talking_island\home.yaml)
2026-09-24 17:56:36.826  INFO   nav         async nav configure done map=talking_island (408 ms)
2026-09-24 17:56:37.472  INFO   decision    mode=traveling behavior=traveling action=traveling target=- reason='enter farm area' status=success
2026-09-24 17:56:38.824  INFO   session     Entity shadow: vision=34 {'player': 31, 'npc': 3} memory=55 {'player': 44, 'npc': 9, 'monster': 2} paired=32 median=0.075 unleveled=319:?,68:警衛
2026-09-24 17:56:44.066  INFO   session     Entity shadow: vision=32 {'player': 31, 'npc': 1} memory=75 {'npc': 4, 'monster': 2, 'player': 69} paired=29 median=0.069 unleveled=319:?
2026-09-24 17:56:49.081  INFO   session     Entity shadow: vision=36 {'player': 32, 'npc': 3, 'monster': 1} memory=75 {'player': 69, 'npc': 4, 'monster': 2} paired=33 median=0.037 unleveled=319:?
2026-09-24 17:56:54.369  INFO   session     Entity shadow: vision=27 {'player': 24, 'npc': 2, 'monster': 1} memory=53 {'monster': 3, 'player': 45, 'npc': 5} paired=24 median=0.051 unleveled=208:兔子,189:鹿
2026-09-24 17:56:57.194  INFO   decision    mode=traveling behavior=traveling action=traveling target=- reason='enter farm area' status=success (repeat)
2026-09-24 17:56:59.477  INFO   session     Entity shadow: vision=7 {'player': 5, 'npc': 2} memory=10 {'monster': 2, 'npc': 5, 'player': 3} paired=5 median=0.023 unleveled=189:鹿
2026-09-24 17:57:04.589  INFO   session     Entity shadow: vision=6 {'player': 4, 'npc': 2} memory=6 {'player': 3, 'npc': 3} paired=4 median=0.033
2026-09-24 17:57:06.573  INFO   decision    mode=traveling behavior=traveling action=traveling target=- reason='enter farm area' status=success (repeat)
2026-09-24 17:57:09.815  INFO   session     Entity shadow: vision=4 {'monster': 2, 'npc': 1, 'player': 1} memory=3 {'npc': 2, 'player': 1} paired=2 median=0.025
2026-09-24 17:57:14.818  INFO   session     Entity shadow: vision=4 {'npc': 2, 'player': 2} memory=4 {'npc': 3, 'player': 1} paired=3 median=0.037
2026-09-24 17:57:15.174  INFO   decision    mode=traveling behavior=traveling action=traveling target=- reason='enter farm area' status=success (repeat)
2026-09-24 17:57:19.966  INFO   session     Entity shadow: vision=4 {'npc': 1, 'player': 3} memory=2 {'npc': 1, 'player': 1} paired=2 median=0.022
2026-09-24 17:57:23.189  INFO   decision    mode=traveling behavior=traveling action=traveling target=- reason='enter farm area' status=success (repeat)
2026-09-24 17:57:25.007  INFO   session     Entity shadow: vision=4 {'player': 2, 'npc': 2} memory=4 {'npc': 1, 'monster': 2, 'player': 1} paired=1 median=0.003 unleveled=10:警衛,68:警衛
2026-09-24 17:57:25.964  INFO   decision    mode=traveling behavior=combat action=attack target=346 reason='engage target' status=success
2026-09-24 17:57:27.127  INFO   decision    mode=traveling behavior=traveling action=traveling target=- reason='enter farm area' status=success
2026-09-24 17:57:30.061  INFO   session     Entity shadow: vision=3 {'npc': 2, 'player': 1} memory=3 {'monster': 2, 'player': 1} paired=1 median=0.003 unleveled=10:警衛,68:警衛
2026-09-24 17:57:35.104  INFO   session     Entity shadow: vision=3 {'player': 1, 'npc': 2} memory=3 {'monster': 3} paired=0 median=0.000 unleveled=206:兔子,10:警衛,68:警衛
2026-09-24 17:57:35.125  INFO   decision    mode=traveling behavior=traveling action=traveling target=- reason='enter farm area' status=success (repeat)
2026-09-24 17:57:36.528  INFO   decision    mode=traveling behavior=combat action=attack target=348 reason='engage target' status=success
2026-09-24 17:57:38.805  INFO   decision    mode=traveling behavior=traveling action=traveling target=- reason='enter farm area' status=success
2026-09-24 17:57:40.120  INFO   session     Entity shadow: vision=2 {'player': 2} memory=1 {'monster': 1} paired=0 median=0.000 unleveled=206:兔子
2026-09-24 17:57:45.284  INFO   session     Entity shadow: vision=2 {'player': 1, 'monster': 1} memory=3 {'monster': 3} paired=1 median=0.011 unleveled=206:兔子,189:鹿
2026-09-24 17:57:45.327  INFO   decision    mode=traveling behavior=combat action=attack target=352 reason='engage target' status=success
2026-09-24 17:57:47.710  INFO   decision    mode=traveling behavior=traveling action=traveling target=- reason='enter farm area' status=success
2026-09-24 17:57:50.397  INFO   session     Entity shadow: vision=1 {'player': 1} memory=2 {'monster': 2} paired=0 median=0.000 unleveled=189:鹿,206:兔子
2026-09-24 17:57:55.510  INFO   session     Entity shadow: vision=1 {'player': 1} memory=1 {'monster': 1} paired=0 median=0.000 unleveled=208:兔子
2026-09-24 17:57:55.529  INFO   decision    mode=traveling behavior=traveling action=traveling target=- reason='enter farm area' status=success (repeat)
2026-09-24 17:58:00.596  INFO   session     Entity shadow: vision=1 {'player': 1} memory=1 {'monster': 1} paired=0 median=0.000 unleveled=208:兔子
2026-09-24 17:58:02.226  INFO   decision    mode=traveling behavior=combat action=attack target=356 reason='engage target' status=success
2026-09-24 17:58:05.701  INFO   session     Entity shadow: vision=3 {'player': 1, 'monster': 2} memory=1 {'monster': 1} paired=1 median=0.067
2026-09-24 17:58:05.725  INFO   decision    mode=traveling behavior=traveling action=traveling target=- reason='enter farm area' status=success
2026-09-24 17:58:10.830  INFO   session     Entity shadow: vision=1 {'player': 1} memory=0 {} paired=0 median=0.000
2026-09-24 17:58:13.532  INFO   decision    mode=traveling behavior=traveling action=traveling target=- reason='enter farm area' status=success (repeat)
2026-09-24 17:58:15.829  INFO   decision    mode=traveling behavior=combat action=attack target=358 reason='engage target' status=success
2026-09-24 17:58:16.298  INFO   session     Entity shadow: vision=2 {'player': 1, 'monster': 1} memory=2 {'monster': 2} paired=1 median=0.016 unleveled=207:兔子
2026-09-24 17:58:19.632  INFO   decision    mode=traveling behavior=combat action=attack target=360 reason='engage target' status=success
2026-09-24 17:58:21.429  INFO   session     Entity shadow: vision=1 {'monster': 1} memory=2 {'monster': 2} paired=1 median=0.044 unleveled=207:兔子
2026-09-24 17:58:26.274  INFO   decision    mode=traveling behavior=loot action=searching target=361 reason='walk onto item' status=success
2026-09-24 17:58:26.505  INFO   session     Entity shadow: vision=3 {'player': 1, 'item': 2} memory=2 {'monster': 1, 'item': 1} paired=1 median=0.003 unleveled=207:兔子
2026-09-24 17:58:29.233  INFO   decision    mode=traveling behavior=loot action=pickup target=361 reason='loot target' status=success
2026-09-24 17:58:29.605  INFO   decision    mode=traveling behavior=loot action=idle target=- reason='pickup settle' status=success
2026-09-24 17:58:30.084  INFO   decision    mode=traveling behavior=loot action=searching target=359 reason='walk onto item' status=success
2026-09-24 17:58:30.941  INFO   decision    mode=traveling behavior=combat action=attack target=362 reason='engage target' status=success
2026-09-24 17:58:31.659  INFO   session     Entity shadow: vision=4 {'player': 2, 'monster': 1, 'item': 1} memory=5 {'monster': 4, 'item': 1} paired=2 median=0.026 unleveled=207:兔子
2026-09-24 17:58:36.863  INFO   session     Entity shadow: vision=4 {'item': 2, 'player': 1, 'monster': 1} memory=5 {'monster': 4, 'item': 1} paired=2 median=0.019 unleveled=207:兔子
2026-09-24 17:58:37.380  INFO   decision    mode=traveling behavior=loot action=pickup target=365 reason='engage item' status=success
2026-09-24 17:58:37.721  INFO   decision    mode=traveling behavior=loot action=idle target=- reason='pickup settle' status=success
2026-09-24 17:58:38.157  INFO   decision    mode=traveling behavior=loot action=searching target=359 reason='walk onto item' status=success
2026-09-24 17:58:39.738  INFO   decision    mode=traveling behavior=combat action=attack target=364 reason='engage target' status=success
2026-09-24 17:58:41.885  INFO   session     Entity shadow: vision=2 {'item': 1, 'monster': 1} memory=4 {'monster': 3, 'item': 1} paired=2 median=0.020 unleveled=207:兔子
2026-09-24 17:58:43.662  INFO   decision    mode=traveling behavior=loot action=searching target=359 reason='walk onto item' status=success
2026-09-24 17:58:47.108  INFO   session     Entity shadow: vision=4 {'player': 1, 'item': 1, 'monster': 2} memory=3 {'monster': 2, 'item': 1} paired=2 median=0.028 unleveled=207:兔子
2026-09-24 17:58:48.412  INFO   decision    mode=traveling behavior=loot action=pickup target=359 reason='loot target' status=success
2026-09-24 17:58:48.735  INFO   decision    mode=traveling behavior=loot action=idle target=- reason='pickup settle' status=success
2026-09-24 17:58:49.117  INFO   decision    mode=traveling behavior=combat action=attack target=363 reason='engage target' status=success
2026-09-24 17:58:52.300  INFO   session     Entity shadow: vision=1 {'player': 1} memory=1 {'monster': 1} paired=0 median=0.000
2026-09-24 17:58:57.378  INFO   session     Entity shadow: vision=3 {'player': 2, 'monster': 1} memory=2 {'monster': 2} paired=1 median=0.014 unleveled=207:兔子
2026-09-24 17:58:59.843  INFO   decision    mode=traveling behavior=traveling action=traveling target=- reason='enter farm area' status=success
2026-09-24 17:59:02.479  INFO   session     Entity shadow: vision=1 {'player': 1} memory=1 {'monster': 1} paired=0 median=0.000 unleveled=207:兔子
2026-09-24 17:59:04.100  INFO   decision    mode=traveling behavior=combat action=attack target=369 reason='engage target' status=success
2026-09-24 17:59:07.575  INFO   session     Entity shadow: vision=1 {'player': 1} memory=2 {'monster': 2} paired=0 median=0.000
2026-09-24 17:59:09.298  INFO   decision    mode=traveling behavior=traveling action=traveling target=- reason='enter farm area' status=success
2026-09-24 17:59:12.396  INFO   decision    mode=traveling behavior=combat action=attack target=371 reason='engage target' status=success
2026-09-24 17:59:12.828  INFO   session     Entity shadow: vision=1 {'player': 1} memory=0 {} paired=0 median=0.000
2026-09-24 17:59:12.870  INFO   decision    mode=traveling behavior=traveling action=traveling target=- reason='enter farm area' status=success
2026-09-24 17:59:14.001  INFO   decision    mode=traveling behavior=combat action=attack target=372 reason='engage target' status=success
2026-09-24 17:59:14.477  INFO   decision    mode=traveling behavior=traveling action=traveling target=- reason='enter farm area' status=success
2026-09-24 17:59:15.792  INFO   decision    mode=traveling behavior=combat action=attack target=373 reason='engage target' status=success
2026-09-24 17:59:16.266  INFO   decision    mode=traveling behavior=traveling action=traveling target=- reason='enter farm area' status=success
2026-09-24 17:59:17.925  INFO   session     Entity shadow: vision=1 {'player': 1} memory=0 {} paired=0 median=0.000
2026-09-24 17:59:21.872  INFO   decision    mode=traveling behavior=combat action=attack target=374 reason='engage target' status=success
2026-09-24 17:59:22.938  INFO   session     Entity shadow: vision=2 {'player': 1, 'monster': 1} memory=2 {'monster': 2} paired=1 median=0.008
2026-09-24 17:59:24.004  INFO   decision    mode=traveling behavior=combat action=attack target=375 reason='engage target' status=success
2026-09-24 17:59:26.322  INFO   decision    mode=traveling behavior=loot action=searching target=377 reason='walk onto item' status=success
2026-09-24 17:59:28.124  INFO   session     Entity shadow: vision=3 {'player': 1, 'monster': 2} memory=2 {'item': 1, 'monster': 1} paired=1 median=0.027
2026-09-24 17:59:29.962  INFO   decision    mode=traveling behavior=combat action=attack target=376 reason='engage target' status=success
2026-09-24 17:59:33.339  INFO   session     Entity shadow: vision=4 {'player': 3, 'item': 1} memory=3 {'monster': 1, 'player': 1, 'item': 1} paired=2 median=0.086
2026-09-24 17:59:33.932  INFO   decision    mode=traveling behavior=loot action=searching target=377 reason='walk onto item' status=success
2026-09-24 17:59:38.101  INFO   decision    mode=traveling behavior=loot action=pickup target=377 reason='loot target' status=success
2026-09-24 17:59:38.401  INFO   session     Entity shadow: vision=3 {'player': 2, 'item': 1} memory=2 {'player': 1, 'item': 1} paired=2 median=0.041
2026-09-24 17:59:38.423  INFO   decision    mode=traveling behavior=loot action=idle target=- reason='pickup settle' status=success
2026-09-24 17:59:38.915  INFO   decision    mode=traveling behavior=traveling action=traveling target=- reason='enter farm area' status=success
2026-09-24 17:59:43.495  INFO   session     Entity shadow: vision=2 {'player': 1, 'monster': 1} memory=1 {'player': 1} paired=0 median=0.000
2026-09-24 17:59:46.895  INFO   decision    mode=traveling behavior=traveling action=traveling target=- reason='enter farm area' status=success (repeat)
2026-09-24 17:59:48.526  INFO   session     Entity shadow: vision=2 {'player': 2} memory=1 {'player': 1} paired=1 median=0.025
2026-09-24 17:59:53.684  INFO   session     Entity shadow: vision=1 {'player': 1} memory=1 {'player': 1} paired=0 median=0.000
2026-09-24 17:59:54.006  INFO   decision    mode=traveling behavior=combat action=attack target=380 reason='engage target' status=success
2026-09-24 17:59:56.749  INFO   decision    mode=traveling behavior=loot action=searching target=382 reason='walk onto item' status=success
2026-09-24 17:59:58.915  INFO   session     Entity shadow: vision=6 {'player': 2, 'monster': 3, 'item': 1} memory=5 {'item': 1, 'monster': 3, 'player': 1} paired=5 median=0.028
2026-09-24 17:59:58.959  INFO   decision    mode=traveling behavior=loot action=searching target=384 reason='walk onto item' status=success
2026-09-24 18:00:04.106  INFO   session     Entity shadow: vision=6 {'player': 3, 'item': 1, 'npc': 1, 'monster': 1} memory=7 {'player': 2, 'monster': 3, 'npc': 1, 'item': 1} paired=4 median=0.019 unleveled=10:警衛
2026-09-24 18:00:05.929  INFO   decision    mode=traveling behavior=combat action=attack target=383 reason='engage target' status=success
2026-09-24 18:00:08.115  INFO   decision    mode=traveling behavior=traveling action=traveling target=- reason='enter farm area' status=success
2026-09-24 18:00:09.199  INFO   session     Entity shadow: vision=5 {'item': 1, 'player': 3, 'npc': 1} memory=6 {'monster': 2, 'player': 2, 'item': 1, 'npc': 1} paired=3 median=0.010 unleveled=10:警衛
2026-09-24 18:00:09.240  INFO   decision    mode=traveling behavior=loot action=searching target=391 reason='walk onto item' status=success
2026-09-24 18:00:11.493  INFO   decision    mode=traveling behavior=traveling action=traveling target=- reason='enter farm area' status=success
2026-09-24 18:00:14.252  INFO   session     Entity shadow: vision=3 {'player': 2, 'npc': 1} memory=4 {'monster': 2, 'player': 2} paired=1 median=0.090
2026-09-24 18:00:16.846  INFO   decision    mode=traveling behavior=combat action=attack target=394 reason='engage target' status=success
2026-09-24 18:00:19.405  INFO   session     Entity shadow: vision=2 {'player': 1, 'npc': 1} memory=3 {'monster': 3} paired=0 median=0.000 unleveled=68:警衛
2026-09-24 18:00:20.289  INFO   decision    mode=traveling behavior=loot action=searching target=395 reason='walk onto item' status=success
2026-09-24 18:00:24.583  INFO   session     Entity shadow: vision=2 {'player': 1, 'item': 1} memory=4 {'monster': 3, 'item': 1} paired=1 median=0.003 unleveled=68:警衛
2026-09-24 18:00:25.424  INFO   decision    mode=traveling behavior=loot action=pickup target=395 reason='loot target' status=success
2026-09-24 18:00:25.765  INFO   decision    mode=traveling behavior=loot action=idle target=- reason='pickup settle' status=success
2026-09-24 18:00:26.258  INFO   decision    mode=traveling behavior=combat action=attack target=393 reason='engage target' status=success
2026-09-24 18:00:26.745  INFO   decision    mode=traveling behavior=combat action=attack target=396 reason='attack target' status=success
2026-09-24 18:00:29.598  INFO   session     Entity shadow: vision=3 {'monster': 1, 'npc': 1, 'player': 1} memory=3 {'monster': 3} paired=1 median=0.022 unleveled=68:警衛
2026-09-24 18:00:34.641  INFO   session     Entity shadow: vision=3 {'npc': 1, 'monster': 1, 'player': 1} memory=3 {'monster': 3} paired=1 median=0.022 unleveled=68:警衛
2026-09-24 18:00:36.891  INFO   decision    mode=traveling behavior=combat action=attack target=396 reason='attack target' status=success (repeat)
2026-09-24 18:00:39.782  INFO   session     Entity shadow: vision=1 {'player': 1} memory=3 {'monster': 3} paired=0 median=0.000 unleveled=68:警衛
2026-09-24 18:00:44.098  INFO   decision    mode=traveling behavior=loot action=pickup target=399 reason='engage item' status=success
2026-09-24 18:00:44.448  INFO   decision    mode=traveling behavior=loot action=idle target=- reason='pickup settle' status=success
2026-09-24 18:00:44.898  INFO   session     Entity shadow: vision=4 {'npc': 1, 'monster': 1, 'item': 2} memory=5 {'monster': 3, 'item': 2} paired=2 median=0.007 unleveled=68:警衛
2026-09-24 18:00:44.925  INFO   decision    mode=traveling behavior=loot action=pickup target=398 reason='engage item' status=success
2026-09-24 18:00:45.273  INFO   decision    mode=traveling behavior=loot action=idle target=- reason='pickup settle' status=success
2026-09-24 18:00:45.730  INFO   decision    mode=traveling behavior=combat action=attack target=397 reason='engage target' status=success
2026-09-24 18:00:49.994  INFO   session     Entity shadow: vision=2 {'item': 1, 'player': 1} memory=2 {'monster': 1, 'item': 1} paired=1 median=0.010
2026-09-24 18:00:55.030  INFO   session     Entity shadow: vision=2 {'item': 1, 'player': 1} memory=2 {'monster': 1, 'item': 1} paired=1 median=0.009
2026-09-24 18:00:55.753  INFO   decision    mode=traveling behavior=combat action=attack target=397 reason='attack target' status=success (repeat)
2026-09-24 18:00:56.416  INFO   decision    mode=traveling behavior=loot action=searching target=398 reason='walk onto item' status=success
2026-09-24 18:00:59.023  INFO   decision    mode=traveling behavior=loot action=pickup target=398 reason='loot target' status=success
2026-09-24 18:00:59.339  INFO   decision    mode=traveling behavior=loot action=idle target=- reason='pickup settle' status=success
2026-09-24 18:00:59.854  INFO   decision    mode=traveling behavior=combat action=attack target=401 reason='engage target' status=success
2026-09-24 18:01:00.329  INFO   session     Entity shadow: vision=0 {} memory=2 {'monster': 2} paired=0 median=0.000
2026-09-24 18:01:03.942  INFO   decision    mode=traveling behavior=loot action=searching target=403 reason='walk onto item' status=success
2026-09-24 18:01:05.535  INFO   session     Entity shadow: vision=3 {'player': 1, 'item': 2} memory=2 {'monster': 1, 'item': 1} paired=1 median=0.012 unleveled=68:警衛
2026-09-24 18:01:10.771  INFO   session     Entity shadow: vision=0 {} memory=3 {'monster': 2, 'item': 1} paired=0 median=0.000 unleveled=68:警衛
2026-09-24 18:01:14.161  INFO   decision    mode=traveling behavior=loot action=pickup target=403 reason='loot target' status=success
2026-09-24 18:01:14.480  INFO   decision    mode=traveling behavior=loot action=idle target=- reason='pickup settle' status=success
2026-09-24 18:01:14.986  INFO   decision    mode=traveling behavior=traveling action=traveling target=- reason='enter farm area' status=success
2026-09-24 18:01:15.715  INFO   decision    mode=traveling behavior=loot action=pickup target=403 reason='engage item' status=success
2026-09-24 18:01:16.013  INFO   session     Entity shadow: vision=1 {'item': 1} memory=4 {'monster': 3, 'item': 1} paired=1 median=0.006 unleveled=68:警衛
2026-09-24 18:01:16.034  INFO   decision    mode=traveling behavior=loot action=idle target=- reason='pickup settle' status=success
2026-09-24 18:01:16.500  INFO   decision    mode=traveling behavior=traveling action=traveling target=- reason='enter farm area' status=success
2026-09-24 18:01:17.230  INFO   decision    mode=traveling behavior=loot action=searching target=403 reason='walk onto item' status=success
2026-09-24 18:01:17.482  INFO   decision    mode=traveling behavior=combat action=attack target=404 reason='engage target' status=success
2026-09-24 18:01:18.197  INFO   decision    mode=traveling behavior=survival_potion action=use_hp_potion target=- reason='critical hp, cannot heal' status=success
2026-09-24 18:01:20.256  INFO   decision    mode=traveling behavior=combat action=attack target=404 reason='attack target' status=success
2026-09-24 18:01:21.174  INFO   session     Entity shadow: vision=2 {'monster': 1, 'item': 1} memory=3 {'monster': 2, 'item': 1} paired=2 median=0.060
2026-09-24 18:01:24.718  INFO   decision    mode=traveling behavior=loot action=pickup target=406 reason='engage item' status=success
2026-09-24 18:01:25.085  INFO   decision    mode=traveling behavior=loot action=idle target=- reason='pickup settle' status=success
2026-09-24 18:01:25.530  INFO   decision    mode=traveling behavior=loot action=searching target=403 reason='walk onto item' status=success
2026-09-24 18:01:26.298  INFO   session     Entity shadow: vision=3 {'item': 2, 'player': 1} memory=2 {'item': 2} paired=2 median=0.036
2026-09-24 18:01:28.282  INFO   decision    mode=traveling behavior=loot action=pickup target=403 reason='loot target' status=success
2026-09-24 18:01:28.596  INFO   decision    mode=traveling behavior=loot action=idle target=- reason='pickup settle' status=success
2026-09-24 18:01:28.986  INFO   decision    mode=traveling behavior=traveling action=traveling target=- reason='enter farm area' status=success
2026-09-24 18:01:29.676  INFO   decision    mode=traveling behavior=loot action=pickup target=403 reason='engage item' status=success
2026-09-24 18:01:30.012  INFO   decision    mode=traveling behavior=loot action=idle target=- reason='pickup settle' status=success
2026-09-24 18:01:30.493  INFO   decision    mode=traveling behavior=traveling action=traveling target=- reason='enter farm area' status=success
2026-09-24 18:01:31.121  INFO   decision    mode=traveling behavior=loot action=pickup target=403 reason='engage item' status=success
2026-09-24 18:01:31.431  INFO   session     Entity shadow: vision=0 {} memory=1 {'monster': 1} paired=0 median=0.000
2026-09-24 18:01:31.450  INFO   decision    mode=traveling behavior=loot action=idle target=- reason='pickup settle' status=success
2026-09-24 18:01:31.906  INFO   decision    mode=traveling behavior=traveling action=traveling target=- reason='enter farm area' status=success
2026-09-24 18:01:32.195  INFO   decision    mode=traveling behavior=combat action=attack target=408 reason='engage target' status=success
2026-09-24 18:01:36.432  INFO   session     Entity shadow: vision=4 {'monster': 3, 'player': 1} memory=4 {'monster': 4} paired=2 median=0.029
2026-09-24 18:01:39.175  INFO   decision    mode=traveling behavior=loot action=pickup target=411 reason='engage item' status=success
2026-09-24 18:01:39.488  INFO   decision    mode=traveling behavior=loot action=idle target=- reason='pickup settle' status=success
2026-09-24 18:01:39.912  INFO   decision    mode=traveling behavior=combat action=attack target=409 reason='engage target' status=success
2026-09-24 18:01:41.560  INFO   session     Entity shadow: vision=2 {'npc': 1, 'monster': 1} memory=4 {'monster': 4} paired=1 median=0.115
2026-09-24 18:01:42.665  INFO   decision    mode=traveling behavior=combat action=attack target=410 reason='engage target' status=success
2026-09-24 18:01:46.571  INFO   session     Entity shadow: vision=3 {'monster': 2, 'player': 1} memory=3 {'monster': 3} paired=2 median=0.041
2026-09-24 18:01:49.240  INFO   decision    mode=traveling behavior=combat action=attack target=412 reason='engage target' status=success
2026-09-24 18:01:51.770  INFO   session     Entity shadow: vision=2 {'player': 1, 'monster': 1} memory=3 {'monster': 3} paired=1 median=0.044
2026-09-24 18:01:52.425  INFO   decision    mode=traveling behavior=traveling action=traveling target=- reason='enter farm area' status=success
2026-09-24 18:01:54.475  INFO   decision    mode=traveling behavior=combat action=attack target=414 reason='engage target' status=success
2026-09-24 18:01:56.800  INFO   session     Entity shadow: vision=2 {'monster': 1, 'player': 1} memory=3 {'monster': 3} paired=1 median=0.046
2026-09-24 18:02:01.827  INFO   session     Entity shadow: vision=2 {'player': 1, 'monster': 1} memory=2 {'monster': 2} paired=1 median=0.039
2026-09-24 18:02:02.076  INFO   decision    mode=traveling behavior=traveling action=traveling target=- reason='enter farm area' status=success
2026-09-24 18:02:06.287  INFO   decision    mode=traveling behavior=combat action=attack target=416 reason='engage target' status=success
2026-09-24 18:02:06.934  INFO   session     Entity shadow: vision=2 {'player': 1, 'monster': 1} memory=2 {'monster': 2} paired=1 median=0.028
2026-09-24 18:02:12.011  INFO   session     Entity shadow: vision=3 {'monster': 1, 'player': 1, 'item': 1} memory=3 {'monster': 3} paired=1 median=0.034
2026-09-24 18:02:12.693  INFO   decision    mode=traveling behavior=loot action=searching target=418 reason='walk onto item' status=success
2026-09-24 18:02:14.916  INFO   decision    mode=traveling behavior=loot action=pickup target=418 reason='loot target' status=success
2026-09-24 18:02:15.259  INFO   decision    mode=traveling behavior=loot action=idle target=- reason='pickup settle' status=success
2026-09-24 18:02:15.776  INFO   decision    mode=traveling behavior=combat action=attack target=417 reason='engage target' status=success
2026-09-24 18:02:17.138  INFO   session     Entity shadow: vision=1 {'monster': 1} memory=3 {'monster': 2, 'player': 1} paired=1 median=0.020
2026-09-24 18:02:22.212  INFO   session     Entity shadow: vision=1 {'player': 1} memory=3 {'monster': 2, 'player': 1} paired=1 median=0.014
2026-09-24 18:02:26.778  INFO   decision    mode=traveling behavior=combat action=attack target=417 reason='attack target' status=success (repeat)
2026-09-24 18:02:26.990  INFO   decision    mode=traveling behavior=loot action=searching target=420 reason='walk onto item' status=success
2026-09-24 18:02:27.218  INFO   session     Entity shadow: vision=2 {'item': 1, 'player': 1} memory=3 {'item': 1, 'player': 1, 'monster': 1} paired=2 median=0.019
2026-09-24 18:02:28.093  INFO   decision    mode=traveling behavior=traveling action=traveling target=- reason='enter farm area' status=success
2026-09-24 18:02:32.445  INFO   session     Entity shadow: vision=1 {'player': 1} memory=1 {'player': 1} paired=0 median=0.000
2026-09-24 18:02:36.062  INFO   decision    mode=traveling behavior=traveling action=traveling target=- reason='enter farm area' status=success (repeat)
2026-09-24 18:02:37.461  INFO   session     Entity shadow: vision=4 {'player': 1, 'monster': 3} memory=3 {'monster': 3} paired=3 median=0.006
2026-09-24 18:02:41.089  INFO   decision    mode=traveling behavior=combat action=attack target=421 reason='engage target' status=success
2026-09-24 18:02:42.566  INFO   session     Entity shadow: vision=4 {'monster': 3, 'player': 1} memory=4 {'monster': 4} paired=3 median=0.023
2026-09-24 18:02:47.696  INFO   session     Entity shadow: vision=4 {'monster': 3, 'player': 1} memory=4 {'monster': 4} paired=3 median=0.016
2026-09-24 18:02:49.258  INFO   decision    mode=retreating behavior=? action=idle target=- reason='waiting for respawn' status=success
2026-09-24 18:02:51.400  INFO   decision    mode=retreating behavior=respawn action=respawn target=- reason='death confirmed, restart' status=success
2026-09-24 18:02:51.673  INFO   decision    mode=retreating behavior=? action=idle target=- reason='waiting for respawn' status=success
2026-09-24 18:02:52.883  INFO   session     Entity shadow: vision=15 {'player': 11, 'npc': 4} memory=15 {'player': 9, 'npc': 4, 'monster': 2} paired=11 median=0.024 unleveled=10:警衛
2026-09-24 18:02:53.398  INFO   decision    mode=retreating behavior=survival_potion action=use_hp_potion target=- reason='critical hp, cannot heal' status=success
2026-09-24 18:02:55.549  INFO   decision    mode=retreating behavior=retreating action=idle target=- reason='retreating, waiting for hp' status=success
2026-09-24 18:02:57.985  INFO   session     Entity shadow: vision=13 {'npc': 2, 'player': 11} memory=14 {'player': 9, 'npc': 4, 'monster': 1} paired=11 median=0.024
2026-09-24 18:03:03.096  INFO   session     Entity shadow: vision=12 {'npc': 3, 'player': 9} memory=13 {'player': 8, 'npc': 4, 'monster': 1} paired=10 median=0.023
2026-09-24 18:03:04.147  INFO   decision    mode=retreating behavior=retreating action=idle target=- reason='retreating, waiting for hp' status=success (repeat)
2026-09-24 18:03:08.197  INFO   session     Entity shadow: vision=12 {'npc': 3, 'player': 9} memory=13 {'player': 8, 'npc': 4, 'monster': 1} paired=10 median=0.023
2026-09-24 18:03:12.883  INFO   decision    mode=retreating behavior=retreating action=idle target=- reason='retreating, waiting for hp' status=success (repeat)
2026-09-24 18:03:13.269  INFO   session     Entity shadow: vision=12 {'npc': 3, 'player': 8, 'monster': 1} memory=12 {'player': 7, 'npc': 4, 'monster': 1} paired=9 median=0.024
2026-09-24 18:03:18.397  INFO   session     Entity shadow: vision=12 {'player': 8, 'npc': 3, 'monster': 1} memory=12 {'player': 7, 'npc': 4, 'monster': 1} paired=9 median=0.024
2026-09-24 18:03:21.383  INFO   decision    mode=retreating behavior=retreating action=idle target=- reason='retreating, waiting for hp' status=success (repeat)
2026-09-24 18:03:23.510  INFO   session     Entity shadow: vision=13 {'npc': 3, 'player': 9, 'monster': 1} memory=12 {'player': 7, 'npc': 4, 'monster': 1} paired=9 median=0.023
2026-09-24 18:03:28.674  INFO   session     Entity shadow: vision=12 {'npc': 3, 'player': 8, 'monster': 1} memory=13 {'monster': 2, 'player': 7, 'npc': 4} paired=9 median=0.023 unleveled=206:兔子
2026-09-24 18:03:30.060  INFO   decision    mode=retreating behavior=retreating action=idle target=- reason='retreating, waiting for hp' status=success (repeat)
2026-09-24 18:03:33.837  INFO   session     Entity shadow: vision=13 {'npc': 2, 'player': 10, 'monster': 1} memory=14 {'npc': 5, 'monster': 2, 'player': 7} paired=9 median=0.023 unleveled=206:兔子
2026-09-24 18:03:38.968  INFO   session     Entity shadow: vision=14 {'player': 9, 'npc': 3, 'monster': 2} memory=15 {'npc': 6, 'monster': 2, 'player': 7} paired=9 median=0.024 unleveled=206:兔子
2026-09-24 18:03:39.209  INFO   decision    mode=retreating behavior=retreating action=idle target=- reason='retreating, waiting for hp' status=success (repeat)
2026-09-24 18:03:43.970  INFO   session     Entity shadow: vision=12 {'npc': 3, 'player': 8, 'monster': 1} memory=14 {'npc': 6, 'player': 7, 'monster': 1} paired=9 median=0.023
2026-09-24 18:03:48.158  INFO   decision    mode=retreating behavior=retreating action=idle target=- reason='retreating, waiting for hp' status=success (repeat)
2026-09-24 18:03:49.191  INFO   session     Entity shadow: vision=16 {'player': 11, 'npc': 4, 'monster': 1} memory=16 {'monster': 2, 'player': 8, 'npc': 6} paired=11 median=0.024 unleveled=206:兔子
2026-09-24 18:03:54.244  INFO   session     Entity shadow: vision=15 {'monster': 2, 'player': 11, 'npc': 2} memory=16 {'monster': 2, 'player': 8, 'npc': 6} paired=10 median=0.024 unleveled=206:兔子
2026-09-24 18:03:57.225  INFO   decision    mode=retreating behavior=retreating action=idle target=- reason='retreating, waiting for hp' status=success (repeat)
2026-09-24 18:03:59.316  INFO   session     Entity shadow: vision=13 {'player': 9, 'npc': 3, 'monster': 1} memory=14 {'npc': 6, 'player': 7, 'monster': 1} paired=9 median=0.024
2026-09-24 18:04:00.245  INFO   session     Stop → Stopped
2026-09-24 18:04:00.551  INFO   session     Bot worker exited
