2026-09-21 21:26:27.280  INFO   session     Loading Manmabot from D:\Work\ManmabotV1_final\engine
2026-09-21 21:26:27.284  INFO   session     Session log D:\Work\ManmabotV1_final\engine\logs\bot-20260921-212627.log
2026-09-21 21:26:27.284  INFO   session     character=elf loot=all_items game_lang=ko map=talking_island farms=['area_1', 'area_2', 'area_3', 'area_4'] file=D:\Work\ManmabotV1_final\engine\logs\bot-20260921-212627.log
2026-09-21 21:26:27.357  INFO   nav         building portal graph (cluster=32, 479x511)
2026-09-21 21:26:27.641  INFO   nav         portal graph: 188 components, 284 ms
2026-09-21 21:26:27.649  INFO   nav         farms=4 safe=11 home=(354, 203) (files farm=D:\Work\ManmabotV1_final\engine\maps\talking_island\farms.yaml safe=D:\Work\ManmabotV1_final\engine\maps\talking_island\safe.yaml home=D:\Work\ManmabotV1_final\engine\maps\talking_island\home.yaml)
2026-09-21 21:26:27.687  INFO   capture     mss window capture process='LC.exe' title=None content_aspect=4:3
2026-09-21 21:26:28.084  INFO   session     Entity clicks use memory names, species, and world cells. Image recognition still runs. Set memory.entity_source to vision to restore image-only clicks.
2026-09-21 21:26:28.093  INFO   session     Player memory is read in this process (realtime_monitor.dll, offsets.json). No separate console.
2026-09-21 21:26:29.036  INFO   session     Auto-pause (not_focused)
2026-09-21 21:26:33.845  INFO   session     Auto-resume → Running
2026-09-21 21:26:49.513  INFO   session     Auto-pause (not_focused)
2026-09-21 21:26:51.464  INFO   session     Auto-resume → Running
2026-09-21 21:26:53.231  INFO   session     Inventory listen ready (dll) · hp=26 arrows=477 silver=0 depoison=0
2026-09-21 21:26:53.237  INFO   session     Scanning hotbar (skill boxes 1–3)…
2026-09-21 21:26:58.232  INFO   session     Hotbar scan done · hp_potion@box1/f5, talking_scroll@box1/f8
2026-09-21 21:26:58.237  INFO   session     Loop ready · elf · ko · map=talking_island · loot=all_items · farms=['area_1', 'area_2', 'area_3', 'area_4']
2026-09-21 21:26:58.542  INFO   session     Entity shadow: vision=1 {'player': 1} memory=0 {} paired=0 median=0.000
2026-09-21 21:27:07.121  INFO   session     Auto-pause (not_focused)
2026-09-21 21:27:10.487  INFO   session     Auto-resume → Running
2026-09-21 21:27:21.389  INFO   session     Auto-pause (not_focused)
2026-09-21 21:27:24.510  INFO   session     Auto-resume → Running
2026-09-21 21:27:24.718  INFO   session     Entity shadow: vision=2 {'player': 2} memory=0 {} paired=0 median=0.000
2026-09-21 21:27:42.171  INFO   session     Auto-pause (not_focused)
2026-09-21 21:27:55.696  INFO   session     Auto-resume → Running
2026-09-21 21:27:55.922  INFO   session     Entity shadow: vision=2 {'player': 1, 'monster': 1} memory=1 {'monster': 1} paired=1 median=0.015
2026-09-21 21:27:58.224  INFO   session     Auto-pause (not_focused)
2026-09-21 21:28:05.270  INFO   session     Auto-resume → Running
2026-09-21 21:28:10.008  INFO   session     Auto-pause (not_focused)
2026-09-21 21:28:11.702  INFO   session     Auto-resume → Running
2026-09-21 21:28:21.309  INFO   decision    mode=traveling behavior=combat action=attack target=1 reason='engage target' status=success
2026-09-21 21:28:21.884  INFO   session     Entity shadow: vision=3 {'player': 2, 'npc': 1} memory=2 {'player': 1, 'monster': 1} paired=1 median=0.038 unleveled=10:警衛
2026-09-21 21:28:26.302  INFO   session     Auto-pause (not_focused)
2026-09-21 21:28:28.525  INFO   session     Auto-resume → Running
2026-09-21 21:28:47.018  INFO   decision    mode=traveling behavior=traveling action=traveling target=- reason='enter farm area' status=success
2026-09-21 21:28:47.465  INFO   session     Entity shadow: vision=3 {'player': 2, 'npc': 1} memory=2 {'player': 1, 'monster': 1} paired=1 median=0.050 unleveled=10:警衛
2026-09-21 21:28:59.622  INFO   session     Paused — hotkey
2026-09-21 21:29:04.254  INFO   session     Stop → Stopped
2026-09-21 21:29:10.170  INFO   session     Bot worker exited
