2026-09-27 18:51:43.430  INFO   session     Loading Manmabot from D:\ManmabotV1_final\engine
2026-09-27 18:51:43.436  INFO   session     Session log D:\ManmabotV1_final\engine\logs\bot-20260927-185143.log
2026-09-27 18:51:43.436  INFO   session     character=elf loot=all_items game_lang=ko map=talking_island farms=['area_1', 'area_2', 'area_3', 'area_4'] file=D:\ManmabotV1_final\engine\logs\bot-20260927-185143.log
2026-09-27 18:51:43.783  INFO   nav         building portal graph (cluster=32, 479x511)
2026-09-27 18:51:44.219  INFO   nav         portal graph: 188 components, 435 ms
2026-09-27 18:51:44.226  INFO   nav         farms=4 safe=11 home=(354, 203) (files farm=D:\ManmabotV1_final\engine\maps\talking_island\farms.yaml safe=D:\ManmabotV1_final\engine\maps\talking_island\safe.yaml home=D:\ManmabotV1_final\engine\maps\talking_island\home.yaml)
2026-09-27 18:51:44.473  INFO   capture     mss window capture process='LC.exe' title=None content_aspect=4:3
2026-09-27 18:51:44.962  INFO   session     Entity clicks use memory names, species, and world cells. Image recognition still runs. Set memory.entity_source to vision to restore image-only clicks.
2026-09-27 18:51:44.978  INFO   session     Player memory is read in this process (realtime_monitor.dll, offsets.json). No separate console.
2026-09-27 18:51:44.992  INFO   session     Inventory listen scanning in background (inventory_listen.dll or place inv.json).
2026-09-27 18:51:45.001  INFO   session     Reading hotbar from memory (24 slots)…
2026-09-27 18:51:45.062  INFO   session     Hotbar scan done · Power-up@box1/f5, Armor-up@box1/f6, Light@box1/f7, Heal@box1/f8, HP potion@box1/f9, Teleport@box1/f10, Mage attack@box1/f11, Talking scroll@box1/f5, Mother tree@box2/f6, HP to MP@box2/f7
2026-09-27 18:51:45.084  INFO   session     Loop ready · Elf · Korean · map=Talking Island · loot=Pick up everything · farms=Area 1, Area 2, Area 3, Area 4
2026-09-27 18:51:45.644  INFO   session     Entity shadow: vision=1 {'item': 1} memory=2 {'monster': 1, 'item': 1} paired=1 median=0.034 unleveled=68:警衛
2026-09-27 18:51:45.665  INFO   session     Inventory listen ready (dll) · hp=0 arrows=725 silver=0 depoison=0
2026-09-27 18:51:45.685  INFO   decision    mode=farming behavior=buff action=buff target=- reason='armor_up' status=success
2026-09-27 18:51:46.413  INFO   decision    mode=farming behavior=loot action=searching target=2 reason='walk onto item' status=success
2026-09-27 18:51:50.951  INFO   session     Entity shadow: vision=5 {'player': 3, 'monster': 1, 'item': 1} memory=4 {'player': 1, 'monster': 2, 'item': 1} paired=3 median=0.007 unleveled=68:警衛
2026-09-27 18:51:55.228  INFO   decision    mode=farming behavior=loot action=pickup target=2 reason='loot target' status=success
2026-09-27 18:51:55.887  INFO   decision    mode=farming behavior=buff action=buff target=- reason='light' status=success
2026-09-27 18:51:56.571  INFO   session     Entity shadow: vision=4 {'monster': 2, 'player': 2} memory=6 {'monster': 4, 'player': 1, 'item': 1} paired=3 median=0.011 unleveled=68:警衛
2026-09-27 18:51:56.626  INFO   decision    mode=farming behavior=combat action=attack target=3 reason='engage target' status=success
2026-09-27 18:52:01.513  INFO   session     Entity shadow: vision=6 {'item': 1, 'npc': 1, 'player': 3, 'monster': 1} memory=5 {'player': 1, 'monster': 3, 'item': 1} paired=3 median=0.031 unleveled=68:警衛
2026-09-27 18:52:05.710  INFO   decision    mode=retreating behavior=retreating action=teleport target=- reason='retreat teleport' status=success
2026-09-27 18:52:07.014  INFO   session     Entity shadow: vision=2 {'npc': 1, 'monster': 1} memory=3 {'monster': 3} paired=1 median=0.046 unleveled=68:警衛
2026-09-27 18:52:07.056  INFO   decision    mode=retreating behavior=heal action=heal target=- reason='heal after teleport' status=success
2026-09-27 18:52:08.012  INFO   decision    mode=retreating behavior=? action=idle target=- reason='waiting for respawn' status=success
2026-09-27 18:52:10.075  INFO   decision    mode=retreating behavior=respawn action=respawn target=- reason='death confirmed, restart' status=success
2026-09-27 18:52:10.579  INFO   decision    mode=retreating behavior=? action=idle target=- reason='waiting for respawn' status=success
2026-09-27 18:52:12.455  INFO   session     Entity shadow: vision=29 {'monster': 3, 'npc': 3, 'player': 21, 'item': 2} memory=58 {'player': 47, 'npc': 8, 'item': 2, 'monster': 1} paired=25 median=0.026
2026-09-27 18:52:12.514  INFO   decision    mode=retreating behavior=talking_scroll action=use_talking_scroll target=- reason='retreat, 마법서 상인' status=success
2026-09-27 18:52:13.597  INFO   decision    mode=retreating behavior=heal action=heal target=- reason='heal after teleport' status=success
2026-09-27 18:52:17.821  INFO   session     Entity shadow: vision=4 {'npc': 2, 'player': 2} memory=6 {'player': 1, 'monster': 2, 'npc': 3} paired=1 median=0.010 unleveled=68:警衛,10:警衛
2026-09-27 18:52:22.949  INFO   session     Entity shadow: vision=3 {'npc': 2, 'player': 1} memory=6 {'player': 1, 'monster': 2, 'npc': 3} paired=0 median=0.000 unleveled=68:警衛,10:警衛
2026-09-27 18:52:27.970  INFO   session     Entity shadow: vision=3 {'npc': 2, 'player': 1} memory=6 {'player': 1, 'monster': 2, 'npc': 3} paired=0 median=0.000 unleveled=68:警衛,10:警衛
2026-09-27 18:52:33.970  INFO   session     Entity shadow: vision=4 {'npc': 2, 'player': 2} memory=6 {'player': 1, 'monster': 2, 'npc': 3} paired=1 median=0.018 unleveled=68:警衛,10:警衛
2026-09-27 18:52:39.178  INFO   session     Entity shadow: vision=3 {'npc': 2, 'player': 1} memory=6 {'player': 1, 'monster': 2, 'npc': 3} paired=0 median=0.000 unleveled=68:警衛,10:警衛
2026-09-27 18:52:44.512  INFO   session     Entity shadow: vision=4 {'npc': 2, 'player': 1, 'monster': 1} memory=6 {'monster': 3, 'npc': 3} paired=1 median=0.034 unleveled=68:警衛,10:警衛
2026-09-27 18:52:49.820  INFO   session     Entity shadow: vision=4 {'player': 1, 'npc': 2, 'monster': 1} memory=6 {'monster': 3, 'npc': 3} paired=1 median=0.009 unleveled=68:警衛,10:警衛
2026-09-27 18:52:55.632  INFO   session     Entity shadow: vision=4 {'monster': 1, 'npc': 2, 'player': 1} memory=6 {'monster': 3, 'npc': 3} paired=1 median=0.012 unleveled=10:警衛
2026-09-27 18:53:01.102  INFO   session     Entity shadow: vision=5 {'npc': 2, 'player': 2, 'monster': 1} memory=7 {'player': 1, 'monster': 3, 'npc': 3} paired=2 median=0.021 unleveled=10:警衛
2026-09-27 18:53:05.397  INFO   decision    mode=retreating behavior=heal action=heal target=- reason='recover hp' status=success (repeat)
2026-09-27 18:53:06.257  INFO   session     Entity shadow: vision=5 {'npc': 2, 'player': 2, 'monster': 1} memory=7 {'monster': 3, 'player': 1, 'npc': 3} paired=2 median=0.020 unleveled=68:警衛,10:警衛
2026-09-27 18:53:07.351  INFO   decision    mode=farming behavior=talking_scroll action=use_talking_scroll target=- reason='respawn, 마법서 상인' status=success
2026-09-27 18:53:08.517  INFO   decision    mode=traveling behavior=traveling action=traveling target=- reason='enter farm area' status=success
2026-09-27 18:53:11.376  INFO   session     Entity shadow: vision=4 {'player': 2, 'npc': 2} memory=6 {'player': 1, 'monster': 2, 'npc': 3} paired=1 median=0.012 unleveled=68:警衛,10:警衛
2026-09-27 18:53:16.579  INFO   session     Entity shadow: vision=4 {'player': 1, 'npc': 3} memory=6 {'monster': 3, 'player': 1, 'npc': 2} paired=0 median=0.000 unleveled=68:警衛,10:警衛
2026-09-27 18:53:21.637  INFO   session     Entity shadow: vision=2 {'player': 1, 'monster': 1} memory=1 {'monster': 1} paired=1 median=0.011
2026-09-27 18:53:25.876  INFO   decision    mode=traveling behavior=traveling action=traveling target=- reason='enter farm area' status=success (repeat)
2026-09-27 18:53:26.878  INFO   session     Entity shadow: vision=1 {'player': 1} memory=0 {} paired=0 median=0.000
2026-09-27 18:53:29.815  INFO   decision    mode=traveling behavior=combat action=attack target=100 reason='engage target' status=success
2026-09-27 18:53:32.237  INFO   session     Entity shadow: vision=1 {'player': 1} memory=1 {'monster': 1} paired=0 median=0.000
2026-09-27 18:53:37.540  INFO   session     Entity shadow: vision=1 {'player': 1} memory=1 {'monster': 1} paired=0 median=0.000
2026-09-27 18:53:38.426  INFO   decision    mode=traveling behavior=loot action=searching target=101 reason='walk onto item' status=success
2026-09-27 18:53:42.546  INFO   session     Entity shadow: vision=1 {'player': 1} memory=3 {'monster': 2, 'item': 1} paired=0 median=0.000 unleveled=68:警衛
2026-09-27 18:53:44.405  INFO   decision    mode=traveling behavior=loot action=pickup target=101 reason='loot target' status=success
2026-09-27 18:53:44.909  INFO   decision    mode=traveling behavior=loot action=idle target=- reason='pickup settle' status=success
2026-09-27 18:53:45.154  INFO   decision    mode=retreating behavior=retreating action=teleport target=- reason='retreat teleport' status=success
2026-09-27 18:53:46.204  INFO   decision    mode=retreating behavior=heal action=heal target=- reason='recover hp' status=success
2026-09-27 18:53:48.045  INFO   session     Entity shadow: vision=4 {'monster': 3, 'npc': 1} memory=5 {'monster': 5} paired=3 median=0.015 unleveled=68:警衛
2026-09-27 18:53:49.219  INFO   decision    mode=retreating behavior=talking_scroll action=use_talking_scroll target=- reason='retreat, 허수아비 수련장' status=success
2026-09-27 18:53:50.317  INFO   decision    mode=retreating behavior=heal action=heal target=- reason='recover hp' status=success
2026-09-27 18:53:53.489  INFO   session     Entity shadow: vision=8 {'monster': 2, 'player': 5, 'npc': 1} memory=12 {'monster': 5, 'player': 7} paired=7 median=0.017 unleveled=10:警衛,20:?
2026-09-27 18:53:58.655  INFO   session     Entity shadow: vision=8 {'monster': 2, 'player': 5, 'npc': 1} memory=12 {'monster': 5, 'player': 7} paired=7 median=0.017 unleveled=10:警衛,20:?
2026-09-27 18:54:03.847  INFO   session     Entity shadow: vision=8 {'npc': 1, 'monster': 2, 'player': 5} memory=12 {'monster': 5, 'player': 7} paired=7 median=0.017 unleveled=10:警衛,20:?
2026-09-27 18:54:09.962  INFO   session     Entity shadow: vision=8 {'monster': 2, 'player': 5, 'npc': 1} memory=12 {'monster': 5, 'player': 7} paired=7 median=0.016 unleveled=10:警衛,20:?
2026-09-27 18:54:15.892  INFO   session     Entity shadow: vision=8 {'monster': 2, 'player': 5, 'npc': 1} memory=12 {'monster': 5, 'player': 7} paired=7 median=0.017 unleveled=10:警衛,20:?
2026-09-27 18:54:21.139  INFO   session     Entity shadow: vision=8 {'monster': 2, 'player': 5, 'npc': 1} memory=12 {'monster': 5, 'player': 7} paired=7 median=0.017 unleveled=10:警衛,20:?
2026-09-27 18:54:27.096  INFO   session     Entity shadow: vision=8 {'monster': 2, 'player': 5, 'npc': 1} memory=12 {'monster': 5, 'player': 7} paired=7 median=0.017 unleveled=10:警衛,20:?
2026-09-27 18:54:33.212  INFO   session     Entity shadow: vision=8 {'monster': 2, 'player': 5, 'npc': 1} memory=12 {'monster': 5, 'player': 7} paired=7 median=0.017 unleveled=10:警衛,20:?
2026-09-27 18:54:38.582  INFO   session     Entity shadow: vision=8 {'monster': 2, 'player': 5, 'npc': 1} memory=12 {'monster': 5, 'player': 7} paired=7 median=0.016 unleveled=10:警衛,20:?
2026-09-27 18:54:41.703  INFO   decision    mode=retreating behavior=heal action=heal target=- reason='recover hp' status=success (repeat)
2026-09-27 18:54:43.904  INFO   session     Entity shadow: vision=8 {'monster': 2, 'player': 5, 'npc': 1} memory=12 {'monster': 5, 'player': 7} paired=7 median=0.016 unleveled=10:警衛,20:?
2026-09-27 18:54:49.052  INFO   session     Entity shadow: vision=8 {'monster': 2, 'npc': 1, 'player': 5} memory=13 {'player': 8, 'monster': 5} paired=7 median=0.018 unleveled=10:警衛,20:?
2026-09-27 18:54:53.318  INFO   decision    mode=traveling behavior=traveling action=traveling target=- reason='return to farm after retreat' status=success
2026-09-27 18:54:54.147  INFO   session     Entity shadow: vision=7 {'player': 6, 'npc': 1} memory=13 {'player': 8, 'monster': 5} paired=6 median=0.024 unleveled=10:警衛,20:?,19:?
2026-09-27 18:54:59.364  INFO   session     Entity shadow: vision=10 {'player': 9, 'npc': 1} memory=11 {'player': 10, 'monster': 1} paired=8 median=0.027 unleveled=10:警衛
2026-09-27 18:54:59.696  INFO   session     Paused — hotkey
2026-09-27 19:15:26.086  INFO   session     Pause / Resume → Running
2026-09-27 19:15:27.581  INFO   session     Entity shadow: vision=28 {'player': 19, 'npc': 3, 'item': 2, 'monster': 4} memory=55 {'player': 45, 'monster': 2, 'npc': 6, 'item': 2} paired=22 median=0.029 unleveled=207:兔子,14:青蛙
2026-09-27 19:15:27.802  INFO   decision    mode=traveling behavior=heal action=heal target=- reason='recover hp' status=success
2026-09-27 19:15:27.924  INFO   session     Paused — hotkey
2026-09-27 19:15:41.595  INFO   session     Pause / Resume → Running
2026-09-27 19:15:42.654  INFO   session     Entity shadow: vision=28 {'player': 18, 'npc': 3, 'item': 2, 'monster': 5} memory=55 {'monster': 2, 'player': 45, 'npc': 6, 'item': 2} paired=22 median=0.025 unleveled=14:青蛙,207:兔子
2026-09-27 19:15:42.773  INFO   decision    mode=traveling behavior=buff action=buff target=- reason='armor_up' status=success
2026-09-27 19:15:45.492  INFO   decision    mode=traveling behavior=loot action=searching target=131 reason='walk onto item' status=success
2026-09-27 19:15:48.491  INFO   session     Entity shadow: vision=31 {'player': 21, 'npc': 4, 'item': 2, 'monster': 4} memory=60 {'player': 49, 'monster': 2, 'npc': 7, 'item': 2} paired=26 median=0.072 unleveled=207:兔子
2026-09-27 19:15:52.906  INFO   decision    mode=traveling behavior=loot action=pickup target=131 reason='loot target' status=success
2026-09-27 19:15:53.990  INFO   session     Entity shadow: vision=17 {'player': 14, 'npc': 1, 'monster': 1, 'item': 1} memory=27 {'player': 19, 'monster': 2, 'npc': 4, 'item': 2} paired=14 median=0.046 unleveled=207:兔子
2026-09-27 19:15:54.047  INFO   decision    mode=traveling behavior=loot action=pickup target=129 reason='engage item' status=success
2026-09-27 19:15:55.432  INFO   decision    mode=traveling behavior=traveling action=traveling target=- reason='return to farm after retreat' status=success
2026-09-27 19:15:59.904  INFO   session     Entity shadow: vision=10 {'item': 1, 'player': 7, 'monster': 2} memory=13 {'player': 6, 'monster': 2, 'npc': 3, 'item': 2} paired=5 median=0.040 unleveled=207:兔子,14:青蛙
2026-09-27 19:16:00.498  INFO   decision    mode=traveling behavior=loot action=searching target=131 reason='walk onto item' status=success
2026-09-27 19:16:05.545  INFO   session     Entity shadow: vision=15 {'player': 12, 'npc': 2, 'item': 1} memory=29 {'npc': 5, 'monster': 2, 'player': 20, 'item': 2} paired=12 median=0.061 unleveled=207:兔子,14:青蛙
2026-09-27 19:16:05.603  INFO   decision    mode=traveling behavior=loot action=pickup target=131 reason='loot target' status=success
2026-09-27 19:16:06.279  INFO   session     Paused — hotkey
2026-09-27 19:16:07.758  INFO   session     Pause / Resume → Running
2026-09-27 19:16:09.100  INFO   decision    mode=traveling behavior=loot action=pickup target=129 reason='engage item' status=success
2026-09-27 19:16:10.200  INFO   decision    mode=traveling behavior=traveling action=traveling target=- reason='return to farm after retreat' status=success
2026-09-27 19:16:10.700  INFO   session     Entity shadow: vision=20 {'player': 17, 'npc': 1, 'monster': 2} memory=32 {'player': 24, 'monster': 2, 'npc': 5, 'item': 1} paired=17 median=0.031 unleveled=207:兔子,14:青蛙
2026-09-27 19:16:15.720  INFO   session     Entity shadow: vision=18 {'player': 15, 'npc': 2, 'monster': 1} memory=31 {'monster': 2, 'player': 24, 'npc': 5} paired=15 median=0.032 unleveled=207:兔子,14:青蛙
2026-09-27 19:16:21.017  INFO   session     Entity shadow: vision=8 {'player': 6, 'npc': 1, 'monster': 1} memory=13 {'monster': 2, 'npc': 4, 'player': 7} paired=6 median=0.049 unleveled=14:青蛙,207:兔子
2026-09-27 19:16:21.421  INFO   session     Paused — hotkey
2026-09-27 19:16:29.171  INFO   session     Pause / Resume → Running
2026-09-27 19:16:29.898  INFO   session     Entity shadow: vision=3 {'player': 1, 'npc': 2} memory=5 {'monster': 2, 'npc': 3} paired=0 median=0.000 unleveled=68:警衛,10:警衛
2026-09-27 19:16:35.084  INFO   session     Entity shadow: vision=2 {'player': 1, 'npc': 1} memory=2 {'monster': 1, 'npc': 1} paired=0 median=0.000 unleveled=10:警衛
2026-09-27 19:16:37.421  INFO   decision    mode=traveling behavior=combat action=attack target=251 reason='engage target' status=success
2026-09-27 19:16:40.231  INFO   session     Entity shadow: vision=2 {'player': 1, 'monster': 1} memory=1 {'monster': 1} paired=1 median=0.027
2026-09-27 19:16:45.427  INFO   session     Entity shadow: vision=2 {'player': 1, 'monster': 1} memory=1 {'monster': 1} paired=1 median=0.011
2026-09-27 19:16:50.520  INFO   session     Entity shadow: vision=2 {'player': 1, 'monster': 1} memory=2 {'monster': 2} paired=1 median=0.024
2026-09-27 19:16:51.073  INFO   decision    mode=traveling behavior=traveling action=traveling target=- reason='return to farm after retreat' status=success
2026-09-27 19:16:55.062  INFO   decision    mode=traveling behavior=combat action=attack target=253 reason='engage target' status=success
2026-09-27 19:16:55.813  INFO   session     Entity shadow: vision=1 {'player': 1} memory=2 {'monster': 2} paired=0 median=0.000
2026-09-27 19:17:01.135  INFO   session     Entity shadow: vision=3 {'monster': 3} memory=1 {'monster': 1} paired=1 median=0.008
2026-09-27 19:17:06.145  INFO   session     Entity shadow: vision=0 {} memory=2 {'monster': 2} paired=0 median=0.000
2026-09-27 19:17:10.470  INFO   decision    mode=traveling behavior=loot action=pickup target=255 reason='engage item' status=success
2026-09-27 19:17:11.117  INFO   decision    mode=traveling behavior=loot action=idle target=- reason='pickup settle' status=success
2026-09-27 19:17:11.593  INFO   session     Entity shadow: vision=4 {'item': 1, 'monster': 3} memory=3 {'monster': 2, 'item': 1} paired=3 median=0.016
2026-09-27 19:17:11.679  INFO   decision    mode=traveling behavior=traveling action=traveling target=- reason='return to farm after retreat' status=success
2026-09-27 19:17:14.417  INFO   decision    mode=traveling behavior=loot action=pickup target=255 reason='engage item' status=success
2026-09-27 19:17:14.954  INFO   decision    mode=traveling behavior=loot action=idle target=- reason='pickup settle' status=success
2026-09-27 19:17:15.516  INFO   decision    mode=traveling behavior=traveling action=traveling target=- reason='return to farm after retreat' status=success
2026-09-27 19:17:16.539  INFO   decision    mode=traveling behavior=traveling action=idle target=- reason='no behavior produced an intent' status=success
2026-09-27 19:17:16.815  INFO   session     Entity shadow: vision=1 {'monster': 1} memory=1 {'monster': 1} paired=1 median=0.096
2026-09-27 19:17:16.881  INFO   decision    mode=traveling behavior=traveling action=traveling target=- reason='return to farm after retreat' status=success
2026-09-27 19:17:22.055  INFO   session     Entity shadow: vision=1 {'player': 1} memory=2 {'monster': 2} paired=0 median=0.000
2026-09-27 19:17:24.352  INFO   decision    mode=farming behavior=enter_farm action=idle target=- reason='enter farm, path blocked' status=success
2026-09-27 19:17:24.668  INFO   decision    mode=traveling behavior=traveling action=traveling target=- reason='enter farm area' status=success
2026-09-27 19:17:27.204  INFO   session     Entity shadow: vision=2 {'player': 1, 'monster': 1} memory=1 {'monster': 1} paired=1 median=0.015
2026-09-27 19:17:30.396  INFO   session     Paused — hotkey
2026-09-27 19:17:33.546  INFO   session     Pause / Resume → Running
2026-09-27 19:17:34.051  INFO   session     Entity shadow: vision=0 {} memory=1 {'player': 1} paired=0 median=0.000
2026-09-27 19:17:38.312  INFO   session     Stop → Stopped
2026-09-27 19:17:38.910  INFO   session     Bot worker exited
