2026-09-24 22:21:46.806  INFO   session     Loading Manmabot from D:\Work\Lineage\ManmabotV1_final\engine
2026-09-24 22:21:46.812  INFO   session     Session log D:\Work\Lineage\ManmabotV1_final\engine\logs\bot-20260924-222146.log
2026-09-24 22:21:46.812  INFO   session     character=elf loot=all_items game_lang=ko map=talking_island farms=['area_2', 'area_1', 'area_3'] file=D:\Work\Lineage\ManmabotV1_final\engine\logs\bot-20260924-222146.log
2026-09-24 22:21:46.871  INFO   nav         building portal graph (cluster=32, 479x511)
2026-09-24 22:21:47.129  INFO   nav         portal graph: 188 components, 258 ms
2026-09-24 22:21:47.139  INFO   nav         farms=3 safe=11 home=(354, 203) (files farm=D:\Work\Lineage\ManmabotV1_final\engine\maps\talking_island\farms.yaml safe=D:\Work\Lineage\ManmabotV1_final\engine\maps\talking_island\safe.yaml home=D:\Work\Lineage\ManmabotV1_final\engine\maps\talking_island\home.yaml)
2026-09-24 22:21:47.199  INFO   capture     mss window capture process='LC.exe' title=None content_aspect=4:3
2026-09-24 22:21:47.524  INFO   session     Entity clicks use memory names, species, and world cells. Image recognition still runs. Set memory.entity_source to vision to restore image-only clicks.
2026-09-24 22:21:47.531  INFO   session     Player memory is read in this process (realtime_monitor.dll, offsets.json). No separate console.
2026-09-24 22:21:47.536  INFO   session     인벤토리를 백그라운드에서 스캔 중 (inventory_listen.dll 또는 inv.json을 두세요).
2026-09-24 22:21:47.542  INFO   session     메모리에서 핫바 24칸을 읽는 중…
2026-09-24 22:21:47.709  INFO   session     핫바 스캔 완료 · 파워 업@box2/f8, 아머 업@box2/f5, 라이트@box1/f10, 힐@box1/f9, HP 물약@box1/f5, 텔레포트@box1/f11, 마법 공격@box1/f12, 말하는 두루마리@box1/f8
2026-09-24 22:21:47.725  INFO   session     매핑되지 않은 핫바 아이콘: box1/f6:화살, box1/f7:아데나
2026-09-24 22:21:47.729  INFO   session     루프 준비 · 요정 · 한국어 · 맵=말하는 섬 · 룻=전부 줍기 · 구역=구역 2, 구역 1, 구역 3
2026-09-24 22:21:48.470  INFO   session     Entity shadow: vision=22 {'player': 22} memory=46 {'monster': 2, 'player': 36, 'npc': 8} paired=21 median=0.067 unleveled=14:青蛙,319:?
2026-09-24 22:21:48.496  INFO   session     인벤토리 수신 준비 (dll) · hp=10 화살=582 은화살=5 해독=0
2026-09-24 22:21:48.520  INFO   decision    mode=farming behavior=buff action=buff target=- reason='armor_up' status=success
2026-09-24 22:21:49.461  INFO   decision    mode=farming behavior=talking_scroll action=use_talking_scroll target=- reason='go to shop (sell_garbage_ch)' status=success
2026-09-24 22:21:53.107  INFO   decision    mode=farming behavior=shop action=shop_stop target=- reason='stop at shop' status=success
2026-09-24 22:21:53.751  INFO   session     Entity shadow: vision=23 {'player': 18, 'npc': 5} memory=48 {'player': 45, 'npc': 2, 'monster': 1} paired=19 median=0.026 unleveled=10:警衛
2026-09-24 22:21:53.921  INFO   decision    mode=farming behavior=shop action=shop_buy_arrows target=- reason='shop:sell_garbage_ch' status=success
2026-09-24 22:21:58.552  INFO   decision    mode=farming behavior=talking_scroll action=use_talking_scroll target=- reason='go to shop (sell_garbage_weapon_ch)' status=success
2026-09-24 22:22:01.222  INFO   nav         async nav configure start map=mainland
2026-09-24 22:22:01.872  INFO   session     Entity shadow: vision=21 {'player': 20, 'npc': 1} memory=38 {'player': 34, 'npc': 4} paired=19 median=0.029
2026-09-24 22:22:02.026  INFO   decision    mode=farming behavior=buff action=buff target=- reason='light' status=success
2026-09-24 22:22:02.137  INFO   nav         building portal graph (cluster=32, 1755x1414)
2026-09-24 22:22:06.433  INFO   nav         portal graph: 2586 components, 4296 ms
2026-09-24 22:22:06.439  INFO   nav         farms=6 safe=0 home=None (files farm=D:\Work\Lineage\ManmabotV1_final\engine\maps\mainland\farms.yaml safe=D:\Work\Lineage\ManmabotV1_final\engine\maps\mainland\safe.yaml home=D:\Work\Lineage\ManmabotV1_final\engine\maps\mainland\home.yaml)
2026-09-24 22:22:06.439  INFO   nav         async nav configure done map=mainland (5216 ms)
2026-09-24 22:22:06.685  INFO   decision    mode=farming behavior=shop action=shop_stop target=- reason='stop at shop' status=success
2026-09-24 22:22:07.268  INFO   session     Entity shadow: vision=22 {'player': 20, 'npc': 1, 'item': 1} memory=37 {'player': 33, 'npc': 4} paired=18 median=0.029
2026-09-24 22:22:07.356  INFO   decision    mode=farming behavior=shop action=shop_buy_arrows target=- reason='shop:sell_garbage_weapon_ch' status=success
2026-09-24 22:22:18.174  INFO   session     Entity shadow: vision=19 {'player': 18, 'npc': 1} memory=41 {'player': 37, 'npc': 4} paired=18 median=0.029
2026-09-24 22:22:18.357  INFO   decision    mode=farming behavior=talking_scroll action=use_talking_scroll target=- reason='go to shop (sell_garbage_mainland_ch)' status=success
2026-09-24 22:22:21.849  INFO   decision    mode=farming behavior=shop action=shop_stop target=- reason='stop at shop' status=success
2026-09-24 22:22:22.514  INFO   decision    mode=farming behavior=shop action=shop_buy_arrows target=- reason='shop:sell_garbage_mainland_ch' status=success
2026-09-24 22:22:35.271  INFO   session     Entity shadow: vision=34 {'player': 32, 'npc': 1, 'monster': 1} memory=70 {'player': 63, 'npc': 7} paired=32 median=0.032
2026-09-24 22:22:35.456  INFO   decision    mode=farming behavior=talking_scroll action=use_talking_scroll target=- reason='go to shop (sell_garbage_armor_mainland_ch)' status=success
2026-09-24 22:22:38.667  INFO   decision    mode=farming behavior=shop action=shop_stop target=- reason='stop at shop' status=success
2026-09-24 22:22:39.347  INFO   decision    mode=farming behavior=shop action=shop_buy_arrows target=- reason='shop:sell_garbage_armor_mainland_ch' status=success
2026-09-24 22:22:52.218  INFO   session     Entity shadow: vision=14 {'player': 13, 'monster': 1} memory=30 {'npc': 6, 'player': 24} paired=13 median=0.026
2026-09-24 22:22:52.340  INFO   decision    mode=farming behavior=talking_scroll action=use_talking_scroll target=- reason='return to farm map after shop' status=success
2026-09-24 22:22:55.031  INFO   nav         async nav configure start map=talking_island
2026-09-24 22:22:55.108  INFO   nav         building portal graph (cluster=32, 479x511)
2026-09-24 22:22:55.390  INFO   nav         portal graph: 188 components, 281 ms
2026-09-24 22:22:55.397  INFO   nav         farms=4 safe=11 home=(354, 203) (files farm=D:\Work\Lineage\ManmabotV1_final\engine\maps\talking_island\farms.yaml safe=D:\Work\Lineage\ManmabotV1_final\engine\maps\talking_island\safe.yaml home=D:\Work\Lineage\ManmabotV1_final\engine\maps\talking_island\home.yaml)
2026-09-24 22:22:55.397  INFO   nav         async nav configure done map=talking_island (366 ms)
2026-09-24 22:22:56.154  INFO   decision    mode=traveling behavior=traveling action=traveling target=- reason='return to farm after retreat' status=success
2026-09-24 22:22:57.308  INFO   session     Entity shadow: vision=40 {'player': 37, 'npc': 3} memory=55 {'monster': 3, 'player': 44, 'npc': 8} paired=39 median=0.034 unleveled=14:青蛙,319:?,68:警衛
2026-09-24 22:22:58.326  INFO   decision    mode=traveling behavior=combat action=attack target=331 reason='engage target' status=success
2026-09-24 22:23:01.382  INFO   decision    mode=traveling behavior=traveling action=traveling target=- reason='return to farm after retreat' status=success
2026-09-24 22:23:02.163  INFO   decision    mode=traveling behavior=combat action=attack target=347 reason='engage target' status=success
2026-09-24 22:23:03.066  INFO   session     Entity shadow: vision=27 {'npc': 2, 'player': 25} memory=69 {'monster': 4, 'player': 63, 'npc': 2} paired=26 median=0.066 unleveled=14:青蛙,319:?
2026-09-24 22:23:08.340  INFO   session     Entity shadow: vision=30 {'monster': 2, 'player': 27, 'npc': 1} memory=69 {'monster': 3, 'player': 63, 'npc': 3} paired=27 median=0.034 unleveled=14:青蛙,319:?
2026-09-24 22:23:08.416  INFO   decision    mode=traveling behavior=traveling action=traveling target=- reason='return to farm after retreat' status=success
2026-09-24 22:23:13.373  INFO   session     Entity shadow: vision=26 {'player': 25, 'npc': 1} memory=70 {'monster': 3, 'player': 64, 'npc': 3} paired=25 median=0.040 unleveled=14:青蛙,319:?
2026-09-24 22:23:13.717  INFO   decision    mode=traveling behavior=traveling action=idle target=- reason='no behavior produced an intent' status=success
2026-09-24 22:23:14.051  INFO   decision    mode=traveling behavior=traveling action=traveling target=- reason='return to farm after retreat' status=success
2026-09-24 22:23:18.439  INFO   session     Entity shadow: vision=19 {'player': 16, 'npc': 2, 'monster': 1} memory=62 {'monster': 2, 'player': 58, 'npc': 2} paired=15 median=0.062 unleveled=14:青蛙,319:?
2026-09-24 22:23:23.591  INFO   session     Entity shadow: vision=15 {'player': 12, 'npc': 2, 'monster': 1} memory=38 {'player': 35, 'monster': 1, 'npc': 2} paired=13 median=0.013 unleveled=14:青蛙
2026-09-24 22:23:26.154  INFO   decision    mode=traveling behavior=traveling action=idle target=- reason='no behavior produced an intent' status=success
2026-09-24 22:23:26.339  INFO   decision    mode=traveling behavior=traveling action=traveling target=- reason='unstick nearby' status=success
2026-09-24 22:23:28.598  INFO   session     Entity shadow: vision=21 {'player': 16, 'npc': 3, 'monster': 2} memory=42 {'player': 38, 'monster': 1, 'npc': 3} paired=20 median=0.030
2026-09-24 22:23:28.630  INFO   decision    mode=traveling behavior=combat action=attack target=273 reason='engage target' status=success
2026-09-24 22:23:29.325  INFO   decision    mode=traveling behavior=traveling action=traveling target=- reason='unstick nearby' status=success
2026-09-24 22:23:29.666  INFO   decision    mode=traveling behavior=traveling action=idle target=- reason='no behavior produced an intent' status=success
2026-09-24 22:23:29.876  INFO   decision    mode=traveling behavior=traveling action=traveling target=- reason='unstick nearby' status=success
2026-09-24 22:23:31.409  INFO   decision    mode=traveling behavior=traveling action=idle target=- reason='no behavior produced an intent' status=success
2026-09-24 22:23:31.629  INFO   decision    mode=traveling behavior=traveling action=traveling target=- reason='unstick nearby' status=success
2026-09-24 22:23:33.778  INFO   session     Entity shadow: vision=22 {'monster': 3, 'player': 16, 'npc': 3} memory=50 {'player': 46, 'npc': 3, 'monster': 1} paired=16 median=0.041 unleveled=68:警衛
2026-09-24 22:23:35.840  INFO   session     일시정지 — 단축키
2026-09-24 22:23:37.567  INFO   session     정지 → 중지됨
2026-09-24 22:23:37.858  INFO   session     봇 작업이 종료되었습니다
