2026-09-20 22:43:51.847  INFO   session     Auto-pause (cursor_outside)
2026-09-20 22:43:51.956  INFO   session     Loading Manmabot from D:\ManmabotV1\engine
2026-09-20 22:43:52.001  INFO   session     Session log D:\ManmabotV1\engine\logs\bot-20260920-224351.log
2026-09-20 22:43:52.001  INFO   session     character=royal loot=all_items game_lang=ko map=talking_island farms=['area_1', 'area_2', 'area_3', 'area_4'] file=D:\ManmabotV1\engine\logs\bot-20260920-224351.log
2026-09-20 22:43:52.065  INFO   nav         building portal graph (cluster=32, 479x511)
2026-09-20 22:43:52.328  INFO   nav         portal graph: 188 components, 263 ms
2026-09-20 22:43:52.334  INFO   nav         farms=4 safe=11 home=(354, 203) (files farm=D:\ManmabotV1\engine\maps\talking_island\farms.yaml safe=D:\ManmabotV1\engine\maps\talking_island\safe.yaml home=D:\ManmabotV1\engine\maps\talking_island\home.yaml)
2026-09-20 22:43:52.335  INFO   capture     mss window capture process='LC.exe' title=None content_aspect=4:3
2026-09-20 22:43:52.366  INFO   session     Auto-resume → Running
2026-09-20 22:43:52.725  INFO   session     Memory monitor connected
2026-09-20 22:43:52.728  INFO   session     Scanning hotbar (skill boxes 1–3)…
2026-09-20 22:43:52.743  INFO   session     Auto-pause (cursor_outside)
2026-09-20 22:43:53.012  INFO   session     Auto-resume → Running
2026-09-20 22:43:53.277  INFO   session     Auto-pause (cursor_outside)
2026-09-20 22:43:56.295  INFO   session     Auto-resume → Running
2026-09-20 22:43:56.958  INFO   session     Hotbar scan done · talking_scroll@box1/f5
2026-09-20 22:43:56.961  INFO   session     Potion restock armed · no hp_potion on hotbar
2026-09-20 22:43:56.965  INFO   session     Loop ready · royal · ko · map=talking_island · loot=all_items · farms=['area_1', 'area_2', 'area_3', 'area_4']
2026-09-20 22:43:57.306  INFO   decision    mode=farming behavior=talking_scroll action=use_talking_scroll target=- reason='go to shop (buy_hp_potions)' status=success
2026-09-20 22:43:58.232  INFO   nav         async nav configure start map=mainland
2026-09-20 22:43:58.410  INFO   decision    mode=farming behavior=shop action=shop_stop target=- reason='stop at shop' status=success
2026-09-20 22:43:58.951  INFO   nav         building portal graph (cluster=32, 1755x1414)
2026-09-20 22:44:02.539  INFO   nav         portal graph: 2586 components, 3588 ms
2026-09-20 22:44:02.544  INFO   nav         farms=6 safe=0 home=None (files farm=D:\ManmabotV1\engine\maps\mainland\farms.yaml safe=D:\ManmabotV1\engine\maps\mainland\safe.yaml home=D:\ManmabotV1\engine\maps\mainland\home.yaml)
2026-09-20 22:44:02.544  INFO   nav         async nav configure done map=mainland (4311 ms)
2026-09-20 22:44:02.663  INFO   decision    mode=traveling behavior=traveling action=traveling target=- reason='unstick' status=success
2026-09-20 22:44:11.261  INFO   decision    mode=traveling behavior=traveling action=traveling target=- reason='walk to shop (buy_hp_potions)' status=success (repeat)
2026-09-20 22:44:19.964  INFO   decision    mode=traveling behavior=traveling action=traveling target=- reason='walk to shop (buy_hp_potions)' status=success (repeat)
2026-09-20 22:44:27.441  INFO   session     Auto-pause (cursor_outside)
2026-09-20 22:44:27.722  INFO   session     Auto-resume → Running
2026-09-20 22:44:28.554  INFO   session     Auto-pause (cursor_outside)
2026-09-20 22:45:15.180  INFO   session     Stop → Stopped
2026-09-20 22:45:21.797  INFO   session     Bot worker exited
