2026-09-23 21:41:09.906  INFO   session     Loading Manmabot from D:\Work\Lineage\ManmabotV1_final\engine
2026-09-23 21:41:09.948  INFO   session     Session log D:\Work\Lineage\ManmabotV1_final\engine\logs\bot-20260923-214109.log
2026-09-23 21:41:09.948  INFO   session     character=elf loot=all_items game_lang=ko map=talking_island farms=['area_1', 'area_3'] file=D:\Work\Lineage\ManmabotV1_final\engine\logs\bot-20260923-214109.log
2026-09-23 21:41:10.004  INFO   nav         building portal graph (cluster=32, 479x511)
2026-09-23 21:41:10.273  INFO   nav         portal graph: 188 components, 269 ms
2026-09-23 21:41:10.279  INFO   nav         farms=2 safe=11 home=(354, 203) (files farm=D:\Work\Lineage\ManmabotV1_final\engine\maps\talking_island\farms.yaml safe=D:\Work\Lineage\ManmabotV1_final\engine\maps\talking_island\safe.yaml home=D:\Work\Lineage\ManmabotV1_final\engine\maps\talking_island\home.yaml)
2026-09-23 21:41:10.297  INFO   capture     mss window capture process='LC.exe' title=None content_aspect=4:3
2026-09-23 21:41:10.699  INFO   session     Entity clicks use memory names, species, and world cells. Image recognition still runs. Set memory.entity_source to vision to restore image-only clicks.
2026-09-23 21:41:10.710  INFO   session     Player memory is read in this process (realtime_monitor.dll, offsets.json). No separate console.
2026-09-23 21:41:10.718  INFO   session     Inventory listen scanning in background (build inventory_listen.dll or place inv.json).
2026-09-23 21:41:10.724  INFO   session     Scanning hotbar (skill boxes 1–3)…
2026-09-23 21:41:12.211  INFO   session     Auto-pause (not_focused)
2026-09-23 21:41:15.068  INFO   session     Hotbar scan done · hp_potion@box1/f5, talking_scroll@box1/f8
2026-09-23 21:41:15.072  INFO   session     Loop ready · elf · ko · map=talking_island · loot=all_items · farms=['area_1', 'area_3']
2026-09-23 21:41:24.685  INFO   session     Auto-resume → Running
2026-09-23 21:41:25.521  INFO   session     Entity shadow: vision=31 {'player': 26, 'monster': 3, 'item': 1, 'npc': 1} memory=68 {'player': 63, 'npc': 4, 'monster': 1} paired=26 median=0.059 unleveled=319:?
2026-09-23 21:41:25.569  INFO   session     Inventory listen ready (dll) · hp=9 arrows=2672 silver=5 depoison=0
2026-09-23 21:41:25.720  INFO   decision    mode=farming behavior=talking_scroll action=use_talking_scroll target=- reason='go to shop (buy_hp_potions_mainland)' status=success
2026-09-23 21:41:28.693  INFO   nav         async nav configure start map=mainland
2026-09-23 21:41:29.894  INFO   decision    mode=farming behavior=shop action=idle target=- reason='waiting for shop map (buy_hp_potions_mainland)' status=success
2026-09-23 21:41:29.904  INFO   nav         building portal graph (cluster=32, 1755x1414)
2026-09-23 21:41:34.387  INFO   nav         portal graph: 2586 components, 4482 ms
2026-09-23 21:41:34.391  INFO   nav         farms=6 safe=0 home=None (files farm=D:\Work\Lineage\ManmabotV1_final\engine\maps\mainland\farms.yaml safe=D:\Work\Lineage\ManmabotV1_final\engine\maps\mainland\safe.yaml home=D:\Work\Lineage\ManmabotV1_final\engine\maps\mainland\home.yaml)
2026-09-23 21:41:34.391  INFO   nav         async nav configure done map=mainland (5698 ms)
2026-09-23 21:41:34.706  INFO   session     Entity shadow: vision=36 {'player': 32, 'monster': 2, 'npc': 2} memory=97 {'player': 88, 'npc': 8, 'monster': 1} paired=33 median=0.048 unleveled=319:?
2026-09-23 21:41:34.801  INFO   decision    mode=traveling behavior=traveling action=traveling target=- reason='unstick' status=success
2026-09-23 21:41:39.768  INFO   session     Entity shadow: vision=34 {'player': 30, 'monster': 2, 'npc': 2} memory=97 {'player': 88, 'monster': 1, 'npc': 8} paired=32 median=0.037
2026-09-23 21:41:45.238  INFO   session     Entity shadow: vision=43 {'player': 39, 'monster': 3, 'npc': 1} memory=95 {'player': 87, 'npc': 8} paired=40 median=0.032
2026-09-23 21:41:50.535  INFO   session     Entity shadow: vision=39 {'player': 36, 'monster': 2, 'npc': 1} memory=95 {'player': 86, 'npc': 9} paired=37 median=0.038
2026-09-23 21:41:55.687  INFO   session     Entity shadow: vision=35 {'player': 32, 'monster': 2, 'npc': 1} memory=94 {'monster': 1, 'player': 84, 'npc': 9} paired=33 median=0.030
2026-09-23 21:41:58.225  INFO   decision    mode=traveling behavior=traveling action=traveling target=- reason='walk to shop (buy_hp_potions_mainland)' status=success (repeat)
2026-09-23 21:42:00.823  INFO   session     Entity shadow: vision=36 {'npc': 3, 'player': 32, 'monster': 1} memory=92 {'player': 82, 'monster': 1, 'npc': 9} paired=34 median=0.048 unleveled=319:?
2026-09-23 21:42:06.268  INFO   session     Entity shadow: vision=42 {'player': 36, 'npc': 5, 'monster': 1} memory=94 {'player': 83, 'npc': 9, 'monster': 2} paired=39 median=0.041 unleveled=319:?
2026-09-23 21:42:11.520  INFO   session     Entity shadow: vision=41 {'player': 35, 'npc': 4, 'monster': 2} memory=94 {'player': 84, 'npc': 9, 'monster': 1} paired=38 median=0.050 unleveled=319:?
2026-09-23 21:42:11.539  INFO   session     Paused — hotkey
2026-09-23 21:54:16.622  INFO   session     Stop → Stopped
2026-09-23 21:54:16.896  INFO   session     Bot worker exited
