2026-09-28 07:07:23.115  INFO   session     Loading Manmabot from D:\ManmabotV1_final\engine
2026-09-28 07:07:23.121  INFO   session     Session log D:\ManmabotV1_final\engine\logs\bot-20260928-070723.log
2026-09-28 07:07:23.121  INFO   session     character=elf loot=all_items game_lang=ko map=talking_island farms=['area_1', 'area_3'] file=D:\ManmabotV1_final\engine\logs\bot-20260928-070723.log
2026-09-28 07:07:23.587  INFO   nav         building portal graph (cluster=32, 479x511)
2026-09-28 07:07:23.910  INFO   nav         portal graph: 188 components, 322 ms
2026-09-28 07:07:23.916  INFO   nav         farms=2 safe=11 home=(354, 203) (files farm=D:\ManmabotV1_final\engine\maps\talking_island\farms.yaml safe=D:\ManmabotV1_final\engine\maps\talking_island\safe.yaml home=D:\ManmabotV1_final\engine\maps\talking_island\home.yaml)
2026-09-28 07:07:24.231  INFO   capture     mss window capture process='LC.exe' title=None content_aspect=4:3
2026-09-28 07:07:25.201  INFO   session     Entity clicks use memory names, species, and world cells. Image recognition still runs. Set memory.entity_source to vision to restore image-only clicks.
2026-09-28 07:07:25.218  INFO   session     Player memory is read in this process (realtime_monitor.dll, offsets.json). No separate console.
2026-09-28 07:07:25.230  INFO   session     인벤토리를 백그라운드에서 스캔 중 (inventory_listen.dll 또는 inv.json을 두세요).
2026-09-28 07:07:25.258  INFO   session     메모리에서 핫바 24칸을 읽는 중…
2026-09-28 07:07:25.366  INFO   session     핫바 스캔 완료 · 파워 업@box2/f8, 아머 업@box2/f5, 힐@box1/f10, HP 물약@box1/f8, 텔레포트@box1/f11, 마법 공격@box1/f12, 말하는 두루마리@box1/f5
2026-09-28 07:07:25.391  INFO   session     매핑되지 않은 핫바 아이콘: box1/f6:작은 활 (무장), box1/f7:나무 화살, box1/f9:아데나
2026-09-28 07:07:25.407  INFO   session     루프 준비 · 요정 · 한국어 · 맵=말하는 섬 · 룻=전부 줍기 · 구역=구역 1, 구역 3
2026-09-28 07:07:26.545  INFO   session     Entity shadow: vision=9 {'player': 6, 'monster': 2, 'npc': 1} memory=11 {'monster': 5, 'player': 6} paired=8 median=0.017 unleveled=10:警衛,20:?
2026-09-28 07:07:26.593  INFO   session     인벤토리 수신 준비 (dll) · hp=0 화살=999 은화살=0 해독=0
2026-09-28 07:07:26.699  INFO   decision    mode=farming behavior=talking_scroll action=use_talking_scroll target=- reason='go to shop (buy_hp_potions_ch_mainland)' status=success
2026-09-28 07:07:30.327  INFO   nav         async nav configure start map=mainland
2026-09-28 07:07:32.305  INFO   nav         building portal graph (cluster=32, 1755x1414)
2026-09-28 07:07:36.583  INFO   nav         portal graph: 2586 components, 4277 ms
2026-09-28 07:07:36.592  INFO   nav         farms=6 safe=0 home=None (files farm=D:\ManmabotV1_final\engine\maps\mainland\farms.yaml safe=D:\ManmabotV1_final\engine\maps\mainland\safe.yaml home=D:\ManmabotV1_final\engine\maps\mainland\home.yaml)
2026-09-28 07:07:36.592  INFO   nav         async nav configure done map=mainland (6265 ms)
2026-09-28 07:07:36.639  INFO   session     Entity shadow: vision=39 {'npc': 3, 'player': 34, 'monster': 2} memory=66 {'player': 59, 'npc': 6, 'monster': 1} paired=36 median=0.055 unleveled=319:?
2026-09-28 07:07:36.809  INFO   decision    mode=farming behavior=shop action=shop_stop target=- reason='stop at shop' status=success
2026-09-28 07:07:37.719  INFO   session     Entity shadow: vision=34 {'player': 29, 'monster': 2, 'npc': 3} memory=66 {'player': 59, 'npc': 6, 'monster': 1} paired=31 median=0.061 unleveled=319:?
2026-09-28 07:07:37.846  INFO   decision    mode=farming behavior=shop action=shop_buy_arrows target=- reason='shop:buy_hp_potions_ch_mainland' status=success
2026-09-28 07:07:44.779  INFO   session     Entity shadow: vision=36 {'player': 34, 'monster': 1, 'npc': 1} memory=67 {'player': 60, 'npc': 6, 'monster': 1} paired=34 median=0.045 unleveled=319:?
2026-09-28 07:07:45.147  INFO   decision    mode=farming behavior=talking_scroll action=use_talking_scroll target=- reason='go to shop (sell_garbage_ch)' status=success
2026-09-28 07:07:48.471  INFO   nav         async nav configure start map=talking_island
2026-09-28 07:07:48.618  INFO   nav         building portal graph (cluster=32, 479x511)
2026-09-28 07:07:49.030  INFO   nav         portal graph: 188 components, 411 ms
2026-09-28 07:07:49.041  INFO   nav         farms=4 safe=11 home=(354, 203) (files farm=D:\ManmabotV1_final\engine\maps\talking_island\farms.yaml safe=D:\ManmabotV1_final\engine\maps\talking_island\safe.yaml home=D:\ManmabotV1_final\engine\maps\talking_island\home.yaml)
2026-09-28 07:07:49.041  INFO   nav         async nav configure done map=talking_island (569 ms)
2026-09-28 07:07:49.969  INFO   session     Entity shadow: vision=18 {'player': 16, 'npc': 2} memory=70 {'monster': 1, 'player': 67, 'npc': 2} paired=17 median=0.026 unleveled=189:鹿
2026-09-28 07:07:50.087  INFO   decision    mode=farming behavior=shop action=shop_stop target=- reason='stop at shop' status=success
2026-09-28 07:07:51.157  INFO   decision    mode=farming behavior=shop action=shop_buy_arrows target=- reason='shop:sell_garbage_ch' status=success
2026-09-28 07:08:17.437  INFO   session     Entity shadow: vision=20 {'player': 18, 'npc': 1, 'monster': 1} memory=71 {'player': 68, 'monster': 1, 'npc': 2} paired=18 median=0.026 unleveled=189:鹿
2026-09-28 07:08:17.616  INFO   decision    mode=farming behavior=talking_scroll action=use_talking_scroll target=- reason='go to shop (sell_garbage_weapon_ch)' status=success
2026-09-28 07:08:20.902  INFO   nav         async nav configure start map=mainland
2026-09-28 07:08:22.299  INFO   session     Entity shadow: vision=20 {'player': 20} memory=36 {'monster': 3, 'player': 28, 'npc': 4, 'item': 1} paired=18 median=0.028 unleveled=189:鹿
2026-09-28 07:08:22.473  INFO   decision    mode=farming behavior=shop action=shop_stop target=- reason='stop at shop' status=success
2026-09-28 07:08:22.514  INFO   nav         building portal graph (cluster=32, 1755x1414)
2026-09-28 07:08:27.891  INFO   nav         portal graph: 2586 components, 5377 ms
2026-09-28 07:08:27.904  INFO   nav         farms=6 safe=0 home=None (files farm=D:\ManmabotV1_final\engine\maps\mainland\farms.yaml safe=D:\ManmabotV1_final\engine\maps\mainland\safe.yaml home=D:\ManmabotV1_final\engine\maps\mainland\home.yaml)
2026-09-28 07:08:27.904  INFO   nav         async nav configure done map=mainland (7002 ms)
2026-09-28 07:08:28.346  INFO   session     Entity shadow: vision=19 {'player': 19} memory=36 {'player': 29, 'npc': 4, 'item': 1, 'monster': 2} paired=16 median=0.030
2026-09-28 07:08:28.752  INFO   decision    mode=farming behavior=shop action=shop_buy_arrows target=- reason='shop:sell_garbage_weapon_ch' status=success
2026-09-28 07:08:33.611  INFO   session     Entity shadow: vision=18 {'player': 18} memory=35 {'player': 28, 'npc': 4, 'item': 1, 'monster': 2} paired=18 median=0.030
2026-09-28 07:08:33.706  INFO   decision    mode=farming behavior=talking_scroll action=use_talking_scroll target=- reason='go to shop (sell_garbage_mainland_ch)' status=success
2026-09-28 07:08:38.526  INFO   decision    mode=farming behavior=shop action=shop_stop target=- reason='stop at shop' status=success
2026-09-28 07:08:39.870  INFO   session     Entity shadow: vision=42 {'player': 36, 'npc': 5, 'monster': 1} memory=74 {'player': 67, 'npc': 6, 'monster': 1} paired=37 median=0.065 unleveled=319:?
2026-09-28 07:08:39.983  INFO   decision    mode=farming behavior=shop action=shop_buy_arrows target=- reason='shop:sell_garbage_mainland_ch' status=success
2026-09-28 07:08:44.784  INFO   session     Entity shadow: vision=41 {'player': 37, 'monster': 1, 'npc': 3} memory=77 {'player': 70, 'npc': 6, 'monster': 1} paired=38 median=0.059 unleveled=319:?
2026-09-28 07:08:44.886  INFO   decision    mode=farming behavior=talking_scroll action=use_talking_scroll target=- reason='go to shop (sell_garbage_armor_mainland_ch)' status=success
2026-09-28 07:08:49.031  INFO   decision    mode=farming behavior=shop action=shop_stop target=- reason='stop at shop' status=success
2026-09-28 07:08:49.954  INFO   session     Entity shadow: vision=18 {'player': 17, 'item': 1} memory=26 {'player': 20, 'npc': 6} paired=16 median=0.027
2026-09-28 07:08:50.110  INFO   decision    mode=farming behavior=shop action=shop_buy_arrows target=- reason='shop:sell_garbage_armor_mainland_ch' status=success
2026-09-28 07:08:54.976  INFO   session     Entity shadow: vision=16 {'player': 16} memory=25 {'player': 19, 'npc': 6} paired=15 median=0.028
2026-09-28 07:08:55.038  INFO   decision    mode=farming behavior=talking_scroll action=use_talking_scroll target=- reason='return to farm map after shop' status=success
2026-09-28 07:08:58.381  INFO   nav         async nav configure start map=talking_island
2026-09-28 07:08:58.590  INFO   nav         building portal graph (cluster=32, 479x511)
2026-09-28 07:08:59.005  INFO   nav         portal graph: 188 components, 415 ms
2026-09-28 07:08:59.023  INFO   nav         farms=4 safe=11 home=(354, 203) (files farm=D:\ManmabotV1_final\engine\maps\talking_island\farms.yaml safe=D:\ManmabotV1_final\engine\maps\talking_island\safe.yaml home=D:\ManmabotV1_final\engine\maps\talking_island\home.yaml)
2026-09-28 07:08:59.024  INFO   nav         async nav configure done map=talking_island (643 ms)
2026-09-28 07:09:00.429  INFO   session     Entity shadow: vision=39 {'player': 36, 'npc': 3} memory=59 {'player': 49, 'npc': 8, 'monster': 2} paired=38 median=0.031 unleveled=319:?,68:警衛
2026-09-28 07:09:00.597  INFO   decision    mode=traveling behavior=traveling action=traveling target=- reason='return to farm after retreat' status=success
2026-09-28 07:09:06.369  INFO   session     Entity shadow: vision=32 {'player': 31, 'npc': 1} memory=83 {'player': 78, 'npc': 4, 'monster': 1} paired=30 median=0.031 unleveled=319:?
2026-09-28 07:09:11.968  INFO   session     Entity shadow: vision=34 {'player': 32, 'npc': 2} memory=86 {'player': 81, 'npc': 4, 'monster': 1} paired=32 median=0.035 unleveled=319:?
2026-09-28 07:09:18.070  INFO   session     Entity shadow: vision=29 {'npc': 2, 'player': 27} memory=62 {'npc': 3, 'player': 57, 'monster': 2} paired=25 median=0.040 unleveled=319:?,68:警衛
2026-09-28 07:09:22.990  INFO   session     Entity shadow: vision=14 {'player': 10, 'monster': 1, 'npc': 3} memory=18 {'npc': 1, 'player': 16, 'monster': 1} paired=10 median=0.033 unleveled=68:警衛
2026-09-28 07:09:27.800  INFO   decision    mode=traveling behavior=combat action=attack target=412 reason='engage target' status=success
2026-09-28 07:09:28.666  INFO   session     Entity shadow: vision=3 {'monster': 2, 'npc': 1} memory=4 {'monster': 2, 'npc': 2} paired=2 median=0.034
2026-09-28 07:09:33.197  INFO   decision    mode=traveling behavior=combat action=attack target=413 reason='engage target' status=success
2026-09-28 07:09:34.150  INFO   session     Entity shadow: vision=6 {'npc': 4, 'monster': 2} memory=5 {'monster': 4, 'npc': 1} paired=2 median=0.038 unleveled=68:警衛,189:鹿,10:警衛
2026-09-28 07:09:39.434  INFO   session     Entity shadow: vision=5 {'npc': 2, 'monster': 2, 'player': 1} memory=5 {'monster': 4, 'npc': 1} paired=1 median=0.020 unleveled=68:警衛,189:鹿,10:警衛
2026-09-28 07:09:44.661  INFO   session     Entity shadow: vision=4 {'npc': 2, 'monster': 1, 'player': 1} memory=5 {'monster': 4, 'npc': 1} paired=1 median=0.037 unleveled=189:鹿,68:警衛,10:警衛
2026-09-28 07:09:48.597  INFO   decision    mode=traveling behavior=unstick action=teleport target=- reason='unstick confined' status=success
2026-09-28 07:09:50.044  INFO   session     Entity shadow: vision=2 {'player': 1, 'npc': 1} memory=4 {'monster': 3, 'item': 1} paired=0 median=0.000 unleveled=14:青蛙,189:鹿
2026-09-28 07:09:50.098  INFO   decision    mode=traveling behavior=heal action=heal target=- reason='recover hp' status=success
2026-09-28 07:09:51.783  INFO   decision    mode=traveling behavior=loot action=searching target=419 reason='walk onto item' status=success
2026-09-28 07:09:55.358  INFO   session     Entity shadow: vision=2 {'player': 1, 'item': 1} memory=4 {'monster': 3, 'item': 1} paired=1 median=0.010 unleveled=189:鹿,14:青蛙
2026-09-28 07:09:56.975  INFO   decision    mode=traveling behavior=loot action=pickup target=419 reason='loot target' status=success
2026-09-28 07:09:57.653  INFO   decision    mode=traveling behavior=loot action=idle target=- reason='pickup memory gone' status=success
2026-09-28 07:09:58.356  INFO   decision    mode=traveling behavior=traveling action=traveling target=- reason='return to farm after retreat' status=success
2026-09-28 07:10:00.395  INFO   session     Entity shadow: vision=1 {'player': 1} memory=1 {'monster': 1} paired=0 median=0.000 unleveled=14:青蛙
2026-09-28 07:10:05.574  INFO   session     Entity shadow: vision=1 {'player': 1} memory=3 {'monster': 3} paired=0 median=0.000 unleveled=14:青蛙,189:鹿
2026-09-28 07:10:09.023  INFO   decision    mode=traveling behavior=combat action=attack target=424 reason='engage target' status=success
2026-09-28 07:10:10.673  INFO   session     Entity shadow: vision=0 {} memory=4 {'monster': 4} paired=0 median=0.000 unleveled=14:青蛙,189:鹿
2026-09-28 07:10:15.802  INFO   session     Entity shadow: vision=4 {'npc': 1, 'monster': 2, 'player': 1} memory=6 {'item': 1, 'monster': 5} paired=1 median=0.023 unleveled=189:鹿,14:青蛙,10:警衛
2026-09-28 07:10:15.856  INFO   decision    mode=traveling behavior=loot action=searching target=427 reason='walk onto item' status=success
2026-09-28 07:10:20.907  INFO   session     Entity shadow: vision=3 {'monster': 2, 'item': 1} memory=5 {'monster': 4, 'item': 1} paired=2 median=0.024 unleveled=14:青蛙,189:鹿
2026-09-28 07:10:24.888  INFO   decision    mode=traveling behavior=combat action=attack target=426 reason='engage target' status=success
2026-09-28 07:10:26.046  INFO   session     Entity shadow: vision=3 {'player': 1, 'monster': 1, 'item': 1} memory=4 {'monster': 3, 'item': 1} paired=2 median=0.057 unleveled=14:青蛙,189:鹿
2026-09-28 07:10:31.656  INFO   session     Entity shadow: vision=4 {'item': 1, 'player': 1, 'monster': 1, 'npc': 1} memory=4 {'monster': 3, 'item': 1} paired=2 median=0.031 unleveled=10:警衛,189:鹿
2026-09-28 07:10:35.233  INFO   decision    mode=traveling behavior=heal action=heal target=- reason='recover hp' status=success
2026-09-28 07:10:37.266  INFO   session     Entity shadow: vision=4 {'item': 1, 'npc': 1, 'monster': 1, 'player': 1} memory=5 {'monster': 4, 'item': 1} paired=2 median=0.031 unleveled=207:兔子,189:鹿,10:警衛
2026-09-28 07:10:38.253  INFO   decision    mode=traveling behavior=? action=idle target=- reason='waiting for respawn' status=success
2026-09-28 07:10:40.284  INFO   decision    mode=traveling behavior=respawn action=respawn target=- reason='death confirmed, restart' status=success
2026-09-28 07:10:40.794  INFO   decision    mode=traveling behavior=? action=idle target=- reason='waiting for respawn' status=success
2026-09-28 07:10:42.370  INFO   session     Entity shadow: vision=11 {'player': 10, 'npc': 1} memory=20 {'monster': 1, 'player': 14, 'npc': 4, 'item': 1} paired=9 median=0.023 unleveled=206:兔子
2026-09-28 07:10:42.416  INFO   decision    mode=traveling behavior=heal action=heal target=- reason='recover hp' status=success
2026-09-28 07:10:44.439  INFO   decision    mode=traveling behavior=loot action=searching target=446 reason='walk onto item' status=success
2026-09-28 07:10:47.557  INFO   session     Entity shadow: vision=11 {'player': 9, 'npc': 1, 'monster': 1} memory=21 {'player': 16, 'npc': 4, 'item': 1} paired=10 median=0.054
2026-09-28 07:10:52.910  INFO   session     Entity shadow: vision=15 {'player': 12, 'npc': 3} memory=27 {'monster': 1, 'player': 20, 'npc': 5, 'item': 1} paired=13 median=0.043 unleveled=206:兔子
2026-09-28 07:10:53.814  INFO   decision    mode=traveling behavior=traveling action=traveling target=- reason='return to farm after retreat' status=success
2026-09-28 07:10:57.922  INFO   session     Entity shadow: vision=13 {'player': 10, 'npc': 3} memory=21 {'monster': 1, 'npc': 5, 'player': 15} paired=12 median=0.034 unleveled=206:兔子
2026-09-28 07:11:02.853  INFO   session     Entity shadow: vision=9 {'player': 7, 'npc': 1, 'monster': 1} memory=12 {'monster': 1, 'player': 8, 'npc': 3} paired=6 median=0.027 unleveled=206:兔子
2026-09-28 07:11:08.300  INFO   session     Entity shadow: vision=6 {'player': 3, 'npc': 1, 'monster': 2} memory=2 {'npc': 1, 'player': 1} paired=2 median=0.015
2026-09-28 07:11:13.488  INFO   session     Entity shadow: vision=4 {'player': 3, 'npc': 1} memory=9 {'npc': 4, 'player': 4, 'monster': 1} paired=4 median=0.037 unleveled=68:警衛
2026-09-28 07:11:18.750  INFO   session     Entity shadow: vision=5 {'player': 2, 'npc': 3} memory=7 {'monster': 2, 'npc': 3, 'player': 2} paired=3 median=0.050 unleveled=10:警衛,68:警衛
2026-09-28 07:11:20.791  INFO   decision    mode=traveling behavior=traveling action=traveling target=- reason='return to farm after retreat' status=success (repeat)
2026-09-28 07:11:24.367  INFO   session     Entity shadow: vision=3 {'player': 1, 'npc': 2} memory=5 {'npc': 4, 'monster': 1} paired=1 median=0.034 unleveled=10:警衛
2026-09-28 07:11:29.122  INFO   session     Entity shadow: vision=5 {'player': 1, 'npc': 4} memory=6 {'npc': 4, 'monster': 2} paired=2 median=0.084 unleveled=68:警衛,10:警衛
2026-09-28 07:11:34.404  INFO   session     Entity shadow: vision=5 {'player': 1, 'npc': 4} memory=6 {'monster': 2, 'npc': 4} paired=2 median=0.077 unleveled=68:警衛,10:警衛
2026-09-28 07:11:39.586  INFO   session     Entity shadow: vision=5 {'player': 1, 'npc': 4} memory=7 {'monster': 4, 'npc': 3} paired=2 median=0.027 unleveled=14:青蛙,189:鹿,68:警衛,10:警衛
2026-09-28 07:11:44.892  INFO   session     Entity shadow: vision=2 {'player': 1, 'npc': 1} memory=1 {'monster': 1} paired=0 median=0.000 unleveled=10:警衛
2026-09-28 07:11:44.919  INFO   decision    mode=traveling behavior=traveling action=traveling target=- reason='return to farm after retreat' status=success (repeat)
2026-09-28 07:11:50.060  INFO   session     Entity shadow: vision=1 {'player': 1} memory=0 {} paired=0 median=0.000
2026-09-28 07:11:55.279  INFO   session     Entity shadow: vision=1 {'player': 1} memory=0 {} paired=0 median=0.000
2026-09-28 07:11:58.644  INFO   decision    mode=traveling behavior=combat action=attack target=516 reason='engage target' status=success
2026-09-28 07:12:00.709  INFO   session     Entity shadow: vision=2 {'player': 1, 'monster': 1} memory=1 {'monster': 1} paired=1 median=0.018
2026-09-28 07:12:05.830  INFO   session     Entity shadow: vision=4 {'npc': 2, 'player': 1, 'monster': 1} memory=4 {'monster': 4} paired=1 median=0.014 unleveled=14:青蛙,68:警衛,10:警衛
2026-09-28 07:12:06.443  INFO   decision    mode=traveling behavior=traveling action=traveling target=- reason='return to farm after retreat' status=success
2026-09-28 07:12:09.725  INFO   decision    mode=traveling behavior=combat action=attack target=520 reason='engage target' status=success
2026-09-28 07:12:10.974  INFO   session     Entity shadow: vision=3 {'npc': 1, 'monster': 2} memory=3 {'monster': 3} paired=2 median=0.014 unleveled=68:警衛
2026-09-28 07:12:16.065  INFO   session     Entity shadow: vision=2 {'player': 1, 'monster': 1} memory=2 {'monster': 2} paired=1 median=0.037
2026-09-28 07:12:19.562  INFO   decision    mode=traveling behavior=loot action=pickup target=522 reason='engage item' status=success
2026-09-28 07:12:20.073  INFO   decision    mode=traveling behavior=loot action=idle target=- reason='pickup memory gone' status=success
2026-09-28 07:12:21.150  INFO   session     Entity shadow: vision=1 {'item': 1} memory=1 {'item': 1} paired=1 median=0.002
2026-09-28 07:12:21.761  INFO   decision    mode=traveling behavior=traveling action=traveling target=- reason='return to farm after retreat' status=success
2026-09-28 07:12:26.310  INFO   session     Entity shadow: vision=1 {'player': 1} memory=0 {} paired=0 median=0.000
2026-09-28 07:12:26.755  INFO   decision    mode=traveling behavior=combat action=attack target=523 reason='engage target' status=success
2026-09-28 07:12:31.672  INFO   session     Entity shadow: vision=2 {'player': 2} memory=2 {'monster': 2} paired=0 median=0.000 unleveled=206:兔子
2026-09-28 07:12:32.953  INFO   decision    mode=traveling behavior=loot action=searching target=525 reason='walk onto item' status=success
2026-09-28 07:12:36.811  INFO   session     Entity shadow: vision=3 {'player': 2, 'item': 1} memory=2 {'monster': 1, 'item': 1} paired=1 median=0.005 unleveled=206:兔子
2026-09-28 07:12:37.999  INFO   decision    mode=traveling behavior=loot action=pickup target=525 reason='loot target' status=success
2026-09-28 07:12:38.650  INFO   decision    mode=traveling behavior=loot action=idle target=- reason='pickup memory gone' status=success
2026-09-28 07:12:39.987  INFO   decision    mode=traveling behavior=traveling action=traveling target=- reason='return to farm after retreat' status=success
2026-09-28 07:12:41.990  INFO   session     Entity shadow: vision=0 {} memory=3 {'monster': 3} paired=0 median=0.000 unleveled=206:兔子,189:鹿
2026-09-28 07:12:47.319  INFO   session     Entity shadow: vision=1 {'player': 1} memory=1 {'monster': 1} paired=0 median=0.000 unleveled=206:兔子
2026-09-28 07:12:49.085  INFO   decision    mode=traveling behavior=loot action=searching target=528 reason='walk onto item' status=success
2026-09-28 07:12:52.379  INFO   session     Entity shadow: vision=2 {'player': 1, 'item': 1} memory=2 {'monster': 1, 'item': 1} paired=1 median=0.013
2026-09-28 07:12:57.549  INFO   session     Entity shadow: vision=6 {'player': 1, 'item': 3, 'monster': 2} memory=3 {'monster': 1, 'item': 2} paired=3 median=0.017
2026-09-28 07:12:59.147  INFO   decision    mode=traveling behavior=loot action=pickup target=528 reason='loot target' status=success
2026-09-28 07:12:59.784  INFO   decision    mode=traveling behavior=loot action=idle target=- reason='pickup memory gone' status=success
2026-09-28 07:13:01.029  INFO   decision    mode=traveling behavior=loot action=searching target=530 reason='walk onto item' status=success
2026-09-28 07:13:02.065  INFO   decision    mode=traveling behavior=loot action=pickup target=530 reason='loot target' status=success
2026-09-28 07:13:02.604  INFO   session     Entity shadow: vision=4 {'player': 1, 'monster': 2, 'item': 1} memory=5 {'monster': 4, 'item': 1} paired=3 median=0.018 unleveled=207:兔子
2026-09-28 07:13:02.643  INFO   decision    mode=traveling behavior=loot action=idle target=- reason='pickup memory gone' status=success
2026-09-28 07:13:04.541  INFO   decision    mode=traveling behavior=combat action=attack target=532 reason='engage target' status=success
2026-09-28 07:13:07.743  INFO   session     Entity shadow: vision=3 {'monster': 1, 'item': 1, 'player': 1} memory=5 {'monster': 4, 'item': 1} paired=2 median=0.021 unleveled=207:兔子
2026-09-28 07:13:09.556  INFO   decision    mode=traveling behavior=loot action=pickup target=530 reason='engage item' status=success
2026-09-28 07:13:10.087  INFO   decision    mode=traveling behavior=loot action=idle target=- reason='pickup memory gone' status=success
2026-09-28 07:13:10.835  INFO   decision    mode=traveling behavior=loot action=searching target=536 reason='walk onto item' status=success
2026-09-28 07:13:12.188  INFO   decision    mode=traveling behavior=unstick action=teleport target=- reason='unstick confined' status=success
2026-09-28 07:13:13.529  INFO   session     Entity shadow: vision=2 {'item': 1, 'monster': 1} memory=2 {'monster': 2} paired=0 median=0.000
2026-09-28 07:13:13.601  INFO   decision    mode=traveling behavior=combat action=attack target=538 reason='engage target' status=success
2026-09-28 07:13:18.643  INFO   session     Entity shadow: vision=2 {'player': 1, 'monster': 1} memory=2 {'monster': 2} paired=1 median=0.015
2026-09-28 07:13:23.878  INFO   session     Entity shadow: vision=3 {'monster': 2, 'player': 1} memory=3 {'monster': 3} paired=2 median=0.031
2026-09-28 07:13:28.643  INFO   decision    mode=traveling behavior=combat action=attack target=540 reason='engage target' status=success
2026-09-28 07:13:29.466  INFO   session     Entity shadow: vision=2 {'player': 1, 'monster': 1} memory=3 {'monster': 3} paired=1 median=0.015
2026-09-28 07:13:30.203  INFO   decision    mode=traveling behavior=traveling action=traveling target=- reason='return to farm after retreat' status=success
2026-09-28 07:13:31.857  INFO   decision    mode=traveling behavior=combat action=attack target=541 reason='engage target' status=success
2026-09-28 07:13:34.623  INFO   session     Entity shadow: vision=1 {'player': 1} memory=3 {'monster': 3} paired=0 median=0.000
2026-09-28 07:13:39.831  INFO   session     Entity shadow: vision=2 {'player': 1, 'monster': 1} memory=4 {'monster': 4} paired=1 median=0.012
2026-09-28 07:13:39.915  INFO   decision    mode=traveling behavior=combat action=attack target=542 reason='engage target' status=success
2026-09-28 07:13:44.407  INFO   decision    mode=traveling behavior=heal action=heal target=- reason='recover hp' status=success
2026-09-28 07:13:45.389  INFO   session     Entity shadow: vision=2 {'player': 1, 'monster': 1} memory=2 {'monster': 2} paired=1 median=0.011
2026-09-28 07:13:50.500  INFO   decision    mode=traveling behavior=combat action=attack target=544 reason='engage target' status=success
2026-09-28 07:13:51.099  INFO   session     Entity shadow: vision=2 {'player': 1, 'monster': 1} memory=2 {'monster': 2} paired=1 median=0.015
2026-09-28 07:13:51.129  INFO   decision    mode=traveling behavior=heal action=heal target=- reason='recover hp' status=success
2026-09-28 07:13:52.975  INFO   decision    mode=traveling behavior=combat action=attack target=544 reason='attack target' status=success
2026-09-28 07:13:53.715  INFO   decision    mode=traveling behavior=survival_potion action=use_hp_potion target=- reason='critical hp, cannot heal' status=success
2026-09-28 07:13:55.448  INFO   decision    mode=traveling behavior=combat action=attack target=544 reason='attack target' status=success
2026-09-28 07:13:56.431  INFO   session     Entity shadow: vision=2 {'player': 1, 'monster': 1} memory=1 {'monster': 1} paired=1 median=0.015
2026-09-28 07:14:01.977  INFO   session     Entity shadow: vision=2 {'player': 1, 'monster': 1} memory=1 {'monster': 1} paired=1 median=0.016
2026-09-28 07:14:05.524  INFO   decision    mode=retreating behavior=talking_scroll action=use_talking_scroll target=- reason='hp safe zone, talking scroll' status=success
2026-09-28 07:14:07.298  INFO   session     Entity shadow: vision=1 {'monster': 1} memory=0 {} paired=0 median=0.000
2026-09-28 07:14:07.356  INFO   decision    mode=retreating behavior=retreating action=idle target=- reason='retreating, waiting for hp' status=success
2026-09-28 07:14:12.336  INFO   session     Entity shadow: vision=11 {'monster': 3, 'player': 7, 'npc': 1} memory=13 {'player': 8, 'monster': 5} paired=9 median=0.017 unleveled=10:警衛,20:?
2026-09-28 07:14:17.594  INFO   session     Entity shadow: vision=9 {'player': 6, 'monster': 2, 'npc': 1} memory=11 {'monster': 5, 'player': 6} paired=8 median=0.018 unleveled=10:警衛,20:?
2026-09-28 07:14:22.851  INFO   session     Entity shadow: vision=9 {'npc': 1, 'monster': 2, 'player': 6} memory=11 {'monster': 5, 'player': 6} paired=8 median=0.018 unleveled=10:警衛,20:?
2026-09-28 07:14:28.131  INFO   session     Entity shadow: vision=9 {'monster': 2, 'player': 6, 'npc': 1} memory=11 {'monster': 5, 'player': 6} paired=8 median=0.017 unleveled=10:警衛,20:?
2026-09-28 07:14:28.472  INFO   decision    mode=retreating behavior=retreating action=idle target=- reason='retreating, waiting for hp' status=success (repeat)
2026-09-28 07:14:33.321  INFO   session     Entity shadow: vision=11 {'player': 7, 'monster': 2, 'npc': 2} memory=13 {'monster': 5, 'player': 8} paired=9 median=0.020 unleveled=10:警衛,20:?
2026-09-28 07:14:35.110  INFO   decision    mode=farming behavior=talking_scroll action=use_talking_scroll target=- reason='respawn, 마법서 상인' status=success
2026-09-28 07:14:36.989  INFO   decision    mode=traveling behavior=traveling action=traveling target=- reason='enter farm area' status=success
2026-09-28 07:14:38.321  INFO   session     Entity shadow: vision=4 {'npc': 2, 'monster': 1, 'player': 1} memory=8 {'player': 2, 'monster': 3, 'npc': 3} paired=2 median=0.021 unleveled=68:警衛,10:警衛
2026-09-28 07:14:43.693  INFO   session     Entity shadow: vision=4 {'player': 1, 'monster': 1, 'npc': 2} memory=6 {'monster': 3, 'npc': 3} paired=2 median=0.097 unleveled=68:警衛,10:警衛
2026-09-28 07:14:49.238  INFO   session     Entity shadow: vision=4 {'player': 1, 'npc': 2, 'monster': 1} memory=3 {'monster': 2, 'npc': 1} paired=1 median=0.048 unleveled=10:警衛
2026-09-28 07:14:54.345  INFO   session     Entity shadow: vision=1 {'player': 1} memory=0 {} paired=0 median=0.000
2026-09-28 07:14:57.346  INFO   decision    mode=traveling behavior=combat action=attack target=570 reason='engage target' status=success
2026-09-28 07:14:59.441  INFO   session     Entity shadow: vision=1 {'monster': 1} memory=2 {'monster': 2} paired=0 median=0.000
2026-09-28 07:15:04.516  INFO   session     Entity shadow: vision=2 {'monster': 2} memory=3 {'monster': 3} paired=2 median=0.039
2026-09-28 07:15:08.165  INFO   decision    mode=retreating behavior=talking_scroll action=use_talking_scroll target=- reason='hp safe zone, talking scroll' status=success
2026-09-28 07:15:09.998  INFO   session     Entity shadow: vision=1 {'monster': 1} memory=0 {} paired=0 median=0.000
2026-09-28 07:15:10.049  INFO   decision    mode=retreating behavior=retreating action=idle target=- reason='retreating, waiting for hp' status=success
2026-09-28 07:15:15.282  INFO   session     Entity shadow: vision=9 {'monster': 2, 'player': 6, 'npc': 1} memory=12 {'monster': 5, 'player': 7} paired=8 median=0.017 unleveled=10:警衛,20:?
2026-09-28 07:15:17.169  INFO   decision    mode=retreating behavior=heal action=heal target=- reason='recover hp' status=success
2026-09-28 07:15:19.159  INFO   decision    mode=traveling behavior=traveling action=traveling target=- reason='enter farm area' status=success
2026-09-28 07:15:20.408  INFO   session     Entity shadow: vision=9 {'player': 7, 'monster': 1, 'npc': 1} memory=12 {'monster': 5, 'player': 7} paired=8 median=0.012 unleveled=10:警衛,20:?
2026-09-28 07:15:25.766  INFO   session     Entity shadow: vision=7 {'player': 6, 'npc': 1} memory=7 {'monster': 1, 'player': 6} paired=5 median=0.036 unleveled=10:警衛
2026-09-28 07:15:30.899  INFO   session     Entity shadow: vision=3 {'player': 1, 'npc': 2} memory=1 {'monster': 1} paired=0 median=0.000 unleveled=10:警衛
2026-09-28 07:15:36.033  INFO   session     Entity shadow: vision=1 {'player': 1} memory=0 {} paired=0 median=0.000
2026-09-28 07:15:40.050  INFO   decision    mode=traveling behavior=traveling action=traveling target=- reason='enter farm area' status=success (repeat)
2026-09-28 07:15:41.108  INFO   session     Entity shadow: vision=2 {'player': 1, 'npc': 1} memory=2 {'monster': 2} paired=0 median=0.000 unleveled=10:警衛,68:警衛
2026-09-28 07:15:44.865  INFO   decision    mode=traveling behavior=combat action=attack target=593 reason='engage target' status=success
2026-09-28 07:15:46.229  INFO   session     Entity shadow: vision=5 {'player': 2, 'monster': 1, 'npc': 2} memory=5 {'player': 1, 'monster': 4} paired=2 median=0.023 unleveled=189:鹿,10:警衛,68:警衛
2026-09-28 07:15:51.554  INFO   session     Entity shadow: vision=6 {'npc': 2, 'player': 2, 'monster': 2} memory=6 {'player': 1, 'monster': 5} paired=3 median=0.018 unleveled=189:鹿,10:警衛,68:警衛
2026-09-28 07:15:57.312  INFO   session     Entity shadow: vision=7 {'item': 1, 'npc': 2, 'player': 3, 'monster': 1} memory=6 {'monster': 4, 'player': 1, 'item': 1} paired=3 median=0.029 unleveled=189:鹿,10:警衛
2026-09-28 07:16:00.248  INFO   decision    mode=traveling behavior=unstick action=teleport target=- reason='unstick confined' status=success
2026-09-28 07:16:01.397  INFO   decision    mode=traveling behavior=combat action=attack target=589 reason='engage target' status=success
2026-09-28 07:16:02.494  INFO   session     Entity shadow: vision=6 {'npc': 2, 'item': 1, 'player': 2, 'monster': 1} memory=5 {'player': 2, 'item': 1, 'monster': 2} paired=4 median=0.027 unleveled=10:警衛
2026-09-28 07:16:03.029  INFO   decision    mode=traveling behavior=loot action=pickup target=598 reason='engage item' status=success
2026-09-28 07:16:03.877  INFO   decision    mode=traveling behavior=combat action=attack target=589 reason='engage target' status=success
2026-09-28 07:16:04.537  INFO   decision    mode=traveling behavior=loot action=idle target=- reason='pickup memory gone' status=success
2026-09-28 07:16:05.490  INFO   decision    mode=traveling behavior=traveling action=traveling target=- reason='enter farm area' status=success
2026-09-28 07:16:07.235  INFO   decision    mode=traveling behavior=loot action=pickup target=598 reason='engage item' status=success
2026-09-28 07:16:07.881  INFO   session     Entity shadow: vision=7 {'npc': 3, 'player': 3, 'item': 1} memory=3 {'player': 1, 'monster': 2} paired=1 median=0.042 unleveled=10:警衛,68:警衛
2026-09-28 07:16:07.930  INFO   decision    mode=traveling behavior=traveling action=traveling target=- reason='enter farm area' status=success
2026-09-28 07:16:11.621  INFO   decision    mode=traveling behavior=traveling action=idle target=- reason='no behavior produced an intent' status=success
2026-09-28 07:16:12.013  INFO   decision    mode=traveling behavior=traveling action=traveling target=- reason='enter farm area' status=success
2026-09-28 07:16:13.013  INFO   session     Entity shadow: vision=3 {'npc': 2, 'player': 1} memory=3 {'monster': 3} paired=0 median=0.000 unleveled=14:青蛙,10:警衛,68:警衛
2026-09-28 07:16:14.821  INFO   decision    mode=traveling behavior=unstick action=teleport target=- reason='unstick confined' status=success
2026-09-28 07:16:16.239  INFO   decision    mode=traveling behavior=traveling action=traveling target=- reason='enter farm area' status=success
2026-09-28 07:16:18.138  INFO   session     Entity shadow: vision=3 {'player': 1, 'npc': 2} memory=2 {'monster': 2} paired=0 median=0.000 unleveled=10:警衛,68:警衛
2026-09-28 07:16:23.164  INFO   session     Entity shadow: vision=2 {'player': 2} memory=1 {'player': 1} paired=1 median=0.069
2026-09-28 07:16:26.081  INFO   decision    mode=traveling behavior=loot action=searching target=603 reason='walk onto item' status=success
2026-09-28 07:16:28.347  INFO   session     Entity shadow: vision=2 {'player': 1, 'item': 1} memory=2 {'item': 1, 'monster': 1} paired=1 median=0.021 unleveled=189:鹿
2026-09-28 07:16:31.784  INFO   decision    mode=traveling behavior=loot action=pickup target=603 reason='loot target' status=success
2026-09-28 07:16:32.369  INFO   decision    mode=traveling behavior=loot action=idle target=- reason='pickup memory gone' status=success
2026-09-28 07:16:33.442  INFO   session     Entity shadow: vision=1 {'item': 1} memory=2 {'monster': 2} paired=0 median=0.000 unleveled=189:鹿
2026-09-28 07:16:33.520  INFO   decision    mode=traveling behavior=traveling action=traveling target=- reason='enter farm area' status=success
2026-09-28 07:16:35.963  INFO   decision    mode=traveling behavior=loot action=searching target=607 reason='walk onto item' status=success
2026-09-28 07:16:38.758  INFO   session     Entity shadow: vision=3 {'player': 1, 'item': 2} memory=4 {'monster': 2, 'item': 2} paired=2 median=0.044 unleveled=189:鹿
2026-09-28 07:16:42.198  INFO   decision    mode=traveling behavior=loot action=pickup target=607 reason='loot target' status=success
2026-09-28 07:16:42.823  INFO   decision    mode=traveling behavior=loot action=idle target=- reason='pickup memory gone' status=success
2026-09-28 07:16:43.390  INFO   decision    mode=traveling behavior=loot action=searching target=606 reason='walk onto item' status=success
2026-09-28 07:16:43.849  INFO   session     Entity shadow: vision=2 {'player': 1, 'item': 1} memory=4 {'monster': 3, 'item': 1} paired=1 median=0.001 unleveled=189:鹿
2026-09-28 07:16:47.387  INFO   decision    mode=traveling behavior=loot action=pickup target=606 reason='loot target' status=success
2026-09-28 07:16:48.043  INFO   decision    mode=traveling behavior=loot action=idle target=- reason='pickup memory gone' status=success
2026-09-28 07:16:49.178  INFO   session     Entity shadow: vision=2 {'item': 1, 'player': 1} memory=3 {'monster': 2, 'item': 1} paired=1 median=0.003 unleveled=189:鹿
2026-09-28 07:16:49.743  INFO   decision    mode=traveling behavior=traveling action=traveling target=- reason='enter farm area' status=success
2026-09-28 07:16:50.939  INFO   decision    mode=traveling behavior=loot action=pickup target=606 reason='engage item' status=success
2026-09-28 07:16:51.556  INFO   decision    mode=traveling behavior=loot action=idle target=- reason='pickup memory gone' status=success
2026-09-28 07:16:53.337  INFO   decision    mode=traveling behavior=traveling action=traveling target=- reason='enter farm area' status=success
2026-09-28 07:16:54.380  INFO   session     Entity shadow: vision=1 {'player': 1} memory=2 {'monster': 1, 'npc': 1} paired=0 median=0.000 unleveled=189:鹿
2026-09-28 07:16:54.404  INFO   decision    mode=traveling behavior=unstick action=teleport target=- reason='unstick confined' status=success
2026-09-28 07:16:55.594  INFO   decision    mode=traveling behavior=traveling action=traveling target=- reason='enter farm area' status=success
2026-09-28 07:16:59.536  INFO   session     Entity shadow: vision=14 {'player': 9, 'npc': 5} memory=14 {'npc': 4, 'player': 9, 'monster': 1} paired=12 median=0.012 unleveled=189:鹿
2026-09-28 07:17:04.488  INFO   session     Entity shadow: vision=5 {'player': 3, 'npc': 2} memory=9 {'monster': 2, 'player': 3, 'npc': 4} paired=3 median=0.054 unleveled=189:鹿,68:警衛
2026-09-28 07:17:09.618  INFO   session     Entity shadow: vision=5 {'player': 2, 'npc': 3} memory=7 {'monster': 2, 'player': 3, 'npc': 2} paired=3 median=0.027 unleveled=189:鹿,68:警衛
2026-09-28 07:17:14.827  INFO   session     Entity shadow: vision=5 {'player': 2, 'npc': 2, 'monster': 1} memory=5 {'npc': 2, 'monster': 2, 'player': 1} paired=3 median=0.033 unleveled=68:警衛
2026-09-28 07:17:19.563  INFO   decision    mode=traveling behavior=traveling action=traveling target=- reason='enter farm area' status=success (repeat)
2026-09-28 07:17:20.009  INFO   session     Entity shadow: vision=4 {'player': 2, 'monster': 1, 'npc': 1} memory=5 {'monster': 4, 'npc': 1} paired=0 median=0.000 unleveled=206:兔子,10:警衛,14:青蛙,189:鹿
2026-09-28 07:17:23.366  INFO   decision    mode=traveling behavior=combat action=attack target=680 reason='engage target' status=success
2026-09-28 07:17:25.248  INFO   session     Entity shadow: vision=4 {'player': 1, 'monster': 1, 'npc': 2} memory=6 {'monster': 5, 'npc': 1} paired=1 median=0.042 unleveled=68:警衛,206:兔子,14:青蛙,10:警衛
2026-09-28 07:17:28.766  INFO   decision    mode=traveling behavior=loot action=searching target=681 reason='walk onto item' status=success
2026-09-28 07:17:30.404  INFO   session     Entity shadow: vision=5 {'player': 1, 'npc': 2, 'monster': 1, 'item': 1} memory=6 {'monster': 4, 'item': 1, 'npc': 1} paired=2 median=0.022 unleveled=206:兔子,68:警衛,10:警衛
2026-09-28 07:17:34.543  INFO   decision    mode=traveling behavior=combat action=attack target=683 reason='engage target' status=success
2026-09-28 07:17:36.033  INFO   session     Entity shadow: vision=5 {'player': 1, 'monster': 1, 'npc': 3} memory=10 {'player': 1, 'monster': 8, 'item': 1} paired=1 median=0.037 unleveled=206:兔子,14:青蛙,189:鹿,68:警衛,10:警衛
2026-09-28 07:17:37.911  INFO   decision    mode=traveling behavior=loot action=pickup target=681 reason='engage item' status=success
2026-09-28 07:17:38.501  INFO   decision    mode=traveling behavior=loot action=idle target=- reason='pickup memory gone' status=success
2026-09-28 07:17:40.372  INFO   decision    mode=traveling behavior=loot action=searching target=691 reason='walk onto item' status=success
2026-09-28 07:17:41.202  INFO   session     Entity shadow: vision=6 {'player': 2, 'item': 1, 'npc': 3} memory=7 {'player': 1, 'monster': 5, 'item': 1} paired=2 median=0.024 unleveled=189:鹿,206:兔子,68:警衛,10:警衛
2026-09-28 07:17:43.133  INFO   decision    mode=traveling behavior=traveling action=traveling target=- reason='enter farm area' status=success
2026-09-28 07:17:46.482  INFO   session     Entity shadow: vision=3 {'player': 1, 'npc': 1, 'item': 1} memory=3 {'player': 1, 'monster': 2} paired=0 median=0.000 unleveled=68:警衛,189:鹿
2026-09-28 07:17:47.596  INFO   decision    mode=traveling behavior=talking_scroll action=use_talking_scroll target=- reason='go to shop (buy_hp_potions_ch_mainland)' status=success
2026-09-28 07:17:50.928  INFO   nav         async nav configure start map=mainland
2026-09-28 07:17:52.910  INFO   nav         building portal graph (cluster=32, 1755x1414)
2026-09-28 07:17:53.152  INFO   session     Entity shadow: vision=39 {'player': 37, 'npc': 2} memory=71 {'monster': 2, 'player': 62, 'npc': 7} paired=38 median=0.058 unleveled=189:鹿,319:?
2026-09-28 07:17:57.178  INFO   nav         portal graph: 2586 components, 4268 ms
2026-09-28 07:17:57.182  INFO   nav         farms=6 safe=0 home=None (files farm=D:\ManmabotV1_final\engine\maps\mainland\farms.yaml safe=D:\ManmabotV1_final\engine\maps\mainland\safe.yaml home=D:\ManmabotV1_final\engine\maps\mainland\home.yaml)
2026-09-28 07:17:57.182  INFO   nav         async nav configure done map=mainland (6254 ms)
2026-09-28 07:17:57.468  INFO   decision    mode=farming behavior=shop action=shop_stop target=- reason='stop at shop' status=success
2026-09-28 07:17:58.527  INFO   session     Entity shadow: vision=37 {'player': 35, 'npc': 2} memory=71 {'player': 62, 'npc': 7, 'monster': 2} paired=36 median=0.058 unleveled=189:鹿,319:?
2026-09-28 07:17:58.636  INFO   decision    mode=farming behavior=shop action=shop_buy_arrows target=- reason='shop:buy_hp_potions_ch_mainland' status=success
2026-09-28 07:18:05.688  INFO   session     Entity shadow: vision=32 {'player': 31, 'monster': 1} memory=70 {'monster': 2, 'player': 62, 'npc': 6} paired=31 median=0.060 unleveled=189:鹿,319:?
2026-09-28 07:18:06.054  INFO   decision    mode=farming behavior=talking_scroll action=use_talking_scroll target=- reason='return to farm map after shop' status=success
2026-09-28 07:18:06.500  INFO   session     일시정지 — 단축키
2026-09-28 07:18:08.878  INFO   session     일시정지 / 재개 → 실행 중
2026-09-28 07:18:09.408  INFO   nav         async nav configure start map=talking_island
2026-09-28 07:18:09.562  INFO   nav         building portal graph (cluster=32, 479x511)
2026-09-28 07:18:09.983  INFO   nav         portal graph: 188 components, 421 ms
2026-09-28 07:18:09.992  INFO   nav         farms=4 safe=11 home=(354, 203) (files farm=D:\ManmabotV1_final\engine\maps\talking_island\farms.yaml safe=D:\ManmabotV1_final\engine\maps\talking_island\safe.yaml home=D:\ManmabotV1_final\engine\maps\talking_island\home.yaml)
2026-09-28 07:18:09.993  INFO   nav         async nav configure done map=talking_island (585 ms)
2026-09-28 07:18:11.623  INFO   session     Entity shadow: vision=49 {'player': 44, 'npc': 5} memory=60 {'player': 50, 'npc': 8, 'monster': 2} paired=46 median=0.028 unleveled=319:?,68:警衛
2026-09-28 07:18:11.800  INFO   decision    mode=traveling behavior=traveling action=traveling target=- reason='return to farm after retreat' status=success
2026-09-28 07:18:13.455  INFO   session     일시정지 — 단축키
2026-09-28 07:18:14.413  INFO   session     정지 → 중지됨
2026-09-28 07:18:14.612  INFO   session     봇 작업이 종료되었습니다
