2026-09-24 00:16:43.680  INFO   session     Loading Manmabot from D:\Work\Lineage\ManmabotV1_final\engine
2026-09-24 00:16:43.684  INFO   session     Session log D:\Work\Lineage\ManmabotV1_final\engine\logs\bot-20260924-001643.log
2026-09-24 00:16:43.684  INFO   session     character=elf loot=all_items game_lang=ko map=talking_island farms=['area_3', 'area_2'] file=D:\Work\Lineage\ManmabotV1_final\engine\logs\bot-20260924-001643.log
2026-09-24 00:16:43.795  INFO   session     Auto-resume → Running
2026-09-24 00:16:43.904  INFO   nav         building portal graph (cluster=32, 479x511)
2026-09-24 00:16:44.153  INFO   nav         portal graph: 188 components, 249 ms
2026-09-24 00:16:44.159  INFO   nav         farms=2 safe=11 home=(354, 203) (files farm=D:\Work\Lineage\ManmabotV1_final\engine\maps\talking_island\farms.yaml safe=D:\Work\Lineage\ManmabotV1_final\engine\maps\talking_island\safe.yaml home=D:\Work\Lineage\ManmabotV1_final\engine\maps\talking_island\home.yaml)
2026-09-24 00:16:44.420  INFO   capture     mss window capture process='LC.exe' title=None content_aspect=4:3
2026-09-24 00:16:44.759  INFO   session     Entity clicks use memory names, species, and world cells. Image recognition still runs. Set memory.entity_source to vision to restore image-only clicks.
2026-09-24 00:16:44.766  INFO   session     Player memory is read in this process (realtime_monitor.dll, offsets.json). No separate console.
2026-09-24 00:16:44.771  INFO   session     Inventory listen scanning in background (build inventory_listen.dll or place inv.json).
2026-09-24 00:16:44.776  INFO   session     Reading hotbar from memory (24 slots)…
2026-09-24 00:16:44.866  INFO   session     Hotbar scan done · hp_potion@box1/f5, talking_scroll@box1/f8
2026-09-24 00:16:44.869  INFO   session     Unmapped hotbar icons: box1/f6:+0 화살 (2,521), box1/f7:아데나 (496), box1/f12:상쾌한 초록 물약
2026-09-24 00:16:44.889  INFO   session     Loop ready · elf · ko · map=talking_island · loot=all_items · farms=['area_3', 'area_2']
2026-09-24 00:16:45.280  INFO   session     Entity shadow: vision=2 {'monster': 1, 'player': 1} memory=3 {'monster': 3} paired=1 median=0.017 unleveled=14:青蛙
2026-09-24 00:16:45.341  INFO   session     Inventory listen ready (dll) · hp=11 arrows=2521 silver=5 depoison=0
2026-09-24 00:16:45.364  INFO   decision    mode=farming behavior=combat action=attack target=3 reason='engage target' status=success
2026-09-24 00:16:48.077  INFO   decision    mode=farming behavior=loot action=searching target=5 reason='walk onto item' status=success
2026-09-24 00:16:50.327  INFO   session     Entity shadow: vision=3 {'player': 1, 'item': 1, 'monster': 1} memory=4 {'monster': 3, 'item': 1} paired=2 median=0.038 unleveled=14:青蛙
2026-09-24 00:16:55.042  INFO   decision    mode=farming behavior=combat action=attack target=4 reason='engage target' status=success
2026-09-24 00:16:55.572  INFO   session     Entity shadow: vision=4 {'monster': 3, 'item': 1} memory=7 {'monster': 6, 'item': 1} paired=3 median=0.021 unleveled=14:青蛙,206:兔子
2026-09-24 00:16:56.131  INFO   decision    mode=farming behavior=loot action=pickup target=5 reason='engage item' status=success
2026-09-24 00:17:00.670  INFO   session     Entity shadow: vision=2 {'player': 1, 'monster': 1} memory=3 {'monster': 3} paired=1 median=0.021 unleveled=14:青蛙,208:兔子
2026-09-24 00:17:04.146  INFO   decision    mode=farming behavior=combat action=attack target=8 reason='engage target' status=success
2026-09-24 00:17:04.855  INFO   decision    mode=farming behavior=loot action=searching target=10 reason='walk onto item' status=success
2026-09-24 00:17:05.742  INFO   session     Entity shadow: vision=5 {'item': 1, 'monster': 3, 'player': 1} memory=4 {'monster': 3, 'item': 1} paired=2 median=0.017 unleveled=14:青蛙,208:兔子
2026-09-24 00:17:09.284  INFO   decision    mode=farming behavior=loot action=pickup target=10 reason='loot target' status=success
2026-09-24 00:17:10.856  INFO   session     Entity shadow: vision=3 {'monster': 2, 'player': 1} memory=3 {'monster': 3} paired=2 median=0.054
2026-09-24 00:17:15.946  INFO   session     Entity shadow: vision=3 {'player': 1, 'monster': 2} memory=2 {'monster': 2} paired=2 median=0.023
2026-09-24 00:17:17.095  INFO   decision    mode=farming behavior=combat action=attack target=12 reason='engage target' status=success
2026-09-24 00:17:19.980  INFO   decision    mode=farming behavior=loot action=searching target=14 reason='walk onto item' status=success
2026-09-24 00:17:21.058  INFO   session     Entity shadow: vision=4 {'player': 1, 'monster': 2, 'item': 1} memory=2 {'item': 1, 'monster': 1} paired=2 median=0.027
2026-09-24 00:17:25.368  INFO   decision    mode=farming behavior=loot action=pickup target=14 reason='loot target' status=success
2026-09-24 00:17:26.160  INFO   session     Entity shadow: vision=3 {'player': 1, 'monster': 2} memory=1 {'monster': 1} paired=1 median=0.019
2026-09-24 00:17:31.328  INFO   session     Entity shadow: vision=2 {'player': 1, 'monster': 1} memory=1 {'monster': 1} paired=1 median=0.027
2026-09-24 00:17:32.523  INFO   decision    mode=farming behavior=combat action=attack target=11 reason='engage target' status=success
2026-09-24 00:17:33.913  INFO   decision    mode=traveling behavior=traveling action=traveling target=- reason='enter farm area' status=success
2026-09-24 00:17:36.437  INFO   session     Entity shadow: vision=1 {'player': 1} memory=0 {} paired=0 median=0.000
2026-09-24 00:17:38.078  INFO   decision    mode=traveling behavior=combat action=attack target=15 reason='engage target' status=success
2026-09-24 00:17:41.544  INFO   session     Entity shadow: vision=2 {'player': 1, 'monster': 1} memory=2 {'item': 1, 'monster': 1} paired=1 median=0.060
2026-09-24 00:17:42.916  INFO   decision    mode=traveling behavior=loot action=searching target=16 reason='walk onto item' status=success
2026-09-24 00:17:46.106  INFO   decision    mode=traveling behavior=combat action=attack target=17 reason='engage target' status=success
2026-09-24 00:17:46.585  INFO   session     Entity shadow: vision=3 {'player': 1, 'item': 1, 'monster': 1} memory=2 {'monster': 1, 'item': 1} paired=2 median=0.075
2026-09-24 00:17:47.859  INFO   decision    mode=traveling behavior=loot action=searching target=16 reason='walk onto item' status=success
2026-09-24 00:17:50.545  INFO   decision    mode=traveling behavior=loot action=pickup target=16 reason='loot target' status=success
2026-09-24 00:17:51.691  INFO   session     Entity shadow: vision=2 {'player': 1, 'monster': 1} memory=1 {'monster': 1} paired=0 median=0.000 unleveled=208:兔子
2026-09-24 00:17:56.789  INFO   session     Entity shadow: vision=3 {'player': 1, 'npc': 1, 'monster': 1} memory=3 {'monster': 3} paired=1 median=0.021
2026-09-24 00:17:57.824  INFO   decision    mode=traveling behavior=combat action=attack target=19 reason='engage target' status=success
2026-09-24 00:17:58.596  INFO   decision    mode=traveling behavior=loot action=searching target=22 reason='walk onto item' status=success
2026-09-24 00:18:01.661  INFO   decision    mode=traveling behavior=combat action=attack target=20 reason='engage target' status=success
2026-09-24 00:18:02.240  INFO   session     Entity shadow: vision=7 {'player': 1, 'item': 1, 'monster': 5} memory=5 {'monster': 4, 'item': 1} paired=5 median=0.041
2026-09-24 00:18:03.006  INFO   decision    mode=traveling behavior=loot action=pickup target=22 reason='engage item' status=success
2026-09-24 00:18:07.421  INFO   session     Entity shadow: vision=6 {'player': 1, 'monster': 5} memory=5 {'monster': 5} paired=5 median=0.030
2026-09-24 00:18:11.835  INFO   decision    mode=traveling behavior=combat action=attack target=25 reason='engage target' status=success
2026-09-24 00:18:12.676  INFO   session     Entity shadow: vision=6 {'monster': 5, 'player': 1} memory=5 {'monster': 5} paired=5 median=0.018
2026-09-24 00:18:17.689  INFO   session     Entity shadow: vision=5 {'monster': 4, 'player': 1} memory=5 {'monster': 5} paired=4 median=0.025
2026-09-24 00:18:19.926  INFO   decision    mode=traveling behavior=loot action=pickup target=28 reason='engage item' status=success
2026-09-24 00:18:21.922  INFO   decision    mode=traveling behavior=combat action=attack target=26 reason='engage target' status=success
2026-09-24 00:18:22.932  INFO   session     Entity shadow: vision=4 {'monster': 3, 'player': 1} memory=4 {'monster': 4} paired=3 median=0.020
2026-09-24 00:18:27.983  INFO   session     Entity shadow: vision=5 {'monster': 4, 'player': 1} memory=3 {'monster': 3} paired=3 median=0.015
2026-09-24 00:18:33.167  INFO   session     Entity shadow: vision=3 {'monster': 2, 'player': 1} memory=3 {'monster': 3} paired=2 median=0.066
2026-09-24 00:18:34.144  INFO   decision    mode=traveling behavior=combat action=attack target=26 reason='attack target' status=success (repeat)
2026-09-24 00:18:37.957  INFO   decision    mode=traveling behavior=combat action=attack target=27 reason='attack target' status=success
2026-09-24 00:18:38.164  INFO   session     Entity shadow: vision=5 {'item': 1, 'monster': 3, 'player': 1} memory=3 {'item': 1, 'monster': 2} paired=3 median=0.012
2026-09-24 00:18:41.143  INFO   decision    mode=traveling behavior=loot action=pickup target=29 reason='engage item' status=success
2026-09-24 00:18:43.198  INFO   session     Entity shadow: vision=3 {'player': 1, 'monster': 2} memory=2 {'monster': 2} paired=2 median=0.017
2026-09-24 00:18:48.419  INFO   session     Entity shadow: vision=3 {'player': 1, 'monster': 2} memory=1 {'monster': 1} paired=1 median=0.016
2026-09-24 00:18:48.834  INFO   decision    mode=traveling behavior=traveling action=traveling target=- reason='enter farm area' status=success
2026-09-24 00:18:49.249  INFO   decision    mode=traveling behavior=combat action=attack target=34 reason='engage target' status=success
2026-09-24 00:18:50.019  INFO   decision    mode=traveling behavior=combat action=attack target=33 reason='engage target' status=success
2026-09-24 00:18:53.495  INFO   session     Entity shadow: vision=3 {'player': 1, 'monster': 2} memory=2 {'monster': 2} paired=2 median=0.030
2026-09-24 00:18:54.398  INFO   decision    mode=traveling behavior=combat action=attack target=35 reason='engage target' status=success
2026-09-24 00:18:55.108  INFO   decision    mode=traveling behavior=survival_potion action=use_hp_potion target=- reason='critical hp, cannot heal' status=success
2026-09-24 00:18:56.449  INFO   decision    mode=traveling behavior=combat action=attack target=35 reason='attack target' status=success
2026-09-24 00:18:58.770  INFO   session     Entity shadow: vision=3 {'monster': 2, 'player': 1} memory=2 {'monster': 2} paired=2 median=0.037
2026-09-24 00:18:59.011  INFO   decision    mode=traveling behavior=loot action=searching target=37 reason='walk onto item' status=success
2026-09-24 00:19:01.164  INFO   decision    mode=traveling behavior=combat action=attack target=36 reason='engage target' status=success
2026-09-24 00:19:03.804  INFO   session     Entity shadow: vision=3 {'player': 1, 'item': 1, 'monster': 1} memory=4 {'monster': 3, 'item': 1} paired=2 median=0.019
2026-09-24 00:19:04.576  INFO   decision    mode=traveling behavior=loot action=searching target=37 reason='walk onto item' status=success
2026-09-24 00:19:06.025  INFO   decision    mode=traveling behavior=talking_scroll action=use_talking_scroll target=- reason='go to shop (buy_hp_potions_mainland)' status=success
2026-09-24 00:19:08.677  INFO   nav         async nav configure start map=mainland
2026-09-24 00:19:09.561  INFO   session     Entity shadow: vision=33 {'player': 33} memory=60 {'player': 52, 'npc': 7, 'monster': 1} paired=30 median=0.026 unleveled=319:?
2026-09-24 00:19:09.645  INFO   decision    mode=farming behavior=shop action=shop_stop target=- reason='stop at shop' status=success
2026-09-24 00:19:09.682  INFO   nav         building portal graph (cluster=32, 1755x1414)
2026-09-24 00:19:13.843  INFO   session     Auto-pause (not_focused)
2026-09-24 00:19:13.906  INFO   nav         portal graph: 2586 components, 4223 ms
2026-09-24 00:19:13.910  INFO   nav         farms=6 safe=0 home=None (files farm=D:\Work\Lineage\ManmabotV1_final\engine\maps\mainland\farms.yaml safe=D:\Work\Lineage\ManmabotV1_final\engine\maps\mainland\safe.yaml home=D:\Work\Lineage\ManmabotV1_final\engine\maps\mainland\home.yaml)
2026-09-24 00:19:13.910  INFO   nav         async nav configure done map=mainland (5233 ms)
2026-09-24 00:19:14.084  INFO   session     Memory entity sweep unavailable; clicks stayed on image recognition
2026-09-24 00:19:14.096  INFO   session     Memory snapshot failed: player memory unavailable
2026-09-24 00:19:14.242  INFO   session     Stop → Stopped (정지 — 게임 창이 닫혔습니다.)
2026-09-24 00:19:14.333  INFO   session     Bot worker exited
