2026-09-20 19:48:10.804  INFO   session     Loading Manmabot from D:\ManmabotV1\engine
2026-09-20 19:48:10.874  INFO   session     Auto-pause (cursor_outside)
2026-09-20 19:48:10.923  INFO   session     Session log D:\ManmabotV1\engine\logs\bot-20260920-194810.log
2026-09-20 19:48:10.923  INFO   session     character=royal loot=all_items game_lang=ko map=talking_island farms=['area_1', 'area_2', 'area_3', 'area_4'] file=D:\ManmabotV1\engine\logs\bot-20260920-194810.log
2026-09-20 19:48:10.992  INFO   nav         building portal graph (cluster=32, 479x511)
2026-09-20 19:48:11.260  INFO   nav         portal graph: 188 components, 268 ms
2026-09-20 19:48:11.266  INFO   nav         farms=4 safe=11 home=(354, 203) (files farm=D:\ManmabotV1\engine\maps\talking_island\farms.yaml safe=D:\ManmabotV1\engine\maps\talking_island\safe.yaml home=D:\ManmabotV1\engine\maps\talking_island\home.yaml)
2026-09-20 19:48:11.267  INFO   capture     mss window capture process='LC.exe' title=None content_aspect=4:3
2026-09-20 19:48:11.300  INFO   session     Auto-resume → Running
2026-09-20 19:48:11.670  INFO   session     Auto-pause (cursor_outside)
2026-09-20 19:48:11.861  INFO   session     Memory monitor connected
2026-09-20 19:48:11.864  INFO   session     Scanning hotbar (skill boxes 1–3)…
2026-09-20 19:48:12.005  INFO   session     Auto-resume → Running
2026-09-20 19:48:13.917  INFO   session     Auto-pause (cursor_outside)
2026-09-20 19:48:16.007  INFO   session     Hotbar scan done · talking_scroll@box1/f5
2026-09-20 19:48:16.010  INFO   session     Potion restock armed · no hp_potion on hotbar
2026-09-20 19:48:16.013  INFO   session     Loop ready · royal · ko · map=talking_island · loot=all_items · farms=['area_1', 'area_2', 'area_3', 'area_4']
2026-09-20 19:48:16.911  INFO   session     Auto-resume → Running
2026-09-20 19:48:17.253  INFO   decision    mode=farming behavior=talking_scroll action=use_talking_scroll target=- reason='go to shop (buy_hp_potions)' status=success
2026-09-20 19:48:18.117  INFO   nav         async nav configure start map=mainland
2026-09-20 19:48:18.251  INFO   decision    mode=farming behavior=shop action=shop_stop target=- reason='stop at shop' status=success
2026-09-20 19:48:18.835  INFO   nav         building portal graph (cluster=32, 1755x1414)
2026-09-20 19:48:22.390  INFO   nav         portal graph: 2586 components, 3556 ms
2026-09-20 19:48:22.394  INFO   nav         farms=6 safe=0 home=None (files farm=D:\ManmabotV1\engine\maps\mainland\farms.yaml safe=D:\ManmabotV1\engine\maps\mainland\safe.yaml home=D:\ManmabotV1\engine\maps\mainland\home.yaml)
2026-09-20 19:48:22.394  INFO   nav         async nav configure done map=mainland (4276 ms)
2026-09-20 19:48:22.510  INFO   decision    mode=traveling behavior=traveling action=traveling target=- reason='unstick' status=success
2026-09-20 19:48:30.132  INFO   decision    mode=traveling behavior=traveling action=traveling target=- reason='unstick' status=success (repeat)
2026-09-20 19:48:38.266  INFO   decision    mode=traveling behavior=traveling action=traveling target=- reason='walk to shop (buy_hp_potions)' status=success (repeat)
2026-09-20 19:48:47.358  INFO   decision    mode=traveling behavior=traveling action=traveling target=- reason='walk to shop (buy_hp_potions)' status=success (repeat)
2026-09-20 19:48:55.456  INFO   decision    mode=traveling behavior=traveling action=traveling target=- reason='walk to shop (buy_hp_potions)' status=success (repeat)
2026-09-20 19:49:03.360  INFO   decision    mode=traveling behavior=traveling action=traveling target=- reason='unstick' status=success (repeat)
2026-09-20 19:49:11.583  INFO   decision    mode=traveling behavior=traveling action=traveling target=- reason='walk to shop (buy_hp_potions)' status=success (repeat)
2026-09-20 19:49:19.590  INFO   decision    mode=traveling behavior=traveling action=traveling target=- reason='walk to shop (buy_hp_potions)' status=success (repeat)
2026-09-20 19:49:21.543  INFO   session     Auto-pause (cursor_outside)
2026-09-20 19:49:22.088  INFO   session     Auto-resume → Running
2026-09-20 19:49:22.217  INFO   session     Memory snapshot failed: write to monitor failed
2026-09-20 19:49:22.351  INFO   session     Auto-pause (cursor_outside)
2026-09-20 19:49:22.621  INFO   session     Auto-resume → Running
2026-09-20 19:49:23.172  INFO   session     Auto-pause (cursor_outside)
2026-09-20 19:49:23.451  INFO   session     Auto-resume → Running
2026-09-20 19:49:24.796  INFO   session     Auto-pause (cursor_outside)
2026-09-20 19:49:25.088  INFO   session     Auto-resume → Running
2026-09-20 19:49:26.508  INFO   session     Stop → Stopped
2026-09-20 19:49:31.783  INFO   session     Bot worker exited
