2026-09-29 19:49:15.692  INFO   session     Loading Manmabot from D:\KRR\1.LCBot\ManmabotV1_final\engine
2026-09-29 19:49:16.175  INFO   session     Session log D:\KRR\1.LCBot\ManmabotV1_final\engine\logs\bot-20260929-194915.log
2026-09-29 19:49:16.403  INFO   session     character=elf loot=adena_only game_lang=ko map=talking_island farms=['area_1', 'area_3'] file=D:\KRR\1.LCBot\ManmabotV1_final\engine\logs\bot-20260929-194915.log
2026-09-29 19:49:16.996  INFO   nav         building portal graph (cluster=32, 512x576)
2026-09-29 19:49:17.675  INFO   nav         portal graph: 189 components, 620 ms
2026-09-29 19:49:17.705  INFO   nav         farms=2 safe=11 home=(385, 246) (files farm=D:\KRR\1.LCBot\ManmabotV1_final\engine\maps\talking_island\farms.yaml safe=D:\KRR\1.LCBot\ManmabotV1_final\engine\maps\talking_island\safe.yaml home=D:\KRR\1.LCBot\ManmabotV1_final\engine\maps\talking_island\home.yaml)
2026-09-29 19:49:18.484  INFO   capture     mss window capture process='LC.exe' title=None content_aspect=4:3
2026-09-29 19:49:19.580  INFO   session     Entity clicks use memory names, species, and world cells. Image recognition still runs. Set memory.entity_source to vision to restore image-only clicks.
2026-09-29 19:49:20.020  INFO   session     Player memory is read in this process (realtime_monitor.dll, offsets.json). No separate console.
2026-09-29 19:49:20.469  INFO   session     Inventory listen scanning in background (inventory_listen.dll or place inv.json).
2026-09-29 19:49:20.913  INFO   session     Reading hotbar from memory (24 slots)…
2026-09-29 19:49:22.351  INFO   session     Hotbar scan done · Power-up@box1/f5, Armor-up@box1/f6, Light@box1/f7, Heal@box1/f8, HP potion@box2/f9, Teleport@box1/f10, Mage attack@box1/f12, Talking scroll@box2/f5, Mother tree@box2/f6, HP to MP@box2/f7
2026-09-29 19:49:22.875  INFO   session     Unmapped hotbar icons: box1/f8:SPELL, box1/f11:Adena, box1/f12:Arrow, box2/f10:Silver Arrow, box2/f12:속도향상 물약, box3/f10:SPELL
2026-09-29 19:49:23.366  INFO   session     Loop ready · Elf · Korean · map=Talking Island · loot=Adená only · farms=Area 1, Area 3
2026-09-29 19:49:24.665  INFO   session     Entity shadow: vision=3 {'npc': 2, 'monster': 1} memory=2 {'monster': 2} paired=0 median=0.000 unleveled=68:경비병,10:경비병
2026-09-29 19:49:25.162  INFO   session     Inventory listen ready (dll) · hp=42 arrows=9211 silver=0 depoison=0
2026-09-29 19:49:25.390  INFO   search      farm branch=none (wander/search next)
2026-09-29 19:49:25.582  INFO   travel      return/enter farm needed at (352,240)
2026-09-29 19:49:25.773  INFO   search      farm branch=none (wander/search next)
2026-09-29 19:49:26.035  INFO   travel      hop begin wp=(352, 254) purpose=enter_farm reason=enter farm area
2026-09-29 19:49:26.211  INFO   decision    mode=traveling goal=traveling action=traveling target=- sticky=- origin=(352,240) shop=0 scrolled=0 reason='enter farm area' status=success
2026-09-29 19:49:27.022  INFO   search      farm branch=none (wander/search next)
2026-09-29 19:49:28.147  INFO   search      farm branch=none (wander/search next)
2026-09-29 19:49:28.414  INFO   travel      hop begin wp=(351, 256) purpose=enter_farm reason=enter farm area
2026-09-29 19:49:28.493  INFO   action      travel click failed (no NORMAL in ring) travel=True search=False loot=False
2026-09-29 19:49:29.763  INFO   session     Entity shadow: vision=3 {'player': 1, 'npc': 2} memory=3 {'monster': 3} paired=0 median=0.000 unleveled=10:경비병,68:경비병
2026-09-29 19:49:29.975  INFO   session     Stop → Stopped
