2026-09-21 09:40:01.120  INFO   session     Auto-pause (cursor_outside)
2026-09-21 09:40:01.142  INFO   session     Loading Manmabot from D:\ManmabotV1\engine
2026-09-21 09:40:01.170  INFO   session     Session log D:\ManmabotV1\engine\logs\bot-20260921-094001.log
2026-09-21 09:40:01.171  INFO   session     character=elf loot=all_items game_lang=ko map=talking_island farms=['area_1', 'area_2', 'area_3', 'area_4'] file=D:\ManmabotV1\engine\logs\bot-20260921-094001.log
2026-09-21 09:40:01.230  INFO   nav         building portal graph (cluster=32, 479x511)
2026-09-21 09:40:01.499  INFO   nav         portal graph: 188 components, 269 ms
2026-09-21 09:40:01.506  INFO   nav         farms=4 safe=11 home=(354, 203) (files farm=D:\ManmabotV1\engine\maps\talking_island\farms.yaml safe=D:\ManmabotV1\engine\maps\talking_island\safe.yaml home=D:\ManmabotV1\engine\maps\talking_island\home.yaml)
2026-09-21 09:40:01.524  INFO   capture     mss window capture process='LC.exe' title=None content_aspect=4:3
2026-09-21 09:40:01.555  INFO   session     Auto-resume → Running
2026-09-21 09:40:01.855  INFO   session     Auto-pause (cursor_outside)
2026-09-21 09:40:01.944  INFO   session     Entity clicks use memory names, species, and world cells. Image recognition still runs. Set memory.entity_source to vision to restore image-only clicks.
2026-09-21 09:40:01.963  INFO   session     Player memory is read in this process (realtime_monitor.dll, offsets.json). No separate console.
2026-09-21 09:40:01.971  INFO   session     Scanning hotbar (skill boxes 1–3)…
2026-09-21 09:40:02.154  INFO   session     Auto-resume → Running
2026-09-21 09:40:02.433  INFO   session     Auto-pause (cursor_outside)
2026-09-21 09:40:02.811  INFO   session     Auto-resume → Running
2026-09-21 09:40:03.272  INFO   session     Auto-pause (cursor_outside)
2026-09-21 09:40:03.670  INFO   session     Auto-resume → Running
2026-09-21 09:40:06.545  INFO   session     Hotbar scan done · hp_potion@box1/f5, talking_scroll@box1/f8
2026-09-21 09:40:06.549  INFO   session     Loop ready · elf · ko · map=talking_island · loot=all_items · farms=['area_1', 'area_2', 'area_3', 'area_4']
2026-09-21 09:40:07.604  INFO   session     Entity shadow: vision=47 {'player': 43, 'npc': 3, 'monster': 1} memory=81 {'player': 74, 'npc': 6, 'monster': 1} paired=43 median=0.030 unleveled=319:?
2026-09-21 09:40:07.637  INFO   decision    mode=traveling behavior=traveling action=idle target=- reason='enter farm, path blocked' status=success
2026-09-21 09:40:08.039  INFO   decision    mode=traveling behavior=enter_farm action=idle target=- reason='enter farm, path blocked' status=success
2026-09-21 09:40:12.687  INFO   session     Entity shadow: vision=46 {'player': 43, 'npc': 3} memory=84 {'player': 77, 'npc': 6, 'monster': 1} paired=44 median=0.039 unleveled=319:?
2026-09-21 09:40:17.777  INFO   session     Entity shadow: vision=44 {'player': 43, 'npc': 1} memory=83 {'player': 76, 'npc': 6, 'monster': 1} paired=41 median=0.037 unleveled=319:?
2026-09-21 09:40:20.103  INFO   decision    mode=traveling behavior=enter_farm action=idle target=- reason='enter farm, path blocked' status=success (repeat)
2026-09-21 09:40:23.060  INFO   session     Entity shadow: vision=51 {'player': 47, 'npc': 3, 'monster': 1} memory=91 {'player': 85, 'npc': 6} paired=46 median=0.031
2026-09-21 09:40:28.104  INFO   session     Entity shadow: vision=46 {'player': 40, 'npc': 6} memory=94 {'player': 88, 'npc': 6} paired=39 median=0.030
2026-09-21 09:40:30.222  INFO   session     Paused — hotkey
2026-09-21 09:40:37.070  INFO   session     Resume → Running
2026-09-21 09:40:37.399  INFO   session     Entity shadow: vision=46 {'npc': 4, 'player': 41, 'monster': 1} memory=98 {'player': 92, 'npc': 6} paired=42 median=0.034
2026-09-21 09:40:40.552  INFO   decision    mode=traveling behavior=enter_farm action=idle target=- reason='enter farm, path blocked' status=success (repeat)
2026-09-21 09:40:42.908  INFO   session     Entity shadow: vision=45 {'npc': 3, 'player': 39, 'monster': 2, 'item': 1} memory=87 {'player': 82, 'npc': 5} paired=34 median=0.063
2026-09-21 09:40:48.110  INFO   session     Entity shadow: vision=37 {'player': 34, 'monster': 1, 'npc': 2} memory=83 {'player': 76, 'npc': 7} paired=34 median=0.048
2026-09-21 09:40:53.150  INFO   session     Entity shadow: vision=35 {'player': 33, 'monster': 2} memory=86 {'player': 79, 'npc': 7} paired=33 median=0.044
2026-09-21 09:40:55.038  INFO   decision    mode=traveling behavior=enter_farm action=idle target=- reason='enter farm, path blocked' status=success (repeat)
2026-09-21 09:40:58.342  INFO   session     Entity shadow: vision=17 {'player': 14, 'monster': 1, 'npc': 2} memory=27 {'player': 20, 'npc': 7} paired=11 median=0.069
2026-09-21 09:41:03.333  INFO   session     Entity shadow: vision=5 {'player': 5} memory=16 {'player': 10, 'npc': 6} paired=4 median=0.057
2026-09-21 09:41:04.923  INFO   session     Auto-pause (cursor_outside)
2026-09-21 09:41:05.225  INFO   session     Auto-resume → Running
2026-09-21 09:41:06.895  INFO   decision    mode=traveling behavior=enter_farm action=idle target=- reason='enter farm, path blocked' status=success (repeat)
2026-09-21 09:41:08.424  INFO   session     Entity shadow: vision=12 {'npc': 3, 'player': 9} memory=53 {'player': 51, 'npc': 2} paired=11 median=0.024
2026-09-21 09:41:08.469  INFO   decision    mode=traveling behavior=traveling action=traveling target=- reason='enter farm area' status=success
2026-09-21 09:41:13.473  INFO   session     Entity shadow: vision=18 {'player': 13, 'npc': 5} memory=60 {'player': 57, 'npc': 2, 'monster': 1} paired=14 median=0.020 unleveled=68:警衛
2026-09-21 09:41:18.513  INFO   session     Entity shadow: vision=10 {'player': 5, 'npc': 5} memory=9 {'monster': 4, 'player': 4, 'npc': 1} paired=5 median=0.014 unleveled=10:警衛,68:警衛
2026-09-21 09:41:20.978  INFO   decision    mode=traveling behavior=traveling action=traveling target=- reason='enter farm area' status=success (repeat)
2026-09-21 09:41:23.507  INFO   session     Entity shadow: vision=11 {'player': 6, 'npc': 5} memory=10 {'monster': 5, 'player': 4, 'npc': 1} paired=5 median=0.022 unleveled=10:警衛,68:警衛
2026-09-21 09:41:28.541  INFO   session     Entity shadow: vision=11 {'player': 5, 'npc': 6} memory=10 {'monster': 5, 'player': 4, 'npc': 1} paired=5 median=0.008 unleveled=10:警衛,68:警衛
2026-09-21 09:41:30.581  INFO   decision    mode=traveling behavior=traveling action=traveling target=- reason='enter farm area' status=success (repeat)
2026-09-21 09:41:33.540  INFO   session     Entity shadow: vision=12 {'player': 5, 'npc': 6, 'monster': 1} memory=11 {'player': 5, 'monster': 5, 'npc': 1} paired=5 median=0.010 unleveled=10:警衛,68:警衛
2026-09-21 09:41:38.662  INFO   session     Entity shadow: vision=10 {'player': 5, 'npc': 5} memory=9 {'monster': 4, 'player': 4, 'npc': 1} paired=5 median=0.009 unleveled=10:警衛,68:警衛
2026-09-21 09:41:40.148  INFO   decision    mode=traveling behavior=traveling action=traveling target=- reason='enter farm area' status=success (repeat)
2026-09-21 09:41:43.672  INFO   session     Entity shadow: vision=11 {'player': 5, 'npc': 5, 'monster': 1} memory=10 {'player': 5, 'monster': 4, 'npc': 1} paired=5 median=0.008 unleveled=10:警衛,68:警衛
2026-09-21 09:41:48.798  INFO   session     Entity shadow: vision=10 {'player': 5, 'npc': 5} memory=9 {'monster': 4, 'player': 4, 'npc': 1} paired=5 median=0.010 unleveled=10:警衛,68:警衛
2026-09-21 09:41:49.429  INFO   decision    mode=traveling behavior=traveling action=traveling target=- reason='enter farm area' status=success (repeat)
2026-09-21 09:41:53.862  INFO   session     Entity shadow: vision=10 {'player': 5, 'npc': 5} memory=9 {'monster': 4, 'player': 4, 'npc': 1} paired=5 median=0.009 unleveled=10:警衛,68:警衛
2026-09-21 09:41:58.754  INFO   decision    mode=traveling behavior=traveling action=traveling target=- reason='enter farm area' status=success (repeat)
2026-09-21 09:41:58.885  INFO   session     Entity shadow: vision=11 {'player': 5, 'npc': 6} memory=10 {'monster': 5, 'player': 4, 'npc': 1} paired=5 median=0.009 unleveled=10:警衛,68:警衛
2026-09-21 09:42:04.053  INFO   session     Entity shadow: vision=10 {'player': 5, 'npc': 5} memory=9 {'monster': 4, 'player': 4, 'npc': 1} paired=5 median=0.010 unleveled=10:警衛,68:警衛
2026-09-21 09:42:08.271  INFO   decision    mode=traveling behavior=traveling action=traveling target=- reason='enter farm area' status=success (repeat)
2026-09-21 09:42:09.138  INFO   session     Entity shadow: vision=10 {'player': 5, 'npc': 5} memory=9 {'monster': 4, 'player': 4, 'npc': 1} paired=5 median=0.009 unleveled=10:警衛,68:警衛
2026-09-21 09:42:14.274  INFO   session     Entity shadow: vision=10 {'player': 5, 'npc': 5} memory=9 {'monster': 4, 'player': 4, 'npc': 1} paired=5 median=0.008 unleveled=10:警衛,68:警衛
2026-09-21 09:42:17.192  INFO   decision    mode=traveling behavior=traveling action=traveling target=- reason='enter farm area' status=success (repeat)
2026-09-21 09:42:19.394  INFO   session     Entity shadow: vision=10 {'player': 5, 'npc': 5} memory=9 {'monster': 4, 'player': 4, 'npc': 1} paired=5 median=0.010 unleveled=10:警衛,68:警衛
2026-09-21 09:42:24.522  INFO   session     Entity shadow: vision=10 {'player': 5, 'npc': 5} memory=9 {'monster': 4, 'player': 4, 'npc': 1} paired=5 median=0.009 unleveled=10:警衛,68:警衛
2026-09-21 09:42:26.091  INFO   decision    mode=traveling behavior=traveling action=traveling target=- reason='enter farm area' status=success (repeat)
2026-09-21 09:42:29.615  INFO   session     Entity shadow: vision=10 {'player': 5, 'npc': 5} memory=9 {'monster': 4, 'player': 4, 'npc': 1} paired=5 median=0.009 unleveled=10:警衛,68:警衛
2026-09-21 09:42:34.701  INFO   session     Entity shadow: vision=6 {'player': 1, 'npc': 5} memory=5 {'monster': 5} paired=0 median=0.000 unleveled=10:警衛,68:警衛
2026-09-21 09:42:35.174  INFO   decision    mode=traveling behavior=traveling action=traveling target=- reason='enter farm area' status=success (repeat)
2026-09-21 09:42:39.826  INFO   session     Entity shadow: vision=5 {'player': 2, 'npc': 3} memory=6 {'monster': 4, 'npc': 1, 'player': 1} paired=1 median=0.041 unleveled=10:警衛,68:警衛
2026-09-21 09:42:44.865  INFO   session     Entity shadow: vision=4 {'player': 2, 'npc': 2} memory=6 {'player': 4, 'monster': 2} paired=1 median=0.060 unleveled=10:警衛,68:警衛
2026-09-21 09:42:44.890  INFO   decision    mode=traveling behavior=traveling action=traveling target=- reason='enter farm area' status=success (repeat)
2026-09-21 09:42:50.011  INFO   session     Entity shadow: vision=8 {'npc': 3, 'player': 4, 'monster': 1} memory=24 {'player': 18, 'monster': 4, 'npc': 2} paired=6 median=0.040 unleveled=10:警衛,14:青蛙,68:警衛
2026-09-21 09:42:55.426  INFO   session     Entity shadow: vision=17 {'player': 11, 'npc': 2, 'monster': 4} memory=30 {'player': 19, 'npc': 7, 'monster': 4} paired=13 median=0.038 unleveled=14:青蛙,10:警衛
2026-09-21 09:42:56.352  INFO   decision    mode=traveling behavior=combat action=attack target=228 reason='engage target' status=success
2026-09-21 09:42:57.785  INFO   decision    mode=traveling behavior=traveling action=traveling target=- reason='enter farm area' status=success
2026-09-21 09:43:00.629  INFO   session     Entity shadow: vision=40 {'player': 32, 'npc': 4, 'monster': 4} memory=53 {'player': 43, 'monster': 3, 'npc': 7} paired=36 median=0.073 unleveled=14:青蛙,319:?
2026-09-21 09:43:05.634  INFO   session     Entity shadow: vision=29 {'player': 26, 'npc': 3} memory=56 {'player': 48, 'monster': 2, 'npc': 6} paired=28 median=0.030 unleveled=10:警衛,319:?
2026-09-21 09:43:11.106  INFO   session     Entity shadow: vision=24 {'player': 19, 'npc': 5} memory=46 {'monster': 2, 'player': 38, 'npc': 6} paired=20 median=0.071 unleveled=10:警衛,319:?
2026-09-21 09:43:16.265  INFO   session     Entity shadow: vision=19 {'player': 15, 'npc': 4} memory=40 {'player': 33, 'npc': 6, 'monster': 1} paired=15 median=0.048 unleveled=319:?
2026-09-21 09:43:18.859  INFO   decision    mode=traveling behavior=traveling action=traveling target=- reason='enter farm area' status=success (repeat)
2026-09-21 09:43:21.410  INFO   session     Entity shadow: vision=19 {'player': 15, 'npc': 3, 'monster': 1} memory=39 {'player': 33, 'npc': 6} paired=15 median=0.066
2026-09-21 09:43:26.618  INFO   session     Entity shadow: vision=6 {'player': 2, 'npc': 4} memory=9 {'monster': 2, 'player': 4, 'npc': 3} paired=3 median=0.053 unleveled=68:警衛,10:警衛
2026-09-21 09:43:29.606  INFO   decision    mode=traveling behavior=traveling action=traveling target=- reason='enter farm area' status=success (repeat)
2026-09-21 09:43:31.752  INFO   session     Entity shadow: vision=5 {'monster': 1, 'npc': 3, 'player': 1} memory=8 {'monster': 2, 'player': 4, 'npc': 2} paired=2 median=0.034 unleveled=68:警衛,10:警衛
2026-09-21 09:43:36.846  INFO   session     Entity shadow: vision=5 {'npc': 3, 'player': 1, 'monster': 1} memory=7 {'monster': 2, 'player': 3, 'npc': 2} paired=2 median=0.035 unleveled=68:警衛,10:警衛
2026-09-21 09:43:38.174  INFO   decision    mode=traveling behavior=traveling action=traveling target=- reason='enter farm area' status=success (repeat)
2026-09-21 09:43:41.826  INFO   session     Entity shadow: vision=5 {'monster': 2, 'npc': 2, 'player': 1} memory=8 {'player': 4, 'monster': 2, 'npc': 2} paired=1 median=0.023 unleveled=68:警衛,10:警衛
2026-09-21 09:43:46.704  INFO   decision    mode=traveling behavior=traveling action=traveling target=- reason='enter farm area' status=success (repeat)
2026-09-21 09:43:46.874  INFO   session     Entity shadow: vision=5 {'monster': 1, 'npc': 3, 'player': 1} memory=8 {'player': 4, 'monster': 2, 'npc': 2} paired=2 median=0.035 unleveled=68:警衛,10:警衛
2026-09-21 09:43:52.020  INFO   session     Entity shadow: vision=5 {'player': 1, 'npc': 3, 'monster': 1} memory=8 {'player': 4, 'monster': 2, 'npc': 2} paired=2 median=0.034 unleveled=68:警衛,10:警衛
2026-09-21 09:43:55.172  INFO   decision    mode=traveling behavior=traveling action=traveling target=- reason='enter farm area' status=success (repeat)
2026-09-21 09:43:57.153  INFO   session     Entity shadow: vision=5 {'npc': 3, 'player': 1, 'monster': 1} memory=8 {'player': 4, 'monster': 2, 'npc': 2} paired=2 median=0.035 unleveled=68:警衛,10:警衛
2026-09-21 09:44:02.276  INFO   session     Entity shadow: vision=5 {'monster': 2, 'player': 1, 'npc': 2} memory=8 {'player': 4, 'monster': 2, 'npc': 2} paired=1 median=0.024 unleveled=68:警衛,10:警衛
2026-09-21 09:44:03.664  INFO   decision    mode=traveling behavior=traveling action=traveling target=- reason='enter farm area' status=success (repeat)
2026-09-21 09:44:07.356  INFO   session     Entity shadow: vision=5 {'monster': 1, 'player': 1, 'npc': 3} memory=8 {'player': 4, 'monster': 2, 'npc': 2} paired=2 median=0.035 unleveled=68:警衛,10:警衛
2026-09-21 09:44:12.569  INFO   session     Entity shadow: vision=5 {'player': 1, 'npc': 3, 'monster': 1} memory=8 {'player': 4, 'monster': 2, 'npc': 2} paired=2 median=0.034 unleveled=68:警衛,10:警衛
2026-09-21 09:44:12.594  INFO   decision    mode=traveling behavior=traveling action=traveling target=- reason='enter farm area' status=success (repeat)
2026-09-21 09:44:17.695  INFO   session     Entity shadow: vision=4 {'npc': 3, 'player': 1} memory=9 {'player': 5, 'monster': 2, 'npc': 2} paired=2 median=0.035 unleveled=68:警衛,10:警衛
2026-09-21 09:44:21.577  INFO   decision    mode=traveling behavior=traveling action=traveling target=- reason='enter farm area' status=success (repeat)
2026-09-21 09:44:22.922  INFO   session     Entity shadow: vision=4 {'npc': 2, 'monster': 1, 'player': 1} memory=9 {'player': 5, 'monster': 2, 'npc': 2} paired=1 median=0.023 unleveled=68:警衛,10:警衛
2026-09-21 09:44:27.929  INFO   session     Entity shadow: vision=4 {'npc': 2, 'monster': 1, 'player': 1} memory=8 {'monster': 2, 'player': 4, 'npc': 2} paired=1 median=0.023 unleveled=68:警衛,10:警衛
2026-09-21 09:44:30.226  INFO   decision    mode=traveling behavior=traveling action=traveling target=- reason='enter farm area' status=success (repeat)
2026-09-21 09:44:33.027  INFO   session     Entity shadow: vision=5 {'monster': 1, 'npc': 3, 'player': 1} memory=7 {'monster': 2, 'player': 3, 'npc': 2} paired=2 median=0.034 unleveled=68:警衛,10:警衛
2026-09-21 09:44:38.059  INFO   session     Entity shadow: vision=5 {'npc': 3, 'player': 1, 'monster': 1} memory=7 {'monster': 2, 'player': 3, 'npc': 2} paired=2 median=0.035 unleveled=68:警衛,10:警衛
2026-09-21 09:44:38.783  INFO   decision    mode=traveling behavior=traveling action=traveling target=- reason='enter farm area' status=success (repeat)
2026-09-21 09:44:43.147  INFO   session     Entity shadow: vision=5 {'monster': 1, 'npc': 3, 'player': 1} memory=7 {'monster': 2, 'player': 3, 'npc': 2} paired=2 median=0.034 unleveled=68:警衛,10:警衛
2026-09-21 09:44:47.597  INFO   decision    mode=traveling behavior=traveling action=traveling target=- reason='enter farm area' status=success (repeat)
2026-09-21 09:44:48.153  INFO   session     Entity shadow: vision=5 {'monster': 1, 'npc': 3, 'player': 1} memory=7 {'monster': 2, 'player': 3, 'npc': 2} paired=2 median=0.034 unleveled=68:警衛,10:警衛
2026-09-21 09:44:53.311  INFO   session     Entity shadow: vision=5 {'monster': 2, 'npc': 2, 'player': 1} memory=7 {'monster': 2, 'player': 3, 'npc': 2} paired=1 median=0.024 unleveled=68:警衛,10:警衛
2026-09-21 09:44:56.575  INFO   decision    mode=traveling behavior=traveling action=traveling target=- reason='enter farm area' status=success (repeat)
2026-09-21 09:44:58.442  INFO   session     Entity shadow: vision=6 {'player': 2, 'monster': 2, 'npc': 2} memory=8 {'player': 4, 'monster': 2, 'npc': 2} paired=2 median=0.024 unleveled=68:警衛,10:警衛
2026-09-21 09:45:03.476  INFO   session     Entity shadow: vision=5 {'player': 1, 'npc': 3, 'monster': 1} memory=8 {'player': 4, 'monster': 2, 'npc': 2} paired=2 median=0.034 unleveled=68:警衛,10:警衛
2026-09-21 09:45:05.527  INFO   decision    mode=traveling behavior=traveling action=traveling target=- reason='enter farm area' status=success (repeat)
2026-09-21 09:45:08.586  INFO   session     Entity shadow: vision=5 {'npc': 2, 'player': 2, 'monster': 1} memory=8 {'player': 4, 'monster': 2, 'npc': 2} paired=2 median=0.024 unleveled=68:警衛,10:警衛
2026-09-21 09:45:13.740  INFO   session     Entity shadow: vision=5 {'npc': 3, 'player': 1, 'monster': 1} memory=7 {'monster': 2, 'player': 3, 'npc': 2} paired=2 median=0.034 unleveled=68:警衛,10:警衛
2026-09-21 09:45:14.206  INFO   decision    mode=traveling behavior=traveling action=traveling target=- reason='enter farm area' status=success (repeat)
2026-09-21 09:45:18.751  INFO   session     Entity shadow: vision=5 {'npc': 3, 'player': 1, 'monster': 1} memory=7 {'monster': 2, 'player': 3, 'npc': 2} paired=2 median=0.034 unleveled=68:警衛,10:警衛
2026-09-21 09:45:22.758  INFO   decision    mode=traveling behavior=traveling action=traveling target=- reason='enter farm area' status=success (repeat)
2026-09-21 09:45:23.831  INFO   session     Entity shadow: vision=5 {'player': 1, 'monster': 2, 'npc': 2} memory=7 {'monster': 2, 'player': 3, 'npc': 2} paired=1 median=0.024 unleveled=68:警衛,10:警衛
2026-09-21 09:45:28.944  INFO   session     Entity shadow: vision=5 {'monster': 1, 'npc': 3, 'player': 1} memory=7 {'monster': 2, 'player': 3, 'npc': 2} paired=2 median=0.034 unleveled=68:警衛,10:警衛
2026-09-21 09:45:31.513  INFO   decision    mode=traveling behavior=traveling action=traveling target=- reason='enter farm area' status=success (repeat)
2026-09-21 09:45:33.996  INFO   session     Entity shadow: vision=5 {'monster': 2, 'npc': 2, 'player': 1} memory=7 {'monster': 2, 'player': 3, 'npc': 2} paired=1 median=0.024 unleveled=68:警衛,10:警衛
2026-09-21 09:45:39.104  INFO   session     Entity shadow: vision=5 {'monster': 2, 'npc': 2, 'player': 1} memory=7 {'monster': 2, 'player': 3, 'npc': 2} paired=1 median=0.023 unleveled=68:警衛,10:警衛
2026-09-21 09:45:39.944  INFO   decision    mode=traveling behavior=traveling action=traveling target=- reason='enter farm area' status=success (repeat)
2026-09-21 09:45:44.399  INFO   session     Entity shadow: vision=5 {'npc': 3, 'player': 1, 'monster': 1} memory=7 {'monster': 2, 'player': 3, 'npc': 2} paired=2 median=0.034 unleveled=68:警衛,10:警衛
2026-09-21 09:45:48.738  INFO   decision    mode=traveling behavior=traveling action=traveling target=- reason='enter farm area' status=success (repeat)
2026-09-21 09:45:49.396  INFO   session     Entity shadow: vision=5 {'monster': 2, 'npc': 2, 'player': 1} memory=7 {'monster': 2, 'player': 3, 'npc': 2} paired=1 median=0.024 unleveled=68:警衛,10:警衛
2026-09-21 09:45:54.477  INFO   session     Entity shadow: vision=5 {'monster': 2, 'npc': 2, 'player': 1} memory=7 {'monster': 2, 'player': 3, 'npc': 2} paired=1 median=0.024 unleveled=68:警衛,10:警衛
2026-09-21 09:45:57.266  INFO   decision    mode=traveling behavior=traveling action=traveling target=- reason='enter farm area' status=success (repeat)
2026-09-21 09:45:59.564  INFO   session     Entity shadow: vision=5 {'monster': 2, 'npc': 2, 'player': 1} memory=7 {'monster': 2, 'player': 3, 'npc': 2} paired=1 median=0.024 unleveled=68:警衛,10:警衛
2026-09-21 09:46:04.542  INFO   session     Entity shadow: vision=5 {'npc': 3, 'player': 1, 'monster': 1} memory=8 {'monster': 3, 'player': 3, 'npc': 2} paired=2 median=0.034 unleveled=14:青蛙,68:警衛,10:警衛
2026-09-21 09:46:05.926  INFO   decision    mode=traveling behavior=traveling action=traveling target=- reason='enter farm area' status=success (repeat)
2026-09-21 09:46:09.626  INFO   session     Entity shadow: vision=5 {'npc': 3, 'player': 1, 'monster': 1} memory=7 {'monster': 2, 'player': 3, 'npc': 2} paired=2 median=0.034 unleveled=68:警衛,10:警衛
2026-09-21 09:46:14.554  INFO   decision    mode=traveling behavior=traveling action=traveling target=- reason='enter farm area' status=success (repeat)
2026-09-21 09:46:14.679  INFO   session     Entity shadow: vision=5 {'npc': 2, 'monster': 2, 'player': 1} memory=7 {'monster': 2, 'player': 3, 'npc': 2} paired=1 median=0.024 unleveled=68:警衛,10:警衛
2026-09-21 09:46:19.786  INFO   session     Entity shadow: vision=5 {'npc': 3, 'player': 1, 'monster': 1} memory=7 {'monster': 2, 'player': 3, 'npc': 2} paired=2 median=0.034 unleveled=68:警衛,10:警衛
2026-09-21 09:46:23.041  INFO   decision    mode=traveling behavior=traveling action=traveling target=- reason='enter farm area' status=success (repeat)
2026-09-21 09:46:24.892  INFO   session     Entity shadow: vision=5 {'monster': 1, 'npc': 3, 'player': 1} memory=7 {'monster': 2, 'player': 3, 'npc': 2} paired=2 median=0.035 unleveled=68:警衛,10:警衛
2026-09-21 09:46:30.042  INFO   session     Entity shadow: vision=5 {'monster': 1, 'player': 1, 'npc': 3} memory=7 {'monster': 2, 'player': 3, 'npc': 2} paired=2 median=0.034 unleveled=68:警衛,10:警衛
2026-09-21 09:46:31.571  INFO   decision    mode=traveling behavior=traveling action=traveling target=- reason='enter farm area' status=success (repeat)
2026-09-21 09:46:35.150  INFO   session     Entity shadow: vision=5 {'monster': 2, 'npc': 2, 'player': 1} memory=7 {'monster': 2, 'player': 3, 'npc': 2} paired=1 median=0.024 unleveled=68:警衛,10:警衛
2026-09-21 09:46:40.003  INFO   decision    mode=traveling behavior=traveling action=traveling target=- reason='enter farm area' status=success (repeat)
2026-09-21 09:46:40.165  INFO   session     Entity shadow: vision=5 {'npc': 3, 'player': 1, 'monster': 1} memory=7 {'monster': 2, 'player': 3, 'npc': 2} paired=2 median=0.034 unleveled=68:警衛,10:警衛
2026-09-21 09:46:45.259  INFO   session     Entity shadow: vision=5 {'monster': 1, 'npc': 3, 'player': 1} memory=7 {'monster': 2, 'player': 3, 'npc': 2} paired=2 median=0.035 unleveled=68:警衛,10:警衛
2026-09-21 09:46:48.375  INFO   decision    mode=traveling behavior=traveling action=traveling target=- reason='enter farm area' status=success (repeat)
2026-09-21 09:46:50.303  INFO   session     Entity shadow: vision=5 {'monster': 1, 'npc': 3, 'player': 1} memory=7 {'monster': 2, 'player': 3, 'npc': 2} paired=2 median=0.035 unleveled=68:警衛,10:警衛
2026-09-21 09:46:55.420  INFO   session     Entity shadow: vision=5 {'monster': 2, 'npc': 2, 'player': 1} memory=8 {'monster': 3, 'player': 3, 'npc': 2} paired=1 median=0.024 unleveled=14:青蛙,68:警衛,10:警衛
2026-09-21 09:46:56.926  INFO   decision    mode=traveling behavior=traveling action=traveling target=- reason='enter farm area' status=success (repeat)
2026-09-21 09:47:00.580  INFO   session     Entity shadow: vision=5 {'npc': 3, 'player': 1, 'monster': 1} memory=8 {'monster': 3, 'player': 3, 'npc': 2} paired=2 median=0.035 unleveled=14:青蛙,68:警衛,10:警衛
2026-09-21 09:47:05.594  INFO   decision    mode=traveling behavior=traveling action=traveling target=- reason='enter farm area' status=success (repeat)
2026-09-21 09:47:05.751  INFO   session     Entity shadow: vision=5 {'npc': 3, 'player': 1, 'monster': 1} memory=9 {'monster': 4, 'player': 3, 'npc': 2} paired=2 median=0.035 unleveled=14:青蛙,68:警衛,10:警衛
2026-09-21 09:47:10.857  INFO   session     Entity shadow: vision=5 {'monster': 1, 'npc': 3, 'player': 1} memory=8 {'monster': 3, 'player': 3, 'npc': 2} paired=2 median=0.034 unleveled=14:青蛙,68:警衛,10:警衛
2026-09-21 09:47:14.182  INFO   decision    mode=traveling behavior=traveling action=traveling target=- reason='enter farm area' status=success (repeat)
2026-09-21 09:47:15.896  INFO   session     Entity shadow: vision=5 {'monster': 2, 'npc': 2, 'player': 1} memory=8 {'monster': 3, 'player': 3, 'npc': 2} paired=1 median=0.024 unleveled=14:青蛙,68:警衛,10:警衛
2026-09-21 09:47:20.963  INFO   session     Entity shadow: vision=5 {'monster': 2, 'npc': 2, 'player': 1} memory=9 {'monster': 3, 'player': 4, 'npc': 2} paired=1 median=0.024 unleveled=14:青蛙,68:警衛,10:警衛
2026-09-21 09:47:22.992  INFO   decision    mode=traveling behavior=traveling action=traveling target=- reason='enter farm area' status=success (repeat)
2026-09-21 09:47:26.027  INFO   session     Entity shadow: vision=5 {'monster': 2, 'npc': 2, 'player': 1} memory=10 {'monster': 4, 'player': 4, 'npc': 2} paired=2 median=0.073 unleveled=14:青蛙,68:警衛,10:警衛
2026-09-21 09:47:31.145  INFO   session     Entity shadow: vision=5 {'npc': 3, 'monster': 1, 'player': 1} memory=10 {'monster': 4, 'player': 4, 'npc': 2} paired=3 median=0.034 unleveled=14:青蛙,68:警衛,10:警衛
2026-09-21 09:47:31.776  INFO   decision    mode=traveling behavior=traveling action=traveling target=- reason='enter farm area' status=success (repeat)
2026-09-21 09:47:36.232  INFO   session     Entity shadow: vision=5 {'monster': 2, 'npc': 2, 'player': 1} memory=10 {'monster': 4, 'player': 4, 'npc': 2} paired=2 median=0.104 unleveled=14:青蛙,68:警衛,10:警衛
2026-09-21 09:47:40.305  INFO   decision    mode=traveling behavior=traveling action=traveling target=- reason='enter farm area' status=success (repeat)
2026-09-21 09:47:41.272  INFO   session     Entity shadow: vision=5 {'npc': 2, 'monster': 2, 'player': 1} memory=10 {'monster': 4, 'player': 4, 'npc': 2} paired=2 median=0.072 unleveled=14:青蛙,68:警衛,10:警衛
2026-09-21 09:47:46.317  INFO   session     Entity shadow: vision=5 {'npc': 3, 'player': 1, 'monster': 1} memory=10 {'monster': 4, 'player': 4, 'npc': 2} paired=2 median=0.034 unleveled=14:青蛙,68:警衛,10:警衛
2026-09-21 09:47:48.812  INFO   decision    mode=traveling behavior=traveling action=traveling target=- reason='enter farm area' status=success (repeat)
2026-09-21 09:47:51.401  INFO   session     Entity shadow: vision=5 {'player': 1, 'npc': 3, 'monster': 1} memory=9 {'monster': 3, 'player': 4, 'npc': 2} paired=2 median=0.035 unleveled=14:青蛙,68:警衛,10:警衛
2026-09-21 09:47:56.432  INFO   session     Entity shadow: vision=5 {'monster': 1, 'npc': 3, 'player': 1} memory=9 {'monster': 3, 'player': 4, 'npc': 2} paired=2 median=0.034 unleveled=14:青蛙,68:警衛,10:警衛
2026-09-21 09:47:57.380  INFO   decision    mode=traveling behavior=traveling action=traveling target=- reason='enter farm area' status=success (repeat)
2026-09-21 09:48:01.450  INFO   session     Entity shadow: vision=5 {'npc': 2, 'monster': 2, 'player': 1} memory=9 {'monster': 3, 'player': 4, 'npc': 2} paired=2 median=0.096 unleveled=14:青蛙,68:警衛,10:警衛
2026-09-21 09:48:05.869  INFO   decision    mode=traveling behavior=traveling action=traveling target=- reason='enter farm area' status=success (repeat)
2026-09-21 09:48:06.604  INFO   session     Entity shadow: vision=5 {'npc': 3, 'monster': 1, 'player': 1} memory=8 {'monster': 2, 'player': 4, 'npc': 2} paired=2 median=0.034 unleveled=68:警衛,10:警衛
2026-09-21 09:48:11.672  INFO   session     Entity shadow: vision=5 {'monster': 1, 'npc': 3, 'player': 1} memory=8 {'monster': 2, 'player': 4, 'npc': 2} paired=2 median=0.035 unleveled=68:警衛,10:警衛
2026-09-21 09:48:14.324  INFO   decision    mode=traveling behavior=traveling action=traveling target=- reason='enter farm area' status=success (repeat)
2026-09-21 09:48:16.716  INFO   session     Entity shadow: vision=5 {'npc': 3, 'player': 1, 'monster': 1} memory=8 {'monster': 2, 'player': 4, 'npc': 2} paired=2 median=0.034 unleveled=68:警衛,10:警衛
2026-09-21 09:48:21.824  INFO   session     Entity shadow: vision=5 {'monster': 2, 'npc': 2, 'player': 1} memory=8 {'monster': 2, 'player': 4, 'npc': 2} paired=1 median=0.025 unleveled=68:警衛,10:警衛
2026-09-21 09:48:22.978  INFO   decision    mode=traveling behavior=traveling action=traveling target=- reason='enter farm area' status=success (repeat)
2026-09-21 09:48:26.884  INFO   session     Entity shadow: vision=5 {'monster': 2, 'npc': 2, 'player': 1} memory=9 {'monster': 3, 'player': 4, 'npc': 2} paired=2 median=0.114 unleveled=14:青蛙,68:警衛,10:警衛
2026-09-21 09:48:31.569  INFO   decision    mode=traveling behavior=traveling action=traveling target=- reason='enter farm area' status=success (repeat)
2026-09-21 09:48:32.016  INFO   session     Entity shadow: vision=5 {'monster': 2, 'npc': 2, 'player': 1} memory=9 {'monster': 3, 'player': 4, 'npc': 2} paired=1 median=0.024 unleveled=14:青蛙,68:警衛,10:警衛
2026-09-21 09:48:37.061  INFO   session     Entity shadow: vision=5 {'npc': 3, 'monster': 1, 'player': 1} memory=8 {'monster': 2, 'player': 4, 'npc': 2} paired=2 median=0.034 unleveled=68:警衛,10:警衛
2026-09-21 09:48:39.937  INFO   decision    mode=traveling behavior=traveling action=traveling target=- reason='enter farm area' status=success (repeat)
2026-09-21 09:48:42.234  INFO   session     Entity shadow: vision=5 {'npc': 2, 'monster': 2, 'player': 1} memory=8 {'monster': 2, 'player': 4, 'npc': 2} paired=1 median=0.025 unleveled=68:警衛,10:警衛
2026-09-21 09:48:47.371  INFO   session     Entity shadow: vision=5 {'monster': 2, 'npc': 2, 'player': 1} memory=8 {'monster': 2, 'player': 4, 'npc': 2} paired=1 median=0.024 unleveled=68:警衛,10:警衛
2026-09-21 09:48:48.587  INFO   decision    mode=traveling behavior=traveling action=traveling target=- reason='enter farm area' status=success (repeat)
2026-09-21 09:48:52.446  INFO   session     Entity shadow: vision=5 {'monster': 1, 'npc': 3, 'player': 1} memory=8 {'monster': 2, 'player': 4, 'npc': 2} paired=2 median=0.035 unleveled=68:警衛,10:警衛
2026-09-21 09:48:57.218  INFO   decision    mode=traveling behavior=traveling action=traveling target=- reason='enter farm area' status=success (repeat)
2026-09-21 09:48:57.510  INFO   session     Entity shadow: vision=5 {'npc': 3, 'monster': 1, 'player': 1} memory=9 {'player': 5, 'monster': 2, 'npc': 2} paired=2 median=0.034 unleveled=68:警衛,10:警衛
2026-09-21 09:49:02.546  INFO   session     Entity shadow: vision=5 {'monster': 2, 'npc': 2, 'player': 1} memory=9 {'player': 5, 'monster': 2, 'npc': 2} paired=1 median=0.024 unleveled=68:警衛,10:警衛
2026-09-21 09:49:05.742  INFO   decision    mode=traveling behavior=traveling action=traveling target=- reason='enter farm area' status=success (repeat)
2026-09-21 09:49:07.612  INFO   session     Entity shadow: vision=5 {'monster': 2, 'npc': 2, 'player': 1} memory=9 {'player': 5, 'monster': 2, 'npc': 2} paired=1 median=0.025 unleveled=68:警衛,10:警衛
2026-09-21 09:49:12.778  INFO   session     Entity shadow: vision=5 {'monster': 2, 'npc': 2, 'player': 1} memory=9 {'player': 5, 'monster': 2, 'npc': 2} paired=1 median=0.024 unleveled=68:警衛,10:警衛
2026-09-21 09:49:14.204  INFO   decision    mode=traveling behavior=traveling action=traveling target=- reason='enter farm area' status=success (repeat)
2026-09-21 09:49:17.814  INFO   session     Entity shadow: vision=5 {'npc': 3, 'player': 1, 'monster': 1} memory=9 {'player': 5, 'monster': 2, 'npc': 2} paired=2 median=0.034 unleveled=68:警衛,10:警衛
2026-09-21 09:49:22.598  INFO   decision    mode=traveling behavior=traveling action=traveling target=- reason='enter farm area' status=success (repeat)
2026-09-21 09:49:22.920  INFO   session     Entity shadow: vision=5 {'monster': 1, 'npc': 3, 'player': 1} memory=9 {'player': 5, 'monster': 2, 'npc': 2} paired=2 median=0.034 unleveled=68:警衛,10:警衛
2026-09-21 09:49:28.045  INFO   session     Entity shadow: vision=5 {'npc': 2, 'player': 1, 'monster': 2} memory=9 {'player': 5, 'monster': 2, 'npc': 2} paired=1 median=0.024 unleveled=68:警衛,10:警衛
2026-09-21 09:49:31.438  INFO   decision    mode=traveling behavior=traveling action=traveling target=- reason='enter farm area' status=success (repeat)
2026-09-21 09:49:33.218  INFO   session     Entity shadow: vision=5 {'monster': 2, 'npc': 2, 'player': 1} memory=9 {'player': 5, 'monster': 2, 'npc': 2} paired=1 median=0.024 unleveled=68:警衛,10:警衛
2026-09-21 09:49:38.291  INFO   session     Entity shadow: vision=5 {'npc': 3, 'monster': 1, 'player': 1} memory=8 {'monster': 2, 'player': 4, 'npc': 2} paired=2 median=0.034 unleveled=68:警衛,10:警衛
2026-09-21 09:49:40.200  INFO   decision    mode=traveling behavior=traveling action=traveling target=- reason='enter farm area' status=success (repeat)
2026-09-21 09:49:43.402  INFO   session     Entity shadow: vision=5 {'monster': 1, 'npc': 3, 'player': 1} memory=8 {'monster': 2, 'player': 4, 'npc': 2} paired=2 median=0.034 unleveled=68:警衛,10:警衛
2026-09-21 09:49:48.596  INFO   session     Entity shadow: vision=5 {'npc': 3, 'monster': 1, 'player': 1} memory=8 {'monster': 2, 'player': 4, 'npc': 2} paired=2 median=0.034 unleveled=68:警衛,10:警衛
2026-09-21 09:49:48.768  INFO   decision    mode=traveling behavior=traveling action=traveling target=- reason='enter farm area' status=success (repeat)
2026-09-21 09:49:53.701  INFO   session     Entity shadow: vision=5 {'monster': 2, 'player': 1, 'npc': 2} memory=7 {'monster': 2, 'player': 3, 'npc': 2} paired=1 median=0.024 unleveled=68:警衛,10:警衛
2026-09-21 09:49:57.312  INFO   decision    mode=traveling behavior=traveling action=traveling target=- reason='enter farm area' status=success (repeat)
2026-09-21 09:49:58.804  INFO   session     Entity shadow: vision=6 {'monster': 2, 'player': 2, 'npc': 2} memory=8 {'player': 4, 'monster': 2, 'npc': 2} paired=2 median=0.050 unleveled=68:警衛,10:警衛
2026-09-21 09:50:03.899  INFO   session     Entity shadow: vision=6 {'monster': 1, 'npc': 3, 'player': 2} memory=9 {'monster': 3, 'player': 4, 'npc': 2} paired=3 median=0.035 unleveled=10:警衛,68:警衛
2026-09-21 09:50:05.934  INFO   decision    mode=traveling behavior=traveling action=traveling target=- reason='enter farm area' status=success (repeat)
2026-09-21 09:50:08.943  INFO   session     Entity shadow: vision=5 {'monster': 1, 'player': 1, 'npc': 3} memory=7 {'monster': 2, 'player': 3, 'npc': 2} paired=2 median=0.034 unleveled=68:警衛,10:警衛
2026-09-21 09:50:14.067  INFO   session     Entity shadow: vision=5 {'monster': 2, 'player': 1, 'npc': 2} memory=7 {'monster': 2, 'player': 3, 'npc': 2} paired=1 median=0.024 unleveled=68:警衛,10:警衛
2026-09-21 09:50:14.568  INFO   decision    mode=traveling behavior=traveling action=traveling target=- reason='enter farm area' status=success (repeat)
2026-09-21 09:50:19.129  INFO   session     Entity shadow: vision=5 {'player': 1, 'monster': 2, 'npc': 2} memory=7 {'monster': 2, 'player': 3, 'npc': 2} paired=1 median=0.024 unleveled=68:警衛,10:警衛
2026-09-21 09:50:23.054  INFO   decision    mode=traveling behavior=traveling action=traveling target=- reason='enter farm area' status=success (repeat)
2026-09-21 09:50:24.205  INFO   session     Entity shadow: vision=5 {'monster': 1, 'npc': 3, 'player': 1} memory=7 {'monster': 2, 'player': 3, 'npc': 2} paired=2 median=0.034 unleveled=68:警衛,10:警衛
2026-09-21 09:50:29.343  INFO   session     Entity shadow: vision=5 {'monster': 1, 'npc': 3, 'player': 1} memory=7 {'monster': 2, 'player': 3, 'npc': 2} paired=2 median=0.034 unleveled=68:警衛,10:警衛
2026-09-21 09:50:31.678  INFO   decision    mode=traveling behavior=traveling action=traveling target=- reason='enter farm area' status=success (repeat)
2026-09-21 09:50:34.364  INFO   session     Entity shadow: vision=5 {'npc': 2, 'monster': 2, 'player': 1} memory=7 {'monster': 2, 'player': 3, 'npc': 2} paired=1 median=0.024 unleveled=68:警衛,10:警衛
2026-09-21 09:50:39.385  INFO   session     Entity shadow: vision=5 {'npc': 2, 'player': 1, 'monster': 2} memory=7 {'monster': 2, 'player': 3, 'npc': 2} paired=1 median=0.024 unleveled=68:警衛,10:警衛
2026-09-21 09:50:40.164  INFO   decision    mode=traveling behavior=traveling action=traveling target=- reason='enter farm area' status=success (repeat)
2026-09-21 09:50:44.451  INFO   session     Entity shadow: vision=5 {'npc': 3, 'player': 1, 'monster': 1} memory=7 {'monster': 2, 'player': 3, 'npc': 2} paired=2 median=0.034 unleveled=68:警衛,10:警衛
2026-09-21 09:50:48.634  INFO   decision    mode=traveling behavior=traveling action=traveling target=- reason='enter farm area' status=success (repeat)
2026-09-21 09:50:49.577  INFO   session     Entity shadow: vision=5 {'monster': 2, 'npc': 2, 'player': 1} memory=7 {'monster': 2, 'player': 3, 'npc': 2} paired=1 median=0.024 unleveled=68:警衛,10:警衛
2026-09-21 09:50:54.615  INFO   session     Entity shadow: vision=5 {'monster': 2, 'player': 1, 'npc': 2} memory=7 {'monster': 2, 'player': 3, 'npc': 2} paired=1 median=0.024 unleveled=68:警衛,10:警衛
2026-09-21 09:50:57.138  INFO   decision    mode=traveling behavior=traveling action=traveling target=- reason='enter farm area' status=success (repeat)
2026-09-21 09:50:59.631  INFO   session     Entity shadow: vision=5 {'monster': 1, 'npc': 3, 'player': 1} memory=7 {'monster': 2, 'player': 3, 'npc': 2} paired=2 median=0.034 unleveled=68:警衛,10:警衛
2026-09-21 09:51:04.760  INFO   session     Entity shadow: vision=5 {'monster': 1, 'npc': 3, 'player': 1} memory=7 {'monster': 2, 'player': 3, 'npc': 2} paired=2 median=0.034 unleveled=68:警衛,10:警衛
2026-09-21 09:51:05.529  INFO   decision    mode=traveling behavior=traveling action=traveling target=- reason='enter farm area' status=success (repeat)
2026-09-21 09:51:09.922  INFO   session     Entity shadow: vision=5 {'monster': 1, 'npc': 3, 'player': 1} memory=7 {'monster': 2, 'player': 3, 'npc': 2} paired=2 median=0.035 unleveled=68:警衛,10:警衛
2026-09-21 09:51:14.134  INFO   decision    mode=traveling behavior=traveling action=traveling target=- reason='enter farm area' status=success (repeat)
2026-09-21 09:51:14.989  INFO   session     Entity shadow: vision=5 {'monster': 2, 'npc': 2, 'player': 1} memory=7 {'monster': 2, 'player': 3, 'npc': 2} paired=1 median=0.024 unleveled=68:警衛,10:警衛
2026-09-21 09:51:20.081  INFO   session     Entity shadow: vision=5 {'monster': 2, 'npc': 2, 'player': 1} memory=7 {'monster': 2, 'player': 3, 'npc': 2} paired=1 median=0.024 unleveled=68:警衛,10:警衛
2026-09-21 09:51:22.661  INFO   decision    mode=traveling behavior=traveling action=traveling target=- reason='enter farm area' status=success (repeat)
2026-09-21 09:51:25.289  INFO   session     Entity shadow: vision=5 {'monster': 2, 'npc': 2, 'player': 1} memory=8 {'player': 4, 'monster': 2, 'npc': 2} paired=1 median=0.024 unleveled=68:警衛,10:警衛
2026-09-21 09:51:30.326  INFO   session     Entity shadow: vision=5 {'npc': 3, 'player': 1, 'monster': 1} memory=8 {'player': 4, 'monster': 2, 'npc': 2} paired=2 median=0.035 unleveled=68:警衛,10:警衛
2026-09-21 09:51:31.198  INFO   decision    mode=traveling behavior=traveling action=traveling target=- reason='enter farm area' status=success (repeat)
2026-09-21 09:51:35.521  INFO   session     Entity shadow: vision=5 {'npc': 3, 'player': 1, 'monster': 1} memory=7 {'monster': 2, 'player': 3, 'npc': 2} paired=2 median=0.034 unleveled=68:警衛,10:警衛
2026-09-21 09:51:39.786  INFO   decision    mode=traveling behavior=traveling action=traveling target=- reason='enter farm area' status=success (repeat)
2026-09-21 09:51:40.632  INFO   session     Entity shadow: vision=5 {'npc': 2, 'monster': 2, 'player': 1} memory=7 {'monster': 2, 'player': 3, 'npc': 2} paired=1 median=0.024 unleveled=68:警衛,10:警衛
2026-09-21 09:51:45.698  INFO   session     Entity shadow: vision=5 {'npc': 3, 'player': 1, 'monster': 1} memory=7 {'monster': 2, 'player': 3, 'npc': 2} paired=2 median=0.034 unleveled=68:警衛,10:警衛
2026-09-21 09:51:48.322  INFO   decision    mode=traveling behavior=traveling action=traveling target=- reason='enter farm area' status=success (repeat)
2026-09-21 09:51:50.804  INFO   session     Entity shadow: vision=5 {'npc': 3, 'player': 1, 'monster': 1} memory=7 {'monster': 2, 'player': 3, 'npc': 2} paired=2 median=0.035 unleveled=68:警衛,10:警衛
2026-09-21 09:51:55.872  INFO   session     Entity shadow: vision=5 {'monster': 1, 'npc': 3, 'player': 1} memory=7 {'monster': 2, 'player': 3, 'npc': 2} paired=2 median=0.034 unleveled=68:警衛,10:警衛
2026-09-21 09:51:56.983  INFO   decision    mode=traveling behavior=traveling action=traveling target=- reason='enter farm area' status=success (repeat)
2026-09-21 09:52:01.051  INFO   session     Entity shadow: vision=5 {'npc': 3, 'player': 1, 'monster': 1} memory=7 {'monster': 2, 'player': 3, 'npc': 2} paired=2 median=0.034 unleveled=68:警衛,10:警衛
2026-09-21 09:52:05.455  INFO   decision    mode=traveling behavior=traveling action=traveling target=- reason='enter farm area' status=success (repeat)
2026-09-21 09:52:06.222  INFO   session     Entity shadow: vision=5 {'monster': 2, 'npc': 2, 'player': 1} memory=7 {'monster': 2, 'player': 3, 'npc': 2} paired=1 median=0.024 unleveled=68:警衛,10:警衛
2026-09-21 09:52:11.370  INFO   session     Entity shadow: vision=5 {'npc': 2, 'player': 1, 'monster': 2} memory=7 {'monster': 2, 'player': 3, 'npc': 2} paired=1 median=0.024 unleveled=68:警衛,10:警衛
2026-09-21 09:52:13.906  INFO   decision    mode=traveling behavior=traveling action=traveling target=- reason='enter farm area' status=success (repeat)
2026-09-21 09:52:16.526  INFO   session     Entity shadow: vision=5 {'npc': 3, 'player': 1, 'monster': 1} memory=7 {'monster': 2, 'player': 3, 'npc': 2} paired=2 median=0.035 unleveled=68:警衛,10:警衛
2026-09-21 09:52:21.615  INFO   session     Entity shadow: vision=5 {'npc': 2, 'monster': 2, 'player': 1} memory=7 {'monster': 2, 'player': 3, 'npc': 2} paired=1 median=0.024 unleveled=68:警衛,10:警衛
2026-09-21 09:52:22.411  INFO   decision    mode=traveling behavior=traveling action=traveling target=- reason='enter farm area' status=success (repeat)
2026-09-21 09:52:26.701  INFO   session     Entity shadow: vision=5 {'monster': 1, 'npc': 3, 'player': 1} memory=7 {'monster': 2, 'player': 3, 'npc': 2} paired=2 median=0.035 unleveled=68:警衛,10:警衛
2026-09-21 09:52:30.915  INFO   decision    mode=traveling behavior=traveling action=traveling target=- reason='enter farm area' status=success (repeat)
2026-09-21 09:52:31.841  INFO   session     Entity shadow: vision=5 {'monster': 2, 'player': 1, 'npc': 2} memory=7 {'monster': 2, 'player': 3, 'npc': 2} paired=1 median=0.024 unleveled=68:警衛,10:警衛
2026-09-21 09:52:36.890  INFO   session     Entity shadow: vision=5 {'monster': 1, 'player': 1, 'npc': 3} memory=7 {'monster': 2, 'player': 3, 'npc': 2} paired=2 median=0.035 unleveled=68:警衛,10:警衛
2026-09-21 09:52:39.409  INFO   decision    mode=traveling behavior=traveling action=traveling target=- reason='enter farm area' status=success (repeat)
2026-09-21 09:52:42.061  INFO   session     Entity shadow: vision=5 {'monster': 1, 'npc': 3, 'player': 1} memory=7 {'monster': 2, 'player': 3, 'npc': 2} paired=2 median=0.034 unleveled=68:警衛,10:警衛
2026-09-21 09:52:47.204  INFO   session     Entity shadow: vision=5 {'npc': 3, 'player': 1, 'monster': 1} memory=7 {'monster': 2, 'player': 3, 'npc': 2} paired=2 median=0.034 unleveled=68:警衛,10:警衛
2026-09-21 09:52:48.024  INFO   decision    mode=traveling behavior=traveling action=traveling target=- reason='enter farm area' status=success (repeat)
2026-09-21 09:52:52.340  INFO   session     Entity shadow: vision=5 {'monster': 1, 'player': 1, 'npc': 3} memory=7 {'monster': 2, 'player': 3, 'npc': 2} paired=2 median=0.034 unleveled=68:警衛,10:警衛
2026-09-21 09:52:56.559  INFO   decision    mode=traveling behavior=traveling action=traveling target=- reason='enter farm area' status=success (repeat)
2026-09-21 09:52:57.404  INFO   session     Entity shadow: vision=5 {'npc': 3, 'player': 1, 'monster': 1} memory=7 {'monster': 2, 'player': 3, 'npc': 2} paired=2 median=0.035 unleveled=68:警衛,10:警衛
2026-09-21 09:53:02.441  INFO   session     Entity shadow: vision=5 {'monster': 1, 'npc': 3, 'player': 1} memory=7 {'monster': 2, 'player': 3, 'npc': 2} paired=2 median=0.034 unleveled=68:警衛,10:警衛
2026-09-21 09:53:05.051  INFO   decision    mode=traveling behavior=traveling action=traveling target=- reason='enter farm area' status=success (repeat)
2026-09-21 09:53:07.554  INFO   session     Entity shadow: vision=5 {'monster': 2, 'npc': 2, 'player': 1} memory=7 {'monster': 2, 'player': 3, 'npc': 2} paired=1 median=0.024 unleveled=68:警衛,10:警衛
2026-09-21 09:53:12.758  INFO   session     Entity shadow: vision=5 {'npc': 3, 'player': 1, 'monster': 1} memory=7 {'monster': 2, 'player': 3, 'npc': 2} paired=2 median=0.034 unleveled=68:警衛,10:警衛
2026-09-21 09:53:13.405  INFO   decision    mode=traveling behavior=traveling action=traveling target=- reason='enter farm area' status=success (repeat)
2026-09-21 09:53:17.928  INFO   session     Entity shadow: vision=5 {'npc': 3, 'player': 1, 'monster': 1} memory=7 {'monster': 2, 'player': 3, 'npc': 2} paired=2 median=0.035 unleveled=68:警衛,10:警衛
2026-09-21 09:53:21.756  INFO   decision    mode=traveling behavior=traveling action=traveling target=- reason='enter farm area' status=success (repeat)
2026-09-21 09:53:23.063  INFO   session     Entity shadow: vision=5 {'npc': 3, 'player': 1, 'monster': 1} memory=7 {'monster': 2, 'player': 3, 'npc': 2} paired=2 median=0.034 unleveled=68:警衛,10:警衛
2026-09-21 09:53:28.158  INFO   session     Entity shadow: vision=5 {'monster': 2, 'npc': 2, 'player': 1} memory=7 {'monster': 2, 'player': 3, 'npc': 2} paired=1 median=0.024 unleveled=68:警衛,10:警衛
2026-09-21 09:53:30.345  INFO   decision    mode=traveling behavior=traveling action=traveling target=- reason='enter farm area' status=success (repeat)
2026-09-21 09:53:33.222  INFO   session     Entity shadow: vision=5 {'npc': 3, 'player': 1, 'monster': 1} memory=7 {'monster': 2, 'player': 3, 'npc': 2} paired=2 median=0.034 unleveled=68:警衛,10:警衛
2026-09-21 09:53:38.269  INFO   session     Entity shadow: vision=5 {'npc': 3, 'player': 1, 'monster': 1} memory=7 {'monster': 2, 'player': 3, 'npc': 2} paired=2 median=0.034 unleveled=68:警衛,10:警衛
2026-09-21 09:53:39.185  INFO   decision    mode=traveling behavior=traveling action=traveling target=- reason='enter farm area' status=success (repeat)
2026-09-21 09:53:43.436  INFO   session     Entity shadow: vision=5 {'npc': 3, 'player': 1, 'monster': 1} memory=8 {'player': 4, 'monster': 2, 'npc': 2} paired=2 median=0.034 unleveled=68:警衛,10:警衛
2026-09-21 09:53:47.610  INFO   decision    mode=traveling behavior=traveling action=traveling target=- reason='enter farm area' status=success (repeat)
2026-09-21 09:53:48.473  INFO   session     Entity shadow: vision=5 {'monster': 1, 'npc': 3, 'player': 1} memory=8 {'player': 4, 'monster': 2, 'npc': 2} paired=2 median=0.035 unleveled=68:警衛,10:警衛
2026-09-21 09:53:53.568  INFO   session     Entity shadow: vision=5 {'player': 1, 'npc': 3, 'monster': 1} memory=7 {'monster': 2, 'player': 3, 'npc': 2} paired=2 median=0.034 unleveled=68:警衛,10:警衛
2026-09-21 09:53:56.165  INFO   decision    mode=traveling behavior=traveling action=traveling target=- reason='enter farm area' status=success (repeat)
2026-09-21 09:53:58.624  INFO   session     Entity shadow: vision=5 {'npc': 3, 'player': 1, 'monster': 1} memory=7 {'monster': 2, 'player': 3, 'npc': 2} paired=2 median=0.035 unleveled=68:警衛,10:警衛
2026-09-21 09:54:03.763  INFO   session     Entity shadow: vision=5 {'npc': 3, 'player': 1, 'monster': 1} memory=7 {'monster': 2, 'player': 3, 'npc': 2} paired=2 median=0.034 unleveled=68:警衛,10:警衛
2026-09-21 09:54:04.745  INFO   decision    mode=traveling behavior=traveling action=traveling target=- reason='enter farm area' status=success (repeat)
2026-09-21 09:54:08.820  INFO   session     Entity shadow: vision=5 {'monster': 2, 'npc': 2, 'player': 1} memory=7 {'monster': 2, 'player': 3, 'npc': 2} paired=1 median=0.024 unleveled=68:警衛,10:警衛
2026-09-21 09:54:13.194  INFO   decision    mode=traveling behavior=traveling action=traveling target=- reason='enter farm area' status=success (repeat)
2026-09-21 09:54:13.891  INFO   session     Entity shadow: vision=5 {'monster': 2, 'npc': 2, 'player': 1} memory=7 {'monster': 2, 'player': 3, 'npc': 2} paired=1 median=0.024 unleveled=68:警衛,10:警衛
2026-09-21 09:54:19.163  INFO   session     Entity shadow: vision=5 {'player': 1, 'monster': 2, 'npc': 2} memory=7 {'monster': 2, 'player': 3, 'npc': 2} paired=1 median=0.024 unleveled=68:警衛,10:警衛
2026-09-21 09:54:21.605  INFO   decision    mode=traveling behavior=traveling action=traveling target=- reason='enter farm area' status=success (repeat)
2026-09-21 09:54:24.321  INFO   session     Entity shadow: vision=5 {'monster': 1, 'npc': 3, 'player': 1} memory=7 {'monster': 2, 'player': 3, 'npc': 2} paired=2 median=0.034 unleveled=68:警衛,10:警衛
2026-09-21 09:54:29.450  INFO   session     Entity shadow: vision=5 {'npc': 3, 'player': 1, 'monster': 1} memory=7 {'monster': 2, 'player': 3, 'npc': 2} paired=2 median=0.034 unleveled=68:警衛,10:警衛
2026-09-21 09:54:30.193  INFO   decision    mode=traveling behavior=traveling action=traveling target=- reason='enter farm area' status=success (repeat)
2026-09-21 09:54:34.601  INFO   session     Entity shadow: vision=5 {'monster': 1, 'npc': 3, 'player': 1} memory=7 {'monster': 2, 'player': 3, 'npc': 2} paired=2 median=0.034 unleveled=68:警衛,10:警衛
2026-09-21 09:54:38.586  INFO   decision    mode=traveling behavior=traveling action=traveling target=- reason='enter farm area' status=success (repeat)
2026-09-21 09:54:39.619  INFO   session     Entity shadow: vision=5 {'npc': 3, 'player': 1, 'monster': 1} memory=7 {'monster': 2, 'player': 3, 'npc': 2} paired=2 median=0.035 unleveled=68:警衛,10:警衛
2026-09-21 09:54:44.730  INFO   session     Entity shadow: vision=6 {'monster': 1, 'player': 2, 'npc': 3} memory=8 {'player': 4, 'monster': 2, 'npc': 2} paired=3 median=0.024 unleveled=68:警衛,10:警衛
2026-09-21 09:54:47.655  INFO   decision    mode=traveling behavior=traveling action=traveling target=- reason='enter farm area' status=success (repeat)
2026-09-21 09:54:49.895  INFO   session     Entity shadow: vision=5 {'npc': 3, 'player': 1, 'monster': 1} memory=7 {'monster': 2, 'player': 3, 'npc': 2} paired=2 median=0.034 unleveled=68:警衛,10:警衛
2026-09-21 09:54:54.965  INFO   session     Entity shadow: vision=5 {'monster': 2, 'npc': 2, 'player': 1} memory=6 {'monster': 2, 'player': 2, 'npc': 2} paired=1 median=0.024 unleveled=68:警衛,10:警衛
2026-09-21 09:54:56.419  INFO   decision    mode=traveling behavior=traveling action=traveling target=- reason='enter farm area' status=success (repeat)
2026-09-21 09:55:00.079  INFO   session     Entity shadow: vision=5 {'npc': 2, 'monster': 2, 'player': 1} memory=6 {'monster': 2, 'player': 2, 'npc': 2} paired=1 median=0.024 unleveled=68:警衛,10:警衛
2026-09-21 09:55:04.977  INFO   decision    mode=traveling behavior=traveling action=traveling target=- reason='enter farm area' status=success (repeat)
2026-09-21 09:55:05.174  INFO   session     Entity shadow: vision=5 {'monster': 2, 'player': 1, 'npc': 2} memory=6 {'monster': 2, 'player': 2, 'npc': 2} paired=1 median=0.024 unleveled=68:警衛,10:警衛
2026-09-21 09:55:10.178  INFO   session     Entity shadow: vision=5 {'monster': 1, 'npc': 3, 'player': 1} memory=6 {'monster': 2, 'player': 2, 'npc': 2} paired=2 median=0.034 unleveled=68:警衛,10:警衛
2026-09-21 09:55:13.499  INFO   decision    mode=traveling behavior=traveling action=traveling target=- reason='enter farm area' status=success (repeat)
2026-09-21 09:55:15.248  INFO   session     Entity shadow: vision=5 {'monster': 1, 'npc': 3, 'player': 1} memory=6 {'monster': 2, 'player': 2, 'npc': 2} paired=2 median=0.034 unleveled=68:警衛,10:警衛
2026-09-21 09:55:20.246  INFO   session     Entity shadow: vision=5 {'monster': 2, 'player': 1, 'npc': 2} memory=6 {'monster': 2, 'player': 2, 'npc': 2} paired=1 median=0.024 unleveled=68:警衛,10:警衛
2026-09-21 09:55:21.998  INFO   decision    mode=traveling behavior=traveling action=traveling target=- reason='enter farm area' status=success (repeat)
2026-09-21 09:55:25.335  INFO   session     Entity shadow: vision=5 {'npc': 3, 'player': 1, 'monster': 1} memory=6 {'monster': 2, 'player': 2, 'npc': 2} paired=2 median=0.035 unleveled=68:警衛,10:警衛
2026-09-21 09:55:30.435  INFO   session     Entity shadow: vision=5 {'npc': 3, 'player': 1, 'monster': 1} memory=6 {'monster': 2, 'player': 2, 'npc': 2} paired=2 median=0.035 unleveled=68:警衛,10:警衛
2026-09-21 09:55:30.641  INFO   decision    mode=traveling behavior=traveling action=traveling target=- reason='enter farm area' status=success (repeat)
2026-09-21 09:55:35.558  INFO   session     Entity shadow: vision=5 {'monster': 1, 'npc': 3, 'player': 1} memory=6 {'monster': 2, 'player': 2, 'npc': 2} paired=2 median=0.034 unleveled=68:警衛,10:警衛
2026-09-21 09:55:39.041  INFO   decision    mode=traveling behavior=traveling action=traveling target=- reason='enter farm area' status=success (repeat)
2026-09-21 09:55:40.618  INFO   session     Entity shadow: vision=5 {'monster': 2, 'npc': 2, 'player': 1} memory=6 {'monster': 2, 'player': 2, 'npc': 2} paired=1 median=0.024 unleveled=68:警衛,10:警衛
2026-09-21 09:55:45.624  INFO   session     Entity shadow: vision=5 {'monster': 2, 'npc': 2, 'player': 1} memory=6 {'monster': 2, 'player': 2, 'npc': 2} paired=1 median=0.023 unleveled=68:警衛,10:警衛
2026-09-21 09:55:47.745  INFO   decision    mode=traveling behavior=traveling action=traveling target=- reason='enter farm area' status=success (repeat)
2026-09-21 09:55:50.658  INFO   session     Entity shadow: vision=5 {'monster': 1, 'npc': 3, 'player': 1} memory=6 {'monster': 2, 'player': 2, 'npc': 2} paired=2 median=0.034 unleveled=68:警衛,10:警衛
2026-09-21 09:55:55.768  INFO   session     Entity shadow: vision=5 {'npc': 2, 'player': 1, 'monster': 2} memory=6 {'monster': 2, 'player': 2, 'npc': 2} paired=1 median=0.024 unleveled=68:警衛,10:警衛
2026-09-21 09:55:56.122  INFO   decision    mode=traveling behavior=traveling action=traveling target=- reason='enter farm area' status=success (repeat)
2026-09-21 09:56:00.807  INFO   session     Entity shadow: vision=5 {'npc': 2, 'monster': 2, 'player': 1} memory=6 {'monster': 2, 'player': 2, 'npc': 2} paired=1 median=0.023 unleveled=68:警衛,10:警衛
2026-09-21 09:56:04.662  INFO   decision    mode=traveling behavior=traveling action=traveling target=- reason='enter farm area' status=success (repeat)
2026-09-21 09:56:05.945  INFO   session     Entity shadow: vision=6 {'monster': 2, 'player': 1, 'npc': 3} memory=7 {'player': 3, 'monster': 2, 'npc': 2} paired=1 median=0.024 unleveled=68:警衛,10:警衛
2026-09-21 09:56:10.959  INFO   session     Entity shadow: vision=5 {'npc': 3, 'player': 1, 'monster': 1} memory=6 {'monster': 2, 'player': 2, 'npc': 2} paired=2 median=0.034 unleveled=68:警衛,10:警衛
2026-09-21 09:56:13.261  INFO   decision    mode=traveling behavior=traveling action=traveling target=- reason='enter farm area' status=success (repeat)
2026-09-21 09:56:16.055  INFO   session     Entity shadow: vision=5 {'npc': 3, 'player': 1, 'monster': 1} memory=6 {'monster': 2, 'player': 2, 'npc': 2} paired=2 median=0.035 unleveled=68:警衛,10:警衛
2026-09-21 09:56:21.181  INFO   session     Entity shadow: vision=5 {'monster': 2, 'player': 1, 'npc': 2} memory=6 {'monster': 2, 'player': 2, 'npc': 2} paired=1 median=0.024 unleveled=68:警衛,10:警衛
2026-09-21 09:56:21.683  INFO   decision    mode=traveling behavior=traveling action=traveling target=- reason='enter farm area' status=success (repeat)
2026-09-21 09:56:26.367  INFO   session     Entity shadow: vision=5 {'monster': 1, 'npc': 3, 'player': 1} memory=6 {'monster': 2, 'player': 2, 'npc': 2} paired=2 median=0.035 unleveled=68:警衛,10:警衛
2026-09-21 09:56:30.158  INFO   decision    mode=traveling behavior=traveling action=traveling target=- reason='enter farm area' status=success (repeat)
2026-09-21 09:56:31.500  INFO   session     Entity shadow: vision=5 {'monster': 2, 'player': 1, 'npc': 2} memory=6 {'monster': 2, 'player': 2, 'npc': 2} paired=1 median=0.024 unleveled=68:警衛,10:警衛
2026-09-21 09:56:36.558  INFO   session     Entity shadow: vision=5 {'npc': 3, 'player': 1, 'monster': 1} memory=6 {'monster': 2, 'player': 2, 'npc': 2} paired=2 median=0.035 unleveled=68:警衛,10:警衛
2026-09-21 09:56:38.671  INFO   decision    mode=traveling behavior=traveling action=traveling target=- reason='enter farm area' status=success (repeat)
2026-09-21 09:56:41.842  INFO   session     Entity shadow: vision=5 {'monster': 2, 'npc': 2, 'player': 1} memory=6 {'monster': 2, 'player': 2, 'npc': 2} paired=1 median=0.024 unleveled=68:警衛,10:警衛
2026-09-21 09:56:47.007  INFO   session     Entity shadow: vision=5 {'monster': 2, 'npc': 2, 'player': 1} memory=6 {'monster': 2, 'player': 2, 'npc': 2} paired=1 median=0.024 unleveled=68:警衛,10:警衛
2026-09-21 09:56:47.226  INFO   decision    mode=traveling behavior=traveling action=traveling target=- reason='enter farm area' status=success (repeat)
2026-09-21 09:56:52.107  INFO   session     Entity shadow: vision=5 {'monster': 1, 'player': 1, 'npc': 3} memory=6 {'monster': 2, 'player': 2, 'npc': 2} paired=2 median=0.035 unleveled=68:警衛,10:警衛
2026-09-21 09:56:55.834  INFO   decision    mode=traveling behavior=traveling action=traveling target=- reason='enter farm area' status=success (repeat)
2026-09-21 09:56:57.226  INFO   session     Entity shadow: vision=5 {'monster': 1, 'npc': 3, 'player': 1} memory=6 {'monster': 2, 'player': 2, 'npc': 2} paired=2 median=0.034 unleveled=68:警衛,10:警衛
2026-09-21 09:57:02.321  INFO   session     Entity shadow: vision=5 {'npc': 3, 'player': 1, 'monster': 1} memory=6 {'monster': 2, 'player': 2, 'npc': 2} paired=2 median=0.035 unleveled=68:警衛,10:警衛
2026-09-21 09:57:04.450  INFO   decision    mode=traveling behavior=traveling action=traveling target=- reason='enter farm area' status=success (repeat)
2026-09-21 09:57:07.470  INFO   session     Entity shadow: vision=5 {'monster': 1, 'npc': 3, 'player': 1} memory=6 {'monster': 2, 'player': 2, 'npc': 2} paired=2 median=0.035 unleveled=68:警衛,10:警衛
2026-09-21 09:57:12.617  INFO   session     Entity shadow: vision=5 {'npc': 2, 'monster': 2, 'player': 1} memory=6 {'monster': 2, 'player': 2, 'npc': 2} paired=1 median=0.024 unleveled=68:警衛,10:警衛
2026-09-21 09:57:12.901  INFO   decision    mode=traveling behavior=traveling action=traveling target=- reason='enter farm area' status=success (repeat)
2026-09-21 09:57:17.686  INFO   session     Entity shadow: vision=5 {'monster': 1, 'npc': 3, 'player': 1} memory=6 {'monster': 2, 'player': 2, 'npc': 2} paired=2 median=0.034 unleveled=68:警衛,10:警衛
2026-09-21 09:57:21.360  INFO   decision    mode=traveling behavior=traveling action=traveling target=- reason='enter farm area' status=success (repeat)
2026-09-21 09:57:22.721  INFO   session     Entity shadow: vision=5 {'npc': 3, 'player': 1, 'monster': 1} memory=6 {'monster': 2, 'player': 2, 'npc': 2} paired=2 median=0.035 unleveled=68:警衛,10:警衛
2026-09-21 09:57:27.755  INFO   session     Entity shadow: vision=5 {'npc': 2, 'monster': 2, 'player': 1} memory=6 {'monster': 2, 'player': 2, 'npc': 2} paired=1 median=0.024 unleveled=68:警衛,10:警衛
2026-09-21 09:57:30.210  INFO   decision    mode=traveling behavior=traveling action=traveling target=- reason='enter farm area' status=success (repeat)
2026-09-21 09:57:32.837  INFO   session     Entity shadow: vision=5 {'npc': 3, 'player': 1, 'monster': 1} memory=6 {'monster': 2, 'player': 2, 'npc': 2} paired=2 median=0.035 unleveled=68:警衛,10:警衛
2026-09-21 09:57:37.946  INFO   session     Entity shadow: vision=5 {'player': 1, 'npc': 3, 'monster': 1} memory=6 {'monster': 2, 'player': 2, 'npc': 2} paired=2 median=0.034 unleveled=68:警衛,10:警衛
2026-09-21 09:57:38.607  INFO   decision    mode=traveling behavior=traveling action=traveling target=- reason='enter farm area' status=success (repeat)
2026-09-21 09:57:43.014  INFO   session     Entity shadow: vision=5 {'npc': 3, 'player': 1, 'monster': 1} memory=6 {'monster': 2, 'player': 2, 'npc': 2} paired=2 median=0.035 unleveled=68:警衛,10:警衛
2026-09-21 09:57:47.089  INFO   decision    mode=traveling behavior=traveling action=traveling target=- reason='enter farm area' status=success (repeat)
2026-09-21 09:57:48.190  INFO   session     Entity shadow: vision=5 {'monster': 2, 'player': 1, 'npc': 2} memory=6 {'monster': 2, 'player': 2, 'npc': 2} paired=1 median=0.024 unleveled=68:警衛,10:警衛
2026-09-21 09:57:53.371  INFO   session     Entity shadow: vision=5 {'monster': 2, 'npc': 2, 'player': 1} memory=6 {'monster': 2, 'player': 2, 'npc': 2} paired=1 median=0.024 unleveled=68:警衛,10:警衛
2026-09-21 09:57:55.703  INFO   decision    mode=traveling behavior=traveling action=traveling target=- reason='enter farm area' status=success (repeat)
2026-09-21 09:57:58.455  INFO   session     Entity shadow: vision=5 {'monster': 2, 'npc': 2, 'player': 1} memory=6 {'monster': 2, 'player': 2, 'npc': 2} paired=1 median=0.024 unleveled=68:警衛,10:警衛
2026-09-21 09:58:03.582  INFO   session     Entity shadow: vision=5 {'npc': 3, 'player': 1, 'monster': 1} memory=6 {'monster': 2, 'player': 2, 'npc': 2} paired=2 median=0.035 unleveled=68:警衛,10:警衛
2026-09-21 09:58:04.091  INFO   decision    mode=traveling behavior=traveling action=traveling target=- reason='enter farm area' status=success (repeat)
2026-09-21 09:58:08.695  INFO   session     Entity shadow: vision=5 {'monster': 1, 'npc': 3, 'player': 1} memory=6 {'monster': 2, 'player': 2, 'npc': 2} paired=2 median=0.035 unleveled=68:警衛,10:警衛
2026-09-21 09:58:12.677  INFO   decision    mode=traveling behavior=traveling action=traveling target=- reason='enter farm area' status=success (repeat)
2026-09-21 09:58:13.737  INFO   session     Entity shadow: vision=5 {'monster': 2, 'npc': 2, 'player': 1} memory=6 {'monster': 2, 'player': 2, 'npc': 2} paired=1 median=0.024 unleveled=68:警衛,10:警衛
2026-09-21 09:58:18.738  INFO   session     Entity shadow: vision=5 {'monster': 2, 'npc': 2, 'player': 1} memory=6 {'monster': 2, 'player': 2, 'npc': 2} paired=1 median=0.024 unleveled=68:警衛,10:警衛
2026-09-21 09:58:21.237  INFO   decision    mode=traveling behavior=traveling action=traveling target=- reason='enter farm area' status=success (repeat)
2026-09-21 09:58:23.768  INFO   session     Entity shadow: vision=5 {'monster': 2, 'player': 1, 'npc': 2} memory=6 {'monster': 2, 'player': 2, 'npc': 2} paired=1 median=0.024 unleveled=68:警衛,10:警衛
2026-09-21 09:58:28.835  INFO   session     Entity shadow: vision=5 {'npc': 3, 'player': 1, 'monster': 1} memory=6 {'monster': 2, 'player': 2, 'npc': 2} paired=2 median=0.034 unleveled=68:警衛,10:警衛
2026-09-21 09:58:29.703  INFO   decision    mode=traveling behavior=traveling action=traveling target=- reason='enter farm area' status=success (repeat)
2026-09-21 09:58:33.855  INFO   session     Entity shadow: vision=5 {'monster': 1, 'npc': 3, 'player': 1} memory=6 {'monster': 2, 'player': 2, 'npc': 2} paired=2 median=0.034 unleveled=68:警衛,10:警衛
2026-09-21 09:58:38.108  INFO   decision    mode=traveling behavior=traveling action=traveling target=- reason='enter farm area' status=success (repeat)
2026-09-21 09:58:38.957  INFO   session     Entity shadow: vision=5 {'monster': 2, 'npc': 2, 'player': 1} memory=6 {'monster': 2, 'player': 2, 'npc': 2} paired=1 median=0.024 unleveled=68:警衛,10:警衛
2026-09-21 09:58:43.962  INFO   session     Entity shadow: vision=5 {'monster': 2, 'npc': 2, 'player': 1} memory=6 {'monster': 2, 'player': 2, 'npc': 2} paired=1 median=0.023 unleveled=68:警衛,10:警衛
2026-09-21 09:58:46.569  INFO   decision    mode=traveling behavior=traveling action=traveling target=- reason='enter farm area' status=success (repeat)
2026-09-21 09:58:49.136  INFO   session     Entity shadow: vision=5 {'monster': 1, 'npc': 3, 'player': 1} memory=6 {'monster': 2, 'player': 2, 'npc': 2} paired=2 median=0.034 unleveled=68:警衛,10:警衛
2026-09-21 09:58:54.237  INFO   session     Entity shadow: vision=5 {'monster': 1, 'npc': 3, 'player': 1} memory=6 {'monster': 2, 'player': 2, 'npc': 2} paired=2 median=0.034 unleveled=68:警衛,10:警衛
2026-09-21 09:58:55.270  INFO   decision    mode=traveling behavior=traveling action=traveling target=- reason='enter farm area' status=success (repeat)
2026-09-21 09:58:59.334  INFO   session     Entity shadow: vision=5 {'npc': 3, 'player': 1, 'monster': 1} memory=6 {'monster': 2, 'player': 2, 'npc': 2} paired=2 median=0.035 unleveled=68:警衛,10:警衛
2026-09-21 09:59:03.670  INFO   decision    mode=traveling behavior=traveling action=traveling target=- reason='enter farm area' status=success (repeat)
2026-09-21 09:59:04.382  INFO   session     Entity shadow: vision=5 {'monster': 2, 'player': 1, 'npc': 2} memory=6 {'monster': 2, 'player': 2, 'npc': 2} paired=1 median=0.024 unleveled=68:警衛,10:警衛
2026-09-21 09:59:09.518  INFO   session     Entity shadow: vision=5 {'monster': 2, 'npc': 2, 'player': 1} memory=6 {'monster': 2, 'player': 2, 'npc': 2} paired=1 median=0.024 unleveled=68:警衛,10:警衛
2026-09-21 09:59:12.441  INFO   decision    mode=traveling behavior=traveling action=traveling target=- reason='enter farm area' status=success (repeat)
2026-09-21 09:59:14.600  INFO   session     Entity shadow: vision=5 {'monster': 2, 'npc': 2, 'player': 1} memory=6 {'monster': 2, 'player': 2, 'npc': 2} paired=1 median=0.024 unleveled=68:警衛,10:警衛
2026-09-21 09:59:19.703  INFO   session     Entity shadow: vision=5 {'npc': 3, 'player': 1, 'monster': 1} memory=6 {'monster': 2, 'player': 2, 'npc': 2} paired=2 median=0.035 unleveled=68:警衛,10:警衛
2026-09-21 09:59:21.134  INFO   decision    mode=traveling behavior=traveling action=traveling target=- reason='enter farm area' status=success (repeat)
2026-09-21 09:59:24.753  INFO   session     Entity shadow: vision=5 {'monster': 2, 'player': 1, 'npc': 2} memory=6 {'monster': 2, 'player': 2, 'npc': 2} paired=1 median=0.024 unleveled=68:警衛,10:警衛
2026-09-21 09:59:29.677  INFO   decision    mode=traveling behavior=traveling action=traveling target=- reason='enter farm area' status=success (repeat)
2026-09-21 09:59:29.824  INFO   session     Entity shadow: vision=5 {'monster': 2, 'npc': 2, 'player': 1} memory=6 {'monster': 2, 'player': 2, 'npc': 2} paired=1 median=0.024 unleveled=68:警衛,10:警衛
2026-09-21 09:59:34.882  INFO   session     Entity shadow: vision=5 {'npc': 2, 'monster': 2, 'player': 1} memory=6 {'monster': 2, 'player': 2, 'npc': 2} paired=1 median=0.024 unleveled=68:警衛,10:警衛
2026-09-21 09:59:38.200  INFO   decision    mode=traveling behavior=traveling action=traveling target=- reason='enter farm area' status=success (repeat)
2026-09-21 09:59:39.987  INFO   session     Entity shadow: vision=5 {'npc': 2, 'monster': 2, 'player': 1} memory=6 {'monster': 2, 'player': 2, 'npc': 2} paired=1 median=0.024 unleveled=68:警衛,10:警衛
2026-09-21 09:59:45.096  INFO   session     Entity shadow: vision=5 {'monster': 1, 'player': 1, 'npc': 3} memory=6 {'monster': 2, 'player': 2, 'npc': 2} paired=2 median=0.035 unleveled=68:警衛,10:警衛
2026-09-21 09:59:47.086  INFO   decision    mode=traveling behavior=traveling action=traveling target=- reason='enter farm area' status=success (repeat)
2026-09-21 09:59:50.225  INFO   session     Entity shadow: vision=5 {'monster': 1, 'npc': 3, 'player': 1} memory=6 {'monster': 2, 'player': 2, 'npc': 2} paired=2 median=0.034 unleveled=68:警衛,10:警衛
2026-09-21 09:59:55.286  INFO   session     Entity shadow: vision=5 {'monster': 2, 'npc': 2, 'player': 1} memory=6 {'monster': 2, 'player': 2, 'npc': 2} paired=1 median=0.024 unleveled=68:警衛,10:警衛
2026-09-21 09:59:55.771  INFO   decision    mode=traveling behavior=traveling action=traveling target=- reason='enter farm area' status=success (repeat)
2026-09-21 10:00:00.458  INFO   session     Entity shadow: vision=5 {'npc': 2, 'player': 1, 'monster': 2} memory=6 {'monster': 2, 'player': 2, 'npc': 2} paired=1 median=0.024 unleveled=68:警衛,10:警衛
2026-09-21 10:00:04.385  INFO   decision    mode=traveling behavior=traveling action=traveling target=- reason='enter farm area' status=success (repeat)
2026-09-21 10:00:05.582  INFO   session     Entity shadow: vision=5 {'monster': 2, 'npc': 2, 'player': 1} memory=6 {'monster': 2, 'player': 2, 'npc': 2} paired=1 median=0.024 unleveled=68:警衛,10:警衛
2026-09-21 10:00:10.592  INFO   session     Entity shadow: vision=5 {'monster': 1, 'npc': 3, 'player': 1} memory=6 {'monster': 2, 'player': 2, 'npc': 2} paired=2 median=0.034 unleveled=68:警衛,10:警衛
2026-09-21 10:00:12.917  INFO   decision    mode=traveling behavior=traveling action=traveling target=- reason='enter farm area' status=success (repeat)
2026-09-21 10:00:15.710  INFO   session     Entity shadow: vision=5 {'monster': 1, 'npc': 3, 'player': 1} memory=6 {'monster': 2, 'player': 2, 'npc': 2} paired=2 median=0.034 unleveled=68:警衛,10:警衛
2026-09-21 10:00:20.781  INFO   session     Entity shadow: vision=5 {'player': 1, 'npc': 2, 'monster': 2} memory=6 {'monster': 2, 'player': 2, 'npc': 2} paired=1 median=0.024 unleveled=68:警衛,10:警衛
2026-09-21 10:00:21.410  INFO   decision    mode=traveling behavior=traveling action=traveling target=- reason='enter farm area' status=success (repeat)
2026-09-21 10:00:25.782  INFO   session     Entity shadow: vision=5 {'monster': 2, 'npc': 2, 'player': 1} memory=6 {'monster': 2, 'player': 2, 'npc': 2} paired=1 median=0.024 unleveled=68:警衛,10:警衛
2026-09-21 10:00:29.887  INFO   decision    mode=traveling behavior=traveling action=traveling target=- reason='enter farm area' status=success (repeat)
2026-09-21 10:00:30.918  INFO   session     Entity shadow: vision=5 {'monster': 2, 'npc': 2, 'player': 1} memory=6 {'monster': 2, 'player': 2, 'npc': 2} paired=1 median=0.024 unleveled=68:警衛,10:警衛
2026-09-21 10:00:35.938  INFO   session     Entity shadow: vision=5 {'npc': 3, 'player': 1, 'monster': 1} memory=6 {'monster': 2, 'player': 2, 'npc': 2} paired=2 median=0.034 unleveled=68:警衛,10:警衛
2026-09-21 10:00:38.279  INFO   decision    mode=traveling behavior=traveling action=traveling target=- reason='enter farm area' status=success (repeat)
2026-09-21 10:00:41.062  INFO   session     Entity shadow: vision=5 {'npc': 2, 'monster': 2, 'player': 1} memory=6 {'monster': 2, 'player': 2, 'npc': 2} paired=1 median=0.024 unleveled=68:警衛,10:警衛
2026-09-21 10:00:46.161  INFO   session     Entity shadow: vision=5 {'monster': 1, 'npc': 3, 'player': 1} memory=6 {'monster': 2, 'player': 2, 'npc': 2} paired=2 median=0.034 unleveled=68:警衛,10:警衛
2026-09-21 10:00:46.633  INFO   decision    mode=traveling behavior=traveling action=traveling target=- reason='enter farm area' status=success (repeat)
2026-09-21 10:00:51.217  INFO   session     Entity shadow: vision=6 {'monster': 1, 'player': 2, 'npc': 3} memory=7 {'player': 3, 'monster': 2, 'npc': 2} paired=3 median=0.024 unleveled=68:警衛,10:警衛
2026-09-21 10:00:55.552  INFO   decision    mode=traveling behavior=traveling action=traveling target=- reason='enter farm area' status=success (repeat)
2026-09-21 10:00:56.235  INFO   session     Entity shadow: vision=6 {'npc': 3, 'player': 2, 'monster': 1} memory=7 {'player': 3, 'monster': 2, 'npc': 2} paired=3 median=0.034 unleveled=68:警衛,10:警衛
2026-09-21 10:01:01.373  INFO   session     Entity shadow: vision=6 {'npc': 3, 'player': 2, 'monster': 1} memory=7 {'player': 3, 'monster': 2, 'npc': 2} paired=3 median=0.024 unleveled=68:警衛,10:警衛
2026-09-21 10:01:04.360  INFO   decision    mode=traveling behavior=traveling action=traveling target=- reason='enter farm area' status=success (repeat)
2026-09-21 10:01:06.448  INFO   session     Entity shadow: vision=5 {'monster': 2, 'player': 1, 'npc': 2} memory=6 {'monster': 2, 'player': 2, 'npc': 2} paired=1 median=0.024 unleveled=68:警衛,10:警衛
2026-09-21 10:01:11.478  INFO   session     Entity shadow: vision=5 {'monster': 1, 'npc': 3, 'player': 1} memory=6 {'monster': 2, 'player': 2, 'npc': 2} paired=2 median=0.034 unleveled=68:警衛,10:警衛
2026-09-21 10:01:12.874  INFO   decision    mode=traveling behavior=traveling action=traveling target=- reason='enter farm area' status=success (repeat)
2026-09-21 10:01:16.640  INFO   session     Entity shadow: vision=5 {'npc': 2, 'monster': 2, 'player': 1} memory=6 {'monster': 2, 'player': 2, 'npc': 2} paired=1 median=0.024 unleveled=68:警衛,10:警衛
2026-09-21 10:01:21.437  INFO   decision    mode=traveling behavior=traveling action=traveling target=- reason='enter farm area' status=success (repeat)
2026-09-21 10:01:21.725  INFO   session     Entity shadow: vision=5 {'monster': 1, 'npc': 3, 'player': 1} memory=6 {'monster': 2, 'player': 2, 'npc': 2} paired=2 median=0.035 unleveled=68:警衛,10:警衛
2026-09-21 10:01:26.757  INFO   session     Entity shadow: vision=5 {'player': 1, 'npc': 3, 'monster': 1} memory=6 {'monster': 2, 'player': 2, 'npc': 2} paired=2 median=0.034 unleveled=68:警衛,10:警衛
2026-09-21 10:01:29.771  INFO   decision    mode=traveling behavior=traveling action=traveling target=- reason='enter farm area' status=success (repeat)
2026-09-21 10:01:31.849  INFO   session     Entity shadow: vision=5 {'monster': 1, 'npc': 3, 'player': 1} memory=6 {'monster': 2, 'player': 2, 'npc': 2} paired=2 median=0.034 unleveled=68:警衛,10:警衛
2026-09-21 10:01:36.973  INFO   session     Entity shadow: vision=5 {'npc': 3, 'player': 1, 'monster': 1} memory=6 {'monster': 2, 'player': 2, 'npc': 2} paired=2 median=0.035 unleveled=68:警衛,10:警衛
2026-09-21 10:01:38.365  INFO   decision    mode=traveling behavior=traveling action=traveling target=- reason='enter farm area' status=success (repeat)
2026-09-21 10:01:42.079  INFO   session     Entity shadow: vision=6 {'monster': 1, 'player': 2, 'npc': 3} memory=7 {'player': 3, 'monster': 2, 'npc': 2} paired=3 median=0.024 unleveled=68:警衛,10:警衛
2026-09-21 10:01:47.226  INFO   session     Entity shadow: vision=6 {'monster': 2, 'npc': 2, 'player': 2} memory=7 {'player': 3, 'monster': 2, 'npc': 2} paired=2 median=0.049 unleveled=68:警衛,10:警衛
2026-09-21 10:01:47.399  INFO   decision    mode=traveling behavior=traveling action=traveling target=- reason='enter farm area' status=success (repeat)
2026-09-21 10:01:52.276  INFO   session     Entity shadow: vision=5 {'monster': 2, 'npc': 2, 'player': 1} memory=7 {'monster': 3, 'player': 2, 'npc': 2} paired=1 median=0.024 unleveled=68:警衛,10:警衛
2026-09-21 10:01:56.226  INFO   decision    mode=traveling behavior=traveling action=traveling target=- reason='enter farm area' status=success (repeat)
2026-09-21 10:01:57.327  INFO   session     Entity shadow: vision=5 {'npc': 3, 'player': 1, 'monster': 1} memory=8 {'player': 3, 'monster': 3, 'npc': 2} paired=2 median=0.034 unleveled=68:警衛,10:警衛
2026-09-21 10:02:02.384  INFO   session     Entity shadow: vision=5 {'monster': 2, 'player': 1, 'npc': 2} memory=7 {'monster': 3, 'player': 2, 'npc': 2} paired=1 median=0.024 unleveled=68:警衛,10:警衛
2026-09-21 10:02:04.791  INFO   decision    mode=traveling behavior=traveling action=traveling target=- reason='enter farm area' status=success (repeat)
2026-09-21 10:02:07.545  INFO   session     Entity shadow: vision=5 {'player': 1, 'npc': 2, 'monster': 2} memory=7 {'monster': 3, 'player': 2, 'npc': 2} paired=1 median=0.024 unleveled=68:警衛,10:警衛
2026-09-21 10:02:12.630  INFO   session     Entity shadow: vision=5 {'monster': 2, 'player': 1, 'npc': 2} memory=6 {'monster': 2, 'player': 2, 'npc': 2} paired=1 median=0.024 unleveled=68:警衛,10:警衛
2026-09-21 10:02:13.591  INFO   decision    mode=traveling behavior=traveling action=traveling target=- reason='enter farm area' status=success (repeat)
2026-09-21 10:02:17.724  INFO   session     Entity shadow: vision=5 {'npc': 3, 'player': 1, 'monster': 1} memory=6 {'monster': 2, 'player': 2, 'npc': 2} paired=2 median=0.035 unleveled=68:警衛,10:警衛
2026-09-21 10:02:22.202  INFO   decision    mode=traveling behavior=traveling action=traveling target=- reason='enter farm area' status=success (repeat)
2026-09-21 10:02:22.758  INFO   session     Entity shadow: vision=5 {'monster': 2, 'player': 1, 'npc': 2} memory=6 {'monster': 2, 'player': 2, 'npc': 2} paired=1 median=0.024 unleveled=68:警衛,10:警衛
2026-09-21 10:02:27.845  INFO   session     Entity shadow: vision=5 {'npc': 2, 'player': 1, 'monster': 2} memory=6 {'monster': 2, 'player': 2, 'npc': 2} paired=1 median=0.024 unleveled=68:警衛,10:警衛
2026-09-21 10:02:30.851  INFO   decision    mode=traveling behavior=traveling action=traveling target=- reason='enter farm area' status=success (repeat)
2026-09-21 10:02:32.972  INFO   session     Entity shadow: vision=5 {'monster': 2, 'npc': 2, 'player': 1} memory=6 {'monster': 2, 'player': 2, 'npc': 2} paired=1 median=0.024 unleveled=68:警衛,10:警衛
2026-09-21 10:02:38.043  INFO   session     Entity shadow: vision=5 {'monster': 1, 'npc': 3, 'player': 1} memory=6 {'monster': 2, 'player': 2, 'npc': 2} paired=2 median=0.035 unleveled=68:警衛,10:警衛
2026-09-21 10:02:39.430  INFO   decision    mode=traveling behavior=traveling action=traveling target=- reason='enter farm area' status=success (repeat)
2026-09-21 10:02:43.220  INFO   session     Entity shadow: vision=5 {'monster': 2, 'npc': 2, 'player': 1} memory=6 {'monster': 2, 'player': 2, 'npc': 2} paired=1 median=0.024 unleveled=68:警衛,10:警衛
2026-09-21 10:02:47.862  INFO   decision    mode=traveling behavior=traveling action=traveling target=- reason='enter farm area' status=success (repeat)
2026-09-21 10:02:48.304  INFO   session     Entity shadow: vision=5 {'npc': 3, 'player': 1, 'monster': 1} memory=6 {'monster': 2, 'player': 2, 'npc': 2} paired=2 median=0.035 unleveled=68:警衛,10:警衛
2026-09-21 10:02:53.423  INFO   session     Entity shadow: vision=4 {'npc': 3, 'player': 1} memory=6 {'monster': 2, 'player': 2, 'npc': 2} paired=2 median=0.034 unleveled=68:警衛,10:警衛
2026-09-21 10:02:56.382  INFO   decision    mode=traveling behavior=traveling action=traveling target=- reason='enter farm area' status=success (repeat)
2026-09-21 10:02:58.416  INFO   session     Entity shadow: vision=5 {'player': 1, 'npc': 3, 'monster': 1} memory=6 {'monster': 2, 'player': 2, 'npc': 2} paired=2 median=0.034 unleveled=68:警衛,10:警衛
2026-09-21 10:03:03.499  INFO   session     Entity shadow: vision=5 {'monster': 2, 'npc': 2, 'player': 1} memory=6 {'monster': 2, 'player': 2, 'npc': 2} paired=1 median=0.023 unleveled=68:警衛,10:警衛
2026-09-21 10:03:04.869  INFO   decision    mode=traveling behavior=traveling action=traveling target=- reason='enter farm area' status=success (repeat)
2026-09-21 10:03:08.545  INFO   session     Entity shadow: vision=5 {'monster': 2, 'player': 1, 'npc': 2} memory=6 {'monster': 2, 'player': 2, 'npc': 2} paired=1 median=0.024 unleveled=68:警衛,10:警衛
2026-09-21 10:03:13.389  INFO   decision    mode=traveling behavior=traveling action=traveling target=- reason='enter farm area' status=success (repeat)
2026-09-21 10:03:13.672  INFO   session     Entity shadow: vision=5 {'monster': 1, 'npc': 3, 'player': 1} memory=6 {'monster': 2, 'player': 2, 'npc': 2} paired=2 median=0.035 unleveled=68:警衛,10:警衛
2026-09-21 10:03:18.721  INFO   session     Entity shadow: vision=5 {'npc': 3, 'player': 1, 'monster': 1} memory=6 {'monster': 2, 'player': 2, 'npc': 2} paired=2 median=0.034 unleveled=68:警衛,10:警衛
2026-09-21 10:03:21.788  INFO   decision    mode=traveling behavior=traveling action=traveling target=- reason='enter farm area' status=success (repeat)
2026-09-21 10:03:23.858  INFO   session     Entity shadow: vision=5 {'monster': 2, 'player': 1, 'npc': 2} memory=6 {'monster': 2, 'player': 2, 'npc': 2} paired=1 median=0.024 unleveled=68:警衛,10:警衛
2026-09-21 10:03:28.932  INFO   session     Entity shadow: vision=5 {'monster': 2, 'npc': 2, 'player': 1} memory=6 {'monster': 2, 'player': 2, 'npc': 2} paired=1 median=0.024 unleveled=68:警衛,10:警衛
2026-09-21 10:03:30.171  INFO   decision    mode=traveling behavior=traveling action=traveling target=- reason='enter farm area' status=success (repeat)
2026-09-21 10:03:34.006  INFO   session     Entity shadow: vision=5 {'monster': 1, 'npc': 3, 'player': 1} memory=6 {'monster': 2, 'player': 2, 'npc': 2} paired=2 median=0.035 unleveled=68:警衛,10:警衛
2026-09-21 10:03:38.690  INFO   decision    mode=traveling behavior=traveling action=traveling target=- reason='enter farm area' status=success (repeat)
2026-09-21 10:03:39.009  INFO   session     Entity shadow: vision=5 {'monster': 2, 'npc': 2, 'player': 1} memory=6 {'monster': 2, 'player': 2, 'npc': 2} paired=1 median=0.024 unleveled=68:警衛,10:警衛
2026-09-21 10:03:44.219  INFO   session     Entity shadow: vision=5 {'monster': 2, 'npc': 2, 'player': 1} memory=6 {'monster': 2, 'player': 2, 'npc': 2} paired=1 median=0.024 unleveled=68:警衛,10:警衛
2026-09-21 10:03:47.119  INFO   decision    mode=traveling behavior=traveling action=traveling target=- reason='enter farm area' status=success (repeat)
2026-09-21 10:03:49.236  INFO   session     Entity shadow: vision=5 {'player': 1, 'monster': 2, 'npc': 2} memory=6 {'monster': 2, 'player': 2, 'npc': 2} paired=1 median=0.024 unleveled=68:警衛,10:警衛
2026-09-21 10:03:54.264  INFO   session     Entity shadow: vision=5 {'monster': 2, 'npc': 2, 'player': 1} memory=6 {'monster': 2, 'player': 2, 'npc': 2} paired=1 median=0.024 unleveled=68:警衛,10:警衛
2026-09-21 10:03:56.070  INFO   decision    mode=traveling behavior=traveling action=traveling target=- reason='enter farm area' status=success (repeat)
2026-09-21 10:03:59.396  INFO   session     Entity shadow: vision=5 {'npc': 2, 'monster': 2, 'player': 1} memory=6 {'monster': 2, 'player': 2, 'npc': 2} paired=1 median=0.024 unleveled=68:警衛,10:警衛
2026-09-21 10:04:04.587  INFO   session     Entity shadow: vision=5 {'player': 1, 'npc': 3, 'monster': 1} memory=6 {'monster': 2, 'player': 2, 'npc': 2} paired=2 median=0.034 unleveled=68:警衛,10:警衛
2026-09-21 10:04:04.765  INFO   decision    mode=traveling behavior=traveling action=traveling target=- reason='enter farm area' status=success (repeat)
2026-09-21 10:04:09.754  INFO   session     Entity shadow: vision=5 {'monster': 2, 'player': 1, 'npc': 2} memory=6 {'monster': 2, 'player': 2, 'npc': 2} paired=1 median=0.024 unleveled=68:警衛,10:警衛
2026-09-21 10:04:13.404  INFO   decision    mode=traveling behavior=traveling action=traveling target=- reason='enter farm area' status=success (repeat)
2026-09-21 10:04:14.871  INFO   session     Entity shadow: vision=5 {'player': 1, 'npc': 2, 'monster': 2} memory=6 {'monster': 2, 'player': 2, 'npc': 2} paired=1 median=0.024 unleveled=68:警衛,10:警衛
2026-09-21 10:04:20.046  INFO   session     Entity shadow: vision=5 {'monster': 2, 'player': 1, 'npc': 2} memory=6 {'monster': 2, 'player': 2, 'npc': 2} paired=1 median=0.023 unleveled=68:警衛,10:警衛
2026-09-21 10:04:21.886  INFO   decision    mode=traveling behavior=traveling action=traveling target=- reason='enter farm area' status=success (repeat)
2026-09-21 10:04:25.182  INFO   session     Entity shadow: vision=5 {'monster': 1, 'npc': 3, 'player': 1} memory=6 {'monster': 2, 'player': 2, 'npc': 2} paired=2 median=0.034 unleveled=68:警衛,10:警衛
2026-09-21 10:04:30.338  INFO   session     Entity shadow: vision=5 {'monster': 1, 'npc': 3, 'player': 1} memory=6 {'monster': 2, 'player': 2, 'npc': 2} paired=2 median=0.035 unleveled=68:警衛,10:警衛
2026-09-21 10:04:30.360  INFO   decision    mode=traveling behavior=traveling action=traveling target=- reason='enter farm area' status=success (repeat)
2026-09-21 10:04:35.383  INFO   session     Entity shadow: vision=5 {'monster': 2, 'player': 1, 'npc': 2} memory=6 {'monster': 2, 'player': 2, 'npc': 2} paired=1 median=0.024 unleveled=68:警衛,10:警衛
2026-09-21 10:04:38.821  INFO   decision    mode=traveling behavior=traveling action=traveling target=- reason='enter farm area' status=success (repeat)
2026-09-21 10:04:40.614  INFO   session     Entity shadow: vision=5 {'monster': 1, 'npc': 3, 'player': 1} memory=6 {'monster': 2, 'player': 2, 'npc': 2} paired=2 median=0.035 unleveled=68:警衛,10:警衛
2026-09-21 10:04:45.719  INFO   session     Entity shadow: vision=5 {'monster': 1, 'npc': 3, 'player': 1} memory=6 {'monster': 2, 'player': 2, 'npc': 2} paired=2 median=0.034 unleveled=68:警衛,10:警衛
2026-09-21 10:04:47.564  INFO   decision    mode=traveling behavior=traveling action=traveling target=- reason='enter farm area' status=success (repeat)
2026-09-21 10:04:50.860  INFO   session     Entity shadow: vision=5 {'npc': 3, 'player': 1, 'monster': 1} memory=6 {'monster': 2, 'player': 2, 'npc': 2} paired=2 median=0.034 unleveled=68:警衛,10:警衛
2026-09-21 10:04:56.007  INFO   session     Entity shadow: vision=5 {'monster': 1, 'npc': 3, 'player': 1} memory=6 {'monster': 2, 'player': 2, 'npc': 2} paired=2 median=0.034 unleveled=68:警衛,10:警衛
2026-09-21 10:04:56.330  INFO   decision    mode=traveling behavior=traveling action=traveling target=- reason='enter farm area' status=success (repeat)
2026-09-21 10:05:01.283  INFO   session     Entity shadow: vision=5 {'monster': 2, 'npc': 2, 'player': 1} memory=6 {'monster': 2, 'player': 2, 'npc': 2} paired=1 median=0.024 unleveled=68:警衛,10:警衛
2026-09-21 10:05:04.739  INFO   decision    mode=traveling behavior=traveling action=traveling target=- reason='enter farm area' status=success (repeat)
2026-09-21 10:05:06.278  INFO   session     Entity shadow: vision=5 {'monster': 1, 'npc': 3, 'player': 1} memory=6 {'monster': 2, 'player': 2, 'npc': 2} paired=2 median=0.034 unleveled=68:警衛,10:警衛
2026-09-21 10:05:11.309  INFO   session     Entity shadow: vision=5 {'player': 1, 'npc': 3, 'monster': 1} memory=6 {'monster': 2, 'player': 2, 'npc': 2} paired=2 median=0.034 unleveled=68:警衛,10:警衛
2026-09-21 10:05:13.179  INFO   decision    mode=traveling behavior=traveling action=traveling target=- reason='enter farm area' status=success (repeat)
2026-09-21 10:05:16.422  INFO   session     Entity shadow: vision=5 {'monster': 1, 'npc': 3, 'player': 1} memory=6 {'monster': 2, 'player': 2, 'npc': 2} paired=2 median=0.034 unleveled=68:警衛,10:警衛
2026-09-21 10:05:21.431  INFO   session     Entity shadow: vision=5 {'npc': 3, 'player': 1, 'monster': 1} memory=6 {'monster': 2, 'player': 2, 'npc': 2} paired=2 median=0.035 unleveled=68:警衛,10:警衛
2026-09-21 10:05:21.616  INFO   decision    mode=traveling behavior=traveling action=traveling target=- reason='enter farm area' status=success (repeat)
2026-09-21 10:05:26.589  INFO   session     Entity shadow: vision=5 {'monster': 1, 'npc': 3, 'player': 1} memory=6 {'monster': 2, 'player': 2, 'npc': 2} paired=2 median=0.034 unleveled=68:警衛,10:警衛
2026-09-21 10:05:30.202  INFO   decision    mode=traveling behavior=traveling action=traveling target=- reason='enter farm area' status=success (repeat)
2026-09-21 10:05:31.653  INFO   session     Entity shadow: vision=5 {'npc': 3, 'player': 1, 'monster': 1} memory=6 {'monster': 2, 'player': 2, 'npc': 2} paired=2 median=0.035 unleveled=68:警衛,10:警衛
2026-09-21 10:05:36.707  INFO   session     Entity shadow: vision=5 {'monster': 1, 'npc': 3, 'player': 1} memory=6 {'monster': 2, 'player': 2, 'npc': 2} paired=2 median=0.034 unleveled=68:警衛,10:警衛
2026-09-21 10:05:38.582  INFO   decision    mode=traveling behavior=traveling action=traveling target=- reason='enter farm area' status=success (repeat)
2026-09-21 10:05:41.717  INFO   session     Entity shadow: vision=5 {'npc': 2, 'player': 1, 'monster': 2} memory=6 {'monster': 2, 'player': 2, 'npc': 2} paired=1 median=0.024 unleveled=68:警衛,10:警衛
2026-09-21 10:05:46.763  INFO   session     Entity shadow: vision=5 {'monster': 2, 'npc': 2, 'player': 1} memory=7 {'monster': 3, 'player': 2, 'npc': 2} paired=1 median=0.024 unleveled=206:兔子,68:警衛,10:警衛
2026-09-21 10:05:47.100  INFO   decision    mode=traveling behavior=traveling action=traveling target=- reason='enter farm area' status=success (repeat)
2026-09-21 10:05:51.907  INFO   session     Entity shadow: vision=5 {'monster': 1, 'npc': 3, 'player': 1} memory=7 {'monster': 3, 'player': 2, 'npc': 2} paired=2 median=0.034 unleveled=206:兔子,68:警衛,10:警衛
2026-09-21 10:05:55.784  INFO   decision    mode=traveling behavior=traveling action=traveling target=- reason='enter farm area' status=success (repeat)
2026-09-21 10:05:57.042  INFO   session     Entity shadow: vision=5 {'monster': 1, 'player': 1, 'npc': 3} memory=7 {'monster': 3, 'player': 2, 'npc': 2} paired=2 median=0.034 unleveled=206:兔子,68:警衛,10:警衛
2026-09-21 10:06:02.148  INFO   session     Entity shadow: vision=5 {'monster': 2, 'npc': 2, 'player': 1} memory=6 {'monster': 2, 'player': 2, 'npc': 2} paired=1 median=0.024 unleveled=68:警衛,10:警衛
2026-09-21 10:06:04.411  INFO   decision    mode=traveling behavior=traveling action=traveling target=- reason='enter farm area' status=success (repeat)
2026-09-21 10:06:07.227  INFO   session     Entity shadow: vision=5 {'monster': 1, 'npc': 3, 'player': 1} memory=6 {'monster': 2, 'player': 2, 'npc': 2} paired=2 median=0.034 unleveled=68:警衛,10:警衛
2026-09-21 10:06:12.342  INFO   session     Entity shadow: vision=5 {'monster': 1, 'npc': 3, 'player': 1} memory=7 {'monster': 3, 'player': 2, 'npc': 2} paired=2 median=0.035 unleveled=206:兔子,68:警衛,10:警衛
2026-09-21 10:06:13.042  INFO   decision    mode=traveling behavior=traveling action=traveling target=- reason='enter farm area' status=success (repeat)
2026-09-21 10:06:17.385  INFO   session     Entity shadow: vision=5 {'npc': 2, 'monster': 2, 'player': 1} memory=8 {'monster': 3, 'player': 3, 'npc': 2} paired=1 median=0.024 unleveled=206:兔子,68:警衛,10:警衛
2026-09-21 10:06:21.471  INFO   decision    mode=traveling behavior=traveling action=traveling target=- reason='enter farm area' status=success (repeat)
2026-09-21 10:06:22.448  INFO   session     Entity shadow: vision=5 {'monster': 1, 'npc': 3, 'player': 1} memory=8 {'monster': 3, 'player': 3, 'npc': 2} paired=2 median=0.034 unleveled=206:兔子,68:警衛,10:警衛
2026-09-21 10:06:27.479  INFO   session     Entity shadow: vision=5 {'monster': 2, 'npc': 2, 'player': 1} memory=8 {'monster': 3, 'player': 3, 'npc': 2} paired=1 median=0.024 unleveled=206:兔子,68:警衛,10:警衛
2026-09-21 10:06:30.232  INFO   decision    mode=traveling behavior=traveling action=traveling target=- reason='enter farm area' status=success (repeat)
2026-09-21 10:06:32.507  INFO   session     Entity shadow: vision=5 {'monster': 2, 'npc': 2, 'player': 1} memory=9 {'monster': 3, 'player': 4, 'npc': 2} paired=1 median=0.024 unleveled=206:兔子,68:警衛,10:警衛
2026-09-21 10:06:37.529  INFO   session     Entity shadow: vision=5 {'monster': 1, 'npc': 3, 'player': 1} memory=8 {'monster': 3, 'player': 3, 'npc': 2} paired=2 median=0.035 unleveled=206:兔子,68:警衛,10:警衛
2026-09-21 10:06:39.014  INFO   decision    mode=traveling behavior=traveling action=traveling target=- reason='enter farm area' status=success (repeat)
2026-09-21 10:06:42.589  INFO   session     Entity shadow: vision=5 {'player': 1, 'monster': 2, 'npc': 2} memory=8 {'monster': 3, 'player': 3, 'npc': 2} paired=1 median=0.024 unleveled=206:兔子,68:警衛,10:警衛
2026-09-21 10:06:47.498  INFO   decision    mode=traveling behavior=traveling action=traveling target=- reason='enter farm area' status=success (repeat)
2026-09-21 10:06:47.660  INFO   session     Entity shadow: vision=5 {'monster': 2, 'npc': 2, 'player': 1} memory=7 {'monster': 2, 'player': 3, 'npc': 2} paired=1 median=0.024 unleveled=68:警衛,10:警衛
2026-09-21 10:06:52.950  INFO   session     Entity shadow: vision=5 {'monster': 1, 'npc': 3, 'player': 1} memory=7 {'monster': 2, 'player': 3, 'npc': 2} paired=2 median=0.034 unleveled=68:警衛,10:警衛
2026-09-21 10:06:55.985  INFO   decision    mode=traveling behavior=traveling action=traveling target=- reason='enter farm area' status=success (repeat)
2026-09-21 10:06:57.952  INFO   session     Entity shadow: vision=5 {'monster': 2, 'npc': 2, 'player': 1} memory=8 {'player': 4, 'monster': 2, 'npc': 2} paired=1 median=0.024 unleveled=68:警衛,10:警衛
2026-09-21 10:07:03.031  INFO   session     Entity shadow: vision=5 {'monster': 1, 'npc': 3, 'player': 1} memory=9 {'monster': 3, 'player': 4, 'npc': 2} paired=2 median=0.034 unleveled=206:兔子,68:警衛,10:警衛
2026-09-21 10:07:04.653  INFO   decision    mode=traveling behavior=traveling action=traveling target=- reason='enter farm area' status=success (repeat)
2026-09-21 10:07:08.072  INFO   session     Entity shadow: vision=5 {'monster': 1, 'npc': 3, 'player': 1} memory=9 {'monster': 3, 'player': 4, 'npc': 2} paired=2 median=0.035 unleveled=206:兔子,68:警衛,10:警衛
2026-09-21 10:07:13.168  INFO   session     Entity shadow: vision=5 {'monster': 2, 'npc': 2, 'player': 1} memory=8 {'player': 4, 'monster': 2, 'npc': 2} paired=1 median=0.024 unleveled=68:警衛,10:警衛
2026-09-21 10:07:13.192  INFO   decision    mode=traveling behavior=traveling action=traveling target=- reason='enter farm area' status=success (repeat)
2026-09-21 10:07:18.278  INFO   session     Entity shadow: vision=5 {'monster': 2, 'npc': 2, 'player': 1} memory=8 {'player': 4, 'monster': 2, 'npc': 2} paired=1 median=0.024 unleveled=68:警衛,10:警衛
2026-09-21 10:07:21.784  INFO   decision    mode=traveling behavior=traveling action=traveling target=- reason='enter farm area' status=success (repeat)
2026-09-21 10:07:23.361  INFO   session     Entity shadow: vision=5 {'monster': 1, 'npc': 3, 'player': 1} memory=8 {'player': 4, 'monster': 2, 'npc': 2} paired=2 median=0.034 unleveled=68:警衛,10:警衛
2026-09-21 10:07:28.499  INFO   session     Entity shadow: vision=5 {'monster': 1, 'npc': 3, 'player': 1} memory=7 {'monster': 2, 'player': 3, 'npc': 2} paired=2 median=0.035 unleveled=68:警衛,10:警衛
2026-09-21 10:07:30.563  INFO   decision    mode=traveling behavior=traveling action=traveling target=- reason='enter farm area' status=success (repeat)
2026-09-21 10:07:33.556  INFO   session     Entity shadow: vision=5 {'monster': 1, 'player': 1, 'npc': 3} memory=7 {'monster': 2, 'player': 3, 'npc': 2} paired=2 median=0.034 unleveled=68:警衛,10:警衛
2026-09-21 10:07:38.624  INFO   session     Entity shadow: vision=5 {'player': 1, 'npc': 2, 'monster': 2} memory=8 {'player': 4, 'monster': 2, 'npc': 2} paired=1 median=0.024 unleveled=68:警衛,10:警衛
2026-09-21 10:07:39.157  INFO   decision    mode=traveling behavior=traveling action=traveling target=- reason='enter farm area' status=success (repeat)
2026-09-21 10:07:43.652  INFO   session     Entity shadow: vision=5 {'monster': 2, 'npc': 2, 'player': 1} memory=8 {'monster': 3, 'player': 3, 'npc': 2} paired=1 median=0.024 unleveled=14:青蛙,68:警衛,10:警衛
2026-09-21 10:07:47.523  INFO   decision    mode=traveling behavior=traveling action=traveling target=- reason='enter farm area' status=success (repeat)
2026-09-21 10:07:48.690  INFO   session     Entity shadow: vision=5 {'monster': 1, 'npc': 3, 'player': 1} memory=7 {'monster': 2, 'player': 3, 'npc': 2} paired=2 median=0.034 unleveled=68:警衛,10:警衛
2026-09-21 10:07:53.810  INFO   session     Entity shadow: vision=5 {'monster': 1, 'npc': 3, 'player': 1} memory=7 {'monster': 2, 'player': 3, 'npc': 2} paired=2 median=0.035 unleveled=68:警衛,10:警衛
2026-09-21 10:07:56.014  INFO   decision    mode=traveling behavior=traveling action=traveling target=- reason='enter farm area' status=success (repeat)
2026-09-21 10:07:58.887  INFO   session     Entity shadow: vision=5 {'monster': 2, 'player': 1, 'npc': 2} memory=7 {'monster': 2, 'player': 3, 'npc': 2} paired=1 median=0.024 unleveled=68:警衛,10:警衛
2026-09-21 10:08:03.969  INFO   session     Entity shadow: vision=5 {'monster': 2, 'npc': 2, 'player': 1} memory=7 {'monster': 2, 'player': 3, 'npc': 2} paired=1 median=0.024 unleveled=68:警衛,10:警衛
2026-09-21 10:08:04.577  INFO   decision    mode=traveling behavior=traveling action=traveling target=- reason='enter farm area' status=success (repeat)
2026-09-21 10:08:09.073  INFO   session     Entity shadow: vision=5 {'monster': 1, 'npc': 3, 'player': 1} memory=7 {'monster': 2, 'player': 3, 'npc': 2} paired=2 median=0.034 unleveled=68:警衛,10:警衛
2026-09-21 10:08:13.138  INFO   decision    mode=traveling behavior=traveling action=traveling target=- reason='enter farm area' status=success (repeat)
2026-09-21 10:08:14.241  INFO   session     Entity shadow: vision=5 {'monster': 2, 'player': 1, 'npc': 2} memory=7 {'monster': 2, 'player': 3, 'npc': 2} paired=1 median=0.024 unleveled=68:警衛,10:警衛
2026-09-21 10:08:19.424  INFO   session     Entity shadow: vision=5 {'monster': 2, 'player': 1, 'npc': 2} memory=7 {'monster': 2, 'player': 3, 'npc': 2} paired=1 median=0.024 unleveled=68:警衛,10:警衛
2026-09-21 10:08:21.644  INFO   decision    mode=traveling behavior=traveling action=traveling target=- reason='enter farm area' status=success (repeat)
2026-09-21 10:08:24.716  INFO   session     Entity shadow: vision=5 {'monster': 2, 'player': 1, 'npc': 2} memory=7 {'monster': 2, 'player': 3, 'npc': 2} paired=1 median=0.024 unleveled=68:警衛,10:警衛
2026-09-21 10:08:29.850  INFO   session     Entity shadow: vision=5 {'monster': 1, 'npc': 3, 'player': 1} memory=8 {'monster': 3, 'player': 3, 'npc': 2} paired=2 median=0.035 unleveled=14:青蛙,68:警衛,10:警衛
2026-09-21 10:08:30.028  INFO   decision    mode=traveling behavior=traveling action=traveling target=- reason='enter farm area' status=success (repeat)
2026-09-21 10:08:34.959  INFO   session     Entity shadow: vision=5 {'monster': 2, 'npc': 2, 'player': 1} memory=7 {'monster': 2, 'player': 3, 'npc': 2} paired=1 median=0.024 unleveled=68:警衛,10:警衛
2026-09-21 10:08:38.473  INFO   decision    mode=traveling behavior=traveling action=traveling target=- reason='enter farm area' status=success (repeat)
2026-09-21 10:08:40.007  INFO   session     Entity shadow: vision=5 {'monster': 2, 'npc': 2, 'player': 1} memory=7 {'monster': 2, 'player': 3, 'npc': 2} paired=1 median=0.024 unleveled=68:警衛,10:警衛
2026-09-21 10:08:45.160  INFO   session     Entity shadow: vision=5 {'monster': 2, 'npc': 2, 'player': 1} memory=7 {'monster': 2, 'player': 3, 'npc': 2} paired=1 median=0.024 unleveled=68:警衛,10:警衛
2026-09-21 10:08:46.831  INFO   decision    mode=traveling behavior=traveling action=traveling target=- reason='enter farm area' status=success (repeat)
2026-09-21 10:08:50.353  INFO   session     Entity shadow: vision=5 {'monster': 1, 'npc': 3, 'player': 1} memory=8 {'monster': 3, 'player': 3, 'npc': 2} paired=2 median=0.035 unleveled=14:青蛙,68:警衛,10:警衛
2026-09-21 10:08:55.217  INFO   decision    mode=traveling behavior=traveling action=traveling target=- reason='enter farm area' status=success (repeat)
2026-09-21 10:08:55.394  INFO   session     Entity shadow: vision=5 {'npc': 3, 'player': 1, 'monster': 1} memory=8 {'monster': 3, 'player': 3, 'npc': 2} paired=2 median=0.034 unleveled=14:青蛙,68:警衛,10:警衛
2026-09-21 10:09:00.565  INFO   session     Entity shadow: vision=4 {'player': 2, 'npc': 2} memory=7 {'monster': 3, 'player': 3, 'npc': 1} paired=2 median=0.092 unleveled=14:青蛙,68:警衛,10:警衛
2026-09-21 10:09:04.031  INFO   decision    mode=traveling behavior=traveling action=traveling target=- reason='enter farm area' status=success (repeat)
2026-09-21 10:09:05.679  INFO   session     Entity shadow: vision=6 {'player': 2, 'monster': 2, 'npc': 2} memory=7 {'monster': 5, 'player': 2} paired=3 median=0.025 unleveled=14:青蛙,68:警衛,10:警衛
2026-09-21 10:09:08.663  INFO   session     Paused — hotkey
2026-09-21 10:09:09.319  INFO   session     Stop → Stopped
2026-09-21 10:09:14.641  INFO   session     Bot worker exited
