2026-09-21 21:38:31.309  INFO   session     Loading Manmabot from D:\Work\ManmabotV1_final\engine
2026-09-21 21:38:31.312  INFO   session     Session log D:\Work\ManmabotV1_final\engine\logs\bot-20260921-213831.log
2026-09-21 21:38:31.312  INFO   session     character=elf loot=all_items game_lang=ko map=talking_island farms=['area_1', 'area_2', 'area_3', 'area_4'] file=D:\Work\ManmabotV1_final\engine\logs\bot-20260921-213831.log
2026-09-21 21:38:31.534  INFO   nav         building portal graph (cluster=32, 479x511)
2026-09-21 21:38:31.790  INFO   nav         portal graph: 188 components, 256 ms
2026-09-21 21:38:31.796  INFO   nav         farms=4 safe=11 home=(354, 203) (files farm=D:\Work\ManmabotV1_final\engine\maps\talking_island\farms.yaml safe=D:\Work\ManmabotV1_final\engine\maps\talking_island\safe.yaml home=D:\Work\ManmabotV1_final\engine\maps\talking_island\home.yaml)
2026-09-21 21:38:32.062  INFO   capture     mss window capture process='LC.exe' title=None content_aspect=4:3
2026-09-21 21:38:32.120  INFO   session     Auto-resume → Running
2026-09-21 21:38:32.419  INFO   session     Entity clicks use memory names, species, and world cells. Image recognition still runs. Set memory.entity_source to vision to restore image-only clicks.
2026-09-21 21:38:32.425  INFO   session     Player memory is read in this process (realtime_monitor.dll, offsets.json). No separate console.
2026-09-21 21:38:56.021  INFO   session     Inventory listen ready (dll) · hp=26 arrows=2477 silver=0 depoison=0
2026-09-21 21:38:56.026  INFO   session     Scanning hotbar (skill boxes 1–3)…
2026-09-21 21:39:00.319  INFO   session     Hotbar scan done · hp_potion@box1/f5, talking_scroll@box1/f8
2026-09-21 21:39:00.323  INFO   session     Loop ready · elf · ko · map=talking_island · loot=all_items · farms=['area_1', 'area_2', 'area_3', 'area_4']
2026-09-21 21:39:00.969  INFO   session     Entity shadow: vision=16 {'player': 12, 'npc': 4} memory=49 {'monster': 1, 'player': 46, 'npc': 2} paired=12 median=0.024 unleveled=10:警衛
2026-09-21 21:39:24.567  INFO   decision    mode=traveling behavior=traveling action=traveling target=- reason='enter farm area' status=success
2026-09-21 21:39:25.131  INFO   session     Entity shadow: vision=15 {'player': 12, 'npc': 3} memory=56 {'npc': 3, 'monster': 1, 'player': 52} paired=13 median=0.009 unleveled=10:警衛
2026-09-21 21:39:48.615  INFO   session     Entity shadow: vision=9 {'player': 4, 'npc': 5} memory=8 {'monster': 3, 'npc': 2, 'player': 3} paired=5 median=0.017 unleveled=68:警衛,10:警衛
2026-09-21 21:40:12.513  INFO   session     Entity shadow: vision=6 {'player': 1, 'npc': 4, 'monster': 1} memory=5 {'monster': 4, 'npc': 1} paired=2 median=0.040 unleveled=68:警衛,10:警衛
2026-09-21 21:40:29.893  INFO   session     Auto-pause (not_focused)
2026-09-21 21:40:31.254  INFO   session     Auto-resume → Running
2026-09-21 21:40:35.571  INFO   decision    mode=traveling behavior=combat action=attack target=64 reason='engage target' status=success
2026-09-21 21:40:35.981  INFO   session     Entity shadow: vision=2 {'player': 1, 'npc': 1} memory=3 {'monster': 2, 'item': 1} paired=0 median=0.000 unleveled=189:鹿
2026-09-21 21:40:42.902  INFO   session     Auto-pause (not_focused)
2026-09-21 21:45:56.744  INFO   session     Auto-resume → Running
2026-09-21 21:45:56.952  INFO   session     Entity shadow: vision=1 {'player': 1} memory=1 {'npc': 1} paired=0 median=0.000
2026-09-21 21:45:57.841  INFO   session     Auto-pause (not_focused)
2026-09-21 21:46:22.569  INFO   session     Auto-resume → Running
2026-09-21 21:46:22.747  INFO   session     Entity shadow: vision=2 {'player': 2} memory=1 {'npc': 1} paired=0 median=0.000
2026-09-21 21:46:24.186  INFO   session     Auto-pause (not_focused)
2026-09-21 21:46:46.720  INFO   session     Auto-resume → Running
2026-09-21 21:46:46.938  INFO   session     Entity shadow: vision=2 {'player': 1, 'monster': 1} memory=3 {'monster': 2, 'npc': 1} paired=1 median=0.024 unleveled=68:警衛
2026-09-21 21:46:49.157  INFO   session     Auto-pause (not_focused)
2026-09-21 21:48:42.158  INFO   session     Resume → Running
2026-09-21 21:48:42.383  INFO   session     Entity shadow: vision=1 {'player': 1} memory=2 {'npc': 1, 'monster': 1} paired=0 median=0.000 unleveled=68:警衛
2026-09-21 21:48:45.189  INFO   session     Auto-pause (not_focused)
2026-09-21 21:49:46.912  INFO   session     Auto-resume → Running
2026-09-21 21:49:47.146  INFO   session     Entity shadow: vision=2 {'player': 1, 'npc': 1} memory=2 {'npc': 1, 'monster': 1} paired=0 median=0.000 unleveled=10:警衛
2026-09-21 21:49:50.706  INFO   session     Auto-pause (not_focused)
2026-09-21 21:51:01.564  INFO   session     Auto-resume → Running
2026-09-21 21:51:01.744  INFO   session     Entity shadow: vision=3 {'player': 1, 'npc': 2} memory=4 {'monster': 4} paired=0 median=0.000 unleveled=68:警衛,10:警衛
2026-09-21 21:51:04.533  INFO   session     Auto-pause (not_focused)
2026-09-21 21:51:28.024  INFO   session     Auto-resume → Running
2026-09-21 21:51:28.280  INFO   session     Entity shadow: vision=6 {'player': 1, 'npc': 5} memory=5 {'monster': 5} paired=0 median=0.000 unleveled=10:警衛,68:警衛
2026-09-21 21:51:29.925  INFO   session     Auto-pause (not_focused)
2026-09-21 21:51:31.030  INFO   session     Auto-resume → Running
2026-09-21 21:51:32.130  INFO   session     Auto-pause (not_focused)
2026-09-21 21:52:27.956  INFO   session     Auto-resume → Running
2026-09-21 21:52:28.134  INFO   session     Entity shadow: vision=4 {'player': 1, 'npc': 3} memory=4 {'monster': 4} paired=0 median=0.000 unleveled=10:警衛,68:警衛
2026-09-21 21:52:31.766  INFO   session     Auto-pause (not_focused)
2026-09-21 21:52:35.326  INFO   session     Auto-resume → Running
2026-09-21 21:52:36.676  INFO   session     Auto-pause (not_focused)
2026-09-21 21:52:42.790  INFO   session     Resume → Running
2026-09-21 21:52:45.428  INFO   session     Auto-pause (not_focused)
2026-09-21 21:52:46.259  INFO   session     Auto-resume → Running
2026-09-21 21:52:46.532  INFO   session     Auto-pause (not_focused)
2026-09-21 21:52:48.216  INFO   session     Stop → Stopped
2026-09-21 21:52:51.932  INFO   session     Bot worker exited
