2026-09-28 01:38:41.265  INFO   session     Loading Manmabot from D:\ManmabotV1_final\engine
2026-09-28 01:38:41.271  INFO   session     Session log D:\ManmabotV1_final\engine\logs\bot-20260928-013841.log
2026-09-28 01:38:41.271  INFO   session     character=elf loot=all_items game_lang=ko map=talking_island farms=['area_1', 'area_3'] file=D:\ManmabotV1_final\engine\logs\bot-20260928-013841.log
2026-09-28 01:38:41.568  INFO   nav         building portal graph (cluster=32, 479x511)
2026-09-28 01:38:41.887  INFO   nav         portal graph: 188 components, 319 ms
2026-09-28 01:38:41.894  INFO   nav         farms=2 safe=11 home=(354, 203) (files farm=D:\ManmabotV1_final\engine\maps\talking_island\farms.yaml safe=D:\ManmabotV1_final\engine\maps\talking_island\safe.yaml home=D:\ManmabotV1_final\engine\maps\talking_island\home.yaml)
2026-09-28 01:38:42.141  INFO   capture     mss window capture process='LC.exe' title=None content_aspect=4:3
2026-09-28 01:38:42.628  INFO   session     Entity clicks use memory names, species, and world cells. Image recognition still runs. Set memory.entity_source to vision to restore image-only clicks.
2026-09-28 01:38:42.645  INFO   session     Player memory is read in this process (realtime_monitor.dll, offsets.json). No separate console.
2026-09-28 01:38:42.657  INFO   session     인벤토리를 백그라운드에서 스캔 중 (inventory_listen.dll 또는 inv.json을 두세요).
2026-09-28 01:38:42.688  INFO   session     메모리에서 핫바 24칸을 읽는 중…
2026-09-28 01:38:42.774  INFO   session     핫바 스캔 완료 · 파워 업@box2/f8, 아머 업@box2/f5, 라이트@box1/f10, 힐@box1/f9, HP 물약@box1/f8, 텔레포트@box1/f11, 마법 공격@box1/f12, 말하는 두루마리@box1/f5
2026-09-28 01:38:42.802  INFO   session     매핑되지 않은 핫바 아이콘: box1/f6:작은 활 (무장), box1/f7:나무 화살, box1/f9:아데나
2026-09-28 01:38:42.818  INFO   session     루프 준비 · 요정 · 한국어 · 맵=말하는 섬 · 룻=전부 줍기 · 구역=구역 1, 구역 3
2026-09-28 01:38:43.406  INFO   session     Entity shadow: vision=2 {'player': 1, 'monster': 1} memory=1 {'monster': 1} paired=1 median=0.058
2026-09-28 01:38:43.445  INFO   session     인벤토리 수신 준비 (dll) · hp=4 화살=349 은화살=0 해독=0
2026-09-28 01:38:43.467  INFO   decision    mode=farming behavior=buff action=buff target=- reason='armor_up' status=success
2026-09-28 01:38:44.467  INFO   decision    mode=farming behavior=combat action=attack target=1 reason='engage target' status=success
2026-09-28 01:38:48.415  INFO   session     Entity shadow: vision=1 {'player': 1} memory=2 {'player': 1, 'monster': 1} paired=0 median=0.000
2026-09-28 01:38:53.651  INFO   session     Entity shadow: vision=3 {'player': 2, 'monster': 1} memory=2 {'player': 1, 'monster': 1} paired=2 median=0.040
2026-09-28 01:38:53.674  INFO   decision    mode=farming behavior=buff action=buff target=- reason='light' status=success
2026-09-28 01:38:54.196  INFO   decision    mode=farming behavior=combat action=attack target=1 reason='attack target' status=success
2026-09-28 01:38:56.032  INFO   decision    mode=farming behavior=loot action=pickup target=3 reason='engage item' status=success
2026-09-28 01:38:56.497  INFO   decision    mode=farming behavior=loot action=idle target=- reason='pickup settle' status=success
2026-09-28 01:38:57.344  INFO   decision    mode=traveling behavior=traveling action=traveling target=- reason='enter farm area' status=success
2026-09-28 01:38:58.819  INFO   session     Entity shadow: vision=1 {'player': 1} memory=1 {'player': 1} paired=0 median=0.000
2026-09-28 01:39:04.183  INFO   session     Entity shadow: vision=1 {'player': 1} memory=1 {'monster': 1} paired=0 median=0.000
2026-09-28 01:39:09.367  INFO   session     Entity shadow: vision=0 {} memory=3 {'monster': 2, 'player': 1} paired=0 median=0.000
2026-09-28 01:39:10.459  INFO   decision    mode=traveling behavior=traveling action=traveling target=- reason='enter farm area' status=success (repeat)
2026-09-28 01:39:14.567  INFO   session     Entity shadow: vision=1 {'monster': 1} memory=5 {'monster': 4, 'player': 1} paired=0 median=0.000 unleveled=207:兔子,210:兔子
2026-09-28 01:39:15.680  INFO   decision    mode=traveling behavior=loot action=searching target=12 reason='walk onto item' status=success
2026-09-28 01:39:16.750  INFO   decision    mode=traveling behavior=traveling action=traveling target=- reason='enter farm area' status=success
2026-09-28 01:39:19.779  INFO   session     Entity shadow: vision=0 {} memory=1 {'player': 1} paired=0 median=0.000
2026-09-28 01:39:24.832  INFO   session     Entity shadow: vision=1 {'player': 1} memory=1 {'player': 1} paired=0 median=0.000
2026-09-28 01:39:27.263  INFO   decision    mode=farming behavior=search action=searching target=- reason='search area' status=success
2026-09-28 01:39:29.899  INFO   session     Entity shadow: vision=1 {'player': 1} memory=0 {} paired=0 median=0.000
2026-09-28 01:39:35.010  INFO   session     Entity shadow: vision=1 {'monster': 1} memory=0 {} paired=0 median=0.000
2026-09-28 01:39:40.204  INFO   session     Entity shadow: vision=1 {'player': 1} memory=0 {} paired=0 median=0.000
2026-09-28 01:39:40.223  INFO   decision    mode=farming behavior=search action=searching target=- reason='search area' status=success (repeat)
2026-09-28 01:39:45.231  INFO   session     Entity shadow: vision=2 {'player': 1, 'monster': 1} memory=1 {'player': 1} paired=0 median=0.000
2026-09-28 01:39:50.106  INFO   decision    mode=retreating behavior=talking_scroll action=use_talking_scroll target=- reason='retreat, 마법서 상인' status=success
2026-09-28 01:39:51.654  INFO   session     Entity shadow: vision=2 {'monster': 2} memory=1 {'monster': 1} paired=0 median=0.000 unleveled=12:史萊姆
2026-09-28 01:39:51.692  INFO   decision    mode=retreating behavior=retreating action=idle target=- reason='retreating, waiting for hp' status=success
2026-09-28 01:39:56.732  INFO   session     Entity shadow: vision=3 {'npc': 2, 'player': 1} memory=6 {'player': 1, 'monster': 2, 'npc': 3} paired=0 median=0.000 unleveled=68:警衛,10:警衛
2026-09-28 01:40:01.799  INFO   session     Entity shadow: vision=4 {'npc': 2, 'player': 2} memory=6 {'player': 1, 'monster': 2, 'npc': 3} paired=0 median=0.000 unleveled=68:警衛,10:警衛
2026-09-28 01:40:05.622  INFO   decision    mode=retreating behavior=retreating action=idle target=- reason='retreating, waiting for hp' status=success (repeat)
2026-09-28 01:40:06.763  INFO   decision    mode=traveling behavior=traveling action=traveling target=- reason='return to farm after retreat' status=success
2026-09-28 01:40:07.203  INFO   session     Entity shadow: vision=5 {'npc': 2, 'player': 3} memory=7 {'player': 2, 'monster': 2, 'npc': 3} paired=2 median=0.020 unleveled=68:警衛,10:警衛
2026-09-28 01:40:08.984  INFO   decision    mode=traveling behavior=combat action=attack target=28 reason='engage target' status=success
2026-09-28 01:40:12.440  INFO   session     Entity shadow: vision=6 {'player': 2, 'npc': 2, 'monster': 2} memory=6 {'monster': 3, 'player': 2, 'npc': 1} paired=2 median=0.031 unleveled=10:警衛
2026-09-28 01:40:14.784  INFO   decision    mode=traveling behavior=traveling action=traveling target=- reason='return to farm after retreat' status=success
2026-09-28 01:40:17.636  INFO   session     Entity shadow: vision=3 {'player': 3} memory=4 {'player': 2, 'monster': 1, 'npc': 1} paired=2 median=0.041 unleveled=10:警衛
2026-09-28 01:40:22.710  INFO   session     Entity shadow: vision=4 {'player': 4} memory=4 {'player': 2, 'monster': 1, 'npc': 1} paired=2 median=0.031 unleveled=10:警衛
2026-09-28 01:40:27.942  INFO   session     Entity shadow: vision=1 {'player': 1} memory=0 {} paired=0 median=0.000
2026-09-28 01:40:29.423  INFO   decision    mode=traveling behavior=traveling action=traveling target=- reason='return to farm after retreat' status=success (repeat)
2026-09-28 01:40:32.949  INFO   session     Entity shadow: vision=1 {'monster': 1} memory=1 {'monster': 1} paired=1 median=0.030
2026-09-28 01:40:37.961  INFO   session     Entity shadow: vision=2 {'player': 1, 'monster': 1} memory=1 {'monster': 1} paired=1 median=0.048
2026-09-28 01:40:42.804  INFO   decision    mode=traveling behavior=traveling action=traveling target=- reason='return to farm after retreat' status=success (repeat)
2026-09-28 01:40:43.067  INFO   session     Entity shadow: vision=2 {'player': 1, 'npc': 1} memory=1 {'monster': 1} paired=0 median=0.000
2026-09-28 01:40:43.551  INFO   decision    mode=traveling behavior=combat action=attack target=31 reason='engage target' status=success
2026-09-28 01:40:46.796  INFO   decision    mode=traveling behavior=loot action=searching target=32 reason='walk onto item' status=success
2026-09-28 01:40:48.217  INFO   session     Entity shadow: vision=2 {'item': 1, 'player': 1} memory=1 {'item': 1} paired=1 median=0.005
2026-09-28 01:40:53.219  INFO   session     Entity shadow: vision=5 {'player': 2, 'item': 1, 'monster': 2} memory=3 {'player': 1, 'monster': 1, 'item': 1} paired=3 median=0.027
2026-09-28 01:40:53.967  INFO   decision    mode=traveling behavior=loot action=pickup target=32 reason='loot target' status=success
2026-09-28 01:40:54.461  INFO   decision    mode=traveling behavior=loot action=idle target=- reason='pickup settle' status=success
2026-09-28 01:40:55.362  INFO   decision    mode=traveling behavior=loot action=searching target=35 reason='walk onto item' status=success
2026-09-28 01:40:58.306  INFO   session     Entity shadow: vision=3 {'player': 2, 'item': 1} memory=3 {'player': 1, 'item': 2} paired=2 median=0.036
2026-09-28 01:40:59.598  INFO   decision    mode=traveling behavior=traveling action=traveling target=- reason='return to farm after retreat' status=success
2026-09-28 01:41:03.507  INFO   session     Entity shadow: vision=2 {'player': 2} memory=0 {} paired=0 median=0.000
2026-09-28 01:41:08.734  INFO   session     Entity shadow: vision=0 {} memory=0 {} paired=0 median=0.000
2026-09-28 01:41:10.296  INFO   decision    mode=traveling behavior=combat action=attack target=37 reason='engage target' status=success
2026-09-28 01:41:13.834  INFO   session     Entity shadow: vision=1 {'player': 1} memory=1 {'monster': 1} paired=0 median=0.000
2026-09-28 01:41:14.858  INFO   decision    mode=traveling behavior=traveling action=traveling target=- reason='return to farm after retreat' status=success
2026-09-28 01:41:16.169  INFO   decision    mode=traveling behavior=combat action=attack target=38 reason='engage target' status=success
2026-09-28 01:41:19.117  INFO   session     Entity shadow: vision=1 {'player': 1} memory=4 {'monster': 4} paired=0 median=0.000
2026-09-28 01:41:23.925  INFO   decision    mode=traveling behavior=loot action=searching target=45 reason='walk onto item' status=success
2026-09-28 01:41:24.324  INFO   session     Entity shadow: vision=3 {'item': 2, 'player': 1} memory=7 {'monster': 5, 'item': 2} paired=2 median=0.020
2026-09-28 01:41:29.450  INFO   session     Entity shadow: vision=4 {'player': 1, 'item': 2, 'monster': 1} memory=6 {'monster': 3, 'player': 1, 'item': 2} paired=2 median=0.015
2026-09-28 01:41:30.400  INFO   decision    mode=traveling behavior=loot action=pickup target=45 reason='loot target' status=success
2026-09-28 01:41:30.917  INFO   decision    mode=traveling behavior=loot action=idle target=- reason='pickup settle' status=success
2026-09-28 01:41:31.779  INFO   decision    mode=traveling behavior=loot action=searching target=46 reason='walk onto item' status=success
2026-09-28 01:41:34.502  INFO   session     Entity shadow: vision=4 {'player': 1, 'monster': 2, 'item': 1} memory=7 {'monster': 6, 'item': 1} paired=3 median=0.037
2026-09-28 01:41:37.460  INFO   decision    mode=traveling behavior=combat action=attack target=55 reason='engage target' status=success
2026-09-28 01:41:38.131  INFO   decision    mode=traveling behavior=loot action=pickup target=46 reason='engage item' status=success
2026-09-28 01:41:38.749  INFO   decision    mode=traveling behavior=loot action=idle target=- reason='pickup settle' status=success
2026-09-28 01:41:39.290  INFO   decision    mode=traveling behavior=combat action=attack target=55 reason='engage target' status=success
2026-09-28 01:41:39.858  INFO   session     Entity shadow: vision=2 {'monster': 1, 'player': 1} memory=7 {'monster': 7} paired=1 median=0.105
2026-09-28 01:41:42.440  INFO   decision    mode=retreating behavior=retreating action=teleport target=- reason='retreat teleport' status=success
2026-09-28 01:41:43.480  INFO   decision    mode=retreating behavior=talking_scroll action=use_talking_scroll target=- reason='retreat, 허수아비 수련장' status=success
2026-09-28 01:41:45.095  INFO   session     Entity shadow: vision=2 {'monster': 2} memory=6 {'monster': 6} paired=2 median=0.102
2026-09-28 01:41:45.196  INFO   decision    mode=retreating behavior=? action=idle target=- reason='waiting for respawn' status=success
2026-09-28 01:41:47.331  INFO   decision    mode=retreating behavior=respawn action=respawn target=- reason='death confirmed, restart' status=success
2026-09-28 01:41:47.747  INFO   decision    mode=retreating behavior=? action=idle target=- reason='waiting for respawn' status=success
2026-09-28 01:41:49.021  INFO   decision    mode=retreating behavior=heal action=heal target=- reason='heal after teleport' status=success
2026-09-28 01:41:51.059  INFO   session     Entity shadow: vision=14 {'monster': 1, 'player': 12, 'npc': 1} memory=23 {'player': 18, 'npc': 5} paired=11 median=0.020
2026-09-28 01:41:56.445  INFO   session     Entity shadow: vision=13 {'player': 11, 'npc': 2} memory=22 {'player': 18, 'npc': 4} paired=13 median=0.022
2026-09-28 01:42:01.939  INFO   session     Entity shadow: vision=14 {'player': 12, 'npc': 1, 'monster': 1} memory=22 {'player': 19, 'npc': 3} paired=13 median=0.022
2026-09-28 01:42:07.499  INFO   session     Entity shadow: vision=12 {'player': 10, 'npc': 1, 'monster': 1} memory=23 {'player': 19, 'npc': 3, 'monster': 1} paired=11 median=0.019 unleveled=14:青蛙
2026-09-28 01:42:12.817  INFO   session     Entity shadow: vision=11 {'player': 11} memory=24 {'monster': 2, 'player': 19, 'npc': 3} paired=11 median=0.019 unleveled=189:鹿,14:青蛙
2026-09-28 01:42:16.274  INFO   decision    mode=retreating behavior=retreating action=idle target=- reason='retreating, waiting for hp' status=success
2026-09-28 01:42:18.046  INFO   session     Entity shadow: vision=13 {'player': 12, 'npc': 1} memory=25 {'monster': 1, 'player': 20, 'npc': 4} paired=13 median=0.019 unleveled=189:鹿
2026-09-28 01:42:23.082  INFO   session     Entity shadow: vision=14 {'player': 12, 'npc': 2} memory=27 {'npc': 5, 'player': 21, 'monster': 1} paired=14 median=0.022 unleveled=189:鹿
2026-09-28 01:42:28.100  INFO   session     Entity shadow: vision=16 {'player': 11, 'npc': 3, 'monster': 2} memory=26 {'npc': 6, 'player': 20} paired=14 median=0.022
2026-09-28 01:42:33.166  INFO   session     Entity shadow: vision=14 {'player': 13, 'npc': 1} memory=25 {'npc': 5, 'player': 20} paired=14 median=0.023
2026-09-28 01:42:34.583  INFO   decision    mode=retreating behavior=retreating action=idle target=- reason='retreating, waiting for hp' status=success (repeat)
2026-09-28 01:42:38.383  INFO   session     Entity shadow: vision=11 {'player': 11} memory=23 {'npc': 4, 'player': 19} paired=11 median=0.021
2026-09-28 01:42:43.503  INFO   session     Entity shadow: vision=12 {'player': 11, 'npc': 1} memory=23 {'monster': 1, 'player': 18, 'npc': 4} paired=12 median=0.022 unleveled=206:兔子
2026-09-28 01:42:47.505  INFO   session     일시정지 — 단축키
2026-09-28 01:44:04.627  INFO   session     재개 → 실행 중
2026-09-28 01:44:05.155  INFO   session     Entity shadow: vision=16 {'player': 13, 'npc': 3} memory=23 {'player': 17, 'npc': 6} paired=16 median=0.023
2026-09-28 01:44:05.274  INFO   decision    mode=farming behavior=talking_scroll action=use_talking_scroll target=- reason='respawn, 마법서 상인' status=success
2026-09-28 01:44:07.223  INFO   decision    mode=traveling behavior=traveling action=traveling target=- reason='enter farm area' status=success
2026-09-28 01:44:10.302  INFO   session     Entity shadow: vision=3 {'npc': 2, 'player': 1} memory=6 {'player': 1, 'monster': 2, 'npc': 3} paired=1 median=0.044 unleveled=68:警衛,10:警衛
2026-09-28 01:44:15.161  INFO   decision    mode=traveling behavior=combat action=attack target=111 reason='engage target' status=success
2026-09-28 01:44:16.019  INFO   session     Entity shadow: vision=7 {'monster': 5, 'npc': 2} memory=8 {'monster': 6, 'npc': 2} paired=4 median=0.036 unleveled=68:警衛,10:警衛
2026-09-28 01:44:19.736  INFO   decision    mode=traveling behavior=loot action=searching target=112 reason='walk onto item' status=success
2026-09-28 01:44:21.264  INFO   session     Entity shadow: vision=5 {'monster': 3, 'item': 1, 'player': 1} memory=4 {'player': 1, 'item': 1, 'monster': 2} paired=4 median=0.066
2026-09-28 01:44:23.223  INFO   decision    mode=traveling behavior=loot action=pickup target=112 reason='loot target' status=success
2026-09-28 01:44:23.799  INFO   decision    mode=traveling behavior=loot action=idle target=- reason='pickup settle' status=success
2026-09-28 01:44:24.503  INFO   decision    mode=traveling behavior=traveling action=traveling target=- reason='enter farm area' status=success
2026-09-28 01:44:26.397  INFO   session     Entity shadow: vision=3 {'player': 2, 'monster': 1} memory=2 {'player': 1, 'monster': 1} paired=2 median=0.059
2026-09-28 01:44:31.553  INFO   session     Entity shadow: vision=1 {'player': 1} memory=0 {} paired=0 median=0.000
2026-09-28 01:44:36.869  INFO   session     Entity shadow: vision=2 {'player': 1, 'npc': 1} memory=0 {} paired=0 median=0.000
2026-09-28 01:44:39.546  INFO   decision    mode=traveling behavior=traveling action=traveling target=- reason='enter farm area' status=success (repeat)
2026-09-28 01:44:41.976  INFO   session     Entity shadow: vision=2 {'player': 2} memory=3 {'monster': 2, 'player': 1} paired=1 median=0.049
2026-09-28 01:44:43.077  INFO   decision    mode=traveling behavior=combat action=attack target=118 reason='engage target' status=success
2026-09-28 01:44:45.500  INFO   decision    mode=traveling behavior=combat action=attack target=119 reason='engage target' status=success
2026-09-28 01:44:46.763  INFO   decision    mode=traveling behavior=combat action=attack target=120 reason='engage target' status=success
2026-09-28 01:44:47.344  INFO   session     Entity shadow: vision=2 {'player': 2} memory=4 {'monster': 3, 'player': 1} paired=0 median=0.000
2026-09-28 01:44:47.770  INFO   decision    mode=traveling behavior=loot action=searching target=121 reason='walk onto item' status=success
2026-09-28 01:44:50.066  INFO   decision    mode=traveling behavior=traveling action=traveling target=- reason='enter farm area' status=success
2026-09-28 01:44:52.686  INFO   session     Entity shadow: vision=2 {'player': 1, 'monster': 1} memory=4 {'monster': 3, 'player': 1} paired=1 median=0.038
2026-09-28 01:44:57.011  INFO   decision    mode=traveling behavior=loot action=searching target=124 reason='walk onto item' status=success
2026-09-28 01:44:57.831  INFO   session     Entity shadow: vision=3 {'item': 1, 'monster': 2} memory=4 {'item': 1, 'monster': 2, 'player': 1} paired=2 median=0.018
2026-09-28 01:44:59.306  INFO   decision    mode=traveling behavior=traveling action=traveling target=- reason='enter farm area' status=success
2026-09-28 01:45:03.008  INFO   session     Entity shadow: vision=1 {'monster': 1} memory=3 {'monster': 3} paired=1 median=0.033
2026-09-28 01:45:05.214  INFO   decision    mode=traveling behavior=combat action=attack target=128 reason='engage target' status=success
2026-09-28 01:45:07.506  INFO   decision    mode=traveling behavior=loot action=searching target=129 reason='walk onto item' status=success
2026-09-28 01:45:08.164  INFO   session     Entity shadow: vision=4 {'monster': 3, 'item': 1} memory=4 {'item': 1, 'monster': 3} paired=4 median=0.027
2026-09-28 01:45:13.282  INFO   session     Entity shadow: vision=3 {'npc': 1, 'monster': 1, 'item': 1} memory=4 {'monster': 3, 'item': 1} paired=2 median=0.035
2026-09-28 01:45:17.385  INFO   decision    mode=traveling behavior=loot action=pickup target=129 reason='loot target' status=success
2026-09-28 01:45:17.890  INFO   decision    mode=traveling behavior=loot action=idle target=- reason='pickup settle' status=success
2026-09-28 01:45:18.321  INFO   session     Entity shadow: vision=3 {'monster': 2, 'item': 1} memory=4 {'monster': 3, 'item': 1} paired=3 median=0.050
2026-09-28 01:45:18.624  INFO   decision    mode=traveling behavior=combat action=attack target=131 reason='engage target' status=success
2026-09-28 01:45:22.330  INFO   decision    mode=traveling behavior=traveling action=traveling target=- reason='enter farm area' status=success
2026-09-28 01:45:22.681  INFO   decision    mode=traveling behavior=survival_potion action=use_hp_potion target=- reason='critical hp, cannot heal' status=success
2026-09-28 01:45:23.617  INFO   session     Entity shadow: vision=1 {'player': 1} memory=1 {'monster': 1} paired=0 median=0.000
2026-09-28 01:45:23.662  INFO   decision    mode=traveling behavior=traveling action=traveling target=- reason='enter farm area' status=success
2026-09-28 01:45:26.714  INFO   decision    mode=traveling behavior=survival_potion action=use_hp_potion target=- reason='critical hp, cannot heal' status=success
2026-09-28 01:45:28.871  INFO   session     Entity shadow: vision=1 {'player': 1} memory=1 {'monster': 1} paired=0 median=0.000
2026-09-28 01:45:28.902  INFO   decision    mode=traveling behavior=traveling action=traveling target=- reason='enter farm area' status=success
2026-09-28 01:45:31.642  INFO   decision    mode=retreating behavior=talking_scroll action=use_talking_scroll target=- reason='retreat, 펫 관리인' status=success
2026-09-28 01:45:33.343  INFO   decision    mode=retreating behavior=retreating action=idle target=- reason='retreating, waiting for hp' status=success
2026-09-28 01:45:33.911  INFO   session     Entity shadow: vision=4 {'player': 3, 'monster': 1} memory=4 {'monster': 1, 'player': 2, 'npc': 1} paired=2 median=0.016 unleveled=12:史萊姆
2026-09-28 01:45:36.090  INFO   session     일시정지 — 단축키
2026-09-28 01:57:04.664  INFO   session     정지 → 중지됨
2026-09-28 01:57:04.869  INFO   session     봇 작업이 종료되었습니다
