2026-09-28 07:34:43.734  INFO   session     Loading Manmabot from D:\ManmabotV1_final\engine
2026-09-28 07:34:43.957  INFO   session     Session log D:\ManmabotV1_final\engine\logs\bot-20260928-073443.log
2026-09-28 07:34:43.958  INFO   session     character=elf loot=all_items game_lang=ko map=talking_island farms=['area_1', 'area_3'] file=D:\ManmabotV1_final\engine\logs\bot-20260928-073443.log
2026-09-28 07:34:44.056  INFO   nav         building portal graph (cluster=32, 479x511)
2026-09-28 07:34:44.388  INFO   nav         portal graph: 188 components, 332 ms
2026-09-28 07:34:44.395  INFO   nav         farms=2 safe=11 home=(354, 203) (files farm=D:\ManmabotV1_final\engine\maps\talking_island\farms.yaml safe=D:\ManmabotV1_final\engine\maps\talking_island\safe.yaml home=D:\ManmabotV1_final\engine\maps\talking_island\home.yaml)
2026-09-28 07:34:44.465  INFO   capture     mss window capture process='LC.exe' title=None content_aspect=4:3
2026-09-28 07:34:45.228  INFO   session     Entity clicks use memory names, species, and world cells. Image recognition still runs. Set memory.entity_source to vision to restore image-only clicks.
2026-09-28 07:34:45.246  INFO   session     Player memory is read in this process (realtime_monitor.dll, offsets.json). No separate console.
2026-09-28 07:34:45.260  INFO   session     인벤토리를 백그라운드에서 스캔 중 (inventory_listen.dll 또는 inv.json을 두세요).
2026-09-28 07:34:45.272  INFO   session     메모리에서 핫바 24칸을 읽는 중…
2026-09-28 07:34:45.387  INFO   session     핫바 스캔 완료 · 파워 업@box2/f8, 아머 업@box2/f5, 힐@box1/f10, HP 물약@box1/f8, 텔레포트@box1/f11, 마법 공격@box1/f12, 말하는 두루마리@box1/f5
2026-09-28 07:34:45.414  INFO   session     매핑되지 않은 핫바 아이콘: box1/f6:작은 활 (무장), box1/f7:나무 화살, box1/f9:아데나
2026-09-28 07:34:45.424  INFO   session     루프 준비 · 요정 · 한국어 · 맵=말하는 섬 · 룻=전부 줍기 · 구역=구역 1, 구역 3
2026-09-28 07:34:46.584  INFO   session     Entity shadow: vision=14 {'player': 10, 'npc': 3, 'monster': 1} memory=33 {'monster': 5, 'player': 28} paired=9 median=0.023 unleveled=189:鹿,10:警衛,319:?,68:警衛
2026-09-28 07:34:46.623  INFO   session     인벤토리 수신 준비 (dll) · hp=0 화살=916 은화살=0 해독=0
2026-09-28 07:34:46.722  INFO   decision    mode=farming behavior=talking_scroll action=use_talking_scroll target=- reason='go to shop (buy_hp_potions_ch_mainland)' status=success
2026-09-28 07:34:50.306  INFO   nav         async nav configure start map=mainland
2026-09-28 07:34:52.301  INFO   nav         building portal graph (cluster=32, 1755x1414)
2026-09-28 07:34:52.639  INFO   session     Entity shadow: vision=40 {'npc': 3, 'player': 35, 'monster': 2} memory=73 {'player': 66, 'npc': 6, 'monster': 1} paired=33 median=0.043 unleveled=319:?
2026-09-28 07:34:56.535  INFO   nav         portal graph: 2586 components, 4234 ms
2026-09-28 07:34:56.538  INFO   nav         farms=6 safe=0 home=None (files farm=D:\ManmabotV1_final\engine\maps\mainland\farms.yaml safe=D:\ManmabotV1_final\engine\maps\mainland\safe.yaml home=D:\ManmabotV1_final\engine\maps\mainland\home.yaml)
2026-09-28 07:34:56.538  INFO   nav         async nav configure done map=mainland (6232 ms)
2026-09-28 07:34:56.857  INFO   decision    mode=farming behavior=shop action=shop_stop target=- reason='stop at shop' status=success
2026-09-28 07:34:57.925  INFO   session     Entity shadow: vision=40 {'player': 36, 'monster': 2, 'npc': 2} memory=72 {'player': 65, 'npc': 6, 'monster': 1} paired=37 median=0.052 unleveled=319:?
2026-09-28 07:34:58.045  INFO   decision    mode=farming behavior=shop action=shop_buy_arrows target=- reason='shop:buy_hp_potions_ch_mainland' status=success
2026-09-28 07:35:04.925  INFO   session     Entity shadow: vision=41 {'player': 37, 'npc': 1, 'monster': 3} memory=72 {'player': 65, 'npc': 6, 'monster': 1} paired=36 median=0.058 unleveled=319:?
2026-09-28 07:35:05.059  INFO   decision    mode=farming behavior=talking_scroll action=use_talking_scroll target=- reason='return to farm map after shop' status=success
2026-09-28 07:35:08.382  INFO   nav         async nav configure start map=talking_island
2026-09-28 07:35:08.580  INFO   nav         building portal graph (cluster=32, 479x511)
2026-09-28 07:35:09.038  INFO   nav         portal graph: 188 components, 458 ms
2026-09-28 07:35:09.048  INFO   nav         farms=4 safe=11 home=(354, 203) (files farm=D:\ManmabotV1_final\engine\maps\talking_island\farms.yaml safe=D:\ManmabotV1_final\engine\maps\talking_island\safe.yaml home=D:\ManmabotV1_final\engine\maps\talking_island\home.yaml)
2026-09-28 07:35:09.049  INFO   nav         async nav configure done map=talking_island (667 ms)
2026-09-28 07:35:10.394  INFO   session     Entity shadow: vision=43 {'player': 38, 'npc': 5} memory=63 {'monster': 3, 'player': 52, 'npc': 8} paired=40 median=0.032 unleveled=189:鹿,319:?,68:警衛
2026-09-28 07:35:10.553  INFO   decision    mode=traveling behavior=traveling action=traveling target=- reason='enter farm area' status=success
2026-09-28 07:35:14.478  INFO   decision    mode=traveling behavior=loot action=searching target=182 reason='walk onto item' status=success
2026-09-28 07:35:15.733  INFO   session     Entity shadow: vision=37 {'player': 34, 'monster': 1, 'item': 1, 'npc': 1} memory=91 {'npc': 5, 'player': 84, 'item': 1, 'monster': 1} paired=35 median=0.067 unleveled=319:?
2026-09-28 07:35:21.067  INFO   session     Entity shadow: vision=28 {'player': 24, 'npc': 2, 'item': 1, 'monster': 1} memory=84 {'npc': 3, 'player': 79, 'item': 1, 'monster': 1} paired=24 median=0.029 unleveled=319:?
2026-09-28 07:35:26.837  INFO   session     Entity shadow: vision=36 {'npc': 3, 'player': 32, 'item': 1} memory=73 {'player': 65, 'monster': 4, 'npc': 3, 'item': 1} paired=31 median=0.044 unleveled=10:警衛,207:兔子,319:?,68:警衛
2026-09-28 07:35:31.883  INFO   decision    mode=traveling behavior=loot action=pickup target=182 reason='loot target' status=success
2026-09-28 07:35:33.008  INFO   session     Entity shadow: vision=26 {'player': 20, 'item': 1, 'npc': 3, 'monster': 2} memory=68 {'player': 60, 'monster': 1, 'npc': 6, 'item': 1} paired=23 median=0.031 unleveled=207:兔子
2026-09-28 07:35:33.062  INFO   decision    mode=traveling behavior=loot action=idle target=- reason='pickup memory gone' status=success
2026-09-28 07:35:34.166  INFO   decision    mode=traveling behavior=traveling action=traveling target=- reason='enter farm area' status=success
2026-09-28 07:35:37.347  INFO   decision    mode=traveling behavior=loot action=searching target=182 reason='walk onto item' status=success
2026-09-28 07:35:38.029  INFO   session     Entity shadow: vision=25 {'player': 20, 'npc': 4, 'item': 1} memory=65 {'player': 56, 'monster': 2, 'npc': 6, 'item': 1} paired=24 median=0.058 unleveled=10:警衛,207:兔子
2026-09-28 07:35:39.479  INFO   decision    mode=traveling behavior=traveling action=traveling target=- reason='enter farm area' status=success
2026-09-28 07:35:43.171  INFO   session     Entity shadow: vision=21 {'player': 18, 'npc': 2, 'monster': 1} memory=62 {'player': 53, 'monster': 3, 'npc': 6} paired=19 median=0.011 unleveled=10:警衛,207:兔子
2026-09-28 07:35:48.288  INFO   session     Entity shadow: vision=22 {'player': 20, 'monster': 1, 'npc': 1} memory=59 {'player': 50, 'npc': 6, 'monster': 3} paired=20 median=0.025 unleveled=10:警衛,207:兔子
2026-09-28 07:35:49.480  INFO   decision    mode=traveling behavior=unstick action=teleport target=- reason='unstick confined' status=success
2026-09-28 07:35:50.923  INFO   decision    mode=traveling behavior=traveling action=traveling target=- reason='enter farm area' status=success
2026-09-28 07:35:53.485  INFO   session     Entity shadow: vision=1 {'player': 1} memory=0 {} paired=0 median=0.000
2026-09-28 07:35:55.632  INFO   decision    mode=traveling behavior=traveling action=idle target=- reason='no behavior produced an intent' status=success
2026-09-28 07:35:56.059  INFO   decision    mode=traveling behavior=traveling action=traveling target=- reason='enter farm, walk around' status=success
2026-09-28 07:35:58.694  INFO   session     Entity shadow: vision=1 {'player': 1} memory=0 {} paired=0 median=0.000
2026-09-28 07:35:59.184  INFO   decision    mode=traveling behavior=traveling action=idle target=- reason='no behavior produced an intent' status=success
2026-09-28 07:35:59.463  INFO   decision    mode=traveling behavior=traveling action=traveling target=- reason='enter farm, walk around' status=success
2026-09-28 07:35:59.936  INFO   decision    mode=traveling behavior=traveling action=idle target=- reason='no behavior produced an intent' status=success
2026-09-28 07:36:00.226  INFO   decision    mode=traveling behavior=traveling action=traveling target=- reason='enter farm, walk around' status=success
2026-09-28 07:36:00.568  INFO   decision    mode=traveling behavior=traveling action=idle target=- reason='no behavior produced an intent' status=success
2026-09-28 07:36:00.978  INFO   decision    mode=traveling behavior=traveling action=traveling target=- reason='enter farm, walk around' status=success
2026-09-28 07:36:03.751  INFO   session     Entity shadow: vision=1 {'player': 1} memory=0 {} paired=0 median=0.000
2026-09-28 07:36:05.593  INFO   decision    mode=traveling behavior=unstick action=teleport target=- reason='unstick confined' status=success
2026-09-28 07:36:06.884  INFO   decision    mode=traveling behavior=traveling action=traveling target=- reason='enter farm area' status=success
2026-09-28 07:36:09.009  INFO   session     Entity shadow: vision=2 {'player': 1, 'monster': 1} memory=2 {'monster': 2} paired=1 median=0.061 unleveled=12:史萊姆
2026-09-28 07:36:14.252  INFO   session     Entity shadow: vision=1 {'player': 1} memory=2 {'monster': 2} paired=0 median=0.000 unleveled=12:史萊姆
2026-09-28 07:36:19.235  INFO   session     Entity shadow: vision=5 {'player': 3, 'monster': 2} memory=4 {'player': 2, 'monster': 2} paired=4 median=0.042
2026-09-28 07:36:23.208  INFO   decision    mode=traveling behavior=combat action=attack target=262 reason='engage target' status=success
2026-09-28 07:36:24.016  INFO   decision    mode=traveling behavior=traveling action=traveling target=- reason='enter farm area' status=success
2026-09-28 07:36:24.579  INFO   session     Entity shadow: vision=6 {'player': 3, 'monster': 3} memory=5 {'player': 2, 'monster': 3} paired=4 median=0.020
2026-09-28 07:36:24.634  INFO   decision    mode=traveling behavior=combat action=attack target=263 reason='engage target' status=success
2026-09-28 07:36:26.927  INFO   decision    mode=traveling behavior=loot action=searching target=265 reason='walk onto item' status=success
2026-09-28 07:36:30.116  INFO   session     Entity shadow: vision=7 {'player': 2, 'monster': 3, 'item': 2} memory=7 {'item': 2, 'monster': 3, 'player': 2} paired=7 median=0.024
2026-09-28 07:36:30.663  INFO   decision    mode=traveling behavior=loot action=pickup target=265 reason='loot target' status=success
2026-09-28 07:36:31.275  INFO   decision    mode=traveling behavior=loot action=idle target=- reason='pickup memory gone' status=success
2026-09-28 07:36:32.939  INFO   decision    mode=traveling behavior=traveling action=traveling target=- reason='enter farm area' status=success
2026-09-28 07:36:35.540  INFO   session     Entity shadow: vision=5 {'player': 2, 'monster': 3} memory=5 {'monster': 4, 'player': 1} paired=4 median=0.076
2026-09-28 07:36:37.140  INFO   decision    mode=traveling behavior=combat action=attack target=271 reason='engage target' status=success
2026-09-28 07:36:40.811  INFO   session     Entity shadow: vision=5 {'monster': 3, 'player': 2} memory=3 {'monster': 3} paired=3 median=0.043
2026-09-28 07:36:46.300  INFO   session     Entity shadow: vision=4 {'monster': 3, 'player': 1} memory=3 {'monster': 3} paired=3 median=0.036
2026-09-28 07:36:51.311  INFO   session     Entity shadow: vision=4 {'monster': 3, 'player': 1} memory=4 {'monster': 4} paired=3 median=0.040
2026-09-28 07:36:52.517  INFO   decision    mode=traveling behavior=loot action=pickup target=273 reason='engage item' status=success
2026-09-28 07:36:53.079  INFO   decision    mode=traveling behavior=combat action=attack target=272 reason='engage target' status=success
2026-09-28 07:36:56.359  INFO   session     Entity shadow: vision=4 {'item': 1, 'monster': 1, 'player': 2} memory=5 {'player': 1, 'monster': 3, 'item': 1} paired=3 median=0.024
2026-09-28 07:36:57.903  INFO   decision    mode=traveling behavior=survival_potion action=use_hp_potion target=- reason='critical hp, cannot heal' status=success
2026-09-28 07:36:59.203  INFO   decision    mode=traveling behavior=combat action=attack target=272 reason='attack target' status=success
2026-09-28 07:37:01.518  INFO   session     Entity shadow: vision=3 {'player': 2, 'item': 1} memory=4 {'monster': 2, 'item': 1, 'player': 1} paired=2 median=0.032
2026-09-28 07:37:01.627  INFO   decision    mode=traveling behavior=loot action=pickup target=276 reason='engage item' status=success
2026-09-28 07:37:02.173  INFO   decision    mode=traveling behavior=loot action=idle target=- reason='pickup memory gone' status=success
2026-09-28 07:37:02.630  INFO   decision    mode=traveling behavior=combat action=attack target=275 reason='engage target' status=success
2026-09-28 07:37:05.229  INFO   decision    mode=traveling behavior=traveling action=traveling target=- reason='enter farm area' status=success
2026-09-28 07:37:05.766  INFO   decision    mode=traveling behavior=unstick action=teleport target=- reason='unstick confined' status=success
2026-09-28 07:37:07.030  INFO   session     Entity shadow: vision=3 {'monster': 2, 'player': 1} memory=3 {'monster': 3} paired=0 median=0.000
2026-09-28 07:37:07.145  INFO   decision    mode=traveling behavior=combat action=attack target=279 reason='engage target' status=success
2026-09-28 07:37:11.913  INFO   session     Entity shadow: vision=4 {'player': 1, 'item': 1, 'monster': 2} memory=3 {'monster': 2, 'item': 1} paired=3 median=0.035
2026-09-28 07:37:16.925  INFO   session     Entity shadow: vision=3 {'player': 1, 'item': 1, 'monster': 1} memory=2 {'monster': 1, 'item': 1} paired=2 median=0.033
2026-09-28 07:37:16.950  INFO   decision    mode=traveling behavior=survival_potion action=use_hp_potion target=- reason='critical hp, cannot heal' status=success
2026-09-28 07:37:18.042  INFO   decision    mode=traveling behavior=combat action=attack target=279 reason='attack target' status=success
2026-09-28 07:37:20.208  INFO   decision    mode=traveling behavior=survival_potion action=use_hp_potion target=- reason='critical hp, cannot heal' status=success
2026-09-28 07:37:22.085  INFO   session     Entity shadow: vision=3 {'player': 2, 'monster': 1} memory=3 {'monster': 2, 'item': 1} paired=1 median=0.014
2026-09-28 07:37:26.602  INFO   decision    mode=traveling behavior=? action=idle target=- reason='waiting for respawn' status=success
2026-09-28 07:37:27.321  INFO   session     Entity shadow: vision=2 {'item': 1, 'monster': 1} memory=3 {'item': 1, 'monster': 2} paired=2 median=0.034
2026-09-28 07:37:28.654  INFO   decision    mode=traveling behavior=respawn action=respawn target=- reason='death confirmed, restart' status=success
2026-09-28 07:37:29.050  INFO   decision    mode=traveling behavior=? action=idle target=- reason='waiting for respawn' status=success
2026-09-28 07:37:30.618  INFO   decision    mode=traveling behavior=survival_potion action=use_hp_potion target=- reason='critical hp, cannot heal' status=success
2026-09-28 07:37:32.763  INFO   session     Entity shadow: vision=17 {'player': 14, 'npc': 2, 'monster': 1} memory=21 {'npc': 5, 'player': 16} paired=16 median=0.017
2026-09-28 07:37:32.792  INFO   decision    mode=retreating behavior=talking_scroll action=use_talking_scroll target=- reason='hp safe zone, talking scroll' status=success
2026-09-28 07:37:34.708  INFO   decision    mode=retreating behavior=retreating action=idle target=- reason='retreating, waiting for hp' status=success
2026-09-28 07:37:38.393  INFO   session     Entity shadow: vision=7 {'monster': 2, 'player': 4, 'npc': 1} memory=12 {'monster': 5, 'player': 7} paired=6 median=0.019 unleveled=10:警衛,20:?
2026-09-28 07:37:43.404  INFO   session     Entity shadow: vision=9 {'monster': 2, 'player': 6, 'npc': 1} memory=12 {'monster': 5, 'player': 7} paired=8 median=0.018 unleveled=10:警衛,20:?
2026-09-28 07:37:48.743  INFO   session     Entity shadow: vision=9 {'player': 6, 'monster': 2, 'npc': 1} memory=11 {'monster': 5, 'player': 6} paired=8 median=0.020 unleveled=10:警衛,20:?
2026-09-28 07:37:54.235  INFO   session     Entity shadow: vision=10 {'player': 7, 'monster': 2, 'npc': 1} memory=12 {'player': 7, 'monster': 5} paired=9 median=0.017 unleveled=10:警衛,20:?
2026-09-28 07:37:54.923  INFO   decision    mode=retreating behavior=retreating action=idle target=- reason='retreating, waiting for hp' status=success (repeat)
2026-09-28 07:37:59.345  INFO   session     Entity shadow: vision=13 {'player': 8, 'monster': 3, 'npc': 2} memory=13 {'player': 8, 'monster': 5} paired=11 median=0.018 unleveled=10:警衛,20:?
2026-09-28 07:38:04.474  INFO   session     Entity shadow: vision=11 {'player': 7, 'monster': 3, 'npc': 1} memory=13 {'player': 8, 'monster': 5} paired=10 median=0.018 unleveled=10:警衛,20:?
2026-09-28 07:38:07.839  INFO   decision    mode=farming behavior=talking_scroll action=use_talking_scroll target=- reason='respawn, 마법서 상인' status=success
2026-09-28 07:38:09.681  INFO   session     Entity shadow: vision=9 {'monster': 3, 'player': 5, 'npc': 1} memory=0 {} paired=0 median=0.000
2026-09-28 07:38:09.760  INFO   decision    mode=traveling behavior=traveling action=traveling target=- reason='enter farm area' status=success
2026-09-28 07:38:10.894  INFO   decision    mode=traveling behavior=loot action=searching target=320 reason='walk onto item' status=success
2026-09-28 07:38:14.799  INFO   session     Entity shadow: vision=4 {'player': 1, 'npc': 2, 'item': 1} memory=7 {'monster': 3, 'item': 1, 'npc': 3} paired=1 median=0.032 unleveled=68:警衛,10:警衛
2026-09-28 07:38:14.829  INFO   decision    mode=traveling behavior=loot action=pickup target=320 reason='loot target' status=success
2026-09-28 07:38:15.322  INFO   decision    mode=traveling behavior=loot action=idle target=- reason='pickup memory gone' status=success
2026-09-28 07:38:16.947  INFO   decision    mode=traveling behavior=combat action=attack target=327 reason='engage target' status=success
2026-09-28 07:38:20.090  INFO   session     Entity shadow: vision=4 {'player': 1, 'npc': 2, 'monster': 1} memory=6 {'monster': 3, 'npc': 3} paired=1 median=0.030 unleveled=68:警衛,10:警衛
2026-09-28 07:38:21.290  INFO   decision    mode=traveling behavior=traveling action=traveling target=- reason='enter farm area' status=success
2026-09-28 07:38:25.399  INFO   session     Entity shadow: vision=3 {'monster': 1, 'npc': 2} memory=5 {'monster': 2, 'npc': 3} paired=0 median=0.000 unleveled=68:警衛,10:警衛
2026-09-28 07:38:28.160  INFO   decision    mode=traveling behavior=combat action=attack target=328 reason='engage target' status=success
2026-09-28 07:38:30.676  INFO   session     Entity shadow: vision=2 {'npc': 1, 'player': 1} memory=3 {'monster': 2, 'npc': 1} paired=0 median=0.000 unleveled=10:警衛
2026-09-28 07:38:36.040  INFO   session     Entity shadow: vision=2 {'npc': 1, 'player': 1} memory=3 {'monster': 2, 'npc': 1} paired=0 median=0.000 unleveled=10:警衛
2026-09-28 07:38:40.936  INFO   session     Entity shadow: vision=3 {'npc': 1, 'monster': 1, 'player': 1} memory=4 {'monster': 3, 'npc': 1} paired=1 median=0.010 unleveled=10:警衛
2026-09-28 07:38:43.228  INFO   decision    mode=traveling behavior=combat action=attack target=329 reason='engage target' status=success
2026-09-28 07:38:44.794  INFO   decision    mode=retreating behavior=talking_scroll action=use_talking_scroll target=- reason='hp safe zone, talking scroll' status=success
2026-09-28 07:38:46.521  INFO   session     Entity shadow: vision=2 {'npc': 1, 'player': 1} memory=4 {'item': 1, 'monster': 2, 'npc': 1} paired=0 median=0.000 unleveled=10:警衛
2026-09-28 07:38:46.641  INFO   decision    mode=retreating behavior=loot action=searching target=330 reason='walk onto item' status=success
2026-09-28 07:38:47.325  INFO   decision    mode=retreating behavior=retreating action=idle target=- reason='retreating, waiting for hp' status=success
2026-09-28 07:38:51.940  INFO   session     Entity shadow: vision=10 {'monster': 2, 'player': 7, 'npc': 1} memory=11 {'monster': 5, 'player': 6} paired=8 median=0.020 unleveled=10:警衛,20:?
2026-09-28 07:38:56.980  INFO   session     Entity shadow: vision=10 {'monster': 2, 'player': 7, 'npc': 1} memory=11 {'monster': 5, 'player': 6} paired=8 median=0.020 unleveled=10:警衛,20:?
2026-09-28 07:39:02.200  INFO   session     Entity shadow: vision=10 {'npc': 1, 'monster': 2, 'player': 7} memory=13 {'monster': 5, 'player': 8} paired=9 median=0.018 unleveled=10:警衛,20:?
2026-09-28 07:39:07.448  INFO   session     Entity shadow: vision=10 {'player': 8, 'npc': 1, 'monster': 1} memory=13 {'player': 8, 'monster': 5} paired=9 median=0.020 unleveled=10:警衛,20:?
2026-09-28 07:39:09.167  INFO   decision    mode=retreating behavior=retreating action=idle target=- reason='retreating, waiting for hp' status=success (repeat)
2026-09-28 07:39:12.524  INFO   session     Entity shadow: vision=10 {'monster': 1, 'player': 8, 'npc': 1} memory=12 {'player': 7, 'monster': 5} paired=8 median=0.021 unleveled=10:警衛,20:?
2026-09-28 07:39:17.637  INFO   session     Entity shadow: vision=11 {'monster': 2, 'player': 7, 'npc': 2} memory=11 {'monster': 5, 'player': 6} paired=8 median=0.020 unleveled=10:警衛,20:?
2026-09-28 07:39:23.063  INFO   session     Entity shadow: vision=10 {'monster': 2, 'player': 7, 'npc': 1} memory=11 {'monster': 5, 'player': 6} paired=8 median=0.020 unleveled=10:警衛,20:?
2026-09-28 07:39:28.236  INFO   session     Entity shadow: vision=10 {'monster': 2, 'player': 7, 'npc': 1} memory=12 {'monster': 5, 'player': 7} paired=9 median=0.018 unleveled=10:警衛,20:?
2026-09-28 07:39:30.556  INFO   decision    mode=retreating behavior=retreating action=idle target=- reason='retreating, waiting for hp' status=success (repeat)
2026-09-28 07:39:33.403  INFO   session     Entity shadow: vision=10 {'npc': 1, 'monster': 2, 'player': 7} memory=12 {'monster': 5, 'player': 7} paired=9 median=0.018 unleveled=10:警衛,20:?
2026-09-28 07:39:38.545  INFO   session     Entity shadow: vision=12 {'npc': 2, 'monster': 2, 'player': 8} memory=12 {'player': 7, 'monster': 5} paired=9 median=0.020 unleveled=10:警衛,20:?
2026-09-28 07:39:44.060  INFO   session     Entity shadow: vision=10 {'npc': 1, 'monster': 1, 'player': 8} memory=12 {'player': 7, 'monster': 5} paired=8 median=0.020 unleveled=10:警衛,20:?
2026-09-28 07:39:49.144  INFO   session     Entity shadow: vision=10 {'monster': 2, 'player': 7, 'npc': 1} memory=11 {'monster': 5, 'player': 6} paired=8 median=0.020 unleveled=10:警衛,20:?
2026-09-28 07:39:51.942  INFO   decision    mode=retreating behavior=retreating action=idle target=- reason='retreating, waiting for hp' status=success (repeat)
2026-09-28 07:39:54.197  INFO   session     Entity shadow: vision=9 {'npc': 1, 'player': 7, 'monster': 1} memory=11 {'monster': 5, 'player': 6} paired=7 median=0.020 unleveled=10:警衛,20:?
2026-09-28 07:39:59.351  INFO   session     Entity shadow: vision=10 {'monster': 2, 'player': 7, 'npc': 1} memory=11 {'monster': 5, 'player': 6} paired=8 median=0.019 unleveled=10:警衛,20:?
2026-09-28 07:40:04.363  INFO   session     Entity shadow: vision=9 {'npc': 1, 'player': 7, 'monster': 1} memory=11 {'monster': 5, 'player': 6} paired=7 median=0.019 unleveled=10:警衛,20:?
2026-09-28 07:40:04.431  INFO   decision    mode=traveling behavior=traveling action=traveling target=- reason='enter farm area' status=success
2026-09-28 07:40:09.561  INFO   session     Entity shadow: vision=7 {'player': 6, 'npc': 1} memory=8 {'monster': 2, 'player': 6} paired=5 median=0.026 unleveled=10:警衛,20:?
2026-09-28 07:40:14.845  INFO   session     Entity shadow: vision=1 {'player': 1} memory=1 {'monster': 1} paired=0 median=0.000 unleveled=10:警衛
2026-09-28 07:40:19.946  INFO   session     Entity shadow: vision=1 {'player': 1} memory=0 {} paired=0 median=0.000
2026-09-28 07:40:25.265  INFO   session     Entity shadow: vision=2 {'player': 1, 'npc': 1} memory=1 {'monster': 1} paired=0 median=0.000 unleveled=68:警衛
2026-09-28 07:40:25.703  INFO   decision    mode=traveling behavior=traveling action=traveling target=- reason='enter farm area' status=success (repeat)
2026-09-28 07:40:30.566  INFO   session     Entity shadow: vision=3 {'player': 1, 'npc': 2} memory=2 {'monster': 2} paired=0 median=0.000 unleveled=10:警衛,68:警衛
2026-09-28 07:40:35.922  INFO   session     Entity shadow: vision=5 {'player': 1, 'npc': 4} memory=4 {'monster': 4} paired=0 median=0.000 unleveled=68:警衛,10:警衛
2026-09-28 07:40:39.333  INFO   decision    mode=traveling behavior=combat action=attack target=351 reason='engage target' status=success
2026-09-28 07:40:40.388  INFO   decision    mode=traveling behavior=combat action=attack target=353 reason='attack target' status=success
2026-09-28 07:40:40.860  INFO   decision    mode=traveling behavior=traveling action=traveling target=- reason='enter farm area' status=success
2026-09-28 07:40:41.332  INFO   session     Entity shadow: vision=2 {'player': 1, 'npc': 1} memory=3 {'monster': 3} paired=0 median=0.000 unleveled=189:鹿,68:警衛
2026-09-28 07:40:44.196  INFO   decision    mode=traveling behavior=combat action=attack target=357 reason='engage target' status=success
2026-09-28 07:40:45.610  INFO   decision    mode=traveling behavior=traveling action=traveling target=- reason='enter farm area' status=success
2026-09-28 07:40:46.573  INFO   session     Entity shadow: vision=1 {'player': 1} memory=3 {'player': 1, 'monster': 2} paired=0 median=0.000 unleveled=189:鹿
2026-09-28 07:40:51.539  INFO   session     Entity shadow: vision=1 {'player': 1} memory=3 {'player': 1, 'monster': 2} paired=0 median=0.000 unleveled=189:鹿
2026-09-28 07:40:56.148  INFO   decision    mode=traveling behavior=combat action=attack target=361 reason='engage target' status=success
2026-09-28 07:40:56.681  INFO   session     Entity shadow: vision=1 {'player': 1} memory=2 {'monster': 2} paired=0 median=0.000 unleveled=189:鹿
2026-09-28 07:41:01.892  INFO   session     Entity shadow: vision=2 {'player': 2} memory=2 {'monster': 2} paired=0 median=0.000 unleveled=189:鹿
2026-09-28 07:41:06.319  INFO   decision    mode=traveling behavior=loot action=searching target=364 reason='walk onto item' status=success
2026-09-28 07:41:07.247  INFO   session     Entity shadow: vision=2 {'item': 1, 'monster': 1} memory=3 {'monster': 2, 'item': 1} paired=1 median=0.008 unleveled=189:鹿
2026-09-28 07:41:08.773  INFO   decision    mode=traveling behavior=combat action=attack target=363 reason='engage target' status=success
2026-09-28 07:41:12.242  INFO   session     Entity shadow: vision=2 {'item': 1, 'monster': 1} memory=3 {'monster': 2, 'item': 1} paired=2 median=0.019 unleveled=189:鹿
2026-09-28 07:41:17.246  INFO   session     Entity shadow: vision=2 {'item': 1, 'monster': 1} memory=2 {'monster': 1, 'item': 1} paired=2 median=0.016
2026-09-28 07:41:18.406  INFO   decision    mode=traveling behavior=heal action=heal target=- reason='recover hp' status=success
2026-09-28 07:41:20.213  INFO   decision    mode=traveling behavior=combat action=attack target=363 reason='attack target' status=success
2026-09-28 07:41:21.480  INFO   decision    mode=traveling behavior=heal action=heal target=- reason='recover hp' status=success
2026-09-28 07:41:22.421  INFO   session     Entity shadow: vision=2 {'item': 1, 'monster': 1} memory=4 {'monster': 3, 'item': 1} paired=2 median=0.018 unleveled=189:鹿
2026-09-28 07:41:23.383  INFO   decision    mode=traveling behavior=combat action=attack target=363 reason='attack target' status=success
2026-09-28 07:41:24.031  INFO   decision    mode=traveling behavior=unstick action=teleport target=- reason='unstick confined' status=success
2026-09-28 07:41:25.132  INFO   decision    mode=retreating behavior=talking_scroll action=use_talking_scroll target=- reason='hp safe zone, talking scroll' status=success
2026-09-28 07:41:26.919  INFO   decision    mode=retreating behavior=retreating action=idle target=- reason='retreating, waiting for hp' status=success
2026-09-28 07:41:27.879  INFO   session     Entity shadow: vision=9 {'player': 6, 'npc': 1, 'monster': 2} memory=11 {'monster': 5, 'player': 6} paired=8 median=0.020 unleveled=10:警衛,20:?
2026-09-28 07:41:32.958  INFO   session     Entity shadow: vision=9 {'monster': 2, 'player': 6, 'npc': 1} memory=11 {'monster': 5, 'player': 6} paired=8 median=0.017 unleveled=10:警衛,20:?
2026-09-28 07:41:38.397  INFO   session     Entity shadow: vision=10 {'monster': 3, 'player': 6, 'npc': 1} memory=12 {'monster': 5, 'player': 7} paired=8 median=0.020 unleveled=10:警衛,20:?
2026-09-28 07:41:43.672  INFO   session     Entity shadow: vision=9 {'monster': 2, 'player': 6, 'npc': 1} memory=12 {'monster': 5, 'player': 7} paired=8 median=0.019 unleveled=10:警衛,20:?
2026-09-28 07:41:46.591  INFO   decision    mode=retreating behavior=retreating action=idle target=- reason='retreating, waiting for hp' status=success (repeat)
2026-09-28 07:41:49.075  INFO   session     Entity shadow: vision=9 {'player': 6, 'monster': 2, 'npc': 1} memory=12 {'monster': 5, 'player': 7} paired=8 median=0.018 unleveled=10:警衛,20:?
2026-09-28 07:41:54.238  INFO   session     Entity shadow: vision=9 {'monster': 2, 'player': 6, 'npc': 1} memory=12 {'monster': 5, 'player': 7} paired=8 median=0.018 unleveled=10:警衛,20:?
2026-09-28 07:41:59.312  INFO   session     Entity shadow: vision=9 {'player': 6, 'monster': 2, 'npc': 1} memory=13 {'player': 8, 'monster': 5} paired=8 median=0.020 unleveled=10:警衛,20:?
2026-09-28 07:42:04.380  INFO   session     Entity shadow: vision=10 {'player': 7, 'monster': 2, 'npc': 1} memory=14 {'player': 9, 'monster': 5} paired=9 median=0.019 unleveled=10:警衛,20:?
2026-09-28 07:42:07.219  INFO   decision    mode=retreating behavior=retreating action=idle target=- reason='retreating, waiting for hp' status=success (repeat)
2026-09-28 07:42:09.378  INFO   session     Entity shadow: vision=0 {} memory=13 {'player': 8, 'monster': 5} paired=0 median=0.000 unleveled=10:警衛,20:?,19:?
2026-09-28 07:42:13.865  INFO   decision    mode=traveling behavior=traveling action=traveling target=- reason='enter farm area' status=success
2026-09-28 07:42:14.339  INFO   session     Entity shadow: vision=0 {} memory=13 {'player': 8, 'monster': 5} paired=0 median=0.000 unleveled=10:警衛,20:?,19:?
2026-09-28 07:42:17.489  INFO   session     일시정지 — 단축키
2026-09-28 07:55:01.893  INFO   session     정지 → 중지됨
2026-09-28 07:55:02.243  INFO   session     봇 작업이 종료되었습니다
