2026-09-29 22:59:36.993  INFO   session     Loading Manmabot from D:\KRR\1.LCBot\ManmabotV1_final\engine
2026-09-29 22:59:37.278  INFO   session     Session log D:\KRR\1.LCBot\ManmabotV1_final\engine\logs\bot-20260929-225936.log
2026-09-29 22:59:37.292  INFO   session     character=elf loot=all_items game_lang=ko map=talking_island farms=['area_1', 'area_3'] file=D:\KRR\1.LCBot\ManmabotV1_final\engine\logs\bot-20260929-225936.log
2026-09-29 22:59:37.685  INFO   nav         building portal graph (cluster=32, 512x576)
2026-09-29 22:59:38.477  INFO   nav         portal graph: 189 components, 669 ms
2026-09-29 22:59:38.785  INFO   nav         farms=2 safe=11 home=(385, 246) (files farm=D:\KRR\1.LCBot\ManmabotV1_final\engine\maps\talking_island\farms.yaml safe=D:\KRR\1.LCBot\ManmabotV1_final\engine\maps\talking_island\safe.yaml home=D:\KRR\1.LCBot\ManmabotV1_final\engine\maps\talking_island\home.yaml)
2026-09-29 22:59:39.217  INFO   capture     mss window capture process='LC.exe' title=None content_aspect=4:3
2026-09-29 22:59:39.966  INFO   session     Entity clicks use memory names, species, and world cells. Image recognition still runs. Set memory.entity_source to vision to restore image-only clicks.
2026-09-29 22:59:40.015  INFO   session     Player memory is read in this process (realtime_monitor.dll, offsets.json). No separate console.
2026-09-29 22:59:40.284  INFO   session     인벤토리 수신 시작 · inv.json 시드 · hp=42 화살=9151 은화살=0 해독=0 (백그라운드 실시간 스캔)
2026-09-29 22:59:40.356  INFO   session     메모리에서 핫바 24칸을 읽는 중…
2026-09-29 22:59:41.117  INFO   session     핫바 스캔 완료 · 파워 업@box1/f5, 아머 업@box1/f6, 라이트@box1/f7, 힐@box1/f8, HP 물약@box2/f9, 텔레포트@box1/f10, 마법 공격@box1/f12, 말하는 두루마리@box2/f5, 마더 트리@box2/f6, HP를 MP로@box2/f7
2026-09-29 22:59:41.270  INFO   session     매핑되지 않은 핫바 아이콘: box1/f8:SPELL, box1/f11:아데나, box1/f12:화살, box2/f10:상쾌한 빨간 물약, box2/f12:속도향상 물약, box3/f10:SPELL
2026-09-29 22:59:41.602  INFO   session     루프 준비 · 요정 · 한국어 · 맵=말하는 섬 · 룻=전부 줍기 · 구역=구역 1, 구역 3
2026-09-29 22:59:42.319  INFO   session     Entity shadow: vision=12 {'item': 1, 'player': 10, 'npc': 1} memory=21 {'item': 3, 'npc': 2, 'player': 16} paired=12 median=0.027
2026-09-29 22:59:42.370  INFO   session     인벤토리 수신 준비 (dll) · hp=42 화살=9129 은화살=0 해독=0
2026-09-29 22:59:42.534  INFO   shop        at shop — stop behavior=sell_garbage_ch
2026-09-29 22:59:42.662  INFO   decision    mode=farming goal=shop action=shop_stop target=- sticky=- origin=(385,243) shop=1 scrolled=0 reason='stop at shop' status=success
2026-09-29 22:59:43.634  INFO   shop        open shop UI behavior=sell_garbage_ch
2026-09-29 22:59:43.769  INFO   decision    mode=farming goal=shop action=shop_buy_arrows target=- sticky=- origin=(385,243) shop=1 scrolled=0 reason='shop:sell_garbage_ch' status=success
2026-09-29 22:59:48.511  INFO   session     Entity shadow: vision=13 {'player': 11, 'item': 1, 'npc': 1} memory=21 {'item': 3, 'npc': 2, 'player': 16} paired=13 median=0.025
2026-09-29 22:59:49.208  INFO   nav         talking scroll emit spot=giran_weapon purpose=shop reason=go to shop (sell_garbage_weapon_ch)
2026-09-29 22:59:49.803  INFO   shop        shop scrolled behavior=sell_garbage_weapon_ch retry=0
2026-09-29 22:59:49.840  INFO   decision    mode=farming goal=talking_scroll action=use_talking_scroll target=- sticky=- origin=(385,243) shop=1 scrolled=1 reason='go to shop (sell_garbage_weapon_ch)' status=success
2026-09-29 22:59:52.842  INFO   session     일시정지 — 단축키
2026-09-29 22:59:53.827  INFO   nav         async nav configure start map=mainland
2026-09-29 22:59:55.065  INFO   nav         building portal graph (cluster=32, 1755x1414)
2026-09-29 23:00:02.977  INFO   nav         portal graph: 2586 components, 7837 ms
2026-09-29 23:00:03.237  INFO   nav         farms=6 safe=0 home=None (files farm=D:\KRR\1.LCBot\ManmabotV1_final\engine\maps\mainland\farms.yaml safe=D:\KRR\1.LCBot\ManmabotV1_final\engine\maps\mainland\safe.yaml home=D:\KRR\1.LCBot\ManmabotV1_final\engine\maps\mainland\home.yaml)
2026-09-29 23:00:03.251  INFO   nav         async nav configure done map=mainland (9377 ms)
2026-09-29 23:00:06.674  INFO   session     정지 → 중지됨
2026-09-29 23:00:06.903  INFO   session     봇 작업이 종료되었습니다
