2026-09-27 22:23:58.343  INFO   session     Loading Manmabot from D:\ManmabotV1_final\engine
2026-09-27 22:23:58.349  INFO   session     Session log D:\ManmabotV1_final\engine\logs\bot-20260927-222358.log
2026-09-27 22:23:58.350  INFO   session     character=elf loot=all_items game_lang=ko map=talking_island farms=['area_2', 'area_1', 'area_3'] file=D:\ManmabotV1_final\engine\logs\bot-20260927-222358.log
2026-09-27 22:23:58.743  INFO   nav         building portal graph (cluster=32, 479x511)
2026-09-27 22:23:59.069  INFO   nav         portal graph: 188 components, 325 ms
2026-09-27 22:23:59.076  INFO   nav         farms=3 safe=11 home=(354, 203) (files farm=D:\ManmabotV1_final\engine\maps\talking_island\farms.yaml safe=D:\ManmabotV1_final\engine\maps\talking_island\safe.yaml home=D:\ManmabotV1_final\engine\maps\talking_island\home.yaml)
2026-09-27 22:23:59.333  INFO   capture     mss window capture process='LC.exe' title=None content_aspect=4:3
2026-09-27 22:24:00.102  INFO   session     Entity clicks use memory names, species, and world cells. Image recognition still runs. Set memory.entity_source to vision to restore image-only clicks.
2026-09-27 22:24:00.119  INFO   session     Player memory is read in this process (realtime_monitor.dll, offsets.json). No separate console.
2026-09-27 22:24:00.132  INFO   session     인벤토리를 백그라운드에서 스캔 중 (inventory_listen.dll 또는 inv.json을 두세요).
2026-09-27 22:24:00.163  INFO   session     메모리에서 핫바 24칸을 읽는 중…
2026-09-27 22:24:00.274  INFO   session     핫바 스캔 완료 · 파워 업@box2/f8, 아머 업@box2/f5, 라이트@box1/f10, 힐@box1/f9, HP 물약@box1/f9, 텔레포트@box1/f11, 마법 공격@box1/f12, 말하는 두루마리@box1/f5
2026-09-27 22:24:00.304  INFO   session     매핑되지 않은 핫바 아이콘: box1/f6:작은 활 (무장), box1/f7:나무 화살, box1/f8:아데나
2026-09-27 22:24:00.320  INFO   session     루프 준비 · 요정 · 한국어 · 맵=말하는 섬 · 룻=전부 줍기 · 구역=구역 2, 구역 1, 구역 3
2026-09-27 22:24:00.970  INFO   session     Entity shadow: vision=1 {'player': 1} memory=2 {'monster': 2} paired=0 median=0.000 unleveled=189:鹿
2026-09-27 22:24:01.013  INFO   session     인벤토리 수신 준비 (dll) · hp=3 화살=461 은화살=298 해독=0
2026-09-27 22:24:01.042  INFO   decision    mode=farming behavior=buff action=buff target=- reason='armor_up' status=success
2026-09-27 22:24:01.964  INFO   decision    mode=traveling behavior=traveling action=traveling target=- reason='enter farm area' status=success
2026-09-27 22:24:06.279  INFO   session     Entity shadow: vision=1 {'player': 1} memory=1 {'monster': 1} paired=0 median=0.000 unleveled=189:鹿
2026-09-27 22:24:09.842  INFO   decision    mode=traveling behavior=combat action=attack target=3 reason='engage target' status=success
2026-09-27 22:24:11.319  INFO   session     Entity shadow: vision=2 {'player': 1, 'monster': 1} memory=2 {'monster': 2} paired=1 median=0.018 unleveled=189:鹿
2026-09-27 22:24:11.342  INFO   decision    mode=traveling behavior=buff action=buff target=- reason='light' status=success
2026-09-27 22:24:11.944  INFO   decision    mode=traveling behavior=combat action=attack target=3 reason='attack target' status=success
2026-09-27 22:24:16.802  INFO   session     Entity shadow: vision=3 {'monster': 2, 'player': 1} memory=3 {'monster': 3} paired=2 median=0.039 unleveled=189:鹿
2026-09-27 22:24:20.287  INFO   decision    mode=traveling behavior=loot action=searching target=8 reason='walk onto item' status=success
2026-09-27 22:24:22.112  INFO   session     Entity shadow: vision=4 {'item': 1, 'monster': 1, 'player': 2} memory=3 {'monster': 2, 'item': 1} paired=2 median=0.016 unleveled=189:鹿
2026-09-27 22:24:24.842  INFO   decision    mode=traveling behavior=traveling action=traveling target=- reason='enter farm area' status=success
2026-09-27 22:24:27.501  INFO   session     Entity shadow: vision=2 {'player': 2} memory=2 {'player': 1, 'monster': 1} paired=1 median=0.050 unleveled=189:鹿
2026-09-27 22:24:29.381  INFO   decision    mode=traveling behavior=combat action=attack target=11 reason='engage target' status=success
2026-09-27 22:24:32.506  INFO   session     Entity shadow: vision=2 {'player': 1, 'monster': 1} memory=2 {'monster': 2} paired=1 median=0.105 unleveled=189:鹿
2026-09-27 22:24:36.283  INFO   decision    mode=traveling behavior=traveling action=traveling target=- reason='enter farm area' status=success
2026-09-27 22:24:37.730  INFO   session     Entity shadow: vision=1 {'player': 1} memory=2 {'monster': 2} paired=0 median=0.000 unleveled=208:兔子,189:鹿
2026-09-27 22:24:42.935  INFO   session     Entity shadow: vision=1 {'player': 1} memory=1 {'monster': 1} paired=0 median=0.000 unleveled=208:兔子
2026-09-27 22:24:46.404  INFO   decision    mode=traveling behavior=combat action=attack target=15 reason='engage target' status=success
2026-09-27 22:24:48.023  INFO   session     Entity shadow: vision=1 {'player': 1} memory=1 {'monster': 1} paired=0 median=0.000
2026-09-27 22:24:48.611  INFO   decision    mode=traveling behavior=loot action=searching target=16 reason='walk onto item' status=success
2026-09-27 22:24:52.881  INFO   session     Entity shadow: vision=2 {'player': 1, 'item': 1} memory=1 {'item': 1} paired=1 median=0.019
2026-09-27 22:24:54.971  INFO   decision    mode=traveling behavior=traveling action=traveling target=- reason='enter farm, walk around' status=success
2026-09-27 22:24:55.847  INFO   decision    mode=traveling behavior=combat action=attack target=17 reason='engage target' status=success
2026-09-27 22:24:58.338  INFO   session     Entity shadow: vision=3 {'item': 1, 'player': 1, 'monster': 1} memory=3 {'monster': 2, 'item': 1} paired=2 median=0.025
2026-09-27 22:25:00.281  INFO   decision    mode=traveling behavior=combat action=attack target=18 reason='engage target' status=success
2026-09-27 22:25:03.659  INFO   session     Entity shadow: vision=3 {'player': 1, 'item': 1, 'monster': 1} memory=2 {'monster': 1, 'item': 1} paired=2 median=0.011
2026-09-27 22:25:04.807  INFO   decision    mode=traveling behavior=traveling action=traveling target=- reason='enter farm area' status=success
2026-09-27 22:25:08.327  INFO   decision    mode=traveling behavior=combat action=attack target=19 reason='engage target' status=success
2026-09-27 22:25:09.181  INFO   session     Entity shadow: vision=4 {'player': 1, 'item': 1, 'monster': 2} memory=3 {'monster': 2, 'item': 1} paired=1 median=0.017 unleveled=14:青蛙
2026-09-27 22:25:13.558  INFO   decision    mode=traveling behavior=loot action=searching target=22 reason='walk onto item' status=success
2026-09-27 22:25:14.040  INFO   session     Entity shadow: vision=4 {'item': 2, 'monster': 1, 'player': 1} memory=4 {'item': 2, 'monster': 2} paired=2 median=0.009 unleveled=14:青蛙
2026-09-27 22:25:17.750  INFO   decision    mode=traveling behavior=loot action=pickup target=22 reason='loot target' status=success
2026-09-27 22:25:18.350  INFO   decision    mode=traveling behavior=loot action=idle target=- reason='pickup settle' status=success
2026-09-27 22:25:18.799  INFO   decision    mode=traveling behavior=traveling action=traveling target=- reason='enter farm area' status=success
2026-09-27 22:25:19.272  INFO   session     Entity shadow: vision=2 {'item': 2} memory=5 {'monster': 3, 'item': 2} paired=2 median=0.009 unleveled=14:青蛙
2026-09-27 22:25:24.080  INFO   decision    mode=traveling behavior=combat action=attack target=21 reason='engage target' status=success
2026-09-27 22:25:24.693  INFO   session     Entity shadow: vision=2 {'monster': 2} memory=5 {'monster': 5} paired=2 median=0.072 unleveled=14:青蛙
2026-09-27 22:25:29.951  INFO   session     Entity shadow: vision=2 {'monster': 2} memory=4 {'monster': 4} paired=1 median=0.016
2026-09-27 22:25:29.992  INFO   decision    mode=traveling behavior=combat action=searching target=21 reason='unstick combat path' status=success
2026-09-27 22:25:32.695  INFO   decision    mode=traveling behavior=combat action=idle target=- reason='no behavior produced an intent' status=success
2026-09-27 22:25:33.048  INFO   decision    mode=traveling behavior=combat action=searching target=21 reason='unstick combat path' status=success
2026-09-27 22:25:33.545  INFO   decision    mode=traveling behavior=combat action=idle target=- reason='no behavior produced an intent' status=success
2026-09-27 22:25:33.810  INFO   decision    mode=traveling behavior=combat action=searching target=21 reason='unstick combat path' status=success
2026-09-27 22:25:34.284  INFO   decision    mode=traveling behavior=combat action=idle target=- reason='no behavior produced an intent' status=success
2026-09-27 22:25:34.707  INFO   decision    mode=traveling behavior=combat action=attack target=30 reason='attack target' status=success
2026-09-27 22:25:35.359  INFO   session     Entity shadow: vision=3 {'monster': 3} memory=5 {'monster': 5} paired=3 median=0.014 unleveled=14:青蛙
2026-09-27 22:25:39.062  INFO   decision    mode=traveling behavior=survival_potion action=use_hp_potion target=- reason='critical hp, cannot heal' status=success
2026-09-27 22:25:40.341  INFO   decision    mode=traveling behavior=combat action=attack target=27 reason='engage target' status=success
2026-09-27 22:25:41.057  INFO   session     Entity shadow: vision=4 {'monster': 4} memory=6 {'monster': 6} paired=4 median=0.035 unleveled=208:兔子
2026-09-27 22:25:41.649  INFO   decision    mode=traveling behavior=talking_scroll action=use_talking_scroll target=- reason='go to shop (buy_hp_potions_talking_ch)' status=success
2026-09-27 22:25:46.230  INFO   session     Entity shadow: vision=24 {'player': 22, 'npc': 2} memory=77 {'player': 75, 'npc': 2} paired=23 median=0.025
2026-09-27 22:25:46.301  INFO   decision    mode=traveling behavior=survival_potion action=use_hp_potion target=- reason='critical hp, cannot heal' status=success
2026-09-27 22:25:48.785  INFO   decision    mode=farming behavior=shop action=shop_stop target=- reason='stop at shop' status=success
2026-09-27 22:25:49.890  INFO   decision    mode=farming behavior=shop action=shop_buy_arrows target=- reason='shop:buy_hp_potions_talking_ch' status=success
2026-09-27 22:25:59.148  INFO   session     Entity shadow: vision=23 {'player': 20, 'npc': 3} memory=72 {'player': 70, 'npc': 2} paired=22 median=0.026
2026-09-27 22:25:59.256  INFO   decision    mode=farming behavior=talking_scroll action=use_talking_scroll target=- reason='return to farm map after shop' status=success
2026-09-27 22:26:03.907  INFO   decision    mode=retreating behavior=talking_scroll action=use_talking_scroll target=- reason='retreat, 마법서 상인' status=success
2026-09-27 22:26:05.812  INFO   session     Entity shadow: vision=32 {'player': 29, 'npc': 3} memory=0 {} paired=0 median=0.000
2026-09-27 22:26:05.937  INFO   decision    mode=traveling behavior=traveling action=traveling target=- reason='return to farm after retreat' status=success
2026-09-27 22:26:06.660  INFO   decision    mode=traveling behavior=combat action=attack target=168 reason='engage target' status=success
2026-09-27 22:26:11.157  INFO   session     Entity shadow: vision=7 {'item': 1, 'npc': 2, 'monster': 3, 'player': 1} memory=9 {'monster': 5, 'item': 1, 'npc': 3} paired=4 median=0.017 unleveled=10:警衛,68:警衛
2026-09-27 22:26:12.845  INFO   decision    mode=traveling behavior=traveling action=traveling target=- reason='enter farm, walk around' status=success
2026-09-27 22:26:16.463  INFO   session     Entity shadow: vision=4 {'player': 1, 'npc': 2, 'item': 1} memory=9 {'monster': 3, 'item': 3, 'npc': 3} paired=1 median=0.023 unleveled=10:警衛,68:警衛
2026-09-27 22:26:16.500  INFO   decision    mode=traveling behavior=combat action=attack target=169 reason='engage target' status=success
2026-09-27 22:26:21.724  INFO   session     Entity shadow: vision=7 {'item': 2, 'npc': 2, 'player': 2, 'monster': 1} memory=10 {'player': 1, 'monster': 3, 'item': 3, 'npc': 3} paired=4 median=0.027 unleveled=10:警衛,68:警衛
2026-09-27 22:26:22.344  INFO   decision    mode=traveling behavior=combat action=searching target=169 reason='unstick combat path' status=success
2026-09-27 22:26:23.571  INFO   decision    mode=traveling behavior=traveling action=traveling target=- reason='enter farm, walk around' status=success
2026-09-27 22:26:26.730  INFO   decision    mode=traveling behavior=unstick action=teleport target=- reason='unstick confined' status=success
2026-09-27 22:26:28.436  INFO   session     Entity shadow: vision=8 {'player': 2, 'item': 3, 'npc': 2, 'monster': 1} memory=10 {'player': 1, 'monster': 3, 'item': 3, 'npc': 3} paired=5 median=0.023 unleveled=10:警衛,68:警衛
2026-09-27 22:26:28.480  INFO   decision    mode=traveling behavior=traveling action=traveling target=- reason='return to farm after retreat' status=success
2026-09-27 22:26:33.442  INFO   session     Entity shadow: vision=7 {'item': 1, 'npc': 2, 'monster': 1, 'player': 3} memory=10 {'monster': 3, 'item': 3, 'npc': 3, 'player': 1} paired=3 median=0.022 unleveled=10:警衛,68:警衛
2026-09-27 22:26:38.846  INFO   session     Entity shadow: vision=6 {'player': 1, 'npc': 2, 'item': 3} memory=8 {'item': 3, 'npc': 3, 'monster': 2} paired=3 median=0.014 unleveled=10:警衛,68:警衛
2026-09-27 22:26:44.145  INFO   session     Entity shadow: vision=5 {'npc': 2, 'item': 2, 'monster': 1} memory=9 {'player': 1, 'monster': 3, 'item': 2, 'npc': 3} paired=3 median=0.006 unleveled=10:警衛,68:警衛
2026-09-27 22:26:46.846  INFO   decision    mode=traveling behavior=combat action=attack target=183 reason='engage target' status=success
2026-09-27 22:26:48.794  INFO   session     일시정지 — 단축키
2026-09-27 22:26:54.636  INFO   session     재개 → 실행 중
2026-09-27 22:26:55.153  INFO   session     Entity shadow: vision=3 {'player': 1, 'npc': 2} memory=6 {'monster': 3, 'npc': 3} paired=0 median=0.000 unleveled=68:警衛,10:警衛
2026-09-27 22:26:59.970  INFO   decision    mode=traveling behavior=traveling action=traveling target=- reason='return to farm after retreat' status=success
2026-09-27 22:27:00.446  INFO   session     Entity shadow: vision=4 {'npc': 4} memory=8 {'monster': 5, 'npc': 3} paired=0 median=0.000 unleveled=68:警衛,10:警衛
2026-09-27 22:27:00.489  INFO   decision    mode=traveling behavior=combat action=attack target=187 reason='engage target' status=success
2026-09-27 22:27:05.716  INFO   session     Entity shadow: vision=4 {'npc': 2, 'monster': 2} memory=9 {'monster': 6, 'npc': 3} paired=1 median=0.028 unleveled=10:警衛,68:警衛
2026-09-27 22:27:11.033  INFO   session     Entity shadow: vision=5 {'monster': 3, 'npc': 2} memory=9 {'monster': 6, 'npc': 3} paired=2 median=0.029 unleveled=10:警衛
2026-09-27 22:27:11.078  INFO   decision    mode=traveling behavior=combat action=searching target=187 reason='unstick combat path' status=success
2026-09-27 22:27:13.826  INFO   decision    mode=traveling behavior=combat action=attack target=187 reason='attack target' status=success
2026-09-27 22:27:15.808  INFO   decision    mode=traveling behavior=traveling action=traveling target=- reason='return to farm after retreat' status=success
2026-09-27 22:27:16.250  INFO   session     Entity shadow: vision=4 {'player': 1, 'npc': 2, 'monster': 1} memory=8 {'monster': 5, 'npc': 3} paired=1 median=0.068 unleveled=10:警衛,68:警衛
2026-09-27 22:27:17.479  INFO   decision    mode=traveling behavior=combat action=attack target=191 reason='engage target' status=success
2026-09-27 22:27:19.739  INFO   decision    mode=traveling behavior=traveling action=traveling target=- reason='return to farm after retreat' status=success
2026-09-27 22:27:20.157  INFO   decision    mode=traveling behavior=unstick action=teleport target=- reason='unstick confined' status=success
2026-09-27 22:27:21.360  INFO   session     Entity shadow: vision=5 {'player': 1, 'npc': 2, 'monster': 2} memory=8 {'monster': 5, 'npc': 3} paired=1 median=0.014 unleveled=10:警衛,68:警衛
2026-09-27 22:27:21.411  INFO   decision    mode=traveling behavior=combat action=attack target=192 reason='engage target' status=success
2026-09-27 22:27:25.994  INFO   decision    mode=retreating behavior=retreating action=teleport target=- reason='retreat teleport' status=success
2026-09-27 22:27:27.391  INFO   session     Entity shadow: vision=5 {'npc': 2, 'monster': 2, 'player': 1} memory=8 {'monster': 5, 'npc': 3} paired=1 median=0.008 unleveled=10:警衛,68:警衛
2026-09-27 22:27:27.434  INFO   decision    mode=retreating behavior=talking_scroll action=use_talking_scroll target=- reason='retreat, 허수아비 수련장' status=success
2026-09-27 22:27:29.332  INFO   decision    mode=retreating behavior=? action=idle target=- reason='waiting for respawn' status=success
2026-09-27 22:27:31.628  INFO   decision    mode=retreating behavior=respawn action=respawn target=- reason='death confirmed, restart' status=success
2026-09-27 22:27:32.111  INFO   decision    mode=retreating behavior=? action=idle target=- reason='waiting for respawn' status=success
2026-09-27 22:27:32.440  INFO   session     Entity shadow: vision=5 {'item': 1, 'npc': 2, 'monster': 1, 'player': 1} memory=9 {'monster': 5, 'npc': 3, 'item': 1} paired=2 median=0.022 unleveled=10:警衛,68:警衛
2026-09-27 22:27:33.378  INFO   decision    mode=retreating behavior=heal action=heal target=- reason='heal after teleport' status=success
2026-09-27 22:27:38.175  INFO   session     Entity shadow: vision=13 {'player': 8, 'npc': 2, 'monster': 3} memory=15 {'npc': 5, 'monster': 1, 'player': 9} paired=9 median=0.027 unleveled=207:兔子
2026-09-27 22:27:43.891  INFO   session     Entity shadow: vision=10 {'npc': 3, 'player': 6, 'monster': 1} memory=16 {'monster': 2, 'player': 9, 'npc': 5} paired=8 median=0.028 unleveled=207:兔子,10:警衛
2026-09-27 22:27:46.277  INFO   session     일시정지 — 단축키
2026-09-27 22:27:50.241  INFO   session     정지 → 중지됨
2026-09-27 22:27:50.424  INFO   session     봇 작업이 종료되었습니다
