2026-09-21 05:58:10.387  INFO   session     Loading Manmabot from D:\ManmabotV1\engine
2026-09-21 05:58:10.392  INFO   session     Session log D:\ManmabotV1\engine\logs\bot-20260921-055810.log
2026-09-21 05:58:10.392  INFO   session     character=elf loot=all_items game_lang=ko map=talking_island farms=['area_1', 'area_2', 'area_3', 'area_4'] file=D:\ManmabotV1\engine\logs\bot-20260921-055810.log
2026-09-21 05:58:10.588  INFO   session     Auto-pause (cursor_outside)
2026-09-21 05:58:10.624  INFO   nav         building portal graph (cluster=32, 479x511)
2026-09-21 05:58:10.876  INFO   nav         portal graph: 188 components, 252 ms
2026-09-21 05:58:10.883  INFO   nav         farms=4 safe=11 home=(354, 203) (files farm=D:\ManmabotV1\engine\maps\talking_island\farms.yaml safe=D:\ManmabotV1\engine\maps\talking_island\safe.yaml home=D:\ManmabotV1\engine\maps\talking_island\home.yaml)
2026-09-21 05:58:11.177  INFO   session     Auto-resume → Running
2026-09-21 05:58:11.197  INFO   capture     mss window capture process='LC.exe' title=None content_aspect=4:3
2026-09-21 05:58:11.447  INFO   session     Auto-pause (cursor_outside)
2026-09-21 05:58:11.591  INFO   session     Entity clicks use memory names, species, and world cells. Image recognition still runs. Set memory.entity_source to vision to restore image-only clicks.
2026-09-21 05:58:11.598  INFO   session     Memory monitor connected
2026-09-21 05:58:11.601  INFO   session     Scanning hotbar (skill boxes 1–3)…
2026-09-21 05:58:11.724  INFO   session     Auto-resume → Running
2026-09-21 05:58:16.107  INFO   session     Hotbar scan done · talking_scroll@box1/f8
2026-09-21 05:58:16.168  INFO   session     Potion restock armed · no hp_potion on hotbar
2026-09-21 05:58:16.172  INFO   session     Loop ready · elf · ko · map=talking_island · loot=all_items · farms=['area_1', 'area_2', 'area_3', 'area_4']
2026-09-21 05:58:16.397  INFO   session     Auto-pause (cursor_outside)
2026-09-21 05:58:16.684  INFO   session     Auto-resume → Running
2026-09-21 05:58:16.825  INFO   session     Entity shadow: vision=17 {'player': 14, 'npc': 3} memory=57 {'player': 54, 'monster': 1, 'npc': 2} paired=15 median=0.016 unleveled=68:警衛
2026-09-21 05:58:16.848  INFO   decision    mode=farming behavior=talking_scroll action=use_talking_scroll target=- reason='go to shop (buy_hp_potions)' status=success
2026-09-21 05:58:16.951  INFO   session     Auto-pause (cursor_outside)
2026-09-21 05:58:17.215  INFO   session     Auto-resume → Running
2026-09-21 05:58:17.478  INFO   session     Auto-pause (not_focused)
2026-09-21 05:58:17.726  INFO   nav         async nav configure start map=mainland
2026-09-21 05:58:18.323  INFO   nav         building portal graph (cluster=32, 1755x1414)
2026-09-21 05:58:21.507  INFO   nav         portal graph: 2586 components, 3183 ms
2026-09-21 05:58:21.509  INFO   nav         farms=6 safe=0 home=None (files farm=D:\ManmabotV1\engine\maps\mainland\farms.yaml safe=D:\ManmabotV1\engine\maps\mainland\safe.yaml home=D:\ManmabotV1\engine\maps\mainland\home.yaml)
2026-09-21 05:58:21.510  INFO   nav         async nav configure done map=mainland (3783 ms)
2026-09-21 05:58:22.368  INFO   session     Resume → Running
2026-09-21 05:58:22.572  INFO   session     Entity shadow: vision=9 {'npc': 2, 'player': 7} memory=58 {'player': 55, 'monster': 1, 'npc': 2} paired=8 median=0.031 unleveled=68:警衛
2026-09-21 05:58:22.607  INFO   decision    mode=traveling behavior=traveling action=traveling target=- reason='unstick' status=success
2026-09-21 05:58:26.003  INFO   session     Paused — hotkey
2026-09-21 05:59:02.507  INFO   session     Stop → Stopped
2026-09-21 05:59:08.875  INFO   session     Bot worker exited
