2026-09-29 22:07:48.587  INFO   session     Loading Manmabot from D:\KRR\1.LCBot\ManmabotV1_final\engine
2026-09-29 22:07:48.648  INFO   session     Session log D:\KRR\1.LCBot\ManmabotV1_final\engine\logs\bot-20260929-220748.log
2026-09-29 22:07:48.662  INFO   session     character=elf loot=adena_only game_lang=ko map=talking_island farms=['area_1', 'area_3'] file=D:\KRR\1.LCBot\ManmabotV1_final\engine\logs\bot-20260929-220748.log
2026-09-29 22:07:48.732  INFO   nav         building portal graph (cluster=32, 512x576)
2026-09-29 22:07:49.725  INFO   nav         portal graph: 189 components, 774 ms
2026-09-29 22:07:50.017  INFO   nav         farms=2 safe=11 home=(385, 246) (files farm=D:\KRR\1.LCBot\ManmabotV1_final\engine\maps\talking_island\farms.yaml safe=D:\KRR\1.LCBot\ManmabotV1_final\engine\maps\talking_island\safe.yaml home=D:\KRR\1.LCBot\ManmabotV1_final\engine\maps\talking_island\home.yaml)
2026-09-29 22:07:50.256  INFO   capture     mss window capture process='LC.exe' title=None content_aspect=4:3
2026-09-29 22:07:51.123  INFO   session     Entity clicks use memory names, species, and world cells. Image recognition still runs. Set memory.entity_source to vision to restore image-only clicks.
2026-09-29 22:07:51.177  INFO   session     Player memory is read in this process (realtime_monitor.dll, offsets.json). No separate console.
2026-09-29 22:07:51.212  INFO   session     인벤토리 수신 시작 · inv.json 시드 · hp=42 화살=9151 은화살=0 해독=0 (백그라운드 실시간 스캔)
2026-09-29 22:07:51.264  INFO   session     메모리에서 핫바 24칸을 읽는 중…
2026-09-29 22:07:52.209  INFO   session     핫바 스캔 완료 · 파워 업@box1/f5, 아머 업@box1/f6, 라이트@box1/f7, 힐@box1/f8, HP 물약@box2/f9, 텔레포트@box1/f10, 마법 공격@box1/f12, 말하는 두루마리@box2/f5, 마더 트리@box2/f6, HP를 MP로@box2/f7
2026-09-29 22:07:52.375  INFO   session     매핑되지 않은 핫바 아이콘: box1/f8:SPELL, box1/f11:아데나, box1/f12:화살, box2/f10:상쾌한 빨간 물약, box2/f12:속도향상 물약, box3/f10:SPELL
2026-09-29 22:07:52.455  INFO   session     루프 준비 · 요정 · 한국어 · 맵=말하는 섬 · 룻=아데나만 · 구역=구역 1, 구역 3
2026-09-29 22:07:53.565  INFO   session     Entity shadow: vision=17 {'player': 14, 'monster': 1, 'npc': 2} memory=37 {'player': 33, 'npc': 2, 'monster': 2} paired=15 median=0.026
2026-09-29 22:07:53.620  INFO   session     인벤토리 수신 준비 (dll) · hp=42 화살=9129 은화살=0 해독=0
2026-09-29 22:07:53.755  INFO   shop        at shop — stop behavior=sell_garbage_ch
2026-09-29 22:07:53.756  INFO   decision    mode=farming goal=shop action=shop_stop target=- sticky=- origin=(386,245) shop=1 scrolled=0 reason='stop at shop' status=success
2026-09-29 22:07:54.814  INFO   shop        open shop UI behavior=sell_garbage_ch
2026-09-29 22:07:55.329  INFO   decision    mode=farming goal=shop action=shop_buy_arrows target=- sticky=- origin=(386,245) shop=1 scrolled=0 reason='shop:sell_garbage_ch' status=success
2026-09-29 22:08:05.782  INFO   session     Entity shadow: vision=18 {'player': 14, 'monster': 1, 'npc': 3} memory=39 {'player': 35, 'npc': 2, 'monster': 2} paired=15 median=0.024
2026-09-29 22:08:06.139  INFO   nav         talking scroll emit spot=giran_weapon purpose=shop reason=go to shop (sell_garbage_weapon_ch)
2026-09-29 22:08:06.560  INFO   shop        shop scrolled behavior=sell_garbage_weapon_ch retry=0
2026-09-29 22:08:07.130  INFO   decision    mode=farming goal=talking_scroll action=use_talking_scroll target=- sticky=- origin=(386,245) shop=1 scrolled=1 reason='go to shop (sell_garbage_weapon_ch)' status=success
2026-09-29 22:08:11.305  INFO   nav         async nav configure start map=mainland
2026-09-29 22:08:12.602  INFO   session     Entity shadow: vision=23 {'player': 21, 'monster': 1, 'npc': 1} memory=37 {'npc': 5, 'player': 32} paired=21 median=0.031
2026-09-29 22:08:12.945  INFO   shop        at shop — stop behavior=sell_garbage_weapon_ch
2026-09-29 22:08:13.070  INFO   nav         building portal graph (cluster=32, 1755x1414)
2026-09-29 22:08:13.851  INFO   decision    mode=farming goal=shop action=shop_stop target=- sticky=- origin=(886,534) shop=1 scrolled=1 reason='stop at shop' status=success
2026-09-29 22:08:21.073  INFO   nav         portal graph: 2586 components, 7200 ms
2026-09-29 22:08:21.718  INFO   session     Entity shadow: vision=25 {'player': 24, 'monster': 1} memory=38 {'player': 33, 'npc': 5} paired=23 median=0.031
2026-09-29 22:08:21.729  INFO   nav         farms=6 safe=0 home=None (files farm=D:\KRR\1.LCBot\ManmabotV1_final\engine\maps\mainland\farms.yaml safe=D:\KRR\1.LCBot\ManmabotV1_final\engine\maps\mainland\safe.yaml home=D:\KRR\1.LCBot\ManmabotV1_final\engine\maps\mainland\home.yaml)
2026-09-29 22:08:21.799  INFO   nav         async nav configure done map=mainland (10242 ms)
2026-09-29 22:08:23.023  INFO   shop        open shop UI behavior=sell_garbage_weapon_ch
2026-09-29 22:08:23.403  INFO   decision    mode=farming goal=shop action=shop_buy_arrows target=- sticky=- origin=(886,534) shop=1 scrolled=1 reason='shop:sell_garbage_weapon_ch' status=success
2026-09-29 22:08:33.505  INFO   session     Entity shadow: vision=22 {'player': 21, 'monster': 1} memory=39 {'player': 35, 'npc': 4} paired=21 median=0.034
2026-09-29 22:08:34.258  INFO   nav         talking scroll emit spot=giran_general_goods purpose=shop reason=go to shop (sell_garbage_mainland_ch)
2026-09-29 22:08:35.243  INFO   shop        shop scrolled behavior=sell_garbage_mainland_ch retry=0
2026-09-29 22:08:35.269  INFO   decision    mode=farming goal=talking_scroll action=use_talking_scroll target=- sticky=- origin=(886,534) shop=1 scrolled=1 reason='go to shop (sell_garbage_mainland_ch)' status=success
2026-09-29 22:08:36.863  INFO   session     일시정지 — 단축키
2026-09-29 22:08:40.298  INFO   session     정지 → 중지됨
2026-09-29 22:08:41.116  INFO   session     봇 작업이 종료되었습니다
