2026-09-24 01:28:00.518  INFO   session     Loading Manmabot from D:\Work\Lineage\ManmabotV1_final\engine
2026-09-24 01:28:00.521  INFO   session     Session log D:\Work\Lineage\ManmabotV1_final\engine\logs\bot-20260924-012800.log
2026-09-24 01:28:00.521  INFO   session     character=elf loot=all_items game_lang=ko map=talking_island farms=['area_3', 'area_2'] file=D:\Work\Lineage\ManmabotV1_final\engine\logs\bot-20260924-012800.log
2026-09-24 01:28:00.578  INFO   nav         building portal graph (cluster=32, 479x511)
2026-09-24 01:28:00.843  INFO   nav         portal graph: 188 components, 265 ms
2026-09-24 01:28:00.850  INFO   nav         farms=2 safe=11 home=(354, 203) (files farm=D:\Work\Lineage\ManmabotV1_final\engine\maps\talking_island\farms.yaml safe=D:\Work\Lineage\ManmabotV1_final\engine\maps\talking_island\safe.yaml home=D:\Work\Lineage\ManmabotV1_final\engine\maps\talking_island\home.yaml)
2026-09-24 01:28:00.866  INFO   capture     mss window capture process='LC.exe' title=None content_aspect=4:3
2026-09-24 01:28:01.195  INFO   session     Entity clicks use memory names, species, and world cells. Image recognition still runs. Set memory.entity_source to vision to restore image-only clicks.
2026-09-24 01:28:01.204  INFO   session     Player memory is read in this process (realtime_monitor.dll, offsets.json). No separate console.
2026-09-24 01:28:01.212  INFO   session     Inventory listen scanning in background (build inventory_listen.dll or place inv.json).
2026-09-24 01:28:01.219  INFO   session     Reading hotbar from memory (24 slots)…
2026-09-24 01:28:01.315  INFO   session     Hotbar scan done · hp_potion@box1/f5, talking_scroll@box1/f8
2026-09-24 01:28:01.319  INFO   session     Unmapped hotbar icons: box1/f6:+0 화살 (2,447), box1/f7:아데나 (578), box1/f12:상쾌한 초록 물약
2026-09-24 01:28:01.327  INFO   session     Loop ready · elf · ko · map=talking_island · loot=all_items · farms=['area_3', 'area_2']
2026-09-24 01:28:02.338  INFO   session     Entity shadow: vision=39 {'player': 34, 'npc': 1, 'monster': 4} memory=69 {'player': 61, 'npc': 7, 'monster': 1} paired=35 median=0.039 unleveled=319:?
2026-09-24 01:28:02.363  INFO   session     Inventory listen ready (dll) · hp=6 arrows=2447 silver=5 depoison=0
2026-09-24 01:28:02.390  INFO   decision    mode=traveling behavior=traveling action=idle target=- reason='enter farm, path blocked' status=success
2026-09-24 01:28:03.043  INFO   decision    mode=traveling behavior=enter_farm action=idle target=- reason='enter farm, path blocked' status=success
2026-09-24 01:28:04.439  INFO   decision    mode=traveling behavior=combat action=attack target=70 reason='engage target' status=success
2026-09-24 01:28:07.504  INFO   session     Entity shadow: vision=6 {'npc': 1, 'monster': 4, 'player': 1} memory=7 {'monster': 6, 'npc': 1} paired=5 median=0.017
2026-09-24 01:28:08.392  INFO   decision    mode=traveling behavior=loot action=searching target=78 reason='walk onto item' status=success
2026-09-24 01:28:10.528  INFO   decision    mode=traveling behavior=loot action=pickup target=78 reason='loot target' status=success
2026-09-24 01:28:12.537  INFO   session     Entity shadow: vision=7 {'player': 1, 'monster': 4, 'item': 1, 'npc': 1} memory=6 {'monster': 4, 'item': 1, 'npc': 1} paired=6 median=0.038
2026-09-24 01:28:17.754  INFO   session     Entity shadow: vision=4 {'player': 1, 'monster': 2, 'npc': 1} memory=3 {'monster': 2, 'npc': 1} paired=3 median=0.024
2026-09-24 01:28:18.779  INFO   decision    mode=traveling behavior=loot action=searching target=79 reason='walk onto item' status=success
2026-09-24 01:28:22.549  INFO   decision    mode=traveling behavior=traveling action=traveling target=- reason='enter farm area' status=success
2026-09-24 01:28:22.780  INFO   session     Entity shadow: vision=3 {'player': 1, 'monster': 1, 'npc': 1} memory=2 {'monster': 1, 'npc': 1} paired=1 median=0.031 unleveled=208:兔子
2026-09-24 01:28:25.005  INFO   decision    mode=traveling behavior=combat action=attack target=88 reason='engage target' status=success
2026-09-24 01:28:27.842  INFO   session     Entity shadow: vision=3 {'player': 1, 'npc': 1, 'monster': 1} memory=2 {'monster': 2} paired=1 median=0.010 unleveled=208:兔子
2026-09-24 01:28:29.615  INFO   decision    mode=traveling behavior=loot action=searching target=90 reason='walk onto item' status=success
2026-09-24 01:28:33.013  INFO   session     Entity shadow: vision=3 {'player': 1, 'item': 1, 'monster': 1} memory=3 {'monster': 2, 'item': 1} paired=2 median=0.004 unleveled=208:兔子
2026-09-24 01:28:35.133  INFO   decision    mode=traveling behavior=combat action=attack target=89 reason='engage target' status=success
2026-09-24 01:28:38.082  INFO   session     Entity shadow: vision=2 {'item': 1, 'monster': 1} memory=3 {'monster': 2, 'item': 1} paired=2 median=0.037 unleveled=208:兔子
2026-09-24 01:28:39.610  INFO   decision    mode=traveling behavior=loot action=pickup target=90 reason='engage item' status=success
2026-09-24 01:28:43.191  INFO   session     Entity shadow: vision=1 {'player': 1} memory=1 {'monster': 1} paired=0 median=0.000 unleveled=208:兔子
2026-09-24 01:28:46.173  INFO   decision    mode=traveling behavior=traveling action=traveling target=- reason='enter farm area' status=success
2026-09-24 01:28:46.750  INFO   decision    mode=traveling behavior=combat action=attack target=91 reason='engage target' status=success
2026-09-24 01:28:48.260  INFO   session     Entity shadow: vision=2 {'player': 1, 'monster': 1} memory=2 {'monster': 2} paired=1 median=0.100
2026-09-24 01:28:51.380  INFO   decision    mode=traveling behavior=combat action=attack target=92 reason='engage target' status=success
2026-09-24 01:28:53.355  INFO   session     Entity shadow: vision=2 {'player': 1, 'monster': 1} memory=1 {'monster': 1} paired=1 median=0.015
2026-09-24 01:28:54.454  INFO   decision    mode=traveling behavior=traveling action=traveling target=- reason='enter farm area' status=success
2026-09-24 01:28:58.492  INFO   session     Entity shadow: vision=1 {'player': 1} memory=0 {} paired=0 median=0.000
2026-09-24 01:29:00.183  INFO   decision    mode=traveling behavior=combat action=attack target=94 reason='engage target' status=success
2026-09-24 01:29:03.146  INFO   decision    mode=traveling behavior=combat action=attack target=95 reason='attack target' status=success
2026-09-24 01:29:03.580  INFO   session     Entity shadow: vision=4 {'player': 1, 'monster': 3} memory=4 {'monster': 4} paired=2 median=0.040 unleveled=207:兔子
2026-09-24 01:29:07.381  INFO   decision    mode=traveling behavior=combat action=attack target=96 reason='engage target' status=success
2026-09-24 01:29:08.588  INFO   decision    mode=traveling behavior=loot action=searching target=98 reason='walk onto item' status=success
2026-09-24 01:29:08.857  INFO   session     Entity shadow: vision=3 {'item': 2, 'player': 1} memory=3 {'monster': 2, 'item': 1} paired=1 median=0.010 unleveled=207:兔子
2026-09-24 01:29:12.047  INFO   decision    mode=traveling behavior=loot action=pickup target=98 reason='loot target' status=success
2026-09-24 01:29:13.965  INFO   session     Entity shadow: vision=1 {'player': 1} memory=2 {'monster': 2} paired=0 median=0.000 unleveled=207:兔子
2026-09-24 01:29:16.191  INFO   decision    mode=traveling behavior=combat action=attack target=97 reason='engage target' status=success
2026-09-24 01:29:16.910  INFO   decision    mode=traveling behavior=loot action=pickup target=98 reason='engage item' status=success
2026-09-24 01:29:19.085  INFO   session     Entity shadow: vision=1 {'monster': 1} memory=1 {'monster': 1} paired=1 median=0.087
2026-09-24 01:29:19.490  INFO   decision    mode=traveling behavior=combat action=attack target=99 reason='engage target' status=success
2026-09-24 01:29:24.364  INFO   session     Entity shadow: vision=2 {'item': 1, 'player': 1} memory=3 {'item': 1, 'monster': 2} paired=1 median=0.003
2026-09-24 01:29:24.636  INFO   decision    mode=traveling behavior=loot action=pickup target=101 reason='engage item' status=success
2026-09-24 01:29:29.529  INFO   session     Entity shadow: vision=2 {'player': 2} memory=1 {'monster': 1} paired=0 median=0.000
2026-09-24 01:29:32.567  INFO   decision    mode=traveling behavior=combat action=attack target=100 reason='engage target' status=success
2026-09-24 01:29:34.809  INFO   session     Entity shadow: vision=2 {'player': 1, 'monster': 1} memory=2 {'monster': 2} paired=1 median=0.033
2026-09-24 01:29:39.917  INFO   session     Entity shadow: vision=3 {'monster': 2, 'player': 1} memory=3 {'monster': 3} paired=2 median=0.035
2026-09-24 01:29:43.860  INFO   decision    mode=traveling behavior=combat action=attack target=100 reason='attack target' status=success (repeat)
2026-09-24 01:29:44.734  INFO   decision    mode=traveling behavior=combat action=attack target=103 reason='engage target' status=success
2026-09-24 01:29:45.249  INFO   session     Entity shadow: vision=4 {'item': 2, 'monster': 2} memory=3 {'monster': 2, 'item': 1} paired=2 median=0.008
2026-09-24 01:29:45.552  INFO   decision    mode=traveling behavior=loot action=pickup target=104 reason='engage item' status=success
2026-09-24 01:29:50.417  INFO   session     Entity shadow: vision=3 {'player': 1, 'item': 1, 'monster': 1} memory=3 {'monster': 2, 'item': 1} paired=2 median=0.057
2026-09-24 01:29:51.476  INFO   decision    mode=traveling behavior=combat action=attack target=102 reason='engage target' status=success
2026-09-24 01:29:52.390  INFO   decision    mode=traveling behavior=loot action=pickup target=104 reason='engage item' status=success
2026-09-24 01:29:52.505  INFO   session     Stop → Stopped (정지 — 게임 창이 닫혔습니다.)
2026-09-24 01:29:53.012  INFO   session     Bot worker exited
