2026-09-27 22:51:24.298  INFO   session     Loading Manmabot from D:\ManmabotV1_final\engine
2026-09-27 22:51:24.304  INFO   session     Session log D:\ManmabotV1_final\engine\logs\bot-20260927-225124.log
2026-09-27 22:51:24.304  INFO   session     character=elf loot=all_items game_lang=ko map=talking_island farms=['area_2', 'area_1', 'area_3'] file=D:\ManmabotV1_final\engine\logs\bot-20260927-225124.log
2026-09-27 22:51:24.588  INFO   nav         building portal graph (cluster=32, 479x511)
2026-09-27 22:51:24.922  INFO   nav         portal graph: 188 components, 334 ms
2026-09-27 22:51:24.929  INFO   nav         farms=3 safe=11 home=(354, 203) (files farm=D:\ManmabotV1_final\engine\maps\talking_island\farms.yaml safe=D:\ManmabotV1_final\engine\maps\talking_island\safe.yaml home=D:\ManmabotV1_final\engine\maps\talking_island\home.yaml)
2026-09-27 22:51:25.167  INFO   capture     mss window capture process='LC.exe' title=None content_aspect=4:3
2026-09-27 22:51:25.664  INFO   session     Entity clicks use memory names, species, and world cells. Image recognition still runs. Set memory.entity_source to vision to restore image-only clicks.
2026-09-27 22:51:25.682  INFO   session     Player memory is read in this process (realtime_monitor.dll, offsets.json). No separate console.
2026-09-27 22:51:25.694  INFO   session     인벤토리를 백그라운드에서 스캔 중 (inventory_listen.dll 또는 inv.json을 두세요).
2026-09-27 22:51:25.724  INFO   session     메모리에서 핫바 24칸을 읽는 중…
2026-09-27 22:51:25.814  INFO   session     핫바 스캔 완료 · 파워 업@box2/f8, 아머 업@box2/f5, 라이트@box1/f10, 힐@box1/f9, HP 물약@box1/f9, 텔레포트@box1/f11, 마법 공격@box1/f12, 말하는 두루마리@box1/f5
2026-09-27 22:51:25.848  INFO   session     매핑되지 않은 핫바 아이콘: box1/f6:작은 활 (무장), box1/f7:나무 화살, box1/f8:아데나
2026-09-27 22:51:25.864  INFO   session     루프 준비 · 요정 · 한국어 · 맵=말하는 섬 · 룻=전부 줍기 · 구역=구역 2, 구역 1, 구역 3
2026-09-27 22:51:26.560  INFO   session     Entity shadow: vision=5 {'item': 1, 'player': 2, 'monster': 2} memory=4 {'monster': 3, 'player': 1} paired=2 median=0.030 unleveled=12:史萊姆
2026-09-27 22:51:26.613  INFO   session     인벤토리 수신 준비 (dll) · hp=0 화살=461 은화살=253 해독=0
2026-09-27 22:51:26.644  INFO   decision    mode=farming behavior=buff action=buff target=- reason='armor_up' status=success
2026-09-27 22:51:27.813  INFO   decision    mode=farming behavior=search action=searching target=- reason='search area' status=success
2026-09-27 22:51:31.361  INFO   decision    mode=farming behavior=loot action=searching target=8 reason='walk onto item' status=success
2026-09-27 22:51:32.007  INFO   session     Entity shadow: vision=7 {'monster': 3, 'player': 2, 'item': 1, 'npc': 1} memory=9 {'player': 3, 'item': 1, 'monster': 5} paired=5 median=0.049 unleveled=12:史萊姆
2026-09-27 22:51:34.903  INFO   decision    mode=farming behavior=search action=searching target=- reason='search area' status=success
2026-09-27 22:51:36.987  INFO   session     Entity shadow: vision=9 {'player': 4, 'monster': 5} memory=6 {'player': 3, 'monster': 3} paired=4 median=0.030 unleveled=12:史萊姆
2026-09-27 22:51:37.031  INFO   decision    mode=farming behavior=buff action=buff target=- reason='light' status=success
2026-09-27 22:51:37.781  INFO   decision    mode=farming behavior=search action=searching target=- reason='search area' status=success
2026-09-27 22:51:39.557  INFO   decision    mode=farming behavior=loot action=searching target=15 reason='walk onto item' status=success
2026-09-27 22:51:40.574  INFO   decision    mode=farming behavior=search action=searching target=- reason='search area' status=success
2026-09-27 22:51:42.366  INFO   session     Entity shadow: vision=5 {'player': 3, 'monster': 2} memory=4 {'player': 2, 'monster': 2} paired=3 median=0.032
2026-09-27 22:51:47.806  INFO   session     Entity shadow: vision=9 {'player': 4, 'monster': 5} memory=5 {'player': 3, 'monster': 2} paired=5 median=0.033
2026-09-27 22:51:53.440  INFO   session     Entity shadow: vision=7 {'player': 4, 'monster': 3} memory=5 {'player': 2, 'monster': 3} paired=4 median=0.065 unleveled=12:史萊姆
2026-09-27 22:51:58.890  INFO   session     Entity shadow: vision=4 {'player': 2, 'monster': 2} memory=2 {'player': 1, 'monster': 1} paired=2 median=0.030
2026-09-27 22:52:02.862  INFO   decision    mode=farming behavior=search action=searching target=- reason='search area' status=success (repeat)
2026-09-27 22:52:04.138  INFO   session     Entity shadow: vision=3 {'player': 2, 'monster': 1} memory=2 {'player': 1, 'monster': 1} paired=2 median=0.063
2026-09-27 22:52:09.341  INFO   session     Entity shadow: vision=6 {'player': 4, 'monster': 2} memory=3 {'player': 2, 'monster': 1} paired=3 median=0.033
2026-09-27 22:52:12.359  INFO   decision    mode=farming behavior=loot action=searching target=25 reason='walk onto item' status=success
2026-09-27 22:52:14.747  INFO   session     Entity shadow: vision=13 {'player': 4, 'monster': 6, 'item': 3} memory=9 {'monster': 3, 'item': 4, 'player': 2} paired=6 median=0.016 unleveled=12:史萊姆
2026-09-27 22:52:20.233  INFO   session     Entity shadow: vision=10 {'player': 3, 'item': 4, 'monster': 3} memory=11 {'monster': 4, 'item': 4, 'player': 3} paired=7 median=0.006 unleveled=12:史萊姆
2026-09-27 22:52:24.742  INFO   decision    mode=farming behavior=loot action=pickup target=25 reason='loot target' status=success
2026-09-27 22:52:25.661  INFO   session     Entity shadow: vision=8 {'monster': 2, 'player': 4, 'item': 2} memory=9 {'player': 3, 'monster': 4, 'item': 2} paired=6 median=0.015 unleveled=12:史萊姆
2026-09-27 22:52:25.704  INFO   decision    mode=farming behavior=loot action=searching target=29 reason='walk onto item' status=success
2026-09-27 22:52:26.310  INFO   decision    mode=traveling behavior=traveling action=traveling target=- reason='enter farm area' status=success
2026-09-27 22:52:30.636  INFO   session     Entity shadow: vision=5 {'player': 4, 'monster': 1} memory=8 {'player': 3, 'monster': 5} paired=4 median=0.037 unleveled=12:史萊姆
2026-09-27 22:52:36.084  INFO   session     Entity shadow: vision=4 {'player': 2, 'monster': 2} memory=7 {'player': 2, 'monster': 5} paired=3 median=0.019 unleveled=12:史萊姆
2026-09-27 22:52:41.376  INFO   session     일시정지 — 단축키
2026-09-27 22:52:41.858  INFO   session     Entity shadow: vision=7 {'player': 3, 'monster': 4} memory=6 {'player': 1, 'monster': 5} paired=4 median=0.034 unleveled=12:史萊姆
2026-09-27 22:52:46.656  INFO   session     일시정지 / 재개 → 실행 중
2026-09-27 22:52:47.183  INFO   session     Entity shadow: vision=3 {'player': 1, 'npc': 2} memory=5 {'npc': 3, 'monster': 2} paired=0 median=0.000 unleveled=10:警衛,68:警衛
2026-09-27 22:52:47.232  INFO   decision    mode=retreating behavior=retreating action=teleport target=- reason='retreat teleport' status=success
2026-09-27 22:52:48.355  INFO   decision    mode=retreating behavior=talking_scroll action=use_talking_scroll target=- reason='retreat, 마법서 상인' status=success
2026-09-27 22:52:50.180  INFO   decision    mode=retreating behavior=heal action=heal target=- reason='heal after teleport' status=success
2026-09-27 22:52:52.346  INFO   session     Entity shadow: vision=4 {'npc': 2, 'player': 1, 'monster': 1} memory=7 {'player': 1, 'monster': 3, 'npc': 3} paired=0 median=0.000 unleveled=14:青蛙,10:警衛,68:警衛
2026-09-27 22:52:55.554  INFO   decision    mode=retreating behavior=retreating action=idle target=- reason='retreating, waiting for hp' status=success
2026-09-27 22:52:57.405  INFO   session     Entity shadow: vision=3 {'player': 1, 'npc': 2} memory=6 {'monster': 3, 'npc': 3} paired=0 median=0.000 unleveled=14:青蛙,10:警衛,68:警衛
2026-09-27 22:53:02.837  INFO   session     Entity shadow: vision=3 {'npc': 2, 'player': 1} memory=6 {'monster': 3, 'npc': 3} paired=0 median=0.000 unleveled=14:青蛙,10:警衛,68:警衛
2026-09-27 22:53:03.955  INFO   decision    mode=traveling behavior=traveling action=traveling target=- reason='return to farm after retreat' status=success
2026-09-27 22:53:06.897  INFO   decision    mode=traveling behavior=combat action=attack target=57 reason='engage target' status=success
2026-09-27 22:53:08.206  INFO   session     Entity shadow: vision=3 {'npc': 2, 'player': 1} memory=7 {'monster': 4, 'npc': 3} paired=0 median=0.000 unleveled=14:青蛙,10:警衛,68:警衛
2026-09-27 22:53:10.602  INFO   decision    mode=traveling behavior=traveling action=traveling target=- reason='return to farm after retreat' status=success
2026-09-27 22:53:10.977  INFO   decision    mode=traveling behavior=combat action=attack target=58 reason='engage target' status=success
2026-09-27 22:53:13.703  INFO   session     Entity shadow: vision=3 {'npc': 1, 'item': 1, 'player': 1} memory=6 {'monster': 2, 'item': 1, 'npc': 3} paired=1 median=0.012 unleveled=10:警衛
2026-09-27 22:53:13.750  INFO   decision    mode=traveling behavior=loot action=searching target=59 reason='walk onto item' status=success
2026-09-27 22:53:18.685  INFO   session     Entity shadow: vision=1 {'player': 1} memory=3 {'player': 1, 'npc': 2} paired=0 median=0.000
2026-09-27 22:53:18.743  INFO   decision    mode=traveling behavior=traveling action=traveling target=- reason='return to farm after retreat' status=success
2026-09-27 22:53:20.279  INFO   decision    mode=traveling behavior=combat action=attack target=61 reason='engage target' status=success
2026-09-27 22:53:22.324  INFO   decision    mode=traveling behavior=loot action=searching target=62 reason='walk onto item' status=success
2026-09-27 22:53:24.147  INFO   session     Entity shadow: vision=4 {'player': 2, 'item': 1, 'monster': 1} memory=6 {'monster': 1, 'item': 1, 'player': 2, 'npc': 2} paired=3 median=0.016
2026-09-27 22:53:27.542  INFO   decision    mode=traveling behavior=combat action=attack target=63 reason='engage target' status=success
2026-09-27 22:53:28.350  INFO   decision    mode=traveling behavior=loot action=searching target=62 reason='walk onto item' status=success
2026-09-27 22:53:28.899  INFO   decision    mode=traveling behavior=combat action=attack target=66 reason='engage target' status=success
2026-09-27 22:53:29.553  INFO   session     Entity shadow: vision=5 {'player': 2, 'monster': 3} memory=5 {'monster': 4, 'player': 1} paired=4 median=0.015
2026-09-27 22:53:30.131  INFO   decision    mode=traveling behavior=combat action=attack target=65 reason='engage target' status=success
2026-09-27 22:53:32.625  INFO   decision    mode=traveling behavior=loot action=searching target=72 reason='walk onto item' status=success
2026-09-27 22:53:34.625  INFO   session     Entity shadow: vision=3 {'player': 1, 'item': 1, 'monster': 1} memory=7 {'player': 1, 'monster': 5, 'item': 1} paired=3 median=0.054
2026-09-27 22:53:35.255  INFO   decision    mode=traveling behavior=combat action=attack target=70 reason='engage target' status=success
2026-09-27 22:53:35.953  INFO   decision    mode=traveling behavior=loot action=searching target=72 reason='walk onto item' status=success
2026-09-27 22:53:36.538  INFO   decision    mode=traveling behavior=combat action=attack target=70 reason='engage target' status=success
2026-09-27 22:53:37.405  INFO   decision    mode=traveling behavior=loot action=searching target=72 reason='walk onto item' status=success
2026-09-27 22:53:37.897  INFO   decision    mode=traveling behavior=combat action=attack target=70 reason='engage target' status=success
2026-09-27 22:53:39.742  INFO   session     Entity shadow: vision=4 {'item': 1, 'player': 2, 'monster': 1} memory=8 {'monster': 5, 'item': 2, 'player': 1} paired=3 median=0.015
2026-09-27 22:53:41.555  INFO   decision    mode=traveling behavior=combat action=attack target=71 reason='attack target' status=success
2026-09-27 22:53:45.168  INFO   session     Entity shadow: vision=6 {'player': 3, 'item': 1, 'monster': 2} memory=5 {'monster': 3, 'player': 1, 'item': 1} paired=4 median=0.011
2026-09-27 22:53:47.963  INFO   decision    mode=traveling behavior=loot action=pickup target=76 reason='engage item' status=success
2026-09-27 22:53:48.500  INFO   decision    mode=traveling behavior=loot action=idle target=- reason='pickup settle' status=success
2026-09-27 22:53:49.323  INFO   decision    mode=traveling behavior=loot action=pickup target=73 reason='engage item' status=success
2026-09-27 22:53:49.955  INFO   decision    mode=traveling behavior=loot action=idle target=- reason='pickup settle' status=success
2026-09-27 22:53:50.363  INFO   session     Entity shadow: vision=3 {'player': 2, 'monster': 1} memory=5 {'monster': 3, 'player': 1, 'item': 1} paired=2 median=0.028 unleveled=14:青蛙
2026-09-27 22:53:50.395  INFO   decision    mode=traveling behavior=unstick action=teleport target=- reason='unstick confined' status=success
2026-09-27 22:53:51.874  INFO   decision    mode=traveling behavior=combat action=attack target=77 reason='engage target' status=success
2026-09-27 22:53:54.351  INFO   decision    mode=traveling behavior=traveling action=traveling target=- reason='return to farm after retreat' status=success
2026-09-27 22:53:55.715  INFO   session     Entity shadow: vision=2 {'player': 2} memory=2 {'player': 1, 'monster': 1} paired=1 median=0.018 unleveled=14:青蛙
2026-09-27 22:54:00.584  INFO   session     Entity shadow: vision=2 {'player': 2} memory=2 {'player': 1, 'monster': 1} paired=1 median=0.036 unleveled=14:青蛙
2026-09-27 22:54:05.543  INFO   decision    mode=traveling behavior=combat action=attack target=81 reason='engage target' status=success
2026-09-27 22:54:06.238  INFO   session     Entity shadow: vision=1 {'monster': 1} memory=3 {'monster': 3} paired=1 median=0.013 unleveled=189:鹿
2026-09-27 22:54:11.654  INFO   session     Entity shadow: vision=3 {'monster': 2, 'npc': 1} memory=3 {'monster': 3} paired=2 median=0.015 unleveled=189:鹿
2026-09-27 22:54:11.785  INFO   decision    mode=traveling behavior=combat action=searching target=81 reason='unstick combat path' status=success
2026-09-27 22:54:13.799  INFO   decision    mode=traveling behavior=combat action=idle target=- reason='no behavior produced an intent' status=success
2026-09-27 22:54:14.163  INFO   decision    mode=traveling behavior=combat action=searching target=81 reason='unstick combat path' status=success
2026-09-27 22:54:14.637  INFO   decision    mode=traveling behavior=combat action=attack target=81 reason='attack target' status=success
2026-09-27 22:54:16.896  INFO   session     Entity shadow: vision=4 {'player': 1, 'monster': 3} memory=4 {'monster': 4} paired=3 median=0.020 unleveled=189:鹿
2026-09-27 22:54:18.467  INFO   decision    mode=traveling behavior=combat action=attack target=82 reason='engage target' status=success
2026-09-27 22:54:22.236  INFO   session     Entity shadow: vision=4 {'player': 1, 'monster': 3} memory=4 {'monster': 4} paired=3 median=0.022 unleveled=189:鹿
2026-09-27 22:54:24.518  INFO   session     일시정지 — 단축키
2026-09-27 22:54:51.555  INFO   session     일시정지 / 재개 → 실행 중
2026-09-27 22:54:52.437  INFO   session     Entity shadow: vision=17 {'player': 11, 'npc': 4, 'item': 1, 'monster': 1} memory=22 {'monster': 1, 'npc': 7, 'player': 13, 'item': 1} paired=12 median=0.027 unleveled=207:兔子
2026-09-27 22:54:52.763  INFO   decision    mode=retreating behavior=retreating action=teleport target=- reason='retreat teleport' status=success
2026-09-27 22:54:54.272  INFO   decision    mode=retreating behavior=talking_scroll action=use_talking_scroll target=- reason='retreat, 허수아비 수련장' status=success
2026-09-27 22:54:56.719  INFO   decision    mode=retreating behavior=heal action=heal target=- reason='heal after teleport' status=success
2026-09-27 22:54:58.672  INFO   session     Entity shadow: vision=31 {'player': 24, 'npc': 5, 'monster': 2} memory=52 {'player': 41, 'npc': 9, 'monster': 1, 'item': 1} paired=26 median=0.049 unleveled=207:兔子
2026-09-27 22:55:04.174  INFO   session     Entity shadow: vision=28 {'monster': 5, 'item': 1, 'npc': 4, 'player': 18} memory=47 {'player': 36, 'npc': 9, 'item': 1, 'monster': 1} paired=21 median=0.027 unleveled=207:兔子
2026-09-27 22:55:10.064  INFO   session     Entity shadow: vision=25 {'npc': 4, 'monster': 3, 'player': 17, 'item': 1} memory=48 {'monster': 1, 'player': 37, 'npc': 9, 'item': 1} paired=19 median=0.027 unleveled=207:兔子
2026-09-27 22:55:15.514  INFO   session     Entity shadow: vision=22 {'player': 16, 'npc': 3, 'monster': 2, 'item': 1} memory=47 {'npc': 9, 'monster': 1, 'player': 36, 'item': 1} paired=18 median=0.026 unleveled=207:兔子
2026-09-27 22:55:19.237  INFO   decision    mode=retreating behavior=loot action=searching target=91 reason='walk onto item' status=success
2026-09-27 22:55:20.327  INFO   session     Entity shadow: vision=24 {'item': 1, 'player': 16, 'monster': 3, 'npc': 4} memory=58 {'player': 49, 'npc': 7, 'item': 1, 'monster': 1} paired=19 median=0.050 unleveled=207:兔子
2026-09-27 22:55:25.407  INFO   session     Entity shadow: vision=33 {'player': 27, 'monster': 3, 'npc': 3} memory=64 {'player': 55, 'npc': 8, 'item': 1} paired=27 median=0.027
2026-09-27 22:55:30.879  INFO   session     Entity shadow: vision=34 {'item': 1, 'monster': 2, 'player': 27, 'npc': 4} memory=62 {'npc': 8, 'player': 53, 'item': 1} paired=31 median=0.028
2026-09-27 22:55:30.931  INFO   decision    mode=traveling behavior=loot action=searching target=91 reason='unstick nearby' status=success
2026-09-27 22:55:36.763  INFO   session     Entity shadow: vision=33 {'player': 29, 'npc': 3, 'monster': 1} memory=54 {'npc': 7, 'player': 46, 'item': 1} paired=28 median=0.052
2026-09-27 22:55:38.007  INFO   decision    mode=traveling behavior=loot action=pickup target=91 reason='loot target' status=success
2026-09-27 22:55:38.756  INFO   decision    mode=traveling behavior=loot action=idle target=- reason='pickup settle' status=success
2026-09-27 22:55:39.267  INFO   decision    mode=traveling behavior=traveling action=traveling target=- reason='return to farm after retreat' status=success
2026-09-27 22:55:42.074  INFO   session     Entity shadow: vision=34 {'player': 30, 'npc': 3, 'item': 1} memory=65 {'player': 56, 'npc': 8, 'item': 1} paired=32 median=0.065
2026-09-27 22:55:44.187  INFO   decision    mode=traveling behavior=loot action=searching target=91 reason='walk onto item' status=success
2026-09-27 22:55:46.590  INFO   decision    mode=traveling behavior=traveling action=traveling target=- reason='return to farm after retreat' status=success
2026-09-27 22:55:47.727  INFO   session     Entity shadow: vision=29 {'player': 24, 'npc': 3, 'monster': 2} memory=56 {'player': 49, 'npc': 7} paired=26 median=0.049
2026-09-27 22:55:51.246  INFO   decision    mode=traveling behavior=unstick action=teleport target=- reason='unstick confined' status=success
2026-09-27 22:55:52.583  INFO   decision    mode=traveling behavior=traveling action=traveling target=- reason='return to farm after retreat' status=success
2026-09-27 22:55:53.321  INFO   session     Entity shadow: vision=32 {'monster': 1, 'player': 26, 'npc': 4, 'item': 1} memory=64 {'player': 56, 'npc': 8} paired=29 median=0.030
2026-09-27 22:55:58.473  INFO   session     Entity shadow: vision=32 {'npc': 3, 'player': 27, 'monster': 1, 'item': 1} memory=61 {'npc': 8, 'player': 53} paired=28 median=0.028
2026-09-27 22:56:03.948  INFO   session     Entity shadow: vision=36 {'player': 28, 'npc': 4, 'monster': 4} memory=61 {'npc': 8, 'player': 53} paired=30 median=0.028
2026-09-27 22:56:05.720  INFO   decision    mode=traveling behavior=traveling action=idle target=- reason='no behavior produced an intent' status=success
2026-09-27 22:56:06.336  INFO   decision    mode=traveling behavior=traveling action=traveling target=- reason='return to farm after retreat' status=success
2026-09-27 22:56:09.512  INFO   session     Entity shadow: vision=32 {'player': 26, 'npc': 3, 'monster': 3} memory=61 {'player': 53, 'npc': 8} paired=28 median=0.028
2026-09-27 22:56:12.911  INFO   decision    mode=traveling behavior=unstick action=teleport target=- reason='unstick confined' status=success
2026-09-27 22:56:14.369  INFO   decision    mode=traveling behavior=traveling action=traveling target=- reason='return to farm after retreat' status=success
2026-09-27 22:56:14.860  INFO   session     Entity shadow: vision=29 {'player': 24, 'monster': 2, 'npc': 3} memory=62 {'npc': 7, 'player': 55} paired=26 median=0.031
2026-09-27 22:56:20.006  INFO   session     Entity shadow: vision=28 {'player': 23, 'npc': 4, 'monster': 1} memory=56 {'player': 49, 'npc': 7} paired=25 median=0.029
2026-09-27 22:56:25.525  INFO   session     Entity shadow: vision=28 {'player': 21, 'npc': 3, 'monster': 4} memory=53 {'player': 47, 'npc': 6} paired=18 median=0.088
2026-09-27 22:56:30.834  INFO   session     Entity shadow: vision=39 {'player': 34, 'npc': 3, 'monster': 2} memory=64 {'player': 60, 'monster': 1, 'npc': 3} paired=31 median=0.075 unleveled=319:?
2026-09-27 22:56:36.086  INFO   session     Entity shadow: vision=37 {'player': 36, 'npc': 1} memory=51 {'npc': 10, 'player': 40, 'monster': 1} paired=30 median=0.055 unleveled=319:?
2026-09-27 22:56:41.281  INFO   session     Entity shadow: vision=31 {'player': 28, 'npc': 3} memory=49 {'player': 38, 'npc': 10, 'monster': 1} paired=30 median=0.028 unleveled=319:?
2026-09-27 22:56:46.554  INFO   session     Entity shadow: vision=23 {'player': 22, 'npc': 1} memory=46 {'npc': 9, 'player': 36, 'monster': 1} paired=22 median=0.046 unleveled=319:?
2026-09-27 22:56:51.692  INFO   session     Entity shadow: vision=15 {'item': 1, 'npc': 1, 'player': 13} memory=24 {'player': 17, 'npc': 7} paired=14 median=0.071
2026-09-27 22:56:56.345  INFO   decision    mode=traveling behavior=traveling action=traveling target=- reason='return to farm after retreat' status=success (repeat)
2026-09-27 22:56:57.138  INFO   session     Entity shadow: vision=5 {'player': 3, 'npc': 2} memory=5 {'monster': 2, 'player': 2, 'npc': 1} paired=2 median=0.035 unleveled=10:警衛,68:警衛
2026-09-27 22:57:02.510  INFO   session     Entity shadow: vision=5 {'player': 3, 'npc': 2} memory=4 {'monster': 2, 'player': 2} paired=2 median=0.037 unleveled=68:警衛,10:警衛
2026-09-27 22:57:07.804  INFO   session     Entity shadow: vision=3 {'player': 2, 'npc': 1} memory=4 {'monster': 2, 'player': 2} paired=2 median=0.029 unleveled=68:警衛,10:警衛
2026-09-27 22:57:12.830  INFO   session     Entity shadow: vision=4 {'player': 2, 'npc': 2} memory=3 {'monster': 2, 'player': 1} paired=1 median=0.036 unleveled=68:警衛,10:警衛
2026-09-27 22:57:16.687  INFO   decision    mode=traveling behavior=traveling action=traveling target=- reason='return to farm after retreat' status=success (repeat)
2026-09-27 22:57:17.894  INFO   session     Entity shadow: vision=3 {'player': 1, 'npc': 2} memory=2 {'monster': 2} paired=0 median=0.000 unleveled=68:警衛,10:警衛
2026-09-27 22:57:23.119  INFO   session     Entity shadow: vision=2 {'player': 1, 'npc': 1} memory=1 {'monster': 1} paired=0 median=0.000 unleveled=68:警衛
2026-09-27 22:57:28.696  INFO   session     Entity shadow: vision=1 {'player': 1} memory=0 {} paired=0 median=0.000
2026-09-27 22:57:33.814  INFO   session     Entity shadow: vision=1 {'player': 1} memory=0 {} paired=0 median=0.000
2026-09-27 22:57:34.177  INFO   decision    mode=traveling behavior=combat action=attack target=266 reason='engage target' status=success
2026-09-27 22:57:38.995  INFO   session     Entity shadow: vision=3 {'player': 2, 'item': 1} memory=1 {'item': 1} paired=1 median=0.019
2026-09-27 22:57:39.037  INFO   decision    mode=traveling behavior=loot action=searching target=267 reason='walk onto item' status=success
2026-09-27 22:57:42.039  INFO   session     일시정지 — 단축키
2026-09-27 23:03:40.088  INFO   session     재개 → 실행 중
2026-09-27 23:03:40.546  INFO   session     Entity shadow: vision=2 {'player': 1, 'monster': 1} memory=1 {'monster': 1} paired=1 median=0.013
2026-09-27 23:03:40.646  INFO   decision    mode=traveling behavior=buff action=buff target=- reason='light' status=success
2026-09-27 23:03:42.235  INFO   decision    mode=traveling behavior=traveling action=traveling target=- reason='return to farm after retreat' status=success
2026-09-27 23:03:45.828  INFO   session     Entity shadow: vision=3 {'npc': 1, 'player': 1, 'monster': 1} memory=1 {'monster': 1} paired=1 median=0.056
2026-09-27 23:03:47.057  INFO   decision    mode=traveling behavior=combat action=attack target=271 reason='engage target' status=success
2026-09-27 23:03:49.604  INFO   decision    mode=traveling behavior=loot action=searching target=272 reason='walk onto item' status=success
2026-09-27 23:03:50.704  INFO   session     Entity shadow: vision=4 {'npc': 1, 'item': 1, 'monster': 1, 'player': 1} memory=1 {'item': 1} paired=1 median=0.010
2026-09-27 23:03:55.186  INFO   decision    mode=traveling behavior=loot action=pickup target=272 reason='loot target' status=success
2026-09-27 23:03:55.714  INFO   decision    mode=traveling behavior=loot action=idle target=- reason='pickup settle' status=success
2026-09-27 23:03:56.043  INFO   session     Entity shadow: vision=4 {'npc': 1, 'player': 2, 'item': 1} memory=2 {'monster': 1, 'item': 1} paired=1 median=0.002
2026-09-27 23:03:56.597  INFO   decision    mode=traveling behavior=traveling action=traveling target=- reason='return to farm after retreat' status=success
2026-09-27 23:04:01.434  INFO   session     Entity shadow: vision=5 {'npc': 1, 'player': 1, 'monster': 3} memory=2 {'monster': 2} paired=2 median=0.068
2026-09-27 23:04:06.644  INFO   session     Entity shadow: vision=5 {'npc': 1, 'monster': 2, 'player': 2} memory=2 {'monster': 1, 'player': 1} paired=2 median=0.034
2026-09-27 23:04:07.882  INFO   decision    mode=traveling behavior=loot action=searching target=276 reason='walk onto item' status=success
2026-09-27 23:04:08.272  INFO   session     일시정지 — 단축키
2026-09-27 23:04:09.584  INFO   session     일시정지 / 재개 → 실행 중
2026-09-27 23:04:11.874  INFO   session     Entity shadow: vision=8 {'npc': 1, 'player': 3, 'monster': 2, 'item': 2} memory=4 {'player': 2, 'item': 2} paired=4 median=0.056
2026-09-27 23:04:12.562  INFO   decision    mode=traveling behavior=loot action=searching target=279 reason='walk onto item' status=success
2026-09-27 23:04:14.267  INFO   decision    mode=traveling behavior=loot action=pickup target=279 reason='loot target' status=success
2026-09-27 23:04:14.925  INFO   decision    mode=traveling behavior=loot action=idle target=- reason='pickup settle' status=success
2026-09-27 23:04:15.324  INFO   decision    mode=traveling behavior=combat action=attack target=281 reason='engage target' status=success
2026-09-27 23:04:17.260  INFO   session     Entity shadow: vision=7 {'npc': 1, 'monster': 2, 'player': 3, 'item': 1} memory=4 {'monster': 1, 'item': 1, 'player': 2} paired=3 median=0.013 unleveled=12:史萊姆
2026-09-27 23:04:17.306  INFO   decision    mode=traveling behavior=loot action=pickup target=283 reason='engage item' status=success
2026-09-27 23:04:17.840  INFO   decision    mode=traveling behavior=loot action=idle target=- reason='pickup settle' status=success
2026-09-27 23:04:18.438  INFO   decision    mode=traveling behavior=traveling action=traveling target=- reason='return to farm after retreat' status=success
2026-09-27 23:04:22.577  INFO   session     Entity shadow: vision=6 {'npc': 1, 'player': 3, 'monster': 2} memory=4 {'player': 2, 'monster': 2} paired=3 median=0.057 unleveled=12:史萊姆
2026-09-27 23:04:23.442  INFO   session     일시정지 — 단축키
2026-09-27 23:06:52.391  INFO   session     정지 → 중지됨
