2026-09-24 15:52:17.347  INFO   session     Loading Manmabot from D:\Work\Lineage\ManmabotV1_final\engine
2026-09-24 15:52:17.351  INFO   session     Session log D:\Work\Lineage\ManmabotV1_final\engine\logs\bot-20260924-155217.log
2026-09-24 15:52:17.351  INFO   session     character=elf loot=all_items game_lang=ko map=talking_island farms=['area_3', 'area_2', 'area_1'] file=D:\Work\Lineage\ManmabotV1_final\engine\logs\bot-20260924-155217.log
2026-09-24 15:52:17.562  INFO   nav         building portal graph (cluster=32, 479x511)
2026-09-24 15:52:17.826  INFO   nav         portal graph: 188 components, 264 ms
2026-09-24 15:52:17.831  INFO   nav         farms=3 safe=11 home=(354, 203) (files farm=D:\Work\Lineage\ManmabotV1_final\engine\maps\talking_island\farms.yaml safe=D:\Work\Lineage\ManmabotV1_final\engine\maps\talking_island\safe.yaml home=D:\Work\Lineage\ManmabotV1_final\engine\maps\talking_island\home.yaml)
2026-09-24 15:52:18.149  INFO   capture     mss window capture process='LC.exe' title=None content_aspect=4:3
2026-09-24 15:52:18.525  INFO   session     Entity clicks use memory names, species, and world cells. Image recognition still runs. Set memory.entity_source to vision to restore image-only clicks.
2026-09-24 15:52:18.531  INFO   session     Player memory is read in this process (realtime_monitor.dll, offsets.json). No separate console.
2026-09-24 15:52:18.536  INFO   session     Inventory listen scanning in background (build inventory_listen.dll or place inv.json).
2026-09-24 15:52:18.541  INFO   session     Reading hotbar from memory (24 slots)…
2026-09-24 15:52:18.640  INFO   session     Hotbar scan done · hp_potion@box1/f5, talking_scroll@box1/f8
2026-09-24 15:52:18.644  INFO   session     Unmapped hotbar icons: box1/f6:+0 화살 (2,132), box1/f7:아데나 (793), box1/f12:상쾌한 초록 물약
2026-09-24 15:52:18.665  INFO   session     Loop ready · elf · ko · map=talking_island · loot=all_items · farms=['area_3', 'area_2', 'area_1']
2026-09-24 15:52:19.761  INFO   session     Entity shadow: vision=39 {'monster': 5, 'player': 27, 'npc': 7} memory=43 {'player': 34, 'npc': 9} paired=31 median=0.028
2026-09-24 15:52:19.794  INFO   session     Inventory listen ready (dll) · hp=6 arrows=2132 silver=5 depoison=0
2026-09-24 15:52:19.818  INFO   decision    mode=farming behavior=talking_scroll action=use_talking_scroll target=- reason='return to selected hunt map' status=success
2026-09-24 15:52:21.538  INFO   decision    mode=farming behavior=talking_scroll action=idle target=- reason='waiting talking scroll (hunt map)' status=success
2026-09-24 15:52:25.338  INFO   session     Entity shadow: vision=29 {'player': 26, 'npc': 1, 'monster': 2} memory=37 {'player': 31, 'npc': 5, 'monster': 1} paired=25 median=0.030 unleveled=319:?
2026-09-24 15:52:27.983  INFO   decision    mode=farming behavior=talking_scroll action=use_talking_scroll target=- reason='return to selected hunt map' status=success
2026-09-24 15:52:28.875  INFO   decision    mode=farming behavior=talking_scroll action=idle target=- reason='waiting talking scroll (hunt map)' status=success
2026-09-24 15:52:29.804  INFO   decision    mode=traveling behavior=traveling action=traveling target=- reason='enter farm area' status=success
2026-09-24 15:52:30.791  INFO   session     Entity shadow: vision=43 {'player': 37, 'npc': 5, 'monster': 1} memory=59 {'player': 48, 'npc': 9, 'monster': 2} paired=40 median=0.011 unleveled=319:?,68:警衛
2026-09-24 15:52:35.943  INFO   session     Entity shadow: vision=36 {'player': 30, 'monster': 4, 'npc': 2} memory=60 {'player': 54, 'npc': 4, 'monster': 2} paired=31 median=0.031 unleveled=319:?,68:警衛
2026-09-24 15:52:41.083  INFO   session     Entity shadow: vision=26 {'player': 20, 'npc': 4, 'monster': 1, 'item': 1} memory=35 {'player': 30, 'monster': 3, 'npc': 2} paired=20 median=0.023 unleveled=10:警衛,319:?,68:警衛
2026-09-24 15:52:46.423  INFO   session     Entity shadow: vision=24 {'player': 20, 'npc': 4} memory=63 {'npc': 2, 'player': 58, 'monster': 3} paired=20 median=0.051 unleveled=10:警衛,319:?,68:警衛
2026-09-24 15:52:51.636  INFO   session     Entity shadow: vision=8 {'player': 5, 'npc': 2, 'monster': 1} memory=28 {'npc': 6, 'player': 20, 'monster': 2} paired=4 median=0.037 unleveled=10:警衛,68:警衛
2026-09-24 15:52:51.916  INFO   decision    mode=traveling behavior=traveling action=traveling target=- reason='enter farm area' status=success (repeat)
2026-09-24 15:52:56.688  INFO   session     Entity shadow: vision=4 {'player': 1, 'monster': 2, 'npc': 1} memory=5 {'monster': 2, 'npc': 3} paired=0 median=0.000 unleveled=14:青蛙,10:警衛
2026-09-24 15:52:57.117  INFO   decision    mode=traveling behavior=loot action=searching target=215 reason='walk onto item' status=success
2026-09-24 15:53:01.968  INFO   session     Entity shadow: vision=2 {'player': 1, 'item': 1} memory=2 {'monster': 1, 'item': 1} paired=1 median=0.014 unleveled=14:青蛙
2026-09-24 15:53:03.094  INFO   decision    mode=traveling behavior=loot action=pickup target=215 reason='loot target' status=success
2026-09-24 15:53:03.446  INFO   decision    mode=traveling behavior=loot action=idle target=- reason='pickup settle' status=success
2026-09-24 15:53:03.797  INFO   decision    mode=traveling behavior=traveling action=traveling target=- reason='enter farm area' status=success
2026-09-24 15:53:04.666  INFO   decision    mode=traveling behavior=loot action=pickup target=215 reason='engage item' status=success
2026-09-24 15:53:04.986  INFO   decision    mode=traveling behavior=loot action=idle target=- reason='pickup settle' status=success
2026-09-24 15:53:05.486  INFO   decision    mode=traveling behavior=traveling action=traveling target=- reason='enter farm area' status=success
2026-09-24 15:53:06.220  INFO   decision    mode=traveling behavior=loot action=searching target=215 reason='walk onto item' status=success
2026-09-24 15:53:07.010  INFO   session     Entity shadow: vision=2 {'item': 1, 'player': 1} memory=2 {'monster': 1, 'item': 1} paired=1 median=0.008 unleveled=14:青蛙
2026-09-24 15:53:08.156  INFO   decision    mode=traveling behavior=loot action=pickup target=215 reason='loot target' status=success
2026-09-24 15:53:08.484  INFO   decision    mode=traveling behavior=loot action=idle target=- reason='pickup settle' status=success
2026-09-24 15:53:08.955  INFO   decision    mode=traveling behavior=traveling action=traveling target=- reason='enter farm area' status=success
2026-09-24 15:53:11.996  INFO   session     Entity shadow: vision=1 {'player': 1} memory=1 {'npc': 1} paired=0 median=0.000
2026-09-24 15:53:14.700  INFO   decision    mode=traveling behavior=combat action=attack target=224 reason='engage target' status=success
2026-09-24 15:53:17.141  INFO   session     Entity shadow: vision=3 {'player': 2, 'item': 1} memory=8 {'item': 2, 'monster': 1, 'npc': 5} paired=1 median=0.092
2026-09-24 15:53:20.340  INFO   decision    mode=traveling behavior=loot action=searching target=223 reason='walk onto item' status=success
2026-09-24 15:53:22.278  INFO   session     Entity shadow: vision=4 {'monster': 1, 'item': 3} memory=8 {'item': 3, 'npc': 5} paired=3 median=0.005
2026-09-24 15:53:26.481  INFO   decision    mode=traveling behavior=combat action=attack target=228 reason='engage target' status=success
2026-09-24 15:53:27.521  INFO   session     Entity shadow: vision=3 {'item': 2, 'monster': 1} memory=11 {'monster': 3, 'item': 3, 'npc': 5} paired=3 median=0.020
2026-09-24 15:53:30.595  INFO   decision    mode=traveling behavior=loot action=searching target=223 reason='walk onto item' status=success
2026-09-24 15:53:32.487  INFO   decision    mode=traveling behavior=loot action=pickup target=223 reason='loot target' status=success
2026-09-24 15:53:32.846  INFO   session     Entity shadow: vision=4 {'item': 3, 'player': 1} memory=8 {'player': 1, 'monster': 1, 'item': 3, 'npc': 3} paired=4 median=0.012
2026-09-24 15:53:32.885  INFO   decision    mode=traveling behavior=loot action=idle target=- reason='pickup settle' status=success
2026-09-24 15:53:33.217  INFO   decision    mode=traveling behavior=loot action=searching target=226 reason='walk onto item' status=success
2026-09-24 15:53:34.384  INFO   decision    mode=traveling behavior=loot action=pickup target=226 reason='loot target' status=success
2026-09-24 15:53:34.731  INFO   decision    mode=traveling behavior=loot action=idle target=- reason='pickup settle' status=success
2026-09-24 15:53:35.115  INFO   decision    mode=traveling behavior=loot action=searching target=230 reason='walk onto item' status=success
2026-09-24 15:53:37.871  INFO   session     Entity shadow: vision=1 {'item': 1} memory=4 {'monster': 3, 'item': 1} paired=1 median=0.011 unleveled=210:兔子,207:兔子
2026-09-24 15:53:38.460  INFO   decision    mode=traveling behavior=loot action=pickup target=230 reason='loot target' status=success
2026-09-24 15:53:38.785  INFO   decision    mode=traveling behavior=loot action=idle target=- reason='pickup settle' status=success
2026-09-24 15:53:39.302  INFO   decision    mode=traveling behavior=combat action=attack target=229 reason='engage target' status=success
2026-09-24 15:53:42.875  INFO   decision    mode=traveling behavior=loot action=searching target=235 reason='walk onto item' status=success
2026-09-24 15:53:43.153  INFO   session     Entity shadow: vision=3 {'player': 1, 'item': 2} memory=3 {'monster': 2, 'item': 1} paired=1 median=0.025 unleveled=210:兔子,207:兔子
2026-09-24 15:53:45.377  INFO   decision    mode=traveling behavior=loot action=pickup target=235 reason='loot target' status=success
2026-09-24 15:53:45.724  INFO   decision    mode=traveling behavior=loot action=idle target=- reason='pickup settle' status=success
2026-09-24 15:53:46.113  INFO   decision    mode=traveling behavior=traveling action=traveling target=- reason='enter farm area' status=success
2026-09-24 15:53:48.189  INFO   session     Entity shadow: vision=0 {} memory=1 {'monster': 1} paired=0 median=0.000 unleveled=189:鹿
2026-09-24 15:53:53.374  INFO   session     Entity shadow: vision=1 {'monster': 1} memory=1 {'monster': 1} paired=0 median=0.000 unleveled=189:鹿
2026-09-24 15:53:53.762  INFO   decision    mode=traveling behavior=combat action=attack target=237 reason='engage target' status=success
2026-09-24 15:53:58.441  INFO   session     Entity shadow: vision=3 {'player': 1, 'monster': 2} memory=3 {'monster': 3} paired=2 median=0.025 unleveled=189:鹿
2026-09-24 15:54:03.567  INFO   session     Entity shadow: vision=2 {'monster': 1, 'player': 1} memory=3 {'monster': 3} paired=1 median=0.024 unleveled=189:鹿
2026-09-24 15:54:05.884  INFO   decision    mode=traveling behavior=combat action=attack target=238 reason='engage target' status=success
2026-09-24 15:54:07.168  INFO   session     Paused — hotkey
2026-09-24 15:54:08.793  INFO   session     Hotkey resume → Running
2026-09-24 15:54:08.963  INFO   session     Entity shadow: vision=1 {'monster': 1} memory=2 {'monster': 2} paired=1 median=0.018 unleveled=189:鹿
2026-09-24 15:54:14.213  INFO   session     Entity shadow: vision=1 {'player': 1} memory=3 {'monster': 2, 'player': 1} paired=1 median=0.020 unleveled=189:鹿
2026-09-24 15:54:14.662  INFO   decision    mode=traveling behavior=traveling action=traveling target=- reason='enter farm area' status=success
2026-09-24 15:54:19.347  INFO   session     Entity shadow: vision=1 {'player': 1} memory=1 {'player': 1} paired=0 median=0.000
2026-09-24 15:54:23.436  INFO   decision    mode=traveling behavior=traveling action=traveling target=- reason='enter farm area' status=success (repeat)
2026-09-24 15:54:24.536  INFO   session     Entity shadow: vision=1 {'player': 1} memory=0 {} paired=0 median=0.000
2026-09-24 15:54:26.682  INFO   decision    mode=traveling behavior=combat action=attack target=241 reason='engage target' status=success
2026-09-24 15:54:29.587  INFO   session     Entity shadow: vision=2 {'player': 1, 'monster': 1} memory=2 {'monster': 2} paired=1 median=0.011 unleveled=189:鹿
2026-09-24 15:54:34.822  INFO   session     Entity shadow: vision=2 {'monster': 1, 'player': 1} memory=3 {'monster': 3} paired=1 median=0.018 unleveled=189:鹿
2026-09-24 15:54:39.172  INFO   decision    mode=traveling behavior=combat action=attack target=241 reason='attack target' status=success (repeat)
2026-09-24 15:54:39.701  INFO   decision    mode=traveling behavior=loot action=pickup target=243 reason='engage item' status=success
2026-09-24 15:54:40.060  INFO   session     Entity shadow: vision=2 {'item': 1, 'player': 1} memory=3 {'monster': 2, 'item': 1} paired=1 median=0.003 unleveled=189:鹿
2026-09-24 15:54:40.086  INFO   decision    mode=traveling behavior=loot action=idle target=- reason='pickup settle' status=success
2026-09-24 15:54:40.418  INFO   decision    mode=traveling behavior=combat action=attack target=242 reason='engage target' status=success
2026-09-24 15:54:45.133  INFO   session     Entity shadow: vision=2 {'player': 1, 'monster': 1} memory=1 {'monster': 1} paired=1 median=0.004
2026-09-24 15:54:50.060  INFO   decision    mode=traveling behavior=loot action=searching target=248 reason='walk onto item' status=success
2026-09-24 15:54:50.372  INFO   session     Entity shadow: vision=3 {'player': 1, 'item': 1, 'monster': 1} memory=5 {'monster': 3, 'item': 2} paired=2 median=0.005 unleveled=189:鹿,14:青蛙
2026-09-24 15:54:52.263  INFO   decision    mode=traveling behavior=loot action=pickup target=248 reason='loot target' status=success
2026-09-24 15:54:52.682  INFO   decision    mode=traveling behavior=loot action=idle target=- reason='pickup settle' status=success
2026-09-24 15:54:53.137  INFO   decision    mode=traveling behavior=loot action=searching target=249 reason='walk onto item' status=success
2026-09-24 15:54:55.339  INFO   decision    mode=traveling behavior=combat action=attack target=246 reason='engage target' status=success
2026-09-24 15:54:55.910  INFO   session     Entity shadow: vision=5 {'item': 2, 'player': 2, 'monster': 1} memory=6 {'player': 1, 'monster': 3, 'item': 2} paired=4 median=0.082 unleveled=14:青蛙,189:鹿
2026-09-24 15:54:57.368  INFO   decision    mode=traveling behavior=combat action=attack target=256 reason='attack target' status=success
2026-09-24 15:54:59.606  INFO   decision    mode=traveling behavior=loot action=pickup target=255 reason='engage item' status=success
2026-09-24 15:54:59.930  INFO   decision    mode=traveling behavior=loot action=idle target=- reason='pickup settle' status=success
2026-09-24 15:55:00.431  INFO   decision    mode=traveling behavior=traveling action=traveling target=- reason='enter farm area' status=success
2026-09-24 15:55:00.753  INFO   decision    mode=traveling behavior=combat action=attack target=258 reason='engage target' status=success
2026-09-24 15:55:01.205  INFO   session     Entity shadow: vision=1 {'player': 1} memory=1 {'monster': 1} paired=0 median=0.000 unleveled=189:鹿
2026-09-24 15:55:01.240  INFO   decision    mode=traveling behavior=traveling action=traveling target=- reason='enter farm area' status=success
2026-09-24 15:55:06.247  INFO   session     Entity shadow: vision=3 {'player': 3} memory=3 {'monster': 2, 'player': 1} paired=1 median=0.011 unleveled=14:青蛙,189:鹿
2026-09-24 15:55:09.825  INFO   decision    mode=traveling behavior=traveling action=traveling target=- reason='enter farm area' status=success (repeat)
2026-09-24 15:55:11.322  INFO   session     Entity shadow: vision=2 {'player': 2} memory=2 {'player': 1, 'monster': 1} paired=1 median=0.020 unleveled=189:鹿
2026-09-24 15:55:15.558  INFO   decision    mode=traveling behavior=combat action=attack target=261 reason='engage target' status=success
2026-09-24 15:55:16.458  INFO   session     Entity shadow: vision=2 {'player': 2} memory=2 {'player': 1, 'monster': 1} paired=1 median=0.023
2026-09-24 15:55:17.815  INFO   decision    mode=traveling behavior=loot action=searching target=262 reason='walk onto item' status=success
2026-09-24 15:55:21.678  INFO   session     Entity shadow: vision=4 {'player': 3, 'item': 1} memory=3 {'player': 2, 'item': 1} paired=3 median=0.022
2026-09-24 15:55:23.695  INFO   decision    mode=traveling behavior=loot action=pickup target=262 reason='loot target' status=success
2026-09-24 15:55:24.032  INFO   decision    mode=traveling behavior=loot action=idle target=- reason='pickup settle' status=success
2026-09-24 15:55:24.544  INFO   decision    mode=traveling behavior=loot action=searching target=265 reason='walk onto item' status=success
2026-09-24 15:55:26.857  INFO   session     Entity shadow: vision=2 {'monster': 1, 'item': 1} memory=2 {'item': 1, 'monster': 1} paired=2 median=0.014
2026-09-24 15:55:32.089  INFO   session     Entity shadow: vision=3 {'player': 2, 'item': 1} memory=3 {'player': 1, 'monster': 1, 'item': 1} paired=2 median=0.033
2026-09-24 15:55:34.684  INFO   decision    mode=traveling behavior=loot action=pickup target=265 reason='loot target' status=success
2026-09-24 15:55:35.033  INFO   decision    mode=traveling behavior=loot action=idle target=- reason='pickup settle' status=success
2026-09-24 15:55:35.486  INFO   decision    mode=traveling behavior=combat action=attack target=269 reason='engage target' status=success
2026-09-24 15:55:37.249  INFO   session     Entity shadow: vision=1 {'player': 1} memory=0 {} paired=0 median=0.000
2026-09-24 15:55:37.273  INFO   decision    mode=traveling behavior=traveling action=traveling target=- reason='enter farm area' status=success
2026-09-24 15:55:42.396  INFO   session     Entity shadow: vision=1 {'player': 1} memory=1 {'player': 1} paired=0 median=0.000
2026-09-24 15:55:44.993  INFO   decision    mode=traveling behavior=loot action=searching target=272 reason='walk onto item' status=success
2026-09-24 15:55:47.541  INFO   session     Entity shadow: vision=2 {'item': 1, 'player': 1} memory=3 {'player': 2, 'item': 1} paired=2 median=0.025
2026-09-24 15:55:52.600  INFO   session     Entity shadow: vision=3 {'player': 2, 'item': 1} memory=3 {'monster': 1, 'player': 1, 'item': 1} paired=2 median=0.028 unleveled=189:鹿
2026-09-24 15:55:53.751  INFO   decision    mode=traveling behavior=loot action=pickup target=272 reason='loot target' status=success
2026-09-24 15:55:54.136  INFO   decision    mode=traveling behavior=loot action=idle target=- reason='pickup settle' status=success
2026-09-24 15:55:54.489  INFO   decision    mode=traveling behavior=traveling action=traveling target=- reason='enter farm area' status=success
2026-09-24 15:55:55.239  INFO   decision    mode=traveling behavior=loot action=searching target=279 reason='walk onto item' status=success
2026-09-24 15:55:57.929  INFO   session     Entity shadow: vision=5 {'player': 3, 'item': 1, 'monster': 1} memory=3 {'player': 1, 'monster': 1, 'item': 1} paired=3 median=0.010
2026-09-24 15:56:02.946  INFO   session     Entity shadow: vision=6 {'player': 2, 'item': 2, 'monster': 2} memory=6 {'player': 1, 'monster': 3, 'item': 2} paired=5 median=0.044
2026-09-24 15:56:02.974  INFO   decision    mode=traveling behavior=loot action=pickup target=279 reason='loot target' status=success
2026-09-24 15:56:03.408  INFO   decision    mode=traveling behavior=loot action=idle target=- reason='pickup settle' status=success
2026-09-24 15:56:03.748  INFO   decision    mode=traveling behavior=loot action=searching target=284 reason='walk onto item' status=success
2026-09-24 15:56:07.924  INFO   decision    mode=traveling behavior=loot action=pickup target=284 reason='loot target' status=success
2026-09-24 15:56:08.336  INFO   session     Entity shadow: vision=6 {'player': 2, 'npc': 1, 'item': 1, 'monster': 2} memory=6 {'monster': 3, 'player': 1, 'npc': 1, 'item': 1} paired=5 median=0.016
2026-09-24 15:56:08.354  INFO   decision    mode=traveling behavior=loot action=idle target=- reason='pickup settle' status=success
2026-09-24 15:56:08.673  INFO   decision    mode=traveling behavior=combat action=attack target=287 reason='engage target' status=success
2026-09-24 15:56:13.603  INFO   session     Entity shadow: vision=5 {'npc': 1, 'monster': 2, 'player': 1, 'item': 1} memory=5 {'player': 1, 'monster': 3, 'npc': 1} paired=3 median=0.019
2026-09-24 15:56:13.904  INFO   decision    mode=traveling behavior=loot action=pickup target=289 reason='engage item' status=success
2026-09-24 15:56:14.263  INFO   decision    mode=traveling behavior=loot action=idle target=- reason='pickup settle' status=success
2026-09-24 15:56:14.616  INFO   decision    mode=traveling behavior=traveling action=traveling target=- reason='enter farm area' status=success
2026-09-24 15:56:15.526  INFO   decision    mode=traveling behavior=loot action=pickup target=289 reason='engage item' status=success
2026-09-24 15:56:15.834  INFO   decision    mode=traveling behavior=loot action=idle target=- reason='pickup settle' status=success
2026-09-24 15:56:16.309  INFO   decision    mode=traveling behavior=traveling action=traveling target=- reason='enter farm area' status=success
2026-09-24 15:56:18.705  INFO   session     Entity shadow: vision=2 {'player': 1, 'npc': 1} memory=0 {} paired=0 median=0.000
2026-09-24 15:56:23.523  INFO   decision    mode=traveling behavior=combat action=attack target=290 reason='engage target' status=success
2026-09-24 15:56:23.984  INFO   session     Entity shadow: vision=2 {'monster': 2} memory=1 {'monster': 1} paired=1 median=0.014
2026-09-24 15:56:24.750  INFO   decision    mode=traveling behavior=loot action=searching target=291 reason='walk onto item' status=success
2026-09-24 15:56:28.997  INFO   session     Entity shadow: vision=2 {'player': 1, 'item': 1} memory=1 {'item': 1} paired=1 median=0.007
2026-09-24 15:56:31.396  INFO   decision    mode=traveling behavior=loot action=pickup target=291 reason='loot target' status=success
2026-09-24 15:56:31.721  INFO   decision    mode=traveling behavior=loot action=idle target=- reason='pickup settle' status=success
2026-09-24 15:56:32.141  INFO   decision    mode=traveling behavior=traveling action=traveling target=- reason='enter farm area' status=success
2026-09-24 15:56:34.074  INFO   session     Entity shadow: vision=1 {'player': 1} memory=1 {'monster': 1} paired=0 median=0.000 unleveled=189:鹿
2026-09-24 15:56:39.256  INFO   session     Entity shadow: vision=2 {'player': 1, 'monster': 1} memory=0 {} paired=0 median=0.000
2026-09-24 15:56:40.022  INFO   decision    mode=traveling behavior=traveling action=traveling target=- reason='enter farm area' status=success (repeat)
2026-09-24 15:56:41.235  INFO   decision    mode=traveling behavior=loot action=searching target=293 reason='walk onto item' status=success
2026-09-24 15:56:44.293  INFO   session     Entity shadow: vision=2 {'player': 1, 'item': 1} memory=1 {'item': 1} paired=1 median=0.001
2026-09-24 15:56:49.325  INFO   session     Entity shadow: vision=2 {'player': 1, 'item': 1} memory=2 {'monster': 1, 'item': 1} paired=1 median=0.008
2026-09-24 15:56:50.410  INFO   decision    mode=traveling behavior=loot action=pickup target=293 reason='loot target' status=success
2026-09-24 15:56:50.735  INFO   decision    mode=traveling behavior=loot action=idle target=- reason='pickup settle' status=success
2026-09-24 15:56:51.202  INFO   decision    mode=traveling behavior=combat action=attack target=294 reason='engage target' status=success
2026-09-24 15:56:54.425  INFO   session     Entity shadow: vision=0 {} memory=1 {'monster': 1} paired=0 median=0.000
2026-09-24 15:56:59.640  INFO   session     Entity shadow: vision=1 {'player': 1} memory=1 {'monster': 1} paired=0 median=0.000
2026-09-24 15:57:01.564  INFO   decision    mode=traveling behavior=combat action=attack target=294 reason='attack target' status=success (repeat)
2026-09-24 15:57:01.799  INFO   decision    mode=traveling behavior=traveling action=traveling target=- reason='enter farm area' status=success
2026-09-24 15:57:04.740  INFO   session     Entity shadow: vision=1 {'player': 1} memory=0 {} paired=0 median=0.000
2026-09-24 15:57:08.492  INFO   decision    mode=traveling behavior=loot action=searching target=297 reason='walk onto item' status=success
2026-09-24 15:57:09.951  INFO   session     Entity shadow: vision=2 {'player': 1, 'item': 1} memory=1 {'item': 1} paired=1 median=0.020
2026-09-24 15:57:13.840  INFO   decision    mode=traveling behavior=loot action=pickup target=297 reason='loot target' status=success
2026-09-24 15:57:14.148  INFO   decision    mode=traveling behavior=loot action=idle target=- reason='pickup settle' status=success
2026-09-24 15:57:14.598  INFO   decision    mode=traveling behavior=loot action=searching target=299 reason='walk onto item' status=success
2026-09-24 15:57:15.104  INFO   session     Entity shadow: vision=2 {'item': 1, 'player': 1} memory=3 {'item': 2, 'monster': 1} paired=1 median=0.013
2026-09-24 15:57:20.272  INFO   session     Entity shadow: vision=2 {'monster': 1, 'item': 1} memory=2 {'monster': 1, 'item': 1} paired=1 median=0.012
2026-09-24 15:57:22.867  INFO   decision    mode=traveling behavior=loot action=pickup target=299 reason='loot target' status=success
2026-09-24 15:57:23.241  INFO   decision    mode=traveling behavior=loot action=idle target=- reason='pickup settle' status=success
2026-09-24 15:57:23.597  INFO   decision    mode=traveling behavior=combat action=attack target=304 reason='engage target' status=success
2026-09-24 15:57:25.439  INFO   session     Entity shadow: vision=4 {'player': 2, 'monster': 2} memory=3 {'monster': 3} paired=2 median=0.043
2026-09-24 15:57:26.617  INFO   decision    mode=traveling behavior=combat action=attack target=303 reason='engage target' status=success
2026-09-24 15:57:28.480  INFO   decision    mode=traveling behavior=combat action=attack target=305 reason='engage target' status=success
2026-09-24 15:57:30.607  INFO   session     Entity shadow: vision=4 {'monster': 3, 'player': 1} memory=3 {'monster': 3} paired=1 median=0.036
2026-09-24 15:57:31.074  INFO   decision    mode=traveling behavior=traveling action=traveling target=- reason='enter farm area' status=success
2026-09-24 15:57:35.633  INFO   session     Entity shadow: vision=3 {'monster': 2, 'player': 1} memory=2 {'player': 1, 'monster': 1} paired=2 median=0.038
2026-09-24 15:57:38.372  INFO   decision    mode=traveling behavior=combat action=attack target=309 reason='engage target' status=success
2026-09-24 15:57:39.558  INFO   decision    mode=traveling behavior=traveling action=traveling target=- reason='enter farm area' status=success
2026-09-24 15:57:40.716  INFO   session     Entity shadow: vision=4 {'player': 3, 'monster': 1} memory=2 {'player': 1, 'monster': 1} paired=2 median=0.016
2026-09-24 15:57:45.827  INFO   session     Entity shadow: vision=3 {'player': 2, 'monster': 1} memory=2 {'player': 1, 'monster': 1} paired=2 median=0.023
2026-09-24 15:57:48.006  INFO   decision    mode=traveling behavior=traveling action=traveling target=- reason='enter farm area' status=success (repeat)
2026-09-24 15:57:50.944  INFO   session     Entity shadow: vision=2 {'player': 2} memory=1 {'player': 1} paired=1 median=0.032
2026-09-24 15:57:55.608  INFO   decision    mode=traveling behavior=traveling action=traveling target=- reason='enter farm area' status=success (repeat)
2026-09-24 15:57:56.018  INFO   session     Entity shadow: vision=1 {'player': 1} memory=0 {} paired=0 median=0.000
2026-09-24 15:57:56.180  INFO   decision    mode=farming behavior=search action=searching target=- reason='search area' status=success
2026-09-24 15:58:01.117  INFO   session     Entity shadow: vision=1 {'player': 1} memory=0 {} paired=0 median=0.000
2026-09-24 15:58:03.824  INFO   decision    mode=farming behavior=search action=searching target=- reason='search area' status=success (repeat)
2026-09-24 15:58:06.168  INFO   session     Entity shadow: vision=1 {'player': 1} memory=1 {'player': 1} paired=1 median=0.017
2026-09-24 15:58:11.274  INFO   session     Entity shadow: vision=2 {'player': 2} memory=1 {'player': 1} paired=1 median=0.021
2026-09-24 15:58:11.441  INFO   decision    mode=farming behavior=search action=searching target=- reason='search area' status=success (repeat)
2026-09-24 15:58:16.371  INFO   session     Entity shadow: vision=1 {'player': 1} memory=2 {'monster': 2} paired=0 median=0.000 unleveled=207:兔子,210:兔子
2026-09-24 15:58:16.921  INFO   session     Paused — hotkey
2026-09-24 15:58:26.320  INFO   session     Stop → Stopped
2026-09-24 15:58:26.558  INFO   session     Bot worker exited
