2026-09-29 23:09:57.201  INFO   session     Loading Manmabot from D:\KRR\1.LCBot\ManmabotV1_final\engine
2026-09-29 23:09:57.235  INFO   session     Session log D:\KRR\1.LCBot\ManmabotV1_final\engine\logs\bot-20260929-230957.log
2026-09-29 23:09:57.249  INFO   session     character=elf loot=all_items game_lang=ko map=talking_island farms=['area_1', 'area_3'] file=D:\KRR\1.LCBot\ManmabotV1_final\engine\logs\bot-20260929-230957.log
2026-09-29 23:09:57.633  INFO   nav         building portal graph (cluster=32, 512x576)
2026-09-29 23:09:58.292  INFO   nav         portal graph: 189 components, 659 ms
2026-09-29 23:09:58.554  INFO   nav         farms=2 safe=11 home=(385, 246) (files farm=D:\KRR\1.LCBot\ManmabotV1_final\engine\maps\talking_island\farms.yaml safe=D:\KRR\1.LCBot\ManmabotV1_final\engine\maps\talking_island\safe.yaml home=D:\KRR\1.LCBot\ManmabotV1_final\engine\maps\talking_island\home.yaml)
2026-09-29 23:09:58.938  INFO   capture     mss window capture process='LC.exe' title=None content_aspect=4:3
2026-09-29 23:09:59.718  INFO   session     Entity clicks use memory names, species, and world cells. Image recognition still runs. Set memory.entity_source to vision to restore image-only clicks.
2026-09-29 23:09:59.776  INFO   session     Player memory is read in this process (realtime_monitor.dll, offsets.json). No separate console.
2026-09-29 23:09:59.812  INFO   session     인벤토리 수신 시작 · inv.json 시드 · hp=42 화살=9151 은화살=0 해독=0 (백그라운드 실시간 스캔)
2026-09-29 23:10:00.121  INFO   session     메모리에서 핫바 24칸을 읽는 중…
2026-09-29 23:10:00.802  INFO   session     핫바 스캔 완료 · 파워 업@box1/f5, 아머 업@box1/f6, 라이트@box1/f7, 힐@box1/f8, HP 물약@box2/f9, 텔레포트@box1/f10, 마법 공격@box1/f12, 말하는 두루마리@box2/f5, 마더 트리@box2/f6, HP를 MP로@box2/f7
2026-09-29 23:10:00.970  INFO   session     매핑되지 않은 핫바 아이콘: box1/f8:SPELL, box1/f11:아데나, box1/f12:화살, box2/f10:상쾌한 빨간 물약, box2/f12:속도향상 물약, box3/f10:SPELL
2026-09-29 23:10:01.320  INFO   session     루프 준비 · 요정 · 한국어 · 맵=말하는 섬 · 룻=전부 줍기 · 구역=구역 1, 구역 3
2026-09-29 23:10:01.831  INFO   session     Entity shadow: vision=4 {'monster': 3, 'player': 1} memory=6 {'monster': 6} paired=3 median=0.005 unleveled=189:鹿,68:警衛
2026-09-29 23:10:01.991  INFO   session     인벤토리 수신 준비 (dll) · hp=42 화살=9125 은화살=0 해독=0
2026-09-29 23:10:02.066  INFO   combat      farm branch=screen_combat id=5 dist=1
2026-09-29 23:10:02.336  INFO   combat      engage id=5 species=monster_좀비_6 rel=(1,0)
2026-09-29 23:10:02.348  INFO   decision    mode=farming goal=combat action=attack target=5 sticky=5 origin=(336,324) shop=0 scrolled=0 reason='screen engage' status=success
2026-09-29 23:10:03.133  INFO   combat      farm branch=sticky id=5 dist=1
2026-09-29 23:10:03.642  INFO   combat      farm branch=sticky id=5 dist=1
2026-09-29 23:10:04.239  INFO   combat      farm branch=sticky id=5 dist=1
2026-09-29 23:10:04.733  INFO   combat      farm branch=sticky id=5 dist=1
2026-09-29 23:10:05.146  INFO   combat      farm branch=sticky id=5 dist=1
2026-09-29 23:10:05.769  INFO   combat      farm branch=sticky id=5 dist=1
2026-09-29 23:10:06.240  INFO   combat      farm branch=sticky id=5 dist=1
2026-09-29 23:10:07.038  INFO   combat      farm branch=sticky id=5 dist=1
2026-09-29 23:10:07.736  INFO   session     Entity shadow: vision=5 {'monster': 2, 'player': 1, 'item': 1, 'npc': 1} memory=6 {'monster': 5, 'item': 1} paired=3 median=0.004 unleveled=189:鹿,68:警衛
2026-09-29 23:10:07.867  INFO   combat      farm branch=screen_combat id=6 dist=5
2026-09-29 23:10:07.883  INFO   combat      engage id=6 species=monster_그렘린_4 rel=(5,-2)
2026-09-29 23:10:07.894  INFO   decision    mode=farming goal=combat action=attack target=6 sticky=6 origin=(336,324) shop=0 scrolled=0 reason='screen engage' status=success
2026-09-29 23:10:08.411  INFO   combat      farm branch=sticky id=6 dist=5
2026-09-29 23:10:09.015  INFO   combat      farm branch=screen_combat id=4 dist=8
2026-09-29 23:10:09.179  INFO   combat      engage id=4 species=monster_오크_2 rel=(4,-8)
2026-09-29 23:10:09.192  INFO   decision    mode=farming goal=combat action=attack target=4 sticky=4 origin=(336,324) shop=0 scrolled=0 reason='screen engage' status=success
2026-09-29 23:10:09.675  INFO   combat      farm branch=sticky id=4 dist=7
2026-09-29 23:10:10.093  INFO   combat      farm branch=sticky id=4 dist=7
2026-09-29 23:10:10.631  INFO   combat      farm branch=sticky id=4 dist=5
2026-09-29 23:10:11.167  INFO   combat      farm branch=sticky id=4 dist=4
2026-09-29 23:10:11.568  INFO   combat      farm branch=sticky id=4 dist=2
2026-09-29 23:10:12.183  INFO   search      farm branch=none (wander/search next)
2026-09-29 23:10:12.336  INFO   travel      return/enter farm needed at (339,321)
2026-09-29 23:10:12.392  INFO   search      farm branch=none (wander/search next)
2026-09-29 23:10:12.467  INFO   travel      hop begin wp=(335, 333) purpose=enter_farm reason=enter farm area
2026-09-29 23:10:12.468  INFO   decision    mode=traveling goal=traveling action=traveling target=- sticky=- origin=(339,321) shop=0 scrolled=0 reason='enter farm area' status=success
2026-09-29 23:10:12.853  INFO   session     Entity shadow: vision=4 {'player': 1, 'item': 2, 'monster': 1} memory=3 {'item': 2, 'monster': 1} paired=2 median=0.036 unleveled=189:鹿
2026-09-29 23:10:13.049  INFO   search      farm branch=none (wander/search next)
2026-09-29 23:10:14.014  INFO   combat      farm branch=screen_combat id=9 dist=17
2026-09-29 23:10:14.186  INFO   combat      engage id=9 species=monster_고블린_2 rel=(-4,17)
2026-09-29 23:10:14.198  INFO   decision    mode=traveling goal=combat action=attack target=9 sticky=9 origin=(338,319) shop=0 scrolled=0 reason='screen engage' status=success
2026-09-29 23:10:14.683  INFO   combat      farm branch=sticky id=9 dist=15
2026-09-29 23:10:15.097  INFO   combat      farm branch=sticky id=9 dist=15
2026-09-29 23:10:15.484  INFO   combat      farm branch=sticky id=9 dist=13
2026-09-29 23:10:15.961  INFO   combat      farm branch=sticky id=9 dist=13
2026-09-29 23:10:16.546  INFO   combat      farm branch=sticky id=9 dist=12
2026-09-29 23:10:17.078  INFO   combat      farm branch=sticky id=9 dist=13
2026-09-29 23:10:17.657  INFO   combat      farm branch=sticky id=9 dist=11
2026-09-29 23:10:17.979  INFO   session     Entity shadow: vision=4 {'item': 1, 'npc': 1, 'player': 1, 'monster': 1} memory=6 {'monster': 4, 'item': 2} paired=2 median=0.019 unleveled=189:鹿,68:警衛
2026-09-29 23:10:18.325  INFO   combat      farm branch=sticky id=9 dist=12
2026-09-29 23:10:18.763  INFO   search      farm branch=none (wander/search next)
2026-09-29 23:10:18.872  INFO   travel      hop begin wp=(335, 342) purpose=enter_farm reason=enter farm area
2026-09-29 23:10:18.876  INFO   decision    mode=traveling goal=traveling action=traveling target=- sticky=- origin=(335,328) shop=0 scrolled=0 reason='enter farm area' status=success
2026-09-29 23:10:19.344  INFO   search      farm branch=none (wander/search next)
2026-09-29 23:10:19.629  INFO   search      farm branch=none (wander/search next)
2026-09-29 23:10:20.503  INFO   combat      farm branch=screen_combat id=13 dist=12
2026-09-29 23:10:20.867  INFO   combat      engage id=13 species=monster_오크_2 rel=(-4,12)
2026-09-29 23:10:21.108  INFO   decision    mode=traveling goal=combat action=attack target=13 sticky=13 origin=(334,330) shop=0 scrolled=0 reason='screen engage' status=success
2026-09-29 23:10:21.269  INFO   session     일시정지 — 단축키
2026-09-29 23:10:21.497  INFO   action      cursor reject id=13 item=false reason=cursor reject
2026-09-29 23:10:25.284  INFO   session     일시정지 / 재개 → 실행 중
2026-09-29 23:10:25.693  INFO   combat      farm branch=sticky id=13 dist=4
2026-09-29 23:10:26.032  INFO   combat      farm branch=sticky id=13 dist=4
2026-09-29 23:10:26.764  INFO   combat      farm branch=sticky id=13 dist=4
2026-09-29 23:10:27.326  INFO   session     일시정지 — 단축키
2026-09-29 23:10:29.234  INFO   session     일시정지 / 재개 → 실행 중
2026-09-29 23:10:29.567  INFO   combat      farm branch=screen_combat id=12 dist=1
2026-09-29 23:10:29.802  INFO   combat      engage id=12 species=monster_오크 전사_8 rel=(1,1)
2026-09-29 23:10:29.819  INFO   decision    mode=traveling goal=combat action=attack target=12 sticky=12 origin=(332,342) shop=0 scrolled=0 reason='screen engage' status=success
2026-09-29 23:10:30.306  INFO   combat      farm branch=sticky id=12 dist=1
2026-09-29 23:10:30.627  INFO   combat      farm branch=sticky id=12 dist=1
2026-09-29 23:10:31.110  INFO   combat      farm branch=sticky id=12 dist=1
2026-09-29 23:10:31.702  INFO   combat      farm branch=screen_combat id=14 dist=1
2026-09-29 23:10:31.879  INFO   combat      engage id=14 species=monster_고블린_2 rel=(0,-1)
2026-09-29 23:10:31.893  INFO   decision    mode=traveling goal=combat action=attack target=14 sticky=14 origin=(332,342) shop=0 scrolled=0 reason='screen engage' status=success
2026-09-29 23:10:31.934  INFO   session     일시정지 — 단축키
2026-09-29 23:10:52.077  INFO   session     재개 → 실행 중
2026-09-29 23:10:52.613  INFO   combat      farm branch=sticky id=16 dist=1
2026-09-29 23:10:53.173  INFO   decision    mode=traveling goal=combat action=attack target=16 sticky=16 origin=(332,342) shop=0 scrolled=0 reason='attack target' status=success
2026-09-29 23:10:53.257  INFO   session     정지 → 중지됨
