2026-09-29 19:42:01.846  INFO   session     Loading Manmabot from D:\KRR\1.LCBot\ManmabotV1_final\engine
2026-09-29 19:42:01.883  INFO   session     Session log D:\KRR\1.LCBot\ManmabotV1_final\engine\logs\bot-20260929-194201.log
2026-09-29 19:42:01.898  INFO   session     character=elf loot=adena_only game_lang=ko map=talking_island farms=['area_1', 'area_3'] file=D:\KRR\1.LCBot\ManmabotV1_final\engine\logs\bot-20260929-194201.log
2026-09-29 19:42:02.433  INFO   nav         building portal graph (cluster=32, 512x576)
2026-09-29 19:42:03.135  INFO   nav         portal graph: 189 components, 702 ms
2026-09-29 19:42:03.341  INFO   nav         farms=2 safe=11 home=(385, 246) (files farm=D:\KRR\1.LCBot\ManmabotV1_final\engine\maps\talking_island\farms.yaml safe=D:\KRR\1.LCBot\ManmabotV1_final\engine\maps\talking_island\safe.yaml home=D:\KRR\1.LCBot\ManmabotV1_final\engine\maps\talking_island\home.yaml)
2026-09-29 19:42:03.755  INFO   capture     mss window capture process='LC.exe' title=None content_aspect=4:3
2026-09-29 19:42:04.680  INFO   session     Entity clicks use memory names, species, and world cells. Image recognition still runs. Set memory.entity_source to vision to restore image-only clicks.
2026-09-29 19:42:04.761  INFO   session     Player memory is read in this process (realtime_monitor.dll, offsets.json). No separate console.
2026-09-29 19:42:04.796  INFO   session     Inventory listen scanning in background (inventory_listen.dll or place inv.json).
2026-09-29 19:42:04.842  INFO   session     Reading hotbar from memory (24 slots)…
2026-09-29 19:42:05.607  INFO   session     Hotbar scan done · Power-up@box1/f5, Armor-up@box1/f6, Light@box1/f7, Heal@box1/f8, HP potion@box2/f9, Teleport@box1/f10, Mage attack@box1/f12, Talking scroll@box2/f5, Mother tree@box2/f6, HP to MP@box2/f7
2026-09-29 19:42:05.752  INFO   session     Unmapped hotbar icons: box1/f8:SPELL, box1/f11:Adena, box1/f12:Arrow, box2/f10:Silver Arrow, box2/f12:속도향상 물약, box3/f10:SPELL
2026-09-29 19:42:05.866  INFO   session     Loop ready · Elf · Korean · map=Talking Island · loot=Adená only · farms=Area 1, Area 3
2026-09-29 19:42:07.081  INFO   session     Entity shadow: vision=25 {'player': 23, 'npc': 2} memory=42 {'player': 34, 'npc': 6, 'monster': 2} paired=24 median=0.036 unleveled=319:?,68:경비병
2026-09-29 19:42:07.159  INFO   session     Inventory listen ready (dll) · hp=42 arrows=9211 silver=0 depoison=0
2026-09-29 19:42:07.218  INFO   search      farm branch=none (wander/search next)
2026-09-29 19:42:07.390  INFO   travel      return/enter farm needed at (324,225)
2026-09-29 19:42:07.413  INFO   search      farm branch=none (wander/search next)
2026-09-29 19:42:07.454  INFO   travel      hop begin wp=(327, 236) purpose=enter_farm reason=enter farm area
2026-09-29 19:42:07.461  INFO   decision    mode=traveling goal=traveling action=traveling target=- sticky=- origin=(324,225) shop=0 scrolled=0 reason='enter farm area' status=success
2026-09-29 19:42:07.542  INFO   session     Paused — hotkey
2026-09-29 19:42:07.682  INFO   action      travel click failed (no NORMAL in ring) travel=True search=False loot=False
2026-09-29 19:42:34.953  INFO   session     Resume → Running
2026-09-29 19:42:36.412  INFO   session     Entity shadow: vision=21 {'player': 18, 'npc': 3} memory=31 {'monster': 1, 'player': 24, 'npc': 6} paired=19 median=0.036 unleveled=10:경비병
2026-09-29 19:42:37.597  INFO   search      farm branch=none (wander/search next)
2026-09-29 19:42:38.419  INFO   travel      hop begin wp=(338, 243) purpose=enter_farm reason=enter farm area
2026-09-29 19:42:39.511  INFO   session     Paused — hotkey
2026-09-29 19:42:48.792  INFO   session     Pause / Resume → Running
2026-09-29 19:42:50.216  INFO   session     Entity shadow: vision=7 {'player': 5, 'npc': 2} memory=12 {'monster': 1, 'npc': 5, 'player': 6} paired=7 median=0.026 unleveled=68:경비병
2026-09-29 19:42:51.937  INFO   search      farm branch=none (wander/search next)
2026-09-29 19:42:52.638  INFO   travel      hop arrive wp=(338, 243) purpose=enter_farm
2026-09-29 19:42:53.493  INFO   travel      hop begin wp=(348, 239) purpose=enter_farm reason=enter farm area
2026-09-29 19:42:54.458  INFO   search      farm branch=none (wander/search next)
2026-09-29 19:42:56.599  INFO   session     Entity shadow: vision=8 {'player': 5, 'npc': 2, 'item': 1} memory=13 {'monster': 1, 'npc': 5, 'player': 7} paired=7 median=0.024 unleveled=68:경비병
2026-09-29 19:42:57.843  INFO   search      farm branch=none (wander/search next)
2026-09-29 19:42:59.414  INFO   travel      hop begin wp=(348, 239) purpose=enter_farm reason=enter farm area
2026-09-29 19:43:00.497  INFO   search      farm branch=none (wander/search next)
2026-09-29 19:43:01.459  INFO   session     Entity shadow: vision=14 {'player': 10, 'npc': 3, 'monster': 1} memory=16 {'player': 11, 'npc': 5} paired=11 median=0.067
2026-09-29 19:43:02.050  INFO   search      farm branch=none (wander/search next)
2026-09-29 19:43:02.378  INFO   travel      hop begin wp=(348, 239) purpose=enter_farm reason=enter farm area
2026-09-29 19:43:03.196  INFO   session     Paused — hotkey
2026-09-29 19:43:04.979  INFO   session     Resume → Running
2026-09-29 19:43:06.739  INFO   search      farm branch=none (wander/search next)
2026-09-29 19:43:08.498  INFO   travel      hop begin wp=(348, 239) purpose=enter_farm reason=enter farm area
2026-09-29 19:43:09.655  INFO   session     Entity shadow: vision=4 {'player': 2, 'npc': 2} memory=3 {'monster': 2, 'player': 1} paired=1 median=0.066 unleveled=68:경비병,10:경비병
2026-09-29 19:43:10.200  INFO   search      farm branch=none (wander/search next)
2026-09-29 19:43:10.471  INFO   travel      hop arrive wp=(348, 239) purpose=enter_farm
2026-09-29 19:43:10.966  INFO   travel      hop begin wp=(350, 250) purpose=enter_farm reason=enter farm area
2026-09-29 19:43:11.839  INFO   search      farm branch=none (wander/search next)
2026-09-29 19:43:13.453  INFO   session     Paused — hotkey
2026-09-29 19:44:15.747  INFO   session     Resume → Running
2026-09-29 19:44:16.588  INFO   session     Entity shadow: vision=16 {'player': 12, 'npc': 4} memory=33 {'player': 25, 'monster': 2, 'npc': 6} paired=13 median=0.025 unleveled=10:경비병
2026-09-29 19:44:17.330  INFO   search      farm branch=none (wander/search next)
2026-09-29 19:44:18.252  INFO   travel      hop begin wp=(348, 239) purpose=enter_farm reason=enter farm area
2026-09-29 19:44:19.390  INFO   search      farm branch=none (wander/search next)
2026-09-29 19:44:20.716  INFO   search      farm branch=none (wander/search next)
2026-09-29 19:44:20.768  INFO   travel      hop begin wp=(346, 240) purpose=enter_farm reason=enter farm area
2026-09-29 19:44:21.652  INFO   session     Entity shadow: vision=18 {'player': 14, 'npc': 3, 'monster': 1} memory=23 {'player': 14, 'npc': 8, 'monster': 1} paired=14 median=0.057 unleveled=10:경비병
2026-09-29 19:44:21.869  INFO   search      farm branch=none (wander/search next)
2026-09-29 19:44:23.032  INFO   search      farm branch=none (wander/search next)
2026-09-29 19:44:23.555  INFO   travel      hop begin wp=(348, 239) purpose=enter_farm reason=enter farm area
2026-09-29 19:44:24.492  INFO   search      farm branch=none (wander/search next)
2026-09-29 19:44:25.810  INFO   search      farm branch=none (wander/search next)
2026-09-29 19:44:26.405  INFO   travel      hop begin wp=(348, 239) purpose=enter_farm reason=enter farm area
2026-09-29 19:44:27.158  INFO   session     Entity shadow: vision=7 {'player': 4, 'npc': 3} memory=20 {'monster': 4, 'npc': 3, 'player': 13} paired=4 median=0.072 unleveled=206:토끼,10:경비병,68:경비병
2026-09-29 19:44:27.287  INFO   search      farm branch=none (wander/search next)
2026-09-29 19:44:27.875  INFO   search      farm branch=none (wander/search next)
2026-09-29 19:44:27.923  INFO   travel      hop arrive wp=(348, 239) purpose=enter_farm
2026-09-29 19:44:28.123  INFO   travel      hop begin wp=(348, 239) purpose=enter_farm reason=enter farm area
2026-09-29 19:44:29.185  INFO   search      farm branch=none (wander/search next)
2026-09-29 19:44:29.696  INFO   travel      hop arrive wp=(348, 239) purpose=enter_farm
2026-09-29 19:44:29.727  INFO   travel      hop begin wp=(345, 238) purpose=enter_farm reason=enter farm, walk around
2026-09-29 19:44:30.632  INFO   search      farm branch=none (wander/search next)
2026-09-29 19:44:31.854  INFO   search      farm branch=none (wander/search next)
2026-09-29 19:44:31.869  INFO   travel      hop begin wp=(345, 237) purpose=enter_farm reason=enter farm, walk around
2026-09-29 19:44:32.715  INFO   session     Entity shadow: vision=5 {'player': 2, 'npc': 3} memory=18 {'npc': 3, 'monster': 3, 'player': 12} paired=2 median=0.045 unleveled=206:토끼,68:경비병,10:경비병
2026-09-29 19:44:33.314  INFO   search      farm branch=none (wander/search next)
2026-09-29 19:44:33.863  INFO   search      farm branch=none (wander/search next)
2026-09-29 19:44:34.241  INFO   travel      hop arrive wp=(345, 237) purpose=enter_farm
2026-09-29 19:44:34.305  INFO   travel      hop begin wp=(348, 239) purpose=enter_farm reason=enter farm area
2026-09-29 19:44:35.563  INFO   search      farm branch=none (wander/search next)
2026-09-29 19:44:36.120  INFO   search      farm branch=none (wander/search next)
2026-09-29 19:44:36.676  INFO   search      farm branch=none (wander/search next)
2026-09-29 19:44:36.793  INFO   travel      hop begin wp=(348, 239) purpose=enter_farm reason=enter farm area
2026-09-29 19:44:37.867  INFO   search      farm branch=none (wander/search next)
2026-09-29 19:44:39.138  INFO   session     Entity shadow: vision=4 {'player': 3, 'npc': 1} memory=21 {'monster': 4, 'npc': 3, 'player': 14} paired=2 median=0.043 unleveled=206:토끼,14:개구리,68:경비병,10:경비병
2026-09-29 19:44:39.758  INFO   search      farm branch=none (wander/search next)
2026-09-29 19:44:39.926  INFO   travel      hop begin wp=(348, 239) purpose=enter_farm reason=enter farm area
2026-09-29 19:44:41.073  INFO   search      farm branch=none (wander/search next)
2026-09-29 19:44:41.618  INFO   travel      hop arrive wp=(348, 239) purpose=enter_farm
2026-09-29 19:44:41.703  INFO   travel      hop begin wp=(348, 239) purpose=enter_farm reason=enter farm area
2026-09-29 19:44:42.470  INFO   search      farm branch=none (wander/search next)
2026-09-29 19:44:42.567  INFO   travel      hop arrive wp=(348, 239) purpose=enter_farm
2026-09-29 19:44:42.579  INFO   travel      hop begin wp=(345, 238) purpose=enter_farm reason=enter farm, walk around
2026-09-29 19:44:43.535  INFO   search      farm branch=none (wander/search next)
2026-09-29 19:44:45.446  INFO   session     Entity shadow: vision=4 {'npc': 2, 'player': 2} memory=5 {'npc': 1, 'monster': 4} paired=0 median=0.000 unleveled=14:개구리,206:토끼,68:경비병,10:경비병
2026-09-29 19:44:45.675  INFO   search      farm branch=none (wander/search next)
2026-09-29 19:44:46.294  INFO   travel      hop begin wp=(350, 254) purpose=enter_farm reason=enter farm area
2026-09-29 19:44:47.026  INFO   nav         unstick TP skipped: mana reserve
2026-09-29 19:44:47.161  INFO   nav         talking scroll emit spot=ti_spellbook purpose= reason=unstick confined
2026-09-29 19:44:47.327  INFO   nav         confined escape fired (bubble timeout)
2026-09-29 19:44:47.351  INFO   decision    mode=traveling goal=talking_scroll action=use_talking_scroll target=- sticky=- origin=(351,239) shop=0 scrolled=0 reason='unstick confined' status=success
2026-09-29 19:44:49.912  INFO   session     Entity shadow: vision=2 {'npc': 2} memory=0 {} paired=0 median=0.000
2026-09-29 19:44:50.983  INFO   search      farm branch=none (wander/search next)
2026-09-29 19:44:51.900  INFO   travel      hop begin wp=(345, 243) purpose=enter_farm reason=enter farm, walk around
2026-09-29 19:44:52.060  INFO   decision    mode=traveling goal=traveling action=traveling target=- sticky=- origin=(350,244) shop=0 scrolled=0 reason='enter farm, walk around' status=success
2026-09-29 19:44:52.822  INFO   loot        begin_loot_item id=167
2026-09-29 19:44:52.929  INFO   loot        approach hop item=167 wp=(303, 391) reason=walk onto item
2026-09-29 19:44:52.938  INFO   loot        farm branch=loot item_id=167
2026-09-29 19:44:53.024  INFO   decision    mode=traveling goal=loot action=searching target=167 sticky=- origin=(304,384) shop=0 scrolled=0 reason='walk onto item' status=success
2026-09-29 19:44:54.167  INFO   loot        farm branch=loot item_id=167
2026-09-29 19:44:55.620  INFO   session     Entity shadow: vision=3 {'player': 1, 'npc': 2} memory=7 {'player': 1, 'item': 1, 'monster': 2, 'npc': 3} paired=0 median=0.000 unleveled=68:경비병,10:경비병
2026-09-29 19:44:56.527  INFO   loot        approach hop item=167 wp=(303, 391) reason=walk onto item
2026-09-29 19:44:56.966  INFO   loot        farm branch=loot item_id=167
2026-09-29 19:44:58.103  INFO   loot        begin_loot_item id=174
2026-09-29 19:44:58.611  INFO   loot        approach hop item=174 wp=(304, 399) reason=walk onto item
2026-09-29 19:44:58.751  INFO   loot        farm branch=loot item_id=174
2026-09-29 19:44:58.768  INFO   decision    mode=traveling goal=loot action=searching target=174 sticky=- origin=(300,389) shop=0 scrolled=0 reason='walk onto item' status=success
2026-09-29 19:44:59.457  INFO   loot        farm branch=loot item_id=174
2026-09-29 19:44:59.793  INFO   loot        farm branch=loot item_id=174
2026-09-29 19:45:01.346  INFO   session     Entity shadow: vision=6 {'player': 2, 'item': 1, 'monster': 1, 'npc': 2} memory=5 {'player': 1, 'monster': 3, 'item': 1} paired=3 median=0.027 unleveled=68:경비병,10:경비병
2026-09-29 19:45:01.446  INFO   loot        approach hop item=174 wp=(305, 400) reason=walk onto item
2026-09-29 19:45:02.047  INFO   loot        farm branch=loot item_id=174
2026-09-29 19:45:02.212  INFO   session     Paused — hotkey
2026-09-29 19:45:09.933  INFO   session     Stop → Stopped
