2026-09-23 18:37:51.518  INFO   session     Loading Manmabot from D:\Work\Lineage\ManmabotV1_final\engine
2026-09-23 18:37:51.537  INFO   session     Session log D:\Work\Lineage\ManmabotV1_final\engine\logs\bot-20260923-183751.log
2026-09-23 18:37:51.537  INFO   session     character=elf loot=all_items game_lang=ko map=talking_island farms=['area_1', 'area_2', 'area_3', 'area_4'] file=D:\Work\Lineage\ManmabotV1_final\engine\logs\bot-20260923-183751.log
2026-09-23 18:37:51.592  INFO   nav         building portal graph (cluster=32, 479x511)
2026-09-23 18:37:51.841  INFO   nav         portal graph: 188 components, 249 ms
2026-09-23 18:37:51.848  INFO   nav         farms=4 safe=11 home=(354, 203) (files farm=D:\Work\Lineage\ManmabotV1_final\engine\maps\talking_island\farms.yaml safe=D:\Work\Lineage\ManmabotV1_final\engine\maps\talking_island\safe.yaml home=D:\Work\Lineage\ManmabotV1_final\engine\maps\talking_island\home.yaml)
2026-09-23 18:37:51.865  INFO   capture     mss window capture process='LC.exe' title=None content_aspect=4:3
2026-09-23 18:37:52.185  INFO   session     Entity clicks use memory names, species, and world cells. Image recognition still runs. Set memory.entity_source to vision to restore image-only clicks.
2026-09-23 18:37:52.191  INFO   session     Player memory is read in this process (realtime_monitor.dll, offsets.json). No separate console.
2026-09-23 18:37:52.197  INFO   session     Inventory listen scanning in background (build inventory_listen.dll or place inv.json).
2026-09-23 18:37:52.202  INFO   session     Scanning hotbar (skill boxes 1–3)…
2026-09-23 18:37:56.279  INFO   session     Hotbar scan done · hp_potion@box1/f5, talking_scroll@box1/f8
2026-09-23 18:37:56.283  INFO   session     Loop ready · elf · ko · map=talking_island · loot=all_items · farms=['area_1', 'area_2', 'area_3', 'area_4']
2026-09-23 18:37:56.603  INFO   session     Entity shadow: vision=4 {'npc': 2, 'player': 2} memory=2 {'monster': 2} paired=0 median=0.000 unleveled=10:경비병,68:경비병
2026-09-23 18:37:56.620  INFO   session     Inventory listen ready (dll) · hp=6 arrows=2822 silver=0 depoison=0
2026-09-23 18:37:56.624  INFO   decision    mode=traveling behavior=traveling action=traveling target=- reason='enter farm area' status=success
2026-09-23 18:38:01.717  INFO   session     Entity shadow: vision=2 {'player': 2} memory=0 {} paired=0 median=0.000
2026-09-23 18:38:04.667  INFO   decision    mode=traveling behavior=traveling action=traveling target=- reason='enter farm area' status=success (repeat)
2026-09-23 18:38:06.760  INFO   session     Entity shadow: vision=2 {'player': 2} memory=1 {'player': 1} paired=1 median=0.023
2026-09-23 18:38:11.913  INFO   session     Entity shadow: vision=4 {'player': 3, 'monster': 1} memory=3 {'player': 2, 'monster': 1} paired=3 median=0.037
2026-09-23 18:38:12.990  INFO   decision    mode=traveling behavior=traveling action=traveling target=- reason='enter farm area' status=success (repeat)
2026-09-23 18:38:17.006  INFO   session     Entity shadow: vision=5 {'player': 3, 'monster': 1, 'item': 1} memory=4 {'player': 2, 'item': 1, 'monster': 1} paired=4 median=0.023
2026-09-23 18:38:18.387  INFO   decision    mode=traveling behavior=loot action=searching target=- reason='approach item' status=success
2026-09-23 18:38:22.143  INFO   session     Entity shadow: vision=5 {'player': 4, 'item': 1} memory=4 {'player': 2, 'item': 1, 'monster': 1} paired=3 median=0.047
2026-09-23 18:38:22.522  INFO   decision    mode=traveling behavior=loot action=pickup target=9 reason='loot target' status=success
2026-09-23 18:38:23.384  INFO   decision    mode=traveling behavior=traveling action=traveling target=- reason='enter farm area' status=success
2026-09-23 18:38:23.914  INFO   decision    mode=traveling behavior=combat action=attack target=10 reason='engage target' status=success
2026-09-23 18:38:27.221  INFO   session     Entity shadow: vision=3 {'player': 2, 'monster': 1} memory=2 {'monster': 1, 'player': 1} paired=2 median=0.054
2026-09-23 18:38:31.664  INFO   decision    mode=traveling behavior=combat action=attack target=11 reason='engage target' status=success
2026-09-23 18:38:32.392  INFO   session     Entity shadow: vision=4 {'player': 2, 'monster': 2} memory=2 {'player': 1, 'monster': 1} paired=2 median=0.060
2026-09-23 18:38:37.522  INFO   session     Entity shadow: vision=3 {'monster': 2, 'player': 1} memory=1 {'monster': 1} paired=1 median=0.014
2026-09-23 18:38:39.882  INFO   decision    mode=traveling behavior=loot action=searching target=- reason='approach item' status=success
2026-09-23 18:38:42.630  INFO   session     Entity shadow: vision=3 {'item': 1, 'monster': 1, 'player': 1} memory=1 {'item': 1} paired=1 median=0.006
2026-09-23 18:38:43.110  INFO   decision    mode=traveling behavior=traveling action=traveling target=- reason='enter farm area' status=success
2026-09-23 18:38:43.980  INFO   decision    mode=traveling behavior=combat action=attack target=13 reason='engage target' status=success
2026-09-23 18:38:47.826  INFO   session     Entity shadow: vision=3 {'player': 1, 'item': 1, 'monster': 1} memory=3 {'monster': 2, 'item': 1} paired=2 median=0.019
2026-09-23 18:38:52.885  INFO   session     Entity shadow: vision=3 {'player': 1, 'monster': 2} memory=4 {'monster': 3, 'item': 1} paired=2 median=0.046
2026-09-23 18:38:54.111  INFO   decision    mode=traveling behavior=combat action=attack target=14 reason='engage target' status=success
2026-09-23 18:38:57.969  INFO   session     Entity shadow: vision=5 {'monster': 5} memory=2 {'monster': 2} paired=2 median=0.022
2026-09-23 18:39:03.205  INFO   session     Entity shadow: vision=3 {'item': 1, 'monster': 2} memory=3 {'monster': 2, 'item': 1} paired=2 median=0.062 unleveled=12:슬라임
2026-09-23 18:39:04.345  INFO   decision    mode=traveling behavior=loot action=pickup target=16 reason='engage item' status=success
2026-09-23 18:39:07.494  INFO   decision    mode=traveling behavior=traveling action=traveling target=- reason='enter farm area' status=success
2026-09-23 18:39:08.406  INFO   session     Entity shadow: vision=2 {'monster': 1, 'item': 1} memory=3 {'monster': 2, 'item': 1} paired=2 median=0.118 unleveled=12:슬라임
2026-09-23 18:39:13.426  INFO   session     Entity shadow: vision=3 {'monster': 1, 'item': 1, 'player': 1} memory=3 {'player': 1, 'monster': 1, 'item': 1} paired=3 median=0.024
2026-09-23 18:39:18.612  INFO   session     Entity shadow: vision=4 {'monster': 1, 'player': 1, 'item': 2} memory=4 {'monster': 1, 'player': 2, 'item': 1} paired=2 median=0.050 unleveled=12:슬라임
2026-09-23 18:39:20.190  INFO   decision    mode=traveling behavior=loot action=pickup target=23 reason='engage item' status=success
2026-09-23 18:39:21.109  INFO   decision    mode=traveling behavior=loot action=pickup target=27 reason='engage item' status=success
2026-09-23 18:39:21.402  INFO   decision    mode=traveling behavior=traveling action=traveling target=- reason='enter farm area' status=success
2026-09-23 18:39:23.778  INFO   session     Entity shadow: vision=3 {'player': 2, 'item': 1} memory=3 {'player': 2, 'monster': 1} paired=2 median=0.037 unleveled=12:슬라임
2026-09-23 18:39:26.462  INFO   decision    mode=traveling behavior=combat action=attack target=28 reason='engage target' status=success
2026-09-23 18:39:29.034  INFO   session     Entity shadow: vision=3 {'monster': 1, 'player': 2} memory=3 {'player': 2, 'monster': 1} paired=2 median=0.083 unleveled=12:슬라임
2026-09-23 18:39:31.311  INFO   decision    mode=traveling behavior=loot action=searching target=- reason='approach item' status=success
2026-09-23 18:39:33.400  INFO   decision    mode=traveling behavior=traveling action=traveling target=- reason='enter farm area' status=success
2026-09-23 18:39:34.232  INFO   session     Entity shadow: vision=4 {'player': 2, 'item': 2} memory=4 {'player': 2, 'monster': 1, 'item': 1} paired=2 median=0.043 unleveled=12:슬라임
2026-09-23 18:39:35.150  INFO   decision    mode=traveling behavior=combat action=attack target=34 reason='engage target' status=success
2026-09-23 18:39:35.703  INFO   decision    mode=traveling behavior=loot action=searching target=- reason='approach item' status=success
2026-09-23 18:39:37.133  INFO   decision    mode=traveling behavior=combat action=attack target=36 reason='engage target' status=success
2026-09-23 18:39:39.424  INFO   session     Entity shadow: vision=4 {'player': 2, 'item': 1, 'monster': 1} memory=4 {'player': 2, 'monster': 2} paired=2 median=0.099 unleveled=12:슬라임
2026-09-23 18:39:44.518  INFO   session     Entity shadow: vision=5 {'player': 3, 'monster': 2} memory=5 {'monster': 4, 'player': 1} paired=3 median=0.073
2026-09-23 18:39:47.304  INFO   decision    mode=traveling behavior=combat action=attack target=42 reason='engage target' status=success
2026-09-23 18:39:49.727  INFO   session     Entity shadow: vision=7 {'monster': 5, 'npc': 1, 'player': 1} memory=8 {'monster': 5, 'player': 3} paired=5 median=0.029
2026-09-23 18:39:54.813  INFO   session     Entity shadow: vision=7 {'monster': 5, 'player': 2} memory=6 {'monster': 3, 'player': 3} paired=5 median=0.025
2026-09-23 18:39:59.847  INFO   session     Entity shadow: vision=9 {'item': 2, 'monster': 4, 'player': 3} memory=7 {'player': 3, 'monster': 3, 'item': 1} paired=7 median=0.041
2026-09-23 18:40:04.941  INFO   session     Entity shadow: vision=5 {'monster': 3, 'player': 2} memory=6 {'player': 2, 'monster': 4} paired=4 median=0.049 unleveled=12:슬라임
2026-09-23 18:40:06.844  INFO   decision    mode=traveling behavior=traveling action=traveling target=- reason='enter farm area' status=success
2026-09-23 18:40:09.385  INFO   session     Paused — hotkey
2026-09-23 18:41:01.015  INFO   session     Resume → Running
2026-09-23 18:41:01.266  INFO   session     Entity shadow: vision=6 {'player': 3, 'monster': 3} memory=5 {'player': 2, 'monster': 3} paired=4 median=0.052 unleveled=12:슬라임
2026-09-23 18:41:01.284  INFO   decision    mode=traveling behavior=combat action=attack target=51 reason='engage target' status=success
2026-09-23 18:41:04.184  INFO   decision    mode=traveling behavior=loot action=searching target=- reason='approach item' status=success
2026-09-23 18:41:06.363  INFO   session     Entity shadow: vision=5 {'item': 1, 'player': 3, 'monster': 1} memory=5 {'monster': 2, 'player': 2, 'item': 1} paired=3 median=0.028 unleveled=12:슬라임
2026-09-23 18:41:06.995  INFO   decision    mode=traveling behavior=traveling action=traveling target=- reason='enter farm area' status=success
2026-09-23 18:41:09.617  INFO   decision    mode=traveling behavior=combat action=attack target=79 reason='engage target' status=success
2026-09-23 18:41:11.400  INFO   session     Entity shadow: vision=5 {'player': 2, 'monster': 3} memory=5 {'monster': 4, 'player': 1} paired=3 median=0.040 unleveled=12:슬라임
2026-09-23 18:41:12.704  INFO   decision    mode=traveling behavior=combat action=attack target=81 reason='attack target' status=success
2026-09-23 18:41:13.597  INFO   decision    mode=traveling behavior=combat action=attack target=91 reason='attack target' status=success
2026-09-23 18:41:14.829  INFO   decision    mode=traveling behavior=loot action=searching target=- reason='approach item' status=success
2026-09-23 18:41:16.210  INFO   decision    mode=traveling behavior=combat action=attack target=106 reason='engage target' status=success
2026-09-23 18:41:16.597  INFO   session     Paused — hotkey
2026-09-23 18:41:16.690  INFO   session     Entity shadow: vision=3 {'player': 2, 'monster': 1} memory=4 {'player': 1, 'monster': 3} paired=2 median=0.055
2026-09-23 18:41:20.456  INFO   session     Stop → Stopped
2026-09-23 18:41:20.739  INFO   session     Bot worker exited
