2026-09-23 23:09:24.845  INFO   session     Loading Manmabot from D:\Work\Lineage\ManmabotV1_final\engine
2026-09-23 23:09:24.849  INFO   session     Session log D:\Work\Lineage\ManmabotV1_final\engine\logs\bot-20260923-230924.log
2026-09-23 23:09:24.849  INFO   session     character=elf loot=all_items game_lang=ko map=talking_island farms=['area_3', 'area_2'] file=D:\Work\Lineage\ManmabotV1_final\engine\logs\bot-20260923-230924.log
2026-09-23 23:09:25.153  INFO   nav         building portal graph (cluster=32, 479x511)
2026-09-23 23:09:25.409  INFO   nav         portal graph: 188 components, 256 ms
2026-09-23 23:09:25.416  INFO   nav         farms=2 safe=11 home=(354, 203) (files farm=D:\Work\Lineage\ManmabotV1_final\engine\maps\talking_island\farms.yaml safe=D:\Work\Lineage\ManmabotV1_final\engine\maps\talking_island\safe.yaml home=D:\Work\Lineage\ManmabotV1_final\engine\maps\talking_island\home.yaml)
2026-09-23 23:09:25.707  INFO   capture     mss window capture process='LC.exe' title=None content_aspect=4:3
2026-09-23 23:09:26.089  INFO   session     Entity clicks use memory names, species, and world cells. Image recognition still runs. Set memory.entity_source to vision to restore image-only clicks.
2026-09-23 23:09:26.096  INFO   session     Player memory is read in this process (realtime_monitor.dll, offsets.json). No separate console.
2026-09-23 23:09:26.102  INFO   session     Inventory listen scanning in background (build inventory_listen.dll or place inv.json).
2026-09-23 23:09:26.107  INFO   session     Scanning hotbar (skill boxes 1–3)…
2026-09-23 23:09:30.524  INFO   session     Hotbar scan done · hp_potion@box1/f5, talking_scroll@box1/f8
2026-09-23 23:09:30.529  INFO   session     Loop ready · elf · ko · map=talking_island · loot=all_items · farms=['area_3', 'area_2']
2026-09-23 23:09:31.143  INFO   session     Entity shadow: vision=10 {'player': 5, 'npc': 3, 'item': 1, 'monster': 1} memory=46 {'player': 37, 'npc': 8, 'item': 1} paired=8 median=0.020
2026-09-23 23:09:31.170  INFO   session     Inventory listen ready (dll) · hp=11 arrows=2575 silver=5 depoison=0
2026-09-23 23:09:31.181  INFO   decision    mode=farming behavior=loot action=searching target=7 reason='walk onto item' status=success
2026-09-23 23:09:36.359  INFO   session     Entity shadow: vision=13 {'player': 9, 'item': 1, 'npc': 2, 'monster': 1} memory=46 {'player': 40, 'npc': 5, 'item': 1} paired=11 median=0.021
2026-09-23 23:09:41.461  INFO   session     Entity shadow: vision=13 {'player': 9, 'npc': 2, 'monster': 2} memory=47 {'player': 42, 'npc': 5} paired=11 median=0.037
2026-09-23 23:09:46.510  INFO   session     Entity shadow: vision=11 {'player': 10, 'npc': 1} memory=41 {'npc': 5, 'player': 36} paired=11 median=0.035
2026-09-23 23:09:51.131  INFO   decision    mode=farming behavior=loot action=searching target=7 reason='walk onto item' status=success (repeat)
2026-09-23 23:09:51.852  INFO   session     Entity shadow: vision=11 {'player': 8, 'npc': 3} memory=42 {'player': 37, 'monster': 1, 'npc': 4} paired=9 median=0.034 unleveled=14:개구리
2026-09-23 23:09:51.912  INFO   decision    mode=traveling behavior=traveling action=traveling target=- reason='enter farm area' status=success
2026-09-23 23:09:57.311  INFO   session     Entity shadow: vision=30 {'player': 25, 'npc': 4, 'monster': 1} memory=60 {'npc': 5, 'player': 53, 'monster': 2} paired=27 median=0.059 unleveled=14:개구리
2026-09-23 23:10:02.625  INFO   session     Entity shadow: vision=32 {'player': 26, 'npc': 6} memory=68 {'player': 58, 'npc': 8, 'monster': 2} paired=23 median=0.064 unleveled=14:개구리,319:?
2026-09-23 23:10:07.654  INFO   session     Entity shadow: vision=25 {'npc': 5, 'player': 20} memory=48 {'npc': 10, 'player': 37, 'monster': 1} paired=22 median=0.041 unleveled=319:?
2026-09-23 23:10:12.451  INFO   decision    mode=traveling behavior=traveling action=traveling target=- reason='unstick' status=success (repeat)
2026-09-23 23:10:13.042  INFO   session     Entity shadow: vision=19 {'npc': 5, 'player': 13, 'monster': 1} memory=46 {'npc': 9, 'player': 36, 'monster': 1} paired=15 median=0.052 unleveled=319:?
2026-09-23 23:10:18.212  INFO   session     Entity shadow: vision=18 {'player': 14, 'npc': 4} memory=45 {'npc': 9, 'player': 35, 'monster': 1} paired=17 median=0.036 unleveled=319:?
2026-09-23 23:10:23.363  INFO   session     Entity shadow: vision=16 {'player': 10, 'npc': 4, 'monster': 2} memory=28 {'monster': 1, 'player': 19, 'npc': 8} paired=11 median=0.028 unleveled=10:경비병
2026-09-23 23:10:28.772  INFO   session     Entity shadow: vision=14 {'monster': 1, 'player': 10, 'npc': 3} memory=24 {'player': 16, 'monster': 1, 'npc': 7} paired=11 median=0.052 unleveled=10:경비병
2026-09-23 23:10:32.004  INFO   decision    mode=traveling behavior=traveling action=traveling target=- reason='enter farm area' status=success (repeat)
2026-09-23 23:10:33.855  INFO   session     Entity shadow: vision=15 {'player': 12, 'npc': 3} memory=32 {'npc': 8, 'player': 23, 'monster': 1} paired=13 median=0.034 unleveled=10:경비병
2026-09-23 23:10:35.100  INFO   session     Stop → Stopped (정지 — 게임 창이 닫혔습니다.)
2026-09-23 23:10:35.195  INFO   session     Bot worker exited
