2026-09-27 20:44:48.778  INFO   session     Loading Manmabot from D:\ManmabotV1_final\engine
2026-09-27 20:44:48.962  INFO   session     Session log D:\ManmabotV1_final\engine\logs\bot-20260927-204448.log
2026-09-27 20:44:48.962  INFO   session     character=elf loot=all_items game_lang=ko map=talking_island farms=['area_2', 'area_1', 'area_3'] file=D:\ManmabotV1_final\engine\logs\bot-20260927-204448.log
2026-09-27 20:44:49.059  INFO   nav         building portal graph (cluster=32, 479x511)
2026-09-27 20:44:49.411  INFO   nav         portal graph: 188 components, 351 ms
2026-09-27 20:44:49.418  INFO   nav         farms=3 safe=11 home=(354, 203) (files farm=D:\ManmabotV1_final\engine\maps\talking_island\farms.yaml safe=D:\ManmabotV1_final\engine\maps\talking_island\safe.yaml home=D:\ManmabotV1_final\engine\maps\talking_island\home.yaml)
2026-09-27 20:44:49.488  INFO   capture     mss window capture process='LC.exe' title=None content_aspect=4:3
2026-09-27 20:44:50.216  INFO   session     Entity clicks use memory names, species, and world cells. Image recognition still runs. Set memory.entity_source to vision to restore image-only clicks.
2026-09-27 20:44:50.241  INFO   session     Player memory is read in this process (realtime_monitor.dll, offsets.json). No separate console.
2026-09-27 20:44:50.259  INFO   session     인벤토리를 백그라운드에서 스캔 중 (inventory_listen.dll 또는 inv.json을 두세요).
2026-09-27 20:44:50.275  INFO   session     메모리에서 핫바 24칸을 읽는 중…
2026-09-27 20:44:50.399  INFO   session     핫바 스캔 완료 · 파워 업@box2/f8, 아머 업@box2/f5, 라이트@box1/f10, 힐@box1/f9, HP 물약@box1/f9, 텔레포트@box1/f11, 마법 공격@box1/f12, 말하는 두루마리@box1/f5
2026-09-27 20:44:50.423  INFO   session     매핑되지 않은 핫바 아이콘: box1/f6:작은 활 (무장), box1/f7:나무 화살, box1/f8:아데나
2026-09-27 20:44:50.434  INFO   session     루프 준비 · 요정 · 한국어 · 맵=말하는 섬 · 룻=전부 줍기 · 구역=구역 2, 구역 1, 구역 3
2026-09-27 20:44:51.310  INFO   session     Entity shadow: vision=10 {'player': 8, 'monster': 1, 'npc': 1} memory=12 {'monster': 1, 'player': 6, 'npc': 5} paired=6 median=0.030 unleveled=10:警衛
2026-09-27 20:44:51.341  INFO   session     인벤토리 수신 준비 (dll) · hp=1 화살=576 은화살=300 해독=0
2026-09-27 20:44:51.366  INFO   decision    mode=farming behavior=buff action=buff target=- reason='armor_up' status=success
2026-09-27 20:44:52.775  INFO   decision    mode=farming behavior=talking_scroll action=use_talking_scroll target=- reason='go to shop (buy_hp_potions_ch_mainland)' status=success
2026-09-27 20:44:55.815  INFO   nav         async nav configure start map=mainland
2026-09-27 20:44:56.864  INFO   session     Entity shadow: vision=8 {'monster': 1, 'npc': 3, 'player': 4} memory=12 {'monster': 1, 'player': 6, 'npc': 5} paired=3 median=0.028 unleveled=10:警衛
2026-09-27 20:44:57.026  INFO   decision    mode=farming behavior=shop action=idle target=- reason='waiting for shop map (buy_hp_potions_ch_mainland)' status=success
2026-09-27 20:44:57.523  INFO   nav         building portal graph (cluster=32, 1755x1414)
2026-09-27 20:45:02.700  INFO   nav         portal graph: 2586 components, 5176 ms
2026-09-27 20:45:02.706  INFO   nav         farms=6 safe=0 home=None (files farm=D:\ManmabotV1_final\engine\maps\mainland\farms.yaml safe=D:\ManmabotV1_final\engine\maps\mainland\safe.yaml home=D:\ManmabotV1_final\engine\maps\mainland\home.yaml)
2026-09-27 20:45:02.706  INFO   nav         async nav configure done map=mainland (6891 ms)
2026-09-27 20:45:02.948  INFO   session     Entity shadow: vision=9 {'npc': 3, 'player': 5, 'monster': 1} memory=13 {'player': 7, 'monster': 1, 'npc': 5} paired=3 median=0.020 unleveled=10:警衛
2026-09-27 20:45:02.987  INFO   decision    mode=farming behavior=buff action=buff target=- reason='light' status=success
2026-09-27 20:45:04.208  INFO   decision    mode=traveling behavior=traveling action=idle target=- reason='no behavior produced an intent' status=failure
2026-09-27 20:45:05.205  INFO   decision    mode=farming behavior=traveling action=idle target=- reason='no behavior produced an intent' status=failure
2026-09-27 20:45:06.096  INFO   decision    mode=traveling behavior=traveling action=idle target=- reason='no behavior produced an intent' status=failure
2026-09-27 20:45:06.942  INFO   decision    mode=farming behavior=traveling action=idle target=- reason='no behavior produced an intent' status=failure
2026-09-27 20:45:07.571  INFO   decision    mode=traveling behavior=traveling action=idle target=- reason='no behavior produced an intent' status=failure
2026-09-27 20:45:08.119  INFO   session     Entity shadow: vision=12 {'player': 8, 'monster': 1, 'npc': 3} memory=14 {'monster': 3, 'player': 6, 'npc': 5} paired=6 median=0.027 unleveled=68:警衛,10:警衛
2026-09-27 20:45:08.354  INFO   decision    mode=farming behavior=traveling action=idle target=- reason='no behavior produced an intent' status=failure
2026-09-27 20:45:09.006  INFO   decision    mode=traveling behavior=traveling action=idle target=- reason='no behavior produced an intent' status=failure
2026-09-27 20:45:09.919  INFO   decision    mode=farming behavior=traveling action=idle target=- reason='no behavior produced an intent' status=failure
2026-09-27 20:45:10.634  INFO   decision    mode=traveling behavior=traveling action=idle target=- reason='no behavior produced an intent' status=failure
2026-09-27 20:45:11.347  INFO   decision    mode=farming behavior=traveling action=idle target=- reason='no behavior produced an intent' status=failure
2026-09-27 20:45:12.029  INFO   decision    mode=traveling behavior=traveling action=idle target=- reason='no behavior produced an intent' status=failure
2026-09-27 20:45:12.352  INFO   session     일시정지 — 단축키
2026-09-27 20:45:14.216  INFO   session     일시정지 / 재개 → 실행 중
2026-09-27 20:45:14.704  INFO   session     Entity shadow: vision=11 {'monster': 1, 'player': 8, 'npc': 2} memory=13 {'monster': 2, 'player': 6, 'npc': 5} paired=6 median=0.026 unleveled=68:警衛,10:警衛
2026-09-27 20:45:14.943  INFO   decision    mode=farming behavior=traveling action=idle target=- reason='no behavior produced an intent' status=failure
2026-09-27 20:45:15.626  INFO   decision    mode=traveling behavior=traveling action=idle target=- reason='no behavior produced an intent' status=failure
2026-09-27 20:45:16.313  INFO   decision    mode=farming behavior=traveling action=idle target=- reason='no behavior produced an intent' status=failure
2026-09-27 20:45:17.039  INFO   decision    mode=traveling behavior=traveling action=idle target=- reason='no behavior produced an intent' status=failure
2026-09-27 20:45:17.737  INFO   decision    mode=farming behavior=traveling action=idle target=- reason='no behavior produced an intent' status=failure
2026-09-27 20:45:18.367  INFO   decision    mode=traveling behavior=traveling action=idle target=- reason='no behavior produced an intent' status=failure
2026-09-27 20:45:19.230  INFO   decision    mode=farming behavior=traveling action=idle target=- reason='no behavior produced an intent' status=failure
2026-09-27 20:45:19.840  INFO   decision    mode=traveling behavior=traveling action=idle target=- reason='no behavior produced an intent' status=failure
2026-09-27 20:45:20.273  INFO   session     Entity shadow: vision=10 {'player': 7, 'monster': 1, 'npc': 2} memory=13 {'monster': 2, 'player': 6, 'npc': 5} paired=5 median=0.025 unleveled=68:警衛,10:警衛
2026-09-27 20:45:20.507  INFO   decision    mode=farming behavior=traveling action=idle target=- reason='no behavior produced an intent' status=failure
2026-09-27 20:45:21.175  INFO   decision    mode=traveling behavior=traveling action=idle target=- reason='no behavior produced an intent' status=failure
2026-09-27 20:45:22.092  INFO   decision    mode=farming behavior=traveling action=idle target=- reason='no behavior produced an intent' status=failure
2026-09-27 20:45:22.758  INFO   decision    mode=traveling behavior=traveling action=idle target=- reason='no behavior produced an intent' status=failure
2026-09-27 20:45:23.644  INFO   decision    mode=farming behavior=traveling action=idle target=- reason='no behavior produced an intent' status=failure
2026-09-27 20:45:24.314  INFO   decision    mode=traveling behavior=traveling action=idle target=- reason='no behavior produced an intent' status=failure
2026-09-27 20:45:25.016  INFO   decision    mode=farming behavior=traveling action=idle target=- reason='no behavior produced an intent' status=failure
2026-09-27 20:45:25.427  INFO   session     Entity shadow: vision=11 {'player': 7, 'monster': 2, 'npc': 2} memory=14 {'player': 7, 'monster': 2, 'npc': 5} paired=5 median=0.024 unleveled=68:警衛,10:警衛
2026-09-27 20:45:25.648  INFO   decision    mode=traveling behavior=traveling action=idle target=- reason='no behavior produced an intent' status=failure
2026-09-27 20:45:26.321  INFO   decision    mode=farming behavior=traveling action=idle target=- reason='no behavior produced an intent' status=failure
2026-09-27 20:45:26.957  INFO   decision    mode=traveling behavior=traveling action=idle target=- reason='no behavior produced an intent' status=failure
2026-09-27 20:45:27.646  INFO   decision    mode=farming behavior=traveling action=idle target=- reason='no behavior produced an intent' status=failure
2026-09-27 20:45:28.288  INFO   decision    mode=traveling behavior=traveling action=idle target=- reason='no behavior produced an intent' status=failure
2026-09-27 20:45:29.093  INFO   decision    mode=farming behavior=traveling action=idle target=- reason='no behavior produced an intent' status=failure
2026-09-27 20:45:30.065  INFO   decision    mode=traveling behavior=traveling action=idle target=- reason='no behavior produced an intent' status=failure
2026-09-27 20:45:30.916  INFO   session     Entity shadow: vision=10 {'player': 6, 'monster': 2, 'npc': 2} memory=14 {'monster': 3, 'player': 7, 'npc': 4} paired=6 median=0.011 unleveled=68:警衛,10:警衛
2026-09-27 20:45:31.196  INFO   decision    mode=farming behavior=traveling action=idle target=- reason='no behavior produced an intent' status=failure
2026-09-27 20:45:32.042  INFO   decision    mode=traveling behavior=traveling action=idle target=- reason='no behavior produced an intent' status=failure
2026-09-27 20:45:32.786  INFO   decision    mode=farming behavior=traveling action=idle target=- reason='no behavior produced an intent' status=failure
2026-09-27 20:45:33.631  INFO   decision    mode=traveling behavior=traveling action=idle target=- reason='no behavior produced an intent' status=failure
2026-09-27 20:45:34.429  INFO   decision    mode=farming behavior=traveling action=idle target=- reason='no behavior produced an intent' status=failure
2026-09-27 20:45:35.071  INFO   decision    mode=traveling behavior=traveling action=idle target=- reason='no behavior produced an intent' status=failure
2026-09-27 20:45:35.701  INFO   decision    mode=farming behavior=traveling action=idle target=- reason='no behavior produced an intent' status=failure
2026-09-27 20:45:36.167  INFO   session     Entity shadow: vision=9 {'player': 6, 'monster': 1, 'npc': 2} memory=9 {'monster': 4, 'player': 5} paired=4 median=0.017 unleveled=189:鹿,68:警衛,10:警衛
2026-09-27 20:45:36.395  INFO   decision    mode=traveling behavior=traveling action=idle target=- reason='no behavior produced an intent' status=failure
2026-09-27 20:45:37.010  INFO   decision    mode=farming behavior=traveling action=idle target=- reason='no behavior produced an intent' status=failure
2026-09-27 20:45:37.973  INFO   decision    mode=traveling behavior=traveling action=idle target=- reason='no behavior produced an intent' status=failure
2026-09-27 20:45:38.811  INFO   decision    mode=farming behavior=traveling action=idle target=- reason='no behavior produced an intent' status=failure
2026-09-27 20:45:39.465  INFO   decision    mode=traveling behavior=traveling action=idle target=- reason='no behavior produced an intent' status=failure
2026-09-27 20:45:40.151  INFO   decision    mode=farming behavior=traveling action=idle target=- reason='no behavior produced an intent' status=failure
2026-09-27 20:45:40.758  INFO   decision    mode=traveling behavior=traveling action=idle target=- reason='no behavior produced an intent' status=failure
2026-09-27 20:45:41.176  INFO   session     Entity shadow: vision=8 {'player': 5, 'monster': 1, 'npc': 2} memory=8 {'monster': 3, 'player': 5} paired=4 median=0.022 unleveled=189:鹿,68:警衛,10:警衛
2026-09-27 20:45:41.415  INFO   decision    mode=farming behavior=traveling action=idle target=- reason='no behavior produced an intent' status=failure
2026-09-27 20:45:42.054  INFO   decision    mode=traveling behavior=traveling action=idle target=- reason='no behavior produced an intent' status=failure
2026-09-27 20:45:42.366  INFO   session     일시정지 — 단축키
2026-09-27 20:53:33.913  INFO   session     정지 → 중지됨
