2026-09-27 17:59:44.638  INFO   session     Loading Manmabot from D:\ManmabotV1_final\engine
2026-09-27 17:59:44.664  INFO   session     Session log D:\ManmabotV1_final\engine\logs\bot-20260927-175944.log
2026-09-27 17:59:44.664  INFO   session     character=elf loot=all_items game_lang=ko map=talking_island farms=['area_1', 'area_2', 'area_3', 'area_4'] file=D:\ManmabotV1_final\engine\logs\bot-20260927-175944.log
2026-09-27 17:59:44.767  INFO   nav         building portal graph (cluster=32, 479x511)
2026-09-27 17:59:45.096  INFO   nav         portal graph: 188 components, 329 ms
2026-09-27 17:59:45.104  INFO   nav         farms=4 safe=11 home=(354, 203) (files farm=D:\ManmabotV1_final\engine\maps\talking_island\farms.yaml safe=D:\ManmabotV1_final\engine\maps\talking_island\safe.yaml home=D:\ManmabotV1_final\engine\maps\talking_island\home.yaml)
2026-09-27 17:59:45.175  INFO   capture     mss window capture process='LC.exe' title=None content_aspect=4:3
2026-09-27 17:59:45.667  INFO   session     Entity clicks use memory names, species, and world cells. Image recognition still runs. Set memory.entity_source to vision to restore image-only clicks.
2026-09-27 17:59:45.684  INFO   session     Player memory is read in this process (realtime_monitor.dll, offsets.json). No separate console.
2026-09-27 17:59:45.697  INFO   session     인벤토리를 백그라운드에서 스캔 중 (inventory_listen.dll 또는 inv.json을 두세요).
2026-09-27 17:59:45.714  INFO   session     메모리에서 핫바 24칸을 읽는 중…
2026-09-27 17:59:45.797  INFO   session     핫바 스캔 완료 · 파워 업@box1/f5, 아머 업@box1/f6, 라이트@box1/f7, 힐@box1/f8, HP 물약@box1/f9, 텔레포트@box1/f10, 마법 공격@box1/f11, 말하는 두루마리@box1/f5, 마더 트리@box2/f6, HP를 MP로@box2/f7
2026-09-27 17:59:45.832  INFO   session     루프 준비 · 요정 · 한국어 · 맵=말하는 섬 · 룻=전부 줍기 · 구역=구역 1, 구역 2, 구역 3, 구역 4
2026-09-27 17:59:46.561  INFO   session     Entity shadow: vision=8 {'item': 1, 'monster': 5, 'npc': 1, 'player': 1} memory=9 {'monster': 8, 'item': 1} paired=6 median=0.024 unleveled=10:警衛
2026-09-27 17:59:46.591  INFO   session     인벤토리 수신 준비 (dll) · hp=0 화살=804 은화살=0 해독=0
2026-09-27 17:59:46.610  INFO   decision    mode=farming behavior=buff action=buff target=- reason='armor_up' status=success
2026-09-27 17:59:47.296  INFO   decision    mode=farming behavior=combat action=attack target=4 reason='engage target' status=success
2026-09-27 17:59:50.445  INFO   decision    mode=farming behavior=combat action=searching target=- reason='unstick blocked attack' status=success
2026-09-27 17:59:50.749  INFO   decision    mode=farming behavior=combat action=idle target=- reason='no behavior produced an intent' status=success
2026-09-27 17:59:50.989  INFO   decision    mode=farming behavior=combat action=searching target=- reason='unstick blocked attack' status=success
2026-09-27 17:59:51.689  INFO   session     Entity shadow: vision=10 {'npc': 3, 'monster': 5, 'item': 1, 'player': 1} memory=10 {'monster': 9, 'item': 1} paired=6 median=0.019 unleveled=68:警衛,10:警衛
2026-09-27 17:59:51.741  INFO   decision    mode=farming behavior=combat action=idle target=- reason='no behavior produced an intent' status=success
2026-09-27 17:59:52.043  INFO   decision    mode=farming behavior=combat action=teleport target=- reason='unstick teleport' status=success
2026-09-27 17:59:57.658  INFO   session     Entity shadow: vision=11 {'npc': 3, 'monster': 6, 'player': 1, 'item': 1} memory=11 {'monster': 10, 'item': 1} paired=7 median=0.015 unleveled=10:警衛,68:警衛
2026-09-27 17:59:57.742  INFO   decision    mode=farming behavior=buff action=buff target=- reason='light' status=success
2026-09-27 17:59:58.248  INFO   decision    mode=farming behavior=combat action=teleport target=- reason='unstick teleport' status=success
2026-09-27 18:00:00.478  INFO   session     일시정지 — 단축키
2026-09-27 18:04:28.587  INFO   session     재개 → 실행 중
2026-09-27 18:04:29.012  INFO   session     Entity shadow: vision=3 {'player': 1, 'npc': 1, 'monster': 1} memory=2 {'npc': 1, 'monster': 1} paired=0 median=0.000 unleveled=10:警衛
2026-09-27 18:04:29.143  INFO   decision    mode=traveling behavior=traveling action=traveling target=- reason='enter farm area' status=success
2026-09-27 18:04:34.051  INFO   session     Entity shadow: vision=0 {} memory=2 {'npc': 1, 'monster': 1} paired=0 median=0.000 unleveled=10:警衛
2026-09-27 18:04:39.154  INFO   session     Entity shadow: vision=2 {'player': 1, 'npc': 1} memory=2 {'npc': 1, 'monster': 1} paired=0 median=0.000 unleveled=10:警衛
2026-09-27 18:04:39.875  INFO   session     일시정지 — 단축키
2026-09-27 18:04:40.606  INFO   session     재개 → 실행 중
2026-09-27 18:04:44.354  INFO   session     Entity shadow: vision=2 {'player': 1, 'npc': 1} memory=2 {'npc': 1, 'monster': 1} paired=0 median=0.000 unleveled=10:警衛
2026-09-27 18:04:45.971  INFO   decision    mode=traveling behavior=traveling action=traveling target=- reason='enter farm area' status=success (repeat)
2026-09-27 18:04:49.550  INFO   session     Entity shadow: vision=3 {'player': 1, 'npc': 1, 'monster': 1} memory=2 {'npc': 1, 'monster': 1} paired=0 median=0.000 unleveled=10:警衛
2026-09-27 18:04:54.713  INFO   session     Entity shadow: vision=3 {'npc': 2, 'player': 1} memory=2 {'monster': 2} paired=0 median=0.000 unleveled=10:警衛
2026-09-27 18:04:58.456  INFO   decision    mode=traveling behavior=traveling action=idle target=- reason='no behavior produced an intent' status=success
2026-09-27 18:04:58.729  INFO   decision    mode=traveling behavior=traveling action=traveling target=- reason='enter farm area' status=success
2026-09-27 18:04:59.964  INFO   session     Entity shadow: vision=3 {'player': 1, 'npc': 2} memory=2 {'monster': 2} paired=0 median=0.000 unleveled=10:警衛
2026-09-27 18:05:00.360  INFO   decision    mode=traveling behavior=traveling action=idle target=- reason='no behavior produced an intent' status=success
2026-09-27 18:05:00.625  INFO   decision    mode=traveling behavior=traveling action=traveling target=- reason='enter farm area' status=success
2026-09-27 18:05:05.176  INFO   session     Entity shadow: vision=3 {'npc': 2, 'player': 1} memory=2 {'monster': 2} paired=0 median=0.000 unleveled=10:警衛
2026-09-27 18:05:06.223  INFO   decision    mode=traveling behavior=traveling action=idle target=- reason='no behavior produced an intent' status=success
2026-09-27 18:05:06.508  INFO   decision    mode=traveling behavior=traveling action=traveling target=- reason='enter farm area' status=success
2026-09-27 18:05:08.114  INFO   decision    mode=traveling behavior=traveling action=idle target=- reason='no behavior produced an intent' status=success
2026-09-27 18:05:08.371  INFO   decision    mode=traveling behavior=traveling action=traveling target=- reason='enter farm area' status=success
2026-09-27 18:05:10.264  INFO   session     Entity shadow: vision=4 {'monster': 1, 'player': 1, 'npc': 2} memory=2 {'monster': 2} paired=0 median=0.000 unleveled=10:警衛
2026-09-27 18:05:10.664  INFO   decision    mode=traveling behavior=traveling action=idle target=- reason='no behavior produced an intent' status=success
2026-09-27 18:05:10.955  INFO   decision    mode=traveling behavior=traveling action=traveling target=- reason='enter farm area' status=success
2026-09-27 18:05:11.780  INFO   decision    mode=traveling behavior=traveling action=idle target=- reason='no behavior produced an intent' status=success
2026-09-27 18:05:12.112  INFO   decision    mode=traveling behavior=traveling action=traveling target=- reason='enter farm area' status=success
2026-09-27 18:05:13.731  INFO   decision    mode=traveling behavior=traveling action=idle target=- reason='no behavior produced an intent' status=success
2026-09-27 18:05:13.991  INFO   decision    mode=traveling behavior=traveling action=traveling target=- reason='enter farm area' status=success
2026-09-27 18:05:15.434  INFO   session     Entity shadow: vision=3 {'monster': 1, 'npc': 1, 'player': 1} memory=1 {'monster': 1} paired=0 median=0.000 unleveled=10:警衛
2026-09-27 18:05:16.239  INFO   decision    mode=traveling behavior=traveling action=idle target=- reason='no behavior produced an intent' status=success
2026-09-27 18:05:16.519  INFO   decision    mode=traveling behavior=traveling action=traveling target=- reason='enter farm area' status=success
2026-09-27 18:05:17.347  INFO   decision    mode=traveling behavior=traveling action=idle target=- reason='no behavior produced an intent' status=success
2026-09-27 18:05:17.593  INFO   decision    mode=traveling behavior=traveling action=traveling target=- reason='enter farm area' status=success
2026-09-27 18:05:19.245  INFO   decision    mode=traveling behavior=traveling action=idle target=- reason='no behavior produced an intent' status=success
2026-09-27 18:05:19.493  INFO   decision    mode=traveling behavior=traveling action=traveling target=- reason='enter farm area' status=success
2026-09-27 18:05:20.664  INFO   session     Entity shadow: vision=2 {'player': 1, 'npc': 1} memory=1 {'monster': 1} paired=0 median=0.000 unleveled=10:警衛
2026-09-27 18:05:25.826  INFO   session     Entity shadow: vision=3 {'npc': 1, 'player': 1, 'monster': 1} memory=2 {'monster': 2} paired=1 median=0.056 unleveled=10:警衛
2026-09-27 18:05:31.136  INFO   session     Entity shadow: vision=3 {'player': 1, 'npc': 2} memory=1 {'monster': 1} paired=0 median=0.000 unleveled=10:警衛
2026-09-27 18:05:36.273  INFO   session     Entity shadow: vision=0 {} memory=1 {'monster': 1} paired=0 median=0.000 unleveled=10:警衛
2026-09-27 18:05:36.927  INFO   decision    mode=traveling behavior=traveling action=traveling target=- reason='enter farm area' status=success (repeat)
2026-09-27 18:05:41.435  INFO   session     Entity shadow: vision=0 {} memory=1 {'monster': 1} paired=0 median=0.000 unleveled=10:警衛
2026-09-27 18:05:46.557  INFO   session     Entity shadow: vision=0 {} memory=2 {'monster': 2} paired=0 median=0.000 unleveled=14:青蛙,10:警衛
2026-09-27 18:05:51.806  INFO   session     Entity shadow: vision=0 {} memory=3 {'monster': 3} paired=0 median=0.000 unleveled=10:警衛,14:青蛙
2026-09-27 18:05:51.849  INFO   decision    mode=traveling behavior=traveling action=traveling target=- reason='enter farm area' status=success (repeat)
2026-09-27 18:05:56.862  INFO   session     Entity shadow: vision=0 {} memory=3 {'monster': 3} paired=0 median=0.000 unleveled=10:警衛,14:青蛙
2026-09-27 18:06:01.973  INFO   session     Entity shadow: vision=0 {} memory=3 {'monster': 3} paired=0 median=0.000 unleveled=10:警衛,14:青蛙
2026-09-27 18:06:07.168  INFO   session     Entity shadow: vision=0 {} memory=4 {'monster': 4} paired=0 median=0.000 unleveled=14:青蛙,10:警衛,189:鹿
2026-09-27 18:06:12.243  INFO   session     Entity shadow: vision=0 {} memory=4 {'monster': 4} paired=0 median=0.000 unleveled=14:青蛙,189:鹿,10:警衛
2026-09-27 18:06:17.478  INFO   session     Entity shadow: vision=0 {} memory=4 {'monster': 4} paired=0 median=0.000 unleveled=189:鹿,14:青蛙,10:警衛
2026-09-27 18:06:22.643  INFO   session     Entity shadow: vision=0 {} memory=3 {'monster': 3} paired=0 median=0.000 unleveled=10:警衛,189:鹿
2026-09-27 18:06:27.783  INFO   session     Entity shadow: vision=0 {} memory=3 {'monster': 3} paired=0 median=0.000 unleveled=10:警衛,189:鹿
2026-09-27 18:06:33.022  INFO   session     Entity shadow: vision=0 {} memory=3 {'monster': 3} paired=0 median=0.000 unleveled=189:鹿,10:警衛
2026-09-27 18:06:38.074  INFO   session     Entity shadow: vision=0 {} memory=2 {'monster': 2} paired=0 median=0.000 unleveled=10:警衛
2026-09-27 18:06:43.174  INFO   session     Entity shadow: vision=0 {} memory=3 {'monster': 3} paired=0 median=0.000 unleveled=10:警衛
2026-09-27 18:06:48.401  INFO   session     Entity shadow: vision=0 {} memory=3 {'monster': 3} paired=0 median=0.000 unleveled=10:警衛
2026-09-27 18:06:53.508  INFO   session     Entity shadow: vision=0 {} memory=4 {'monster': 4} paired=0 median=0.000 unleveled=10:警衛
2026-09-27 18:06:58.331  INFO   decision    mode=traveling behavior=combat action=attack target=19 reason='engage target' status=success
2026-09-27 18:06:59.021  INFO   session     Entity shadow: vision=0 {} memory=3 {'monster': 3} paired=0 median=0.000 unleveled=10:警衛
2026-09-27 18:07:01.739  INFO   decision    mode=traveling behavior=combat action=searching target=- reason='unstick blocked attack' status=success
2026-09-27 18:07:02.115  INFO   decision    mode=traveling behavior=combat action=idle target=- reason='no behavior produced an intent' status=success
2026-09-27 18:07:02.422  INFO   decision    mode=traveling behavior=combat action=searching target=- reason='unstick blocked attack' status=success
2026-09-27 18:07:02.831  INFO   decision    mode=traveling behavior=combat action=idle target=- reason='no behavior produced an intent' status=success
2026-09-27 18:07:03.066  INFO   decision    mode=traveling behavior=combat action=searching target=- reason='unstick blocked attack' status=success
2026-09-27 18:07:03.397  INFO   decision    mode=traveling behavior=combat action=idle target=- reason='no behavior produced an intent' status=success
2026-09-27 18:07:03.677  INFO   decision    mode=traveling behavior=combat action=searching target=- reason='unstick blocked attack' status=success
2026-09-27 18:07:04.015  INFO   decision    mode=traveling behavior=combat action=idle target=- reason='no behavior produced an intent' status=success
2026-09-27 18:07:04.249  INFO   session     Entity shadow: vision=0 {} memory=3 {'monster': 3} paired=0 median=0.000 unleveled=10:警衛
2026-09-27 18:07:04.274  INFO   decision    mode=traveling behavior=combat action=searching target=- reason='unstick blocked attack' status=success
2026-09-27 18:07:04.616  INFO   decision    mode=traveling behavior=combat action=idle target=- reason='no behavior produced an intent' status=success
2026-09-27 18:07:04.897  INFO   decision    mode=traveling behavior=combat action=searching target=- reason='unstick blocked attack' status=success
2026-09-27 18:07:05.237  INFO   decision    mode=traveling behavior=combat action=idle target=- reason='no behavior produced an intent' status=success
2026-09-27 18:07:05.506  INFO   decision    mode=traveling behavior=combat action=searching target=- reason='unstick blocked attack' status=success
2026-09-27 18:07:05.825  INFO   decision    mode=traveling behavior=combat action=idle target=- reason='no behavior produced an intent' status=success
2026-09-27 18:07:06.100  INFO   decision    mode=traveling behavior=combat action=searching target=- reason='unstick blocked attack' status=success
2026-09-27 18:07:06.443  INFO   decision    mode=traveling behavior=combat action=idle target=- reason='no behavior produced an intent' status=success
2026-09-27 18:07:06.690  INFO   decision    mode=traveling behavior=combat action=searching target=- reason='unstick blocked attack' status=success
2026-09-27 18:07:07.002  INFO   decision    mode=traveling behavior=combat action=idle target=- reason='no behavior produced an intent' status=success
2026-09-27 18:07:07.050  INFO   session     정지 → 중지됨
2026-09-27 18:07:07.376  INFO   session     봇 작업이 종료되었습니다
