2026-09-24 15:47:47.469  INFO   session     Loading Manmabot from D:\Work\Lineage\ManmabotV1_final\engine
2026-09-24 15:47:47.473  INFO   session     Session log D:\Work\Lineage\ManmabotV1_final\engine\logs\bot-20260924-154747.log
2026-09-24 15:47:47.473  INFO   session     character=elf loot=all_items game_lang=ko map=mainland farms=['area_3', 'area_2', 'area_1'] file=D:\Work\Lineage\ManmabotV1_final\engine\logs\bot-20260924-154747.log
2026-09-24 15:47:48.195  INFO   nav         building portal graph (cluster=32, 1755x1414)
2026-09-24 15:47:51.635  INFO   nav         portal graph: 2586 components, 3440 ms
2026-09-24 15:47:51.640  INFO   nav         farms=3 safe=0 home=None (files farm=D:\Work\Lineage\ManmabotV1_final\engine\maps\mainland\farms.yaml safe=D:\Work\Lineage\ManmabotV1_final\engine\maps\mainland\safe.yaml home=D:\Work\Lineage\ManmabotV1_final\engine\maps\mainland\home.yaml)
2026-09-24 15:47:51.696  INFO   capture     mss window capture process='LC.exe' title=None content_aspect=4:3
2026-09-24 15:47:52.127  INFO   session     Entity clicks use memory names, species, and world cells. Image recognition still runs. Set memory.entity_source to vision to restore image-only clicks.
2026-09-24 15:47:52.137  INFO   session     Player memory is read in this process (realtime_monitor.dll, offsets.json). No separate console.
2026-09-24 15:47:52.146  INFO   session     Inventory listen scanning in background (build inventory_listen.dll or place inv.json).
2026-09-24 15:47:52.158  INFO   session     Reading hotbar from memory (24 slots)…
2026-09-24 15:47:52.352  INFO   session     Hotbar scan done · hp_potion@box1/f5, talking_scroll@box1/f8
2026-09-24 15:47:52.360  INFO   session     Unmapped hotbar icons: box1/f6:+0 화살 (2,132), box1/f7:아데나 (793), box1/f12:상쾌한 초록 물약
2026-09-24 15:47:52.375  INFO   session     Loop ready · elf · ko · map=mainland · loot=all_items · farms=['area_3', 'area_2', 'area_1']
2026-09-24 15:47:52.692  INFO   session     Entity shadow: vision=0 {} memory=0 {} paired=0 median=0.000
2026-09-24 15:47:52.715  INFO   session     Inventory listen ready (dll) · hp=6 arrows=2132 silver=5 depoison=0
2026-09-24 15:47:52.745  INFO   decision    mode=farming behavior=talking_scroll action=use_talking_scroll target=- reason='return to selected hunt map' status=success
2026-09-24 15:47:53.885  INFO   decision    mode=farming behavior=talking_scroll action=idle target=- reason='waiting talking scroll (hunt map)' status=success
2026-09-24 15:47:54.706  INFO   session     Paused — hotkey
2026-09-24 15:47:59.091  INFO   session     Resume → Running
2026-09-24 15:47:59.332  INFO   session     Entity shadow: vision=2 {'item': 1, 'player': 1} memory=2 {'player': 1, 'item': 1} paired=1 median=0.014
2026-09-24 15:48:00.790  INFO   decision    mode=farming behavior=talking_scroll action=use_talking_scroll target=- reason='return to selected hunt map' status=success
2026-09-24 15:48:01.690  INFO   decision    mode=farming behavior=talking_scroll action=idle target=- reason='waiting talking scroll (hunt map)' status=success
2026-09-24 15:48:03.330  INFO   decision    mode=traveling behavior=traveling action=traveling target=- reason='enter farm area' status=success
2026-09-24 15:48:04.815  INFO   session     Entity shadow: vision=33 {'player': 22, 'npc': 9, 'item': 1, 'monster': 1} memory=34 {'player': 26, 'npc': 6, 'item': 1, 'monster': 1} paired=27 median=0.057 unleveled=319:?
2026-09-24 15:48:04.852  INFO   decision    mode=traveling behavior=loot action=searching target=4 reason='walk onto item' status=success
2026-09-24 15:48:09.836  INFO   session     Entity shadow: vision=22 {'player': 17, 'npc': 4, 'monster': 1} memory=32 {'player': 23, 'npc': 8, 'item': 1} paired=19 median=0.034
2026-09-24 15:48:11.671  INFO   decision    mode=traveling behavior=loot action=pickup target=4 reason='loot target' status=success
2026-09-24 15:48:12.022  INFO   decision    mode=traveling behavior=traveling action=traveling target=- reason='enter farm area' status=success
2026-09-24 15:48:14.937  INFO   session     Entity shadow: vision=26 {'player': 22, 'npc': 3, 'monster': 1} memory=44 {'player': 36, 'npc': 7, 'monster': 1} paired=25 median=0.036
2026-09-24 15:48:20.633  INFO   session     Entity shadow: vision=29 {'player': 23, 'monster': 3, 'npc': 3} memory=35 {'player': 26, 'monster': 1, 'npc': 8} paired=21 median=0.030 unleveled=319:?
2026-09-24 15:48:25.802  INFO   session     Entity shadow: vision=35 {'player': 23, 'npc': 5, 'monster': 7} memory=37 {'player': 29, 'npc': 8} paired=26 median=0.029
2026-09-24 15:48:28.100  INFO   session     Paused — hotkey
2026-09-24 15:51:57.679  INFO   session     Stop → Stopped
