2026-09-23 21:24:17.554  INFO   session     Loading Manmabot from D:\Work\Lineage\ManmabotV1_final\engine
2026-09-23 21:24:17.558  INFO   session     Session log D:\Work\Lineage\ManmabotV1_final\engine\logs\bot-20260923-212417.log
2026-09-23 21:24:17.558  INFO   session     character=elf loot=all_items game_lang=ko map=talking_island farms=['area_1', 'area_3'] file=D:\Work\Lineage\ManmabotV1_final\engine\logs\bot-20260923-212417.log
2026-09-23 21:24:17.620  INFO   nav         building portal graph (cluster=32, 479x511)
2026-09-23 21:24:17.873  INFO   nav         portal graph: 188 components, 253 ms
2026-09-23 21:24:17.879  INFO   nav         farms=2 safe=11 home=(354, 203) (files farm=D:\Work\Lineage\ManmabotV1_final\engine\maps\talking_island\farms.yaml safe=D:\Work\Lineage\ManmabotV1_final\engine\maps\talking_island\safe.yaml home=D:\Work\Lineage\ManmabotV1_final\engine\maps\talking_island\home.yaml)
2026-09-23 21:24:17.896  INFO   capture     mss window capture process='LC.exe' title=None content_aspect=4:3
2026-09-23 21:24:18.255  INFO   session     Entity clicks use memory names, species, and world cells. Image recognition still runs. Set memory.entity_source to vision to restore image-only clicks.
2026-09-23 21:24:18.265  INFO   session     Player memory is read in this process (realtime_monitor.dll, offsets.json). No separate console.
2026-09-23 21:24:18.273  INFO   session     Inventory listen scanning in background (build inventory_listen.dll or place inv.json).
2026-09-23 21:24:18.280  INFO   session     Scanning hotbar (skill boxes 1–3)…
2026-09-23 21:24:22.510  INFO   session     Hotbar scan done · hp_potion@box1/f5, talking_scroll@box1/f8
2026-09-23 21:24:22.515  INFO   session     Loop ready · elf · ko · map=talking_island · loot=all_items · farms=['area_1', 'area_3']
2026-09-23 21:24:23.171  INFO   session     Entity shadow: vision=20 {'player': 17, 'npc': 3} memory=57 {'player': 55, 'npc': 2} paired=18 median=0.026
2026-09-23 21:24:23.211  INFO   session     Inventory listen ready (dll) · hp=8 arrows=2694 silver=5 depoison=0
2026-09-23 21:24:23.250  INFO   decision    mode=farming behavior=talking_scroll action=use_talking_scroll target=- reason='go to shop (buy_hp_potions_mainland)' status=success
2026-09-23 21:24:24.150  INFO   nav         async nav configure start map=mainland
2026-09-23 21:24:24.509  INFO   decision    mode=farming behavior=shop action=shop_stop target=- reason='stop at shop' status=success
2026-09-23 21:24:24.875  INFO   nav         building portal graph (cluster=32, 1755x1414)
2026-09-23 21:24:29.085  INFO   nav         portal graph: 2586 components, 4210 ms
2026-09-23 21:24:29.088  INFO   nav         farms=6 safe=0 home=None (files farm=D:\Work\Lineage\ManmabotV1_final\engine\maps\mainland\farms.yaml safe=D:\Work\Lineage\ManmabotV1_final\engine\maps\mainland\safe.yaml home=D:\Work\Lineage\ManmabotV1_final\engine\maps\mainland\home.yaml)
2026-09-23 21:24:29.088  INFO   nav         async nav configure done map=mainland (4938 ms)
2026-09-23 21:24:30.043  INFO   session     Entity shadow: vision=43 {'player': 38, 'npc': 2, 'monster': 3} memory=100 {'player': 91, 'npc': 8, 'monster': 1} paired=37 median=0.048 unleveled=319:?
2026-09-23 21:24:30.135  INFO   decision    mode=traveling behavior=traveling action=traveling target=- reason='unstick' status=success
2026-09-23 21:24:35.460  INFO   session     Entity shadow: vision=42 {'player': 39, 'monster': 2, 'npc': 1} memory=96 {'player': 87, 'npc': 8, 'monster': 1} paired=39 median=0.033 unleveled=319:?
2026-09-23 21:24:38.952  INFO   session     Paused — hotkey
2026-09-23 21:25:08.413  INFO   session     Stop → Stopped
2026-09-23 21:25:08.691  INFO   session     Bot worker exited
