2026-09-29 18:01:40.329  INFO   session     Loading Manmabot from D:\KRR\1.LCBot\ManmabotV1_final\engine
2026-09-29 18:01:40.362  INFO   session     Session log D:\KRR\1.LCBot\ManmabotV1_final\engine\logs\bot-20260929-180140.log
2026-09-29 18:01:40.380  INFO   session     character=elf loot=adena_only game_lang=ko map=talking_island farms=['area_1', 'area_3'] file=D:\KRR\1.LCBot\ManmabotV1_final\engine\logs\bot-20260929-180140.log
2026-09-29 18:01:40.837  INFO   nav         building portal graph (cluster=32, 479x511)
2026-09-29 18:01:41.525  INFO   nav         portal graph: 188 components, 687 ms
2026-09-29 18:01:41.703  INFO   nav         farms=2 safe=11 home=(354, 203) (files farm=D:\KRR\1.LCBot\ManmabotV1_final\engine\maps\talking_island\farms.yaml safe=D:\KRR\1.LCBot\ManmabotV1_final\engine\maps\talking_island\safe.yaml home=D:\KRR\1.LCBot\ManmabotV1_final\engine\maps\talking_island\home.yaml)
2026-09-29 18:01:42.079  INFO   capture     mss window capture process='LC.exe' title=None content_aspect=4:3
2026-09-29 18:01:42.963  INFO   session     Entity clicks use memory names, species, and world cells. Image recognition still runs. Set memory.entity_source to vision to restore image-only clicks.
2026-09-29 18:01:43.021  INFO   session     Player memory is read in this process (realtime_monitor.dll, offsets.json). No separate console.
2026-09-29 18:01:43.062  INFO   session     Inventory listen scanning in background (inventory_listen.dll or place inv.json).
2026-09-29 18:01:43.113  INFO   session     Reading hotbar from memory (24 slots)…
2026-09-29 18:01:43.640  INFO   session     Hotbar scan done · Power-up@box1/f5, Armor-up@box1/f6, Light@box1/f7, Heal@box1/f8, HP potion@box2/f9, Teleport@box1/f10, Mage attack@box1/f12, Talking scroll@box2/f5, Mother tree@box2/f6, HP to MP@box2/f7
2026-09-29 18:01:43.771  INFO   session     Unmapped hotbar icons: box1/f8:SPELL, box1/f11:Adena, box1/f12:Arrow, box2/f10:Silver Arrow, box2/f12:속도향상 물약, box3/f10:SPELL
2026-09-29 18:01:43.869  INFO   session     Loop ready · Elf · Korean · map=Talking Island · loot=Adená only · farms=Area 1, Area 3
2026-09-29 18:01:44.996  INFO   session     Entity shadow: vision=25 {'player': 22, 'npc': 2, 'monster': 1} memory=46 {'player': 40, 'npc': 6} paired=23 median=0.024
2026-09-29 18:01:45.062  INFO   session     Inventory listen ready (dll) · hp=50 arrows=9301 silver=0 depoison=0
2026-09-29 18:01:45.110  INFO   decision    mode=farming goal=buff action=buff target=- sticky=- origin=(279,198) shop=0 scrolled=0 reason='armor_up' status=success
2026-09-29 18:01:46.085  INFO   search      farm branch=none (wander/search next)
2026-09-29 18:01:46.120  INFO   travel      return/enter farm needed at (279,198)
2026-09-29 18:01:46.143  INFO   search      farm branch=none (wander/search next)
2026-09-29 18:01:46.149  INFO   travel      hop begin wp=(274, 195) purpose=enter_farm reason=enter farm, walk around
2026-09-29 18:01:46.160  INFO   decision    mode=traveling goal=traveling action=traveling target=- sticky=- origin=(279,198) shop=0 scrolled=0 reason='enter farm, walk around' status=success
2026-09-29 18:01:46.847  INFO   search      farm branch=none (wander/search next)
2026-09-29 18:01:47.248  INFO   search      farm branch=none (wander/search next)
2026-09-29 18:01:47.881  INFO   search      farm branch=none (wander/search next)
2026-09-29 18:01:48.302  INFO   travel      hop begin wp=(275, 195) purpose=enter_farm reason=enter farm, walk around
2026-09-29 18:01:48.814  INFO   search      farm branch=none (wander/search next)
2026-09-29 18:01:49.415  INFO   search      farm branch=none (wander/search next)
2026-09-29 18:01:50.519  INFO   session     Entity shadow: vision=24 {'monster': 2, 'player': 20, 'npc': 2} memory=45 {'player': 39, 'npc': 6} paired=21 median=0.025
2026-09-29 18:01:50.725  INFO   search      farm branch=none (wander/search next)
2026-09-29 18:01:51.514  INFO   travel      hop begin wp=(280, 196) purpose=enter_farm reason=unstick nearby
2026-09-29 18:01:52.285  INFO   search      farm branch=none (wander/search next)
2026-09-29 18:01:52.301  INFO   travel      hop arrive wp=(280, 196) purpose=enter_farm
2026-09-29 18:01:52.311  INFO   travel      hop begin wp=(274, 194) purpose=enter_farm reason=enter farm, walk around
2026-09-29 18:01:52.805  INFO   search      farm branch=none (wander/search next)
2026-09-29 18:01:53.018  INFO   travel      hop begin wp=(281, 195) purpose=enter_farm reason=unstick nearby
2026-09-29 18:01:53.526  INFO   search      farm branch=none (wander/search next)
2026-09-29 18:01:53.746  INFO   travel      hop begin wp=(280, 197) purpose=enter_farm reason=unstick nearby
2026-09-29 18:01:54.257  INFO   search      farm branch=none (wander/search next)
2026-09-29 18:01:54.473  INFO   travel      hop arrive wp=(280, 197) purpose=enter_farm
2026-09-29 18:01:54.489  INFO   travel      hop begin wp=(275, 194) purpose=enter_farm reason=enter farm, walk around
2026-09-29 18:01:55.452  INFO   session     Entity shadow: vision=22 {'player': 18, 'npc': 3, 'monster': 1} memory=50 {'player': 42, 'npc': 7, 'monster': 1} paired=18 median=0.061 unleveled=68:警衛
2026-09-29 18:01:55.572  INFO   decision    mode=traveling goal=buff action=buff target=- sticky=- origin=(279,196) shop=0 scrolled=0 reason='light' status=success
2026-09-29 18:01:57.477  INFO   search      farm branch=none (wander/search next)
2026-09-29 18:01:57.745  INFO   travel      hop begin wp=(266, 192) purpose=enter_farm reason=enter farm area
2026-09-29 18:01:58.217  INFO   decision    mode=traveling goal=traveling action=traveling target=- sticky=- origin=(278,194) shop=0 scrolled=0 reason='enter farm area' status=success
2026-09-29 18:01:59.079  INFO   search      farm branch=none (wander/search next)
2026-09-29 18:01:59.566  INFO   nav         unstick TP emit reason=unstick confined
2026-09-29 18:01:59.724  INFO   nav         confined escape fired (bubble timeout)
2026-09-29 18:01:59.741  INFO   decision    mode=traveling goal=unstick action=teleport target=- sticky=- origin=(274,194) shop=0 scrolled=0 reason='unstick confined' status=success
2026-09-29 18:02:01.227  INFO   session     Entity shadow: vision=6 {'player': 5, 'monster': 1} memory=5 {'npc': 1, 'monster': 3, 'player': 1} paired=1 median=0.027 unleveled=68:警衛,10:警衛
2026-09-29 18:02:01.342  INFO   search      farm branch=none (wander/search next)
2026-09-29 18:02:01.358  INFO   travel      hop begin wp=(258, 194) purpose=enter_farm reason=enter farm area
2026-09-29 18:02:01.370  INFO   decision    mode=traveling goal=traveling action=traveling target=- sticky=- origin=(272,194) shop=0 scrolled=0 reason='enter farm area' status=success
2026-09-29 18:02:02.014  INFO   search      farm branch=none (wander/search next)
2026-09-29 18:02:02.737  INFO   search      farm branch=none (wander/search next)
2026-09-29 18:02:03.492  INFO   travel      hop begin wp=(284, 182) purpose=enter_farm reason=enter farm area
2026-09-29 18:02:04.148  INFO   search      farm branch=none (wander/search next)
2026-09-29 18:02:04.471  INFO   search      farm branch=none (wander/search next)
2026-09-29 18:02:05.148  INFO   search      farm branch=none (wander/search next)
2026-09-29 18:02:05.671  INFO   travel      hop begin wp=(283, 181) purpose=enter_farm reason=enter farm area
2026-09-29 18:02:06.318  INFO   session     Entity shadow: vision=4 {'player': 2, 'npc': 2} memory=6 {'player': 1, 'npc': 2, 'monster': 3} paired=0 median=0.000 unleveled=68:警衛,10:警衛
2026-09-29 18:02:06.405  INFO   search      farm branch=none (wander/search next)
2026-09-29 18:02:06.840  INFO   search      farm branch=none (wander/search next)
2026-09-29 18:02:07.435  INFO   search      farm branch=none (wander/search next)
2026-09-29 18:02:07.858  INFO   travel      hop begin wp=(284, 185) purpose=enter_farm reason=enter farm area
2026-09-29 18:02:08.532  INFO   search      farm branch=none (wander/search next)
2026-09-29 18:02:09.262  INFO   search      farm branch=none (wander/search next)
2026-09-29 18:02:10.036  INFO   travel      hop begin wp=(284, 185) purpose=enter_farm reason=enter farm area
2026-09-29 18:02:11.071  INFO   search      farm branch=none (wander/search next)
2026-09-29 18:02:12.147  INFO   session     Entity shadow: vision=18 {'player': 17, 'npc': 1} memory=28 {'player': 23, 'npc': 2, 'monster': 3} paired=15 median=0.030 unleveled=319:?,68:警衛,10:警衛
2026-09-29 18:02:12.250  INFO   search      farm branch=none (wander/search next)
2026-09-29 18:02:12.339  INFO   travel      hop begin wp=(284, 185) purpose=enter_farm reason=enter farm area
2026-09-29 18:02:13.258  INFO   search      farm branch=none (wander/search next)
2026-09-29 18:02:14.531  INFO   search      farm branch=none (wander/search next)
2026-09-29 18:02:15.243  INFO   travel      hop arrive wp=(285, 185) purpose=enter_farm
2026-09-29 18:02:15.346  INFO   travel      hop begin wp=(282, 200) purpose=enter_farm reason=enter farm area
2026-09-29 18:02:16.442  INFO   search      farm branch=none (wander/search next)
2026-09-29 18:02:17.676  INFO   session     Entity shadow: vision=31 {'player': 27, 'npc': 3, 'monster': 1} memory=61 {'player': 55, 'npc': 4, 'monster': 2} paired=27 median=0.070 unleveled=319:?,68:警衛
2026-09-29 18:02:17.770  INFO   search      farm branch=none (wander/search next)
2026-09-29 18:02:18.312  INFO   travel      hop begin wp=(281, 202) purpose=enter_farm reason=enter farm area
2026-09-29 18:02:19.479  INFO   search      farm branch=none (wander/search next)
2026-09-29 18:02:20.504  INFO   search      farm branch=none (wander/search next)
2026-09-29 18:02:20.540  INFO   travel      hop begin wp=(279, 204) purpose=enter_farm reason=enter farm area
2026-09-29 18:02:21.280  INFO   search      farm branch=none (wander/search next)
2026-09-29 18:02:22.104  INFO   search      farm branch=none (wander/search next)
2026-09-29 18:02:22.798  INFO   travel      hop begin wp=(276, 207) purpose=enter_farm reason=enter farm area
2026-09-29 18:02:23.511  INFO   session     Entity shadow: vision=19 {'player': 17, 'npc': 1, 'monster': 1} memory=38 {'npc': 6, 'monster': 1, 'player': 31} paired=17 median=0.034 unleveled=208:兔子
2026-09-29 18:02:23.618  INFO   search      farm branch=none (wander/search next)
2026-09-29 18:02:24.158  INFO   search      farm branch=none (wander/search next)
2026-09-29 18:02:24.847  INFO   search      farm branch=none (wander/search next)
2026-09-29 18:02:25.060  INFO   travel      hop begin wp=(270, 215) purpose=enter_farm reason=enter farm area
2026-09-29 18:02:25.680  INFO   search      farm branch=none (wander/search next)
2026-09-29 18:02:26.167  INFO   search      farm branch=none (wander/search next)
2026-09-29 18:02:26.823  INFO   search      farm branch=none (wander/search next)
2026-09-29 18:02:27.170  INFO   travel      hop begin wp=(271, 207) purpose=enter_farm reason=enter farm, walk around
2026-09-29 18:02:27.813  INFO   search      farm branch=none (wander/search next)
2026-09-29 18:02:28.194  INFO   search      farm branch=none (wander/search next)
2026-09-29 18:02:28.889  INFO   session     Entity shadow: vision=9 {'npc': 2, 'player': 7} memory=16 {'monster': 1, 'npc': 4, 'player': 11} paired=9 median=0.011 unleveled=208:兔子
2026-09-29 18:02:29.454  INFO   search      farm branch=none (wander/search next)
2026-09-29 18:02:30.140  INFO   travel      hop arrive wp=(271, 207) purpose=enter_farm
2026-09-29 18:02:30.152  INFO   travel      hop begin wp=(271, 207) purpose=enter_farm reason=enter farm, walk around
2026-09-29 18:02:30.873  INFO   search      farm branch=none (wander/search next)
2026-09-29 18:02:30.884  INFO   travel      hop arrive wp=(271, 207) purpose=enter_farm
2026-09-29 18:02:30.895  INFO   travel      hop begin wp=(271, 207) purpose=enter_farm reason=enter farm, walk around
2026-09-29 18:02:31.554  INFO   search      farm branch=none (wander/search next)
2026-09-29 18:02:31.606  INFO   travel      hop arrive wp=(271, 207) purpose=enter_farm
2026-09-29 18:02:31.626  INFO   travel      hop begin wp=(272, 207) purpose=enter_farm reason=enter farm, walk around
2026-09-29 18:02:32.298  INFO   search      farm branch=none (wander/search next)
2026-09-29 18:02:32.360  INFO   travel      hop arrive wp=(272, 207) purpose=enter_farm
2026-09-29 18:02:32.371  INFO   travel      hop begin wp=(267, 201) purpose=enter_farm reason=enter farm, walk around
2026-09-29 18:02:33.010  INFO   search      farm branch=none (wander/search next)
2026-09-29 18:02:33.605  INFO   search      farm branch=none (wander/search next)
2026-09-29 18:02:34.011  INFO   session     Entity shadow: vision=13 {'player': 12, 'npc': 1} memory=23 {'player': 17, 'npc': 5, 'monster': 1} paired=13 median=0.050 unleveled=208:兔子
2026-09-29 18:02:34.076  INFO   search      farm branch=none (wander/search next)
2026-09-29 18:02:34.521  INFO   travel      hop begin wp=(267, 201) purpose=enter_farm reason=enter farm, walk around
2026-09-29 18:02:35.020  INFO   search      farm branch=none (wander/search next)
2026-09-29 18:02:35.521  INFO   search      farm branch=none (wander/search next)
2026-09-29 18:02:36.616  INFO   search      farm branch=none (wander/search next)
2026-09-29 18:02:36.983  INFO   travel      hop begin wp=(268, 201) purpose=enter_farm reason=enter farm, walk around
2026-09-29 18:02:37.421  INFO   search      farm branch=none (wander/search next)
2026-09-29 18:02:38.106  INFO   search      farm branch=none (wander/search next)
2026-09-29 18:02:38.686  INFO   search      farm branch=none (wander/search next)
2026-09-29 18:02:39.156  INFO   travel      hop begin wp=(267, 200) purpose=enter_farm reason=enter farm, walk around
2026-09-29 18:02:39.866  INFO   session     Entity shadow: vision=16 {'player': 13, 'npc': 2, 'monster': 1} memory=23 {'monster': 1, 'npc': 5, 'player': 17} paired=15 median=0.026 unleveled=208:兔子
2026-09-29 18:02:39.973  INFO   nav         unstick TP emit reason=unstick confined
2026-09-29 18:02:39.974  INFO   nav         confined escape fired (bubble timeout)
2026-09-29 18:02:39.992  INFO   decision    mode=traveling goal=unstick action=teleport target=- sticky=- origin=(272,203) shop=0 scrolled=0 reason='unstick confined' status=success
2026-09-29 18:02:41.281  INFO   search      farm branch=none (wander/search next)
2026-09-29 18:02:41.571  INFO   travel      hop begin wp=(267, 201) purpose=enter_farm reason=enter farm, walk around
2026-09-29 18:02:41.583  INFO   travel      unstick purpose=enter_farm wp=(267, 201)
2026-09-29 18:02:41.603  INFO   decision    mode=traveling goal=traveling action=traveling target=- sticky=- origin=(272,203) shop=0 scrolled=0 reason='enter farm, walk around' status=success
2026-09-29 18:02:42.387  INFO   search      farm branch=none (wander/search next)
2026-09-29 18:02:43.093  INFO   travel      hop begin wp=(185, 162) purpose=enter_farm reason=enter farm area
2026-09-29 18:02:43.617  INFO   search      farm branch=none (wander/search next)
2026-09-29 18:02:44.049  INFO   search      farm branch=none (wander/search next)
2026-09-29 18:02:44.472  INFO   search      farm branch=none (wander/search next)
2026-09-29 18:02:44.747  INFO   session     Entity shadow: vision=1 {'monster': 1} memory=1 {'monster': 1} paired=1 median=0.015
2026-09-29 18:02:44.823  INFO   search      farm branch=none (wander/search next)
2026-09-29 18:02:45.282  INFO   travel      hop begin wp=(185, 163) purpose=enter_farm reason=enter farm area
2026-09-29 18:02:45.785  INFO   search      farm branch=none (wander/search next)
2026-09-29 18:02:46.255  INFO   search      farm branch=none (wander/search next)
2026-09-29 18:02:46.707  INFO   search      farm branch=none (wander/search next)
2026-09-29 18:02:46.919  INFO   search      farm branch=none (wander/search next)
2026-09-29 18:02:47.299  INFO   search      farm branch=none (wander/search next)
2026-09-29 18:02:47.482  INFO   travel      hop begin wp=(188, 166) purpose=enter_farm reason=enter farm area
2026-09-29 18:02:47.773  INFO   search      farm branch=none (wander/search next)
2026-09-29 18:02:48.956  INFO   search      farm branch=none (wander/search next)
2026-09-29 18:02:49.631  INFO   travel      hop begin wp=(189, 166) purpose=enter_farm reason=enter farm area
2026-09-29 18:02:50.393  INFO   session     Entity shadow: vision=1 {'player': 1} memory=0 {} paired=0 median=0.000
2026-09-29 18:02:50.497  INFO   search      farm branch=none (wander/search next)
2026-09-29 18:02:50.762  INFO   search      farm branch=none (wander/search next)
2026-09-29 18:02:51.348  INFO   search      farm branch=none (wander/search next)
2026-09-29 18:02:51.349  INFO   travel      hop arrive wp=(189, 166) purpose=enter_farm
2026-09-29 18:02:51.364  INFO   travel      hop begin wp=(196, 171) purpose=enter_farm reason=enter farm area
2026-09-29 18:02:52.169  INFO   search      farm branch=none (wander/search next)
2026-09-29 18:02:52.756  INFO   search      farm branch=none (wander/search next)
2026-09-29 18:02:53.218  INFO   search      farm branch=none (wander/search next)
2026-09-29 18:02:53.270  INFO   travel      hop arrive wp=(196, 171) purpose=enter_farm
2026-09-29 18:02:53.299  INFO   travel      hop begin wp=(203, 174) purpose=enter_farm reason=enter farm area
2026-09-29 18:02:54.018  INFO   search      farm branch=none (wander/search next)
2026-09-29 18:02:54.737  INFO   search      farm branch=none (wander/search next)
2026-09-29 18:02:55.011  INFO   combat      farm branch=screen_combat id=178 dist=13
2026-09-29 18:02:55.020  INFO   combat      engage id=178 species=monster_오크 전사_8 rel=(3,13)
2026-09-29 18:02:55.030  INFO   decision    mode=traveling goal=combat action=attack target=178 sticky=178 origin=(198,173) shop=0 scrolled=0 reason='screen engage' status=success
2026-09-29 18:02:56.244  INFO   session     Entity shadow: vision=3 {'player': 1, 'monster': 2} memory=2 {'monster': 2} paired=1 median=0.049
2026-09-29 18:02:56.320  INFO   combat      farm branch=sticky id=178 dist=10
2026-09-29 18:02:56.325  INFO   combat      wall/fence LOS blocked id=178 — A* detour hop to (196, 177)
2026-09-29 18:02:56.337  INFO   decision    mode=traveling goal=combat action=searching target=178 sticky=178 origin=(200,175) shop=0 scrolled=0 reason='wall detour A*' status=success
2026-09-29 18:02:56.924  INFO   combat      farm branch=sticky id=178 dist=7
2026-09-29 18:02:56.991  INFO   decision    mode=traveling goal=combat action=attack target=178 sticky=178 origin=(202,177) shop=0 scrolled=0 reason='attack target' status=success
2026-09-29 18:02:57.664  INFO   combat      farm branch=sticky id=178 dist=6
2026-09-29 18:02:58.071  INFO   combat      farm branch=sticky id=178 dist=3
2026-09-29 18:02:58.803  INFO   combat      farm branch=sticky id=178 dist=2
2026-09-29 18:02:59.492  INFO   combat      farm branch=sticky id=178 dist=1
2026-09-29 18:03:00.679  INFO   combat      farm branch=sticky id=183 dist=1
2026-09-29 18:03:01.365  INFO   decision    mode=traveling goal=combat action=attack target=183 sticky=183 origin=(199,180) shop=0 scrolled=0 reason='attack target' status=success
2026-09-29 18:03:01.606  INFO   session     Paused — hotkey
2026-09-29 18:03:02.130  INFO   session     Entity shadow: vision=2 {'item': 1, 'monster': 1} memory=3 {'monster': 2, 'item': 1} paired=2 median=0.068
2026-09-29 18:03:07.541  INFO   session     Stop → Stopped
