2026-09-24 01:39:40.032  INFO   session     Loading Manmabot from D:\Work\Lineage\ManmabotV1_final\engine
2026-09-24 01:39:40.035  INFO   session     Session log D:\Work\Lineage\ManmabotV1_final\engine\logs\bot-20260924-013940.log
2026-09-24 01:39:40.035  INFO   session     character=elf loot=all_items game_lang=ko map=talking_island farms=['area_3', 'area_2'] file=D:\Work\Lineage\ManmabotV1_final\engine\logs\bot-20260924-013940.log
2026-09-24 01:39:40.262  INFO   nav         building portal graph (cluster=32, 479x511)
2026-09-24 01:39:40.513  INFO   nav         portal graph: 188 components, 250 ms
2026-09-24 01:39:40.535  INFO   nav         farms=2 safe=11 home=(354, 203) (files farm=D:\Work\Lineage\ManmabotV1_final\engine\maps\talking_island\farms.yaml safe=D:\Work\Lineage\ManmabotV1_final\engine\maps\talking_island\safe.yaml home=D:\Work\Lineage\ManmabotV1_final\engine\maps\talking_island\home.yaml)
2026-09-24 01:39:40.802  INFO   capture     mss window capture process='LC.exe' title=None content_aspect=4:3
2026-09-24 01:39:41.126  INFO   session     Entity clicks use memory names, species, and world cells. Image recognition still runs. Set memory.entity_source to vision to restore image-only clicks.
2026-09-24 01:39:41.133  INFO   session     Player memory is read in this process (realtime_monitor.dll, offsets.json). No separate console.
2026-09-24 01:39:41.138  INFO   session     Inventory listen scanning in background (build inventory_listen.dll or place inv.json).
2026-09-24 01:39:41.143  INFO   session     Reading hotbar from memory (24 slots)…
2026-09-24 01:39:41.768  INFO   session     Hotbar scan done · hp_potion@box1/f5, talking_scroll@box1/f8
2026-09-24 01:39:41.773  INFO   session     Unmapped hotbar icons: box1/f6:+0 화살 (2,420), box1/f7:아데나 (639), box1/f12:상쾌한 초록 물약
2026-09-24 01:39:41.791  INFO   session     Loop ready · elf · ko · map=talking_island · loot=all_items · farms=['area_3', 'area_2']
2026-09-24 01:39:42.145  INFO   session     Entity shadow: vision=1 {'player': 1} memory=0 {} paired=0 median=0.000
2026-09-24 01:39:42.162  INFO   session     Inventory listen ready (dll) · hp=6 arrows=2420 silver=5 depoison=0
2026-09-24 01:39:42.218  INFO   decision    mode=farming behavior=talking_scroll action=use_talking_scroll target=- reason='go to shop (sell_garbage_ch)' status=success
2026-09-24 01:39:45.664  INFO   decision    mode=farming behavior=shop action=shop_stop target=- reason='stop at shop' status=success
2026-09-24 01:39:46.311  INFO   decision    mode=farming behavior=shop action=shop_buy_arrows target=- reason='shop:sell_garbage_ch' status=success
2026-09-24 01:40:22.374  INFO   session     Entity shadow: vision=20 {'player': 18, 'npc': 1, 'monster': 1} memory=48 {'player': 46, 'npc': 2} paired=18 median=0.046
2026-09-24 01:40:22.447  INFO   decision    mode=farming behavior=talking_scroll action=use_talking_scroll target=- reason='go to shop (sell_garbage_weapon_ch)' status=success
2026-09-24 01:40:25.125  INFO   nav         async nav configure start map=mainland
2026-09-24 01:40:25.843  INFO   decision    mode=farming behavior=shop action=idle target=- reason='waiting for shop map (sell_garbage_weapon_ch)' status=success
2026-09-24 01:40:26.097  INFO   nav         building portal graph (cluster=32, 1755x1414)
2026-09-24 01:40:29.951  INFO   nav         portal graph: 2586 components, 3853 ms
2026-09-24 01:40:29.958  INFO   nav         farms=6 safe=0 home=None (files farm=D:\Work\Lineage\ManmabotV1_final\engine\maps\mainland\farms.yaml safe=D:\Work\Lineage\ManmabotV1_final\engine\maps\mainland\safe.yaml home=D:\Work\Lineage\ManmabotV1_final\engine\maps\mainland\home.yaml)
2026-09-24 01:40:29.958  INFO   nav         async nav configure done map=mainland (4833 ms)
2026-09-24 01:40:30.149  INFO   session     Entity shadow: vision=19 {'npc': 3, 'player': 16} memory=43 {'player': 41, 'npc': 2} paired=15 median=0.029
2026-09-24 01:40:30.294  INFO   decision    mode=traveling behavior=traveling action=traveling target=- reason='unstick' status=success
2026-09-24 01:40:35.699  INFO   session     Entity shadow: vision=21 {'player': 19, 'npc': 2} memory=46 {'player': 44, 'npc': 2} paired=20 median=0.024
2026-09-24 01:40:40.887  INFO   session     Entity shadow: vision=23 {'player': 21, 'npc': 2} memory=46 {'player': 44, 'npc': 2} paired=21 median=0.005
2026-09-24 01:40:45.984  INFO   session     Entity shadow: vision=10 {'player': 9, 'monster': 1} memory=46 {'player': 44, 'npc': 2} paired=9 median=0.090
2026-09-24 01:40:48.511  INFO   session     Paused — hotkey
2026-09-24 01:40:49.866  INFO   session     Stop → Stopped (정지 — 게임 창이 닫혔습니다.)
2026-09-24 01:40:49.943  INFO   session     Bot worker exited
