2026-09-24 20:56:28.141  INFO   session     Loading Manmabot from D:\Work\Lineage\ManmabotV1_final\engine
2026-09-24 20:56:28.145  INFO   session     Session log D:\Work\Lineage\ManmabotV1_final\engine\logs\bot-20260924-205628.log
2026-09-24 20:56:28.145  INFO   session     character=elf loot=all_items game_lang=ko map=talking_island farms=['area_2', 'area_1', 'area_3'] file=D:\Work\Lineage\ManmabotV1_final\engine\logs\bot-20260924-205628.log
2026-09-24 20:56:28.357  INFO   nav         building portal graph (cluster=32, 479x511)
2026-09-24 20:56:28.605  INFO   nav         portal graph: 188 components, 247 ms
2026-09-24 20:56:28.612  INFO   nav         farms=3 safe=11 home=(354, 203) (files farm=D:\Work\Lineage\ManmabotV1_final\engine\maps\talking_island\farms.yaml safe=D:\Work\Lineage\ManmabotV1_final\engine\maps\talking_island\safe.yaml home=D:\Work\Lineage\ManmabotV1_final\engine\maps\talking_island\home.yaml)
2026-09-24 20:56:28.926  INFO   capture     mss window capture process='LC.exe' title=None content_aspect=4:3
2026-09-24 20:56:29.276  INFO   session     Entity clicks use memory names, species, and world cells. Image recognition still runs. Set memory.entity_source to vision to restore image-only clicks.
2026-09-24 20:56:29.283  INFO   session     Player memory is read in this process (realtime_monitor.dll, offsets.json). No separate console.
2026-09-24 20:56:29.289  INFO   session     Inventory listen scanning in background (build inventory_listen.dll or place inv.json).
2026-09-24 20:56:29.293  INFO   session     Reading hotbar from memory (24 slots)…
2026-09-24 20:56:29.403  INFO   session     Hotbar scan done · hp_potion@box1/f5, talking_scroll@box1/f8
2026-09-24 20:56:29.408  INFO   session     Unmapped hotbar icons: box1/f6:+0 화살 (826), box1/f7:아데나 (1,277), box1/f9:初級治癒術, box1/f10:日光術, box1/f11:傳送術, box1/f12:光箭, box2/f5:保護罩, box2/f6:冰箭, box2/f7:風刃, box2/f8:神聖武器
2026-09-24 20:56:29.580  INFO   session     Loop ready · elf · ko · map=talking_island · loot=all_items · farms=['area_2', 'area_1', 'area_3']
2026-09-24 20:56:30.049  INFO   session     Entity shadow: vision=5 {'npc': 2, 'monster': 2, 'player': 1} memory=7 {'monster': 4, 'npc': 3} paired=2 median=0.018 unleveled=68:警衛,10:警衛
2026-09-24 20:56:30.085  INFO   session     Inventory listen ready (dll) · hp=2 arrows=826 silver=5 depoison=0
2026-09-24 20:56:30.117  INFO   decision    mode=farming behavior=combat action=attack target=1 reason='engage target' status=success
2026-09-24 20:56:35.111  INFO   session     Entity shadow: vision=4 {'npc': 2, 'monster': 1, 'player': 1} memory=7 {'monster': 4, 'npc': 3} paired=1 median=0.018 unleveled=68:警衛,10:警衛
2026-09-24 20:56:35.639  INFO   decision    mode=traveling behavior=traveling action=traveling target=- reason='enter farm area' status=success
2026-09-24 20:56:38.192  INFO   decision    mode=traveling behavior=combat action=attack target=2 reason='engage target' status=success
2026-09-24 20:56:40.186  INFO   session     Entity shadow: vision=4 {'npc': 2, 'monster': 1, 'player': 1} memory=6 {'monster': 3, 'npc': 3} paired=1 median=0.058 unleveled=68:警衛,10:警衛
2026-09-24 20:56:45.367  INFO   session     Entity shadow: vision=5 {'monster': 2, 'npc': 2, 'player': 1} memory=7 {'monster': 4, 'npc': 3} paired=2 median=0.026 unleveled=68:警衛,10:警衛
2026-09-24 20:56:48.259  INFO   decision    mode=traveling behavior=dismiss_level_up action=dismiss_level_up target=- reason='level up, close dialog' status=success
2026-09-24 20:56:48.883  INFO   decision    mode=traveling behavior=loot action=pickup target=9 reason='engage item' status=success
2026-09-24 20:56:49.266  INFO   decision    mode=traveling behavior=loot action=idle target=- reason='pickup settle' status=success
2026-09-24 20:56:49.605  INFO   decision    mode=traveling behavior=combat action=attack target=8 reason='engage target' status=success
2026-09-24 20:56:50.554  INFO   session     Entity shadow: vision=5 {'npc': 2, 'player': 1, 'monster': 2} memory=6 {'monster': 3, 'npc': 3} paired=1 median=0.008 unleveled=68:警衛,10:警衛
2026-09-24 20:56:52.485  INFO   decision    mode=traveling behavior=traveling action=traveling target=- reason='enter farm area' status=success
2026-09-24 20:56:52.982  INFO   decision    mode=traveling behavior=combat action=attack target=10 reason='engage target' status=success
2026-09-24 20:56:55.597  INFO   session     Entity shadow: vision=3 {'npc': 2, 'player': 1} memory=6 {'monster': 3, 'npc': 3} paired=0 median=0.000 unleveled=68:警衛,10:警衛
2026-09-24 20:57:00.690  INFO   session     Entity shadow: vision=3 {'npc': 2, 'monster': 1} memory=6 {'monster': 3, 'npc': 3} paired=0 median=0.000 unleveled=68:警衛,10:警衛
2026-09-24 20:57:04.928  INFO   decision    mode=traveling behavior=combat action=attack target=10 reason='attack target' status=success (repeat)
2026-09-24 20:57:05.852  INFO   session     Entity shadow: vision=3 {'npc': 2, 'monster': 1} memory=6 {'monster': 3, 'npc': 3} paired=0 median=0.000 unleveled=68:警衛,10:警衛
2026-09-24 20:57:08.016  INFO   decision    mode=traveling behavior=traveling action=traveling target=- reason='enter farm area' status=success
2026-09-24 20:57:10.869  INFO   session     Entity shadow: vision=4 {'player': 1, 'npc': 2, 'monster': 1} memory=4 {'monster': 1, 'npc': 3} paired=1 median=0.108 unleveled=10:警衛
2026-09-24 20:57:15.994  INFO   session     Entity shadow: vision=1 {'player': 1} memory=0 {} paired=0 median=0.000
2026-09-24 20:57:16.966  INFO   decision    mode=traveling behavior=traveling action=traveling target=- reason='enter farm area' status=success (repeat)
2026-09-24 20:57:21.142  INFO   session     Entity shadow: vision=1 {'player': 1} memory=0 {} paired=0 median=0.000
2026-09-24 20:57:22.470  INFO   decision    mode=traveling behavior=combat action=attack target=11 reason='engage target' status=success
2026-09-24 20:57:26.145  INFO   session     Entity shadow: vision=2 {'monster': 1, 'player': 1} memory=2 {'monster': 2} paired=1 median=0.014 unleveled=207:兔子
2026-09-24 20:57:31.270  INFO   session     Entity shadow: vision=3 {'player': 1, 'monster': 2} memory=3 {'monster': 3} paired=2 median=0.028 unleveled=207:兔子
2026-09-24 20:57:34.507  INFO   decision    mode=traveling behavior=combat action=attack target=11 reason='attack target' status=success (repeat)
2026-09-24 20:57:36.350  INFO   session     Entity shadow: vision=2 {'monster': 1, 'player': 1} memory=3 {'monster': 3} paired=1 median=0.042 unleveled=207:兔子
2026-09-24 20:57:37.499  INFO   decision    mode=traveling behavior=combat action=attack target=13 reason='engage target' status=success
2026-09-24 20:57:39.435  INFO   decision    mode=traveling behavior=survival_potion action=use_hp_potion target=- reason='critical hp, cannot heal' status=success
2026-09-24 20:57:40.687  INFO   decision    mode=traveling behavior=combat action=attack target=13 reason='attack target' status=success
2026-09-24 20:57:41.423  INFO   session     Entity shadow: vision=2 {'monster': 1, 'item': 1} memory=2 {'monster': 2} paired=1 median=0.040
2026-09-24 20:57:42.403  INFO   decision    mode=traveling behavior=survival_potion action=use_hp_potion target=- reason='critical hp, cannot heal' status=success
2026-09-24 20:57:46.677  INFO   session     Entity shadow: vision=3 {'player': 1, 'monster': 2} memory=2 {'monster': 2} paired=2 median=0.017
2026-09-24 20:57:52.144  INFO   session     Entity shadow: vision=18 {'monster': 3, 'player': 13, 'npc': 2} memory=59 {'npc': 7, 'monster': 1, 'player': 51} paired=14 median=0.024 unleveled=14:青蛙
2026-09-24 20:57:57.262  INFO   session     Entity shadow: vision=18 {'player': 15, 'npc': 1, 'monster': 2} memory=58 {'npc': 8, 'player': 49, 'monster': 1} paired=14 median=0.022 unleveled=14:青蛙
2026-09-24 20:58:02.273  INFO   session     Entity shadow: vision=16 {'player': 14, 'npc': 1, 'monster': 1} memory=51 {'player': 44, 'npc': 7} paired=14 median=0.026
2026-09-24 20:58:07.102  INFO   decision    mode=traveling behavior=survival_potion action=use_hp_potion target=- reason='critical hp, cannot heal' status=success (repeat)
2026-09-24 20:58:07.958  INFO   session     Entity shadow: vision=20 {'player': 16, 'npc': 3, 'monster': 1} memory=55 {'player': 47, 'npc': 7, 'monster': 1} paired=18 median=0.022 unleveled=14:青蛙
2026-09-24 20:58:13.447  INFO   session     Entity shadow: vision=0 {} memory=49 {'player': 45, 'npc': 4} paired=0 median=0.000
2026-09-24 20:58:18.587  INFO   session     Entity shadow: vision=0 {} memory=49 {'player': 43, 'npc': 5, 'monster': 1} paired=0 median=0.000 unleveled=14:青蛙
2026-09-24 20:58:24.107  INFO   session     Entity shadow: vision=0 {} memory=47 {'npc': 4, 'monster': 2, 'player': 41} paired=0 median=0.000 unleveled=14:青蛙
2026-09-24 20:58:29.435  INFO   session     Entity shadow: vision=0 {} memory=48 {'player': 41, 'npc': 5, 'monster': 2} paired=0 median=0.000 unleveled=14:青蛙
2026-09-24 20:58:32.947  INFO   decision    mode=traveling behavior=talking_scroll action=use_talking_scroll target=- reason='go to shop (buy_hp_potions_talking_ch)' status=success
2026-09-24 20:58:35.172  INFO   session     Paused — hotkey
2026-09-24 21:01:45.985  INFO   session     Stop → Stopped
2026-09-24 21:01:46.255  INFO   session     Bot worker exited
