2026-09-08 01:42:13.130  INFO   session     Loading Manmabot from D:\ManmabotV1\ManmabotV1\engine
2026-09-08 01:42:13.134  INFO   session     Session log D:\ManmabotV1\ManmabotV1\engine\logs\bot-20260908-014213.log
2026-09-08 01:42:13.135  INFO   session     character=elf loot=all_items game_lang=ko map=mainland farms=['area_1', 'area_2', 'area_3', 'area_4', 'area_5', 'area_6'] file=D:\ManmabotV1\ManmabotV1\engine\logs\bot-20260908-014213.log
2026-09-08 01:42:14.013  INFO   nav         building portal graph (cluster=32, 1755x1414)
2026-09-08 01:42:17.979  INFO   nav         portal graph: 2586 components, 3965 ms
2026-09-08 01:42:17.983  INFO   nav         farms=6 safe=0 home=None (files farm=D:\ManmabotV1\ManmabotV1\engine\maps\mainland\farms.yaml safe=D:\ManmabotV1\ManmabotV1\engine\maps\mainland\safe.yaml home=D:\ManmabotV1\ManmabotV1\engine\maps\mainland\home.yaml)
2026-09-08 01:42:17.987  INFO   capture     mss window capture process='LC.exe' title=None content_aspect=4:3
2026-09-08 01:42:18.036  INFO   session     Auto-resume → Running
2026-09-08 01:42:18.419  INFO   session     Memory monitor connected
2026-09-08 01:42:18.429  INFO   session     Loop ready · elf · ko · map=mainland · loot=all_items · farms=['area_1', 'area_2', 'area_3', 'area_4', 'area_5', 'area_6']
2026-09-08 01:42:18.912  INFO   decision    mode=traveling behavior=unstick action=teleport target=- reason='unstick teleport' status=success
2026-09-08 01:42:18.979  INFO   session     Auto-pause (cursor_outside)
2026-09-08 01:42:19.261  INFO   session     Auto-resume → Running
2026-09-08 01:42:19.543  INFO   session     Auto-pause (cursor_outside)
2026-09-08 01:42:20.680  INFO   session     Auto-resume → Running
2026-09-08 01:42:20.905  INFO   decision    mode=traveling behavior=traveling action=idle target=- reason='enter farm, path blocked' status=success
2026-09-08 01:42:21.164  INFO   decision    mode=traveling behavior=enter_farm action=idle target=- reason='enter farm, path blocked' status=success
2026-09-08 01:42:30.875  INFO   decision    mode=traveling behavior=enter_farm action=idle target=- reason='enter farm, path blocked' status=success (repeat)
2026-09-08 01:42:38.925  INFO   decision    mode=traveling behavior=unstick action=teleport target=- reason='unstick teleport' status=success
2026-09-08 01:42:40.152  INFO   decision    mode=traveling behavior=traveling action=idle target=- reason='enter farm, path blocked' status=success
2026-09-08 01:42:40.359  INFO   decision    mode=traveling behavior=enter_farm action=idle target=- reason='enter farm, path blocked' status=success
2026-09-08 01:42:50.293  INFO   decision    mode=traveling behavior=enter_farm action=idle target=- reason='enter farm, path blocked' status=success (repeat)
2026-09-08 01:42:59.142  INFO   decision    mode=traveling behavior=unstick action=teleport target=- reason='unstick teleport' status=success
2026-09-08 01:43:00.318  INFO   decision    mode=traveling behavior=traveling action=idle target=- reason='enter farm, path blocked' status=success
2026-09-08 01:43:00.552  INFO   decision    mode=traveling behavior=enter_farm action=idle target=- reason='enter farm, path blocked' status=success
2026-09-08 01:43:10.335  INFO   decision    mode=traveling behavior=enter_farm action=idle target=- reason='enter farm, path blocked' status=success (repeat)
2026-09-08 01:43:19.291  INFO   decision    mode=traveling behavior=unstick action=teleport target=- reason='unstick teleport' status=success
2026-09-08 01:43:20.435  INFO   decision    mode=traveling behavior=traveling action=idle target=- reason='enter farm, path blocked' status=success
2026-09-08 01:43:20.620  INFO   decision    mode=traveling behavior=enter_farm action=idle target=- reason='enter farm, path blocked' status=success
2026-09-08 01:43:22.023  INFO   session     Auto-pause (cursor_outside)
2026-09-08 01:43:22.317  INFO   session     Auto-resume → Running
2026-09-08 01:43:22.604  INFO   session     Auto-pause (not_focused)
2026-09-08 01:43:23.479  INFO   session     Auto-resume → Running
2026-09-08 01:43:31.594  INFO   decision    mode=traveling behavior=enter_farm action=idle target=- reason='enter farm, path blocked' status=success (repeat)
2026-09-08 01:43:39.316  INFO   decision    mode=traveling behavior=unstick action=teleport target=- reason='unstick teleport' status=success
2026-09-08 01:43:40.340  INFO   decision    mode=traveling behavior=traveling action=idle target=- reason='enter farm, path blocked' status=success
2026-09-08 01:43:40.577  INFO   decision    mode=traveling behavior=enter_farm action=idle target=- reason='enter farm, path blocked' status=success
2026-09-08 01:43:44.281  INFO   session     Auto-pause (cursor_outside)
2026-09-08 01:43:44.587  INFO   session     Auto-resume → Running
2026-09-08 01:43:44.893  INFO   session     Auto-pause (not_focused)
2026-09-08 01:43:49.445  INFO   session     Auto-resume → Running
2026-09-08 01:43:55.636  INFO   decision    mode=traveling behavior=enter_farm action=idle target=- reason='enter farm, path blocked' status=success (repeat)
2026-09-08 01:43:59.456  INFO   decision    mode=traveling behavior=unstick action=teleport target=- reason='unstick teleport' status=success
2026-09-08 01:44:00.483  INFO   decision    mode=traveling behavior=traveling action=idle target=- reason='enter farm, path blocked' status=success
2026-09-08 01:44:00.704  INFO   decision    mode=traveling behavior=enter_farm action=idle target=- reason='enter farm, path blocked' status=success
2026-09-08 01:44:05.857  INFO   session     Auto-pause (cursor_outside)
2026-09-08 01:44:06.147  INFO   session     Auto-resume → Running
2026-09-08 01:44:06.452  INFO   session     Auto-pause (cursor_outside)
2026-09-08 01:45:07.008  INFO   session     Auto-resume → Running
2026-09-08 01:45:07.299  INFO   decision    mode=traveling behavior=unstick action=teleport target=- reason='unstick teleport' status=success
2026-09-08 01:45:08.254  INFO   decision    mode=traveling behavior=traveling action=idle target=- reason='enter farm, path blocked' status=success
2026-09-08 01:45:08.431  INFO   decision    mode=traveling behavior=enter_farm action=idle target=- reason='enter farm, path blocked' status=success
2026-09-08 01:45:09.090  INFO   session     Auto-pause (cursor_outside)
2026-09-08 01:45:09.389  INFO   session     Auto-resume → Running
2026-09-08 01:45:09.703  INFO   session     Auto-pause (not_focused)
2026-09-08 01:45:11.975  INFO   session     Auto-resume → Running
2026-09-08 01:45:12.265  INFO   session     Auto-pause (cursor_outside)
2026-09-08 01:45:12.552  INFO   session     Auto-resume → Running
2026-09-08 01:45:12.841  INFO   session     Auto-pause (not_focused)
2026-09-08 01:45:17.115  INFO   session     Auto-resume → Running
2026-09-08 01:45:17.418  INFO   session     Auto-pause (cursor_outside)
2026-09-08 01:45:17.715  INFO   session     Auto-resume → Running
2026-09-08 01:45:18.053  INFO   session     Auto-pause (cursor_outside)
2026-09-08 01:45:18.347  INFO   session     Auto-resume → Running
2026-09-08 01:45:18.655  INFO   session     Auto-pause (cursor_outside)
2026-09-08 01:46:29.083  INFO   session     Stop → Stopped
