2026-09-17 22:33:17.451  INFO   session     Loading Manmabot from D:\Production\Manma\ManmabotV1(with autologin)1\engine
2026-09-17 22:33:17.453  INFO   session     Session log D:\Production\Manma\ManmabotV1(with autologin)1\engine\logs\bot-20260917-223317.log
2026-09-17 22:33:17.453  INFO   session     character=elf loot=all_items game_lang=ko map=talking_island farms=['area_1', 'area_2', 'area_3', 'area_4'] file=D:\Production\Manma\ManmabotV1(with autologin)1\engine\logs\bot-20260917-223317.log
2026-09-17 22:33:18.655  INFO   session     Auto-pause (cursor_outside)
2026-09-17 22:33:18.917  INFO   session     Auto-resume → Running
2026-09-17 22:33:19.183  INFO   session     Auto-pause (cursor_outside)
2026-09-17 22:33:19.322  INFO   nav         building portal graph (cluster=32, 479x511)
2026-09-17 22:33:19.485  INFO   nav         portal graph: 188 components, 163 ms
2026-09-17 22:33:19.489  INFO   nav         farms=4 safe=11 home=(354, 203) (files farm=D:\Production\Manma\ManmabotV1(with autologin)1\engine\maps\talking_island\farms.yaml safe=D:\Production\Manma\ManmabotV1(with autologin)1\engine\maps\talking_island\safe.yaml home=D:\Production\Manma\ManmabotV1(with autologin)1\engine\maps\talking_island\home.yaml)
2026-09-17 22:33:19.490  INFO   session     Auto-resume → Running
2026-09-17 22:33:19.501  INFO   capture     mss window capture process='LC.exe' title=None content_aspect=4:3
2026-09-17 22:33:19.761  INFO   session     Auto-pause (cursor_outside)
2026-09-17 22:33:20.023  INFO   session     Auto-resume → Running
2026-09-17 22:33:20.286  INFO   session     Auto-pause (cursor_outside)
2026-09-17 22:33:20.432  INFO   session     Memory monitor connected
2026-09-17 22:33:20.434  INFO   session     Scanning hotbar (skill boxes 1–3)…
2026-09-17 22:33:20.547  INFO   session     Auto-resume → Running
2026-09-17 22:33:20.811  INFO   session     Auto-pause (cursor_outside)
2026-09-17 22:33:21.079  INFO   session     Auto-resume → Running
2026-09-17 22:33:22.574  INFO   session     Hotbar scan done · no mapped roles
2026-09-17 22:33:22.576  INFO   session     Loop ready · elf · ko · map=talking_island · loot=all_items · farms=['area_1', 'area_2', 'area_3', 'area_4']
2026-09-17 22:33:22.922  INFO   decision    mode=traveling behavior=traveling action=idle target=- reason='enter farm, path blocked' status=success
2026-09-17 22:33:23.132  INFO   decision    mode=traveling behavior=enter_farm action=idle target=- reason='enter farm, path blocked' status=success
2026-09-17 22:33:27.225  INFO   session     Auto-pause (cursor_outside)
2026-09-17 22:33:27.486  INFO   session     Auto-resume → Running
2026-09-17 22:33:27.751  INFO   session     Auto-pause (cursor_outside)
2026-09-17 22:33:28.015  INFO   session     Auto-resume → Running
2026-09-17 22:33:28.129  INFO   decision    mode=traveling behavior=enter_farm action=idle target=- reason='enter farm, path blocked' status=success (repeat)
2026-09-17 22:33:28.290  INFO   session     Auto-pause (not_focused)
2026-09-17 22:33:31.453  INFO   session     Auto-resume → Running
2026-09-17 22:33:36.018  INFO   decision    mode=traveling behavior=enter_farm action=idle target=- reason='enter farm, path blocked' status=success (repeat)
2026-09-17 22:33:37.352  INFO   session     Auto-pause (cursor_outside)
2026-09-17 22:33:37.616  INFO   session     Auto-resume → Running
2026-09-17 22:33:37.873  INFO   session     Auto-pause (cursor_outside)
2026-09-17 22:33:38.141  INFO   session     Auto-resume → Running
2026-09-17 22:33:38.407  INFO   session     Auto-pause (cursor_outside)
2026-09-17 22:33:38.677  INFO   session     Auto-resume → Running
2026-09-17 22:33:38.936  INFO   session     Auto-pause (cursor_outside)
2026-09-17 22:33:39.196  INFO   session     Auto-resume → Running
2026-09-17 22:33:39.454  INFO   session     Auto-pause (cursor_outside)
2026-09-17 22:33:39.716  INFO   session     Auto-resume → Running
2026-09-17 22:33:39.984  INFO   session     Auto-pause (cursor_outside)
2026-09-17 22:33:40.174  INFO   session     Stop → Stopped
2026-09-17 22:33:46.065  INFO   session     Bot worker exited
