2026-09-24 22:13:52.662  INFO   session     Loading Manmabot from D:\Work\Lineage\ManmabotV1_final\engine
2026-09-24 22:13:52.665  INFO   session     Session log D:\Work\Lineage\ManmabotV1_final\engine\logs\bot-20260924-221352.log
2026-09-24 22:13:52.665  INFO   session     character=elf loot=all_items game_lang=ko map=talking_island farms=['area_2', 'area_1', 'area_3'] file=D:\Work\Lineage\ManmabotV1_final\engine\logs\bot-20260924-221352.log
2026-09-24 22:13:52.908  INFO   nav         building portal graph (cluster=32, 479x511)
2026-09-24 22:13:53.160  INFO   nav         portal graph: 188 components, 252 ms
2026-09-24 22:13:53.166  INFO   nav         farms=3 safe=11 home=(354, 203) (files farm=D:\Work\Lineage\ManmabotV1_final\engine\maps\talking_island\farms.yaml safe=D:\Work\Lineage\ManmabotV1_final\engine\maps\talking_island\safe.yaml home=D:\Work\Lineage\ManmabotV1_final\engine\maps\talking_island\home.yaml)
2026-09-24 22:13:53.494  INFO   capture     mss window capture process='LC.exe' title=None content_aspect=4:3
2026-09-24 22:13:53.852  INFO   session     Entity clicks use memory names, species, and world cells. Image recognition still runs. Set memory.entity_source to vision to restore image-only clicks.
2026-09-24 22:13:53.860  INFO   session     Player memory is read in this process (realtime_monitor.dll, offsets.json). No separate console.
2026-09-24 22:13:53.865  INFO   session     인벤토리를 백그라운드에서 스캔 중 (inventory_listen.dll 또는 inv.json을 두세요).
2026-09-24 22:13:53.893  INFO   session     메모리에서 핫바 24칸을 읽는 중…
2026-09-24 22:13:54.051  INFO   session     핫바 스캔 완료 · 파워 업@box2/f8, 아머 업@box2/f5, 라이트@box1/f10, 힐@box1/f9, HP 물약@box1/f5, 텔레포트@box1/f11, 마법 공격@box1/f12, 말하는 두루마리@box1/f8
2026-09-24 22:13:54.074  INFO   session     매핑되지 않은 핫바 아이콘: box1/f6:화살, box1/f7:아데나
2026-09-24 22:13:54.108  INFO   session     루프 준비 · 요정 · 한국어 · 맵=말하는 섬 · 룻=전부 줍기 · 구역=구역 2, 구역 1, 구역 3
2026-09-24 22:13:54.556  INFO   session     Entity shadow: vision=2 {'player': 2} memory=3 {'monster': 2, 'player': 1} paired=1 median=0.003 unleveled=12:史萊姆
2026-09-24 22:13:54.592  INFO   session     인벤토리 수신 준비 (dll) · hp=5 화살=698 은화살=5 해독=0
2026-09-24 22:13:54.616  INFO   decision    mode=farming behavior=buff action=buff target=- reason='armor_up' status=success
2026-09-24 22:13:55.506  INFO   decision    mode=farming behavior=search action=searching target=- reason='search area' status=success
2026-09-24 22:13:59.602  INFO   session     Entity shadow: vision=4 {'monster': 4} memory=2 {'monster': 2} paired=1 median=0.009 unleveled=12:史萊姆
2026-09-24 22:14:04.642  INFO   session     Entity shadow: vision=2 {'player': 1, 'monster': 1} memory=2 {'monster': 2} paired=1 median=0.054 unleveled=12:史萊姆
2026-09-24 22:14:04.669  INFO   decision    mode=farming behavior=buff action=buff target=- reason='light' status=success
2026-09-24 22:14:05.159  INFO   decision    mode=farming behavior=search action=searching target=- reason='search area' status=success
2026-09-24 22:14:09.696  INFO   session     Entity shadow: vision=2 {'player': 1, 'monster': 1} memory=1 {'monster': 1} paired=0 median=0.000 unleveled=12:史萊姆
2026-09-24 22:14:13.768  INFO   decision    mode=farming behavior=combat action=attack target=5 reason='engage target' status=success
2026-09-24 22:14:14.864  INFO   session     Entity shadow: vision=2 {'monster': 1, 'player': 1} memory=2 {'monster': 2} paired=1 median=0.038
2026-09-24 22:14:20.018  INFO   session     Entity shadow: vision=1 {'player': 1} memory=3 {'monster': 2, 'player': 1} paired=1 median=0.022 unleveled=12:史萊姆
2026-09-24 22:14:23.872  INFO   decision    mode=farming behavior=loot action=pickup target=10 reason='engage item' status=success
2026-09-24 22:14:24.263  INFO   decision    mode=farming behavior=loot action=idle target=- reason='pickup settle' status=success
2026-09-24 22:14:24.690  INFO   decision    mode=farming behavior=combat action=attack target=11 reason='engage target' status=success
2026-09-24 22:14:25.164  INFO   session     Entity shadow: vision=3 {'monster': 2, 'player': 1} memory=5 {'monster': 4, 'player': 1} paired=3 median=0.018 unleveled=12:史萊姆
2026-09-24 22:14:29.717  INFO   decision    mode=farming behavior=combat action=searching target=- reason='unstick nearby' status=success
2026-09-24 22:14:30.125  INFO   decision    mode=farming behavior=combat action=idle target=- reason='no behavior produced an intent' status=success
2026-09-24 22:14:30.376  INFO   session     Entity shadow: vision=6 {'monster': 5, 'player': 1} memory=6 {'monster': 5, 'player': 1} paired=5 median=0.034
2026-09-24 22:14:30.409  INFO   decision    mode=farming behavior=combat action=searching target=- reason='unstick nearby' status=success
2026-09-24 22:14:30.739  INFO   decision    mode=farming behavior=combat action=idle target=- reason='no behavior produced an intent' status=success
2026-09-24 22:14:30.956  INFO   decision    mode=farming behavior=combat action=searching target=- reason='unstick nearby' status=success
2026-09-24 22:14:31.247  INFO   decision    mode=farming behavior=combat action=attack target=11 reason='attack target' status=success
2026-09-24 22:14:31.851  INFO   decision    mode=farming behavior=combat action=attack target=13 reason='attack target' status=success
2026-09-24 22:14:33.382  INFO   decision    mode=farming behavior=heal action=heal target=- reason='recover hp' status=success
2026-09-24 22:14:34.249  INFO   decision    mode=retreating behavior=? action=idle target=- reason='waiting for respawn' status=success
2026-09-24 22:14:35.494  INFO   session     Entity shadow: vision=2 {'player': 2} memory=4 {'player': 2, 'monster': 2} paired=2 median=0.044
2026-09-24 22:14:36.387  INFO   decision    mode=retreating behavior=respawn action=respawn target=- reason='death confirmed, restart' status=success
2026-09-24 22:14:36.690  INFO   decision    mode=retreating behavior=? action=idle target=- reason='waiting for respawn' status=success
2026-09-24 22:14:38.264  INFO   decision    mode=retreating behavior=talking_scroll action=use_talking_scroll target=- reason='retreat, 마법서 상인' status=success
2026-09-24 22:14:39.291  INFO   decision    mode=retreating behavior=heal action=heal target=- reason='recover hp' status=success
2026-09-24 22:14:41.067  INFO   session     Entity shadow: vision=4 {'item': 1, 'npc': 2, 'player': 1} memory=6 {'item': 1, 'monster': 2, 'npc': 3} paired=1 median=0.015 unleveled=68:警衛,10:警衛
2026-09-24 22:14:46.604  INFO   session     Entity shadow: vision=5 {'item': 1, 'monster': 1, 'npc': 2, 'player': 1} memory=7 {'monster': 3, 'item': 1, 'npc': 3} paired=2 median=0.015 unleveled=68:警衛,10:警衛
2026-09-24 22:14:46.659  INFO   decision    mode=farming behavior=talking_scroll action=use_talking_scroll target=- reason='respawn, 마법서 상인' status=success
2026-09-24 22:14:47.598  INFO   decision    mode=farming behavior=loot action=searching target=55 reason='walk onto item' status=success
2026-09-24 22:14:48.059  INFO   decision    mode=farming behavior=loot action=searching target=62 reason='walk onto item' status=success
2026-09-24 22:14:49.446  INFO   decision    mode=farming behavior=combat action=attack target=63 reason='engage target' status=success
2026-09-24 22:14:49.977  INFO   decision    mode=farming behavior=loot action=searching target=62 reason='walk onto item' status=success
2026-09-24 22:14:50.348  INFO   decision    mode=farming behavior=combat action=attack target=70 reason='engage target' status=success
2026-09-24 22:14:51.032  INFO   decision    mode=farming behavior=loot action=searching target=69 reason='walk onto item' status=success
2026-09-24 22:14:51.508  INFO   decision    mode=farming behavior=combat action=attack target=77 reason='engage target' status=success
2026-09-24 22:14:52.067  INFO   session     Entity shadow: vision=5 {'player': 1, 'npc': 2, 'item': 1, 'monster': 1} memory=7 {'item': 1, 'monster': 3, 'npc': 3} paired=3 median=0.029 unleveled=68:警衛,10:警衛
2026-09-24 22:14:52.688  INFO   decision    mode=farming behavior=combat action=attack target=84 reason='attack target' status=success
2026-09-24 22:14:53.895  INFO   decision    mode=farming behavior=combat action=attack target=92 reason='attack target' status=success
2026-09-24 22:14:55.119  INFO   decision    mode=farming behavior=combat action=attack target=100 reason='attack target' status=success
2026-09-24 22:14:56.502  INFO   decision    mode=farming behavior=combat action=attack target=109 reason='attack target' status=success
2026-09-24 22:14:57.355  INFO   session     Entity shadow: vision=6 {'item': 1, 'npc': 2, 'player': 1, 'monster': 2} memory=8 {'monster': 4, 'item': 1, 'npc': 3} paired=3 median=0.016 unleveled=68:警衛,10:警衛
2026-09-24 22:14:58.523  INFO   decision    mode=farming behavior=loot action=pickup target=116 reason='engage item' status=success
2026-09-24 22:14:58.911  INFO   decision    mode=farming behavior=loot action=idle target=- reason='pickup settle' status=success
2026-09-24 22:14:59.341  INFO   decision    mode=farming behavior=loot action=searching target=108 reason='walk onto item' status=success
2026-09-24 22:15:01.638  INFO   decision    mode=farming behavior=combat action=attack target=110 reason='engage target' status=success
2026-09-24 22:15:02.451  INFO   session     Entity shadow: vision=7 {'player': 1, 'npc': 2, 'monster': 3, 'item': 1} memory=8 {'monster': 4, 'item': 1, 'npc': 3} paired=3 median=0.012 unleveled=68:警衛,10:警衛
2026-09-24 22:15:07.602  INFO   session     Entity shadow: vision=6 {'npc': 2, 'item': 2, 'monster': 2} memory=8 {'monster': 4, 'item': 1, 'npc': 3} paired=3 median=0.015 unleveled=68:警衛,10:警衛
2026-09-24 22:15:07.951  INFO   decision    mode=farming behavior=combat action=attack target=117 reason='engage target' status=success
2026-09-24 22:15:09.385  INFO   decision    mode=retreating behavior=retreating action=teleport target=- reason='retreat teleport' status=success
2026-09-24 22:15:10.744  INFO   decision    mode=retreating behavior=talking_scroll action=use_talking_scroll target=- reason='retreat, 허수아비 수련장' status=success
2026-09-24 22:15:11.731  INFO   decision    mode=retreating behavior=heal action=heal target=- reason='heal after teleport' status=success
2026-09-24 22:15:12.663  INFO   session     Entity shadow: vision=6 {'player': 4, 'npc': 1, 'monster': 1} memory=12 {'monster': 5, 'player': 7} paired=5 median=0.021 unleveled=10:警衛,20:?
2026-09-24 22:15:18.185  INFO   session     Entity shadow: vision=6 {'monster': 1, 'player': 4, 'npc': 1} memory=11 {'player': 6, 'monster': 5} paired=5 median=0.020 unleveled=10:警衛,20:?
2026-09-24 22:15:18.227  INFO   decision    mode=traveling behavior=combat action=attack target=128 reason='engage target' status=success
2026-09-24 22:15:23.356  INFO   session     Entity shadow: vision=4 {'npc': 1, 'player': 2, 'monster': 1} memory=10 {'monster': 5, 'player': 5} paired=3 median=0.020 unleveled=10:警衛,20:?
2026-09-24 22:15:23.411  INFO   decision    mode=traveling behavior=combat action=searching target=- reason='unstick nearby' status=success
2026-09-24 22:15:23.725  INFO   decision    mode=traveling behavior=combat action=idle target=- reason='no behavior produced an intent' status=success
2026-09-24 22:15:23.960  INFO   decision    mode=traveling behavior=combat action=searching target=- reason='unstick nearby' status=success
2026-09-24 22:15:24.308  INFO   decision    mode=traveling behavior=combat action=idle target=- reason='no behavior produced an intent' status=success
2026-09-24 22:15:24.569  INFO   decision    mode=traveling behavior=combat action=attack target=127 reason='engage target' status=success
2026-09-24 22:15:25.147  INFO   decision    mode=traveling behavior=combat action=attack target=129 reason='engage target' status=success
2026-09-24 22:15:28.004  INFO   session     정지 → 중지됨
2026-09-24 22:15:28.366  INFO   session     봇 작업이 종료되었습니다
