2026-09-20 22:49:13.986  INFO   session     Loading Manmabot from D:\ManmabotV1\engine
2026-09-20 22:49:13.989  INFO   session     Session log D:\ManmabotV1\engine\logs\bot-20260920-224913.log
2026-09-20 22:49:13.989  INFO   session     character=royal loot=all_items game_lang=ko map=talking_island farms=['area_1', 'area_2', 'area_3', 'area_4'] file=D:\ManmabotV1\engine\logs\bot-20260920-224913.log
2026-09-20 22:49:14.048  INFO   nav         building portal graph (cluster=32, 479x511)
2026-09-20 22:49:14.314  INFO   nav         portal graph: 188 components, 266 ms
2026-09-20 22:49:14.320  INFO   nav         farms=4 safe=11 home=(354, 203) (files farm=D:\ManmabotV1\engine\maps\talking_island\farms.yaml safe=D:\ManmabotV1\engine\maps\talking_island\safe.yaml home=D:\ManmabotV1\engine\maps\talking_island\home.yaml)
2026-09-20 22:49:14.321  INFO   capture     mss window capture process='LC.exe' title=None content_aspect=4:3
2026-09-20 22:49:14.643  INFO   session     Memory monitor connected
2026-09-20 22:49:14.646  INFO   session     Scanning hotbar (skill boxes 1–3)…
2026-09-20 22:49:18.936  INFO   session     Hotbar scan done · talking_scroll@box1/f5
2026-09-20 22:49:18.940  INFO   session     Potion restock armed · no hp_potion on hotbar
2026-09-20 22:49:18.946  INFO   session     Loop ready · royal · ko · map=talking_island · loot=all_items · farms=['area_1', 'area_2', 'area_3', 'area_4']
2026-09-20 22:49:19.321  INFO   decision    mode=farming behavior=talking_scroll action=use_talking_scroll target=- reason='go to shop (buy_hp_potions)' status=success
2026-09-20 22:49:20.251  INFO   nav         async nav configure start map=mainland
2026-09-20 22:49:20.373  INFO   decision    mode=farming behavior=shop action=shop_stop target=- reason='stop at shop' status=success
2026-09-20 22:49:20.949  INFO   nav         building portal graph (cluster=32, 1755x1414)
2026-09-20 22:49:24.472  INFO   nav         portal graph: 2586 components, 3523 ms
2026-09-20 22:49:24.475  INFO   nav         farms=6 safe=0 home=None (files farm=D:\ManmabotV1\engine\maps\mainland\farms.yaml safe=D:\ManmabotV1\engine\maps\mainland\safe.yaml home=D:\ManmabotV1\engine\maps\mainland\home.yaml)
2026-09-20 22:49:24.476  INFO   nav         async nav configure done map=mainland (4225 ms)
2026-09-20 22:49:24.602  INFO   decision    mode=traveling behavior=traveling action=traveling target=- reason='unstick' status=success
2026-09-20 22:49:33.183  INFO   decision    mode=traveling behavior=traveling action=traveling target=- reason='unstick' status=success (repeat)
2026-09-20 22:49:36.040  INFO   session     Auto-pause (cursor_outside)
2026-09-20 22:49:36.330  INFO   session     Auto-resume → Running
2026-09-20 22:49:36.599  INFO   session     Auto-pause (cursor_outside)
2026-09-20 22:49:36.872  INFO   session     Auto-resume → Running
2026-09-20 22:49:37.681  INFO   session     Auto-pause (cursor_outside)
2026-09-20 22:49:37.961  INFO   session     Auto-resume → Running
2026-09-20 22:49:38.229  INFO   session     Auto-pause (not_focused)
2026-09-20 22:49:39.524  INFO   session     Stop → Stopped
2026-09-20 22:49:46.168  INFO   session     Bot worker exited
