2026-09-21 06:15:34.161  INFO   session     Loading Manmabot from D:\ManmabotV1\engine
2026-09-21 06:15:34.165  INFO   session     Session log D:\ManmabotV1\engine\logs\bot-20260921-061534.log
2026-09-21 06:15:34.165  INFO   session     character=elf loot=all_items game_lang=ko map=talking_island farms=['area_1', 'area_2', 'area_3', 'area_4'] file=D:\ManmabotV1\engine\logs\bot-20260921-061534.log
2026-09-21 06:15:34.416  INFO   nav         building portal graph (cluster=32, 479x511)
2026-09-21 06:15:34.707  INFO   nav         portal graph: 188 components, 291 ms
2026-09-21 06:15:34.713  INFO   nav         farms=4 safe=11 home=(354, 203) (files farm=D:\ManmabotV1\engine\maps\talking_island\farms.yaml safe=D:\ManmabotV1\engine\maps\talking_island\safe.yaml home=D:\ManmabotV1\engine\maps\talking_island\home.yaml)
2026-09-21 06:15:35.017  INFO   capture     mss window capture process='LC.exe' title=None content_aspect=4:3
2026-09-21 06:15:35.412  INFO   session     Entity clicks use memory names, species, and world cells. Image recognition still runs. Set memory.entity_source to vision to restore image-only clicks.
2026-09-21 06:15:35.421  INFO   session     Memory monitor connected
2026-09-21 06:15:35.424  INFO   session     Scanning hotbar (skill boxes 1–3)…
2026-09-21 06:15:40.000  INFO   session     Hotbar scan done · hp_potion@box1/f5, talking_scroll@box1/f8
2026-09-21 06:15:40.048  INFO   session     Loop ready · elf · ko · map=talking_island · loot=all_items · farms=['area_1', 'area_2', 'area_3', 'area_4']
2026-09-21 06:15:40.491  INFO   session     Entity shadow: vision=3 {'npc': 2, 'player': 1} memory=3 {'monster': 3} paired=0 median=0.000 unleveled=206:兔子,10:警衛,68:警衛
2026-09-21 06:15:40.520  INFO   decision    mode=traveling behavior=traveling action=traveling target=- reason='enter farm area' status=success
2026-09-21 06:15:45.453  INFO   decision    mode=traveling behavior=combat action=attack target=13 reason='engage target' status=success
2026-09-21 06:15:45.865  INFO   session     Entity shadow: vision=7 {'player': 3, 'monster': 1, 'npc': 3} memory=9 {'monster': 6, 'npc': 1, 'player': 2} paired=3 median=0.045 unleveled=206:兔子,10:警衛,14:青蛙,68:警衛
2026-09-21 06:15:46.188  INFO   action      cursor give-up id=13 item=false reason=cursor=normal/normal score=1.000 not allowed
2026-09-21 06:15:46.383  INFO   decision    mode=traveling behavior=traveling action=traveling target=- reason='enter farm area' status=success
2026-09-21 06:15:51.029  INFO   session     Entity shadow: vision=5 {'player': 2, 'npc': 3} memory=3 {'monster': 2, 'player': 1} paired=1 median=0.059 unleveled=10:警衛,68:警衛
2026-09-21 06:15:51.980  INFO   session     Paused — hotkey
2026-09-21 06:15:54.820  INFO   session     Stop → Stopped
2026-09-21 06:16:01.208  INFO   session     Bot worker exited
