2026-09-23 21:29:05.880  INFO   session     Loading Manmabot from D:\Work\Lineage\ManmabotV1_final\engine
2026-09-23 21:29:05.904  INFO   session     Session log D:\Work\Lineage\ManmabotV1_final\engine\logs\bot-20260923-212905.log
2026-09-23 21:29:05.905  INFO   session     character=elf loot=all_items game_lang=ko map=talking_island farms=['area_1', 'area_3'] file=D:\Work\Lineage\ManmabotV1_final\engine\logs\bot-20260923-212905.log
2026-09-23 21:29:05.977  INFO   nav         building portal graph (cluster=32, 479x511)
2026-09-23 21:29:06.280  INFO   nav         portal graph: 188 components, 303 ms
2026-09-23 21:29:06.288  INFO   nav         farms=2 safe=11 home=(354, 203) (files farm=D:\Work\Lineage\ManmabotV1_final\engine\maps\talking_island\farms.yaml safe=D:\Work\Lineage\ManmabotV1_final\engine\maps\talking_island\safe.yaml home=D:\Work\Lineage\ManmabotV1_final\engine\maps\talking_island\home.yaml)
2026-09-23 21:29:06.308  INFO   capture     mss window capture process='LC.exe' title=None content_aspect=4:3
2026-09-23 21:29:06.742  INFO   session     Entity clicks use memory names, species, and world cells. Image recognition still runs. Set memory.entity_source to vision to restore image-only clicks.
2026-09-23 21:29:06.754  INFO   session     Player memory is read in this process (realtime_monitor.dll, offsets.json). No separate console.
2026-09-23 21:29:06.763  INFO   session     Inventory listen scanning in background (build inventory_listen.dll or place inv.json).
2026-09-23 21:29:06.769  INFO   session     Scanning hotbar (skill boxes 1–3)…
2026-09-23 21:29:07.760  INFO   session     Auto-pause (not_focused)
2026-09-23 21:29:11.688  INFO   session     Hotbar scan done · no mapped roles
2026-09-23 21:29:11.694  INFO   session     Loop ready · elf · ko · map=talking_island · loot=all_items · farms=['area_1', 'area_3']
2026-09-23 21:29:16.676  INFO   session     Auto-resume → Running
2026-09-23 21:29:17.899  INFO   session     Entity shadow: vision=32 {'player': 27, 'npc': 2, 'monster': 1, 'item': 2} memory=68 {'player': 53, 'npc': 10, 'monster': 1, 'item': 4} paired=30 median=0.039 unleveled=319:?
2026-09-23 21:29:17.935  INFO   session     Inventory listen ready (dll) · hp=8 arrows=2694 silver=5 depoison=0
2026-09-23 21:29:17.942  INFO   decision    mode=traveling behavior=loot action=searching target=50 reason='stand beside item' status=success
2026-09-23 21:29:19.694  INFO   session     Paused — hotkey
2026-09-23 21:29:27.219  INFO   session     Resume → Running
2026-09-23 21:29:28.455  INFO   session     Entity shadow: vision=26 {'player': 19, 'item': 2, 'npc': 4, 'monster': 1} memory=54 {'npc': 5, 'player': 45, 'item': 4} paired=22 median=0.035
2026-09-23 21:29:31.209  INFO   decision    mode=traveling behavior=loot action=searching target=51 reason='stand beside item' status=success
2026-09-23 21:29:33.119  INFO   session     Entity shadow: vision=28 {'npc': 3, 'player': 21, 'item': 2, 'monster': 2} memory=54 {'player': 44, 'npc': 6, 'item': 4} paired=22 median=0.033
2026-09-23 21:29:34.231  INFO   decision    mode=traveling behavior=loot action=searching target=32 reason='stand beside item' status=success
2026-09-23 21:29:38.534  INFO   session     Entity shadow: vision=27 {'player': 21, 'npc': 4, 'item': 1, 'monster': 1} memory=50 {'player': 38, 'npc': 8, 'item': 4} paired=21 median=0.034
2026-09-23 21:29:39.374  INFO   decision    mode=traveling behavior=loot action=pickup target=32 reason='loot target' status=success
2026-09-23 21:29:43.558  INFO   session     Entity shadow: vision=13 {'player': 8, 'monster': 1, 'npc': 2, 'item': 2} memory=21 {'monster': 1, 'player': 11, 'npc': 6, 'item': 3} paired=10 median=0.087 unleveled=14:개구리
2026-09-23 21:29:43.582  INFO   decision    mode=traveling behavior=loot action=searching target=32 reason='stand beside item' status=success
2026-09-23 21:29:48.523  INFO   decision    mode=traveling behavior=loot action=searching target=33 reason='stand beside item' status=success
2026-09-23 21:29:48.866  INFO   session     Entity shadow: vision=18 {'player': 11, 'npc': 4, 'monster': 1, 'item': 2} memory=25 {'player': 14, 'monster': 1, 'npc': 7, 'item': 3} paired=16 median=0.027 unleveled=14:개구리
2026-09-23 21:29:50.162  INFO   decision    mode=traveling behavior=loot action=pickup target=33 reason='loot target' status=success
2026-09-23 21:29:53.900  INFO   session     Entity shadow: vision=20 {'player': 14, 'monster': 2, 'npc': 3, 'item': 1} memory=22 {'monster': 1, 'player': 13, 'npc': 6, 'item': 2} paired=14 median=0.030 unleveled=14:개구리
2026-09-23 21:29:59.138  INFO   session     Entity shadow: vision=18 {'player': 14, 'item': 1, 'npc': 3} memory=24 {'player': 15, 'monster': 1, 'npc': 6, 'item': 2} paired=16 median=0.033 unleveled=14:개구리
2026-09-23 21:30:02.282  INFO   decision    mode=traveling behavior=traveling action=traveling target=- reason='enter farm area' status=success
2026-09-23 21:30:04.163  INFO   session     Entity shadow: vision=27 {'player': 16, 'monster': 5, 'item': 2, 'npc': 4} memory=55 {'player': 46, 'npc': 6, 'monster': 1, 'item': 2} paired=19 median=0.071 unleveled=14:개구리
2026-09-23 21:30:09.234  INFO   session     Entity shadow: vision=32 {'player': 29, 'item': 1, 'npc': 2} memory=62 {'player': 53, 'npc': 7, 'item': 2} paired=32 median=0.034
2026-09-23 21:30:14.552  INFO   session     Entity shadow: vision=24 {'player': 18, 'monster': 4, 'npc': 2} memory=58 {'player': 49, 'npc': 7, 'item': 2} paired=20 median=0.043
2026-09-23 21:30:19.748  INFO   session     Entity shadow: vision=22 {'player': 17, 'npc': 3, 'monster': 2} memory=49 {'player': 43, 'npc': 6} paired=20 median=0.035
2026-09-23 21:30:24.789  INFO   session     Entity shadow: vision=9 {'player': 7, 'npc': 1, 'monster': 1} memory=20 {'player': 14, 'npc': 6} paired=7 median=0.015
2026-09-23 21:30:26.140  INFO   decision    mode=traveling behavior=traveling action=traveling target=- reason='enter farm area' status=success (repeat)
2026-09-23 21:30:29.879  INFO   session     Entity shadow: vision=4 {'player': 2, 'npc': 2} memory=9 {'npc': 6, 'player': 3} paired=4 median=0.049
2026-09-23 21:30:35.074  INFO   session     Entity shadow: vision=5 {'player': 3, 'npc': 1, 'monster': 1} memory=10 {'npc': 7, 'player': 3} paired=4 median=0.029
2026-09-23 21:30:38.582  INFO   decision    mode=traveling behavior=traveling action=traveling target=- reason='enter farm area' status=success (repeat)
2026-09-23 21:30:40.300  INFO   session     Entity shadow: vision=5 {'player': 1, 'monster': 1, 'npc': 3} memory=8 {'npc': 5, 'monster': 2, 'player': 1} paired=3 median=0.033 unleveled=10:경비병
2026-09-23 21:30:40.613  INFO   decision    mode=traveling behavior=combat action=attack target=190 reason='engage target' status=success
2026-09-23 21:30:45.345  INFO   session     Entity shadow: vision=5 {'player': 1, 'npc': 3, 'monster': 1} memory=5 {'monster': 3, 'npc': 2} paired=2 median=0.068 unleveled=68:경비병,10:경비병
2026-09-23 21:30:50.431  INFO   session     Entity shadow: vision=6 {'player': 1, 'npc': 3, 'monster': 2} memory=6 {'monster': 4, 'npc': 2} paired=3 median=0.016 unleveled=68:경비병,10:경비병
2026-09-23 21:30:50.741  INFO   decision    mode=traveling behavior=traveling action=traveling target=- reason='unstick' status=success
2026-09-23 21:30:55.475  INFO   session     Entity shadow: vision=7 {'npc': 3, 'monster': 3, 'player': 1} memory=7 {'monster': 5, 'npc': 2} paired=4 median=0.015 unleveled=68:경비병,10:경비병
2026-09-23 21:31:00.598  INFO   session     Entity shadow: vision=5 {'player': 1, 'npc': 2, 'monster': 2} memory=7 {'monster': 5, 'npc': 2} paired=2 median=0.048 unleveled=68:경비병,10:경비병
2026-09-23 21:31:02.700  INFO   decision    mode=traveling behavior=traveling action=traveling target=- reason='unstick' status=success (repeat)
2026-09-23 21:31:05.081  INFO   decision    mode=traveling behavior=combat action=attack target=193 reason='engage target' status=success
2026-09-23 21:31:05.592  INFO   session     Entity shadow: vision=6 {'monster': 3, 'player': 1, 'npc': 2} memory=7 {'npc': 2, 'monster': 5} paired=4 median=0.053 unleveled=68:경비병,10:경비병
2026-09-23 21:31:10.758  INFO   session     Entity shadow: vision=3 {'player': 1, 'npc': 2} memory=4 {'monster': 2, 'npc': 2} paired=1 median=0.032 unleveled=10:경비병
2026-09-23 21:31:15.315  INFO   decision    mode=traveling behavior=traveling action=traveling target=- reason='enter farm area' status=success
2026-09-23 21:31:15.916  INFO   session     Entity shadow: vision=5 {'player': 1, 'npc': 4} memory=7 {'npc': 4, 'player': 1, 'monster': 2} paired=2 median=0.118 unleveled=68:경비병,10:경비병
2026-09-23 21:31:20.963  INFO   session     Entity shadow: vision=4 {'player': 1, 'npc': 3} memory=4 {'npc': 2, 'monster': 2} paired=1 median=0.030 unleveled=68:경비병,10:경비병
2026-09-23 21:31:24.812  INFO   decision    mode=traveling behavior=traveling action=traveling target=- reason='unstick' status=success (repeat)
2026-09-23 21:31:25.995  INFO   session     Entity shadow: vision=4 {'player': 1, 'npc': 3} memory=3 {'monster': 2, 'npc': 1} paired=1 median=0.119 unleveled=68:경비병,10:경비병
2026-09-23 21:31:29.308  INFO   decision    mode=traveling behavior=combat action=attack target=206 reason='engage target' status=success
2026-09-23 21:31:31.165  INFO   session     Entity shadow: vision=4 {'npc': 2, 'monster': 1, 'player': 1} memory=3 {'monster': 2, 'npc': 1} paired=0 median=0.000 unleveled=68:경비병,10:경비병
2026-09-23 21:31:38.463  INFO   session     Entity shadow: vision=2 {'player': 1, 'monster': 1} memory=2 {'monster': 2} paired=1 median=0.032 unleveled=207:토끼
2026-09-23 21:31:40.441  INFO   decision    mode=traveling behavior=combat action=attack target=207 reason='engage target' status=success
2026-09-23 21:31:41.473  INFO   session     Entity shadow: vision=3 {'player': 2, 'monster': 1} memory=1 {'monster': 1} paired=1 median=0.025
2026-09-23 21:31:46.627  INFO   session     Entity shadow: vision=2 {'npc': 1, 'player': 1} memory=2 {'item': 1, 'monster': 1} paired=0 median=0.000 unleveled=10:경비병
2026-09-23 21:31:51.989  INFO   session     Entity shadow: vision=5 {'player': 2, 'item': 1, 'npc': 2} memory=4 {'npc': 1, 'monster': 2, 'item': 1} paired=1 median=0.029 unleveled=68:경비병,10:경비병
2026-09-23 21:31:52.916  INFO   decision    mode=traveling behavior=loot action=searching target=210 reason='stand beside item' status=success
2026-09-23 21:31:53.225  INFO   decision    mode=traveling behavior=loot action=pickup target=210 reason='loot target' status=success
2026-09-23 21:31:56.209  INFO   decision    mode=traveling behavior=loot action=searching target=210 reason='stand beside item' status=success
2026-09-23 21:31:57.172  INFO   session     Entity shadow: vision=5 {'monster': 1, 'player': 1, 'npc': 3} memory=5 {'monster': 4, 'npc': 1} paired=2 median=0.055 unleveled=189:사슴,68:경비병,10:경비병
2026-09-23 21:31:58.241  INFO   decision    mode=traveling behavior=loot action=pickup target=210 reason='loot target' status=success
2026-09-23 21:31:59.321  INFO   decision    mode=traveling behavior=loot action=searching target=210 reason='stand beside item' status=success
2026-09-23 21:32:00.465  INFO   decision    mode=traveling behavior=traveling action=traveling target=- reason='enter farm area' status=success
2026-09-23 21:32:00.875  INFO   decision    mode=traveling behavior=combat action=attack target=217 reason='engage target' status=success
2026-09-23 21:32:02.294  INFO   session     Entity shadow: vision=4 {'player': 1, 'npc': 2, 'monster': 1} memory=4 {'monster': 4} paired=1 median=0.009 unleveled=189:사슴,68:경비병,10:경비병
2026-09-23 21:32:07.513  INFO   session     Entity shadow: vision=5 {'player': 1, 'npc': 1, 'monster': 3} memory=4 {'monster': 4} paired=3 median=0.033 unleveled=10:경비병
2026-09-23 21:32:12.241  INFO   decision    mode=traveling behavior=combat action=attack target=220 reason='engage target' status=success
2026-09-23 21:32:12.788  INFO   session     Entity shadow: vision=3 {'player': 1, 'monster': 1, 'npc': 1} memory=5 {'monster': 4, 'npc': 1} paired=2 median=0.039 unleveled=189:사슴
2026-09-23 21:32:17.867  INFO   session     Entity shadow: vision=4 {'npc': 1, 'player': 1, 'monster': 2} memory=5 {'monster': 4, 'npc': 1} paired=3 median=0.024 unleveled=189:사슴
2026-09-23 21:32:22.024  INFO   decision    mode=traveling behavior=dismiss_level_up action=dismiss_level_up target=- reason='level up, close dialog' status=success
2026-09-23 21:32:22.679  INFO   decision    mode=traveling behavior=combat action=attack target=220 reason='attack target' status=success
2026-09-23 21:32:23.136  INFO   session     Entity shadow: vision=3 {'item': 1, 'npc': 1, 'monster': 1} memory=4 {'monster': 3, 'item': 1} paired=2 median=0.071 unleveled=189:사슴
2026-09-23 21:32:28.330  INFO   session     Entity shadow: vision=3 {'item': 1, 'npc': 1, 'monster': 1} memory=4 {'monster': 3, 'item': 1} paired=2 median=0.098 unleveled=189:사슴
2026-09-23 21:32:30.704  INFO   decision    mode=traveling behavior=combat action=attack target=219 reason='engage target' status=success
2026-09-23 21:32:33.540  INFO   session     Entity shadow: vision=5 {'item': 1, 'player': 1, 'monster': 3} memory=3 {'monster': 2, 'item': 1} paired=3 median=0.061 unleveled=189:사슴
2026-09-23 21:32:38.548  INFO   session     Entity shadow: vision=4 {'item': 1, 'player': 1, 'npc': 1, 'monster': 1} memory=4 {'monster': 3, 'item': 1} paired=2 median=0.018 unleveled=189:사슴,68:경비병
2026-09-23 21:32:41.789  INFO   decision    mode=traveling behavior=combat action=attack target=222 reason='attack target' status=success
2026-09-23 21:32:43.646  INFO   session     Entity shadow: vision=4 {'item': 1, 'npc': 1, 'player': 1, 'monster': 1} memory=4 {'monster': 3, 'item': 1} paired=2 median=0.015 unleveled=189:사슴,68:경비병
2026-09-23 21:32:48.718  INFO   session     Entity shadow: vision=3 {'item': 2, 'npc': 1} memory=3 {'monster': 2, 'item': 1} paired=1 median=0.001 unleveled=68:경비병,189:사슴
2026-09-23 21:32:51.668  INFO   decision    mode=traveling behavior=loot action=searching target=225 reason='stand beside item' status=success
2026-09-23 21:32:53.841  INFO   session     Entity shadow: vision=3 {'player': 1, 'npc': 1, 'item': 1} memory=3 {'monster': 1, 'item': 1, 'npc': 1} paired=2 median=0.043 unleveled=189:사슴
2026-09-23 21:32:57.357  INFO   decision    mode=traveling behavior=combat action=attack target=230 reason='engage target' status=success
2026-09-23 21:32:59.098  INFO   session     Entity shadow: vision=4 {'player': 1, 'item': 1, 'monster': 1, 'npc': 1} memory=5 {'monster': 3, 'item': 1, 'npc': 1} paired=3 median=0.023 unleveled=207:토끼,189:사슴
2026-09-23 21:33:04.276  INFO   session     Entity shadow: vision=3 {'item': 1, 'player': 1, 'monster': 1} memory=3 {'monster': 1, 'item': 1, 'npc': 1} paired=1 median=0.009 unleveled=207:토끼
2026-09-23 21:33:09.515  INFO   session     Entity shadow: vision=2 {'player': 1, 'item': 1} memory=4 {'monster': 3, 'item': 1} paired=1 median=0.046 unleveled=68:경비병,208:토끼
2026-09-23 21:33:10.743  INFO   decision    mode=traveling behavior=combat action=attack target=230 reason='attack target' status=success (repeat)
2026-09-23 21:33:11.236  INFO   decision    mode=traveling behavior=loot action=searching target=235 reason='stand beside item' status=success
2026-09-23 21:33:14.611  INFO   session     Entity shadow: vision=3 {'player': 1, 'item': 1, 'npc': 1} memory=3 {'monster': 2, 'item': 1} paired=1 median=0.002 unleveled=208:토끼,68:경비병
2026-09-23 21:33:19.698  INFO   session     Entity shadow: vision=5 {'item': 1, 'npc': 2, 'monster': 1, 'player': 1} memory=6 {'monster': 5, 'item': 1} paired=2 median=0.060 unleveled=10:경비병,208:토끼,68:경비병
2026-09-23 21:33:21.057  INFO   decision    mode=traveling behavior=loot action=searching target=235 reason='approach item' status=success (repeat)
2026-09-23 21:33:21.416  INFO   decision    mode=traveling behavior=combat action=attack target=238 reason='engage target' status=success
2026-09-23 21:33:24.874  INFO   session     Entity shadow: vision=3 {'item': 1, 'npc': 1, 'player': 1} memory=4 {'monster': 3, 'item': 1} paired=1 median=0.001 unleveled=68:경비병,208:토끼,10:경비병
2026-09-23 21:33:29.420  INFO   decision    mode=traveling behavior=traveling action=traveling target=- reason='enter farm area' status=success
2026-09-23 21:33:29.892  INFO   session     Entity shadow: vision=3 {'player': 1, 'item': 1, 'npc': 1} memory=3 {'monster': 2, 'item': 1} paired=1 median=0.034 unleveled=68:경비병,208:토끼
2026-09-23 21:33:33.448  INFO   session     Paused — hotkey
2026-09-23 21:33:35.256  INFO   session     Resume → Running
2026-09-23 21:33:35.476  INFO   session     Entity shadow: vision=1 {'player': 1} memory=2 {'monster': 2} paired=0 median=0.000 unleveled=208:토끼
2026-09-23 21:33:40.504  INFO   session     Entity shadow: vision=1 {'monster': 1} memory=2 {'monster': 2} paired=0 median=0.000 unleveled=208:토끼,207:토끼
2026-09-23 21:33:41.400  INFO   decision    mode=traveling behavior=traveling action=traveling target=- reason='enter farm area' status=success (repeat)
2026-09-23 21:33:41.771  INFO   decision    mode=traveling behavior=combat action=attack target=248 reason='engage target' status=success
2026-09-23 21:33:45.555  INFO   session     Entity shadow: vision=3 {'item': 1, 'monster': 1, 'player': 1} memory=6 {'monster': 5, 'item': 1} paired=2 median=0.046 unleveled=207:토끼,206:토끼
2026-09-23 21:33:50.807  INFO   session     Entity shadow: vision=4 {'player': 1, 'item': 2, 'monster': 1} memory=5 {'monster': 4, 'item': 1} paired=2 median=0.025 unleveled=206:토끼,207:토끼
2026-09-23 21:33:53.144  INFO   decision    mode=traveling behavior=loot action=searching target=251 reason='stand beside item' status=success
2026-09-23 21:33:54.814  INFO   decision    mode=traveling behavior=traveling action=traveling target=- reason='enter farm area' status=success
2026-09-23 21:33:55.983  INFO   session     Entity shadow: vision=2 {'monster': 1, 'item': 1} memory=4 {'monster': 3, 'item': 1} paired=1 median=0.023 unleveled=206:토끼,207:토끼
2026-09-23 21:34:01.013  INFO   session     Entity shadow: vision=1 {'player': 1} memory=1 {'monster': 1} paired=0 median=0.000 unleveled=207:토끼
2026-09-23 21:34:04.451  INFO   decision    mode=traveling behavior=traveling action=traveling target=- reason='enter farm area' status=success (repeat)
2026-09-23 21:34:06.174  INFO   session     Entity shadow: vision=2 {'player': 2} memory=1 {'player': 1} paired=1 median=0.052
2026-09-23 21:34:11.292  INFO   session     Entity shadow: vision=1 {'player': 1} memory=0 {} paired=0 median=0.000
2026-09-23 21:34:13.175  INFO   session     Paused — hotkey
2026-09-23 21:34:25.496  INFO   session     Hotkey resume → Running
2026-09-23 21:34:25.716  INFO   session     Entity shadow: vision=2 {'player': 1, 'item': 1} memory=5 {'monster': 3, 'item': 2} paired=1 median=0.120 unleveled=189:사슴,14:개구리
2026-09-23 21:34:25.737  INFO   decision    mode=traveling behavior=loot action=searching target=257 reason='stand beside item' status=success
2026-09-23 21:34:30.715  INFO   session     Entity shadow: vision=4 {'player': 1, 'item': 3} memory=4 {'monster': 2, 'item': 2} paired=2 median=0.024 unleveled=189:사슴,14:개구리
2026-09-23 21:34:31.585  INFO   decision    mode=traveling behavior=loot action=pickup target=257 reason='loot target' status=success
2026-09-23 21:34:33.512  INFO   decision    mode=traveling behavior=loot action=searching target=257 reason='stand beside item' status=success
2026-09-23 21:34:34.664  INFO   decision    mode=traveling behavior=loot action=pickup target=257 reason='loot target' status=success
2026-09-23 21:34:35.591  INFO   decision    mode=traveling behavior=loot action=searching target=256 reason='stand beside item' status=success
2026-09-23 21:34:35.848  INFO   session     Entity shadow: vision=4 {'player': 2, 'item': 1, 'monster': 1} memory=3 {'monster': 2, 'item': 1} paired=2 median=0.036 unleveled=189:사슴
2026-09-23 21:34:39.641  INFO   decision    mode=traveling behavior=loot action=pickup target=256 reason='loot target' status=success
2026-09-23 21:34:40.940  INFO   session     Entity shadow: vision=1 {'monster': 1} memory=3 {'monster': 3} paired=0 median=0.000 unleveled=14:개구리,189:사슴
2026-09-23 21:34:42.666  INFO   decision    mode=traveling behavior=loot action=searching target=256 reason='stand beside item' status=success
2026-09-23 21:34:44.624  INFO   decision    mode=traveling behavior=loot action=pickup target=256 reason='loot target' status=success
2026-09-23 21:34:45.405  INFO   session     Paused — hotkey
2026-09-23 21:39:30.046  INFO   session     Stop → Stopped
2026-09-23 21:39:30.321  INFO   session     Bot worker exited
