2026-09-23 20:42:35.617  INFO   session     Loading Manmabot from D:\Work\Lineage\ManmabotV1_final\engine
2026-09-23 20:42:35.620  INFO   session     Session log D:\Work\Lineage\ManmabotV1_final\engine\logs\bot-20260923-204235.log
2026-09-23 20:42:35.620  INFO   session     character=elf loot=all_items game_lang=ko map=talking_island farms=['area_1', 'area_3'] file=D:\Work\Lineage\ManmabotV1_final\engine\logs\bot-20260923-204235.log
2026-09-23 20:42:35.841  INFO   nav         building portal graph (cluster=32, 479x511)
2026-09-23 20:42:36.108  INFO   nav         portal graph: 188 components, 267 ms
2026-09-23 20:42:36.115  INFO   nav         farms=2 safe=11 home=(354, 203) (files farm=D:\Work\Lineage\ManmabotV1_final\engine\maps\talking_island\farms.yaml safe=D:\Work\Lineage\ManmabotV1_final\engine\maps\talking_island\safe.yaml home=D:\Work\Lineage\ManmabotV1_final\engine\maps\talking_island\home.yaml)
2026-09-23 20:42:36.413  INFO   capture     mss window capture process='LC.exe' title=None content_aspect=4:3
2026-09-23 20:42:36.760  INFO   session     Entity clicks use memory names, species, and world cells. Image recognition still runs. Set memory.entity_source to vision to restore image-only clicks.
2026-09-23 20:42:36.768  INFO   session     Player memory is read in this process (realtime_monitor.dll, offsets.json). No separate console.
2026-09-23 20:42:36.772  INFO   session     Inventory listen scanning in background (build inventory_listen.dll or place inv.json).
2026-09-23 20:42:36.777  INFO   session     Scanning hotbar (skill boxes 1–3)…
2026-09-23 20:42:41.093  INFO   session     Hotbar scan done · hp_potion@box1/f5, talking_scroll@box1/f8
2026-09-23 20:42:41.097  INFO   session     Loop ready · elf · ko · map=talking_island · loot=all_items · farms=['area_1', 'area_3']
2026-09-23 20:42:41.840  INFO   session     Entity shadow: vision=15 {'item': 1, 'npc': 3, 'player': 11} memory=26 {'player': 18, 'monster': 1, 'npc': 5, 'item': 2} paired=15 median=0.035 unleveled=207:토끼
2026-09-23 20:42:41.868  INFO   session     Inventory listen ready (dll) · hp=6 arrows=2701 silver=0 depoison=0
2026-09-23 20:42:41.908  INFO   decision    mode=farming behavior=talking_scroll action=use_talking_scroll target=- reason='go to shop (buy_hp_potions_talking)' status=success
2026-09-23 20:42:45.312  INFO   decision    mode=farming behavior=shop action=shop_stop target=- reason='stop at shop' status=success
2026-09-23 20:42:46.777  INFO   decision    mode=farming behavior=shop action=shop_buy_arrows target=- reason='shop:buy_hp_potions_talking' status=success
2026-09-23 20:42:53.889  INFO   session     Entity shadow: vision=19 {'player': 14, 'npc': 3, 'monster': 1, 'item': 1} memory=68 {'player': 65, 'npc': 2, 'item': 1} paired=16 median=0.025
2026-09-23 20:42:53.914  INFO   decision    mode=farming behavior=talking_scroll action=use_talking_scroll target=- reason='return to farm map after shop' status=success
2026-09-23 20:42:54.252  INFO   session     Paused — hotkey
2026-09-23 20:43:00.524  INFO   session     Stop → Stopped
2026-09-23 20:43:00.784  INFO   session     Bot worker exited
