2026-09-24 15:58:43.441  INFO   session     Loading Manmabot from D:\Work\Lineage\ManmabotV1_final\engine
2026-09-24 15:58:43.444  INFO   session     Session log D:\Work\Lineage\ManmabotV1_final\engine\logs\bot-20260924-155843.log
2026-09-24 15:58:43.444  INFO   session     character=elf loot=all_items game_lang=ko map=talking_island farms=['area_1', 'area_3', 'area_2'] file=D:\Work\Lineage\ManmabotV1_final\engine\logs\bot-20260924-155843.log
2026-09-24 15:58:43.500  INFO   nav         building portal graph (cluster=32, 479x511)
2026-09-24 15:58:43.761  INFO   nav         portal graph: 188 components, 261 ms
2026-09-24 15:58:43.767  INFO   nav         farms=3 safe=11 home=(354, 203) (files farm=D:\Work\Lineage\ManmabotV1_final\engine\maps\talking_island\farms.yaml safe=D:\Work\Lineage\ManmabotV1_final\engine\maps\talking_island\safe.yaml home=D:\Work\Lineage\ManmabotV1_final\engine\maps\talking_island\home.yaml)
2026-09-24 15:58:43.823  INFO   capture     mss window capture process='LC.exe' title=None content_aspect=4:3
2026-09-24 15:58:44.253  INFO   session     Entity clicks use memory names, species, and world cells. Image recognition still runs. Set memory.entity_source to vision to restore image-only clicks.
2026-09-24 15:58:44.260  INFO   session     Player memory is read in this process (realtime_monitor.dll, offsets.json). No separate console.
2026-09-24 15:58:44.265  INFO   session     Inventory listen scanning in background (build inventory_listen.dll or place inv.json).
2026-09-24 15:58:44.270  INFO   session     Reading hotbar from memory (24 slots)…
2026-09-24 15:58:44.365  INFO   session     Hotbar scan done · hp_potion@box1/f5, talking_scroll@box1/f8
2026-09-24 15:58:44.369  INFO   session     Unmapped hotbar icons: box1/f6:+0 화살 (2,086), box1/f7:아데나 (918), box1/f12:상쾌한 초록 물약
2026-09-24 15:58:44.397  INFO   session     Loop ready · elf · ko · map=talking_island · loot=all_items · farms=['area_1', 'area_3', 'area_2']
2026-09-24 15:58:44.669  INFO   session     Entity shadow: vision=2 {'player': 1, 'monster': 1} memory=0 {} paired=0 median=0.000
2026-09-24 15:58:44.684  INFO   session     Inventory listen ready (dll) · hp=6 arrows=2086 silver=5 depoison=0
2026-09-24 15:58:44.703  INFO   decision    mode=farming behavior=search action=searching target=- reason='search area' status=success
2026-09-24 15:58:47.899  INFO   decision    mode=farming behavior=combat action=attack target=1 reason='engage target' status=success
2026-09-24 15:58:49.120  INFO   session     Paused — hotkey
2026-09-24 15:58:51.709  INFO   session     Resume → Running
2026-09-24 15:58:51.901  INFO   session     Entity shadow: vision=3 {'player': 2, 'monster': 1} memory=3 {'monster': 3} paired=1 median=0.016 unleveled=209:兔子,206:兔子
2026-09-24 15:58:56.987  INFO   session     Entity shadow: vision=3 {'monster': 2, 'player': 1} memory=1 {'monster': 1} paired=1 median=0.018
2026-09-24 15:58:59.349  INFO   decision    mode=farming behavior=combat action=attack target=4 reason='engage target' status=success
2026-09-24 15:58:59.521  INFO   session     Paused — hotkey
2026-09-24 15:59:20.510  INFO   session     Resume → Running
2026-09-24 15:59:20.678  INFO   session     Entity shadow: vision=2 {'monster': 1, 'player': 1} memory=2 {'monster': 2} paired=1 median=0.095 unleveled=209:兔子
2026-09-24 15:59:20.719  INFO   decision    mode=farming behavior=search action=searching target=- reason='search area' status=success
2026-09-24 15:59:25.726  INFO   session     Entity shadow: vision=1 {'player': 1} memory=2 {'monster': 2} paired=0 median=0.000 unleveled=209:兔子,206:兔子
2026-09-24 15:59:28.220  INFO   decision    mode=farming behavior=search action=searching target=- reason='search area' status=success (repeat)
2026-09-24 15:59:30.821  INFO   session     Entity shadow: vision=2 {'player': 1, 'monster': 1} memory=2 {'monster': 2} paired=1 median=0.097 unleveled=206:兔子,209:兔子
2026-09-24 15:59:35.928  INFO   session     Entity shadow: vision=2 {'player': 1, 'monster': 1} memory=2 {'monster': 2} paired=0 median=0.000 unleveled=209:兔子,206:兔子
2026-09-24 15:59:35.950  INFO   decision    mode=farming behavior=search action=searching target=- reason='search area' status=success (repeat)
2026-09-24 15:59:40.621  INFO   decision    mode=farming behavior=combat action=attack target=7 reason='engage target' status=success
2026-09-24 15:59:41.088  INFO   session     Entity shadow: vision=2 {'player': 1, 'monster': 1} memory=1 {'monster': 1} paired=0 median=0.000
2026-09-24 15:59:46.118  INFO   session     Entity shadow: vision=3 {'monster': 2, 'player': 1} memory=1 {'monster': 1} paired=1 median=0.035
2026-09-24 15:59:50.108  INFO   decision    mode=traveling behavior=traveling action=traveling target=- reason='enter farm area' status=success
2026-09-24 15:59:51.245  INFO   session     Entity shadow: vision=2 {'player': 1, 'monster': 1} memory=0 {} paired=0 median=0.000
2026-09-24 15:59:53.395  INFO   decision    mode=farming behavior=search action=searching target=- reason='search area' status=success
2026-09-24 15:59:56.361  INFO   session     Entity shadow: vision=2 {'player': 1, 'monster': 1} memory=0 {} paired=0 median=0.000
2026-09-24 15:59:59.672  INFO   decision    mode=farming behavior=combat action=attack target=8 reason='engage target' status=success
2026-09-24 16:00:01.497  INFO   session     Entity shadow: vision=3 {'monster': 2, 'player': 1} memory=1 {'monster': 1} paired=1 median=0.003
2026-09-24 16:00:04.139  INFO   decision    mode=farming behavior=loot action=searching target=9 reason='walk onto item' status=success
2026-09-24 16:00:06.681  INFO   session     Entity shadow: vision=3 {'player': 1, 'monster': 1, 'item': 1} memory=2 {'monster': 1, 'item': 1} paired=2 median=0.006
2026-09-24 16:00:08.556  INFO   decision    mode=farming behavior=loot action=pickup target=9 reason='loot target' status=success
2026-09-24 16:00:08.959  INFO   decision    mode=farming behavior=loot action=idle target=- reason='pickup settle' status=success
2026-09-24 16:00:09.277  INFO   decision    mode=farming behavior=combat action=attack target=10 reason='engage target' status=success
2026-09-24 16:00:11.694  INFO   session     Entity shadow: vision=2 {'player': 1, 'monster': 1} memory=1 {'monster': 1} paired=1 median=0.026
2026-09-24 16:00:13.069  INFO   decision    mode=farming behavior=search action=searching target=- reason='search area' status=success
2026-09-24 16:00:16.904  INFO   session     Entity shadow: vision=2 {'monster': 2} memory=1 {'monster': 1} paired=1 median=0.015
2026-09-24 16:00:16.926  INFO   decision    mode=farming behavior=combat action=attack target=11 reason='engage target' status=success
2026-09-24 16:00:21.161  INFO   session     Paused — hotkey
2026-09-24 16:00:23.928  INFO   session     Stop → Stopped
2026-09-24 16:00:24.178  INFO   session     Bot worker exited
