2026-09-29 21:04:19.100  INFO   session     Loading Manmabot from D:\KRR\1.LCBot\ManmabotV1_final\engine
2026-09-29 21:04:19.140  INFO   session     Session log D:\KRR\1.LCBot\ManmabotV1_final\engine\logs\bot-20260929-210419.log
2026-09-29 21:04:19.154  INFO   session     character=elf loot=adena_only game_lang=ko map=talking_island farms=['area_1', 'area_3'] file=D:\KRR\1.LCBot\ManmabotV1_final\engine\logs\bot-20260929-210419.log
2026-09-29 21:04:19.572  INFO   nav         building portal graph (cluster=32, 512x576)
2026-09-29 21:04:20.181  INFO   nav         portal graph: 189 components, 584 ms
2026-09-29 21:04:20.487  INFO   nav         farms=2 safe=11 home=(385, 246) (files farm=D:\KRR\1.LCBot\ManmabotV1_final\engine\maps\talking_island\farms.yaml safe=D:\KRR\1.LCBot\ManmabotV1_final\engine\maps\talking_island\safe.yaml home=D:\KRR\1.LCBot\ManmabotV1_final\engine\maps\talking_island\home.yaml)
2026-09-29 21:04:20.847  INFO   capture     mss window capture process='LC.exe' title=None content_aspect=4:3
2026-09-29 21:04:21.642  INFO   session     Entity clicks use memory names, species, and world cells. Image recognition still runs. Set memory.entity_source to vision to restore image-only clicks.
2026-09-29 21:04:21.694  INFO   session     Player memory is read in this process (realtime_monitor.dll, offsets.json). No separate console.
2026-09-29 21:04:21.727  INFO   session     인벤토리 수신 시작 · inv.json 시드 · hp=42 화살=9151 은화살=0 해독=0 (백그라운드 실시간 스캔)
2026-09-29 21:04:22.043  INFO   session     메모리에서 핫바 24칸을 읽는 중…
2026-09-29 21:04:22.752  INFO   session     핫바 스캔 완료 · 파워 업@box1/f5, 아머 업@box1/f6, 라이트@box1/f7, 힐@box1/f8, HP 물약@box2/f9, 텔레포트@box1/f10, 마법 공격@box1/f12, 말하는 두루마리@box2/f5, 마더 트리@box2/f6, HP를 MP로@box2/f7
2026-09-29 21:04:22.904  INFO   session     매핑되지 않은 핫바 아이콘: box1/f8:SPELL, box1/f11:아데나, box1/f12:화살, box2/f10:상쾌한 빨간 물약, box2/f12:속도향상 물약, box3/f10:SPELL
2026-09-29 21:04:23.277  INFO   session     루프 준비 · 요정 · 한국어 · 맵=말하는 섬 · 룻=아데나만 · 구역=구역 1, 구역 3
2026-09-29 21:04:24.853  INFO   session     Entity shadow: vision=43 {'player': 38, 'monster': 5} memory=87 {'player': 79, 'npc': 8} paired=36 median=0.052
2026-09-29 21:04:24.917  INFO   session     인벤토리 수신 준비 (dll) · hp=42 화살=9129 은화살=0 해독=0
2026-09-29 21:04:25.094  INFO   nav         talking scroll emit spot=ti_general_goods purpose=shop reason=go to shop (sell_garbage_ch)
2026-09-29 21:04:25.096  INFO   shop        shop scrolled behavior=sell_garbage_ch retry=0
2026-09-29 21:04:25.348  INFO   decision    mode=farming goal=talking_scroll action=use_talking_scroll target=- sticky=- origin=(1188,118) shop=1 scrolled=1 reason='go to shop (sell_garbage_ch)' status=success
2026-09-29 21:04:30.037  INFO   session     Entity shadow: vision=16 {'monster': 1, 'npc': 2, 'player': 13} memory=27 {'npc': 2, 'player': 25} paired=15 median=0.022
2026-09-29 21:04:30.342  INFO   shop        at shop — stop behavior=sell_garbage_ch
2026-09-29 21:04:30.920  INFO   decision    mode=farming goal=shop action=shop_stop target=- sticky=- origin=(386,245) shop=1 scrolled=1 reason='stop at shop' status=success
2026-09-29 21:04:31.760  INFO   shop        open shop UI behavior=sell_garbage_ch
2026-09-29 21:04:31.990  INFO   decision    mode=farming goal=shop action=shop_buy_arrows target=- sticky=- origin=(386,245) shop=1 scrolled=1 reason='shop:sell_garbage_ch' status=success
2026-09-29 21:04:36.254  INFO   session     Entity shadow: vision=17 {'player': 15, 'npc': 2} memory=27 {'npc': 2, 'player': 25} paired=15 median=0.023
2026-09-29 21:04:36.822  INFO   nav         talking scroll emit spot=giran_weapon purpose=shop reason=go to shop (sell_garbage_weapon_ch)
2026-09-29 21:04:37.386  INFO   shop        shop scrolled behavior=sell_garbage_weapon_ch retry=0
2026-09-29 21:04:37.431  INFO   decision    mode=farming goal=talking_scroll action=use_talking_scroll target=- sticky=- origin=(386,245) shop=1 scrolled=1 reason='go to shop (sell_garbage_weapon_ch)' status=success
2026-09-29 21:04:39.538  INFO   session     일시정지 — 단축키
2026-09-29 21:04:41.371  INFO   nav         async nav configure start map=mainland
2026-09-29 21:04:42.601  INFO   nav         building portal graph (cluster=32, 1755x1414)
2026-09-29 21:04:50.742  INFO   nav         portal graph: 2586 components, 8137 ms
2026-09-29 21:04:51.011  INFO   nav         farms=6 safe=0 home=None (files farm=D:\KRR\1.LCBot\ManmabotV1_final\engine\maps\mainland\farms.yaml safe=D:\KRR\1.LCBot\ManmabotV1_final\engine\maps\mainland\safe.yaml home=D:\KRR\1.LCBot\ManmabotV1_final\engine\maps\mainland\home.yaml)
2026-09-29 21:04:51.030  INFO   nav         async nav configure done map=mainland (9633 ms)
2026-09-29 21:22:20.248  INFO   session     정지 → 중지됨
2026-09-29 21:22:20.477  INFO   session     봇 작업이 종료되었습니다
