2026-09-27 23:28:29.123  INFO   session     Loading Manmabot from D:\ManmabotV1_final\engine
2026-09-27 23:28:29.130  INFO   session     Session log D:\ManmabotV1_final\engine\logs\bot-20260927-232829.log
2026-09-27 23:28:29.130  INFO   session     character=elf loot=all_items game_lang=ko map=talking_island farms=['area_2', 'area_1', 'area_3'] file=D:\ManmabotV1_final\engine\logs\bot-20260927-232829.log
2026-09-27 23:28:29.435  INFO   nav         building portal graph (cluster=32, 479x511)
2026-09-27 23:28:29.756  INFO   nav         portal graph: 188 components, 320 ms
2026-09-27 23:28:29.764  INFO   nav         farms=3 safe=11 home=(354, 203) (files farm=D:\ManmabotV1_final\engine\maps\talking_island\farms.yaml safe=D:\ManmabotV1_final\engine\maps\talking_island\safe.yaml home=D:\ManmabotV1_final\engine\maps\talking_island\home.yaml)
2026-09-27 23:28:30.010  INFO   capture     mss window capture process='LC.exe' title=None content_aspect=4:3
2026-09-27 23:28:30.530  INFO   session     Entity clicks use memory names, species, and world cells. Image recognition still runs. Set memory.entity_source to vision to restore image-only clicks.
2026-09-27 23:28:30.547  INFO   session     Player memory is read in this process (realtime_monitor.dll, offsets.json). No separate console.
2026-09-27 23:28:30.559  INFO   session     인벤토리를 백그라운드에서 스캔 중 (inventory_listen.dll 또는 inv.json을 두세요).
2026-09-27 23:28:30.590  INFO   session     메모리에서 핫바 24칸을 읽는 중…
2026-09-27 23:28:30.695  INFO   session     핫바 스캔 완료 · 파워 업@box2/f8, 아머 업@box2/f5, 라이트@box1/f10, 힐@box1/f9, HP 물약@box1/f9, 텔레포트@box1/f11, 마법 공격@box1/f12, 말하는 두루마리@box1/f5
2026-09-27 23:28:30.723  INFO   session     매핑되지 않은 핫바 아이콘: box1/f6:작은 활 (무장), box1/f7:나무 화살, box1/f8:아데나
2026-09-27 23:28:30.739  INFO   session     루프 준비 · 요정 · 한국어 · 맵=말하는 섬 · 룻=전부 줍기 · 구역=구역 2, 구역 1, 구역 3
2026-09-27 23:28:31.306  INFO   session     Entity shadow: vision=1 {'npc': 1} memory=3 {'monster': 3} paired=0 median=0.000 unleveled=206:兔子,208:兔子,10:警衛
2026-09-27 23:28:31.372  INFO   session     인벤토리 수신 준비 (dll) · hp=0 화살=461 은화살=201 해독=0
2026-09-27 23:28:31.395  INFO   decision    mode=farming behavior=buff action=buff target=- reason='armor_up' status=success
2026-09-27 23:28:32.506  INFO   decision    mode=traveling behavior=traveling action=traveling target=- reason='enter farm area' status=success
2026-09-27 23:28:36.422  INFO   session     Entity shadow: vision=2 {'player': 1, 'npc': 1} memory=4 {'monster': 4} paired=0 median=0.000 unleveled=208:兔子,68:警衛,206:兔子
2026-09-27 23:28:41.948  INFO   session     Entity shadow: vision=5 {'player': 3, 'npc': 2} memory=7 {'player': 3, 'monster': 4} paired=2 median=0.077 unleveled=208:兔子,10:警衛,68:警衛
2026-09-27 23:28:41.996  INFO   decision    mode=traveling behavior=buff action=buff target=- reason='light' status=success
2026-09-27 23:28:42.743  INFO   decision    mode=traveling behavior=traveling action=traveling target=- reason='enter farm area' status=success
2026-09-27 23:28:47.270  INFO   session     Entity shadow: vision=4 {'player': 2, 'npc': 2} memory=6 {'player': 2, 'monster': 4} paired=1 median=0.009 unleveled=14:青蛙,208:兔子,10:警衛,68:警衛
2026-09-27 23:28:52.570  INFO   session     Entity shadow: vision=2 {'player': 1, 'npc': 1} memory=3 {'monster': 3} paired=0 median=0.000 unleveled=14:青蛙,10:警衛,68:警衛
2026-09-27 23:28:57.960  INFO   session     Entity shadow: vision=6 {'monster': 5, 'npc': 1} memory=17 {'npc': 4, 'monster': 2, 'player': 11} paired=1 median=0.095 unleveled=14:青蛙,10:警衛
2026-09-27 23:29:03.377  INFO   session     Entity shadow: vision=5 {'monster': 4, 'player': 1} memory=12 {'player': 12} paired=1 median=0.030
2026-09-27 23:29:05.086  INFO   decision    mode=traveling behavior=traveling action=traveling target=- reason='enter farm area' status=success (repeat)
2026-09-27 23:29:08.745  INFO   session     Entity shadow: vision=2 {'player': 2} memory=2 {'npc': 1, 'player': 1} paired=1 median=0.035
2026-09-27 23:29:14.053  INFO   session     Entity shadow: vision=3 {'player': 1, 'npc': 2} memory=3 {'monster': 2, 'npc': 1} paired=0 median=0.000 unleveled=10:警衛,68:警衛
2026-09-27 23:29:19.149  INFO   session     Entity shadow: vision=4 {'monster': 1, 'player': 1, 'npc': 2} memory=3 {'monster': 3} paired=1 median=0.037 unleveled=10:警衛,68:警衛
2026-09-27 23:29:24.454  INFO   session     Entity shadow: vision=5 {'player': 1, 'monster': 3, 'npc': 1} memory=3 {'monster': 3} paired=2 median=0.015 unleveled=68:警衛
2026-09-27 23:29:24.496  INFO   decision    mode=traveling behavior=traveling action=traveling target=- reason='enter farm area' status=success (repeat)
2026-09-27 23:29:29.461  INFO   session     Entity shadow: vision=2 {'player': 1, 'monster': 1} memory=1 {'monster': 1} paired=1 median=0.040
2026-09-27 23:29:34.802  INFO   session     Entity shadow: vision=1 {'player': 1} memory=0 {} paired=0 median=0.000
2026-09-27 23:29:37.555  INFO   decision    mode=traveling behavior=combat action=attack target=39 reason='engage target' status=success
2026-09-27 23:29:39.583  INFO   decision    mode=traveling behavior=loot action=searching target=40 reason='walk onto item' status=success
2026-09-27 23:29:40.107  INFO   session     Entity shadow: vision=4 {'player': 2, 'monster': 1, 'item': 1} memory=4 {'monster': 2, 'player': 1, 'item': 1} paired=3 median=0.038 unleveled=12:史萊姆
2026-09-27 23:29:40.981  INFO   decision    mode=traveling behavior=combat action=attack target=39 reason='engage target' status=success
2026-09-27 23:29:42.324  INFO   decision    mode=traveling behavior=loot action=searching target=43 reason='walk onto item' status=success
2026-09-27 23:29:43.886  INFO   decision    mode=traveling behavior=loot action=pickup target=43 reason='loot target' status=success
2026-09-27 23:29:44.422  INFO   decision    mode=traveling behavior=loot action=idle target=- reason='pickup settle' status=success
2026-09-27 23:29:45.242  INFO   session     Entity shadow: vision=4 {'player': 3, 'item': 1} memory=5 {'monster': 2, 'player': 2, 'item': 1} paired=3 median=0.035 unleveled=12:史萊姆
2026-09-27 23:29:45.311  INFO   decision    mode=traveling behavior=traveling action=traveling target=- reason='enter farm area' status=success
2026-09-27 23:29:47.495  INFO   decision    mode=traveling behavior=loot action=pickup target=43 reason='engage item' status=success
2026-09-27 23:29:47.950  INFO   decision    mode=traveling behavior=loot action=idle target=- reason='pickup settle' status=success
2026-09-27 23:29:48.889  INFO   decision    mode=traveling behavior=traveling action=traveling target=- reason='enter farm area' status=success
2026-09-27 23:29:50.472  INFO   session     Entity shadow: vision=4 {'player': 3, 'item': 1} memory=5 {'player': 2, 'monster': 2, 'item': 1} paired=3 median=0.027 unleveled=12:史萊姆
2026-09-27 23:29:50.851  INFO   decision    mode=traveling behavior=loot action=searching target=43 reason='walk onto item' status=success
2026-09-27 23:29:53.972  INFO   decision    mode=traveling behavior=loot action=pickup target=43 reason='loot target' status=success
2026-09-27 23:29:54.626  INFO   decision    mode=traveling behavior=loot action=idle target=- reason='pickup settle' status=success
2026-09-27 23:29:55.329  INFO   decision    mode=traveling behavior=traveling action=traveling target=- reason='enter farm area' status=success
2026-09-27 23:29:55.821  INFO   session     Entity shadow: vision=3 {'player': 3} memory=3 {'player': 1, 'monster': 2} paired=1 median=0.048 unleveled=12:史萊姆
2026-09-27 23:30:01.108  INFO   session     Entity shadow: vision=2 {'player': 2} memory=2 {'player': 1, 'monster': 1} paired=1 median=0.047 unleveled=12:史萊姆
2026-09-27 23:30:06.595  INFO   session     Entity shadow: vision=5 {'player': 3, 'monster': 2} memory=3 {'player': 2, 'monster': 1} paired=3 median=0.051
2026-09-27 23:30:11.835  INFO   session     Entity shadow: vision=3 {'player': 3} memory=2 {'player': 1, 'monster': 1} paired=1 median=0.058 unleveled=12:史萊姆
2026-09-27 23:30:15.162  INFO   decision    mode=traveling behavior=traveling action=traveling target=- reason='enter farm area' status=success (repeat)
2026-09-27 23:30:16.839  INFO   session     Entity shadow: vision=3 {'player': 2, 'monster': 1} memory=3 {'monster': 2, 'player': 1} paired=2 median=0.059 unleveled=12:史萊姆
2026-09-27 23:30:17.694  INFO   decision    mode=traveling behavior=loot action=searching target=52 reason='walk onto item' status=success
2026-09-27 23:30:20.426  INFO   decision    mode=traveling behavior=loot action=pickup target=52 reason='loot target' status=success
2026-09-27 23:30:21.138  INFO   decision    mode=traveling behavior=loot action=idle target=- reason='pickup settle' status=success
2026-09-27 23:30:21.616  INFO   decision    mode=traveling behavior=combat action=attack target=54 reason='engage target' status=success
2026-09-27 23:30:22.474  INFO   session     Entity shadow: vision=6 {'item': 1, 'monster': 2, 'player': 3} memory=5 {'player': 2, 'monster': 2, 'item': 1} paired=3 median=0.019 unleveled=12:史萊姆
2026-09-27 23:30:22.588  INFO   decision    mode=traveling behavior=traveling action=traveling target=- reason='enter farm area' status=success
2026-09-27 23:30:24.064  INFO   decision    mode=traveling behavior=combat action=attack target=57 reason='engage target' status=success
2026-09-27 23:30:25.391  INFO   decision    mode=traveling behavior=loot action=pickup target=52 reason='engage item' status=success
2026-09-27 23:30:26.033  INFO   decision    mode=traveling behavior=loot action=idle target=- reason='pickup settle' status=success
2026-09-27 23:30:26.602  INFO   decision    mode=traveling behavior=loot action=searching target=59 reason='walk onto item' status=success
2026-09-27 23:30:27.089  INFO   decision    mode=traveling behavior=combat action=attack target=57 reason='engage target' status=success
2026-09-27 23:30:27.905  INFO   session     Entity shadow: vision=6 {'item': 3, 'player': 2, 'monster': 1} memory=8 {'monster': 3, 'item': 3, 'player': 2} paired=5 median=0.020 unleveled=12:史萊姆
2026-09-27 23:30:27.935  INFO   decision    mode=traveling behavior=loot action=searching target=61 reason='walk onto item' status=success
2026-09-27 23:30:28.582  INFO   decision    mode=traveling behavior=combat action=attack target=57 reason='engage target' status=success
2026-09-27 23:30:29.738  INFO   decision    mode=traveling behavior=loot action=searching target=62 reason='walk onto item' status=success
2026-09-27 23:30:31.276  INFO   decision    mode=traveling behavior=loot action=pickup target=62 reason='loot target' status=success
2026-09-27 23:30:32.053  INFO   decision    mode=traveling behavior=loot action=idle target=- reason='pickup settle' status=success
2026-09-27 23:30:32.806  INFO   decision    mode=traveling behavior=traveling action=traveling target=- reason='enter farm area' status=success
2026-09-27 23:30:33.274  INFO   session     Entity shadow: vision=4 {'item': 1, 'player': 3} memory=4 {'player': 2, 'monster': 1, 'item': 1} paired=3 median=0.029 unleveled=12:史萊姆
2026-09-27 23:30:38.493  INFO   session     Entity shadow: vision=4 {'player': 4} memory=4 {'player': 3, 'monster': 1} paired=3 median=0.050 unleveled=12:史萊姆
2026-09-27 23:30:43.891  INFO   session     Entity shadow: vision=3 {'player': 3} memory=4 {'player': 2, 'monster': 2} paired=2 median=0.054 unleveled=12:史萊姆
2026-09-27 23:30:47.091  INFO   decision    mode=traveling behavior=combat action=attack target=72 reason='engage target' status=success
2026-09-27 23:30:48.202  INFO   decision    mode=traveling behavior=combat action=attack target=77 reason='attack target' status=success
2026-09-27 23:30:49.212  INFO   session     Entity shadow: vision=4 {'monster': 2, 'player': 2} memory=5 {'player': 2, 'monster': 3} paired=3 median=0.067 unleveled=12:史萊姆
2026-09-27 23:30:49.273  INFO   decision    mode=traveling behavior=combat action=attack target=82 reason='attack target' status=success
2026-09-27 23:30:50.389  INFO   decision    mode=traveling behavior=traveling action=traveling target=- reason='enter farm, walk around' status=success
2026-09-27 23:30:51.458  INFO   decision    mode=traveling behavior=loot action=searching target=93 reason='walk onto item' status=success
2026-09-27 23:30:55.060  INFO   session     Entity shadow: vision=7 {'player': 6, 'npc': 1} memory=10 {'player': 5, 'monster': 4, 'item': 1} paired=5 median=0.037 unleveled=12:史萊姆
2026-09-27 23:30:55.583  INFO   decision    mode=traveling behavior=traveling action=traveling target=- reason='enter farm area' status=success
2026-09-27 23:31:00.757  INFO   session     Entity shadow: vision=8 {'monster': 2, 'player': 6} memory=8 {'player': 5, 'monster': 3} paired=6 median=0.018 unleveled=12:史萊姆
2026-09-27 23:31:00.786  INFO   decision    mode=traveling behavior=unstick action=teleport target=- reason='unstick confined' status=success
2026-09-27 23:31:01.960  INFO   decision    mode=traveling behavior=traveling action=traveling target=- reason='enter farm, walk around' status=success
2026-09-27 23:31:06.073  INFO   session     Entity shadow: vision=3 {'player': 2, 'monster': 1} memory=4 {'player': 1, 'monster': 3} paired=2 median=0.061 unleveled=12:史萊姆
2026-09-27 23:31:11.394  INFO   session     Entity shadow: vision=3 {'monster': 1, 'player': 2} memory=3 {'player': 1, 'monster': 2} paired=2 median=0.016 unleveled=12:史萊姆
2026-09-27 23:31:12.156  INFO   decision    mode=traveling behavior=traveling action=idle target=- reason='no behavior produced an intent' status=success
2026-09-27 23:31:12.573  INFO   decision    mode=traveling behavior=traveling action=traveling target=- reason='enter farm area' status=success
2026-09-27 23:31:15.796  INFO   decision    mode=retreating behavior=retreating action=teleport target=- reason='retreat teleport' status=success
2026-09-27 23:31:17.085  INFO   session     Entity shadow: vision=2 {'player': 2} memory=2 {'player': 1, 'monster': 1} paired=1 median=0.021 unleveled=12:史萊姆
2026-09-27 23:31:17.117  INFO   decision    mode=retreating behavior=talking_scroll action=use_talking_scroll target=- reason='retreat, 마법서 상인' status=success
2026-09-27 23:31:18.853  INFO   decision    mode=retreating behavior=heal action=heal target=- reason='heal after teleport' status=success
2026-09-27 23:31:22.052  INFO   session     Entity shadow: vision=5 {'item': 1, 'player': 2, 'npc': 2} memory=8 {'monster': 3, 'item': 1, 'player': 1, 'npc': 3} paired=2 median=0.054 unleveled=68:警衛,10:警衛
2026-09-27 23:31:27.599  INFO   session     Entity shadow: vision=6 {'item': 1, 'npc': 2, 'player': 2, 'monster': 1} memory=8 {'monster': 3, 'item': 1, 'player': 1, 'npc': 3} paired=3 median=0.044 unleveled=68:警衛,10:警衛
2026-09-27 23:31:32.956  INFO   session     Entity shadow: vision=5 {'npc': 2, 'player': 2, 'item': 1} memory=7 {'item': 1, 'player': 1, 'monster': 2, 'npc': 3} paired=2 median=0.053 unleveled=68:警衛,10:警衛
2026-09-27 23:31:38.202  INFO   session     Entity shadow: vision=4 {'npc': 2, 'item': 1, 'player': 1} memory=6 {'item': 1, 'monster': 2, 'npc': 3} paired=1 median=0.003 unleveled=68:警衛,10:警衛
2026-09-27 23:31:43.774  INFO   session     Entity shadow: vision=4 {'npc': 2, 'item': 1, 'player': 1} memory=6 {'item': 1, 'monster': 2, 'npc': 3} paired=1 median=0.003 unleveled=68:警衛,10:警衛
2026-09-27 23:31:49.018  INFO   session     Entity shadow: vision=4 {'item': 1, 'player': 1, 'npc': 2} memory=6 {'item': 1, 'monster': 2, 'npc': 3} paired=1 median=0.003 unleveled=68:警衛,10:警衛
2026-09-27 23:31:52.387  INFO   decision    mode=retreating behavior=loot action=searching target=100 reason='walk onto item' status=success
2026-09-27 23:31:54.049  INFO   session     Entity shadow: vision=4 {'player': 1, 'npc': 2, 'item': 1} memory=6 {'item': 1, 'monster': 2, 'npc': 3} paired=1 median=0.015 unleveled=68:警衛,10:警衛
2026-09-27 23:31:55.689  INFO   decision    mode=retreating behavior=retreating action=idle target=- reason='retreating, waiting for hp' status=success
2026-09-27 23:31:59.321  INFO   session     Entity shadow: vision=2 {'item': 1, 'player': 1} memory=2 {'monster': 1, 'item': 1} paired=1 median=0.021
2026-09-27 23:32:01.021  INFO   decision    mode=traveling behavior=loot action=pickup target=100 reason='engage item' status=success
2026-09-27 23:32:01.559  INFO   decision    mode=traveling behavior=loot action=idle target=- reason='pickup settle' status=success
2026-09-27 23:32:02.177  INFO   decision    mode=traveling behavior=combat action=attack target=108 reason='engage target' status=success
2026-09-27 23:32:04.540  INFO   session     Entity shadow: vision=1 {'player': 1} memory=1 {'monster': 1} paired=0 median=0.000
2026-09-27 23:32:09.409  INFO   decision    mode=retreating behavior=retreating action=teleport target=- reason='retreat teleport' status=success
2026-09-27 23:32:10.503  INFO   session     Entity shadow: vision=1 {'player': 1} memory=1 {'monster': 1} paired=0 median=0.000
2026-09-27 23:32:10.556  INFO   decision    mode=retreating behavior=talking_scroll action=use_talking_scroll target=- reason='retreat, 허수아비 수련장' status=success
2026-09-27 23:32:12.440  INFO   decision    mode=retreating behavior=? action=idle target=- reason='waiting for respawn' status=success
2026-09-27 23:32:14.442  INFO   decision    mode=retreating behavior=respawn action=respawn target=- reason='death confirmed, restart' status=success
2026-09-27 23:32:14.981  INFO   decision    mode=retreating behavior=? action=idle target=- reason='waiting for respawn' status=success
2026-09-27 23:32:16.038  INFO   session     Entity shadow: vision=12 {'player': 10, 'npc': 2} memory=18 {'npc': 4, 'player': 14} paired=11 median=0.019
2026-09-27 23:32:16.462  INFO   decision    mode=retreating behavior=heal action=heal target=- reason='heal after teleport' status=success
2026-09-27 23:32:21.104  INFO   session     Entity shadow: vision=10 {'player': 9, 'npc': 1} memory=18 {'npc': 4, 'player': 14} paired=10 median=0.020
2026-09-27 23:32:26.138  INFO   session     Entity shadow: vision=11 {'player': 10, 'npc': 1} memory=19 {'player': 15, 'monster': 1, 'npc': 3} paired=10 median=0.021 unleveled=208:兔子
2026-09-27 23:32:32.034  INFO   session     Entity shadow: vision=10 {'monster': 1, 'player': 8, 'npc': 1} memory=18 {'monster': 1, 'player': 14, 'npc': 3} paired=9 median=0.021 unleveled=208:兔子
2026-09-27 23:32:38.150  INFO   session     Entity shadow: vision=10 {'npc': 1, 'player': 9} memory=18 {'player': 14, 'monster': 1, 'npc': 3} paired=9 median=0.022 unleveled=208:兔子
2026-09-27 23:32:41.509  INFO   decision    mode=retreating behavior=retreating action=idle target=- reason='retreating, waiting for hp' status=success
2026-09-27 23:32:43.417  INFO   session     Entity shadow: vision=14 {'player': 11, 'npc': 3} memory=21 {'npc': 5, 'monster': 1, 'player': 15} paired=12 median=0.020 unleveled=208:兔子
2026-09-27 23:32:48.749  INFO   session     Entity shadow: vision=12 {'player': 11, 'npc': 1} memory=21 {'player': 16, 'npc': 4, 'monster': 1} paired=11 median=0.021 unleveled=208:兔子
2026-09-27 23:32:49.705  INFO   decision    mode=farming behavior=talking_scroll action=use_talking_scroll target=- reason='respawn, 마법서 상인' status=success
2026-09-27 23:32:51.565  INFO   decision    mode=traveling behavior=traveling action=traveling target=- reason='enter farm area' status=success
2026-09-27 23:32:54.085  INFO   session     Entity shadow: vision=6 {'npc': 2, 'player': 2, 'monster': 2} memory=8 {'monster': 4, 'player': 1, 'npc': 3} paired=3 median=0.035 unleveled=68:警衛,10:警衛
2026-09-27 23:32:59.435  INFO   session     Entity shadow: vision=4 {'npc': 2, 'player': 2} memory=6 {'monster': 2, 'player': 1, 'npc': 3} paired=1 median=0.014 unleveled=68:警衛,10:警衛
2026-09-27 23:33:04.122  INFO   decision    mode=traveling behavior=combat action=attack target=145 reason='engage target' status=success
2026-09-27 23:33:04.944  INFO   session     Entity shadow: vision=5 {'player': 1, 'npc': 3, 'monster': 1} memory=8 {'monster': 4, 'player': 1, 'npc': 3} paired=3 median=0.073 unleveled=68:警衛,10:警衛
2026-09-27 23:33:10.028  INFO   session     Entity shadow: vision=6 {'player': 4, 'npc': 1, 'monster': 1} memory=8 {'monster': 4, 'player': 1, 'npc': 3} paired=2 median=0.015 unleveled=68:警衛,10:警衛
2026-09-27 23:33:11.794  INFO   decision    mode=traveling behavior=combat action=searching target=145 reason='unstick combat path' status=success
2026-09-27 23:33:12.316  INFO   decision    mode=traveling behavior=combat action=attack target=145 reason='attack target' status=success
2026-09-27 23:33:15.430  INFO   session     Entity shadow: vision=5 {'npc': 2, 'monster': 2, 'player': 1} memory=9 {'monster': 6, 'npc': 3} paired=2 median=0.027 unleveled=68:警衛,10:警衛
2026-09-27 23:33:19.283  INFO   decision    mode=retreating behavior=retreating action=teleport target=- reason='retreat teleport' status=success
2026-09-27 23:33:20.728  INFO   decision    mode=retreating behavior=talking_scroll action=use_talking_scroll target=- reason='retreat, 마법서 상인' status=success
2026-09-27 23:33:22.597  INFO   session     Entity shadow: vision=4 {'npc': 2, 'monster': 2} memory=9 {'monster': 6, 'npc': 3} paired=2 median=0.086 unleveled=68:警衛,10:警衛
2026-09-27 23:33:22.651  INFO   decision    mode=retreating behavior=? action=idle target=- reason='waiting for respawn' status=success
2026-09-27 23:33:24.876  INFO   decision    mode=retreating behavior=respawn action=respawn target=- reason='death confirmed, restart' status=success
2026-09-27 23:33:25.458  INFO   decision    mode=retreating behavior=? action=idle target=- reason='waiting for respawn' status=success
2026-09-27 23:33:26.059  INFO   decision    mode=retreating behavior=heal action=heal target=- reason='heal after teleport' status=success
2026-09-27 23:33:27.972  INFO   session     Entity shadow: vision=24 {'player': 22, 'npc': 1, 'monster': 1} memory=49 {'player': 44, 'npc': 5} paired=23 median=0.029
2026-09-27 23:33:32.962  INFO   session     Entity shadow: vision=25 {'player': 21, 'monster': 3, 'npc': 1} memory=48 {'player': 43, 'npc': 5} paired=22 median=0.029
2026-09-27 23:33:38.017  INFO   session     Entity shadow: vision=26 {'player': 23, 'monster': 2, 'npc': 1} memory=49 {'player': 44, 'npc': 5} paired=24 median=0.027
2026-09-27 23:33:44.163  INFO   session     Entity shadow: vision=21 {'player': 21} memory=49 {'player': 45, 'npc': 4} paired=21 median=0.022
2026-09-27 23:33:46.730  INFO   decision    mode=retreating behavior=retreating action=idle target=- reason='retreating, waiting for hp' status=success
2026-09-27 23:33:49.327  INFO   session     Entity shadow: vision=25 {'player': 24, 'monster': 1} memory=47 {'player': 44, 'npc': 3} paired=24 median=0.026
2026-09-27 23:33:54.515  INFO   session     Entity shadow: vision=23 {'player': 23} memory=47 {'npc': 4, 'player': 43} paired=22 median=0.052
2026-09-27 23:33:58.451  INFO   decision    mode=farming behavior=talking_scroll action=use_talking_scroll target=- reason='respawn, 마법서 상인' status=success
2026-09-27 23:34:00.478  INFO   session     Entity shadow: vision=27 {'player': 27} memory=50 {'player': 45, 'npc': 5} paired=26 median=0.026
2026-09-27 23:34:00.581  INFO   decision    mode=traveling behavior=traveling action=traveling target=- reason='enter farm area' status=success
2026-09-27 23:34:01.603  INFO   decision    mode=traveling behavior=combat action=attack target=216 reason='engage target' status=success
2026-09-27 23:34:06.297  INFO   session     Entity shadow: vision=4 {'npc': 2, 'monster': 1, 'player': 1} memory=8 {'monster': 5, 'npc': 3} paired=1 median=0.003 unleveled=10:警衛
2026-09-27 23:34:11.354  INFO   session     Entity shadow: vision=5 {'monster': 2, 'npc': 2, 'player': 1} memory=7 {'monster': 4, 'npc': 3} paired=2 median=0.019 unleveled=68:警衛,10:警衛
2026-09-27 23:34:16.438  INFO   session     Entity shadow: vision=4 {'npc': 2, 'player': 1, 'monster': 1} memory=7 {'monster': 4, 'npc': 3} paired=1 median=0.021 unleveled=68:警衛,10:警衛
2026-09-27 23:34:16.971  INFO   decision    mode=traveling behavior=traveling action=traveling target=- reason='enter farm, walk around' status=success
2026-09-27 23:34:21.467  INFO   session     Entity shadow: vision=6 {'player': 1, 'npc': 4, 'monster': 1} memory=7 {'monster': 4, 'npc': 3} paired=2 median=0.106 unleveled=68:警衛,10:警衛
2026-09-27 23:34:22.105  INFO   decision    mode=traveling behavior=unstick action=teleport target=- reason='unstick confined' status=success
2026-09-27 23:34:23.487  INFO   decision    mode=traveling behavior=traveling action=traveling target=- reason='enter farm, walk around' status=success
2026-09-27 23:34:26.143  INFO   decision    mode=traveling behavior=combat action=attack target=223 reason='engage target' status=success
2026-09-27 23:34:26.914  INFO   session     Entity shadow: vision=6 {'npc': 3, 'player': 1, 'monster': 2} memory=7 {'monster': 4, 'npc': 3} paired=2 median=0.106 unleveled=68:警衛,10:警衛
2026-09-27 23:34:29.762  INFO   decision    mode=retreating behavior=retreating action=teleport target=- reason='retreat teleport' status=success
2026-09-27 23:34:31.072  INFO   decision    mode=retreating behavior=? action=idle target=- reason='waiting for respawn' status=success
2026-09-27 23:34:31.736  INFO   session     Entity shadow: vision=5 {'npc': 3, 'monster': 2} memory=7 {'monster': 4, 'npc': 3} paired=2 median=0.106 unleveled=68:警衛,10:警衛
2026-09-27 23:34:33.268  INFO   decision    mode=retreating behavior=respawn action=respawn target=- reason='death confirmed, restart' status=success
2026-09-27 23:34:33.717  INFO   decision    mode=retreating behavior=? action=idle target=- reason='waiting for respawn' status=success
2026-09-27 23:34:35.953  INFO   decision    mode=retreating behavior=talking_scroll action=use_talking_scroll target=- reason='retreat, 펫 관리인' status=success
2026-09-27 23:34:38.193  INFO   session     Entity shadow: vision=47 {'player': 43, 'npc': 1, 'monster': 3} memory=0 {} paired=0 median=0.000
2026-09-27 23:34:38.298  INFO   decision    mode=retreating behavior=heal action=heal target=- reason='heal after teleport' status=success
2026-09-27 23:34:43.579  INFO   session     Entity shadow: vision=11 {'item': 3, 'monster': 6, 'player': 1, 'npc': 1} memory=10 {'monster': 6, 'item': 3, 'npc': 1} paired=10 median=0.016
2026-09-27 23:34:49.049  INFO   session     Entity shadow: vision=9 {'item': 2, 'player': 2, 'monster': 5} memory=10 {'monster': 6, 'player': 1, 'item': 2, 'npc': 1} paired=8 median=0.016
2026-09-27 23:34:54.505  INFO   session     Entity shadow: vision=9 {'player': 2, 'item': 2, 'monster': 4, 'npc': 1} memory=10 {'monster': 6, 'player': 1, 'item': 2, 'npc': 1} paired=8 median=0.017
2026-09-27 23:34:57.817  INFO   decision    mode=retreating behavior=retreating action=idle target=- reason='retreating, waiting for hp' status=success
2026-09-27 23:34:59.810  INFO   session     Entity shadow: vision=10 {'item': 2, 'npc': 1, 'monster': 5, 'player': 2} memory=9 {'player': 1, 'item': 2, 'npc': 1, 'monster': 5} paired=9 median=0.017
2026-09-27 23:35:04.918  INFO   session     Entity shadow: vision=10 {'item': 2, 'player': 2, 'npc': 1, 'monster': 5} memory=9 {'player': 1, 'item': 2, 'npc': 1, 'monster': 5} paired=9 median=0.017
2026-09-27 23:35:06.852  INFO   decision    mode=farming behavior=talking_scroll action=use_talking_scroll target=- reason='respawn, 마법서 상인' status=success
2026-09-27 23:35:08.691  INFO   decision    mode=farming behavior=loot action=searching target=297 reason='walk onto item' status=success
2026-09-27 23:35:09.985  INFO   decision    mode=traveling behavior=traveling action=traveling target=- reason='enter farm area' status=success
2026-09-27 23:35:10.528  INFO   session     Entity shadow: vision=2 {'npc': 2} memory=5 {'monster': 2, 'npc': 3} paired=1 median=0.103 unleveled=68:警衛,10:警衛
2026-09-27 23:35:15.413  INFO   session     Entity shadow: vision=4 {'player': 1, 'npc': 2, 'monster': 1} memory=6 {'monster': 3, 'npc': 3} paired=1 median=0.054 unleveled=68:警衛,10:警衛
2026-09-27 23:35:20.454  INFO   session     Entity shadow: vision=2 {'player': 1, 'npc': 1} memory=4 {'monster': 1, 'npc': 3} paired=1 median=0.106 unleveled=10:警衛
2026-09-27 23:35:23.465  INFO   decision    mode=traveling behavior=combat action=attack target=314 reason='engage target' status=success
2026-09-27 23:35:24.210  INFO   decision    mode=traveling behavior=traveling action=traveling target=- reason='enter farm area' status=success
2026-09-27 23:35:24.784  INFO   decision    mode=traveling behavior=combat action=attack target=315 reason='engage target' status=success
2026-09-27 23:35:25.388  INFO   decision    mode=traveling behavior=traveling action=traveling target=- reason='enter farm area' status=success
2026-09-27 23:35:26.105  INFO   session     Entity shadow: vision=1 {'player': 1} memory=0 {} paired=0 median=0.000
2026-09-27 23:35:26.482  INFO   decision    mode=traveling behavior=combat action=attack target=318 reason='engage target' status=success
2026-09-27 23:35:27.275  INFO   decision    mode=traveling behavior=traveling action=traveling target=- reason='enter farm area' status=success
2026-09-27 23:35:31.052  INFO   session     Entity shadow: vision=1 {'player': 1} memory=0 {} paired=0 median=0.000
2026-09-27 23:35:36.308  INFO   session     Entity shadow: vision=1 {'player': 1} memory=1 {'monster': 1} paired=0 median=0.000
2026-09-27 23:35:36.355  INFO   decision    mode=traveling behavior=combat action=attack target=321 reason='engage target' status=success
2026-09-27 23:35:37.853  INFO   decision    mode=traveling behavior=loot action=searching target=323 reason='walk onto item' status=success
2026-09-27 23:35:41.653  INFO   session     Entity shadow: vision=2 {'player': 1, 'item': 1} memory=3 {'monster': 2, 'item': 1} paired=1 median=0.018 unleveled=207:兔子
2026-09-27 23:35:46.817  INFO   session     Entity shadow: vision=3 {'player': 1, 'item': 1, 'monster': 1} memory=2 {'monster': 1, 'item': 1} paired=1 median=0.023 unleveled=207:兔子
2026-09-27 23:35:47.380  INFO   decision    mode=traveling behavior=loot action=pickup target=323 reason='loot target' status=success
2026-09-27 23:35:47.922  INFO   decision    mode=traveling behavior=loot action=idle target=- reason='pickup settle' status=success
2026-09-27 23:35:48.662  INFO   decision    mode=traveling behavior=traveling action=traveling target=- reason='enter farm area' status=success
2026-09-27 23:35:50.309  INFO   decision    mode=traveling behavior=combat action=attack target=328 reason='engage target' status=success
2026-09-27 23:35:50.992  INFO   decision    mode=traveling behavior=loot action=searching target=323 reason='walk onto item' status=success
2026-09-27 23:35:52.095  INFO   session     Entity shadow: vision=4 {'player': 1, 'monster': 2, 'item': 1} memory=5 {'monster': 4, 'item': 1} paired=3 median=0.006 unleveled=206:兔子,207:兔子
2026-09-27 23:35:52.120  INFO   decision    mode=traveling behavior=combat action=attack target=328 reason='engage target' status=success
2026-09-27 23:35:52.781  INFO   decision    mode=traveling behavior=loot action=searching target=323 reason='walk onto item' status=success
2026-09-27 23:35:53.234  INFO   decision    mode=traveling behavior=combat action=attack target=328 reason='engage target' status=success
2026-09-27 23:35:54.035  INFO   decision    mode=traveling behavior=loot action=searching target=323 reason='walk onto item' status=success
2026-09-27 23:35:54.674  INFO   decision    mode=traveling behavior=combat action=attack target=328 reason='engage target' status=success
2026-09-27 23:35:57.130  INFO   session     Entity shadow: vision=2 {'monster': 1, 'player': 1} memory=4 {'monster': 4} paired=1 median=0.016 unleveled=206:兔子
2026-09-27 23:36:02.389  INFO   session     Entity shadow: vision=3 {'monster': 2, 'player': 1} memory=4 {'monster': 4} paired=2 median=0.019 unleveled=206:兔子
2026-09-27 23:36:04.637  INFO   decision    mode=retreating behavior=retreating action=teleport target=- reason='retreat teleport' status=success
2026-09-27 23:36:06.093  INFO   decision    mode=retreating behavior=talking_scroll action=use_talking_scroll target=- reason='retreat, 마법서 상인' status=success
2026-09-27 23:36:08.004  INFO   session     Entity shadow: vision=4 {'monster': 2, 'item': 1, 'player': 1} memory=6 {'monster': 3, 'item': 2, 'player': 1} paired=3 median=0.063 unleveled=206:兔子
2026-09-27 23:36:08.046  INFO   decision    mode=retreating behavior=? action=idle target=- reason='waiting for respawn' status=success
2026-09-27 23:36:10.095  INFO   decision    mode=retreating behavior=respawn action=respawn target=- reason='death confirmed, restart' status=success
2026-09-27 23:36:10.636  INFO   decision    mode=retreating behavior=? action=idle target=- reason='waiting for respawn' status=success
2026-09-27 23:36:11.879  INFO   decision    mode=retreating behavior=heal action=heal target=- reason='heal after teleport' status=success
2026-09-27 23:36:14.169  INFO   session     Entity shadow: vision=15 {'npc': 2, 'player': 13} memory=24 {'monster': 1, 'npc': 6, 'player': 17} paired=13 median=0.024 unleveled=14:青蛙
2026-09-27 23:36:19.882  INFO   session     Entity shadow: vision=13 {'player': 11, 'npc': 2} memory=23 {'monster': 1, 'player': 17, 'npc': 5} paired=13 median=0.024 unleveled=14:青蛙
2026-09-27 23:36:25.715  INFO   session     Entity shadow: vision=13 {'player': 9, 'monster': 2, 'npc': 2} memory=23 {'monster': 1, 'player': 17, 'npc': 5} paired=11 median=0.023 unleveled=14:青蛙
2026-09-27 23:36:31.994  INFO   session     Entity shadow: vision=13 {'player': 10, 'monster': 2, 'npc': 1} memory=22 {'monster': 1, 'player': 17, 'npc': 4} paired=11 median=0.025 unleveled=14:青蛙
2026-09-27 23:36:37.714  INFO   session     Entity shadow: vision=20 {'player': 17, 'npc': 1, 'monster': 2} memory=49 {'player': 42, 'monster': 1, 'npc': 6} paired=17 median=0.030 unleveled=14:青蛙
2026-09-27 23:36:37.770  INFO   decision    mode=retreating behavior=retreating action=idle target=- reason='retreating, waiting for hp' status=success
2026-09-27 23:36:43.142  INFO   session     Entity shadow: vision=22 {'monster': 1, 'player': 20, 'npc': 1} memory=50 {'npc': 6, 'player': 44} paired=19 median=0.031
2026-09-27 23:36:46.679  INFO   decision    mode=farming behavior=talking_scroll action=use_talking_scroll target=- reason='respawn, 마법서 상인' status=success
2026-09-27 23:36:48.580  INFO   session     Entity shadow: vision=22 {'monster': 1, 'player': 18, 'npc': 3} memory=0 {} paired=0 median=0.000
2026-09-27 23:36:48.641  INFO   decision    mode=traveling behavior=traveling action=traveling target=- reason='enter farm, walk around' status=success
2026-09-27 23:36:53.929  INFO   session     Entity shadow: vision=2 {'player': 1, 'npc': 1} memory=5 {'monster': 2, 'npc': 3} paired=0 median=0.000 unleveled=68:警衛,10:警衛
2026-09-27 23:36:57.105  INFO   decision    mode=traveling behavior=combat action=attack target=408 reason='engage target' status=success
2026-09-27 23:36:58.778  INFO   session     Entity shadow: vision=5 {'monster': 3, 'npc': 2} memory=6 {'monster': 3, 'npc': 3} paired=1 median=0.002 unleveled=68:警衛,10:警衛
2026-09-27 23:37:01.708  INFO   decision    mode=traveling behavior=loot action=searching target=411 reason='walk onto item' status=success
2026-09-27 23:37:03.886  INFO   session     Entity shadow: vision=7 {'item': 1, 'monster': 2, 'npc': 3, 'player': 1} memory=8 {'monster': 3, 'player': 1, 'item': 1, 'npc': 3} paired=2 median=0.028 unleveled=68:警衛,10:警衛
2026-09-27 23:37:06.557  INFO   decision    mode=traveling behavior=combat action=attack target=413 reason='engage target' status=success
2026-09-27 23:37:07.309  INFO   decision    mode=traveling behavior=loot action=pickup target=411 reason='engage item' status=success
2026-09-27 23:37:07.947  INFO   decision    mode=traveling behavior=loot action=idle target=- reason='pickup settle' status=success
2026-09-27 23:37:08.690  INFO   decision    mode=traveling behavior=combat action=attack target=413 reason='engage target' status=success
2026-09-27 23:37:09.463  INFO   session     Entity shadow: vision=5 {'monster': 1, 'npc': 2, 'item': 1, 'player': 1} memory=7 {'monster': 4, 'npc': 3} paired=1 median=0.009 unleveled=68:警衛,10:警衛
2026-09-27 23:37:14.546  INFO   session     Entity shadow: vision=5 {'npc': 2, 'monster': 2, 'player': 1} memory=7 {'monster': 4, 'npc': 3} paired=2 median=0.041 unleveled=68:警衛,10:警衛
2026-09-27 23:37:16.780  INFO   decision    mode=traveling behavior=loot action=pickup target=414 reason='engage item' status=success
2026-09-27 23:37:17.307  INFO   decision    mode=traveling behavior=loot action=idle target=- reason='pickup settle' status=success
2026-09-27 23:37:18.221  INFO   decision    mode=traveling behavior=traveling action=traveling target=- reason='enter farm area' status=success
2026-09-27 23:37:19.852  INFO   session     Entity shadow: vision=4 {'npc': 2, 'monster': 1, 'player': 1} memory=6 {'monster': 3, 'npc': 3} paired=1 median=0.010 unleveled=68:警衛,10:警衛
2026-09-27 23:37:22.691  INFO   decision    mode=traveling behavior=combat action=attack target=415 reason='engage target' status=success
2026-09-27 23:37:25.155  INFO   session     Entity shadow: vision=1 {'player': 1} memory=3 {'monster': 1, 'npc': 2} paired=0 median=0.000
2026-09-27 23:37:28.557  INFO   decision    mode=traveling behavior=traveling action=traveling target=- reason='enter farm area' status=success
2026-09-27 23:37:30.551  INFO   session     Entity shadow: vision=2 {'player': 1, 'npc': 1} memory=1 {'monster': 1} paired=0 median=0.000 unleveled=68:警衛
2026-09-27 23:37:31.087  INFO   decision    mode=traveling behavior=loot action=searching target=417 reason='walk onto item' status=success
2026-09-27 23:37:35.426  INFO   session     Entity shadow: vision=2 {'player': 1, 'item': 1} memory=1 {'item': 1} paired=1 median=0.002
2026-09-27 23:37:40.254  INFO   decision    mode=traveling behavior=loot action=pickup target=417 reason='loot target' status=success
2026-09-27 23:37:40.716  INFO   session     Entity shadow: vision=3 {'player': 1, 'item': 2} memory=3 {'item': 2, 'monster': 1} paired=2 median=0.020 unleveled=208:兔子
2026-09-27 23:37:40.738  INFO   decision    mode=traveling behavior=loot action=idle target=- reason='pickup settle' status=success
2026-09-27 23:37:41.397  INFO   decision    mode=traveling behavior=loot action=searching target=418 reason='walk onto item' status=success
2026-09-27 23:37:46.005  INFO   session     Entity shadow: vision=2 {'player': 1, 'item': 1} memory=1 {'item': 1} paired=1 median=0.021
2026-09-27 23:37:49.511  INFO   decision    mode=traveling behavior=combat action=attack target=421 reason='engage target' status=success
2026-09-27 23:37:50.211  INFO   decision    mode=traveling behavior=loot action=searching target=418 reason='walk onto item' status=success
2026-09-27 23:37:50.680  INFO   decision    mode=traveling behavior=combat action=attack target=421 reason='engage target' status=success
2026-09-27 23:37:51.449  INFO   session     Entity shadow: vision=3 {'player': 1, 'monster': 2} memory=2 {'monster': 2} paired=2 median=0.017
2026-09-27 23:37:56.801  INFO   session     Entity shadow: vision=4 {'player': 2, 'monster': 2} memory=2 {'monster': 2} paired=2 median=0.012
2026-09-27 23:38:02.075  INFO   session     Entity shadow: vision=2 {'player': 1, 'monster': 1} memory=2 {'monster': 2} paired=1 median=0.011
2026-09-27 23:38:02.924  INFO   decision    mode=traveling behavior=loot action=pickup target=423 reason='engage item' status=success
2026-09-27 23:38:03.455  INFO   decision    mode=traveling behavior=loot action=idle target=- reason='pickup settle' status=success
2026-09-27 23:38:04.150  INFO   decision    mode=traveling behavior=traveling action=traveling target=- reason='enter farm area' status=success
2026-09-27 23:38:06.327  INFO   decision    mode=traveling behavior=loot action=searching target=423 reason='walk onto item' status=success
2026-09-27 23:38:07.301  INFO   session     Entity shadow: vision=2 {'player': 1, 'monster': 1} memory=2 {'item': 1, 'monster': 1} paired=1 median=0.007
2026-09-27 23:38:09.522  INFO   decision    mode=traveling behavior=loot action=pickup target=423 reason='loot target' status=success
2026-09-27 23:38:10.153  INFO   decision    mode=traveling behavior=loot action=idle target=- reason='pickup settle' status=success
2026-09-27 23:38:10.822  INFO   decision    mode=traveling behavior=traveling action=traveling target=- reason='enter farm area' status=success
2026-09-27 23:38:12.074  INFO   session     일시정지 — 단축키
2026-09-27 23:38:12.208  INFO   session     Entity shadow: vision=2 {'monster': 1, 'player': 1} memory=1 {'monster': 1} paired=1 median=0.010
2026-09-27 23:43:27.324  INFO   session     재개 → 실행 중
2026-09-27 23:43:28.440  INFO   session     Entity shadow: vision=14 {'player': 14} memory=39 {'player': 35, 'npc': 4} paired=12 median=0.027
2026-09-27 23:43:28.556  INFO   decision    mode=traveling behavior=buff action=buff target=- reason='light' status=success
2026-09-27 23:43:30.208  INFO   decision    mode=traveling behavior=traveling action=traveling target=- reason='enter farm area' status=success
2026-09-27 23:43:32.059  INFO   session     일시정지 — 단축키
2026-09-27 23:59:59.361  INFO   session     정지 → 중지됨
2026-09-27 23:59:59.712  INFO   session     봇 작업이 종료되었습니다
