2026-09-24 16:00:44.720  INFO   session     Loading Manmabot from D:\Work\Lineage\ManmabotV1_final\engine
2026-09-24 16:00:44.724  INFO   session     Session log D:\Work\Lineage\ManmabotV1_final\engine\logs\bot-20260924-160044.log
2026-09-24 16:00:44.724  INFO   session     character=elf loot=all_items game_lang=ko map=talking_island farms=['area_2', 'area_1', 'area_3'] file=D:\Work\Lineage\ManmabotV1_final\engine\logs\bot-20260924-160044.log
2026-09-24 16:00:44.776  INFO   nav         building portal graph (cluster=32, 479x511)
2026-09-24 16:00:45.014  INFO   nav         portal graph: 188 components, 238 ms
2026-09-24 16:00:45.020  INFO   nav         farms=3 safe=11 home=(354, 203) (files farm=D:\Work\Lineage\ManmabotV1_final\engine\maps\talking_island\farms.yaml safe=D:\Work\Lineage\ManmabotV1_final\engine\maps\talking_island\safe.yaml home=D:\Work\Lineage\ManmabotV1_final\engine\maps\talking_island\home.yaml)
2026-09-24 16:00:45.076  INFO   capture     mss window capture process='LC.exe' title=None content_aspect=4:3
2026-09-24 16:00:45.378  INFO   session     Entity clicks use memory names, species, and world cells. Image recognition still runs. Set memory.entity_source to vision to restore image-only clicks.
2026-09-24 16:00:45.384  INFO   session     Player memory is read in this process (realtime_monitor.dll, offsets.json). No separate console.
2026-09-24 16:00:45.390  INFO   session     Inventory listen scanning in background (build inventory_listen.dll or place inv.json).
2026-09-24 16:00:45.394  INFO   session     Reading hotbar from memory (24 slots)…
2026-09-24 16:00:45.464  INFO   session     Hotbar scan done · hp_potion@box1/f5, talking_scroll@box1/f8
2026-09-24 16:00:45.470  INFO   session     Unmapped hotbar icons: box1/f6:+0 화살 (2,074), box1/f7:아데나 (937), box1/f12:상쾌한 초록 물약
2026-09-24 16:00:45.481  INFO   session     Loop ready · elf · ko · map=talking_island · loot=all_items · farms=['area_2', 'area_1', 'area_3']
2026-09-24 16:00:45.755  INFO   session     Entity shadow: vision=2 {'player': 1, 'monster': 1} memory=1 {'monster': 1} paired=1 median=0.014
2026-09-24 16:00:45.768  INFO   session     Inventory listen ready (dll) · hp=6 arrows=2074 silver=5 depoison=0
2026-09-24 16:00:45.787  INFO   decision    mode=farming behavior=combat action=attack target=1 reason='engage target' status=success
2026-09-24 16:00:50.881  INFO   session     Entity shadow: vision=3 {'monster': 2, 'player': 1} memory=1 {'monster': 1} paired=1 median=0.015
2026-09-24 16:00:52.021  INFO   decision    mode=farming behavior=survival_potion action=use_hp_potion target=- reason='critical hp, cannot heal' status=success
2026-09-24 16:00:53.174  INFO   decision    mode=farming behavior=combat action=attack target=1 reason='attack target' status=success
2026-09-24 16:00:55.935  INFO   session     Entity shadow: vision=3 {'item': 1, 'monster': 1, 'player': 1} memory=2 {'item': 1, 'monster': 1} paired=2 median=0.031
2026-09-24 16:00:57.020  INFO   decision    mode=farming behavior=loot action=pickup target=2 reason='engage item' status=success
2026-09-24 16:00:57.326  INFO   decision    mode=farming behavior=loot action=idle target=- reason='pickup settle' status=success
2026-09-24 16:00:57.752  INFO   decision    mode=farming behavior=search action=searching target=- reason='search area' status=success
2026-09-24 16:00:58.446  INFO   decision    mode=farming behavior=loot action=pickup target=2 reason='engage item' status=success
2026-09-24 16:00:58.779  INFO   decision    mode=farming behavior=loot action=idle target=- reason='pickup settle' status=success
2026-09-24 16:00:59.211  INFO   decision    mode=farming behavior=search action=searching target=- reason='search area' status=success
2026-09-24 16:00:59.849  INFO   decision    mode=farming behavior=loot action=pickup target=2 reason='engage item' status=success
2026-09-24 16:01:00.179  INFO   decision    mode=farming behavior=loot action=idle target=- reason='pickup settle' status=success
2026-09-24 16:01:00.603  INFO   decision    mode=farming behavior=search action=searching target=- reason='search area' status=success
2026-09-24 16:01:01.029  INFO   session     Entity shadow: vision=1 {'player': 1} memory=0 {} paired=0 median=0.000
2026-09-24 16:01:05.656  INFO   decision    mode=farming behavior=talking_scroll action=use_talking_scroll target=- reason='go to shop (buy_hp_potions_talking_ch)' status=success
2026-09-24 16:01:08.850  INFO   session     Entity shadow: vision=20 {'player': 17, 'npc': 3} memory=66 {'player': 64, 'npc': 2} paired=19 median=0.026
2026-09-24 16:01:08.940  INFO   decision    mode=farming behavior=shop action=shop_stop target=- reason='stop at shop' status=success
2026-09-24 16:01:09.547  INFO   decision    mode=farming behavior=shop action=shop_buy_arrows target=- reason='shop:buy_hp_potions_talking_ch' status=success
2026-09-24 16:01:18.553  INFO   session     Entity shadow: vision=19 {'player': 17, 'npc': 2} memory=68 {'player': 66, 'npc': 2} paired=19 median=0.024
2026-09-24 16:01:18.601  INFO   decision    mode=farming behavior=talking_scroll action=use_talking_scroll target=- reason='return to farm map after shop' status=success
2026-09-24 16:01:22.140  INFO   decision    mode=traveling behavior=traveling action=traveling target=- reason='enter farm area' status=success
2026-09-24 16:01:23.782  INFO   session     Entity shadow: vision=42 {'player': 39, 'npc': 2, 'monster': 1} memory=58 {'npc': 9, 'player': 47, 'monster': 2} paired=39 median=0.017 unleveled=319:?,68:警衛
2026-09-24 16:01:28.993  INFO   session     Entity shadow: vision=33 {'npc': 8, 'player': 25} memory=49 {'player': 44, 'monster': 4, 'npc': 1} paired=22 median=0.069 unleveled=10:警衛,319:?,68:警衛,14:青蛙
2026-09-24 16:01:34.016  INFO   session     Entity shadow: vision=5 {'player': 1, 'monster': 1, 'npc': 3} memory=6 {'monster': 3, 'player': 2, 'npc': 1} paired=0 median=0.000 unleveled=68:警衛,10:警衛
2026-09-24 16:01:36.590  INFO   decision    mode=traveling behavior=traveling action=traveling target=- reason='enter farm area' status=success (repeat)
2026-09-24 16:01:39.149  INFO   session     Entity shadow: vision=4 {'player': 1, 'monster': 1, 'npc': 2} memory=3 {'monster': 3} paired=0 median=0.000 unleveled=10:警衛,14:青蛙,68:警衛
2026-09-24 16:01:44.296  INFO   session     Entity shadow: vision=3 {'player': 1, 'npc': 1, 'monster': 1} memory=4 {'npc': 1, 'monster': 3} paired=1 median=0.046 unleveled=14:青蛙,10:警衛
2026-09-24 16:01:44.790  INFO   decision    mode=traveling behavior=traveling action=traveling target=- reason='enter farm area' status=success (repeat)
2026-09-24 16:01:48.765  INFO   decision    mode=traveling behavior=combat action=attack target=171 reason='engage target' status=success
2026-09-24 16:01:49.437  INFO   session     Entity shadow: vision=2 {'npc': 1, 'monster': 1} memory=7 {'monster': 2, 'npc': 5} paired=1 median=0.011
2026-09-24 16:01:51.588  INFO   decision    mode=traveling behavior=loot action=searching target=172 reason='walk onto item' status=success
2026-09-24 16:01:54.674  INFO   session     Entity shadow: vision=3 {'item': 1, 'player': 1, 'monster': 1} memory=9 {'monster': 3, 'item': 1, 'npc': 5} paired=2 median=0.017
2026-09-24 16:01:55.533  INFO   decision    mode=traveling behavior=loot action=pickup target=172 reason='loot target' status=success
2026-09-24 16:01:55.895  INFO   decision    mode=traveling behavior=loot action=idle target=- reason='pickup settle' status=success
2026-09-24 16:01:56.354  INFO   decision    mode=traveling behavior=combat action=attack target=173 reason='engage target' status=success
2026-09-24 16:01:59.265  INFO   decision    mode=traveling behavior=loot action=searching target=175 reason='walk onto item' status=success
2026-09-24 16:01:59.810  INFO   session     Entity shadow: vision=3 {'player': 1, 'item': 1, 'monster': 1} memory=4 {'monster': 2, 'item': 1, 'npc': 1} paired=2 median=0.021
2026-09-24 16:02:02.572  INFO   decision    mode=traveling behavior=loot action=pickup target=175 reason='loot target' status=success
2026-09-24 16:02:02.924  INFO   decision    mode=traveling behavior=loot action=idle target=- reason='pickup settle' status=success
2026-09-24 16:02:03.383  INFO   decision    mode=traveling behavior=traveling action=traveling target=- reason='enter farm area' status=success
2026-09-24 16:02:04.944  INFO   session     Entity shadow: vision=2 {'player': 1, 'monster': 1} memory=2 {'monster': 2} paired=1 median=0.009 unleveled=14:青蛙
2026-09-24 16:02:08.096  INFO   session     Paused — hotkey
2026-09-24 16:02:17.616  INFO   session     Stop → Stopped
2026-09-24 16:02:17.832  INFO   session     Bot worker exited
