2026-09-29 22:03:37.429  INFO   session     Loading Manmabot from D:\KRR\1.LCBot\ManmabotV1_final\engine
2026-09-29 22:03:37.458  INFO   session     Session log D:\KRR\1.LCBot\ManmabotV1_final\engine\logs\bot-20260929-220337.log
2026-09-29 22:03:37.473  INFO   session     character=elf loot=adena_only game_lang=ko map=talking_island farms=['area_1', 'area_3'] file=D:\KRR\1.LCBot\ManmabotV1_final\engine\logs\bot-20260929-220337.log
2026-09-29 22:03:37.900  INFO   nav         building portal graph (cluster=32, 512x576)
2026-09-29 22:03:38.510  INFO   nav         portal graph: 189 components, 610 ms
2026-09-29 22:03:38.813  INFO   nav         farms=2 safe=11 home=(385, 246) (files farm=D:\KRR\1.LCBot\ManmabotV1_final\engine\maps\talking_island\farms.yaml safe=D:\KRR\1.LCBot\ManmabotV1_final\engine\maps\talking_island\safe.yaml home=D:\KRR\1.LCBot\ManmabotV1_final\engine\maps\talking_island\home.yaml)
2026-09-29 22:03:39.237  INFO   capture     mss window capture process='LC.exe' title=None content_aspect=4:3
2026-09-29 22:03:40.078  INFO   session     Entity clicks use memory names, species, and world cells. Image recognition still runs. Set memory.entity_source to vision to restore image-only clicks.
2026-09-29 22:03:40.154  INFO   session     Player memory is read in this process (realtime_monitor.dll, offsets.json). No separate console.
2026-09-29 22:03:40.440  INFO   session     인벤토리 수신 시작 · inv.json 시드 · hp=42 화살=9151 은화살=0 해독=0 (백그라운드 실시간 스캔)
2026-09-29 22:03:40.531  INFO   session     메모리에서 핫바 24칸을 읽는 중…
2026-09-29 22:03:41.545  INFO   session     핫바 스캔 완료 · 파워 업@box1/f5, 아머 업@box1/f6, 라이트@box1/f7, 힐@box1/f8, HP 물약@box2/f9, 텔레포트@box1/f10, 마법 공격@box1/f12, 말하는 두루마리@box2/f5, 마더 트리@box2/f6, HP를 MP로@box2/f7
2026-09-29 22:03:41.697  INFO   session     매핑되지 않은 핫바 아이콘: box1/f8:SPELL, box1/f11:아데나, box1/f12:화살, box2/f10:상쾌한 빨간 물약, box2/f12:속도향상 물약, box3/f10:SPELL
2026-09-29 22:03:41.792  INFO   session     루프 준비 · 요정 · 한국어 · 맵=말하는 섬 · 룻=아데나만 · 구역=구역 1, 구역 3
2026-09-29 22:03:43.106  INFO   session     Entity shadow: vision=23 {'player': 23} memory=39 {'player': 34, 'npc': 5} paired=23 median=0.028
2026-09-29 22:03:43.155  INFO   session     인벤토리 수신 준비 (dll) · hp=42 화살=9129 은화살=0 해독=0
2026-09-29 22:03:43.306  INFO   nav         talking scroll emit spot=ti_general_goods purpose=shop reason=go to shop (sell_garbage_ch)
2026-09-29 22:03:43.308  INFO   shop        shop scrolled behavior=sell_garbage_ch retry=0
2026-09-29 22:03:43.326  INFO   decision    mode=farming goal=talking_scroll action=use_talking_scroll target=- sticky=- origin=(1132,-32) shop=1 scrolled=1 reason='go to shop (sell_garbage_ch)' status=success
2026-09-29 22:03:48.805  INFO   session     Entity shadow: vision=21 {'player': 21} memory=41 {'player': 36, 'npc': 5} paired=21 median=0.030
2026-09-29 22:03:49.731  INFO   decision    mode=farming goal=shop action=idle target=- sticky=- origin=(1132,-32) shop=1 scrolled=1 reason='waiting for shop landing (sell_garbage_ch)' status=success
2026-09-29 22:03:53.932  INFO   session     Entity shadow: vision=23 {'player': 22, 'npc': 1} memory=43 {'npc': 5, 'player': 38} paired=23 median=0.027
2026-09-29 22:03:59.287  INFO   session     Entity shadow: vision=17 {'player': 16, 'monster': 1} memory=41 {'player': 36, 'npc': 5} paired=16 median=0.049
2026-09-29 22:04:04.357  INFO   session     Entity shadow: vision=19 {'player': 19} memory=40 {'player': 35, 'npc': 5} paired=19 median=0.027
2026-09-29 22:04:08.619  INFO   shop        shop landing timeout — retry 1/2 behavior=sell_garbage_ch
2026-09-29 22:04:09.180  INFO   nav         talking scroll emit spot=ti_general_goods purpose=shop reason=go to shop (sell_garbage_ch)
2026-09-29 22:04:09.201  INFO   shop        shop scrolled behavior=sell_garbage_ch retry=1
2026-09-29 22:04:09.218  INFO   decision    mode=farming goal=talking_scroll action=use_talking_scroll target=- sticky=- origin=(1132,-32) shop=1 scrolled=1 reason='go to shop (sell_garbage_ch)' status=success
2026-09-29 22:04:14.183  INFO   session     Entity shadow: vision=21 {'player': 20, 'npc': 1} memory=34 {'npc': 4, 'player': 30} paired=19 median=0.063
2026-09-29 22:04:14.506  INFO   decision    mode=farming goal=shop action=idle target=- sticky=- origin=(1129,-39) shop=1 scrolled=1 reason='waiting for shop landing (sell_garbage_ch)' status=success
2026-09-29 22:04:19.174  INFO   session     Entity shadow: vision=20 {'player': 20} memory=34 {'npc': 7, 'player': 27} paired=18 median=0.031
2026-09-29 22:04:24.275  INFO   session     Entity shadow: vision=19 {'player': 17, 'npc': 2} memory=37 {'player': 30, 'npc': 7} paired=16 median=0.037
2026-09-29 22:04:29.318  INFO   session     Entity shadow: vision=22 {'player': 19, 'npc': 3} memory=37 {'player': 30, 'npc': 7} paired=18 median=0.037
2026-09-29 22:04:34.433  INFO   shop        shop landing timeout — retry 2/2 behavior=sell_garbage_ch
2026-09-29 22:04:34.931  INFO   nav         talking scroll emit spot=ti_general_goods purpose=shop reason=go to shop (sell_garbage_ch)
2026-09-29 22:04:34.950  INFO   shop        shop scrolled behavior=sell_garbage_ch retry=2
2026-09-29 22:04:34.970  INFO   decision    mode=farming goal=talking_scroll action=use_talking_scroll target=- sticky=- origin=(1129,-43) shop=1 scrolled=1 reason='go to shop (sell_garbage_ch)' status=success
2026-09-29 22:04:39.621  INFO   session     Entity shadow: vision=19 {'player': 18, 'npc': 1} memory=35 {'npc': 7, 'player': 28} paired=17 median=0.039
2026-09-29 22:04:39.908  INFO   decision    mode=farming goal=shop action=idle target=- sticky=- origin=(1129,-43) shop=1 scrolled=1 reason='waiting for shop landing (sell_garbage_ch)' status=success
2026-09-29 22:04:44.776  INFO   session     Entity shadow: vision=20 {'player': 17, 'npc': 1, 'monster': 2} memory=39 {'player': 32, 'npc': 7} paired=16 median=0.043
2026-09-29 22:04:49.864  INFO   session     Entity shadow: vision=1 {'player': 1} memory=37 {'player': 31, 'npc': 6} paired=0 median=0.000
2026-09-29 22:04:51.860  INFO   session     정지 → 중지됨
