2026-09-29 20:48:34.489  INFO   session     Loading Manmabot from D:\KRR\1.LCBot\ManmabotV1_final\engine
2026-09-29 20:48:34.542  INFO   session     Session log D:\KRR\1.LCBot\ManmabotV1_final\engine\logs\bot-20260929-204834.log
2026-09-29 20:48:34.558  INFO   session     character=elf loot=adena_only game_lang=ko map=talking_island farms=['area_1', 'area_3'] file=D:\KRR\1.LCBot\ManmabotV1_final\engine\logs\bot-20260929-204834.log
2026-09-29 20:48:34.747  INFO   nav         building portal graph (cluster=32, 512x576)
2026-09-29 20:48:35.808  INFO   nav         portal graph: 189 components, 646 ms
2026-09-29 20:48:36.351  INFO   nav         farms=2 safe=11 home=(385, 246) (files farm=D:\KRR\1.LCBot\ManmabotV1_final\engine\maps\talking_island\farms.yaml safe=D:\KRR\1.LCBot\ManmabotV1_final\engine\maps\talking_island\safe.yaml home=D:\KRR\1.LCBot\ManmabotV1_final\engine\maps\talking_island\home.yaml)
2026-09-29 20:48:36.521  INFO   capture     mss window capture process='LC.exe' title=None content_aspect=4:3
2026-09-29 20:48:37.346  INFO   session     Entity clicks use memory names, species, and world cells. Image recognition still runs. Set memory.entity_source to vision to restore image-only clicks.
2026-09-29 20:48:37.404  INFO   session     Player memory is read in this process (realtime_monitor.dll, offsets.json). No separate console.
2026-09-29 20:48:37.914  INFO   session     인벤토리 수신 시작 · inv.json 시드 · hp=42 화살=9151 은화살=0 해독=0 (백그라운드 실시간 스캔)
2026-09-29 20:48:37.959  INFO   session     메모리에서 핫바 24칸을 읽는 중…
2026-09-29 20:48:38.809  INFO   session     핫바 스캔 완료 · 파워 업@box1/f5, 아머 업@box1/f6, 라이트@box1/f7, 힐@box1/f8, HP 물약@box2/f9, 텔레포트@box1/f10, 마법 공격@box1/f12, 말하는 두루마리@box2/f5, 마더 트리@box2/f6, HP를 MP로@box2/f7
2026-09-29 20:48:38.940  INFO   session     매핑되지 않은 핫바 아이콘: box1/f8:SPELL, box1/f11:아데나, box1/f12:화살, box2/f10:상쾌한 빨간 물약, box2/f12:속도향상 물약, box3/f10:SPELL
2026-09-29 20:48:39.010  INFO   session     루프 준비 · 요정 · 한국어 · 맵=말하는 섬 · 룻=아데나만 · 구역=구역 1, 구역 3
2026-09-29 20:48:40.285  INFO   session     Entity shadow: vision=23 {'player': 21, 'npc': 1, 'monster': 1} memory=35 {'player': 31, 'npc': 4} paired=21 median=0.032
2026-09-29 20:48:40.357  INFO   session     인벤토리 수신 준비 (dll) · hp=42 화살=9131 은화살=0 해독=0
2026-09-29 20:48:40.473  INFO   nav         talking scroll emit spot=ti_general_goods purpose=shop reason=go to shop (sell_garbage)
2026-09-29 20:48:40.474  INFO   shop        shop scrolled behavior=sell_garbage retry=0
2026-09-29 20:48:40.499  INFO   decision    mode=farming goal=talking_scroll action=use_talking_scroll target=- sticky=- origin=(1132,-32) shop=1 scrolled=1 reason='go to shop (sell_garbage)' status=success
2026-09-29 20:48:45.699  INFO   shop        at shop — stop behavior=sell_garbage
2026-09-29 20:48:46.444  INFO   decision    mode=farming goal=shop action=shop_stop target=- sticky=- origin=(386,245) shop=1 scrolled=1 reason='stop at shop' status=success
2026-09-29 20:48:47.252  INFO   session     Entity shadow: vision=18 {'player': 14, 'npc': 3, 'monster': 1} memory=32 {'npc': 2, 'player': 30} paired=15 median=0.023
2026-09-29 20:48:47.432  INFO   shop        open shop UI behavior=sell_garbage
2026-09-29 20:48:47.433  INFO   decision    mode=farming goal=shop action=shop_buy_arrows target=- sticky=- origin=(386,245) shop=1 scrolled=1 reason='shop:sell_garbage' status=success
2026-09-29 20:48:52.659  INFO   nav         talking scroll emit spot=giran_weapon purpose=shop reason=go to shop (sell_garbage_weapon)
2026-09-29 20:48:53.361  INFO   shop        shop scrolled behavior=sell_garbage_weapon retry=0
2026-09-29 20:48:53.397  INFO   decision    mode=farming goal=talking_scroll action=use_talking_scroll target=- sticky=- origin=(386,245) shop=1 scrolled=1 reason='go to shop (sell_garbage_weapon)' status=success
2026-09-29 20:48:57.516  INFO   nav         async nav configure start map=mainland
2026-09-29 20:48:57.901  INFO   session     Entity shadow: vision=23 {'player': 20, 'monster': 1, 'npc': 2} memory=35 {'player': 31, 'npc': 4} paired=20 median=0.030
2026-09-29 20:48:58.171  INFO   shop        at shop — stop behavior=sell_garbage_weapon
2026-09-29 20:48:58.646  INFO   decision    mode=farming goal=shop action=shop_stop target=- sticky=- origin=(886,534) shop=1 scrolled=1 reason='stop at shop' status=success
2026-09-29 20:48:59.078  INFO   nav         building portal graph (cluster=32, 1755x1414)
2026-09-29 20:49:05.962  INFO   nav         portal graph: 2586 components, 6744 ms
2026-09-29 20:49:06.430  INFO   session     Entity shadow: vision=24 {'player': 21, 'npc': 2, 'monster': 1} memory=32 {'player': 28, 'npc': 4} paired=20 median=0.030
2026-09-29 20:49:06.440  INFO   nav         farms=6 safe=0 home=None (files farm=D:\KRR\1.LCBot\ManmabotV1_final\engine\maps\mainland\farms.yaml safe=D:\KRR\1.LCBot\ManmabotV1_final\engine\maps\mainland\safe.yaml home=D:\KRR\1.LCBot\ManmabotV1_final\engine\maps\mainland\home.yaml)
2026-09-29 20:49:06.528  INFO   nav         async nav configure done map=mainland (8674 ms)
2026-09-29 20:49:06.719  INFO   shop        open shop UI behavior=sell_garbage_weapon
2026-09-29 20:49:07.463  INFO   decision    mode=farming goal=shop action=shop_buy_arrows target=- sticky=- origin=(886,534) shop=1 scrolled=1 reason='shop:sell_garbage_weapon' status=success
2026-09-29 20:49:12.550  INFO   session     Entity shadow: vision=22 {'player': 19, 'npc': 3} memory=31 {'player': 27, 'npc': 4} paired=19 median=0.030
2026-09-29 20:49:12.834  INFO   nav         talking scroll emit spot=giran_general_goods purpose=shop reason=go to shop (sell_garbage_mainland)
2026-09-29 20:49:13.667  INFO   shop        shop scrolled behavior=sell_garbage_mainland retry=0
2026-09-29 20:49:13.693  INFO   decision    mode=farming goal=talking_scroll action=use_talking_scroll target=- sticky=- origin=(886,534) shop=1 scrolled=1 reason='go to shop (sell_garbage_mainland)' status=success
2026-09-29 20:49:18.989  INFO   session     Entity shadow: vision=43 {'player': 37, 'npc': 2, 'monster': 4} memory=87 {'player': 75, 'npc': 9, 'monster': 3} paired=36 median=0.064 unleveled=319:?
2026-09-29 20:49:19.259  INFO   shop        at shop — stop behavior=sell_garbage_mainland
2026-09-29 20:49:19.982  INFO   decision    mode=farming goal=shop action=shop_stop target=- sticky=- origin=(942,684) shop=1 scrolled=1 reason='stop at shop' status=success
2026-09-29 20:49:21.145  INFO   shop        open shop UI behavior=sell_garbage_mainland
2026-09-29 20:49:21.574  INFO   decision    mode=farming goal=shop action=shop_buy_arrows target=- sticky=- origin=(942,684) shop=1 scrolled=1 reason='shop:sell_garbage_mainland' status=success
2026-09-29 20:49:26.299  INFO   session     Entity shadow: vision=43 {'player': 38, 'npc': 2, 'monster': 3} memory=87 {'player': 75, 'npc': 9, 'monster': 3} paired=37 median=0.046 unleveled=319:?
2026-09-29 20:49:27.053  INFO   nav         talking scroll emit spot=giran_armor purpose=shop reason=go to shop (sell_garbage_armor_mainland)
2026-09-29 20:49:27.310  INFO   shop        shop scrolled behavior=sell_garbage_armor_mainland retry=0
2026-09-29 20:49:27.782  INFO   decision    mode=farming goal=talking_scroll action=use_talking_scroll target=- sticky=- origin=(942,684) shop=1 scrolled=1 reason='go to shop (sell_garbage_armor_mainland)' status=success
2026-09-29 20:49:32.557  INFO   session     Entity shadow: vision=25 {'player': 25} memory=38 {'player': 31, 'npc': 7} paired=24 median=0.028
2026-09-29 20:49:32.710  INFO   shop        at shop — stop behavior=sell_garbage_armor_mainland
2026-09-29 20:49:33.149  INFO   decision    mode=farming goal=shop action=shop_stop target=- sticky=- origin=(925,617) shop=1 scrolled=1 reason='stop at shop' status=success
2026-09-29 20:49:34.182  INFO   shop        open shop UI behavior=sell_garbage_armor_mainland
2026-09-29 20:49:34.921  INFO   decision    mode=farming goal=shop action=shop_buy_arrows target=- sticky=- origin=(925,617) shop=1 scrolled=1 reason='shop:sell_garbage_armor_mainland' status=success
2026-09-29 20:49:39.285  INFO   shop        clear shop trip behavior=sell_garbage_armor_mainland
2026-09-29 20:49:40.326  INFO   session     Entity shadow: vision=15 {'player': 14, 'npc': 1} memory=37 {'npc': 7, 'player': 30} paired=14 median=0.063
2026-09-29 20:49:40.600  INFO   nav         talking scroll emit spot=ti_general_goods purpose=shop reason=go to shop (sell_garbage)
2026-09-29 20:49:41.326  INFO   shop        shop scrolled behavior=sell_garbage retry=0
2026-09-29 20:49:41.363  INFO   decision    mode=farming goal=talking_scroll action=use_talking_scroll target=- sticky=- origin=(925,617) shop=1 scrolled=1 reason='go to shop (sell_garbage)' status=success
2026-09-29 20:49:44.455  INFO   session     일시정지 — 단축키
2026-09-29 20:49:45.381  INFO   nav         async nav configure start map=talking_island
2026-09-29 20:49:45.792  INFO   nav         building portal graph (cluster=32, 512x576)
2026-09-29 20:49:46.460  INFO   nav         portal graph: 189 components, 667 ms
2026-09-29 20:49:46.974  INFO   nav         farms=4 safe=11 home=(385, 246) (files farm=D:\KRR\1.LCBot\ManmabotV1_final\engine\maps\talking_island\farms.yaml safe=D:\KRR\1.LCBot\ManmabotV1_final\engine\maps\talking_island\safe.yaml home=D:\KRR\1.LCBot\ManmabotV1_final\engine\maps\talking_island\home.yaml)
2026-09-29 20:49:46.982  INFO   nav         async nav configure done map=talking_island (1229 ms)
2026-09-29 20:49:55.231  INFO   session     정지 → 중지됨
2026-09-29 20:49:55.870  INFO   session     봇 작업이 종료되었습니다
