2026-09-28 03:00:27.951  INFO   session     Loading Manmabot from D:\ManmabotV1_final\engine
2026-09-28 03:00:27.957  INFO   session     Session log D:\ManmabotV1_final\engine\logs\bot-20260928-030027.log
2026-09-28 03:00:27.957  INFO   session     character=elf loot=all_items game_lang=ko map=talking_island farms=['area_1', 'area_3'] file=D:\ManmabotV1_final\engine\logs\bot-20260928-030027.log
2026-09-28 03:00:28.236  INFO   nav         building portal graph (cluster=32, 479x511)
2026-09-28 03:00:28.572  INFO   nav         portal graph: 188 components, 336 ms
2026-09-28 03:00:28.583  INFO   nav         farms=2 safe=11 home=(354, 203) (files farm=D:\ManmabotV1_final\engine\maps\talking_island\farms.yaml safe=D:\ManmabotV1_final\engine\maps\talking_island\safe.yaml home=D:\ManmabotV1_final\engine\maps\talking_island\home.yaml)
2026-09-28 03:00:28.851  INFO   capture     mss window capture process='LC.exe' title=None content_aspect=4:3
2026-09-28 03:00:29.333  INFO   session     Entity clicks use memory names, species, and world cells. Image recognition still runs. Set memory.entity_source to vision to restore image-only clicks.
2026-09-28 03:00:29.350  INFO   session     Player memory is read in this process (realtime_monitor.dll, offsets.json). No separate console.
2026-09-28 03:00:29.362  INFO   session     인벤토리를 백그라운드에서 스캔 중 (inventory_listen.dll 또는 inv.json을 두세요).
2026-09-28 03:00:29.393  INFO   session     메모리에서 핫바 24칸을 읽는 중…
2026-09-28 03:00:29.492  INFO   session     핫바 스캔 완료 · 파워 업@box2/f8, 아머 업@box2/f5, 라이트@box1/f10, 힐@box1/f10, HP 물약@box1/f8, 텔레포트@box1/f11, 마법 공격@box1/f12, 말하는 두루마리@box1/f5
2026-09-28 03:00:29.536  INFO   session     매핑되지 않은 핫바 아이콘: box1/f6:작은 활 (무장), box1/f7:나무 화살, box1/f9:아데나
2026-09-28 03:00:29.552  INFO   session     루프 준비 · 요정 · 한국어 · 맵=말하는 섬 · 룻=전부 줍기 · 구역=구역 1, 구역 3
2026-09-28 03:00:30.164  INFO   session     Entity shadow: vision=4 {'npc': 3, 'player': 1} memory=5 {'npc': 3, 'monster': 2} paired=0 median=0.000 unleveled=10:警衛,68:警衛
2026-09-28 03:00:30.204  INFO   session     인벤토리 수신 준비 (dll) · hp=4 화살=306 은화살=0 해독=0
2026-09-28 03:00:30.225  INFO   decision    mode=farming behavior=buff action=buff target=- reason='armor_up' status=success
2026-09-28 03:00:31.339  INFO   decision    mode=traveling behavior=traveling action=traveling target=- reason='enter farm area' status=success
2026-09-28 03:00:35.870  INFO   session     Entity shadow: vision=4 {'npc': 3, 'player': 1} memory=5 {'npc': 3, 'monster': 2} paired=0 median=0.000 unleveled=10:警衛,68:警衛
2026-09-28 03:00:36.414  INFO   session     일시정지 — 단축키
2026-09-28 03:00:37.307  INFO   session     일시정지 / 재개 → 실행 중
2026-09-28 03:00:40.271  INFO   decision    mode=traveling behavior=buff action=buff target=- reason='light' status=success
2026-09-28 03:00:40.812  INFO   decision    mode=traveling behavior=traveling action=traveling target=- reason='enter farm area' status=success
2026-09-28 03:00:41.419  INFO   session     Entity shadow: vision=3 {'player': 1, 'npc': 2} memory=4 {'npc': 2, 'monster': 2} paired=0 median=0.000 unleveled=10:警衛,68:警衛
2026-09-28 03:00:43.964  INFO   decision    mode=traveling behavior=loot action=searching target=6 reason='walk onto item' status=success
2026-09-28 03:00:46.390  INFO   session     Entity shadow: vision=1 {'item': 1} memory=1 {'item': 1} paired=1 median=0.022
2026-09-28 03:00:49.728  INFO   decision    mode=traveling behavior=combat action=attack target=7 reason='engage target' status=success
2026-09-28 03:00:51.617  INFO   session     Entity shadow: vision=1 {'monster': 1} memory=1 {'monster': 1} paired=1 median=0.074
2026-09-28 03:00:53.718  INFO   decision    mode=traveling behavior=traveling action=traveling target=- reason='enter farm area' status=success
2026-09-28 03:00:56.816  INFO   session     Entity shadow: vision=0 {} memory=0 {} paired=0 median=0.000
2026-09-28 03:01:02.213  INFO   session     Entity shadow: vision=0 {} memory=1 {'monster': 1} paired=0 median=0.000
2026-09-28 03:01:07.339  INFO   session     Entity shadow: vision=1 {'monster': 1} memory=1 {'monster': 1} paired=1 median=0.033
2026-09-28 03:01:09.064  INFO   decision    mode=traveling behavior=talking_scroll action=use_talking_scroll target=- reason='unstick confined' status=success
2026-09-28 03:01:09.208  INFO   session     일시정지 — 단축키
2026-09-28 03:01:15.794  INFO   session     정지 → 중지됨
2026-09-28 03:01:16.118  INFO   session     봇 작업이 종료되었습니다
