2026-09-29 22:53:03.690  INFO   session     Loading Manmabot from D:\KRR\1.LCBot\ManmabotV1_final\engine
2026-09-29 22:53:03.721  INFO   session     Session log D:\KRR\1.LCBot\ManmabotV1_final\engine\logs\bot-20260929-225303.log
2026-09-29 22:53:03.739  INFO   session     character=elf loot=all_items game_lang=ko map=talking_island farms=['area_1', 'area_3'] file=D:\KRR\1.LCBot\ManmabotV1_final\engine\logs\bot-20260929-225303.log
2026-09-29 22:53:04.125  INFO   nav         building portal graph (cluster=32, 512x576)
2026-09-29 22:53:04.857  INFO   nav         portal graph: 189 components, 665 ms
2026-09-29 22:53:05.149  INFO   nav         farms=2 safe=11 home=(385, 246) (files farm=D:\KRR\1.LCBot\ManmabotV1_final\engine\maps\talking_island\farms.yaml safe=D:\KRR\1.LCBot\ManmabotV1_final\engine\maps\talking_island\safe.yaml home=D:\KRR\1.LCBot\ManmabotV1_final\engine\maps\talking_island\home.yaml)
2026-09-29 22:53:05.554  INFO   capture     mss window capture process='LC.exe' title=None content_aspect=4:3
2026-09-29 22:53:06.336  INFO   session     Entity clicks use memory names, species, and world cells. Image recognition still runs. Set memory.entity_source to vision to restore image-only clicks.
2026-09-29 22:53:06.397  INFO   session     Player memory is read in this process (realtime_monitor.dll, offsets.json). No separate console.
2026-09-29 22:53:06.671  INFO   session     인벤토리 수신 시작 · inv.json 시드 · hp=42 화살=9151 은화살=0 해독=0 (백그라운드 실시간 스캔)
2026-09-29 22:53:06.747  INFO   session     메모리에서 핫바 24칸을 읽는 중…
2026-09-29 22:53:07.485  INFO   session     핫바 스캔 완료 · 파워 업@box1/f5, 아머 업@box1/f6, 라이트@box1/f7, 힐@box1/f8, HP 물약@box2/f9, 텔레포트@box1/f10, 마법 공격@box1/f12, 말하는 두루마리@box2/f5, 마더 트리@box2/f6, HP를 MP로@box2/f7
2026-09-29 22:53:07.658  INFO   session     매핑되지 않은 핫바 아이콘: box1/f8:SPELL, box1/f11:아데나, box1/f12:화살, box2/f10:상쾌한 빨간 물약, box2/f12:속도향상 물약, box3/f10:SPELL
2026-09-29 22:53:08.035  INFO   session     루프 준비 · 요정 · 한국어 · 맵=말하는 섬 · 룻=전부 줍기 · 구역=구역 1, 구역 3
2026-09-29 22:53:08.597  INFO   session     Entity shadow: vision=3 {'npc': 2, 'player': 1} memory=6 {'monster': 3, 'npc': 3} paired=0 median=0.000 unleveled=68:警衛,10:警衛
2026-09-29 22:53:08.722  INFO   session     인벤토리 수신 준비 (dll) · hp=42 화살=9129 은화살=0 해독=0
2026-09-29 22:53:08.874  INFO   nav         talking scroll emit spot=ti_general_goods purpose=shop reason=go to shop (sell_garbage_ch)
2026-09-29 22:53:09.114  INFO   shop        shop scrolled behavior=sell_garbage_ch retry=0
2026-09-29 22:53:09.134  INFO   decision    mode=farming goal=talking_scroll action=use_talking_scroll target=- sticky=- origin=(298,378) shop=1 scrolled=1 reason='go to shop (sell_garbage_ch)' status=success
2026-09-29 22:53:13.820  INFO   session     Entity shadow: vision=15 {'player': 10, 'item': 2, 'npc': 3} memory=26 {'item': 2, 'npc': 2, 'player': 22} paired=14 median=0.023
2026-09-29 22:53:14.356  INFO   shop        at shop — stop behavior=sell_garbage_ch
2026-09-29 22:53:14.965  INFO   decision    mode=farming goal=shop action=shop_stop target=- sticky=- origin=(386,245) shop=1 scrolled=1 reason='stop at shop' status=success
2026-09-29 22:53:15.795  INFO   shop        open shop UI behavior=sell_garbage_ch
2026-09-29 22:53:16.037  INFO   decision    mode=farming goal=shop action=shop_buy_arrows target=- sticky=- origin=(386,245) shop=1 scrolled=1 reason='shop:sell_garbage_ch' status=success
2026-09-29 22:53:30.029  INFO   session     일시정지 — 단축키
2026-09-29 22:53:39.738  INFO   session     정지 → 중지됨
2026-09-29 22:53:39.964  INFO   session     봇 작업이 종료되었습니다
