2026-09-20 22:57:10.369  INFO   session     Auto-pause (cursor_outside)
2026-09-20 22:57:10.404  INFO   session     Loading Manmabot from D:\ManmabotV1\engine
2026-09-20 22:57:10.491  INFO   session     Session log D:\ManmabotV1\engine\logs\bot-20260920-225710.log
2026-09-20 22:57:10.491  INFO   session     character=royal loot=all_items game_lang=ko map=talking_island farms=['area_1', 'area_2', 'area_3', 'area_4'] file=D:\ManmabotV1\engine\logs\bot-20260920-225710.log
2026-09-20 22:57:10.556  INFO   nav         building portal graph (cluster=32, 479x511)
2026-09-20 22:57:10.815  INFO   nav         portal graph: 188 components, 259 ms
2026-09-20 22:57:10.821  INFO   nav         farms=4 safe=11 home=(354, 203) (files farm=D:\ManmabotV1\engine\maps\talking_island\farms.yaml safe=D:\ManmabotV1\engine\maps\talking_island\safe.yaml home=D:\ManmabotV1\engine\maps\talking_island\home.yaml)
2026-09-20 22:57:10.822  INFO   capture     mss window capture process='LC.exe' title=None content_aspect=4:3
2026-09-20 22:57:10.857  INFO   session     Auto-resume → Running
2026-09-20 22:57:11.149  INFO   session     Memory monitor connected
2026-09-20 22:57:11.152  INFO   session     Scanning hotbar (skill boxes 1–3)…
2026-09-20 22:57:11.175  INFO   session     Auto-pause (cursor_outside)
2026-09-20 22:57:11.445  INFO   session     Auto-resume → Running
2026-09-20 22:57:11.712  INFO   session     Auto-pause (cursor_outside)
2026-09-20 22:57:12.096  INFO   session     Auto-resume → Running
2026-09-20 22:57:12.512  INFO   session     Auto-pause (cursor_outside)
2026-09-20 22:57:12.859  INFO   session     Auto-resume → Running
2026-09-20 22:57:13.128  INFO   session     Auto-pause (cursor_outside)
2026-09-20 22:57:13.523  INFO   session     Auto-resume → Running
2026-09-20 22:57:13.941  INFO   session     Auto-pause (cursor_outside)
2026-09-20 22:57:14.297  INFO   session     Auto-resume → Running
2026-09-20 22:57:14.652  INFO   session     Auto-pause (cursor_outside)
2026-09-20 22:57:15.074  INFO   session     Auto-resume → Running
2026-09-20 22:57:15.546  INFO   session     Hotbar scan done · talking_scroll@box1/f8
2026-09-20 22:57:15.551  INFO   session     Potion restock armed · no hp_potion on hotbar
2026-09-20 22:57:15.554  INFO   session     Loop ready · royal · ko · map=talking_island · loot=all_items · farms=['area_1', 'area_2', 'area_3', 'area_4']
2026-09-20 22:57:16.028  INFO   decision    mode=farming behavior=talking_scroll action=use_talking_scroll target=- reason='go to shop (buy_hp_potions)' status=success
2026-09-20 22:57:16.898  INFO   nav         async nav configure start map=mainland
2026-09-20 22:57:17.043  INFO   decision    mode=farming behavior=shop action=shop_stop target=- reason='stop at shop' status=success
2026-09-20 22:57:17.562  INFO   nav         building portal graph (cluster=32, 1755x1414)
2026-09-20 22:57:21.540  INFO   nav         portal graph: 2586 components, 3978 ms
2026-09-20 22:57:21.545  INFO   nav         farms=6 safe=0 home=None (files farm=D:\ManmabotV1\engine\maps\mainland\farms.yaml safe=D:\ManmabotV1\engine\maps\mainland\safe.yaml home=D:\ManmabotV1\engine\maps\mainland\home.yaml)
2026-09-20 22:57:21.545  INFO   nav         async nav configure done map=mainland (4647 ms)
2026-09-20 22:57:21.667  INFO   decision    mode=traveling behavior=traveling action=traveling target=- reason='unstick' status=success
2026-09-20 22:57:29.018  INFO   session     Auto-pause (cursor_outside)
2026-09-20 22:57:29.297  INFO   session     Auto-resume → Running
2026-09-20 22:57:29.564  INFO   session     Auto-pause (cursor_outside)
2026-09-20 22:57:29.833  INFO   session     Auto-resume → Running
2026-09-20 22:57:30.364  INFO   session     Auto-pause (cursor_outside)
2026-09-20 22:57:30.649  INFO   session     Auto-resume → Running
2026-09-20 22:57:30.914  INFO   session     Auto-pause (cursor_outside)
2026-09-20 22:57:31.261  INFO   session     Stop → Stopped
2026-09-20 22:57:37.958  INFO   session     Bot worker exited
