2026-09-21 04:22:09.058  INFO   session     Auto-pause (cursor_outside)
2026-09-21 04:22:09.123  INFO   session     Loading Manmabot from D:\ManmabotV1\engine
2026-09-21 04:22:09.257  INFO   session     Session log D:\ManmabotV1\engine\logs\bot-20260921-042208.log
2026-09-21 04:22:09.257  INFO   session     character=elf loot=all_items game_lang=ko map=talking_island farms=['area_1', 'area_2', 'area_3', 'area_4'] file=D:\ManmabotV1\engine\logs\bot-20260921-042208.log
2026-09-21 04:22:09.311  INFO   nav         building portal graph (cluster=32, 479x511)
2026-09-21 04:22:09.571  INFO   nav         portal graph: 188 components, 259 ms
2026-09-21 04:22:09.578  INFO   nav         farms=4 safe=11 home=(354, 203) (files farm=D:\ManmabotV1\engine\maps\talking_island\farms.yaml safe=D:\ManmabotV1\engine\maps\talking_island\safe.yaml home=D:\ManmabotV1\engine\maps\talking_island\home.yaml)
2026-09-21 04:22:09.594  INFO   capture     mss window capture process='LC.exe' title=None content_aspect=4:3
2026-09-21 04:22:09.624  INFO   session     Auto-resume → Running
2026-09-21 04:22:09.925  INFO   session     Entity clicks use memory names, species, and world cells. Image recognition still runs. Set memory.entity_source to vision to restore image-only clicks.
2026-09-21 04:22:09.934  INFO   session     Memory monitor connected
2026-09-21 04:22:09.936  INFO   session     Auto-pause (cursor_outside)
2026-09-21 04:22:09.948  INFO   session     Scanning hotbar (skill boxes 1–3)…
2026-09-21 04:22:10.210  INFO   session     Auto-resume → Running
2026-09-21 04:22:10.474  INFO   session     Auto-pause (cursor_outside)
2026-09-21 04:22:10.856  INFO   session     Auto-resume → Running
2026-09-21 04:22:11.209  INFO   session     Auto-pause (cursor_outside)
2026-09-21 04:22:11.564  INFO   session     Auto-resume → Running
2026-09-21 04:22:11.825  INFO   session     Auto-pause (cursor_outside)
2026-09-21 04:22:14.425  INFO   session     Hotbar scan done · hp_potion@box1/f5, talking_scroll@box1/f8
2026-09-21 04:22:14.449  INFO   session     Loop ready · elf · ko · map=talking_island · loot=all_items · farms=['area_1', 'area_2', 'area_3', 'area_4']
2026-09-21 04:22:20.124  INFO   session     Resume → Running
2026-09-21 04:22:20.249  INFO   session     Auto-pause (cursor_outside)
2026-09-21 04:22:20.532  INFO   session     Auto-resume → Running
2026-09-21 04:22:20.551  INFO   session     Entity shadow: vision=7 {'npc': 3, 'player': 4} memory=7 {'monster': 4, 'npc': 1, 'player': 2} paired=3 median=0.034 unleveled=189:鹿,10:警衛,68:警衛
2026-09-21 04:22:20.579  INFO   decision    mode=traveling behavior=traveling action=traveling target=- reason='enter farm area' status=success
2026-09-21 04:22:23.477  INFO   decision    mode=traveling behavior=loot action=searching target=- reason='approach item' status=success
2026-09-21 04:22:25.698  INFO   session     Entity shadow: vision=9 {'player': 5, 'npc': 4} memory=26 {'monster': 5, 'player': 16, 'npc': 4, 'item': 1} paired=6 median=0.017 unleveled=10:警衛,14:青蛙,189:鹿,68:警衛
2026-09-21 04:22:31.139  INFO   session     Entity shadow: vision=24 {'player': 20, 'npc': 4} memory=66 {'monster': 3, 'item': 10, 'player': 47, 'npc': 6} paired=22 median=0.045 unleveled=189:鹿,14:青蛙
2026-09-21 04:22:32.154  INFO   decision    mode=traveling behavior=loot action=pickup target=20 reason='loot target' status=success
2026-09-21 04:22:34.327  INFO   decision    mode=traveling behavior=loot action=searching target=- reason='approach item' status=success
2026-09-21 04:22:36.459  INFO   session     Entity shadow: vision=41 {'player': 33, 'item': 2, 'npc': 5, 'monster': 1} memory=82 {'npc': 7, 'player': 64, 'monster': 1, 'item': 10} paired=38 median=0.028 unleveled=319:?
2026-09-21 04:22:41.673  INFO   session     Entity shadow: vision=32 {'player': 25, 'npc': 3, 'monster': 2, 'item': 2} memory=85 {'player': 67, 'npc': 7, 'monster': 1, 'item': 10} paired=30 median=0.040 unleveled=319:?
2026-09-21 04:22:46.897  INFO   session     Entity shadow: vision=32 {'player': 25, 'item': 3, 'npc': 1, 'monster': 3} memory=95 {'player': 77, 'npc': 7, 'monster': 1, 'item': 10} paired=28 median=0.062 unleveled=319:?
2026-09-21 04:22:48.766  INFO   decision    mode=traveling behavior=loot action=searching target=- reason='approach item' status=success (repeat)
2026-09-21 04:22:52.111  INFO   session     Entity shadow: vision=32 {'player': 25, 'npc': 1, 'monster': 5, 'item': 1} memory=93 {'player': 75, 'npc': 7, 'monster': 1, 'item': 10} paired=27 median=0.029 unleveled=319:?
2026-09-21 04:22:57.268  INFO   session     Entity shadow: vision=25 {'item': 1, 'player': 22, 'npc': 1, 'monster': 1} memory=92 {'player': 75, 'npc': 6, 'monster': 1, 'item': 10} paired=24 median=0.032 unleveled=319:?
2026-09-21 04:23:00.188  INFO   decision    mode=traveling behavior=loot action=searching target=- reason='approach item' status=success (repeat)
2026-09-21 04:23:01.256  INFO   session     Paused — hotkey
2026-09-21 04:23:43.520  INFO   session     Resume → Running
2026-09-21 04:23:43.624  INFO   session     Auto-pause (cursor_outside)
2026-09-21 04:23:43.791  INFO   session     Entity shadow: vision=22 {'npc': 2, 'player': 19, 'item': 1} memory=81 {'monster': 3, 'player': 71, 'npc': 6, 'item': 1} paired=22 median=0.051 unleveled=189:鹿,319:?,1735289163:獨眼巨人
2026-09-21 04:23:43.911  INFO   session     Auto-resume → Running
2026-09-21 04:23:44.182  INFO   session     Auto-pause (cursor_outside)
2026-09-21 04:23:44.455  INFO   session     Auto-resume → Running
2026-09-21 04:23:48.540  INFO   decision    mode=traveling behavior=traveling action=traveling target=- reason='enter farm area' status=success
2026-09-21 04:23:48.828  INFO   session     Entity shadow: vision=26 {'player': 22, 'monster': 2, 'npc': 1, 'item': 1} memory=83 {'player': 74, 'monster': 2, 'npc': 6, 'item': 1} paired=25 median=0.067 unleveled=189:鹿,319:?
2026-09-21 04:23:54.030  INFO   session     Entity shadow: vision=30 {'player': 25, 'npc': 3, 'monster': 2} memory=62 {'player': 52, 'monster': 2, 'npc': 8} paired=25 median=0.075 unleveled=189:鹿,319:?
2026-09-21 04:23:59.078  INFO   session     Entity shadow: vision=23 {'player': 17, 'npc': 4, 'monster': 2} memory=60 {'monster': 2, 'player': 52, 'npc': 6} paired=20 median=0.066 unleveled=319:?
2026-09-21 04:24:01.308  INFO   decision    mode=traveling behavior=traveling action=traveling target=- reason='enter farm area' status=success (repeat)
2026-09-21 04:24:04.191  INFO   session     Entity shadow: vision=18 {'player': 15, 'npc': 2, 'monster': 1} memory=67 {'player': 58, 'npc': 7, 'monster': 2} paired=18 median=0.036 unleveled=319:?,189:鹿
2026-09-21 04:24:09.270  INFO   session     Entity shadow: vision=18 {'player': 15, 'npc': 3} memory=65 {'monster': 2, 'player': 56, 'npc': 7} paired=18 median=0.071 unleveled=10:警衛,319:?
2026-09-21 04:24:10.928  INFO   decision    mode=traveling behavior=traveling action=traveling target=- reason='enter farm area' status=success (repeat)
2026-09-21 04:24:14.356  INFO   session     Entity shadow: vision=12 {'npc': 3, 'player': 9} memory=60 {'monster': 2, 'player': 52, 'npc': 6} paired=12 median=0.044 unleveled=10:警衛,319:?
2026-09-21 04:24:19.520  INFO   session     Entity shadow: vision=24 {'player': 22, 'npc': 2} memory=50 {'monster': 2, 'player': 42, 'npc': 6} paired=19 median=0.059 unleveled=10:警衛,319:?
2026-09-21 04:24:23.287  INFO   session     Paused — hotkey
2026-09-21 04:25:04.922  INFO   session     Resume → Running
2026-09-21 04:25:04.928  INFO   session     Auto-pause (cursor_outside)
2026-09-21 04:25:05.192  INFO   session     Auto-resume → Running
2026-09-21 04:25:05.415  INFO   session     Entity shadow: vision=3 {'player': 2, 'npc': 1} memory=4 {'player': 2, 'monster': 1, 'npc': 1} paired=1 median=0.023 unleveled=68:警衛
2026-09-21 04:25:05.425  INFO   decision    mode=traveling behavior=traveling action=traveling target=- reason='enter farm area' status=success (repeat)
2026-09-21 04:25:10.558  INFO   session     Entity shadow: vision=4 {'player': 2, 'npc': 2} memory=3 {'monster': 2, 'player': 1} paired=1 median=0.043 unleveled=68:警衛,10:警衛
2026-09-21 04:25:12.445  INFO   decision    mode=traveling behavior=traveling action=traveling target=- reason='enter farm area' status=success (repeat)
2026-09-21 04:25:13.184  INFO   session     Paused — hotkey
2026-09-21 04:25:15.463  INFO   session     Stop → Stopped
2026-09-21 04:25:21.717  INFO   session     Bot worker exited
