2026-09-21 01:16:12.236  INFO   session     Auto-pause (cursor_outside)
2026-09-21 01:16:12.265  INFO   session     Loading Manmabot from D:\ManmabotV1\engine
2026-09-21 01:16:12.317  INFO   session     Session log D:\ManmabotV1\engine\logs\bot-20260921-011612.log
2026-09-21 01:16:12.317  INFO   session     character=elf loot=all_items game_lang=ko map=talking_island farms=['area_1', 'area_2', 'area_3', 'area_4'] file=D:\ManmabotV1\engine\logs\bot-20260921-011612.log
2026-09-21 01:16:12.378  INFO   nav         building portal graph (cluster=32, 479x511)
2026-09-21 01:16:12.643  INFO   nav         portal graph: 188 components, 264 ms
2026-09-21 01:16:12.649  INFO   nav         farms=4 safe=11 home=(354, 203) (files farm=D:\ManmabotV1\engine\maps\talking_island\farms.yaml safe=D:\ManmabotV1\engine\maps\talking_island\safe.yaml home=D:\ManmabotV1\engine\maps\talking_island\home.yaml)
2026-09-21 01:16:12.650  INFO   capture     mss window capture process='LC.exe' title=None content_aspect=4:3
2026-09-21 01:16:12.676  INFO   session     Auto-resume → Running
2026-09-21 01:16:12.965  INFO   session     Auto-pause (cursor_outside)
2026-09-21 01:16:12.974  INFO   session     Memory monitor connected
2026-09-21 01:16:12.990  INFO   session     Scanning hotbar (skill boxes 1–3)…
2026-09-21 01:16:13.238  INFO   session     Auto-resume → Running
2026-09-21 01:16:13.503  INFO   session     Auto-pause (cursor_outside)
2026-09-21 01:16:13.867  INFO   session     Auto-resume → Running
2026-09-21 01:16:14.246  INFO   session     Auto-pause (cursor_outside)
2026-09-21 01:16:14.578  INFO   session     Auto-resume → Running
2026-09-21 01:16:14.841  INFO   session     Auto-pause (cursor_outside)
2026-09-21 01:16:15.221  INFO   session     Auto-resume → Running
2026-09-21 01:16:17.235  INFO   session     Hotbar scan done · hp_potion@box1/f5, talking_scroll@box1/f8
2026-09-21 01:16:17.240  INFO   session     Loop ready · elf · ko · map=talking_island · loot=all_items · farms=['area_1', 'area_2', 'area_3', 'area_4']
2026-09-21 01:16:17.711  INFO   decision    mode=traveling behavior=traveling action=traveling target=- reason='enter farm area' status=success
2026-09-21 01:16:25.503  INFO   decision    mode=traveling behavior=traveling action=traveling target=- reason='enter farm area' status=success (repeat)
2026-09-21 01:16:33.350  INFO   decision    mode=traveling behavior=traveling action=traveling target=- reason='enter farm area' status=success (repeat)
2026-09-21 01:16:41.086  INFO   decision    mode=traveling behavior=traveling action=traveling target=- reason='enter farm area' status=success (repeat)
2026-09-21 01:16:48.138  INFO   decision    mode=traveling behavior=traveling action=traveling target=- reason='enter farm area' status=success (repeat)
2026-09-21 01:16:55.516  INFO   decision    mode=traveling behavior=traveling action=traveling target=- reason='enter farm area' status=success (repeat)
2026-09-21 01:17:05.390  INFO   decision    mode=traveling behavior=combat action=attack target=480 reason='engage target' status=success
2026-09-21 01:17:06.163  INFO   action      cursor give-up id=480 item=false reason=cursor=dialog/dialog score=1.000 not allowed
2026-09-21 01:17:06.314  INFO   decision    mode=traveling behavior=traveling action=traveling target=- reason='enter farm area' status=success
2026-09-21 01:17:07.865  INFO   decision    mode=traveling behavior=combat action=attack target=530 reason='engage target' status=success
2026-09-21 01:17:09.177  INFO   decision    mode=traveling behavior=combat action=attack target=554 reason='engage target' status=success
2026-09-21 01:17:09.922  INFO   action      cursor give-up id=554 item=false reason=cursor=dialog/dialog score=1.000 not allowed
2026-09-21 01:17:10.098  INFO   decision    mode=traveling behavior=traveling action=traveling target=- reason='enter farm area' status=success
2026-09-21 01:17:18.288  INFO   session     Paused — hotkey
2026-09-21 01:17:29.708  INFO   session     Resume → Running
2026-09-21 01:17:29.799  INFO   session     Auto-pause (cursor_outside)
2026-09-21 01:17:30.080  INFO   session     Auto-resume → Running
2026-09-21 01:17:30.613  INFO   session     Auto-pause (cursor_outside)
2026-09-21 01:17:30.893  INFO   session     Auto-resume → Running
2026-09-21 01:17:31.160  INFO   session     Auto-pause (cursor_outside)
2026-09-21 01:17:31.442  INFO   session     Auto-resume → Running
2026-09-21 01:17:31.706  INFO   session     Auto-pause (cursor_outside)
2026-09-21 01:17:31.974  INFO   session     Auto-resume → Running
2026-09-21 01:17:32.243  INFO   session     Auto-pause (cursor_outside)
2026-09-21 01:17:32.510  INFO   session     Auto-resume → Running
2026-09-21 01:17:32.780  INFO   session     Auto-pause (cursor_outside)
2026-09-21 01:17:33.061  INFO   session     Auto-resume → Running
2026-09-21 01:17:33.330  INFO   session     Auto-pause (cursor_outside)
2026-09-21 01:17:33.611  INFO   session     Auto-resume → Running
2026-09-21 01:17:36.094  INFO   decision    mode=traveling behavior=traveling action=traveling target=- reason='enter farm area' status=success (repeat)
2026-09-21 01:17:42.726  INFO   decision    mode=traveling behavior=traveling action=traveling target=- reason='enter farm area' status=success (repeat)
2026-09-21 01:17:49.741  INFO   decision    mode=traveling behavior=traveling action=traveling target=- reason='enter farm area' status=success (repeat)
2026-09-21 01:17:56.410  INFO   decision    mode=traveling behavior=traveling action=traveling target=- reason='enter farm area' status=success (repeat)
2026-09-21 01:18:02.944  INFO   decision    mode=traveling behavior=traveling action=traveling target=- reason='enter farm area' status=success (repeat)
2026-09-21 01:18:08.205  INFO   decision    mode=traveling behavior=combat action=attack target=862 reason='engage target' status=success
2026-09-21 01:18:12.013  INFO   decision    mode=traveling behavior=traveling action=traveling target=- reason='enter farm area' status=success
2026-09-21 01:18:18.850  INFO   decision    mode=traveling behavior=traveling action=traveling target=- reason='enter farm area' status=success (repeat)
2026-09-21 01:18:25.371  INFO   decision    mode=traveling behavior=traveling action=traveling target=- reason='enter farm area' status=success (repeat)
2026-09-21 01:18:32.213  INFO   decision    mode=traveling behavior=traveling action=traveling target=- reason='enter farm area' status=success (repeat)
2026-09-21 01:18:38.574  INFO   decision    mode=traveling behavior=traveling action=traveling target=- reason='enter farm area' status=success (repeat)
2026-09-21 01:18:45.009  INFO   decision    mode=traveling behavior=traveling action=traveling target=- reason='enter farm area' status=success (repeat)
2026-09-21 01:18:51.866  INFO   decision    mode=traveling behavior=traveling action=traveling target=- reason='enter farm area' status=success (repeat)
2026-09-21 01:18:57.537  INFO   decision    mode=traveling behavior=combat action=attack target=935 reason='engage target' status=success
2026-09-21 01:18:58.654  INFO   decision    mode=traveling behavior=traveling action=traveling target=- reason='enter farm area' status=success
2026-09-21 01:18:59.925  INFO   decision    mode=traveling behavior=combat action=attack target=935 reason='engage target' status=success
2026-09-21 01:19:00.277  INFO   decision    mode=traveling behavior=combat action=attack target=948 reason='engage target' status=success
2026-09-21 01:19:03.688  INFO   decision    mode=traveling behavior=combat action=attack target=957 reason='engage target' status=success
2026-09-21 01:19:05.146  INFO   decision    mode=traveling behavior=combat action=attack target=962 reason='engage target' status=success
2026-09-21 01:19:06.108  INFO   decision    mode=traveling behavior=traveling action=traveling target=- reason='enter farm area' status=success
2026-09-21 01:19:06.367  INFO   decision    mode=traveling behavior=combat action=attack target=962 reason='engage target' status=success
2026-09-21 01:19:07.331  INFO   decision    mode=traveling behavior=combat action=attack target=965 reason='engage target' status=success
2026-09-21 01:19:11.712  INFO   decision    mode=traveling behavior=combat action=attack target=971 reason='engage target' status=success
2026-09-21 01:19:14.385  INFO   decision    mode=retreating behavior=talking_scroll action=use_talking_scroll target=- reason='retreat, 마법서 상인' status=success
2026-09-21 01:19:15.208  INFO   decision    mode=retreating behavior=retreating action=idle target=- reason='retreating, waiting for hp' status=success
2026-09-21 01:19:16.298  INFO   decision    mode=retreating behavior=loot action=searching target=- reason='approach item' status=success
2026-09-21 01:19:16.596  INFO   decision    mode=retreating behavior=retreating action=idle target=- reason='retreating, waiting for hp' status=success
2026-09-21 01:19:23.950  INFO   decision    mode=retreating behavior=retreating action=idle target=- reason='retreating, waiting for hp' status=success (repeat)
2026-09-21 01:19:30.450  INFO   decision    mode=retreating behavior=retreating action=idle target=- reason='retreating, waiting for hp' status=success (repeat)
2026-09-21 01:19:36.869  INFO   decision    mode=retreating behavior=retreating action=idle target=- reason='retreating, waiting for hp' status=success (repeat)
2026-09-21 01:19:40.144  INFO   session     Paused — hotkey
2026-09-21 01:20:03.991  INFO   session     Stop → Stopped
2026-09-21 01:20:10.112  INFO   session     Bot worker exited
