2026-09-20 22:45:49.985  INFO   session     Loading Manmabot from D:\ManmabotV1\engine
2026-09-20 22:45:50.181  INFO   session     Session log D:\ManmabotV1\engine\logs\bot-20260920-224549.log
2026-09-20 22:45:50.181  INFO   session     character=royal loot=all_items game_lang=ko map=talking_island farms=['area_1', 'area_2', 'area_3', 'area_4'] file=D:\ManmabotV1\engine\logs\bot-20260920-224549.log
2026-09-20 22:45:50.248  INFO   nav         building portal graph (cluster=32, 479x511)
2026-09-20 22:45:50.505  INFO   nav         portal graph: 188 components, 257 ms
2026-09-20 22:45:50.510  INFO   nav         farms=4 safe=11 home=(354, 203) (files farm=D:\ManmabotV1\engine\maps\talking_island\farms.yaml safe=D:\ManmabotV1\engine\maps\talking_island\safe.yaml home=D:\ManmabotV1\engine\maps\talking_island\home.yaml)
2026-09-20 22:45:50.511  INFO   capture     mss window capture process='LC.exe' title=None content_aspect=4:3
2026-09-20 22:45:50.821  INFO   session     Memory monitor connected
2026-09-20 22:45:50.825  INFO   session     Scanning hotbar (skill boxes 1–3)…
2026-09-20 22:45:55.311  INFO   session     Hotbar scan done · talking_scroll@box1/f5
2026-09-20 22:45:55.314  INFO   session     Potion restock armed · no hp_potion on hotbar
2026-09-20 22:45:55.316  INFO   session     Loop ready · royal · ko · map=talking_island · loot=all_items · farms=['area_1', 'area_2', 'area_3', 'area_4']
2026-09-20 22:45:55.719  INFO   decision    mode=farming behavior=talking_scroll action=use_talking_scroll target=- reason='go to shop (buy_hp_potions)' status=success
2026-09-20 22:45:56.652  INFO   nav         async nav configure start map=mainland
2026-09-20 22:45:56.812  INFO   decision    mode=farming behavior=shop action=shop_stop target=- reason='stop at shop' status=success
2026-09-20 22:45:57.320  INFO   nav         building portal graph (cluster=32, 1755x1414)
2026-09-20 22:46:00.800  INFO   nav         portal graph: 2586 components, 3480 ms
2026-09-20 22:46:00.805  INFO   nav         farms=6 safe=0 home=None (files farm=D:\ManmabotV1\engine\maps\mainland\farms.yaml safe=D:\ManmabotV1\engine\maps\mainland\safe.yaml home=D:\ManmabotV1\engine\maps\mainland\home.yaml)
2026-09-20 22:46:00.805  INFO   nav         async nav configure done map=mainland (4153 ms)
2026-09-20 22:46:00.935  INFO   decision    mode=traveling behavior=traveling action=traveling target=- reason='unstick' status=success
2026-09-20 22:46:09.774  INFO   decision    mode=traveling behavior=traveling action=traveling target=- reason='walk to shop (buy_hp_potions)' status=success (repeat)
2026-09-20 22:46:18.254  INFO   decision    mode=traveling behavior=traveling action=traveling target=- reason='walk to shop (buy_hp_potions)' status=success (repeat)
2026-09-20 22:46:26.536  INFO   decision    mode=traveling behavior=traveling action=traveling target=- reason='walk to shop (buy_hp_potions)' status=success (repeat)
2026-09-20 22:46:26.868  INFO   session     Auto-pause (cursor_outside)
2026-09-20 22:46:27.144  INFO   session     Auto-resume → Running
2026-09-20 22:46:32.408  INFO   session     Auto-pause (cursor_outside)
2026-09-20 22:46:32.686  INFO   session     Auto-resume → Running
2026-09-20 22:46:36.010  INFO   decision    mode=traveling behavior=traveling action=traveling target=- reason='walk to shop (buy_hp_potions)' status=success (repeat)
2026-09-20 22:46:39.320  INFO   session     Auto-pause (cursor_outside)
2026-09-20 22:46:39.598  INFO   session     Auto-resume → Running
2026-09-20 22:46:42.064  INFO   session     Auto-pause (cursor_outside)
2026-09-20 22:46:49.747  INFO   session     Stop → Stopped
2026-09-20 22:46:56.374  INFO   session     Bot worker exited
