2026-09-27 15:53:45.580  INFO   session     Loading Manmabot from D:\ManmabotV1_final\engine
2026-09-27 15:53:45.586  INFO   session     Session log D:\ManmabotV1_final\engine\logs\bot-20260927-155345.log
2026-09-27 15:53:45.586  INFO   session     character=elf loot=all_items game_lang=ko map=talking_island farms=['area_1', 'area_2', 'area_3', 'area_4'] file=D:\ManmabotV1_final\engine\logs\bot-20260927-155345.log
2026-09-27 15:53:46.065  INFO   nav         building portal graph (cluster=32, 479x511)
2026-09-27 15:53:46.412  INFO   nav         portal graph: 188 components, 347 ms
2026-09-27 15:53:46.425  INFO   nav         farms=4 safe=11 home=(354, 203) (files farm=D:\ManmabotV1_final\engine\maps\talking_island\farms.yaml safe=D:\ManmabotV1_final\engine\maps\talking_island\safe.yaml home=D:\ManmabotV1_final\engine\maps\talking_island\home.yaml)
2026-09-27 15:53:46.715  INFO   capture     mss window capture process='LC.exe' title=None content_aspect=4:3
2026-09-27 15:53:47.472  INFO   session     Entity clicks use memory names, species, and world cells. Image recognition still runs. Set memory.entity_source to vision to restore image-only clicks.
2026-09-27 15:53:47.489  INFO   session     Player memory is read in this process (realtime_monitor.dll, offsets.json). No separate console.
2026-09-27 15:53:47.502  INFO   session     인벤토리를 백그라운드에서 스캔 중 (inventory_listen.dll 또는 inv.json을 두세요).
2026-09-27 15:53:47.536  INFO   session     메모리에서 핫바 24칸을 읽는 중…
2026-09-27 15:53:47.597  INFO   session     핫바 스캔 완료 · 파워 업@box1/f5, 아머 업@box1/f6, 라이트@box1/f7, 힐@box1/f8, HP 물약@box1/f9, 텔레포트@box1/f10, 마법 공격@box1/f11, 말하는 두루마리@box1/f5, 마더 트리@box2/f6, HP를 MP로@box2/f7
2026-09-27 15:53:47.646  INFO   session     루프 준비 · 요정 · 한국어 · 맵=말하는 섬 · 룻=전부 줍기 · 구역=구역 1, 구역 2, 구역 3, 구역 4
2026-09-27 15:53:48.502  INFO   session     Entity shadow: vision=11 {'player': 7, 'npc': 4} memory=14 {'monster': 3, 'npc': 3, 'player': 8} paired=7 median=0.042 unleveled=208:兔子,10:警衛,68:警衛
2026-09-27 15:53:48.573  INFO   session     인벤토리 수신 준비 (dll) · hp=0 화살=809 은화살=0 해독=0
2026-09-27 15:53:48.589  INFO   decision    mode=farming behavior=buff action=buff target=- reason='armor_up' status=success
2026-09-27 15:53:49.314  INFO   decision    mode=traveling behavior=traveling action=traveling target=- reason='unstick nearby' status=success
2026-09-27 15:53:53.652  INFO   session     Entity shadow: vision=12 {'monster': 2, 'npc': 4, 'player': 6} memory=12 {'player': 8, 'npc': 3, 'monster': 1} paired=8 median=0.042 unleveled=10:警衛
2026-09-27 15:53:58.956  INFO   session     Entity shadow: vision=13 {'player': 9, 'npc': 1, 'monster': 3} memory=14 {'player': 10, 'npc': 3, 'monster': 1} paired=8 median=0.021 unleveled=10:警衛
2026-09-27 15:53:58.991  INFO   decision    mode=traveling behavior=buff action=buff target=- reason='light' status=success
2026-09-27 15:53:59.660  INFO   decision    mode=traveling behavior=traveling action=traveling target=- reason='unstick nearby' status=success
2026-09-27 15:54:04.084  INFO   session     Entity shadow: vision=13 {'player': 9, 'npc': 2, 'monster': 2} memory=15 {'npc': 3, 'player': 11, 'monster': 1} paired=9 median=0.022 unleveled=10:警衛
2026-09-27 15:54:09.260  INFO   session     Entity shadow: vision=12 {'player': 9, 'npc': 1, 'monster': 2} memory=12 {'npc': 2, 'player': 9, 'monster': 1} paired=6 median=0.027 unleveled=10:警衛
2026-09-27 15:54:09.663  INFO   session     일시정지 — 단축키
2026-09-27 15:54:21.205  INFO   session     재개 → 실행 중
2026-09-27 15:54:21.665  INFO   session     Entity shadow: vision=8 {'player': 6, 'npc': 2} memory=14 {'player': 11, 'npc': 2, 'monster': 1} paired=6 median=0.030 unleveled=10:警衛
2026-09-27 15:54:23.966  INFO   decision    mode=traveling behavior=unstick action=teleport target=- reason='unstick teleport' status=success
2026-09-27 15:54:25.258  INFO   decision    mode=traveling behavior=traveling action=traveling target=- reason='unstick nearby' status=success
2026-09-27 15:54:26.916  INFO   session     Entity shadow: vision=1 {'player': 1} memory=10 {'player': 8, 'npc': 2} paired=1 median=0.048
2026-09-27 15:54:29.521  INFO   session     일시정지 — 단축키
2026-09-27 15:54:33.051  INFO   session     재개 → 실행 중
2026-09-27 15:54:33.373  INFO   session     Entity shadow: vision=2 {'player': 2} memory=5 {'monster': 1, 'player': 3, 'npc': 1} paired=1 median=0.014 unleveled=10:警衛
2026-09-27 15:54:34.564  INFO   decision    mode=traveling behavior=traveling action=idle target=- reason='no behavior produced an intent' status=success
2026-09-27 15:54:34.858  INFO   decision    mode=traveling behavior=traveling action=traveling target=- reason='enter farm area' status=success
2026-09-27 15:54:35.284  INFO   session     일시정지 — 단축키
2026-09-27 15:54:36.552  INFO   session     재개 → 실행 중
2026-09-27 15:54:38.565  INFO   session     Entity shadow: vision=8 {'player': 5, 'npc': 2, 'monster': 1} memory=10 {'player': 8, 'monster': 1, 'npc': 1} paired=5 median=0.070 unleveled=10:警衛
2026-09-27 15:54:40.669  INFO   session     일시정지 — 단축키
2026-09-27 15:54:43.982  INFO   session     재개 → 실행 중
2026-09-27 15:54:44.301  INFO   session     Entity shadow: vision=4 {'player': 2, 'npc': 2} memory=8 {'player': 6, 'monster': 1, 'npc': 1} paired=1 median=0.042 unleveled=10:警衛
2026-09-27 15:54:49.419  INFO   session     Entity shadow: vision=1 {'npc': 1} memory=3 {'monster': 2, 'npc': 1} paired=0 median=0.000 unleveled=10:警衛,208:兔子
2026-09-27 15:54:54.640  INFO   session     Entity shadow: vision=4 {'monster': 2, 'npc': 2} memory=3 {'monster': 3} paired=0 median=0.000 unleveled=208:兔子,68:警衛,10:警衛
2026-09-27 15:54:55.589  INFO   decision    mode=traveling behavior=traveling action=traveling target=- reason='enter farm area' status=success (repeat)
2026-09-27 15:54:59.860  INFO   session     Entity shadow: vision=3 {'npc': 2, 'player': 1} memory=2 {'monster': 2} paired=0 median=0.000 unleveled=68:警衛,10:警衛
2026-09-27 15:55:04.893  INFO   session     Entity shadow: vision=3 {'npc': 3} memory=3 {'monster': 2, 'npc': 1} paired=0 median=0.000 unleveled=68:警衛,10:警衛
2026-09-27 15:55:09.358  INFO   decision    mode=traveling behavior=traveling action=traveling target=- reason='enter farm area' status=success (repeat)
2026-09-27 15:55:10.096  INFO   session     Entity shadow: vision=3 {'npc': 2, 'player': 1} memory=3 {'monster': 2, 'npc': 1} paired=0 median=0.000 unleveled=68:警衛,10:警衛
2026-09-27 15:55:15.201  INFO   session     Entity shadow: vision=4 {'monster': 1, 'player': 1, 'npc': 2} memory=4 {'monster': 3, 'npc': 1} paired=0 median=0.000 unleveled=208:兔子,68:警衛,10:警衛
2026-09-27 15:55:20.299  INFO   session     Entity shadow: vision=3 {'player': 1, 'npc': 2} memory=3 {'monster': 3} paired=0 median=0.000 unleveled=208:兔子,68:警衛,10:警衛
2026-09-27 15:55:23.564  INFO   decision    mode=traveling behavior=traveling action=traveling target=- reason='enter farm area' status=success (repeat)
2026-09-27 15:55:25.400  INFO   session     Entity shadow: vision=3 {'npc': 3} memory=3 {'monster': 3} paired=0 median=0.000 unleveled=10:警衛,68:警衛
2026-09-27 15:55:30.584  INFO   session     Entity shadow: vision=5 {'monster': 2, 'npc': 3} memory=4 {'npc': 1, 'monster': 3} paired=0 median=0.000 unleveled=10:警衛,68:警衛
2026-09-27 15:55:35.608  INFO   session     Entity shadow: vision=4 {'npc': 4} memory=4 {'monster': 3, 'npc': 1} paired=0 median=0.000 unleveled=10:警衛,68:警衛
2026-09-27 15:55:38.618  INFO   decision    mode=traveling behavior=traveling action=traveling target=- reason='enter farm area' status=success (repeat)
2026-09-27 15:55:40.808  INFO   session     Entity shadow: vision=7 {'monster': 3, 'npc': 4} memory=5 {'npc': 2, 'monster': 3} paired=1 median=0.040 unleveled=208:兔子,68:警衛,10:警衛
2026-09-27 15:55:45.905  INFO   session     Entity shadow: vision=5 {'npc': 3, 'monster': 2} memory=5 {'npc': 2, 'monster': 3} paired=1 median=0.026 unleveled=208:兔子,68:警衛,10:警衛
2026-09-27 15:55:51.032  INFO   session     Entity shadow: vision=4 {'monster': 1, 'npc': 3} memory=4 {'monster': 3, 'npc': 1} paired=1 median=0.017 unleveled=208:兔子,68:警衛,10:警衛
2026-09-27 15:55:52.891  INFO   decision    mode=traveling behavior=traveling action=traveling target=- reason='unstick nearby' status=success (repeat)
2026-09-27 15:55:56.243  INFO   session     Entity shadow: vision=5 {'npc': 4, 'monster': 1} memory=4 {'monster': 3, 'npc': 1} paired=1 median=0.025 unleveled=208:兔子,68:警衛,10:警衛
2026-09-27 15:56:01.399  INFO   session     Entity shadow: vision=5 {'player': 1, 'monster': 1, 'npc': 3} memory=3 {'monster': 3} paired=0 median=0.000 unleveled=208:兔子,68:警衛,10:警衛
2026-09-27 15:56:06.562  INFO   session     Entity shadow: vision=3 {'npc': 3} memory=6 {'monster': 5, 'npc': 1} paired=0 median=0.000 unleveled=208:兔子,189:鹿,68:警衛,10:警衛
2026-09-27 15:56:06.960  INFO   decision    mode=traveling behavior=traveling action=traveling target=- reason='enter farm area' status=success (repeat)
2026-09-27 15:56:11.655  INFO   session     Entity shadow: vision=4 {'npc': 3, 'monster': 1} memory=6 {'monster': 5, 'npc': 1} paired=0 median=0.000 unleveled=189:鹿,68:警衛,10:警衛,208:兔子
2026-09-27 15:56:13.182  INFO   session     일시정지 — 단축키
2026-09-27 16:13:23.875  INFO   session     정지 → 중지됨
2026-09-27 16:13:24.894  INFO   session     봇 작업이 종료되었습니다
