2026-09-24 14:49:26.888  INFO   session     Loading Manmabot from D:\Work\Lineage\ManmabotV1_final\engine
2026-09-24 14:49:26.891  INFO   session     Session log D:\Work\Lineage\ManmabotV1_final\engine\logs\bot-20260924-144926.log
2026-09-24 14:49:26.891  INFO   session     character=elf loot=all_items game_lang=ko map=talking_island farms=['area_3', 'area_2', 'area_1'] file=D:\Work\Lineage\ManmabotV1_final\engine\logs\bot-20260924-144926.log
2026-09-24 14:49:27.110  INFO   nav         building portal graph (cluster=32, 479x511)
2026-09-24 14:49:27.358  INFO   nav         portal graph: 188 components, 247 ms
2026-09-24 14:49:27.364  INFO   nav         farms=3 safe=11 home=(354, 203) (files farm=D:\Work\Lineage\ManmabotV1_final\engine\maps\talking_island\farms.yaml safe=D:\Work\Lineage\ManmabotV1_final\engine\maps\talking_island\safe.yaml home=D:\Work\Lineage\ManmabotV1_final\engine\maps\talking_island\home.yaml)
2026-09-24 14:49:27.668  INFO   capture     mss window capture process='LC.exe' title=None content_aspect=4:3
2026-09-24 14:49:28.010  INFO   session     Entity clicks use memory names, species, and world cells. Image recognition still runs. Set memory.entity_source to vision to restore image-only clicks.
2026-09-24 14:49:28.016  INFO   session     Player memory is read in this process (realtime_monitor.dll, offsets.json). No separate console.
2026-09-24 14:49:28.022  INFO   session     Inventory listen scanning in background (build inventory_listen.dll or place inv.json).
2026-09-24 14:49:28.026  INFO   session     Reading hotbar from memory (24 slots)…
2026-09-24 14:49:28.111  INFO   session     Hotbar scan done · hp_potion@box1/f5, talking_scroll@box1/f8
2026-09-24 14:49:28.116  INFO   session     Unmapped hotbar icons: box1/f6:+0 화살 (2,216), box1/f7:아데나 (863), box1/f12:상쾌한 초록 물약
2026-09-24 14:49:28.133  INFO   session     Loop ready · elf · ko · map=talking_island · loot=all_items · farms=['area_3', 'area_2', 'area_1']
2026-09-24 14:49:28.564  INFO   session     Entity shadow: vision=3 {'player': 2, 'npc': 1} memory=2 {'player': 1, 'monster': 1} paired=1 median=0.020 unleveled=68:警衛
2026-09-24 14:49:28.594  INFO   session     Inventory listen ready (dll) · hp=8 arrows=2216 silver=5 depoison=0
2026-09-24 14:49:28.619  INFO   decision    mode=traveling behavior=traveling action=traveling target=- reason='enter farm area' status=success
2026-09-24 14:49:33.685  INFO   session     Entity shadow: vision=4 {'player': 2, 'npc': 2} memory=6 {'npc': 3, 'player': 1, 'monster': 2} paired=1 median=0.028 unleveled=68:警衛,10:警衛
2026-09-24 14:49:37.191  INFO   decision    mode=traveling behavior=combat action=attack target=9 reason='engage target' status=success
2026-09-24 14:49:38.814  INFO   session     Entity shadow: vision=4 {'player': 2, 'npc': 2} memory=7 {'monster': 3, 'npc': 3, 'player': 1} paired=1 median=0.024 unleveled=68:警衛,10:警衛
2026-09-24 14:49:44.009  INFO   session     Entity shadow: vision=8 {'player': 2, 'npc': 2, 'monster': 4} memory=9 {'monster': 5, 'npc': 3, 'player': 1} paired=4 median=0.024 unleveled=68:警衛,10:警衛
2026-09-24 14:49:46.281  INFO   decision    mode=retreating behavior=talking_scroll action=use_talking_scroll target=- reason='retreat, 마법서 상인' status=success
2026-09-24 14:49:47.195  INFO   decision    mode=retreating behavior=retreating action=idle target=- reason='retreating, waiting for hp' status=success
2026-09-24 14:49:49.141  INFO   session     Entity shadow: vision=6 {'player': 2, 'npc': 2, 'monster': 2} memory=8 {'player': 1, 'monster': 4, 'npc': 3} paired=3 median=0.021 unleveled=10:警衛,68:警衛
2026-09-24 14:49:54.264  INFO   session     Entity shadow: vision=6 {'player': 2, 'npc': 1, 'monster': 3} memory=9 {'player': 1, 'monster': 5, 'npc': 3} paired=4 median=0.037 unleveled=68:警衛
2026-09-24 14:49:54.472  INFO   decision    mode=retreating behavior=survival_potion action=use_hp_potion target=- reason='critical hp, cannot heal' status=success
2026-09-24 14:49:55.793  INFO   decision    mode=retreating behavior=retreating action=idle target=- reason='retreating, waiting for hp' status=success
2026-09-24 14:49:59.427  INFO   session     Entity shadow: vision=7 {'item': 1, 'monster': 2, 'npc': 3, 'player': 1} memory=8 {'item': 1, 'monster': 4, 'npc': 3} paired=2 median=0.015 unleveled=68:警衛
2026-09-24 14:50:00.487  INFO   decision    mode=retreating behavior=survival_potion action=use_hp_potion target=- reason='critical hp, cannot heal' status=success
2026-09-24 14:50:01.714  INFO   decision    mode=retreating behavior=retreating action=idle target=- reason='retreating, waiting for hp' status=success
2026-09-24 14:50:04.560  INFO   session     Entity shadow: vision=6 {'npc': 2, 'item': 1, 'player': 2, 'monster': 1} memory=8 {'item': 1, 'monster': 4, 'npc': 3} paired=2 median=0.019 unleveled=68:警衛
2026-09-24 14:50:04.581  INFO   decision    mode=retreating behavior=survival_potion action=use_hp_potion target=- reason='critical hp, cannot heal' status=success
2026-09-24 14:50:05.905  INFO   decision    mode=retreating behavior=retreating action=idle target=- reason='retreating, waiting for hp' status=success
2026-09-24 14:50:08.176  INFO   decision    mode=retreating behavior=loot action=pickup target=23 reason='engage item' status=success
2026-09-24 14:50:09.723  INFO   session     Entity shadow: vision=5 {'item': 1, 'npc': 2, 'player': 2} memory=8 {'player': 1, 'item': 2, 'npc': 3, 'monster': 2} paired=2 median=0.022 unleveled=10:警衛,68:警衛
2026-09-24 14:50:10.272  INFO   decision    mode=retreating behavior=retreating action=idle target=- reason='retreating, waiting for hp' status=success
2026-09-24 14:50:14.851  INFO   session     Entity shadow: vision=5 {'player': 1, 'npc': 2, 'item': 1, 'monster': 1} memory=9 {'monster': 5, 'item': 1, 'npc': 3} paired=2 median=0.015 unleveled=10:警衛,68:警衛
2026-09-24 14:50:16.154  INFO   decision    mode=retreating behavior=loot action=searching target=21 reason='walk onto item' status=success
2026-09-24 14:50:18.923  INFO   decision    mode=retreating behavior=retreating action=idle target=- reason='retreating, waiting for hp' status=success
2026-09-24 14:50:19.992  INFO   session     Entity shadow: vision=6 {'player': 1, 'npc': 3, 'item': 1, 'monster': 1} memory=8 {'monster': 4, 'item': 1, 'npc': 3} paired=2 median=0.116 unleveled=10:警衛,68:警衛
2026-09-24 14:50:25.118  INFO   session     Entity shadow: vision=6 {'item': 1, 'monster': 1, 'npc': 3, 'player': 1} memory=8 {'monster': 4, 'item': 1, 'npc': 3} paired=2 median=0.109 unleveled=10:警衛,68:警衛
2026-09-24 14:50:26.936  INFO   decision    mode=retreating behavior=retreating action=idle target=- reason='retreating, waiting for hp' status=success (repeat)
2026-09-24 14:50:30.143  INFO   session     Entity shadow: vision=5 {'item': 1, 'monster': 1, 'npc': 2, 'player': 1} memory=7 {'monster': 3, 'item': 1, 'npc': 3} paired=1 median=0.006 unleveled=10:警衛,68:警衛
2026-09-24 14:50:34.809  INFO   decision    mode=retreating behavior=retreating action=idle target=- reason='retreating, waiting for hp' status=success (repeat)
2026-09-24 14:50:35.236  INFO   session     Entity shadow: vision=5 {'item': 1, 'monster': 1, 'npc': 2, 'player': 1} memory=7 {'monster': 3, 'item': 1, 'npc': 3} paired=1 median=0.006 unleveled=10:警衛,68:警衛
2026-09-24 14:50:40.381  INFO   session     Entity shadow: vision=0 {} memory=7 {'player': 1, 'item': 1, 'npc': 3, 'monster': 2} paired=0 median=0.000 unleveled=10:警衛,68:警衛
2026-09-24 14:50:42.997  INFO   decision    mode=retreating behavior=retreating action=idle target=- reason='retreating, waiting for hp' status=success (repeat)
2026-09-24 14:50:45.372  INFO   session     Entity shadow: vision=8 {'player': 2, 'monster': 3, 'npc': 3} memory=8 {'monster': 3, 'player': 1, 'item': 1, 'npc': 3} paired=3 median=0.030 unleveled=10:警衛,68:警衛
2026-09-24 14:50:50.389  INFO   session     Entity shadow: vision=6 {'item': 1, 'npc': 4, 'player': 1} memory=8 {'monster': 4, 'item': 1, 'npc': 3} paired=3 median=0.105 unleveled=10:警衛,68:警衛
2026-09-24 14:50:51.432  INFO   decision    mode=retreating behavior=retreating action=idle target=- reason='retreating, waiting for hp' status=success (repeat)
2026-09-24 14:50:55.521  INFO   session     Entity shadow: vision=23 {'npc': 3, 'player': 18, 'monster': 1, 'item': 1} memory=61 {'player': 59, 'npc': 2} paired=20 median=0.025
2026-09-24 14:51:00.660  INFO   session     Entity shadow: vision=18 {'player': 16, 'npc': 2} memory=60 {'player': 58, 'npc': 2} paired=18 median=0.024
2026-09-24 14:51:02.716  INFO   decision    mode=retreating behavior=retreating action=idle target=- reason='retreating, waiting for hp' status=success (repeat)
2026-09-24 14:51:05.807  INFO   session     Entity shadow: vision=18 {'npc': 3, 'player': 15} memory=58 {'player': 56, 'npc': 2} paired=17 median=0.026
2026-09-24 14:51:10.807  INFO   session     Entity shadow: vision=22 {'player': 19, 'npc': 2, 'monster': 1} memory=56 {'player': 54, 'npc': 2} paired=21 median=0.025
2026-09-24 14:51:13.226  INFO   decision    mode=retreating behavior=retreating action=idle target=- reason='retreating, waiting for hp' status=success (repeat)
2026-09-24 14:51:15.956  INFO   session     Entity shadow: vision=23 {'player': 19, 'npc': 2, 'monster': 2} memory=58 {'player': 56, 'npc': 2} paired=20 median=0.025
2026-09-24 14:51:21.026  INFO   session     Entity shadow: vision=23 {'player': 19, 'npc': 2, 'monster': 2} memory=57 {'player': 55, 'npc': 2} paired=20 median=0.024
2026-09-24 14:51:25.730  INFO   decision    mode=retreating behavior=retreating action=idle target=- reason='retreating, waiting for hp' status=success (repeat)
2026-09-24 14:51:26.087  INFO   session     Entity shadow: vision=0 {} memory=55 {'player': 53, 'npc': 2} paired=0 median=0.000
2026-09-24 14:51:31.194  INFO   session     Entity shadow: vision=0 {} memory=52 {'player': 50, 'npc': 2} paired=0 median=0.000
2026-09-24 14:51:35.123  INFO   decision    mode=retreating behavior=retreating action=idle target=- reason='retreating, waiting for hp' status=success (repeat)
2026-09-24 14:51:36.337  INFO   session     Entity shadow: vision=0 {} memory=55 {'player': 52, 'npc': 2, 'monster': 1} paired=0 median=0.000 unleveled=10:警衛
2026-09-24 14:51:41.368  INFO   session     Entity shadow: vision=0 {} memory=55 {'player': 53, 'npc': 2} paired=0 median=0.000
2026-09-24 14:51:44.253  INFO   decision    mode=retreating behavior=retreating action=idle target=- reason='retreating, waiting for hp' status=success (repeat)
2026-09-24 14:51:46.523  INFO   session     Entity shadow: vision=0 {} memory=53 {'player': 51, 'npc': 2} paired=0 median=0.000
2026-09-24 14:51:48.189  INFO   session     Stop → Stopped (정지 — 게임 창이 닫혔습니다.)
2026-09-24 14:51:48.291  INFO   session     Bot worker exited
