2026-09-29 22:38:25.148  INFO   session     Loading Manmabot from D:\KRR\1.LCBot\ManmabotV1_final\engine
2026-09-29 22:38:25.180  INFO   session     Session log D:\KRR\1.LCBot\ManmabotV1_final\engine\logs\bot-20260929-223825.log
2026-09-29 22:38:25.194  INFO   session     character=elf loot=adena_only game_lang=ko map=talking_island farms=['area_1', 'area_3'] file=D:\KRR\1.LCBot\ManmabotV1_final\engine\logs\bot-20260929-223825.log
2026-09-29 22:38:25.608  INFO   nav         building portal graph (cluster=32, 512x576)
2026-09-29 22:38:26.331  INFO   nav         portal graph: 189 components, 651 ms
2026-09-29 22:38:26.635  INFO   nav         farms=2 safe=11 home=(385, 246) (files farm=D:\KRR\1.LCBot\ManmabotV1_final\engine\maps\talking_island\farms.yaml safe=D:\KRR\1.LCBot\ManmabotV1_final\engine\maps\talking_island\safe.yaml home=D:\KRR\1.LCBot\ManmabotV1_final\engine\maps\talking_island\home.yaml)
2026-09-29 22:38:27.010  INFO   capture     mss window capture process='LC.exe' title=None content_aspect=4:3
2026-09-29 22:38:27.793  INFO   session     Entity clicks use memory names, species, and world cells. Image recognition still runs. Set memory.entity_source to vision to restore image-only clicks.
2026-09-29 22:38:27.860  INFO   session     Player memory is read in this process (realtime_monitor.dll, offsets.json). No separate console.
2026-09-29 22:38:28.128  INFO   session     인벤토리 수신 시작 · inv.json 시드 · hp=42 화살=9151 은화살=0 해독=0 (백그라운드 실시간 스캔)
2026-09-29 22:38:28.223  INFO   session     메모리에서 핫바 24칸을 읽는 중…
2026-09-29 22:38:28.945  INFO   session     핫바 스캔 완료 · 파워 업@box1/f5, 아머 업@box1/f6, 라이트@box1/f7, 힐@box1/f8, HP 물약@box2/f9, 텔레포트@box1/f10, 마법 공격@box1/f12, 말하는 두루마리@box2/f5, 마더 트리@box2/f6, HP를 MP로@box2/f7
2026-09-29 22:38:29.143  INFO   session     매핑되지 않은 핫바 아이콘: box1/f8:SPELL, box1/f11:아데나, box1/f12:화살, box2/f10:상쾌한 빨간 물약, box2/f12:속도향상 물약, box3/f10:SPELL
2026-09-29 22:38:29.541  INFO   session     루프 준비 · 요정 · 한국어 · 맵=말하는 섬 · 룻=아데나만 · 구역=구역 1, 구역 3
2026-09-29 22:38:30.550  INFO   session     Entity shadow: vision=26 {'item': 1, 'npc': 3, 'player': 21, 'monster': 1} memory=27 {'player': 23, 'monster': 1, 'item': 1, 'npc': 2} paired=23 median=0.017 unleveled=68:警衛
2026-09-29 22:38:30.695  INFO   session     인벤토리 수신 준비 (dll) · hp=42 화살=9129 은화살=0 해독=0
2026-09-29 22:38:30.864  INFO   nav         talking scroll emit spot=ti_general_goods purpose=shop reason=go to shop (sell_garbage_ch)
2026-09-29 22:38:31.133  INFO   shop        shop scrolled behavior=sell_garbage_ch retry=0
2026-09-29 22:38:31.164  INFO   decision    mode=farming goal=talking_scroll action=use_talking_scroll target=- sticky=- origin=(376,254) shop=1 scrolled=1 reason='go to shop (sell_garbage_ch)' status=success
2026-09-29 22:38:35.869  INFO   session     Entity shadow: vision=17 {'player': 14, 'item': 1, 'npc': 2} memory=37 {'player': 34, 'item': 1, 'npc': 2} paired=17 median=0.024
2026-09-29 22:38:36.381  INFO   shop        at shop — stop behavior=sell_garbage_ch
2026-09-29 22:38:37.003  INFO   decision    mode=farming goal=shop action=shop_stop target=- sticky=- origin=(386,245) shop=1 scrolled=1 reason='stop at shop' status=success
2026-09-29 22:38:37.902  INFO   shop        open shop UI behavior=sell_garbage_ch
2026-09-29 22:38:38.074  INFO   decision    mode=farming goal=shop action=shop_buy_arrows target=- sticky=- origin=(386,245) shop=1 scrolled=1 reason='shop:sell_garbage_ch' status=success
2026-09-29 22:38:42.377  INFO   session     Entity shadow: vision=18 {'player': 14, 'npc': 3, 'item': 1} memory=35 {'item': 1, 'npc': 2, 'player': 32} paired=17 median=0.023
2026-09-29 22:38:43.294  INFO   nav         talking scroll emit spot=giran_weapon purpose=shop reason=go to shop (sell_garbage_weapon_ch)
2026-09-29 22:38:44.072  INFO   shop        shop scrolled behavior=sell_garbage_weapon_ch retry=0
2026-09-29 22:38:44.112  INFO   decision    mode=farming goal=talking_scroll action=use_talking_scroll target=- sticky=- origin=(386,245) shop=1 scrolled=1 reason='go to shop (sell_garbage_weapon_ch)' status=success
2026-09-29 22:38:48.166  INFO   nav         async nav configure start map=mainland
2026-09-29 22:38:48.920  INFO   session     일시정지 — 단축키
2026-09-29 22:38:48.991  INFO   session     Entity shadow: vision=22 {'player': 21, 'npc': 1} memory=40 {'npc': 5, 'player': 35} paired=21 median=0.028
2026-09-29 22:38:49.563  INFO   nav         building portal graph (cluster=32, 1755x1414)
2026-09-29 22:38:57.685  INFO   nav         portal graph: 2586 components, 8073 ms
2026-09-29 22:38:58.151  INFO   session     정지 → 중지됨
2026-09-29 22:38:58.152  INFO   nav         farms=6 safe=0 home=None (files farm=D:\KRR\1.LCBot\ManmabotV1_final\engine\maps\mainland\farms.yaml safe=D:\KRR\1.LCBot\ManmabotV1_final\engine\maps\mainland\safe.yaml home=D:\KRR\1.LCBot\ManmabotV1_final\engine\maps\mainland\home.yaml)
