2026-09-21 00:55:17.155  INFO   session     Loading Manmabot from D:\ManmabotV1\engine
2026-09-21 00:55:17.158  INFO   session     Session log D:\ManmabotV1\engine\logs\bot-20260921-005517.log
2026-09-21 00:55:17.159  INFO   session     character=elf loot=all_items game_lang=ko map=talking_island farms=['area_1', 'area_2', 'area_3', 'area_4'] file=D:\ManmabotV1\engine\logs\bot-20260921-005517.log
2026-09-21 00:55:17.233  INFO   session     Auto-pause (not_focused)
2026-09-21 00:55:17.400  INFO   nav         building portal graph (cluster=32, 479x511)
2026-09-21 00:55:17.679  INFO   nav         portal graph: 188 components, 279 ms
2026-09-21 00:55:17.687  INFO   nav         farms=4 safe=11 home=(354, 203) (files farm=D:\ManmabotV1\engine\maps\talking_island\farms.yaml safe=D:\ManmabotV1\engine\maps\talking_island\safe.yaml home=D:\ManmabotV1\engine\maps\talking_island\home.yaml)
2026-09-21 00:55:17.995  INFO   capture     mss window capture process='LC.exe' title=None content_aspect=4:3
2026-09-21 00:55:18.401  INFO   session     Memory monitor connected
2026-09-21 00:55:18.404  INFO   session     Scanning hotbar (skill boxes 1–3)…
2026-09-21 00:55:23.132  INFO   session     Hotbar scan done · talking_scroll@box2/f8
2026-09-21 00:55:23.147  INFO   session     Potion restock armed · no hp_potion on hotbar
2026-09-21 00:55:23.151  INFO   session     Loop ready · elf · ko · map=talking_island · loot=all_items · farms=['area_1', 'area_2', 'area_3', 'area_4']
2026-09-21 00:55:26.060  INFO   session     Auto-resume → Running
2026-09-21 00:55:27.274  INFO   decision    mode=farming behavior=talking_scroll action=use_talking_scroll target=- reason='go to shop (buy_hp_potions)' status=success
2026-09-21 00:55:27.941  INFO   session     Auto-pause (cursor_outside)
2026-09-21 00:55:28.204  INFO   session     Auto-resume → Running
2026-09-21 00:55:28.469  INFO   session     Auto-pause (cursor_outside)
2026-09-21 00:55:28.739  INFO   session     Auto-resume → Running
2026-09-21 00:55:28.803  INFO   nav         async nav configure start map=mainland
2026-09-21 00:55:29.006  INFO   session     Auto-pause (cursor_outside)
2026-09-21 00:55:29.325  INFO   session     Auto-resume → Running
2026-09-21 00:55:29.602  INFO   session     Auto-pause (cursor_outside)
2026-09-21 00:55:30.059  INFO   nav         building portal graph (cluster=32, 1755x1414)
2026-09-21 00:55:33.482  INFO   nav         portal graph: 2586 components, 3423 ms
2026-09-21 00:55:33.485  INFO   nav         farms=6 safe=0 home=None (files farm=D:\ManmabotV1\engine\maps\mainland\farms.yaml safe=D:\ManmabotV1\engine\maps\mainland\safe.yaml home=D:\ManmabotV1\engine\maps\mainland\home.yaml)
2026-09-21 00:55:33.485  INFO   nav         async nav configure done map=mainland (4682 ms)
2026-09-21 00:55:39.581  INFO   session     Auto-resume → Running
2026-09-21 00:55:40.509  INFO   decision    mode=traveling behavior=traveling action=traveling target=- reason='unstick' status=success
2026-09-21 00:55:40.551  INFO   session     Paused — hotkey
2026-09-21 00:55:44.965  INFO   session     Resume → Running
2026-09-21 00:56:09.869  INFO   decision    mode=traveling behavior=traveling action=traveling target=- reason='walk to shop (buy_hp_potions)' status=success (repeat)
2026-09-21 00:56:17.072  INFO   session     Paused — hotkey
2026-09-21 00:56:23.955  INFO   session     Resume → Running
2026-09-21 00:56:24.176  INFO   session     Auto-pause (cursor_outside)
2026-09-21 00:56:24.443  INFO   session     Auto-resume → Running
2026-09-21 00:56:25.103  INFO   session     Paused — hotkey
2026-09-21 00:57:11.938  INFO   session     Hotkey resume → Running
2026-09-21 00:57:21.863  INFO   decision    mode=traveling behavior=traveling action=traveling target=- reason='unstick' status=success (repeat)
2026-09-21 00:57:39.794  INFO   decision    mode=traveling behavior=traveling action=traveling target=- reason='walk to shop (buy_hp_potions)' status=success (repeat)
2026-09-21 00:57:42.743  INFO   session     Paused — hotkey
2026-09-21 00:57:48.279  INFO   session     Stop → Stopped
2026-09-21 00:57:54.440  INFO   session     Bot worker exited
