2026-09-24 00:22:29.373  INFO   session     Loading Manmabot from D:\Work\Lineage\ManmabotV1_final\engine
2026-09-24 00:22:29.376  INFO   session     Session log D:\Work\Lineage\ManmabotV1_final\engine\logs\bot-20260924-002229.log
2026-09-24 00:22:29.376  INFO   session     character=elf loot=all_items game_lang=ko map=talking_island farms=['area_3', 'area_2'] file=D:\Work\Lineage\ManmabotV1_final\engine\logs\bot-20260924-002229.log
2026-09-24 00:22:29.432  INFO   nav         building portal graph (cluster=32, 479x511)
2026-09-24 00:22:29.681  INFO   nav         portal graph: 188 components, 250 ms
2026-09-24 00:22:29.687  INFO   nav         farms=2 safe=11 home=(354, 203) (files farm=D:\Work\Lineage\ManmabotV1_final\engine\maps\talking_island\farms.yaml safe=D:\Work\Lineage\ManmabotV1_final\engine\maps\talking_island\safe.yaml home=D:\Work\Lineage\ManmabotV1_final\engine\maps\talking_island\home.yaml)
2026-09-24 00:22:29.704  INFO   capture     mss window capture process='LC.exe' title=None content_aspect=4:3
2026-09-24 00:22:30.003  INFO   session     Entity clicks use memory names, species, and world cells. Image recognition still runs. Set memory.entity_source to vision to restore image-only clicks.
2026-09-24 00:22:30.011  INFO   session     Player memory is read in this process (realtime_monitor.dll, offsets.json). No separate console.
2026-09-24 00:22:30.016  INFO   session     Inventory listen scanning in background (build inventory_listen.dll or place inv.json).
2026-09-24 00:22:30.022  INFO   session     Reading hotbar from memory (24 slots)…
2026-09-24 00:22:30.101  INFO   session     Hotbar scan done · hp_potion@box1/f5, talking_scroll@box1/f8
2026-09-24 00:22:30.106  INFO   session     Unmapped hotbar icons: box1/f6:+0 화살 (2,483), box1/f7:아데나 (573), box1/f12:상쾌한 초록 물약
2026-09-24 00:22:30.113  INFO   session     Loop ready · elf · ko · map=talking_island · loot=all_items · farms=['area_3', 'area_2']
2026-09-24 00:22:30.457  INFO   session     Entity shadow: vision=6 {'player': 4, 'monster': 1, 'npc': 1} memory=8 {'monster': 3, 'player': 4, 'npc': 1} paired=4 median=0.058 unleveled=10:警衛
2026-09-24 00:22:30.493  INFO   session     Inventory listen ready (dll) · hp=9 arrows=2483 silver=5 depoison=0
2026-09-24 00:22:30.517  INFO   decision    mode=farming behavior=combat action=attack target=3 reason='engage target' status=success
2026-09-24 00:22:34.760  INFO   decision    mode=farming behavior=loot action=searching target=11 reason='walk onto item' status=success
2026-09-24 00:22:35.590  INFO   session     Entity shadow: vision=7 {'player': 5, 'npc': 1, 'item': 1} memory=6 {'player': 3, 'item': 1, 'monster': 1, 'npc': 1} paired=4 median=0.032 unleveled=10:警衛
2026-09-24 00:22:40.720  INFO   session     Entity shadow: vision=2 {'player': 2} memory=3 {'player': 2, 'monster': 1} paired=1 median=0.043
2026-09-24 00:22:45.767  INFO   session     Entity shadow: vision=4 {'monster': 1, 'player': 2, 'item': 1} memory=3 {'player': 2, 'item': 1} paired=3 median=0.037
2026-09-24 00:22:46.405  INFO   decision    mode=farming behavior=loot action=searching target=14 reason='walk onto item' status=success
2026-09-24 00:22:50.905  INFO   session     Entity shadow: vision=4 {'item': 1, 'player': 1, 'monster': 2} memory=3 {'player': 2, 'item': 1} paired=2 median=0.017
2026-09-24 00:22:56.091  INFO   session     Entity shadow: vision=4 {'player': 4} memory=4 {'monster': 1, 'player': 3} paired=3 median=0.049
2026-09-24 00:22:56.132  INFO   decision    mode=farming behavior=loot action=searching target=15 reason='walk onto item' status=success
2026-09-24 00:23:01.094  INFO   session     Entity shadow: vision=3 {'player': 2, 'monster': 1} memory=3 {'player': 2, 'monster': 1} paired=2 median=0.034
2026-09-24 00:23:02.243  INFO   decision    mode=farming behavior=combat action=attack target=18 reason='engage target' status=success
2026-09-24 00:23:02.989  INFO   decision    mode=farming behavior=loot action=searching target=19 reason='walk onto item' status=success
2026-09-24 00:23:06.220  INFO   session     Entity shadow: vision=3 {'player': 1, 'item': 1, 'monster': 1} memory=3 {'monster': 2, 'item': 1} paired=2 median=0.022 unleveled=14:青蛙
2026-09-24 00:23:08.558  INFO   decision    mode=farming behavior=loot action=pickup target=19 reason='loot target' status=success
2026-09-24 00:23:11.365  INFO   session     Entity shadow: vision=5 {'player': 1, 'monster': 4} memory=6 {'monster': 6} paired=4 median=0.053
2026-09-24 00:23:11.649  INFO   decision    mode=farming behavior=combat action=attack target=22 reason='engage target' status=success
2026-09-24 00:23:16.293  INFO   decision    mode=farming behavior=loot action=pickup target=19 reason='engage item' status=success
2026-09-24 00:23:16.556  INFO   session     Entity shadow: vision=5 {'monster': 4, 'player': 1} memory=5 {'monster': 4, 'item': 1} paired=3 median=0.016 unleveled=14:青蛙
2026-09-24 00:23:17.307  INFO   decision    mode=farming behavior=loot action=searching target=26 reason='walk onto item' status=success
2026-09-24 00:23:21.751  INFO   session     Entity shadow: vision=5 {'monster': 4, 'item': 1} memory=5 {'item': 1, 'player': 1, 'monster': 3} paired=3 median=0.028 unleveled=14:青蛙
2026-09-24 00:23:23.743  INFO   decision    mode=farming behavior=combat action=attack target=27 reason='engage target' status=success
2026-09-24 00:23:24.718  INFO   decision    mode=farming behavior=loot action=searching target=29 reason='walk onto item' status=success
2026-09-24 00:23:26.871  INFO   session     Entity shadow: vision=4 {'player': 2, 'item': 1, 'monster': 1} memory=4 {'monster': 2, 'item': 1, 'player': 1} paired=2 median=0.062
2026-09-24 00:23:31.531  INFO   decision    mode=farming behavior=loot action=searching target=32 reason='walk onto item' status=success
2026-09-24 00:23:32.070  INFO   session     Entity shadow: vision=4 {'player': 2, 'monster': 1, 'item': 1} memory=5 {'player': 1, 'monster': 3, 'item': 1} paired=3 median=0.022
2026-09-24 00:23:36.875  INFO   decision    mode=farming behavior=loot action=searching target=33 reason='walk onto item' status=success
2026-09-24 00:23:37.101  INFO   session     Entity shadow: vision=2 {'monster': 1, 'player': 1} memory=2 {'monster': 2} paired=1 median=0.046 unleveled=14:青蛙
2026-09-24 00:23:40.680  INFO   decision    mode=farming behavior=loot action=searching target=39 reason='walk onto item' status=success
2026-09-24 00:23:42.288  INFO   session     Entity shadow: vision=2 {'item': 1, 'player': 1} memory=2 {'player': 1, 'item': 1} paired=2 median=0.073
2026-09-24 00:23:46.000  INFO   decision    mode=farming behavior=loot action=pickup target=39 reason='loot target' status=success
2026-09-24 00:23:47.408  INFO   session     Entity shadow: vision=2 {'player': 2} memory=1 {'item': 1} paired=0 median=0.000
2026-09-24 00:23:52.612  INFO   session     Entity shadow: vision=1 {'player': 1} memory=0 {} paired=0 median=0.000
2026-09-24 00:23:55.311  INFO   decision    mode=traveling behavior=traveling action=traveling target=- reason='enter farm area' status=success
2026-09-24 00:23:57.774  INFO   session     Entity shadow: vision=1 {'player': 1} memory=0 {} paired=0 median=0.000
2026-09-24 00:24:02.899  INFO   session     Entity shadow: vision=1 {'player': 1} memory=1 {'monster': 1} paired=0 median=0.000 unleveled=14:青蛙
2026-09-24 00:24:03.999  INFO   decision    mode=traveling behavior=traveling action=traveling target=- reason='enter farm area' status=success (repeat)
2026-09-24 00:24:08.027  INFO   session     Entity shadow: vision=4 {'player': 1, 'monster': 2, 'npc': 1} memory=4 {'monster': 4} paired=2 median=0.031 unleveled=68:警衛,14:青蛙
2026-09-24 00:24:09.182  INFO   decision    mode=traveling behavior=combat action=attack target=42 reason='engage target' status=success
2026-09-24 00:24:13.057  INFO   session     Entity shadow: vision=6 {'monster': 3, 'player': 2, 'npc': 1} memory=6 {'monster': 6} paired=3 median=0.018 unleveled=68:警衛,14:青蛙
2026-09-24 00:24:14.194  INFO   session     Stop → Stopped (정지 — 게임 창이 닫혔습니다.)
2026-09-24 00:24:14.335  INFO   session     Bot worker exited
