2026-09-17 22:34:21.740  INFO   session     Loading Manmabot from D:\Production\Manma\ManmabotV1(with autologin)1\engine
2026-09-17 22:34:21.741  INFO   session     Session log D:\Production\Manma\ManmabotV1(with autologin)1\engine\logs\bot-20260917-223421.log
2026-09-17 22:34:21.741  INFO   session     character=elf loot=all_items game_lang=ko map=talking_island farms=['area_1', 'area_2', 'area_3', 'area_4'] file=D:\Production\Manma\ManmabotV1(with autologin)1\engine\logs\bot-20260917-223421.log
2026-09-17 22:34:21.821  INFO   session     Auto-pause (cursor_outside)
2026-09-17 22:34:21.846  INFO   nav         building portal graph (cluster=32, 479x511)
2026-09-17 22:34:22.005  INFO   nav         portal graph: 188 components, 158 ms
2026-09-17 22:34:22.037  INFO   nav         farms=4 safe=11 home=(354, 203) (files farm=D:\Production\Manma\ManmabotV1(with autologin)1\engine\maps\talking_island\farms.yaml safe=D:\Production\Manma\ManmabotV1(with autologin)1\engine\maps\talking_island\safe.yaml home=D:\Production\Manma\ManmabotV1(with autologin)1\engine\maps\talking_island\home.yaml)
2026-09-17 22:34:22.037  INFO   capture     mss window capture process='LC.exe' title=None content_aspect=4:3
2026-09-17 22:34:22.087  INFO   session     Auto-resume → Running
2026-09-17 22:34:22.290  INFO   session     Memory monitor connected
2026-09-17 22:34:22.293  INFO   session     Scanning hotbar (skill boxes 1–3)…
2026-09-17 22:34:22.353  INFO   session     Auto-pause (cursor_outside)
2026-09-17 22:34:22.622  INFO   session     Auto-resume → Running
2026-09-17 22:34:22.882  INFO   session     Auto-pause (cursor_outside)
2026-09-17 22:34:23.139  INFO   session     Auto-resume → Running
2026-09-17 22:34:23.399  INFO   session     Auto-pause (cursor_outside)
2026-09-17 22:34:23.671  INFO   session     Auto-resume → Running
2026-09-17 22:34:23.936  INFO   session     Auto-pause (cursor_outside)
2026-09-17 22:34:24.204  INFO   session     Auto-resume → Running
2026-09-17 22:34:24.471  INFO   session     Auto-pause (cursor_outside)
2026-09-17 22:34:24.746  INFO   session     Auto-resume → Running
2026-09-17 22:34:25.021  INFO   session     Auto-pause (cursor_outside)
2026-09-17 22:34:25.288  INFO   session     Auto-resume → Running
2026-09-17 22:34:25.558  INFO   session     Auto-pause (cursor_outside)
2026-09-17 22:34:25.822  INFO   session     Auto-resume → Running
2026-09-17 22:34:26.024  INFO   session     Hotbar scan done · no mapped roles
2026-09-17 22:34:26.025  INFO   session     Loop ready · elf · ko · map=talking_island · loot=all_items · farms=['area_1', 'area_2', 'area_3', 'area_4']
2026-09-17 22:34:26.089  INFO   session     Auto-pause (cursor_outside)
2026-09-17 22:34:26.358  INFO   session     Auto-resume → Running
2026-09-17 22:34:26.492  INFO   decision    mode=traveling behavior=traveling action=idle target=- reason='enter farm, path blocked' status=success
2026-09-17 22:34:26.711  INFO   decision    mode=traveling behavior=enter_farm action=idle target=- reason='enter farm, path blocked' status=success
2026-09-17 22:34:30.111  INFO   session     Auto-pause (cursor_outside)
2026-09-17 22:34:30.369  INFO   session     Auto-resume → Running
2026-09-17 22:34:30.636  INFO   session     Auto-pause (cursor_outside)
2026-09-17 22:34:33.278  INFO   session     Auto-resume → Running
2026-09-17 22:34:34.097  INFO   decision    mode=traveling behavior=enter_farm action=idle target=- reason='enter farm, path blocked' status=success (repeat)
2026-09-17 22:34:38.140  INFO   decision    mode=traveling behavior=enter_farm action=idle target=- reason='enter farm, path blocked' status=success (repeat)
2026-09-17 22:34:42.140  INFO   decision    mode=traveling behavior=enter_farm action=idle target=- reason='enter farm, path blocked' status=success (repeat)
2026-09-17 22:34:46.077  INFO   decision    mode=traveling behavior=enter_farm action=idle target=- reason='enter farm, path blocked' status=success (repeat)
2026-09-17 22:34:46.418  INFO   session     Auto-pause (cursor_outside)
2026-09-17 22:34:46.679  INFO   session     Auto-resume → Running
2026-09-17 22:34:46.942  INFO   session     Auto-pause (cursor_outside)
2026-09-17 22:34:47.211  INFO   session     Auto-resume → Running
2026-09-17 22:34:47.471  INFO   session     Auto-pause (cursor_outside)
2026-09-17 22:34:47.735  INFO   session     Auto-resume → Running
2026-09-17 22:34:47.996  INFO   session     Auto-pause (not_focused)
2026-09-17 22:35:25.485  INFO   session     Stop → Stopped
