2026-09-24 15:38:37.645  INFO   session     Loading Manmabot from D:\Work\Lineage\ManmabotV1_final\engine
2026-09-24 15:38:37.648  INFO   session     Session log D:\Work\Lineage\ManmabotV1_final\engine\logs\bot-20260924-153837.log
2026-09-24 15:38:37.648  INFO   session     character=elf loot=all_items game_lang=ko map=talking_island farms=['area_3', 'area_2', 'area_1'] file=D:\Work\Lineage\ManmabotV1_final\engine\logs\bot-20260924-153837.log
2026-09-24 15:38:37.883  INFO   nav         building portal graph (cluster=32, 479x511)
2026-09-24 15:38:38.136  INFO   nav         portal graph: 188 components, 252 ms
2026-09-24 15:38:38.171  INFO   nav         farms=3 safe=11 home=(354, 203) (files farm=D:\Work\Lineage\ManmabotV1_final\engine\maps\talking_island\farms.yaml safe=D:\Work\Lineage\ManmabotV1_final\engine\maps\talking_island\safe.yaml home=D:\Work\Lineage\ManmabotV1_final\engine\maps\talking_island\home.yaml)
2026-09-24 15:38:38.503  INFO   capture     mss window capture process='LC.exe' title=None content_aspect=4:3
2026-09-24 15:38:38.860  INFO   session     Entity clicks use memory names, species, and world cells. Image recognition still runs. Set memory.entity_source to vision to restore image-only clicks.
2026-09-24 15:38:38.867  INFO   session     Player memory is read in this process (realtime_monitor.dll, offsets.json). No separate console.
2026-09-24 15:38:38.873  INFO   session     Inventory listen scanning in background (build inventory_listen.dll or place inv.json).
2026-09-24 15:38:38.878  INFO   session     Reading hotbar from memory (24 slots)…
2026-09-24 15:38:38.985  INFO   session     Hotbar scan done · hp_potion@box1/f5, talking_scroll@box1/f8
2026-09-24 15:38:38.990  INFO   session     Unmapped hotbar icons: box1/f6:+0 화살 (2,164), box1/f7:아데나 (732), box1/f12:상쾌한 초록 물약
2026-09-24 15:38:39.008  INFO   session     Loop ready · elf · ko · map=talking_island · loot=all_items · farms=['area_3', 'area_2', 'area_1']
2026-09-24 15:38:39.461  INFO   session     Entity shadow: vision=2 {'monster': 1, 'player': 1} memory=2 {'monster': 2} paired=1 median=0.016
2026-09-24 15:38:39.525  INFO   session     Inventory listen ready (dll) · hp=6 arrows=2164 silver=5 depoison=0
2026-09-24 15:38:39.560  INFO   decision    mode=farming behavior=combat action=attack target=2 reason='engage target' status=success
2026-09-24 15:38:41.611  INFO   decision    mode=farming behavior=loot action=searching target=3 reason='walk onto item' status=success
2026-09-24 15:38:44.646  INFO   session     Entity shadow: vision=2 {'player': 1, 'item': 1} memory=3 {'monster': 2, 'item': 1} paired=1 median=0.010 unleveled=189:鹿,208:兔子
2026-09-24 15:38:46.656  INFO   decision    mode=farming behavior=loot action=pickup target=3 reason='loot target' status=success
2026-09-24 15:38:46.945  INFO   decision    mode=traveling behavior=traveling action=traveling target=- reason='enter farm area' status=success
2026-09-24 15:38:47.618  INFO   decision    mode=traveling behavior=combat action=attack target=7 reason='engage target' status=success
2026-09-24 15:38:49.777  INFO   session     Entity shadow: vision=2 {'player': 1, 'monster': 1} memory=3 {'monster': 3} paired=1 median=0.016 unleveled=189:鹿,208:兔子
2026-09-24 15:38:51.721  INFO   decision    mode=traveling behavior=traveling action=traveling target=- reason='enter farm area' status=success
2026-09-24 15:38:54.875  INFO   session     Entity shadow: vision=2 {'player': 1, 'monster': 1} memory=1 {'monster': 1} paired=0 median=0.000 unleveled=189:鹿
2026-09-24 15:38:55.771  INFO   decision    mode=farming behavior=search action=searching target=- reason='search area' status=success
2026-09-24 15:38:59.955  INFO   session     Entity shadow: vision=1 {'player': 1} memory=0 {} paired=0 median=0.000
2026-09-24 15:39:02.620  INFO   decision    mode=farming behavior=combat action=attack target=9 reason='engage target' status=success
2026-09-24 15:39:05.004  INFO   session     Entity shadow: vision=2 {'monster': 2} memory=3 {'monster': 3} paired=2 median=0.034 unleveled=12:史萊姆
2026-09-24 15:39:05.758  INFO   decision    mode=farming behavior=loot action=searching target=11 reason='walk onto item' status=success
2026-09-24 15:39:10.045  INFO   session     Entity shadow: vision=3 {'player': 1, 'item': 1, 'monster': 1} memory=5 {'monster': 4, 'item': 1} paired=2 median=0.017 unleveled=211:兔子,208:兔子,12:史萊姆
2026-09-24 15:39:12.759  INFO   decision    mode=farming behavior=combat action=attack target=10 reason='engage target' status=success
2026-09-24 15:39:15.233  INFO   session     Entity shadow: vision=3 {'item': 1, 'player': 1, 'monster': 1} memory=5 {'monster': 4, 'item': 1} paired=2 median=0.120 unleveled=12:史萊姆,211:兔子,208:兔子
2026-09-24 15:39:15.484  INFO   decision    mode=farming behavior=loot action=pickup target=11 reason='engage item' status=success
2026-09-24 15:39:15.780  INFO   decision    mode=farming behavior=search action=searching target=- reason='search area' status=success
2026-09-24 15:39:20.322  INFO   session     Entity shadow: vision=1 {'player': 1} memory=3 {'monster': 3} paired=0 median=0.000 unleveled=208:兔子,211:兔子,12:史萊姆
2026-09-24 15:39:24.404  INFO   decision    mode=farming behavior=search action=searching target=- reason='search area' status=success (repeat)
2026-09-24 15:39:25.502  INFO   session     Entity shadow: vision=0 {} memory=5 {'monster': 5} paired=0 median=0.000 unleveled=210:兔子,208:兔子,211:兔子,207:兔子,12:史萊姆
2026-09-24 15:39:30.549  INFO   session     Entity shadow: vision=2 {'player': 1, 'monster': 1} memory=1 {'monster': 1} paired=0 median=0.000 unleveled=14:青蛙
2026-09-24 15:39:32.886  INFO   decision    mode=farming behavior=search action=searching target=- reason='search area' status=success (repeat)
2026-09-24 15:39:35.145  INFO   decision    mode=farming behavior=combat action=attack target=23 reason='engage target' status=success
2026-09-24 15:39:35.611  INFO   session     Entity shadow: vision=2 {'player': 1, 'monster': 1} memory=4 {'monster': 4} paired=0 median=0.000 unleveled=210:兔子,207:兔子
2026-09-24 15:39:37.378  INFO   decision    mode=farming behavior=loot action=searching target=24 reason='walk onto item' status=success
2026-09-24 15:39:40.707  INFO   session     Entity shadow: vision=3 {'player': 1, 'item': 1, 'monster': 1} memory=4 {'monster': 3, 'item': 1} paired=1 median=0.017 unleveled=210:兔子,207:兔子
2026-09-24 15:39:43.452  INFO   decision    mode=farming behavior=loot action=pickup target=24 reason='loot target' status=success
2026-09-24 15:39:43.695  INFO   decision    mode=farming behavior=search action=searching target=- reason='search area' status=success
2026-09-24 15:39:44.943  INFO   decision    mode=farming behavior=loot action=pickup target=24 reason='engage item' status=success
2026-09-24 15:39:45.212  INFO   decision    mode=farming behavior=search action=searching target=- reason='search area' status=success
2026-09-24 15:39:45.760  INFO   session     Entity shadow: vision=1 {'monster': 1} memory=4 {'monster': 4} paired=0 median=0.000 unleveled=12:史萊姆,210:兔子,207:兔子
2026-09-24 15:39:49.508  INFO   decision    mode=retreating behavior=talking_scroll action=use_talking_scroll target=- reason='retreat, 마법서 상인' status=success
2026-09-24 15:39:50.346  INFO   decision    mode=retreating behavior=retreating action=idle target=- reason='retreating, waiting for hp' status=success
2026-09-24 15:39:50.849  INFO   session     Entity shadow: vision=1 {'monster': 1} memory=4 {'monster': 4} paired=0 median=0.000 unleveled=12:史萊姆,210:兔子,207:兔子
2026-09-24 15:39:55.890  INFO   session     Entity shadow: vision=4 {'npc': 2, 'player': 1, 'monster': 1} memory=8 {'monster': 5, 'npc': 3} paired=1 median=0.039 unleveled=10:警衛,68:警衛
2026-09-24 15:39:59.049  INFO   decision    mode=retreating behavior=retreating action=idle target=- reason='retreating, waiting for hp' status=success (repeat)
2026-09-24 15:40:00.940  INFO   session     Entity shadow: vision=4 {'npc': 2, 'player': 1, 'monster': 1} memory=8 {'monster': 5, 'npc': 3} paired=1 median=0.039 unleveled=10:警衛,68:警衛
2026-09-24 15:40:06.030  INFO   session     Entity shadow: vision=3 {'npc': 2, 'player': 1} memory=7 {'monster': 4, 'npc': 3} paired=0 median=0.000 unleveled=10:警衛,68:警衛
2026-09-24 15:40:07.796  INFO   decision    mode=retreating behavior=retreating action=idle target=- reason='retreating, waiting for hp' status=success (repeat)
2026-09-24 15:40:11.147  INFO   session     Entity shadow: vision=4 {'monster': 1, 'npc': 2, 'player': 1} memory=8 {'player': 1, 'monster': 4, 'npc': 3} paired=1 median=0.015 unleveled=10:警衛,68:警衛
2026-09-24 15:40:16.158  INFO   decision    mode=retreating behavior=retreating action=idle target=- reason='retreating, waiting for hp' status=success (repeat)
2026-09-24 15:40:16.317  INFO   session     Entity shadow: vision=4 {'player': 1, 'monster': 1, 'npc': 2} memory=6 {'player': 1, 'npc': 3, 'monster': 2} paired=0 median=0.000 unleveled=10:警衛,68:警衛
2026-09-24 15:40:21.247  INFO   decision    mode=retreating behavior=loot action=searching target=43 reason='walk onto item' status=success
2026-09-24 15:40:21.497  INFO   session     Entity shadow: vision=4 {'npc': 2, 'player': 1, 'item': 1} memory=7 {'item': 1, 'player': 1, 'npc': 3, 'monster': 2} paired=1 median=0.025 unleveled=10:警衛,68:警衛
2026-09-24 15:40:25.583  INFO   decision    mode=retreating behavior=retreating action=idle target=- reason='retreating, waiting for hp' status=success
2026-09-24 15:40:26.617  INFO   session     Entity shadow: vision=5 {'item': 1, 'npc': 2, 'monster': 2} memory=9 {'monster': 4, 'player': 1, 'item': 1, 'npc': 3} paired=2 median=0.012 unleveled=10:警衛,68:警衛
2026-09-24 15:40:31.624  INFO   session     Entity shadow: vision=7 {'monster': 3, 'npc': 2, 'item': 2} memory=11 {'monster': 5, 'item': 2, 'player': 1, 'npc': 3} paired=4 median=0.022 unleveled=10:警衛,68:警衛
2026-09-24 15:40:34.672  INFO   decision    mode=retreating behavior=retreating action=idle target=- reason='retreating, waiting for hp' status=success (repeat)
2026-09-24 15:40:36.689  INFO   session     Entity shadow: vision=5 {'npc': 2, 'monster': 2, 'item': 1} memory=10 {'monster': 5, 'player': 1, 'item': 1, 'npc': 3} paired=2 median=0.004 unleveled=10:警衛,68:警衛
2026-09-24 15:40:41.874  INFO   session     Entity shadow: vision=5 {'monster': 2, 'npc': 2, 'item': 1} memory=11 {'monster': 6, 'player': 1, 'item': 1, 'npc': 3} paired=2 median=0.025 unleveled=10:警衛,68:警衛
2026-09-24 15:40:43.613  INFO   decision    mode=retreating behavior=retreating action=idle target=- reason='retreating, waiting for hp' status=success (repeat)
2026-09-24 15:40:47.149  INFO   session     Entity shadow: vision=4 {'monster': 1, 'npc': 2, 'item': 1} memory=10 {'monster': 5, 'player': 1, 'item': 1, 'npc': 3} paired=1 median=0.006 unleveled=10:警衛,68:警衛
2026-09-24 15:40:51.780  INFO   decision    mode=retreating behavior=retreating action=idle target=- reason='retreating, waiting for hp' status=success (repeat)
2026-09-24 15:40:52.226  INFO   session     Entity shadow: vision=4 {'monster': 2, 'npc': 2} memory=9 {'monster': 4, 'item': 1, 'player': 1, 'npc': 3} paired=1 median=0.033 unleveled=10:警衛,68:警衛
2026-09-24 15:40:55.965  INFO   decision    mode=retreating behavior=loot action=pickup target=54 reason='engage item' status=success
2026-09-24 15:40:56.219  INFO   decision    mode=retreating behavior=retreating action=idle target=- reason='retreating, waiting for hp' status=success
2026-09-24 15:40:57.293  INFO   session     Entity shadow: vision=5 {'item': 1, 'player': 1, 'monster': 1, 'npc': 2} memory=7 {'item': 1, 'player': 1, 'npc': 3, 'monster': 2} paired=2 median=0.021 unleveled=10:警衛,68:警衛
2026-09-24 15:40:57.314  INFO   decision    mode=retreating behavior=loot action=pickup target=54 reason='engage item' status=success
2026-09-24 15:40:57.570  INFO   decision    mode=retreating behavior=retreating action=idle target=- reason='retreating, waiting for hp' status=success
2026-09-24 15:41:02.444  INFO   session     Entity shadow: vision=4 {'npc': 2, 'monster': 1, 'player': 1} memory=6 {'player': 1, 'npc': 3, 'monster': 2} paired=1 median=0.031 unleveled=10:警衛,68:警衛
2026-09-24 15:41:05.421  INFO   decision    mode=retreating behavior=retreating action=idle target=- reason='retreating, waiting for hp' status=success (repeat)
2026-09-24 15:41:07.575  INFO   session     Entity shadow: vision=3 {'monster': 1, 'npc': 2} memory=5 {'npc': 3, 'monster': 2} paired=0 median=0.000 unleveled=10:警衛,68:警衛
2026-09-24 15:41:10.212  INFO   decision    mode=traveling behavior=traveling action=traveling target=- reason='return to farm after retreat' status=success
2026-09-24 15:41:15.003  INFO   session     Entity shadow: vision=3 {'item': 1, 'npc': 2} memory=6 {'item': 1, 'npc': 3, 'monster': 2} paired=1 median=0.007 unleveled=10:警衛,68:警衛
2026-09-24 15:41:15.055  INFO   decision    mode=traveling behavior=loot action=searching target=56 reason='walk onto item' status=success
2026-09-24 15:41:20.050  INFO   session     Entity shadow: vision=4 {'player': 1, 'npc': 2, 'item': 1} memory=6 {'monster': 2, 'item': 1, 'npc': 3} paired=2 median=0.090 unleveled=10:警衛
2026-09-24 15:41:24.373  INFO   decision    mode=traveling behavior=loot action=pickup target=56 reason='loot target' status=success
2026-09-24 15:41:24.652  INFO   decision    mode=traveling behavior=traveling action=traveling target=- reason='return to farm after retreat' status=success
2026-09-24 15:41:25.119  INFO   session     Entity shadow: vision=2 {'item': 1, 'player': 1} memory=4 {'player': 1, 'item': 1, 'npc': 2} paired=1 median=0.028
2026-09-24 15:41:25.879  INFO   decision    mode=traveling behavior=loot action=pickup target=56 reason='engage item' status=success
2026-09-24 15:41:26.125  INFO   decision    mode=traveling behavior=traveling action=traveling target=- reason='return to farm after retreat' status=success
2026-09-24 15:41:30.260  INFO   session     Entity shadow: vision=1 {'player': 1} memory=0 {} paired=0 median=0.000
2026-09-24 15:41:34.161  INFO   decision    mode=traveling behavior=traveling action=traveling target=- reason='return to farm after retreat' status=success (repeat)
2026-09-24 15:41:35.329  INFO   session     Entity shadow: vision=1 {'player': 1} memory=0 {} paired=0 median=0.000
2026-09-24 15:41:40.369  INFO   session     Entity shadow: vision=1 {'player': 1} memory=0 {} paired=0 median=0.000
2026-09-24 15:41:42.099  INFO   decision    mode=traveling behavior=traveling action=traveling target=- reason='return to farm after retreat' status=success (repeat)
2026-09-24 15:41:45.392  INFO   session     Entity shadow: vision=1 {'player': 1} memory=0 {} paired=0 median=0.000
2026-09-24 15:41:49.983  INFO   decision    mode=traveling behavior=traveling action=traveling target=- reason='return to farm after retreat' status=success (repeat)
2026-09-24 15:41:50.548  INFO   session     Entity shadow: vision=1 {'player': 1} memory=1 {'monster': 1} paired=0 median=0.000 unleveled=189:鹿
2026-09-24 15:41:52.916  INFO   decision    mode=traveling behavior=combat action=attack target=61 reason='engage target' status=success
2026-09-24 15:41:53.370  INFO   decision    mode=traveling behavior=traveling action=traveling target=- reason='return to farm after retreat' status=success
2026-09-24 15:41:53.814  INFO   decision    mode=traveling behavior=combat action=attack target=62 reason='engage target' status=success
2026-09-24 15:41:55.714  INFO   session     Entity shadow: vision=2 {'monster': 1, 'player': 1} memory=3 {'monster': 3} paired=1 median=0.025 unleveled=206:兔子,189:鹿
2026-09-24 15:41:57.078  INFO   decision    mode=traveling behavior=combat action=attack target=63 reason='engage target' status=success
2026-09-24 15:42:00.900  INFO   session     Entity shadow: vision=2 {'player': 1, 'monster': 1} memory=2 {'monster': 2} paired=1 median=0.020 unleveled=206:兔子
2026-09-24 15:42:05.953  INFO   session     Entity shadow: vision=3 {'monster': 1, 'player': 2} memory=2 {'monster': 2} paired=1 median=0.036 unleveled=206:兔子
2026-09-24 15:42:08.759  INFO   decision    mode=traveling behavior=combat action=attack target=63 reason='attack target' status=success (repeat)
2026-09-24 15:42:09.929  INFO   decision    mode=traveling behavior=loot action=searching target=64 reason='walk onto item' status=success
2026-09-24 15:42:10.938  INFO   session     Entity shadow: vision=2 {'player': 1, 'monster': 1} memory=2 {'monster': 1, 'item': 1} paired=0 median=0.000 unleveled=206:兔子
2026-09-24 15:42:14.855  INFO   decision    mode=traveling behavior=loot action=pickup target=64 reason='loot target' status=success
2026-09-24 15:42:15.142  INFO   decision    mode=traveling behavior=traveling action=traveling target=- reason='return to farm after retreat' status=success
2026-09-24 15:42:15.871  INFO   decision    mode=traveling behavior=combat action=attack target=61 reason='engage target' status=success
2026-09-24 15:42:16.347  INFO   session     Entity shadow: vision=2 {'player': 1, 'item': 1} memory=2 {'monster': 1, 'item': 1} paired=1 median=0.001 unleveled=189:鹿
2026-09-24 15:42:16.385  INFO   decision    mode=traveling behavior=traveling action=traveling target=- reason='return to farm after retreat' status=success
2026-09-24 15:42:16.782  INFO   decision    mode=traveling behavior=loot action=pickup target=64 reason='engage item' status=success
2026-09-24 15:42:17.066  INFO   decision    mode=traveling behavior=traveling action=traveling target=- reason='return to farm after retreat' status=success
2026-09-24 15:42:18.272  INFO   decision    mode=traveling behavior=loot action=searching target=64 reason='walk onto item' status=success
2026-09-24 15:42:19.858  INFO   decision    mode=traveling behavior=loot action=pickup target=64 reason='loot target' status=success
2026-09-24 15:42:20.122  INFO   decision    mode=traveling behavior=traveling action=traveling target=- reason='return to farm after retreat' status=success
2026-09-24 15:42:21.279  INFO   decision    mode=traveling behavior=loot action=pickup target=64 reason='engage item' status=success
2026-09-24 15:42:21.558  INFO   session     Entity shadow: vision=2 {'player': 1, 'item': 1} memory=2 {'monster': 1, 'item': 1} paired=1 median=0.013 unleveled=189:鹿
2026-09-24 15:42:21.581  INFO   decision    mode=traveling behavior=traveling action=traveling target=- reason='return to farm after retreat' status=success
2026-09-24 15:42:22.794  INFO   decision    mode=traveling behavior=loot action=pickup target=64 reason='engage item' status=success
2026-09-24 15:42:23.062  INFO   decision    mode=traveling behavior=traveling action=traveling target=- reason='return to farm after retreat' status=success
2026-09-24 15:42:24.309  INFO   decision    mode=traveling behavior=loot action=pickup target=64 reason='engage item' status=success
2026-09-24 15:42:24.550  INFO   decision    mode=traveling behavior=traveling action=traveling target=- reason='return to farm after retreat' status=success
2026-09-24 15:42:25.769  INFO   decision    mode=traveling behavior=loot action=searching target=64 reason='walk onto item' status=success
2026-09-24 15:42:26.614  INFO   session     Entity shadow: vision=3 {'player': 2, 'item': 1} memory=3 {'player': 1, 'monster': 1, 'item': 1} paired=2 median=0.031 unleveled=189:鹿
2026-09-24 15:42:29.004  INFO   decision    mode=traveling behavior=combat action=attack target=68 reason='engage target' status=success
2026-09-24 15:42:31.787  INFO   session     Entity shadow: vision=3 {'item': 1, 'player': 2} memory=4 {'item': 2, 'monster': 1, 'player': 1} paired=2 median=0.038
2026-09-24 15:42:32.089  INFO   decision    mode=traveling behavior=loot action=pickup target=69 reason='engage item' status=success
2026-09-24 15:42:32.377  INFO   decision    mode=traveling behavior=loot action=pickup target=64 reason='engage item' status=success
2026-09-24 15:42:32.668  INFO   decision    mode=traveling behavior=traveling action=traveling target=- reason='return to farm after retreat' status=success
2026-09-24 15:42:33.714  INFO   decision    mode=traveling behavior=loot action=pickup target=69 reason='engage item' status=success
2026-09-24 15:42:33.988  INFO   decision    mode=traveling behavior=loot action=pickup target=64 reason='engage item' status=success
2026-09-24 15:42:34.255  INFO   decision    mode=traveling behavior=traveling action=traveling target=- reason='return to farm after retreat' status=success
2026-09-24 15:42:35.411  INFO   decision    mode=traveling behavior=loot action=pickup target=64 reason='engage item' status=success
2026-09-24 15:42:35.679  INFO   decision    mode=traveling behavior=traveling action=traveling target=- reason='return to farm after retreat' status=success
2026-09-24 15:42:36.922  INFO   session     Entity shadow: vision=3 {'player': 2, 'item': 1} memory=2 {'player': 1, 'item': 1} paired=2 median=0.052
2026-09-24 15:42:36.943  INFO   decision    mode=traveling behavior=loot action=searching target=64 reason='walk onto item' status=success
2026-09-24 15:42:37.183  INFO   decision    mode=traveling behavior=loot action=pickup target=64 reason='loot target' status=success
2026-09-24 15:42:37.483  INFO   decision    mode=traveling behavior=traveling action=traveling target=- reason='return to farm after retreat' status=success
2026-09-24 15:42:38.634  INFO   decision    mode=traveling behavior=loot action=pickup target=64 reason='engage item' status=success
2026-09-24 15:42:38.907  INFO   decision    mode=traveling behavior=traveling action=traveling target=- reason='return to farm after retreat' status=success
2026-09-24 15:42:40.046  INFO   decision    mode=traveling behavior=loot action=searching target=64 reason='walk onto item' status=success
2026-09-24 15:42:42.140  INFO   session     Entity shadow: vision=3 {'player': 2, 'item': 1} memory=4 {'player': 1, 'monster': 2, 'item': 1} paired=2 median=0.064 unleveled=206:兔子,189:鹿
2026-09-24 15:42:42.165  INFO   decision    mode=traveling behavior=traveling action=traveling target=- reason='unstick' status=success
2026-09-24 15:42:47.210  INFO   session     Entity shadow: vision=3 {'player': 2, 'item': 1} memory=2 {'player': 1, 'item': 1} paired=2 median=0.022
2026-09-24 15:42:48.232  INFO   decision    mode=traveling behavior=combat action=attack target=74 reason='engage target' status=success
2026-09-24 15:42:52.374  INFO   session     Entity shadow: vision=4 {'item': 1, 'player': 2, 'monster': 1} memory=4 {'monster': 2, 'player': 1, 'item': 1} paired=3 median=0.034
2026-09-24 15:42:56.974  INFO   decision    mode=traveling behavior=traveling action=traveling target=- reason='return to farm after retreat' status=success
2026-09-24 15:42:57.388  INFO   session     Entity shadow: vision=2 {'player': 2} memory=1 {'player': 1} paired=1 median=0.036
2026-09-24 15:43:02.448  INFO   session     Entity shadow: vision=2 {'player': 2} memory=1 {'player': 1} paired=1 median=0.039
2026-09-24 15:43:04.923  INFO   decision    mode=traveling behavior=traveling action=traveling target=- reason='return to farm after retreat' status=success (repeat)
2026-09-24 15:43:07.505  INFO   session     Entity shadow: vision=2 {'player': 2} memory=1 {'player': 1} paired=1 median=0.039
2026-09-24 15:43:10.467  INFO   decision    mode=farming behavior=search action=searching target=- reason='search area' status=success
2026-09-24 15:43:10.766  INFO   decision    mode=farming behavior=loot action=searching target=78 reason='walk onto item' status=success
2026-09-24 15:43:12.642  INFO   session     Entity shadow: vision=4 {'player': 3, 'monster': 1} memory=3 {'monster': 1, 'item': 1, 'player': 1} paired=1 median=0.019
2026-09-24 15:43:13.551  INFO   decision    mode=farming behavior=combat action=attack target=77 reason='engage target' status=success
2026-09-24 15:43:17.356  INFO   decision    mode=farming behavior=loot action=pickup target=83 reason='engage item' status=success
2026-09-24 15:43:17.631  INFO   decision    mode=farming behavior=search action=searching target=- reason='search area' status=success
2026-09-24 15:43:17.882  INFO   session     Entity shadow: vision=2 {'monster': 1, 'player': 1} memory=4 {'monster': 2, 'item': 1, 'player': 1} paired=1 median=0.031 unleveled=208:兔子
2026-09-24 15:43:18.943  INFO   decision    mode=farming behavior=loot action=pickup target=83 reason='engage item' status=success
2026-09-24 15:43:19.208  INFO   decision    mode=farming behavior=search action=searching target=- reason='search area' status=success
2026-09-24 15:43:19.506  INFO   decision    mode=farming behavior=combat action=attack target=81 reason='engage target' status=success
2026-09-24 15:43:21.864  INFO   decision    mode=farming behavior=loot action=searching target=85 reason='walk onto item' status=success
2026-09-24 15:43:22.994  INFO   session     Entity shadow: vision=4 {'monster': 2, 'item': 2} memory=5 {'item': 2, 'monster': 2, 'player': 1} paired=2 median=0.022 unleveled=208:兔子
2026-09-24 15:43:24.637  INFO   decision    mode=farming behavior=loot action=pickup target=85 reason='loot target' status=success
2026-09-24 15:43:24.887  INFO   decision    mode=farming behavior=loot action=searching target=86 reason='walk onto item' status=success
2026-09-24 15:43:26.228  INFO   decision    mode=farming behavior=search action=searching target=- reason='search area' status=success
2026-09-24 15:43:28.003  INFO   session     Entity shadow: vision=2 {'player': 2} memory=2 {'monster': 1, 'player': 1} paired=1 median=0.028 unleveled=208:兔子
2026-09-24 15:43:29.328  INFO   session     Paused — hotkey
2026-09-24 15:45:49.897  INFO   session     Hotkey resume → Running
2026-09-24 15:45:50.059  INFO   session     Entity shadow: vision=1 {'player': 1} memory=0 {} paired=0 median=0.000
2026-09-24 15:45:54.517  INFO   decision    mode=farming behavior=search action=searching target=- reason='search area' status=success (repeat)
2026-09-24 15:45:55.231  INFO   session     Entity shadow: vision=1 {'player': 1} memory=3 {'player': 1, 'monster': 2} paired=1 median=0.006 unleveled=207:兔子,210:兔子
2026-09-24 15:46:00.289  INFO   session     Entity shadow: vision=1 {'player': 1} memory=5 {'monster': 4, 'player': 1} paired=1 median=0.011 unleveled=210:兔子,189:鹿,207:兔子
2026-09-24 15:46:00.326  INFO   decision    mode=farming behavior=combat action=attack target=92 reason='engage target' status=success
2026-09-24 15:46:05.532  INFO   session     Entity shadow: vision=0 {} memory=3 {'monster': 2, 'player': 1} paired=0 median=0.000 unleveled=189:鹿
2026-09-24 15:46:07.550  INFO   decision    mode=farming behavior=loot action=pickup target=93 reason='engage item' status=success
2026-09-24 15:46:07.839  INFO   decision    mode=farming behavior=search action=searching target=- reason='search area' status=success
2026-09-24 15:46:09.024  INFO   decision    mode=farming behavior=loot action=pickup target=93 reason='engage item' status=success
2026-09-24 15:46:09.299  INFO   decision    mode=farming behavior=search action=searching target=- reason='search area' status=success
2026-09-24 15:46:10.595  INFO   session     Entity shadow: vision=1 {'player': 1} memory=1 {'player': 1} paired=1 median=0.093
2026-09-24 15:46:15.667  INFO   session     Entity shadow: vision=2 {'monster': 1, 'player': 1} memory=1 {'player': 1} paired=1 median=0.010
2026-09-24 15:46:17.628  INFO   decision    mode=farming behavior=search action=searching target=- reason='search area' status=success (repeat)
2026-09-24 15:46:20.744  INFO   session     Entity shadow: vision=2 {'monster': 1, 'player': 1} memory=2 {'player': 1, 'monster': 1} paired=1 median=0.025 unleveled=12:史萊姆
2026-09-24 15:46:22.509  INFO   decision    mode=farming behavior=combat action=attack target=96 reason='engage target' status=success
2026-09-24 15:46:25.886  INFO   session     Entity shadow: vision=2 {'player': 2} memory=4 {'monster': 3, 'player': 1} paired=1 median=0.015 unleveled=189:鹿,12:史萊姆
2026-09-24 15:46:27.777  INFO   decision    mode=farming behavior=loot action=searching target=97 reason='walk onto item' status=success
2026-09-24 15:46:31.095  INFO   session     Entity shadow: vision=4 {'player': 2, 'item': 1, 'monster': 1} memory=4 {'player': 1, 'monster': 2, 'item': 1} paired=2 median=0.019 unleveled=12:史萊姆,189:鹿
2026-09-24 15:46:31.360  INFO   decision    mode=farming behavior=loot action=pickup target=97 reason='loot target' status=success
2026-09-24 15:46:31.651  INFO   decision    mode=farming behavior=search action=searching target=- reason='search area' status=success
2026-09-24 15:46:36.168  INFO   session     Entity shadow: vision=1 {'player': 1} memory=3 {'monster': 2, 'player': 1} paired=0 median=0.000 unleveled=189:鹿,12:史萊姆
2026-09-24 15:46:39.854  INFO   decision    mode=farming behavior=search action=searching target=- reason='search area' status=success (repeat)
2026-09-24 15:46:41.318  INFO   session     Entity shadow: vision=1 {'player': 1} memory=1 {'monster': 1} paired=0 median=0.000 unleveled=12:史萊姆
2026-09-24 15:46:46.494  INFO   session     Entity shadow: vision=1 {'player': 1} memory=1 {'monster': 1} paired=0 median=0.000 unleveled=12:史萊姆
2026-09-24 15:46:48.705  INFO   decision    mode=farming behavior=search action=searching target=- reason='search area' status=success (repeat)
2026-09-24 15:46:51.721  INFO   session     Entity shadow: vision=2 {'monster': 1, 'player': 1} memory=2 {'player': 1, 'monster': 1} paired=1 median=0.038 unleveled=12:史萊姆
2026-09-24 15:46:55.905  INFO   decision    mode=farming behavior=combat action=attack target=104 reason='engage target' status=success
2026-09-24 15:46:56.923  INFO   session     Entity shadow: vision=1 {'player': 1} memory=4 {'monster': 4} paired=0 median=0.000 unleveled=207:兔子,210:兔子,189:鹿
2026-09-24 15:46:59.534  INFO   decision    mode=farming behavior=loot action=searching target=108 reason='walk onto item' status=success
2026-09-24 15:47:02.191  INFO   session     Entity shadow: vision=2 {'player': 1, 'item': 1} memory=2 {'item': 1, 'monster': 1} paired=1 median=0.006 unleveled=189:鹿
2026-09-24 15:47:03.066  INFO   decision    mode=traveling behavior=loot action=searching target=108 reason='walk onto item' status=success
2026-09-24 15:47:04.879  INFO   decision    mode=traveling behavior=combat action=attack target=109 reason='engage target' status=success
2026-09-24 15:47:07.283  INFO   session     Entity shadow: vision=3 {'item': 2, 'monster': 1} memory=4 {'monster': 3, 'item': 1} paired=2 median=0.028 unleveled=189:鹿
2026-09-24 15:47:08.798  INFO   decision    mode=traveling behavior=loot action=pickup target=111 reason='engage item' status=success
2026-09-24 15:47:09.103  INFO   decision    mode=traveling behavior=loot action=pickup target=112 reason='engage item' status=success
2026-09-24 15:47:09.399  INFO   decision    mode=traveling behavior=loot action=pickup target=108 reason='engage item' status=success
2026-09-24 15:47:09.680  INFO   decision    mode=traveling behavior=combat action=attack target=110 reason='engage target' status=success
2026-09-24 15:47:12.520  INFO   session     Entity shadow: vision=3 {'item': 2, 'monster': 1} memory=4 {'monster': 1, 'item': 3} paired=3 median=0.026
2026-09-24 15:47:17.552  INFO   session     Entity shadow: vision=2 {'item': 2} memory=4 {'monster': 1, 'item': 3} paired=2 median=0.070
2026-09-24 15:47:19.471  INFO   decision    mode=traveling behavior=loot action=pickup target=111 reason='engage item' status=success
2026-09-24 15:47:19.741  INFO   decision    mode=traveling behavior=loot action=pickup target=112 reason='engage item' status=success
2026-09-24 15:47:20.015  INFO   decision    mode=traveling behavior=loot action=pickup target=114 reason='engage item' status=success
2026-09-24 15:47:20.268  INFO   decision    mode=traveling behavior=loot action=pickup target=108 reason='engage item' status=success
2026-09-24 15:47:20.545  INFO   decision    mode=traveling behavior=traveling action=traveling target=- reason='farming time exceeded' status=success
2026-09-24 15:47:21.293  INFO   decision    mode=traveling behavior=loot action=pickup target=111 reason='engage item' status=success
2026-09-24 15:47:21.606  INFO   decision    mode=traveling behavior=loot action=pickup target=112 reason='engage item' status=success
2026-09-24 15:47:21.865  INFO   decision    mode=traveling behavior=traveling action=traveling target=- reason='farming time exceeded' status=success
2026-09-24 15:47:22.117  INFO   decision    mode=traveling behavior=loot action=pickup target=108 reason='engage item' status=success
2026-09-24 15:47:22.382  INFO   decision    mode=traveling behavior=traveling action=traveling target=- reason='farming time exceeded' status=success
2026-09-24 15:47:22.658  INFO   session     Entity shadow: vision=2 {'item': 2} memory=4 {'monster': 1, 'item': 3} paired=2 median=0.092 unleveled=189:鹿
2026-09-24 15:47:23.165  INFO   decision    mode=traveling behavior=loot action=pickup target=111 reason='engage item' status=success
2026-09-24 15:47:23.413  INFO   decision    mode=traveling behavior=loot action=pickup target=112 reason='engage item' status=success
2026-09-24 15:47:23.683  INFO   decision    mode=traveling behavior=traveling action=traveling target=- reason='farming time exceeded' status=success
2026-09-24 15:47:23.981  INFO   decision    mode=traveling behavior=loot action=pickup target=108 reason='engage item' status=success
2026-09-24 15:47:24.259  INFO   decision    mode=traveling behavior=traveling action=traveling target=- reason='farming time exceeded' status=success
2026-09-24 15:47:25.382  INFO   decision    mode=traveling behavior=loot action=pickup target=112 reason='engage item' status=success
2026-09-24 15:47:25.636  INFO   decision    mode=traveling behavior=traveling action=traveling target=- reason='farming time exceeded' status=success
2026-09-24 15:47:25.886  INFO   decision    mode=traveling behavior=loot action=searching target=108 reason='walk onto item' status=success
2026-09-24 15:47:27.834  INFO   session     Entity shadow: vision=2 {'player': 1, 'item': 1} memory=2 {'monster': 1, 'item': 1} paired=1 median=0.013 unleveled=189:鹿
2026-09-24 15:47:28.880  INFO   decision    mode=traveling behavior=loot action=pickup target=108 reason='loot target' status=success
2026-09-24 15:47:29.139  INFO   decision    mode=traveling behavior=traveling action=traveling target=- reason='farming time exceeded' status=success
2026-09-24 15:47:30.359  INFO   decision    mode=traveling behavior=loot action=pickup target=108 reason='engage item' status=success
2026-09-24 15:47:30.633  INFO   decision    mode=traveling behavior=traveling action=traveling target=- reason='farming time exceeded' status=success
2026-09-24 15:47:31.965  INFO   decision    mode=traveling behavior=loot action=searching target=108 reason='walk onto item' status=success
2026-09-24 15:47:33.071  INFO   session     Entity shadow: vision=2 {'monster': 1, 'item': 1} memory=2 {'monster': 1, 'item': 1} paired=1 median=0.004 unleveled=189:鹿
2026-09-24 15:47:33.975  INFO   decision    mode=traveling behavior=loot action=pickup target=108 reason='loot target' status=success
2026-09-24 15:47:34.293  INFO   decision    mode=traveling behavior=traveling action=traveling target=- reason='farming time exceeded' status=success
2026-09-24 15:47:35.601  INFO   session     Paused — hotkey
2026-09-24 15:47:41.223  INFO   session     Stop → Stopped
2026-09-24 15:47:41.446  INFO   session     Bot worker exited
