2026-09-21 05:13:17.428  INFO   session     Loading Manmabot from D:\ManmabotV1\engine
2026-09-21 05:13:17.430  INFO   session     Session log D:\ManmabotV1\engine\logs\bot-20260921-051317.log
2026-09-21 05:13:17.430  INFO   session     character=elf loot=all_items game_lang=ko map=talking_island farms=['area_1', 'area_2', 'area_3', 'area_4'] file=D:\ManmabotV1\engine\logs\bot-20260921-051317.log
2026-09-21 05:13:17.661  INFO   nav         building portal graph (cluster=32, 479x511)
2026-09-21 05:13:17.909  INFO   nav         portal graph: 188 components, 248 ms
2026-09-21 05:13:17.915  INFO   nav         farms=4 safe=11 home=(354, 203) (files farm=D:\ManmabotV1\engine\maps\talking_island\farms.yaml safe=D:\ManmabotV1\engine\maps\talking_island\safe.yaml home=D:\ManmabotV1\engine\maps\talking_island\home.yaml)
2026-09-21 05:13:18.212  INFO   capture     mss window capture process='LC.exe' title=None content_aspect=4:3
2026-09-21 05:13:18.594  INFO   session     Entity clicks use memory names, species, and world cells. Image recognition still runs. Set memory.entity_source to vision to restore image-only clicks.
2026-09-21 05:13:18.604  INFO   session     Memory monitor connected
2026-09-21 05:13:18.607  INFO   session     Scanning hotbar (skill boxes 1–3)…
2026-09-21 05:13:19.925  INFO   session     Auto-resume → Running
2026-09-21 05:13:20.268  INFO   session     Auto-pause (cursor_outside)
2026-09-21 05:13:20.534  INFO   session     Auto-resume → Running
2026-09-21 05:13:20.871  INFO   session     Auto-pause (cursor_outside)
2026-09-21 05:13:21.268  INFO   session     Auto-resume → Running
2026-09-21 05:13:21.589  INFO   session     Auto-pause (cursor_outside)
2026-09-21 05:13:21.859  INFO   session     Auto-resume → Running
2026-09-21 05:13:22.197  INFO   session     Auto-pause (cursor_outside)
2026-09-21 05:13:22.603  INFO   session     Auto-resume → Running
2026-09-21 05:13:23.120  INFO   session     Auto-pause (cursor_outside)
2026-09-21 05:13:23.129  INFO   session     Hotbar scan done · hp_potion@box1/f5, talking_scroll@box1/f8
2026-09-21 05:13:23.144  INFO   session     Loop ready · elf · ko · map=talking_island · loot=all_items · farms=['area_1', 'area_2', 'area_3', 'area_4']
2026-09-21 05:13:23.383  INFO   session     Auto-resume → Running
2026-09-21 05:13:23.762  INFO   session     Entity shadow: vision=3 {'npc': 2, 'player': 1} memory=7 {'monster': 3, 'player': 1, 'npc': 3} paired=1 median=0.017 unleveled=68:警衛,10:警衛
2026-09-21 05:13:23.775  INFO   decision    mode=traveling behavior=combat action=attack target=1 reason='engage target' status=success
2026-09-21 05:13:26.440  INFO   action      cursor give-up id=1 item=false reason=cursor=normal/normal score=1.000 not allowed
2026-09-21 05:13:26.595  INFO   decision    mode=traveling behavior=traveling action=traveling target=- reason='enter farm area' status=success
2026-09-21 05:13:28.969  INFO   session     Entity shadow: vision=4 {'player': 2, 'npc': 2} memory=3 {'monster': 2, 'player': 1} paired=1 median=0.047 unleveled=68:警衛
2026-09-21 05:13:29.421  INFO   decision    mode=traveling behavior=loot action=searching target=- reason='approach item' status=success
2026-09-21 05:13:34.032  INFO   session     Entity shadow: vision=4 {'item': 3, 'player': 1} memory=5 {'monster': 2, 'item': 3} paired=3 median=0.002
2026-09-21 05:13:35.013  INFO   decision    mode=traveling behavior=loot action=pickup target=8 reason='loot target' status=success
2026-09-21 05:13:36.140  INFO   decision    mode=traveling behavior=loot action=searching target=- reason='approach item' status=success
2026-09-21 05:13:38.053  INFO   decision    mode=traveling behavior=loot action=pickup target=9 reason='loot target' status=success
2026-09-21 05:13:39.186  INFO   session     Entity shadow: vision=4 {'item': 2, 'player': 1, 'monster': 1} memory=6 {'monster': 4, 'item': 2} paired=3 median=0.014
2026-09-21 05:13:39.200  INFO   decision    mode=traveling behavior=loot action=pickup target=10 reason='engage item' status=success
2026-09-21 05:13:40.884  INFO   decision    mode=traveling behavior=combat action=attack target=13 reason='engage target' status=success
2026-09-21 05:13:43.771  INFO   action      cursor give-up id=13 item=false reason=cursor=normal/normal score=1.000 not allowed
2026-09-21 05:13:43.939  INFO   decision    mode=traveling behavior=combat action=attack target=14 reason='engage target' status=success
2026-09-21 05:13:44.336  INFO   session     Entity shadow: vision=5 {'player': 1, 'monster': 2, 'item': 2} memory=7 {'monster': 5, 'item': 2} paired=4 median=0.078
2026-09-21 05:13:49.425  INFO   session     Entity shadow: vision=3 {'item': 1, 'monster': 2} memory=6 {'monster': 5, 'item': 1} paired=3 median=0.047
2026-09-21 05:13:53.996  INFO   decision    mode=traveling behavior=traveling action=traveling target=- reason='enter farm area' status=success
2026-09-21 05:13:54.520  INFO   session     Entity shadow: vision=1 {'monster': 1} memory=5 {'monster': 5} paired=1 median=0.072
2026-09-21 05:13:55.113  INFO   decision    mode=traveling behavior=combat action=attack target=1 reason='engage target' status=success
2026-09-21 05:13:59.698  INFO   session     Entity shadow: vision=1 {'player': 1} memory=4 {'monster': 4} paired=0 median=0.000
2026-09-21 05:14:04.855  INFO   session     Entity shadow: vision=1 {'player': 1} memory=3 {'monster': 3} paired=0 median=0.000
2026-09-21 05:14:05.257  INFO   decision    mode=traveling behavior=combat action=attack target=18 reason='engage target' status=success
2026-09-21 05:14:09.995  INFO   session     Entity shadow: vision=3 {'monster': 2, 'player': 1} memory=5 {'monster': 5} paired=2 median=0.014 unleveled=7:長老
2026-09-21 05:14:15.017  INFO   session     Entity shadow: vision=3 {'monster': 2, 'player': 1} memory=4 {'monster': 4} paired=2 median=0.014 unleveled=7:長老
2026-09-21 05:14:15.460  INFO   decision    mode=traveling behavior=traveling action=traveling target=- reason='enter farm area' status=success
2026-09-21 05:14:20.052  INFO   session     Entity shadow: vision=3 {'player': 1, 'monster': 2} memory=5 {'monster': 5} paired=2 median=0.107 unleveled=7:長老
2026-09-21 05:14:23.346  INFO   decision    mode=traveling behavior=traveling action=traveling target=- reason='enter farm area' status=success (repeat)
2026-09-21 05:14:25.088  INFO   session     Entity shadow: vision=2 {'monster': 2} memory=5 {'monster': 5} paired=2 median=0.110 unleveled=7:長老
2026-09-21 05:14:30.109  INFO   session     Entity shadow: vision=1 {'monster': 1} memory=3 {'monster': 3} paired=1 median=0.013
2026-09-21 05:14:31.234  INFO   decision    mode=traveling behavior=combat action=attack target=25 reason='engage target' status=success
2026-09-21 05:14:32.677  INFO   action      cursor give-up id=25 item=false reason=cursor=normal/normal score=1.000 not allowed
2026-09-21 05:14:32.809  INFO   decision    mode=traveling behavior=combat action=attack target=28 reason='engage target' status=success
2026-09-21 05:14:35.135  INFO   session     Entity shadow: vision=3 {'player': 1, 'monster': 2} memory=7 {'monster': 7} paired=2 median=0.030 unleveled=7:長老
2026-09-21 05:14:37.371  INFO   action      cursor give-up id=28 item=false reason=cursor=normal/normal score=1.000 not allowed
2026-09-21 05:14:37.545  INFO   decision    mode=traveling behavior=combat action=attack target=26 reason='engage target' status=success
2026-09-21 05:14:40.307  INFO   session     Entity shadow: vision=1 {'item': 1} memory=9 {'monster': 8, 'item': 1} paired=1 median=0.014 unleveled=7:長老
2026-09-21 05:14:44.597  INFO   action      cursor give-up id=26 item=false reason=cursor=normal/normal score=1.000 not allowed
2026-09-21 05:14:44.732  INFO   decision    mode=traveling behavior=combat action=attack target=27 reason='engage target' status=success
2026-09-21 05:14:45.308  INFO   session     Entity shadow: vision=2 {'item': 1, 'monster': 1} memory=11 {'monster': 10, 'item': 1} paired=2 median=0.035 unleveled=7:長老
2026-09-21 05:14:49.249  INFO   action      cursor give-up id=27 item=false reason=cursor=normal/normal score=1.000 not allowed
2026-09-21 05:14:49.391  INFO   decision    mode=traveling behavior=combat action=attack target=29 reason='engage target' status=success
2026-09-21 05:14:50.429  INFO   session     Entity shadow: vision=3 {'player': 1, 'item': 1, 'monster': 1} memory=10 {'monster': 9, 'item': 1} paired=2 median=0.010 unleveled=7:長老
2026-09-21 05:14:51.875  INFO   decision    mode=traveling behavior=survival_potion action=use_hp_potion target=- reason='low hp' status=success
2026-09-21 05:14:53.048  INFO   decision    mode=traveling behavior=talking_scroll action=use_talking_scroll target=- reason='go to shop (buy_hp_potions)' status=success
2026-09-21 05:14:53.665  INFO   nav         async nav configure start map=mainland
2026-09-21 05:14:53.807  INFO   decision    mode=farming behavior=shop action=shop_stop target=- reason='stop at shop' status=success
2026-09-21 05:14:54.357  INFO   nav         building portal graph (cluster=32, 1755x1414)
2026-09-21 05:14:58.217  INFO   nav         portal graph: 2586 components, 3860 ms
2026-09-21 05:14:58.223  INFO   nav         farms=6 safe=0 home=None (files farm=D:\ManmabotV1\engine\maps\mainland\farms.yaml safe=D:\ManmabotV1\engine\maps\mainland\safe.yaml home=D:\ManmabotV1\engine\maps\mainland\home.yaml)
2026-09-21 05:14:58.223  INFO   nav         async nav configure done map=mainland (4559 ms)
2026-09-21 05:14:59.283  INFO   session     Entity shadow: vision=57 {'player': 46, 'monster': 7, 'npc': 4} memory=105 {'player': 93, 'monster': 3, 'npc': 6, 'item': 3} paired=47 median=0.058 unleveled=319:?,3951662829:思克巴
2026-09-21 05:14:59.345  INFO   decision    mode=traveling behavior=traveling action=traveling target=- reason='unstick' status=success
2026-09-21 05:15:00.103  INFO   decision    mode=traveling behavior=survival_potion action=use_hp_potion target=- reason='low hp' status=success
2026-09-21 05:15:04.370  INFO   session     Entity shadow: vision=50 {'monster': 4, 'player': 43, 'npc': 3} memory=104 {'player': 92, 'monster': 3, 'npc': 6, 'item': 3} paired=44 median=0.058 unleveled=3971520749:思克巴,319:?,3951662829:思克巴
2026-09-21 05:15:09.464  INFO   session     Entity shadow: vision=48 {'player': 42, 'npc': 3, 'monster': 3} memory=104 {'player': 92, 'monster': 3, 'npc': 6, 'item': 3} paired=44 median=0.059 unleveled=319:?,3951662829:思克巴
2026-09-21 05:15:14.598  INFO   session     Entity shadow: vision=52 {'player': 45, 'monster': 5, 'npc': 2} memory=101 {'player': 89, 'npc': 6, 'monster': 3, 'item': 3} paired=47 median=0.049 unleveled=319:?,3971520749:思克巴,3951662829:思克巴
2026-09-21 05:15:19.723  INFO   session     Entity shadow: vision=50 {'monster': 4, 'player': 44, 'npc': 2} memory=98 {'player': 86, 'monster': 3, 'npc': 6, 'item': 3} paired=43 median=0.050 unleveled=3971520749:思克巴,319:?,3951662829:思克巴
2026-09-21 05:15:23.857  INFO   session     Auto-pause (cursor_outside)
2026-09-21 05:15:24.136  INFO   session     Auto-resume → Running
2026-09-21 05:15:24.406  INFO   session     Auto-pause (cursor_outside)
2026-09-21 05:15:24.689  INFO   session     Auto-resume → Running
2026-09-21 05:15:24.970  INFO   session     Entity shadow: vision=33 {'player': 29, 'npc': 1, 'monster': 3} memory=97 {'player': 85, 'monster': 3, 'npc': 6, 'item': 3} paired=31 median=0.040 unleveled=3971520749:思克巴,319:?,3951662829:思克巴
2026-09-21 05:15:25.002  INFO   decision    mode=traveling behavior=traveling action=traveling target=- reason='unstick' status=success
2026-09-21 05:15:30.154  INFO   session     Entity shadow: vision=36 {'npc': 2, 'player': 31, 'monster': 3} memory=98 {'player': 87, 'monster': 3, 'npc': 5, 'item': 3} paired=31 median=0.041 unleveled=3971520749:思克巴,319:?,3951662829:思克巴
2026-09-21 05:15:31.880  INFO   session     Auto-pause (cursor_outside)
2026-09-21 05:15:32.162  INFO   session     Auto-resume → Running
2026-09-21 05:15:34.089  INFO   session     Auto-pause (cursor_outside)
2026-09-21 05:15:34.380  INFO   session     Auto-resume → Running
2026-09-21 05:15:34.656  INFO   session     Auto-pause (not_focused)
2026-09-21 05:15:36.070  INFO   session     Resume → Running
2026-09-21 05:15:36.290  INFO   session     Auto-pause (cursor_outside)
2026-09-21 05:15:36.420  INFO   session     Entity shadow: vision=23 {'player': 18, 'npc': 4, 'monster': 1} memory=89 {'player': 77, 'monster': 3, 'npc': 6, 'item': 3} paired=20 median=0.044 unleveled=3971520749:思克巴,319:?,3951662829:思克巴
2026-09-21 05:15:36.567  INFO   session     Auto-resume → Running
2026-09-21 05:15:36.833  INFO   session     Auto-pause (cursor_outside)
2026-09-21 05:15:37.106  INFO   session     Auto-resume → Running
2026-09-21 05:15:37.658  INFO   session     Auto-pause (cursor_outside)
2026-09-21 05:15:37.931  INFO   session     Auto-resume → Running
2026-09-21 05:15:38.196  INFO   session     Auto-pause (cursor_outside)
2026-09-21 05:16:04.323  INFO   session     Auto-resume → Running
2026-09-21 05:16:04.602  INFO   session     Entity shadow: vision=28 {'player': 24, 'npc': 3, 'monster': 1} memory=97 {'player': 85, 'monster': 3, 'npc': 6, 'item': 3} paired=25 median=0.044 unleveled=3971520749:思克巴,319:?,3951662829:思克巴
2026-09-21 05:16:06.489  INFO   session     Auto-pause (cursor_outside)
2026-09-21 05:16:06.764  INFO   session     Auto-resume → Running
2026-09-21 05:16:07.050  INFO   session     Auto-pause (cursor_outside)
2026-09-21 05:16:07.332  INFO   session     Auto-resume → Running
2026-09-21 05:16:07.614  INFO   session     Auto-pause (cursor_outside)
2026-09-21 05:16:07.801  INFO   session     Stop → Stopped
2026-09-21 05:16:14.144  INFO   session     Bot worker exited
