2026-09-24 15:13:31.783  INFO   session     Loading Manmabot from D:\Work\Lineage\ManmabotV1_final\engine
2026-09-24 15:13:31.785  INFO   session     Session log D:\Work\Lineage\ManmabotV1_final\engine\logs\bot-20260924-151331.log
2026-09-24 15:13:31.786  INFO   session     character=elf loot=all_items game_lang=ko map=talking_island farms=['area_3', 'area_2', 'area_1'] file=D:\Work\Lineage\ManmabotV1_final\engine\logs\bot-20260924-151331.log
2026-09-24 15:13:32.005  INFO   nav         building portal graph (cluster=32, 479x511)
2026-09-24 15:13:32.253  INFO   nav         portal graph: 188 components, 247 ms
2026-09-24 15:13:32.258  INFO   nav         farms=3 safe=11 home=(354, 203) (files farm=D:\Work\Lineage\ManmabotV1_final\engine\maps\talking_island\farms.yaml safe=D:\Work\Lineage\ManmabotV1_final\engine\maps\talking_island\safe.yaml home=D:\Work\Lineage\ManmabotV1_final\engine\maps\talking_island\home.yaml)
2026-09-24 15:13:32.570  INFO   capture     mss window capture process='LC.exe' title=None content_aspect=4:3
2026-09-24 15:13:33.486  INFO   session     Entity clicks use memory names, species, and world cells. Image recognition still runs. Set memory.entity_source to vision to restore image-only clicks.
2026-09-24 15:13:33.493  INFO   session     Player memory is read in this process (realtime_monitor.dll, offsets.json). No separate console.
2026-09-24 15:13:33.497  INFO   session     Inventory listen scanning in background (build inventory_listen.dll or place inv.json).
2026-09-24 15:13:33.501  INFO   session     Reading hotbar from memory (24 slots)…
2026-09-24 15:13:33.593  INFO   session     Hotbar scan done · hp_potion@box1/f5, talking_scroll@box1/f8
2026-09-24 15:13:33.597  INFO   session     Unmapped hotbar icons: box1/f6:+0 화살 (2,184), box1/f7:아데나 (706), box1/f12:상쾌한 초록 물약
2026-09-24 15:13:33.617  INFO   session     Loop ready · elf · ko · map=talking_island · loot=all_items · farms=['area_3', 'area_2', 'area_1']
2026-09-24 15:13:34.021  INFO   session     Entity shadow: vision=4 {'monster': 1, 'npc': 2, 'player': 1} memory=5 {'monster': 5} paired=1 median=0.006 unleveled=68:警衛,206:兔子
2026-09-24 15:13:34.072  INFO   session     Inventory listen ready (dll) · hp=6 arrows=2184 silver=5 depoison=0
2026-09-24 15:13:34.101  INFO   decision    mode=farming behavior=combat action=attack target=2 reason='engage target' status=success
2026-09-24 15:13:34.854  INFO   decision    mode=farming behavior=combat action=attack target=1 reason='engage target' status=success
2026-09-24 15:13:37.692  INFO   decision    mode=farming behavior=loot action=searching target=6 reason='walk onto item' status=success
2026-09-24 15:13:39.081  INFO   session     Entity shadow: vision=4 {'player': 1, 'npc': 1, 'monster': 1, 'item': 1} memory=7 {'monster': 6, 'item': 1} paired=2 median=0.017 unleveled=189:鹿,207:兔子,206:兔子,68:警衛
2026-09-24 15:13:40.834  INFO   decision    mode=farming behavior=loot action=pickup target=6 reason='loot target' status=success
2026-09-24 15:13:44.214  INFO   session     Entity shadow: vision=4 {'player': 1, 'npc': 2, 'monster': 1} memory=6 {'monster': 6} paired=1 median=0.019 unleveled=206:兔子,207:兔子,10:警衛,68:警衛
2026-09-24 15:13:49.324  INFO   session     Entity shadow: vision=4 {'player': 1, 'npc': 2, 'monster': 1} memory=6 {'npc': 3, 'monster': 3} paired=0 median=0.000 unleveled=208:兔子,10:警衛,68:警衛
2026-09-24 15:13:50.702  INFO   decision    mode=traveling behavior=traveling action=traveling target=- reason='enter farm area' status=success
2026-09-24 15:13:54.475  INFO   session     Entity shadow: vision=3 {'player': 1, 'npc': 2} memory=5 {'npc': 2, 'monster': 3} paired=0 median=0.000 unleveled=208:兔子,10:警衛,68:警衛
2026-09-24 15:13:59.427  INFO   decision    mode=traveling behavior=traveling action=traveling target=- reason='enter farm area' status=success (repeat)
2026-09-24 15:13:59.534  INFO   session     Paused — hotkey
2026-09-24 15:13:59.601  INFO   session     Entity shadow: vision=4 {'player': 1, 'npc': 3} memory=4 {'monster': 3, 'npc': 1} paired=0 median=0.000 unleveled=208:兔子,10:警衛,68:警衛
2026-09-24 15:14:28.104  INFO   session     Hotkey resume → Running
2026-09-24 15:14:28.396  INFO   session     Entity shadow: vision=5 {'player': 1, 'npc': 3, 'monster': 1} memory=8 {'monster': 4, 'npc': 4} paired=2 median=0.040 unleveled=208:兔子,10:警衛,68:警衛
2026-09-24 15:14:29.365  INFO   decision    mode=traveling behavior=combat action=attack target=13 reason='engage target' status=success
2026-09-24 15:14:30.478  INFO   decision    mode=traveling behavior=combat action=attack target=18 reason='attack target' status=success
2026-09-24 15:14:32.076  INFO   decision    mode=traveling behavior=traveling action=traveling target=- reason='enter farm area' status=success
2026-09-24 15:14:33.489  INFO   session     Entity shadow: vision=4 {'player': 1, 'npc': 3} memory=5 {'npc': 3, 'monster': 2} paired=1 median=0.013 unleveled=10:警衛,68:警衛
2026-09-24 15:14:35.548  INFO   decision    mode=traveling behavior=combat action=attack target=22 reason='engage target' status=success
2026-09-24 15:14:38.741  INFO   session     Entity shadow: vision=4 {'item': 1, 'npc': 1, 'player': 1, 'monster': 1} memory=2 {'item': 1, 'monster': 1} paired=1 median=0.008 unleveled=10:警衛
2026-09-24 15:14:38.786  INFO   decision    mode=traveling behavior=loot action=searching target=23 reason='walk onto item' status=success
2026-09-24 15:14:43.591  INFO   decision    mode=traveling behavior=loot action=pickup target=23 reason='loot target' status=success
2026-09-24 15:14:43.860  INFO   session     Entity shadow: vision=2 {'item': 1, 'npc': 1} memory=1 {'item': 1} paired=1 median=0.014
2026-09-24 15:14:49.027  INFO   session     Entity shadow: vision=1 {'player': 1} memory=0 {} paired=0 median=0.000
2026-09-24 15:14:52.078  INFO   decision    mode=traveling behavior=traveling action=traveling target=- reason='enter farm area' status=success
2026-09-24 15:14:54.079  INFO   session     Entity shadow: vision=1 {'player': 1} memory=0 {} paired=0 median=0.000
2026-09-24 15:14:59.233  INFO   session     Entity shadow: vision=1 {'player': 1} memory=1 {'monster': 1} paired=0 median=0.000 unleveled=189:鹿
2026-09-24 15:15:00.379  INFO   decision    mode=traveling behavior=traveling action=traveling target=- reason='enter farm area' status=success (repeat)
2026-09-24 15:15:04.300  INFO   session     Entity shadow: vision=1 {'player': 1} memory=1 {'monster': 1} paired=0 median=0.000 unleveled=189:鹿
2026-09-24 15:15:08.691  INFO   decision    mode=traveling behavior=combat action=attack target=25 reason='engage target' status=success
2026-09-24 15:15:09.455  INFO   session     Entity shadow: vision=2 {'player': 1, 'monster': 1} memory=2 {'monster': 2} paired=1 median=0.009 unleveled=189:鹿
2026-09-24 15:15:11.219  INFO   decision    mode=traveling behavior=loot action=searching target=27 reason='walk onto item' status=success
2026-09-24 15:15:14.596  INFO   session     Entity shadow: vision=1 {'player': 1} memory=2 {'monster': 2} paired=0 median=0.000 unleveled=14:青蛙,189:鹿
2026-09-24 15:15:19.709  INFO   session     Entity shadow: vision=1 {'player': 1} memory=2 {'monster': 2} paired=0 median=0.000 unleveled=14:青蛙
2026-09-24 15:15:21.595  INFO   decision    mode=traveling behavior=traveling action=traveling target=- reason='enter farm area' status=success
2026-09-24 15:15:24.871  INFO   session     Entity shadow: vision=1 {'player': 1} memory=1 {'monster': 1} paired=0 median=0.000 unleveled=14:青蛙
2026-09-24 15:15:30.026  INFO   session     Entity shadow: vision=1 {'player': 1} memory=0 {} paired=0 median=0.000
2026-09-24 15:15:30.074  INFO   decision    mode=traveling behavior=traveling action=traveling target=- reason='enter farm area' status=success (repeat)
2026-09-24 15:15:35.209  INFO   session     Entity shadow: vision=1 {'monster': 1} memory=0 {} paired=0 median=0.000
2026-09-24 15:15:36.115  INFO   decision    mode=traveling behavior=combat action=attack target=31 reason='engage target' status=success
2026-09-24 15:15:37.300  INFO   decision    mode=traveling behavior=traveling action=traveling target=- reason='enter farm area' status=success
2026-09-24 15:15:40.318  INFO   session     Entity shadow: vision=2 {'player': 1, 'monster': 1} memory=0 {} paired=0 median=0.000
2026-09-24 15:15:41.493  INFO   session     Stop → Stopped (정지 — 게임 창이 닫혔습니다.)
2026-09-24 15:15:41.602  INFO   session     Bot worker exited
