2026-09-24 06:47:59.904  INFO   session     Loading Manmabot from D:\Work\Lineage\ManmabotV1_final\engine
2026-09-24 06:47:59.907  INFO   session     Session log D:\Work\Lineage\ManmabotV1_final\engine\logs\bot-20260924-064759.log
2026-09-24 06:47:59.907  INFO   session     character=elf loot=all_items game_lang=ko map=talking_island farms=['area_3', 'area_2'] file=D:\Work\Lineage\ManmabotV1_final\engine\logs\bot-20260924-064759.log
2026-09-24 06:48:00.484  INFO   session     Auto-pause (not_focused)
2026-09-24 06:48:03.278  INFO   nav         building portal graph (cluster=32, 479x511)
2026-09-24 06:48:03.536  INFO   nav         portal graph: 188 components, 258 ms
2026-09-24 06:48:03.556  INFO   nav         farms=2 safe=11 home=(354, 203) (files farm=D:\Work\Lineage\ManmabotV1_final\engine\maps\talking_island\farms.yaml safe=D:\Work\Lineage\ManmabotV1_final\engine\maps\talking_island\safe.yaml home=D:\Work\Lineage\ManmabotV1_final\engine\maps\talking_island\home.yaml)
2026-09-24 06:48:04.568  INFO   capture     mss window capture process='LC.exe' title=None content_aspect=4:3
2026-09-24 06:48:05.500  INFO   session     Auto-resume → Running
2026-09-24 06:48:08.077  INFO   session     Entity clicks use memory names, species, and world cells. Image recognition still runs. Set memory.entity_source to vision to restore image-only clicks.
2026-09-24 06:48:08.083  INFO   session     Player memory is read in this process (realtime_monitor.dll, offsets.json). No separate console.
2026-09-24 06:48:08.143  INFO   session     Inventory listen scanning in background (build inventory_listen.dll or place inv.json).
2026-09-24 06:48:08.207  INFO   session     Reading hotbar from memory (24 slots)…
2026-09-24 06:48:08.353  INFO   session     Hotbar scan done · hp_potion@box1/f5, talking_scroll@box1/f8
2026-09-24 06:48:08.358  INFO   session     Unmapped hotbar icons: box1/f6:+0 화살 (2,420), box1/f7:아데나 (809), box1/f12:상쾌한 초록 물약
2026-09-24 06:48:08.376  INFO   session     Loop ready · elf · ko · map=talking_island · loot=all_items · farms=['area_3', 'area_2']
2026-09-24 06:48:10.130  INFO   session     Entity shadow: vision=5 {'npc': 3, 'player': 2} memory=4 {'player': 1, 'monster': 3} paired=0 median=0.000 unleveled=10:경비병,68:경비병
2026-09-24 06:48:10.161  INFO   session     Inventory listen ready (dll) · hp=6 arrows=2420 silver=5 depoison=0
2026-09-24 06:48:10.271  INFO   decision    mode=traveling behavior=traveling action=traveling target=- reason='enter farm area' status=success
2026-09-24 06:48:14.266  INFO   decision    mode=traveling behavior=combat action=attack target=5 reason='engage target' status=success
2026-09-24 06:48:15.153  INFO   session     Entity shadow: vision=5 {'player': 1, 'npc': 3, 'monster': 1} memory=4 {'monster': 4} paired=1 median=0.003 unleveled=10:경비병,68:경비병
2026-09-24 06:48:20.191  INFO   session     Entity shadow: vision=5 {'npc': 3, 'player': 1, 'monster': 1} memory=4 {'monster': 4} paired=1 median=0.018 unleveled=10:경비병,68:경비병
2026-09-24 06:48:24.385  INFO   decision    mode=traveling behavior=combat action=attack target=5 reason='attack target' status=success (repeat)
2026-09-24 06:48:25.220  INFO   decision    mode=traveling behavior=loot action=pickup target=6 reason='engage item' status=success
2026-09-24 06:48:25.500  INFO   session     Entity shadow: vision=5 {'npc': 3, 'item': 1, 'monster': 1} memory=3 {'item': 1, 'monster': 2} paired=1 median=0.012 unleveled=68:경비병,10:경비병
2026-09-24 06:48:27.545  INFO   session     Paused — hotkey
2026-09-24 06:48:29.584  INFO   session     Resume → Running
2026-09-24 06:48:30.538  INFO   session     Entity shadow: vision=5 {'player': 1, 'npc': 4} memory=4 {'monster': 4} paired=0 median=0.000 unleveled=10:경비병,68:경비병
2026-09-24 06:48:35.285  INFO   decision    mode=traveling behavior=traveling action=traveling target=- reason='enter farm area' status=success
2026-09-24 06:48:35.682  INFO   session     Entity shadow: vision=7 {'npc': 4, 'player': 2, 'monster': 1} memory=6 {'player': 2, 'monster': 4} paired=1 median=0.011 unleveled=10:경비병,68:경비병
2026-09-24 06:48:40.707  INFO   session     Entity shadow: vision=3 {'player': 1, 'npc': 2} memory=2 {'monster': 2} paired=0 median=0.000 unleveled=10:경비병,68:경비병
2026-09-24 06:48:41.653  INFO   decision    mode=traveling behavior=combat action=attack target=11 reason='engage target' status=success
2026-09-24 06:48:42.738  INFO   decision    mode=traveling behavior=loot action=searching target=12 reason='walk onto item' status=success
2026-09-24 06:48:45.717  INFO   session     Entity shadow: vision=3 {'player': 1, 'npc': 1, 'monster': 1} memory=2 {'item': 1, 'monster': 1} paired=0 median=0.000 unleveled=68:경비병
2026-09-24 06:48:47.987  INFO   decision    mode=traveling behavior=loot action=pickup target=12 reason='loot target' status=success
2026-09-24 06:48:50.916  INFO   session     Entity shadow: vision=1 {'player': 1} memory=1 {'monster': 1} paired=0 median=0.000 unleveled=14:개구리
2026-09-24 06:48:54.770  INFO   decision    mode=traveling behavior=combat action=attack target=14 reason='engage target' status=success
2026-09-24 06:48:55.278  INFO   decision    mode=traveling behavior=traveling action=traveling target=- reason='enter farm area' status=success
2026-09-24 06:48:55.699  INFO   decision    mode=traveling behavior=combat action=attack target=15 reason='engage target' status=success
2026-09-24 06:48:56.137  INFO   session     Entity shadow: vision=2 {'player': 1, 'monster': 1} memory=2 {'monster': 2} paired=1 median=0.026 unleveled=14:개구리
2026-09-24 06:49:00.082  INFO   decision    mode=traveling behavior=loot action=searching target=18 reason='walk onto item' status=success
2026-09-24 06:49:01.258  INFO   session     Entity shadow: vision=2 {'monster': 1, 'item': 1} memory=2 {'monster': 1, 'item': 1} paired=1 median=0.007 unleveled=208:토끼
2026-09-24 06:49:06.274  INFO   session     Entity shadow: vision=2 {'player': 1, 'item': 1} memory=1 {'item': 1} paired=1 median=0.001
2026-09-24 06:49:07.320  INFO   decision    mode=traveling behavior=loot action=pickup target=18 reason='loot target' status=success
2026-09-24 06:49:11.283  INFO   session     Entity shadow: vision=1 {'player': 1} memory=0 {} paired=0 median=0.000
2026-09-24 06:49:14.203  INFO   decision    mode=traveling behavior=traveling action=traveling target=- reason='enter farm area' status=success
2026-09-24 06:49:16.460  INFO   session     Entity shadow: vision=1 {'player': 1} memory=0 {} paired=0 median=0.000
2026-09-24 06:49:18.325  INFO   decision    mode=traveling behavior=combat action=attack target=21 reason='engage target' status=success
2026-09-24 06:49:20.532  INFO   decision    mode=traveling behavior=loot action=searching target=22 reason='walk onto item' status=success
2026-09-24 06:49:21.492  INFO   session     Entity shadow: vision=2 {'item': 1, 'player': 1} memory=1 {'item': 1} paired=1 median=0.014
2026-09-24 06:49:26.494  INFO   decision    mode=traveling behavior=combat action=attack target=24 reason='engage target' status=success
2026-09-24 06:49:27.024  INFO   session     Entity shadow: vision=5 {'player': 1, 'monster': 1, 'npc': 2, 'item': 1} memory=5 {'monster': 4, 'item': 1} paired=2 median=0.012 unleveled=10:경비병,208:토끼,68:경비병
2026-09-24 06:49:28.335  INFO   decision    mode=traveling behavior=loot action=pickup target=22 reason='engage item' status=success
2026-09-24 06:49:29.343  INFO   decision    mode=traveling behavior=talking_scroll action=use_talking_scroll target=- reason='go to shop (sell_garbage)' status=success
2026-09-24 06:49:32.424  INFO   session     Entity shadow: vision=18 {'player': 16, 'npc': 2} memory=54 {'player': 52, 'npc': 2} paired=18 median=0.025
2026-09-24 06:49:32.488  INFO   decision    mode=farming behavior=shop action=shop_stop target=- reason='stop at shop' status=success
2026-09-24 06:49:33.101  INFO   decision    mode=farming behavior=shop action=shop_buy_arrows target=- reason='shop:sell_garbage' status=success
2026-09-24 06:49:46.814  INFO   session     Entity shadow: vision=19 {'player': 16, 'npc': 2, 'monster': 1} memory=48 {'player': 46, 'npc': 2} paired=16 median=0.040
2026-09-24 06:49:46.876  INFO   decision    mode=farming behavior=talking_scroll action=use_talking_scroll target=- reason='go to shop (sell_garbage_weapon)' status=success
2026-09-24 06:49:49.547  INFO   nav         async nav configure start map=mainland
2026-09-24 06:49:50.194  INFO   decision    mode=farming behavior=shop action=shop_stop target=- reason='stop at shop' status=success
2026-09-24 06:49:50.309  INFO   nav         building portal graph (cluster=32, 1755x1414)
2026-09-24 06:49:54.218  INFO   nav         portal graph: 2586 components, 3908 ms
2026-09-24 06:49:54.222  INFO   nav         farms=6 safe=0 home=None (files farm=D:\Work\Lineage\ManmabotV1_final\engine\maps\mainland\farms.yaml safe=D:\Work\Lineage\ManmabotV1_final\engine\maps\mainland\safe.yaml home=D:\Work\Lineage\ManmabotV1_final\engine\maps\mainland\home.yaml)
2026-09-24 06:49:54.222  INFO   nav         async nav configure done map=mainland (4675 ms)
2026-09-24 06:49:54.355  INFO   session     Entity shadow: vision=23 {'player': 23} memory=30 {'player': 26, 'npc': 4} paired=21 median=0.030
2026-09-24 06:49:54.420  INFO   decision    mode=farming behavior=shop action=shop_buy_arrows target=- reason='shop:sell_garbage_weapon' status=success
2026-09-24 06:50:01.133  INFO   session     Entity shadow: vision=22 {'player': 20, 'monster': 1, 'item': 1} memory=35 {'player': 31, 'npc': 4} paired=20 median=0.029
2026-09-24 06:50:01.164  INFO   decision    mode=farming behavior=talking_scroll action=use_talking_scroll target=- reason='return to farm map after shop' status=success
2026-09-24 06:50:03.875  INFO   nav         async nav configure start map=talking_island
2026-09-24 06:50:03.946  INFO   nav         building portal graph (cluster=32, 479x511)
2026-09-24 06:50:04.223  INFO   nav         portal graph: 188 components, 277 ms
2026-09-24 06:50:04.229  INFO   nav         farms=4 safe=11 home=(354, 203) (files farm=D:\Work\Lineage\ManmabotV1_final\engine\maps\talking_island\farms.yaml safe=D:\Work\Lineage\ManmabotV1_final\engine\maps\talking_island\safe.yaml home=D:\Work\Lineage\ManmabotV1_final\engine\maps\talking_island\home.yaml)
2026-09-24 06:50:04.229  INFO   nav         async nav configure done map=talking_island (354 ms)
2026-09-24 06:50:04.763  INFO   decision    mode=farming behavior=loot action=pickup target=22 reason='loot target' status=success
2026-09-24 06:50:06.140  INFO   session     Entity shadow: vision=36 {'player': 30, 'npc': 6} memory=43 {'npc': 7, 'player': 33, 'monster': 3} paired=32 median=0.029 unleveled=319:?,14:개구리,68:경비병
2026-09-24 06:50:11.036  INFO   decision    mode=traveling behavior=traveling action=traveling target=- reason='enter farm area' status=success
2026-09-24 06:50:11.334  INFO   session     Entity shadow: vision=29 {'player': 24, 'npc': 5} memory=43 {'npc': 7, 'player': 33, 'monster': 3} paired=25 median=0.012 unleveled=14:개구리,319:?,68:경비병
2026-09-24 06:50:16.406  INFO   session     Entity shadow: vision=33 {'player': 32, 'monster': 1} memory=77 {'player': 69, 'monster': 3, 'npc': 5} paired=31 median=0.071 unleveled=14:개구리,319:?
2026-09-24 06:50:21.481  INFO   session     Entity shadow: vision=31 {'player': 28, 'npc': 3} memory=64 {'monster': 3, 'player': 57, 'npc': 4} paired=29 median=0.049 unleveled=14:개구리,319:?
2026-09-24 06:50:26.663  INFO   session     Entity shadow: vision=15 {'player': 8, 'npc': 6, 'monster': 1} memory=18 {'npc': 5, 'player': 12, 'monster': 1} paired=11 median=0.020 unleveled=14:개구리
2026-09-24 06:50:30.778  INFO   decision    mode=traveling behavior=traveling action=traveling target=- reason='enter farm area' status=success (repeat)
2026-09-24 06:50:31.803  INFO   session     Entity shadow: vision=8 {'player': 5, 'npc': 2, 'monster': 1} memory=7 {'monster': 1, 'npc': 3, 'player': 3} paired=4 median=0.015 unleveled=14:개구리
2026-09-24 06:50:36.887  INFO   session     Entity shadow: vision=2 {'npc': 2} memory=3 {'npc': 3} paired=2 median=0.017
2026-09-24 06:50:38.564  INFO   decision    mode=traveling behavior=traveling action=traveling target=- reason='enter farm area' status=success (repeat)
2026-09-24 06:50:41.938  INFO   session     Entity shadow: vision=3 {'npc': 2, 'player': 1} memory=3 {'npc': 3} paired=2 median=0.059
2026-09-24 06:50:46.407  INFO   decision    mode=traveling behavior=traveling action=traveling target=- reason='enter farm area' status=success (repeat)
2026-09-24 06:50:46.973  INFO   session     Entity shadow: vision=4 {'monster': 1, 'player': 1, 'npc': 2} memory=4 {'npc': 4} paired=2 median=0.031
2026-09-24 06:50:52.099  INFO   session     Entity shadow: vision=3 {'player': 1, 'npc': 2} memory=2 {'npc': 2} paired=2 median=0.009
2026-09-24 06:50:54.242  INFO   decision    mode=traveling behavior=traveling action=traveling target=- reason='enter farm area' status=success (repeat)
2026-09-24 06:50:57.207  INFO   session     Entity shadow: vision=4 {'player': 1, 'npc': 3} memory=5 {'monster': 4, 'npc': 1} paired=1 median=0.009 unleveled=189:사슴,10:경비병,14:개구리,68:경비병
2026-09-24 06:51:02.220  INFO   session     Entity shadow: vision=3 {'npc': 2, 'player': 1} memory=4 {'monster': 4} paired=0 median=0.000 unleveled=208:토끼,189:사슴,10:경비병,68:경비병
2026-09-24 06:51:02.237  INFO   decision    mode=traveling behavior=traveling action=traveling target=- reason='enter farm area' status=success (repeat)
2026-09-24 06:51:07.269  INFO   session     Entity shadow: vision=4 {'player': 2, 'npc': 2} memory=5 {'monster': 4, 'player': 1} paired=1 median=0.011 unleveled=208:토끼,189:사슴,10:경비병,68:경비병
2026-09-24 06:51:09.980  INFO   decision    mode=traveling behavior=traveling action=traveling target=- reason='enter farm area' status=success (repeat)
2026-09-24 06:51:12.293  INFO   session     Entity shadow: vision=4 {'player': 3, 'npc': 1} memory=5 {'monster': 4, 'player': 1} paired=1 median=0.020 unleveled=189:사슴,207:토끼,10:경비병
2026-09-24 06:51:17.392  INFO   session     Entity shadow: vision=4 {'player': 2, 'npc': 1, 'monster': 1} memory=4 {'player': 1, 'monster': 3} paired=1 median=0.038 unleveled=10:경비병,207:토끼,189:사슴
2026-09-24 06:51:17.537  INFO   decision    mode=traveling behavior=traveling action=traveling target=- reason='enter farm area' status=success (repeat)
2026-09-24 06:51:22.519  INFO   session     Entity shadow: vision=2 {'player': 2} memory=3 {'player': 1, 'monster': 2} paired=1 median=0.015 unleveled=189:사슴,10:경비병
2026-09-24 06:51:25.133  INFO   decision    mode=traveling behavior=traveling action=traveling target=- reason='enter farm area' status=success (repeat)
2026-09-24 06:51:27.575  INFO   session     Entity shadow: vision=1 {'player': 1} memory=1 {'monster': 1} paired=0 median=0.000 unleveled=10:경비병
2026-09-24 06:51:31.892  INFO   decision    mode=traveling behavior=combat action=attack target=246 reason='engage target' status=success
2026-09-24 06:51:32.771  INFO   session     Entity shadow: vision=4 {'monster': 2, 'npc': 1, 'player': 1} memory=4 {'monster': 4} paired=2 median=0.020 unleveled=10:경비병,189:사슴
2026-09-24 06:51:33.050  INFO   decision    mode=traveling behavior=loot action=searching target=247 reason='walk onto item' status=success
2026-09-24 06:51:37.785  INFO   session     Entity shadow: vision=4 {'player': 1, 'monster': 1, 'item': 1, 'npc': 1} memory=6 {'monster': 5, 'item': 1} paired=2 median=0.013 unleveled=10:경비병,189:사슴
2026-09-24 06:51:38.898  INFO   decision    mode=traveling behavior=loot action=pickup target=247 reason='loot target' status=success
2026-09-24 06:51:43.002  INFO   session     Entity shadow: vision=2 {'player': 1, 'npc': 1} memory=3 {'monster': 3} paired=0 median=0.000 unleveled=10:경비병
2026-09-24 06:51:45.958  INFO   decision    mode=traveling behavior=combat action=attack target=248 reason='engage target' status=success
2026-09-24 06:51:47.629  INFO   decision    mode=traveling behavior=loot action=searching target=250 reason='walk onto item' status=success
2026-09-24 06:51:48.174  INFO   session     Entity shadow: vision=3 {'player': 1, 'npc': 1, 'monster': 1} memory=4 {'monster': 3, 'item': 1} paired=1 median=0.010 unleveled=10:경비병
2026-09-24 06:51:51.241  INFO   decision    mode=traveling behavior=combat action=attack target=249 reason='engage target' status=success
2026-09-24 06:51:53.066  INFO   decision    mode=traveling behavior=combat action=attack target=251 reason='engage target' status=success
2026-09-24 06:51:53.528  INFO   session     Entity shadow: vision=4 {'item': 1, 'player': 1, 'monster': 1, 'npc': 1} memory=3 {'monster': 2, 'item': 1} paired=2 median=0.016 unleveled=10:경비병
2026-09-24 06:51:56.457  INFO   decision    mode=traveling behavior=loot action=pickup target=250 reason='engage item' status=success
2026-09-24 06:51:58.696  INFO   session     Entity shadow: vision=4 {'player': 1, 'item': 2, 'npc': 1} memory=2 {'monster': 1, 'item': 1} paired=1 median=0.002 unleveled=10:경비병
2026-09-24 06:52:03.735  INFO   session     Entity shadow: vision=2 {'npc': 1, 'player': 1} memory=1 {'monster': 1} paired=0 median=0.000 unleveled=10:경비병
2026-09-24 06:52:05.628  INFO   decision    mode=traveling behavior=traveling action=traveling target=- reason='enter farm area' status=success
2026-09-24 06:52:08.815  INFO   session     Entity shadow: vision=0 {} memory=0 {} paired=0 median=0.000
2026-09-24 06:52:13.025  INFO   decision    mode=traveling behavior=traveling action=traveling target=- reason='enter farm area' status=success (repeat)
2026-09-24 06:52:13.854  INFO   session     Entity shadow: vision=2 {'player': 2} memory=3 {'player': 1, 'monster': 2} paired=1 median=0.043 unleveled=206:토끼,208:토끼
2026-09-24 06:52:17.319  INFO   decision    mode=traveling behavior=combat action=attack target=256 reason='engage target' status=success
2026-09-24 06:52:18.855  INFO   session     Entity shadow: vision=1 {'player': 1} memory=3 {'monster': 3} paired=0 median=0.000 unleveled=208:토끼,206:토끼
2026-09-24 06:52:21.073  INFO   decision    mode=traveling behavior=loot action=searching target=257 reason='walk onto item' status=success
2026-09-24 06:52:22.305  INFO   session     Paused — hotkey
2026-09-24 06:52:29.981  INFO   session     Hotkey resume → Running
2026-09-24 06:52:30.235  INFO   session     Entity shadow: vision=5 {'item': 3, 'monster': 1, 'player': 1} memory=5 {'monster': 3, 'item': 2} paired=3 median=0.015 unleveled=206:토끼
2026-09-24 06:52:30.272  INFO   decision    mode=traveling behavior=loot action=pickup target=257 reason='loot target' status=success
2026-09-24 06:52:35.287  INFO   session     Entity shadow: vision=1 {'player': 1} memory=3 {'monster': 3} paired=0 median=0.000 unleveled=206:토끼
2026-09-24 06:52:35.551  INFO   decision    mode=traveling behavior=combat action=attack target=258 reason='engage target' status=success
2026-09-24 06:52:38.433  INFO   decision    mode=traveling behavior=loot action=pickup target=261 reason='engage item' status=success
2026-09-24 06:52:40.405  INFO   session     Entity shadow: vision=2 {'monster': 2} memory=2 {'item': 1, 'monster': 1} paired=1 median=0.003
2026-09-24 06:52:43.146  INFO   decision    mode=traveling behavior=combat action=attack target=259 reason='engage target' status=success
2026-09-24 06:52:45.162  INFO   decision    mode=traveling behavior=loot action=pickup target=261 reason='engage item' status=success
2026-09-24 06:52:45.409  INFO   session     Entity shadow: vision=2 {'player': 1, 'item': 1} memory=2 {'monster': 1, 'item': 1} paired=1 median=0.033 unleveled=14:개구리
2026-09-24 06:52:47.418  INFO   decision    mode=traveling behavior=loot action=searching target=265 reason='walk onto item' status=success
2026-09-24 06:52:49.250  INFO   decision    mode=traveling behavior=loot action=pickup target=265 reason='loot target' status=success
2026-09-24 06:52:50.445  INFO   session     Entity shadow: vision=3 {'player': 2, 'item': 1} memory=2 {'monster': 1, 'item': 1} paired=1 median=0.011 unleveled=14:개구리
2026-09-24 06:52:55.639  INFO   session     Entity shadow: vision=5 {'player': 1, 'monster': 3, 'npc': 1} memory=7 {'monster': 7} paired=3 median=0.062 unleveled=207:토끼,68:경비병
2026-09-24 06:52:58.798  INFO   decision    mode=traveling behavior=combat action=attack target=272 reason='engage target' status=success
2026-09-24 06:53:00.849  INFO   session     Entity shadow: vision=5 {'npc': 1, 'monster': 3, 'player': 1} memory=6 {'monster': 6} paired=3 median=0.008 unleveled=68:경비병,207:토끼
2026-09-24 06:53:01.998  INFO   decision    mode=traveling behavior=combat action=attack target=275 reason='engage target' status=success
2026-09-24 06:53:05.960  INFO   session     Entity shadow: vision=3 {'player': 1, 'monster': 2} memory=4 {'monster': 4} paired=2 median=0.009 unleveled=207:토끼,68:경비병
2026-09-24 06:53:11.144  INFO   session     Entity shadow: vision=4 {'npc': 1, 'player': 1, 'monster': 2} memory=6 {'monster': 6} paired=2 median=0.026 unleveled=14:개구리,68:경비병,207:토끼
2026-09-24 06:53:13.408  INFO   decision    mode=traveling behavior=combat action=attack target=275 reason='attack target' status=success (repeat)
2026-09-24 06:53:14.297  INFO   decision    mode=traveling behavior=loot action=pickup target=278 reason='engage item' status=success
2026-09-24 06:53:16.336  INFO   session     Entity shadow: vision=3 {'player': 1, 'monster': 1, 'npc': 1} memory=5 {'monster': 5} paired=1 median=0.112 unleveled=14:개구리,207:토끼,68:경비병
2026-09-24 06:53:17.549  INFO   decision    mode=traveling behavior=combat action=attack target=274 reason='engage target' status=success
2026-09-24 06:53:19.243  INFO   decision    mode=traveling behavior=loot action=pickup target=278 reason='engage item' status=success
2026-09-24 06:53:21.501  INFO   session     Entity shadow: vision=3 {'player': 1, 'monster': 1, 'npc': 1} memory=4 {'monster': 4} paired=1 median=0.072 unleveled=68:경비병,14:개구리
2026-09-24 06:53:22.624  INFO   decision    mode=traveling behavior=combat action=attack target=270 reason='engage target' status=success
2026-09-24 06:53:26.655  INFO   session     Entity shadow: vision=4 {'item': 1, 'player': 1, 'monster': 1, 'npc': 1} memory=4 {'item': 1, 'monster': 3} paired=2 median=0.102 unleveled=207:토끼,14:개구리
2026-09-24 06:53:28.149  INFO   decision    mode=traveling behavior=loot action=searching target=283 reason='walk onto item' status=success
2026-09-24 06:53:31.755  INFO   session     Entity shadow: vision=2 {'player': 1, 'item': 1} memory=5 {'monster': 4, 'item': 1} paired=1 median=0.015 unleveled=14:개구리,207:토끼
2026-09-24 06:53:31.776  INFO   decision    mode=traveling behavior=loot action=pickup target=283 reason='loot target' status=success
2026-09-24 06:53:34.470  INFO   decision    mode=traveling behavior=combat action=attack target=285 reason='engage target' status=success
2026-09-24 06:53:36.813  INFO   session     Entity shadow: vision=2 {'player': 1, 'monster': 1} memory=4 {'monster': 4} paired=1 median=0.013 unleveled=207:토끼,14:개구리
2026-09-24 06:53:39.929  INFO   decision    mode=traveling behavior=survival_potion action=use_hp_potion target=- reason='critical hp, cannot heal' status=success
2026-09-24 06:53:40.762  INFO   decision    mode=traveling behavior=combat action=attack target=285 reason='attack target' status=success
2026-09-24 06:53:41.937  INFO   session     Entity shadow: vision=2 {'monster': 1, 'player': 1} memory=4 {'monster': 4} paired=1 median=0.013 unleveled=207:토끼,14:개구리
2026-09-24 06:53:45.982  INFO   decision    mode=traveling behavior=survival_potion action=use_hp_potion target=- reason='critical hp, cannot heal' status=success
2026-09-24 06:53:46.896  INFO   decision    mode=traveling behavior=combat action=attack target=285 reason='attack target' status=success
2026-09-24 06:53:47.362  INFO   session     Entity shadow: vision=2 {'player': 1, 'npc': 1} memory=3 {'monster': 3} paired=0 median=0.000 unleveled=14:개구리,207:토끼
2026-09-24 06:53:47.384  INFO   decision    mode=traveling behavior=traveling action=traveling target=- reason='enter farm area' status=success
2026-09-24 06:53:50.058  INFO   decision    mode=traveling behavior=combat action=attack target=287 reason='engage target' status=success
2026-09-24 06:53:52.467  INFO   session     Entity shadow: vision=3 {'player': 1, 'monster': 2} memory=7 {'monster': 7} paired=2 median=0.056 unleveled=14:개구리,207:토끼
2026-09-24 06:53:52.989  INFO   decision    mode=traveling behavior=loot action=searching target=291 reason='walk onto item' status=success
2026-09-24 06:53:54.331  INFO   decision    mode=traveling behavior=combat action=attack target=288 reason='engage target' status=success
2026-09-24 06:53:55.919  INFO   decision    mode=traveling behavior=talking_scroll action=use_talking_scroll target=- reason='go to shop (buy_hp_potions_mainland)' status=success
2026-09-24 06:53:58.640  INFO   nav         async nav configure start map=mainland
2026-09-24 06:53:59.450  INFO   session     Entity shadow: vision=37 {'monster': 3, 'player': 34} memory=55 {'player': 47, 'npc': 6, 'monster': 2} paired=32 median=0.049 unleveled=319:?,3969165803:사이클롭스
2026-09-24 06:53:59.522  INFO   decision    mode=farming behavior=shop action=shop_stop target=- reason='stop at shop' status=success
2026-09-24 06:53:59.536  INFO   nav         building portal graph (cluster=32, 1755x1414)
2026-09-24 06:54:03.183  INFO   nav         portal graph: 2586 components, 3647 ms
2026-09-24 06:54:03.187  INFO   nav         farms=6 safe=0 home=None (files farm=D:\Work\Lineage\ManmabotV1_final\engine\maps\mainland\farms.yaml safe=D:\Work\Lineage\ManmabotV1_final\engine\maps\mainland\safe.yaml home=D:\Work\Lineage\ManmabotV1_final\engine\maps\mainland\home.yaml)
2026-09-24 06:54:03.187  INFO   nav         async nav configure done map=mainland (4547 ms)
2026-09-24 06:54:03.480  INFO   decision    mode=farming behavior=shop action=shop_buy_arrows target=- reason='shop:buy_hp_potions_mainland' status=success
2026-09-24 06:54:09.289  INFO   session     Entity shadow: vision=34 {'player': 33, 'monster': 1} memory=58 {'player': 50, 'npc': 6, 'monster': 2} paired=31 median=0.046 unleveled=319:?,3969165803:사이클롭스
2026-09-24 06:54:09.324  INFO   decision    mode=farming behavior=talking_scroll action=use_talking_scroll target=- reason='return to farm map after shop' status=success
2026-09-24 06:54:11.954  INFO   nav         async nav configure start map=talking_island
2026-09-24 06:54:12.026  INFO   nav         building portal graph (cluster=32, 479x511)
2026-09-24 06:54:12.307  INFO   nav         portal graph: 188 components, 281 ms
2026-09-24 06:54:12.314  INFO   nav         farms=4 safe=11 home=(354, 203) (files farm=D:\Work\Lineage\ManmabotV1_final\engine\maps\talking_island\farms.yaml safe=D:\Work\Lineage\ManmabotV1_final\engine\maps\talking_island\safe.yaml home=D:\Work\Lineage\ManmabotV1_final\engine\maps\talking_island\home.yaml)
2026-09-24 06:54:12.315  INFO   nav         async nav configure done map=talking_island (360 ms)
2026-09-24 06:54:12.955  INFO   decision    mode=farming behavior=loot action=searching target=291 reason='walk onto item' status=success
2026-09-24 06:54:14.409  INFO   session     Entity shadow: vision=26 {'player': 23, 'npc': 3} memory=39 {'monster': 3, 'player': 30, 'npc': 6} paired=23 median=0.048 unleveled=10:경비병,319:?,68:경비병
2026-09-24 06:54:19.640  INFO   session     Entity shadow: vision=5 {'player': 4, 'npc': 1} memory=10 {'monster': 3, 'npc': 5, 'player': 2} paired=2 median=0.043 unleveled=206:토끼,10:경비병,68:경비병
2026-09-24 06:54:23.617  INFO   decision    mode=traveling behavior=traveling action=traveling target=- reason='unstick' status=success
2026-09-24 06:54:24.726  INFO   session     Entity shadow: vision=10 {'player': 7, 'monster': 1, 'npc': 2} memory=13 {'npc': 5, 'monster': 2, 'player': 6} paired=5 median=0.031 unleveled=10:경비병,68:경비병
2026-09-24 06:54:29.860  INFO   session     Entity shadow: vision=21 {'player': 16, 'monster': 1, 'npc': 4} memory=33 {'player': 26, 'npc': 4, 'monster': 3} paired=15 median=0.031 unleveled=319:?,10:경비병,68:경비병
2026-09-24 06:54:35.003  INFO   session     Entity shadow: vision=27 {'player': 21, 'npc': 4, 'monster': 2} memory=56 {'npc': 2, 'monster': 4, 'player': 50} paired=20 median=0.043 unleveled=14:개구리,319:?,10:경비병,68:경비병
2026-09-24 06:54:40.041  INFO   session     Entity shadow: vision=25 {'player': 18, 'npc': 4, 'monster': 3} memory=56 {'player': 50, 'monster': 2, 'npc': 4} paired=21 median=0.045 unleveled=14:개구리,68:경비병
2026-09-24 06:54:40.650  INFO   decision    mode=traveling behavior=traveling action=traveling target=- reason='enter farm area' status=success (repeat)
2026-09-24 06:54:45.229  INFO   session     Entity shadow: vision=25 {'player': 21, 'monster': 2, 'npc': 2} memory=61 {'player': 55, 'monster': 3, 'npc': 3} paired=22 median=0.044 unleveled=319:?,14:개구리,68:경비병
2026-09-24 06:54:50.375  INFO   session     Entity shadow: vision=20 {'player': 16, 'monster': 1, 'npc': 3} memory=45 {'player': 41, 'monster': 1, 'npc': 3} paired=17 median=0.069 unleveled=14:개구리
2026-09-24 06:54:55.242  INFO   decision    mode=traveling behavior=traveling action=traveling target=- reason='enter farm area' status=success (repeat)
2026-09-24 06:54:55.780  INFO   session     Entity shadow: vision=21 {'player': 16, 'npc': 2, 'monster': 3} memory=47 {'player': 43, 'npc': 4} paired=17 median=0.081
2026-09-24 06:55:00.843  INFO   session     Entity shadow: vision=11 {'player': 7, 'npc': 3, 'monster': 1} memory=16 {'player': 9, 'monster': 2, 'npc': 5} paired=9 median=0.011 unleveled=189:사슴,14:개구리
2026-09-24 06:55:05.968  INFO   session     Entity shadow: vision=8 {'player': 5, 'npc': 2, 'monster': 1} memory=14 {'player': 7, 'monster': 2, 'npc': 5} paired=6 median=0.015 unleveled=14:개구리,189:사슴
2026-09-24 06:55:05.990  INFO   decision    mode=traveling behavior=traveling action=traveling target=- reason='enter farm area' status=success (repeat)
2026-09-24 06:55:11.084  INFO   session     Entity shadow: vision=7 {'player': 4, 'npc': 2, 'monster': 1} memory=12 {'monster': 2, 'player': 6, 'npc': 4} paired=6 median=0.012 unleveled=189:사슴,14:개구리
2026-09-24 06:55:15.183  INFO   decision    mode=traveling behavior=traveling action=traveling target=- reason='enter farm area' status=success (repeat)
2026-09-24 06:55:16.250  INFO   session     Entity shadow: vision=3 {'player': 2, 'npc': 1} memory=6 {'monster': 2, 'player': 2, 'npc': 2} paired=2 median=0.046 unleveled=189:사슴,14:개구리
2026-09-24 06:55:21.407  INFO   session     Entity shadow: vision=1 {'player': 1} memory=6 {'monster': 2, 'player': 2, 'npc': 2} paired=0 median=0.000 unleveled=189:사슴,14:개구리
2026-09-24 06:55:23.299  INFO   decision    mode=traveling behavior=traveling action=traveling target=- reason='enter farm area' status=success (repeat)
2026-09-24 06:55:26.536  INFO   session     Entity shadow: vision=6 {'player': 2, 'monster': 1, 'npc': 2, 'item': 1} memory=7 {'player': 1, 'monster': 5, 'npc': 1} paired=2 median=0.028 unleveled=189:사슴,207:토끼,68:경비병,10:경비병
2026-09-24 06:55:26.792  INFO   decision    mode=traveling behavior=combat action=attack target=538 reason='engage target' status=success
2026-09-24 06:55:27.310  INFO   decision    mode=traveling behavior=loot action=searching target=539 reason='walk onto item' status=success
2026-09-24 06:55:31.566  INFO   session     Entity shadow: vision=5 {'npc': 2, 'player': 3} memory=4 {'player': 1, 'monster': 3} paired=1 median=0.013 unleveled=189:사슴,68:경비병,10:경비병
2026-09-24 06:55:36.702  INFO   session     Entity shadow: vision=3 {'npc': 2, 'player': 1} memory=5 {'monster': 4, 'player': 1} paired=0 median=0.000 unleveled=189:사슴,207:토끼,68:경비병,10:경비병
2026-09-24 06:55:38.729  INFO   decision    mode=traveling behavior=traveling action=traveling target=- reason='enter farm area' status=success
2026-09-24 06:55:41.835  INFO   session     Entity shadow: vision=2 {'player': 1, 'npc': 1} memory=5 {'monster': 5} paired=0 median=0.000 unleveled=189:사슴,207:토끼,206:토끼,68:경비병,10:경비병
2026-09-24 06:55:46.753  INFO   decision    mode=traveling behavior=traveling action=traveling target=- reason='enter farm area' status=success (repeat)
2026-09-24 06:55:46.885  INFO   session     Entity shadow: vision=0 {} memory=1 {'monster': 1} paired=0 median=0.000 unleveled=206:토끼
2026-09-24 06:55:51.993  INFO   session     Entity shadow: vision=1 {'player': 1} memory=0 {} paired=0 median=0.000
2026-09-24 06:55:54.705  INFO   decision    mode=traveling behavior=traveling action=traveling target=- reason='enter farm area' status=success (repeat)
2026-09-24 06:55:57.092  INFO   session     Entity shadow: vision=1 {'player': 1} memory=1 {'monster': 1} paired=0 median=0.000 unleveled=189:사슴
2026-09-24 06:56:02.142  INFO   session     Entity shadow: vision=1 {'player': 1} memory=0 {} paired=0 median=0.000
2026-09-24 06:56:02.435  INFO   decision    mode=traveling behavior=traveling action=traveling target=- reason='enter farm area' status=success (repeat)
2026-09-24 06:56:07.157  INFO   session     Entity shadow: vision=1 {'player': 1} memory=0 {} paired=0 median=0.000
2026-09-24 06:56:10.063  INFO   decision    mode=traveling behavior=traveling action=traveling target=- reason='enter farm area' status=success (repeat)
2026-09-24 06:56:12.069  INFO   decision    mode=traveling behavior=combat action=attack target=543 reason='engage target' status=success
2026-09-24 06:56:12.497  INFO   session     Entity shadow: vision=1 {'player': 1} memory=1 {'monster': 1} paired=0 median=0.000
2026-09-24 06:56:17.600  INFO   session     Entity shadow: vision=1 {'player': 1} memory=2 {'monster': 1, 'player': 1} paired=0 median=0.000
2026-09-24 06:56:20.675  INFO   decision    mode=traveling behavior=loot action=pickup target=545 reason='engage item' status=success
2026-09-24 06:56:22.754  INFO   session     Entity shadow: vision=1 {'player': 1} memory=0 {} paired=0 median=0.000
2026-09-24 06:56:27.834  INFO   session     Entity shadow: vision=2 {'player': 2} memory=1 {'monster': 1} paired=0 median=0.000
2026-09-24 06:56:28.927  INFO   decision    mode=traveling behavior=combat action=attack target=546 reason='engage target' status=success
2026-09-24 06:56:30.426  INFO   decision    mode=traveling behavior=loot action=searching target=547 reason='walk onto item' status=success
2026-09-24 06:56:32.969  INFO   session     Entity shadow: vision=2 {'player': 1, 'item': 1} memory=2 {'monster': 1, 'item': 1} paired=1 median=0.018 unleveled=189:사슴
2026-09-24 06:56:34.602  INFO   decision    mode=traveling behavior=loot action=pickup target=547 reason='loot target' status=success
2026-09-24 06:56:38.000  INFO   session     Entity shadow: vision=3 {'player': 1, 'monster': 2} memory=4 {'monster': 4} paired=2 median=0.022 unleveled=208:토끼,189:사슴
2026-09-24 06:56:42.341  INFO   decision    mode=traveling behavior=traveling action=traveling target=- reason='enter farm area' status=success
2026-09-24 06:56:43.023  INFO   session     Entity shadow: vision=2 {'player': 2} memory=3 {'monster': 3} paired=0 median=0.000 unleveled=208:토끼,189:사슴,207:토끼
2026-09-24 06:56:43.399  INFO   decision    mode=traveling behavior=combat action=attack target=553 reason='engage target' status=success
2026-09-24 06:56:44.532  INFO   decision    mode=traveling behavior=traveling action=traveling target=- reason='enter farm area' status=success
2026-09-24 06:56:48.025  INFO   session     Entity shadow: vision=1 {'player': 1} memory=2 {'monster': 2} paired=0 median=0.000 unleveled=189:사슴,208:토끼
2026-09-24 06:56:48.684  INFO   decision    mode=traveling behavior=combat action=attack target=554 reason='engage target' status=success
2026-09-24 06:56:49.815  INFO   decision    mode=traveling behavior=loot action=searching target=556 reason='walk onto item' status=success
2026-09-24 06:56:53.157  INFO   session     Entity shadow: vision=4 {'player': 2, 'monster': 1, 'item': 1} memory=5 {'monster': 4, 'item': 1} paired=2 median=0.014 unleveled=14:개구리,189:사슴,208:토끼
2026-09-24 06:56:56.019  INFO   decision    mode=traveling behavior=loot action=pickup target=556 reason='loot target' status=success
2026-09-24 06:56:58.349  INFO   session     Entity shadow: vision=1 {'player': 1} memory=2 {'monster': 2} paired=0 median=0.000 unleveled=189:사슴,14:개구리
2026-09-24 06:57:03.402  INFO   session     Entity shadow: vision=1 {'player': 1} memory=1 {'monster': 1} paired=0 median=0.000 unleveled=189:사슴
2026-09-24 06:57:03.421  INFO   decision    mode=traveling behavior=traveling action=traveling target=- reason='enter farm area' status=success
2026-09-24 06:57:08.493  INFO   session     Entity shadow: vision=1 {'player': 1} memory=2 {'monster': 2} paired=0 median=0.000 unleveled=189:사슴,14:개구리
2026-09-24 06:57:10.021  INFO   decision    mode=traveling behavior=combat action=attack target=563 reason='engage target' status=success
2026-09-24 06:57:13.570  INFO   session     Entity shadow: vision=3 {'player': 1, 'monster': 2} memory=3 {'monster': 3} paired=2 median=0.031 unleveled=14:개구리
2026-09-24 06:57:18.600  INFO   session     Entity shadow: vision=2 {'monster': 1, 'player': 1} memory=3 {'monster': 3} paired=1 median=0.014 unleveled=14:개구리
2026-09-24 06:57:20.978  INFO   decision    mode=traveling behavior=combat action=attack target=563 reason='attack target' status=success (repeat)
2026-09-24 06:57:23.798  INFO   session     Entity shadow: vision=2 {'monster': 1, 'player': 1} memory=1 {'monster': 1} paired=1 median=0.014
2026-09-24 06:57:28.897  INFO   session     Entity shadow: vision=2 {'player': 1, 'monster': 1} memory=1 {'monster': 1} paired=1 median=0.014
2026-09-24 06:57:31.248  INFO   decision    mode=traveling behavior=combat action=attack target=563 reason='attack target' status=success (repeat)
2026-09-24 06:57:33.994  INFO   session     Entity shadow: vision=2 {'monster': 1, 'player': 1} memory=1 {'monster': 1} paired=1 median=0.014
2026-09-24 06:57:39.115  INFO   session     Entity shadow: vision=2 {'monster': 1, 'player': 1} memory=1 {'monster': 1} paired=1 median=0.014
2026-09-24 06:57:41.431  INFO   decision    mode=traveling behavior=combat action=attack target=563 reason='attack target' status=success (repeat)
2026-09-24 06:57:44.267  INFO   session     Entity shadow: vision=2 {'player': 1, 'monster': 1} memory=1 {'monster': 1} paired=1 median=0.014
2026-09-24 06:57:48.800  INFO   decision    mode=traveling behavior=loot action=searching target=565 reason='walk onto item' status=success
2026-09-24 06:57:49.296  INFO   session     Entity shadow: vision=3 {'item': 1, 'monster': 1, 'player': 1} memory=1 {'item': 1} paired=1 median=0.009
2026-09-24 06:57:54.299  INFO   session     Entity shadow: vision=2 {'player': 1, 'item': 1} memory=1 {'item': 1} paired=1 median=0.011
2026-09-24 06:57:55.616  INFO   decision    mode=traveling behavior=loot action=pickup target=565 reason='loot target' status=success
2026-09-24 06:57:59.405  INFO   session     Entity shadow: vision=2 {'player': 1, 'item': 1} memory=2 {'monster': 1, 'item': 1} paired=1 median=0.001 unleveled=189:사슴
2026-09-24 06:58:02.983  INFO   decision    mode=traveling behavior=loot action=searching target=567 reason='walk onto item' status=success
2026-09-24 06:58:04.516  INFO   session     Entity shadow: vision=2 {'player': 2} memory=2 {'monster': 1, 'player': 1} paired=1 median=0.058 unleveled=189:사슴
2026-09-24 06:58:09.718  INFO   session     Entity shadow: vision=2 {'player': 1, 'item': 1} memory=5 {'player': 1, 'monster': 3, 'item': 1} paired=2 median=0.022 unleveled=189:사슴
2026-09-24 06:58:10.793  INFO   decision    mode=traveling behavior=loot action=searching target=572 reason='walk onto item' status=success
2026-09-24 06:58:13.942  INFO   session     Paused — hotkey
2026-09-24 06:58:24.718  INFO   session     Stop → Stopped (정지 — 게임 창이 닫혔습니다.)
2026-09-24 06:58:24.798  INFO   session     Bot worker exited
