2026-09-28 00:49:28.254  INFO   session     Loading Manmabot from D:\ManmabotV1_final\engine
2026-09-28 00:49:28.260  INFO   session     Session log D:\ManmabotV1_final\engine\logs\bot-20260928-004928.log
2026-09-28 00:49:28.260  INFO   session     character=elf loot=all_items game_lang=ko map=talking_island farms=['area_1', 'area_3'] file=D:\ManmabotV1_final\engine\logs\bot-20260928-004928.log
2026-09-28 00:49:28.557  INFO   nav         building portal graph (cluster=32, 479x511)
2026-09-28 00:49:28.904  INFO   nav         portal graph: 188 components, 347 ms
2026-09-28 00:49:28.912  INFO   nav         farms=2 safe=11 home=(354, 203) (files farm=D:\ManmabotV1_final\engine\maps\talking_island\farms.yaml safe=D:\ManmabotV1_final\engine\maps\talking_island\safe.yaml home=D:\ManmabotV1_final\engine\maps\talking_island\home.yaml)
2026-09-28 00:49:29.154  INFO   capture     mss window capture process='LC.exe' title=None content_aspect=4:3
2026-09-28 00:49:29.655  INFO   session     Entity clicks use memory names, species, and world cells. Image recognition still runs. Set memory.entity_source to vision to restore image-only clicks.
2026-09-28 00:49:29.673  INFO   session     Player memory is read in this process (realtime_monitor.dll, offsets.json). No separate console.
2026-09-28 00:49:29.685  INFO   session     인벤토리를 백그라운드에서 스캔 중 (inventory_listen.dll 또는 inv.json을 두세요).
2026-09-28 00:49:29.716  INFO   session     메모리에서 핫바 24칸을 읽는 중…
2026-09-28 00:49:29.801  INFO   session     핫바 스캔 완료 · 파워 업@box2/f8, 아머 업@box2/f5, 라이트@box1/f10, 힐@box1/f9, HP 물약@box1/f8, 텔레포트@box1/f11, 마법 공격@box1/f12, 말하는 두루마리@box1/f5
2026-09-28 00:49:29.848  INFO   session     매핑되지 않은 핫바 아이콘: box1/f6:작은 활 (무장), box1/f7:나무 화살, box1/f9:아데나
2026-09-28 00:49:29.864  INFO   session     루프 준비 · 요정 · 한국어 · 맵=말하는 섬 · 룻=전부 줍기 · 구역=구역 1, 구역 3
2026-09-28 00:49:30.817  INFO   session     Entity shadow: vision=12 {'player': 9, 'npc': 3} memory=12 {'monster': 1, 'npc': 2, 'player': 9} paired=9 median=0.025 unleveled=10:警衛
2026-09-28 00:49:30.865  INFO   session     인벤토리 수신 준비 (dll) · hp=0 화살=461 은화살=82 해독=0
2026-09-28 00:49:30.886  INFO   decision    mode=farming behavior=buff action=buff target=- reason='armor_up' status=success
2026-09-28 00:49:32.146  INFO   decision    mode=traveling behavior=traveling action=traveling target=- reason='enter farm area' status=success
2026-09-28 00:49:36.699  INFO   session     Entity shadow: vision=10 {'player': 6, 'npc': 4} memory=6 {'monster': 1, 'npc': 2, 'player': 3} paired=4 median=0.053 unleveled=10:警衛
2026-09-28 00:49:37.323  INFO   decision    mode=traveling behavior=combat action=attack target=13 reason='engage target' status=success
2026-09-28 00:49:41.508  INFO   session     Entity shadow: vision=8 {'player': 1, 'npc': 5, 'monster': 2} memory=6 {'monster': 5, 'npc': 1} paired=2 median=0.031 unleveled=10:警衛,68:警衛
2026-09-28 00:49:41.595  INFO   decision    mode=traveling behavior=buff action=buff target=- reason='light' status=success
2026-09-28 00:49:42.298  INFO   decision    mode=traveling behavior=combat action=attack target=13 reason='attack target' status=success
2026-09-28 00:49:45.368  INFO   decision    mode=traveling behavior=traveling action=traveling target=- reason='enter farm area' status=success
2026-09-28 00:49:46.579  INFO   session     Entity shadow: vision=3 {'player': 1, 'npc': 2} memory=2 {'monster': 2} paired=0 median=0.000 unleveled=68:警衛,10:警衛
2026-09-28 00:49:49.878  INFO   decision    mode=traveling behavior=combat action=attack target=17 reason='engage target' status=success
2026-09-28 00:49:51.947  INFO   session     Entity shadow: vision=2 {'player': 1, 'monster': 1} memory=2 {'monster': 2} paired=1 median=0.002 unleveled=189:鹿
2026-09-28 00:49:53.690  INFO   decision    mode=traveling behavior=traveling action=traveling target=- reason='enter farm area' status=success
2026-09-28 00:49:56.966  INFO   session     Entity shadow: vision=1 {'player': 1} memory=1 {'monster': 1} paired=0 median=0.000 unleveled=189:鹿
2026-09-28 00:49:57.244  INFO   decision    mode=traveling behavior=combat action=attack target=20 reason='engage target' status=success
2026-09-28 00:50:00.714  INFO   decision    mode=traveling behavior=traveling action=traveling target=- reason='enter farm area' status=success
2026-09-28 00:50:02.068  INFO   session     Entity shadow: vision=1 {'player': 1} memory=0 {} paired=0 median=0.000
2026-09-28 00:50:02.890  INFO   decision    mode=traveling behavior=combat action=attack target=21 reason='engage target' status=success
2026-09-28 00:50:07.155  INFO   session     Entity shadow: vision=2 {'monster': 1, 'player': 1} memory=1 {'monster': 1} paired=1 median=0.016
2026-09-28 00:50:11.245  INFO   decision    mode=traveling behavior=traveling action=traveling target=- reason='enter farm area' status=success
2026-09-28 00:50:12.460  INFO   session     Entity shadow: vision=1 {'player': 1} memory=0 {} paired=0 median=0.000
2026-09-28 00:50:17.514  INFO   session     Entity shadow: vision=1 {'player': 1} memory=0 {} paired=0 median=0.000
2026-09-28 00:50:20.803  INFO   decision    mode=traveling behavior=combat action=attack target=23 reason='engage target' status=success
2026-09-28 00:50:22.793  INFO   session     Entity shadow: vision=2 {'player': 1, 'monster': 1} memory=1 {'monster': 1} paired=1 median=0.040
2026-09-28 00:50:26.527  INFO   decision    mode=traveling behavior=loot action=searching target=25 reason='walk onto item' status=success
2026-09-28 00:50:27.947  INFO   session     Entity shadow: vision=3 {'player': 1, 'monster': 1, 'item': 1} memory=2 {'item': 1, 'monster': 1} paired=2 median=0.031
2026-09-28 00:50:31.192  INFO   decision    mode=traveling behavior=loot action=pickup target=25 reason='loot target' status=success
2026-09-28 00:50:31.848  INFO   decision    mode=traveling behavior=loot action=idle target=- reason='pickup settle' status=success
2026-09-28 00:50:32.472  INFO   decision    mode=traveling behavior=combat action=attack target=24 reason='engage target' status=success
2026-09-28 00:50:33.264  INFO   session     Entity shadow: vision=2 {'monster': 1, 'player': 1} memory=1 {'monster': 1} paired=1 median=0.021
2026-09-28 00:50:34.523  INFO   decision    mode=traveling behavior=traveling action=traveling target=- reason='enter farm area' status=success
2026-09-28 00:50:36.340  INFO   decision    mode=traveling behavior=combat action=attack target=26 reason='engage target' status=success
2026-09-28 00:50:38.236  INFO   session     Entity shadow: vision=3 {'player': 1, 'monster': 2} memory=2 {'monster': 2} paired=1 median=0.011 unleveled=208:兔子
2026-09-28 00:50:43.255  INFO   session     Entity shadow: vision=3 {'monster': 2, 'player': 1} memory=3 {'monster': 3} paired=2 median=0.028 unleveled=208:兔子
2026-09-28 00:50:44.530  INFO   decision    mode=traveling behavior=combat action=attack target=28 reason='engage target' status=success
2026-09-28 00:50:47.982  INFO   decision    mode=traveling behavior=loot action=searching target=29 reason='walk onto item' status=success
2026-09-28 00:50:48.421  INFO   session     Entity shadow: vision=2 {'player': 1, 'monster': 1} memory=2 {'item': 1, 'monster': 1} paired=0 median=0.000 unleveled=208:兔子
2026-09-28 00:50:50.231  INFO   decision    mode=traveling behavior=loot action=pickup target=29 reason='loot target' status=success
2026-09-28 00:50:50.799  INFO   decision    mode=traveling behavior=loot action=idle target=- reason='pickup settle' status=success
2026-09-28 00:50:51.537  INFO   decision    mode=traveling behavior=traveling action=traveling target=- reason='enter farm area' status=success
2026-09-28 00:50:53.525  INFO   session     Entity shadow: vision=2 {'player': 1, 'npc': 1} memory=2 {'monster': 2} paired=0 median=0.000 unleveled=208:兔子,68:警衛
2026-09-28 00:50:58.662  INFO   session     Entity shadow: vision=1 {'player': 1} memory=1 {'monster': 1} paired=0 median=0.000 unleveled=208:兔子
2026-09-28 00:51:03.773  INFO   session     Entity shadow: vision=1 {'player': 1} memory=0 {} paired=0 median=0.000
2026-09-28 00:51:07.095  INFO   decision    mode=traveling behavior=loot action=searching target=32 reason='walk onto item' status=success
2026-09-28 00:51:08.859  INFO   session     Entity shadow: vision=2 {'player': 1, 'item': 1} memory=1 {'item': 1} paired=1 median=0.014
2026-09-28 00:51:12.398  INFO   decision    mode=traveling behavior=loot action=pickup target=32 reason='loot target' status=success
2026-09-28 00:51:12.857  INFO   decision    mode=traveling behavior=loot action=idle target=- reason='pickup settle' status=success
2026-09-28 00:51:13.734  INFO   decision    mode=traveling behavior=combat action=attack target=33 reason='engage target' status=success
2026-09-28 00:51:14.377  INFO   session     Entity shadow: vision=2 {'npc': 1, 'player': 1} memory=2 {'player': 1, 'monster': 1} paired=1 median=0.090
2026-09-28 00:51:19.415  INFO   session     Entity shadow: vision=1 {'player': 1} memory=1 {'monster': 1} paired=0 median=0.000
2026-09-28 00:51:24.553  INFO   session     Entity shadow: vision=3 {'player': 3} memory=2 {'player': 1, 'monster': 1} paired=1 median=0.024
2026-09-28 00:51:26.450  INFO   decision    mode=traveling behavior=traveling action=traveling target=- reason='enter farm area' status=success
2026-09-28 00:51:29.981  INFO   session     Entity shadow: vision=1 {'player': 1} memory=0 {} paired=0 median=0.000
2026-09-28 00:51:34.745  INFO   session     Entity shadow: vision=1 {'player': 1} memory=0 {} paired=0 median=0.000
2026-09-28 00:51:38.039  INFO   decision    mode=traveling behavior=combat action=attack target=37 reason='engage target' status=success
2026-09-28 00:51:40.232  INFO   session     Entity shadow: vision=2 {'player': 1, 'monster': 1} memory=5 {'monster': 4, 'item': 1} paired=1 median=0.049 unleveled=68:警衛
2026-09-28 00:51:40.278  INFO   decision    mode=traveling behavior=loot action=searching target=38 reason='walk onto item' status=success
2026-09-28 00:51:41.624  INFO   decision    mode=traveling behavior=combat action=attack target=37 reason='engage target' status=success
2026-09-28 00:51:43.680  INFO   decision    mode=traveling behavior=loot action=searching target=38 reason='walk onto item' status=success
2026-09-28 00:51:44.303  INFO   decision    mode=traveling behavior=combat action=attack target=37 reason='engage target' status=success
2026-09-28 00:51:44.981  INFO   decision    mode=traveling behavior=loot action=searching target=38 reason='walk onto item' status=success
2026-09-28 00:51:45.523  INFO   session     Entity shadow: vision=5 {'player': 3, 'item': 1, 'npc': 1} memory=7 {'player': 1, 'item': 1, 'monster': 5} paired=2 median=0.053 unleveled=68:警衛
2026-09-28 00:51:45.575  INFO   decision    mode=traveling behavior=combat action=attack target=47 reason='engage target' status=success
2026-09-28 00:51:46.371  INFO   decision    mode=traveling behavior=loot action=searching target=45 reason='walk onto item' status=success
2026-09-28 00:51:48.426  INFO   decision    mode=traveling behavior=combat action=attack target=48 reason='engage target' status=success
2026-09-28 00:51:49.086  INFO   decision    mode=traveling behavior=loot action=searching target=45 reason='walk onto item' status=success
2026-09-28 00:51:49.577  INFO   decision    mode=traveling behavior=combat action=attack target=48 reason='engage target' status=success
2026-09-28 00:51:50.302  INFO   decision    mode=traveling behavior=loot action=searching target=45 reason='walk onto item' status=success
2026-09-28 00:51:50.922  INFO   session     Entity shadow: vision=3 {'player': 1, 'npc': 1, 'item': 1} memory=6 {'monster': 5, 'item': 1} paired=1 median=0.001 unleveled=68:警衛
2026-09-28 00:51:50.976  INFO   decision    mode=traveling behavior=combat action=attack target=50 reason='engage target' status=success
2026-09-28 00:51:55.683  INFO   decision    mode=traveling behavior=loot action=pickup target=45 reason='engage item' status=success
2026-09-28 00:51:56.240  INFO   session     Entity shadow: vision=2 {'player': 1, 'npc': 1} memory=6 {'monster': 5, 'item': 1} paired=0 median=0.000 unleveled=68:警衛
2026-09-28 00:51:56.270  INFO   decision    mode=traveling behavior=loot action=idle target=- reason='pickup settle' status=success
2026-09-28 00:51:57.042  INFO   decision    mode=traveling behavior=loot action=pickup target=56 reason='engage item' status=success
2026-09-28 00:51:57.578  INFO   decision    mode=traveling behavior=loot action=idle target=- reason='pickup settle' status=success
2026-09-28 00:51:58.536  INFO   decision    mode=traveling behavior=combat action=attack target=54 reason='engage target' status=success
2026-09-28 00:52:00.802  INFO   decision    mode=traveling behavior=loot action=pickup target=58 reason='engage item' status=success
2026-09-28 00:52:01.413  INFO   session     Entity shadow: vision=6 {'item': 2, 'player': 2, 'monster': 2} memory=5 {'item': 2, 'monster': 3} paired=4 median=0.008
2026-09-28 00:52:01.448  INFO   decision    mode=traveling behavior=loot action=idle target=- reason='pickup settle' status=success
2026-09-28 00:52:01.911  INFO   decision    mode=traveling behavior=loot action=pickup target=56 reason='engage item' status=success
2026-09-28 00:52:02.560  INFO   decision    mode=traveling behavior=loot action=idle target=- reason='pickup settle' status=success
2026-09-28 00:52:03.098  INFO   decision    mode=traveling behavior=combat action=attack target=52 reason='engage target' status=success
2026-09-28 00:52:05.390  INFO   decision    mode=traveling behavior=combat action=attack target=53 reason='attack target' status=success
2026-09-28 00:52:06.582  INFO   session     Entity shadow: vision=4 {'item': 2, 'player': 1, 'monster': 1} memory=5 {'monster': 3, 'item': 2} paired=3 median=0.001
2026-09-28 00:52:07.795  INFO   decision    mode=traveling behavior=loot action=pickup target=58 reason='engage item' status=success
2026-09-28 00:52:08.390  INFO   decision    mode=traveling behavior=loot action=idle target=- reason='pickup settle' status=success
2026-09-28 00:52:09.159  INFO   decision    mode=traveling behavior=loot action=pickup target=60 reason='engage item' status=success
2026-09-28 00:52:09.643  INFO   decision    mode=traveling behavior=loot action=idle target=- reason='pickup settle' status=success
2026-09-28 00:52:10.666  INFO   decision    mode=traveling behavior=loot action=searching target=62 reason='walk onto item' status=success
2026-09-28 00:52:11.688  INFO   session     Entity shadow: vision=3 {'player': 1, 'item': 1, 'monster': 1} memory=3 {'monster': 2, 'item': 1} paired=2 median=0.038
2026-09-28 00:52:14.689  INFO   decision    mode=traveling behavior=unstick action=teleport target=- reason='unstick confined' status=success
2026-09-28 00:52:16.155  INFO   decision    mode=traveling behavior=loot action=searching target=62 reason='walk onto item' status=success
2026-09-28 00:52:16.788  INFO   session     Entity shadow: vision=6 {'player': 2, 'npc': 1, 'item': 1, 'monster': 2} memory=5 {'monster': 3, 'player': 1, 'item': 1} paired=4 median=0.032 unleveled=68:警衛
2026-09-28 00:52:16.822  INFO   decision    mode=traveling behavior=loot action=pickup target=62 reason='loot target' status=success
2026-09-28 00:52:18.056  INFO   decision    mode=traveling behavior=combat action=attack target=64 reason='engage target' status=success
2026-09-28 00:52:21.821  INFO   session     Entity shadow: vision=4 {'npc': 1, 'monster': 2, 'item': 1} memory=7 {'monster': 6, 'item': 1} paired=3 median=0.032 unleveled=68:警衛
2026-09-28 00:52:24.913  INFO   decision    mode=traveling behavior=loot action=searching target=62 reason='walk onto item' status=success
2026-09-28 00:52:25.455  INFO   decision    mode=traveling behavior=combat action=attack target=70 reason='engage target' status=success
2026-09-28 00:52:26.192  INFO   decision    mode=traveling behavior=loot action=searching target=62 reason='walk onto item' status=success
2026-09-28 00:52:26.704  INFO   decision    mode=traveling behavior=combat action=attack target=70 reason='engage target' status=success
2026-09-28 00:52:27.490  INFO   session     Entity shadow: vision=5 {'item': 1, 'npc': 1, 'monster': 2, 'player': 1} memory=4 {'monster': 3, 'item': 1} paired=3 median=0.017 unleveled=68:警衛
2026-09-28 00:52:27.541  INFO   decision    mode=traveling behavior=loot action=searching target=62 reason='walk onto item' status=success
2026-09-28 00:52:28.186  INFO   decision    mode=traveling behavior=combat action=attack target=70 reason='engage target' status=success
2026-09-28 00:52:28.925  INFO   decision    mode=traveling behavior=loot action=searching target=62 reason='walk onto item' status=success
2026-09-28 00:52:29.360  INFO   decision    mode=traveling behavior=combat action=attack target=70 reason='engage target' status=success
2026-09-28 00:52:31.454  INFO   decision    mode=traveling behavior=combat action=attack target=74 reason='attack target' status=success
2026-09-28 00:52:32.807  INFO   session     Entity shadow: vision=4 {'item': 1, 'npc': 1, 'player': 2} memory=5 {'monster': 3, 'item': 2} paired=1 median=0.014 unleveled=68:警衛
2026-09-28 00:52:34.349  INFO   decision    mode=traveling behavior=loot action=pickup target=77 reason='engage item' status=success
2026-09-28 00:52:36.342  INFO   decision    mode=traveling behavior=unstick action=teleport target=- reason='unstick confined' status=success
2026-09-28 00:52:37.845  INFO   decision    mode=traveling behavior=loot action=pickup target=77 reason='loot target' status=success
2026-09-28 00:52:38.398  INFO   session     Entity shadow: vision=4 {'item': 1, 'monster': 1, 'player': 1, 'npc': 1} memory=4 {'monster': 2, 'player': 1, 'item': 1} paired=3 median=0.026 unleveled=68:警衛
2026-09-28 00:52:38.977  INFO   decision    mode=retreating behavior=retreating action=teleport target=- reason='retreat teleport' status=success
2026-09-28 00:52:40.150  INFO   decision    mode=retreating behavior=talking_scroll action=use_talking_scroll target=- reason='retreat, 마법서 상인' status=success
2026-09-28 00:52:42.031  INFO   decision    mode=retreating behavior=heal action=heal target=- reason='heal after teleport' status=success
2026-09-28 00:52:44.438  INFO   session     Entity shadow: vision=3 {'player': 1, 'npc': 2} memory=7 {'monster': 4, 'npc': 3} paired=0 median=0.000 unleveled=68:警衛,10:警衛
2026-09-28 00:52:48.767  INFO   decision    mode=retreating behavior=retreating action=idle target=- reason='retreating, waiting for hp' status=success
2026-09-28 00:52:49.742  INFO   session     Entity shadow: vision=4 {'npc': 2, 'player': 1, 'monster': 1} memory=6 {'monster': 3, 'npc': 3} paired=1 median=0.040 unleveled=68:警衛,10:警衛
2026-09-28 00:52:54.975  INFO   session     Entity shadow: vision=4 {'npc': 2, 'player': 1, 'monster': 1} memory=6 {'monster': 3, 'npc': 3} paired=1 median=0.024 unleveled=68:警衛,10:警衛
2026-09-28 00:52:59.919  INFO   session     Entity shadow: vision=4 {'npc': 2, 'player': 1, 'monster': 1} memory=6 {'monster': 3, 'npc': 3} paired=1 median=0.023 unleveled=68:警衛,10:警衛
2026-09-28 00:53:00.483  INFO   decision    mode=traveling behavior=traveling action=traveling target=- reason='return to farm after retreat' status=success
2026-09-28 00:53:05.119  INFO   session     Entity shadow: vision=2 {'player': 1, 'npc': 1} memory=2 {'monster': 1, 'npc': 1} paired=0 median=0.000 unleveled=10:警衛
2026-09-28 00:53:07.795  INFO   decision    mode=traveling behavior=loot action=searching target=87 reason='walk onto item' status=success
2026-09-28 00:53:10.643  INFO   session     Entity shadow: vision=3 {'player': 1, 'monster': 1, 'item': 1} memory=4 {'monster': 3, 'item': 1} paired=2 median=0.037
2026-09-28 00:53:14.204  INFO   decision    mode=traveling behavior=loot action=pickup target=87 reason='loot target' status=success
2026-09-28 00:53:14.775  INFO   decision    mode=traveling behavior=loot action=idle target=- reason='pickup settle' status=success
2026-09-28 00:53:15.513  INFO   decision    mode=traveling behavior=traveling action=traveling target=- reason='return to farm after retreat' status=success
2026-09-28 00:53:15.942  INFO   session     Entity shadow: vision=1 {'monster': 1} memory=0 {} paired=0 median=0.000
2026-09-28 00:53:18.322  INFO   decision    mode=traveling behavior=loot action=searching target=91 reason='walk onto item' status=success
2026-09-28 00:53:20.692  INFO   decision    mode=traveling behavior=loot action=searching target=94 reason='walk onto item' status=success
2026-09-28 00:53:21.146  INFO   session     Entity shadow: vision=4 {'monster': 1, 'item': 3} memory=5 {'monster': 1, 'item': 3, 'player': 1} paired=3 median=0.021
2026-09-28 00:53:21.762  INFO   decision    mode=traveling behavior=combat action=attack target=96 reason='engage target' status=success
2026-09-28 00:53:23.072  INFO   decision    mode=traveling behavior=loot action=pickup target=93 reason='engage item' status=success
2026-09-28 00:53:23.756  INFO   decision    mode=traveling behavior=loot action=idle target=- reason='pickup settle' status=success
2026-09-28 00:53:24.444  INFO   decision    mode=traveling behavior=loot action=searching target=94 reason='walk onto item' status=success
2026-09-28 00:53:26.159  INFO   decision    mode=traveling behavior=combat action=attack target=97 reason='engage target' status=success
2026-09-28 00:53:26.817  INFO   session     Entity shadow: vision=4 {'player': 1, 'item': 3} memory=6 {'monster': 1, 'item': 4, 'player': 1} paired=4 median=0.036
2026-09-28 00:53:26.860  INFO   decision    mode=traveling behavior=loot action=pickup target=93 reason='engage item' status=success
2026-09-28 00:53:27.429  INFO   decision    mode=traveling behavior=loot action=idle target=- reason='pickup settle' status=success
2026-09-28 00:53:28.322  INFO   decision    mode=traveling behavior=loot action=pickup target=99 reason='engage item' status=success
2026-09-28 00:53:29.036  INFO   decision    mode=traveling behavior=loot action=idle target=- reason='pickup settle' status=success
2026-09-28 00:53:29.478  INFO   decision    mode=traveling behavior=loot action=pickup target=94 reason='engage item' status=success
2026-09-28 00:53:30.145  INFO   decision    mode=traveling behavior=loot action=idle target=- reason='pickup settle' status=success
2026-09-28 00:53:30.588  INFO   decision    mode=traveling behavior=loot action=searching target=95 reason='walk onto item' status=success
2026-09-28 00:53:31.448  INFO   decision    mode=traveling behavior=loot action=searching target=102 reason='walk onto item' status=success
2026-09-28 00:53:31.982  INFO   session     Entity shadow: vision=5 {'player': 2, 'item': 2, 'monster': 1} memory=3 {'player': 1, 'item': 2} paired=3 median=0.053
2026-09-28 00:53:34.561  INFO   decision    mode=traveling behavior=loot action=pickup target=102 reason='loot target' status=success
2026-09-28 00:53:35.293  INFO   decision    mode=traveling behavior=loot action=idle target=- reason='pickup settle' status=success
2026-09-28 00:53:35.679  INFO   decision    mode=traveling behavior=talking_scroll action=use_talking_scroll target=- reason='go to shop (sell_garbage_ch)' status=success
2026-09-28 00:53:40.175  INFO   session     Entity shadow: vision=22 {'player': 19, 'npc': 3} memory=66 {'player': 64, 'npc': 2} paired=19 median=0.025
2026-09-28 00:53:40.298  INFO   decision    mode=farming behavior=shop action=shop_stop target=- reason='stop at shop' status=success
2026-09-28 00:53:41.362  INFO   decision    mode=farming behavior=shop action=shop_buy_arrows target=- reason='shop:sell_garbage_ch' status=success
2026-09-28 00:54:36.599  INFO   session     Entity shadow: vision=19 {'npc': 3, 'player': 16} memory=70 {'player': 68, 'npc': 2} paired=18 median=0.026
2026-09-28 00:54:36.706  INFO   decision    mode=farming behavior=unstick action=teleport target=- reason='unstick confined' status=success
2026-09-28 00:54:38.068  INFO   decision    mode=farming behavior=talking_scroll action=use_talking_scroll target=- reason='go to shop (sell_garbage_weapon_ch)' status=success
2026-09-28 00:54:41.485  INFO   nav         async nav configure start map=mainland
2026-09-28 00:54:42.860  INFO   session     Entity shadow: vision=25 {'player': 23, 'npc': 1, 'monster': 1} memory=37 {'player': 33, 'npc': 4} paired=22 median=0.030
2026-09-28 00:54:43.019  INFO   decision    mode=farming behavior=shop action=shop_stop target=- reason='stop at shop' status=success
2026-09-28 00:54:43.191  INFO   nav         building portal graph (cluster=32, 1755x1414)
2026-09-28 00:54:48.178  INFO   nav         portal graph: 2586 components, 4987 ms
2026-09-28 00:54:48.186  INFO   nav         farms=6 safe=0 home=None (files farm=D:\ManmabotV1_final\engine\maps\mainland\farms.yaml safe=D:\ManmabotV1_final\engine\maps\mainland\safe.yaml home=D:\ManmabotV1_final\engine\maps\mainland\home.yaml)
2026-09-28 00:54:48.186  INFO   nav         async nav configure done map=mainland (6700 ms)
2026-09-28 00:54:48.377  INFO   session     Entity shadow: vision=19 {'player': 19} memory=38 {'npc': 5, 'player': 33} paired=19 median=0.030
2026-09-28 00:54:48.681  INFO   decision    mode=farming behavior=shop action=shop_buy_arrows target=- reason='shop:sell_garbage_weapon_ch' status=success
2026-09-28 00:54:53.532  INFO   session     Entity shadow: vision=24 {'player': 23, 'npc': 1} memory=37 {'player': 32, 'npc': 5} paired=21 median=0.030
2026-09-28 00:54:53.657  INFO   decision    mode=farming behavior=talking_scroll action=use_talking_scroll target=- reason='go to shop (sell_garbage_mainland_ch)' status=success
2026-09-28 00:54:58.624  INFO   decision    mode=farming behavior=shop action=shop_stop target=- reason='stop at shop' status=success
2026-09-28 00:54:59.810  INFO   session     Entity shadow: vision=38 {'player': 31, 'npc': 4, 'monster': 3} memory=79 {'player': 70, 'npc': 7, 'monster': 2} paired=32 median=0.051 unleveled=319:?
2026-09-28 00:54:59.918  INFO   decision    mode=farming behavior=shop action=shop_buy_arrows target=- reason='shop:sell_garbage_mainland_ch' status=success
2026-09-28 00:55:04.673  INFO   decision    mode=farming behavior=talking_scroll action=use_talking_scroll target=- reason='go to shop (sell_garbage_armor_mainland_ch)' status=success
2026-09-28 00:55:08.833  INFO   session     Entity shadow: vision=19 {'player': 16, 'npc': 1, 'monster': 1, 'item': 1} memory=30 {'npc': 6, 'player': 24} paired=16 median=0.030
2026-09-28 00:55:08.925  INFO   decision    mode=farming behavior=shop action=shop_stop target=- reason='stop at shop' status=success
2026-09-28 00:55:09.837  INFO   decision    mode=farming behavior=shop action=shop_buy_arrows target=- reason='shop:sell_garbage_armor_mainland_ch' status=success
2026-09-28 00:55:14.580  INFO   session     Entity shadow: vision=15 {'player': 13, 'monster': 1, 'npc': 1} memory=29 {'npc': 6, 'player': 23} paired=13 median=0.073
2026-09-28 00:55:14.795  INFO   decision    mode=farming behavior=talking_scroll action=use_talking_scroll target=- reason='return to farm map after shop' status=success
2026-09-28 00:55:18.105  INFO   nav         async nav configure start map=talking_island
2026-09-28 00:55:18.280  INFO   nav         building portal graph (cluster=32, 479x511)
2026-09-28 00:55:18.721  INFO   nav         portal graph: 188 components, 440 ms
2026-09-28 00:55:18.729  INFO   nav         farms=4 safe=11 home=(354, 203) (files farm=D:\ManmabotV1_final\engine\maps\talking_island\farms.yaml safe=D:\ManmabotV1_final\engine\maps\talking_island\safe.yaml home=D:\ManmabotV1_final\engine\maps\talking_island\home.yaml)
2026-09-28 00:55:18.729  INFO   nav         async nav configure done map=talking_island (625 ms)
2026-09-28 00:55:20.301  INFO   session     Entity shadow: vision=50 {'player': 41, 'monster': 3, 'npc': 6} memory=63 {'player': 49, 'npc': 11, 'monster': 3} paired=45 median=0.030 unleveled=206:兔子,319:?,68:警衛
2026-09-28 00:55:20.388  INFO   decision    mode=traveling behavior=traveling action=traveling target=- reason='return to farm after retreat' status=success
2026-09-28 00:55:26.437  INFO   session     Entity shadow: vision=39 {'player': 33, 'monster': 4, 'npc': 2} memory=79 {'npc': 5, 'monster': 2, 'player': 72} paired=29 median=0.058 unleveled=206:兔子
2026-09-28 00:55:32.035  INFO   session     Entity shadow: vision=30 {'player': 26, 'npc': 4} memory=71 {'monster': 2, 'npc': 6, 'player': 63} paired=29 median=0.034 unleveled=206:兔子,319:?
2026-09-28 00:55:37.341  INFO   session     Entity shadow: vision=35 {'player': 28, 'npc': 3, 'monster': 4} memory=62 {'npc': 6, 'player': 55, 'monster': 1} paired=20 median=0.089 unleveled=206:兔子
2026-09-28 00:55:42.719  INFO   session     Entity shadow: vision=7 {'player': 5, 'npc': 1, 'monster': 1} memory=10 {'player': 7, 'npc': 3} paired=4 median=0.034
2026-09-28 00:55:47.770  INFO   session     Entity shadow: vision=3 {'player': 2, 'npc': 1} memory=3 {'monster': 1, 'npc': 1, 'player': 1} paired=1 median=0.008 unleveled=14:青蛙
2026-09-28 00:55:51.877  INFO   decision    mode=traveling behavior=traveling action=traveling target=- reason='return to farm after retreat' status=success (repeat)
2026-09-28 00:55:52.996  INFO   session     Entity shadow: vision=3 {'player': 1, 'npc': 2} memory=2 {'monster': 2} paired=0 median=0.000 unleveled=10:警衛,68:警衛
2026-09-28 00:55:58.289  INFO   session     Entity shadow: vision=2 {'player': 2} memory=0 {} paired=0 median=0.000
2026-09-28 00:56:02.356  INFO   decision    mode=traveling behavior=combat action=attack target=468 reason='engage target' status=success
2026-09-28 00:56:03.009  INFO   decision    mode=traveling behavior=loot action=searching target=469 reason='walk onto item' status=success
2026-09-28 00:56:03.455  INFO   session     Entity shadow: vision=2 {'player': 1, 'item': 1} memory=1 {'item': 1} paired=1 median=0.037
2026-09-28 00:56:08.034  INFO   decision    mode=traveling behavior=combat action=attack target=470 reason='engage target' status=success
2026-09-28 00:56:08.835  INFO   session     Entity shadow: vision=6 {'player': 1, 'monster': 4, 'item': 1} memory=5 {'monster': 3, 'npc': 1, 'item': 1} paired=4 median=0.061
2026-09-28 00:56:08.880  INFO   decision    mode=traveling behavior=loot action=searching target=469 reason='walk onto item' status=success
2026-09-28 00:56:09.390  INFO   decision    mode=traveling behavior=combat action=attack target=470 reason='engage target' status=success
2026-09-28 00:56:14.168  INFO   session     Entity shadow: vision=6 {'monster': 2, 'npc': 1, 'player': 1, 'item': 2} memory=6 {'item': 2, 'monster': 3, 'npc': 1} paired=5 median=0.004
2026-09-28 00:56:14.760  INFO   decision    mode=traveling behavior=loot action=pickup target=474 reason='engage item' status=success
2026-09-28 00:56:15.355  INFO   decision    mode=traveling behavior=loot action=idle target=- reason='pickup settle' status=success
2026-09-28 00:56:16.025  INFO   decision    mode=traveling behavior=loot action=pickup target=475 reason='engage item' status=success
2026-09-28 00:56:16.616  INFO   decision    mode=traveling behavior=loot action=idle target=- reason='pickup settle' status=success
2026-09-28 00:56:17.246  INFO   decision    mode=traveling behavior=combat action=attack target=473 reason='engage target' status=success
2026-09-28 00:56:19.295  INFO   session     Entity shadow: vision=4 {'npc': 1, 'monster': 2, 'player': 1} memory=3 {'monster': 2, 'npc': 1} paired=3 median=0.015
2026-09-28 00:56:22.488  INFO   decision    mode=traveling behavior=combat action=attack target=471 reason='engage target' status=success
2026-09-28 00:56:24.515  INFO   session     Entity shadow: vision=3 {'npc': 1, 'monster': 1, 'player': 1} memory=2 {'npc': 1, 'monster': 1} paired=2 median=0.015
2026-09-28 00:56:29.825  INFO   session     Entity shadow: vision=5 {'npc': 1, 'monster': 3, 'player': 1} memory=2 {'npc': 1, 'monster': 1} paired=2 median=0.015
2026-09-28 00:56:30.250  INFO   decision    mode=traveling behavior=unstick action=teleport target=- reason='unstick confined' status=success
2026-09-28 00:56:31.303  INFO   decision    mode=traveling behavior=combat action=attack target=471 reason='attack target' status=success
2026-09-28 00:56:35.162  INFO   session     Entity shadow: vision=4 {'npc': 2, 'monster': 1, 'player': 1} memory=3 {'monster': 2, 'npc': 1} paired=2 median=0.015 unleveled=68:警衛
2026-09-28 00:56:37.936  INFO   decision    mode=traveling behavior=traveling action=traveling target=- reason='return to farm after retreat' status=success
2026-09-28 00:56:40.295  INFO   session     Entity shadow: vision=3 {'npc': 2, 'player': 1} memory=3 {'monster': 2, 'npc': 1} paired=0 median=0.000 unleveled=10:警衛,68:警衛
2026-09-28 00:56:41.519  INFO   decision    mode=traveling behavior=combat action=attack target=479 reason='engage target' status=success
2026-09-28 00:56:45.465  INFO   session     Entity shadow: vision=5 {'monster': 3, 'npc': 1, 'player': 1} memory=3 {'monster': 3} paired=1 median=0.012 unleveled=189:鹿,68:警衛
2026-09-28 00:56:48.470  INFO   decision    mode=traveling behavior=loot action=pickup target=482 reason='engage item' status=success
2026-09-28 00:56:48.992  INFO   decision    mode=traveling behavior=loot action=idle target=- reason='pickup settle' status=success
2026-09-28 00:56:49.797  INFO   decision    mode=traveling behavior=combat action=attack target=481 reason='engage target' status=success
2026-09-28 00:56:50.524  INFO   session     Entity shadow: vision=6 {'monster': 3, 'npc': 2, 'item': 1} memory=5 {'monster': 4, 'item': 1} paired=2 median=0.028 unleveled=68:警衛,189:鹿,10:警衛
2026-09-28 00:56:52.329  INFO   decision    mode=traveling behavior=loot action=searching target=484 reason='walk onto item' status=success
2026-09-28 00:56:55.871  INFO   session     Entity shadow: vision=4 {'player': 1, 'npc': 2, 'item': 1} memory=4 {'monster': 3, 'item': 1} paired=1 median=0.010 unleveled=68:警衛,189:鹿,10:警衛
2026-09-28 00:56:57.392  INFO   decision    mode=traveling behavior=loot action=pickup target=484 reason='loot target' status=success
2026-09-28 00:56:57.979  INFO   decision    mode=traveling behavior=loot action=idle target=- reason='pickup settle' status=success
2026-09-28 00:56:58.670  INFO   decision    mode=traveling behavior=traveling action=traveling target=- reason='return to farm after retreat' status=success
2026-09-28 00:57:00.563  INFO   decision    mode=traveling behavior=loot action=pickup target=484 reason='engage item' status=success
2026-09-28 00:57:01.146  INFO   session     Entity shadow: vision=3 {'player': 1, 'npc': 1, 'item': 1} memory=3 {'monster': 2, 'item': 1} paired=1 median=0.016 unleveled=14:青蛙,68:警衛
2026-09-28 00:57:01.199  INFO   decision    mode=traveling behavior=loot action=idle target=- reason='pickup settle' status=success
2026-09-28 00:57:01.864  INFO   decision    mode=traveling behavior=traveling action=traveling target=- reason='return to farm after retreat' status=success
2026-09-28 00:57:04.011  INFO   decision    mode=traveling behavior=loot action=pickup target=484 reason='engage item' status=success
2026-09-28 00:57:04.576  INFO   decision    mode=traveling behavior=loot action=idle target=- reason='pickup settle' status=success
2026-09-28 00:57:05.310  INFO   decision    mode=traveling behavior=traveling action=traveling target=- reason='return to farm after retreat' status=success
2026-09-28 00:57:06.543  INFO   session     Entity shadow: vision=4 {'player': 1, 'item': 1, 'npc': 2} memory=5 {'monster': 4, 'item': 1} paired=1 median=0.017 unleveled=189:鹿,14:青蛙,10:警衛,68:警衛
2026-09-28 00:57:07.214  INFO   decision    mode=traveling behavior=loot action=searching target=484 reason='walk onto item' status=success
2026-09-28 00:57:10.780  INFO   decision    mode=traveling behavior=loot action=pickup target=484 reason='loot target' status=success
2026-09-28 00:57:11.429  INFO   decision    mode=traveling behavior=loot action=idle target=- reason='pickup settle' status=success
2026-09-28 00:57:11.901  INFO   session     Entity shadow: vision=5 {'player': 2, 'npc': 2, 'item': 1} memory=6 {'monster': 5, 'item': 1} paired=1 median=0.002 unleveled=68:警衛,189:鹿,10:警衛,14:青蛙
2026-09-28 00:57:11.941  INFO   decision    mode=traveling behavior=traveling action=traveling target=- reason='return to farm after retreat' status=success
2026-09-28 00:57:14.184  INFO   decision    mode=traveling behavior=loot action=pickup target=484 reason='engage item' status=success
2026-09-28 00:57:14.754  INFO   decision    mode=traveling behavior=loot action=idle target=- reason='pickup settle' status=success
2026-09-28 00:57:15.527  INFO   decision    mode=traveling behavior=traveling action=traveling target=- reason='return to farm after retreat' status=success
2026-09-28 00:57:16.808  INFO   session     Entity shadow: vision=2 {'player': 1, 'item': 1} memory=4 {'player': 1, 'monster': 2, 'item': 1} paired=1 median=0.025 unleveled=189:鹿,68:警衛
2026-09-28 00:57:17.481  INFO   decision    mode=traveling behavior=loot action=searching target=484 reason='walk onto item' status=success
2026-09-28 00:57:21.570  INFO   decision    mode=traveling behavior=loot action=pickup target=484 reason='loot target' status=success
2026-09-28 00:57:22.168  INFO   session     Entity shadow: vision=3 {'item': 1, 'player': 1, 'npc': 1} memory=3 {'player': 1, 'monster': 1, 'item': 1} paired=1 median=0.002 unleveled=68:警衛
2026-09-28 00:57:22.247  INFO   decision    mode=traveling behavior=loot action=idle target=- reason='pickup settle' status=success
2026-09-28 00:57:22.729  INFO   decision    mode=traveling behavior=combat action=attack target=496 reason='engage target' status=success
2026-09-28 00:57:25.763  INFO   decision    mode=traveling behavior=loot action=searching target=484 reason='walk onto item' status=success
2026-09-28 00:57:27.397  INFO   session     Entity shadow: vision=5 {'npc': 1, 'item': 2, 'player': 2} memory=3 {'player': 1, 'item': 2} paired=3 median=0.012
2026-09-28 00:57:29.610  INFO   decision    mode=traveling behavior=loot action=pickup target=484 reason='loot target' status=success
2026-09-28 00:57:30.115  INFO   decision    mode=traveling behavior=loot action=idle target=- reason='pickup settle' status=success
2026-09-28 00:57:30.724  INFO   decision    mode=traveling behavior=loot action=searching target=497 reason='walk onto item' status=success
2026-09-28 00:57:32.468  INFO   session     Entity shadow: vision=2 {'player': 1, 'item': 1} memory=1 {'item': 1} paired=1 median=0.016
2026-09-28 00:57:35.650  INFO   decision    mode=traveling behavior=loot action=pickup target=497 reason='loot target' status=success
2026-09-28 00:57:36.123  INFO   decision    mode=traveling behavior=loot action=idle target=- reason='pickup settle' status=success
2026-09-28 00:57:36.821  INFO   decision    mode=traveling behavior=traveling action=traveling target=- reason='return to farm after retreat' status=success
2026-09-28 00:57:37.806  INFO   session     Entity shadow: vision=1 {'player': 1} memory=0 {} paired=0 median=0.000
2026-09-28 00:57:41.054  INFO   decision    mode=traveling behavior=combat action=attack target=499 reason='engage target' status=success
2026-09-28 00:57:43.014  INFO   session     Entity shadow: vision=2 {'player': 1, 'monster': 1} memory=2 {'monster': 2} paired=1 median=0.010
2026-09-28 00:57:48.401  INFO   session     Entity shadow: vision=2 {'player': 1, 'monster': 1} memory=2 {'monster': 2} paired=1 median=0.009
2026-09-28 00:57:51.079  INFO   decision    mode=traveling behavior=combat action=attack target=500 reason='engage target' status=success
2026-09-28 00:57:53.671  INFO   session     Entity shadow: vision=2 {'player': 1, 'monster': 1} memory=1 {'monster': 1} paired=1 median=0.022
2026-09-28 00:57:56.854  INFO   decision    mode=traveling behavior=traveling action=traveling target=- reason='return to farm after retreat' status=success
2026-09-28 00:57:58.845  INFO   session     Entity shadow: vision=1 {'player': 1} memory=0 {} paired=0 median=0.000
2026-09-28 00:57:59.310  INFO   decision    mode=traveling behavior=combat action=attack target=502 reason='engage target' status=success
2026-09-28 00:58:01.872  INFO   decision    mode=traveling behavior=traveling action=traveling target=- reason='return to farm after retreat' status=success
2026-09-28 00:58:04.127  INFO   session     Entity shadow: vision=1 {'player': 1} memory=0 {} paired=0 median=0.000
2026-09-28 00:58:09.345  INFO   session     Entity shadow: vision=1 {'player': 1} memory=1 {'monster': 1} paired=0 median=0.000 unleveled=189:鹿
2026-09-28 00:58:11.168  INFO   decision    mode=traveling behavior=combat action=attack target=504 reason='engage target' status=success
2026-09-28 00:58:14.540  INFO   session     Entity shadow: vision=0 {} memory=2 {'monster': 2} paired=0 median=0.000 unleveled=189:鹿
2026-09-28 00:58:17.852  INFO   decision    mode=traveling behavior=loot action=pickup target=508 reason='engage item' status=success
2026-09-28 00:58:18.350  INFO   decision    mode=traveling behavior=loot action=idle target=- reason='pickup settle' status=success
2026-09-28 00:58:19.088  INFO   decision    mode=traveling behavior=combat action=attack target=506 reason='engage target' status=success
2026-09-28 00:58:19.791  INFO   session     Entity shadow: vision=2 {'item': 1, 'monster': 1} memory=4 {'monster': 4} paired=1 median=0.031 unleveled=189:鹿
2026-09-28 00:58:24.733  INFO   session     Entity shadow: vision=3 {'monster': 1, 'player': 2} memory=6 {'player': 1, 'monster': 5} paired=2 median=0.016 unleveled=189:鹿
2026-09-28 00:58:27.016  INFO   decision    mode=retreating behavior=retreating action=teleport target=- reason='retreat teleport' status=success
2026-09-28 00:58:28.338  INFO   decision    mode=retreating behavior=talking_scroll action=use_talking_scroll target=- reason='retreat, 펫 관리인' status=success
2026-09-28 00:58:30.171  INFO   session     Entity shadow: vision=3 {'item': 1, 'player': 2} memory=7 {'monster': 5, 'player': 1, 'item': 1} paired=1 median=0.010 unleveled=189:鹿
2026-09-28 00:58:30.256  INFO   decision    mode=retreating behavior=? action=idle target=- reason='waiting for respawn' status=success
2026-09-28 00:58:32.518  INFO   decision    mode=retreating behavior=respawn action=respawn target=- reason='death confirmed, restart' status=success
2026-09-28 00:58:32.952  INFO   decision    mode=retreating behavior=? action=idle target=- reason='waiting for respawn' status=success
2026-09-28 00:58:34.698  INFO   decision    mode=retreating behavior=heal action=heal target=- reason='heal after teleport' status=success
2026-09-28 00:58:35.814  INFO   session     Entity shadow: vision=25 {'player': 17, 'monster': 4, 'npc': 4} memory=52 {'monster': 1, 'npc': 7, 'player': 44} paired=19 median=0.037 unleveled=10:警衛
2026-09-28 00:58:41.831  INFO   session     Entity shadow: vision=24 {'player': 17, 'npc': 3, 'monster': 4} memory=52 {'player': 45, 'npc': 7} paired=19 median=0.038
2026-09-28 00:58:45.726  INFO   session     일시정지 — 단축키
2026-09-28 00:59:00.295  INFO   session     재개 → 실행 중
2026-09-28 00:59:00.954  INFO   session     Entity shadow: vision=22 {'monster': 2, 'player': 17, 'npc': 3} memory=51 {'player': 44, 'npc': 7} paired=19 median=0.036
2026-09-28 00:59:03.510  INFO   decision    mode=retreating behavior=retreating action=idle target=- reason='retreating, waiting for hp' status=success
2026-09-28 00:59:06.151  INFO   session     Entity shadow: vision=23 {'player': 17, 'npc': 3, 'monster': 3} memory=51 {'player': 44, 'npc': 7} paired=19 median=0.039
2026-09-28 00:59:11.232  INFO   session     Entity shadow: vision=23 {'player': 19, 'npc': 2, 'monster': 2} memory=49 {'monster': 1, 'player': 41, 'npc': 7} paired=20 median=0.038 unleveled=206:兔子
2026-09-28 00:59:12.693  INFO   decision    mode=farming behavior=talking_scroll action=use_talking_scroll target=- reason='respawn, 마법서 상인' status=success
2026-09-28 00:59:15.254  INFO   decision    mode=traveling behavior=traveling action=traveling target=- reason='enter farm area' status=success
2026-09-28 00:59:16.533  INFO   session     Entity shadow: vision=31 {'player': 28, 'monster': 2, 'npc': 1} memory=63 {'player': 58, 'monster': 1, 'npc': 4} paired=27 median=0.035 unleveled=206:兔子
2026-09-28 00:59:21.723  INFO   session     일시정지 — 단축키
2026-09-28 00:59:21.968  INFO   session     Entity shadow: vision=17 {'player': 8, 'npc': 6, 'monster': 2, 'item': 1} memory=20 {'npc': 5, 'player': 15} paired=12 median=0.038
2026-09-28 00:59:22.877  INFO   session     정지 → 중지됨
2026-09-28 00:59:23.188  INFO   session     봇 작업이 종료되었습니다
