2026-09-28 04:32:10.054  INFO   session     Loading Manmabot from D:\ManmabotV1_final\engine
2026-09-28 04:32:10.076  INFO   session     Session log D:\ManmabotV1_final\engine\logs\bot-20260928-043210.log
2026-09-28 04:32:10.077  INFO   session     character=elf loot=all_items game_lang=ko map=talking_island farms=['area_1', 'area_3'] file=D:\ManmabotV1_final\engine\logs\bot-20260928-043210.log
2026-09-28 04:32:10.211  INFO   nav         building portal graph (cluster=32, 479x511)
2026-09-28 04:32:10.541  INFO   nav         portal graph: 188 components, 330 ms
2026-09-28 04:32:10.548  INFO   nav         farms=2 safe=11 home=(354, 203) (files farm=D:\ManmabotV1_final\engine\maps\talking_island\farms.yaml safe=D:\ManmabotV1_final\engine\maps\talking_island\safe.yaml home=D:\ManmabotV1_final\engine\maps\talking_island\home.yaml)
2026-09-28 04:32:10.624  INFO   capture     mss window capture process='LC.exe' title=None content_aspect=4:3
2026-09-28 04:32:11.204  INFO   session     Entity clicks use memory names, species, and world cells. Image recognition still runs. Set memory.entity_source to vision to restore image-only clicks.
2026-09-28 04:32:11.222  INFO   session     Player memory is read in this process (realtime_monitor.dll, offsets.json). No separate console.
2026-09-28 04:32:11.236  INFO   session     인벤토리를 백그라운드에서 스캔 중 (inventory_listen.dll 또는 inv.json을 두세요).
2026-09-28 04:32:11.249  INFO   session     메모리에서 핫바 24칸을 읽는 중…
2026-09-28 04:32:11.356  INFO   session     핫바 스캔 완료 · 파워 업@box2/f8, 아머 업@box2/f5, 힐@box1/f10, HP 물약@box1/f8, 텔레포트@box1/f11, 마법 공격@box1/f12, 말하는 두루마리@box1/f5
2026-09-28 04:32:11.384  INFO   session     매핑되지 않은 핫바 아이콘: box1/f6:작은 활 (무장), box1/f7:나무 화살, box1/f9:아데나
2026-09-28 04:32:11.394  INFO   session     루프 준비 · 요정 · 한국어 · 맵=말하는 섬 · 룻=전부 줍기 · 구역=구역 1, 구역 3
2026-09-28 04:32:12.158  INFO   session     Entity shadow: vision=2 {'monster': 2} memory=2 {'monster': 2} paired=1 median=0.026 unleveled=189:鹿
2026-09-28 04:32:12.206  INFO   session     인벤토리 수신 준비 (dll) · hp=2 화살=337 은화살=0 해독=0
2026-09-28 04:32:12.294  INFO   decision    mode=farming behavior=talking_scroll action=use_talking_scroll target=- reason='go to shop (buy_hp_potions_ch_mainland)' status=success
2026-09-28 04:32:15.917  INFO   nav         async nav configure start map=mainland
2026-09-28 04:32:18.021  INFO   nav         building portal graph (cluster=32, 1755x1414)
2026-09-28 04:32:18.378  INFO   session     Entity shadow: vision=38 {'player': 33, 'npc': 3, 'monster': 2} memory=66 {'player': 57, 'npc': 8, 'monster': 1} paired=36 median=0.042 unleveled=319:?
2026-09-28 04:32:22.295  INFO   nav         portal graph: 2586 components, 4274 ms
2026-09-28 04:32:22.299  INFO   nav         farms=6 safe=0 home=None (files farm=D:\ManmabotV1_final\engine\maps\mainland\farms.yaml safe=D:\ManmabotV1_final\engine\maps\mainland\safe.yaml home=D:\ManmabotV1_final\engine\maps\mainland\home.yaml)
2026-09-28 04:32:22.299  INFO   nav         async nav configure done map=mainland (6382 ms)
2026-09-28 04:32:22.563  INFO   decision    mode=farming behavior=shop action=shop_stop target=- reason='stop at shop' status=success
2026-09-28 04:32:23.663  INFO   session     Entity shadow: vision=42 {'player': 37, 'monster': 4, 'npc': 1} memory=64 {'player': 56, 'npc': 7, 'monster': 1} paired=38 median=0.040 unleveled=319:?
2026-09-28 04:32:23.795  INFO   decision    mode=farming behavior=shop action=shop_buy_arrows target=- reason='shop:buy_hp_potions_ch_mainland' status=success
2026-09-28 04:32:30.712  INFO   session     Entity shadow: vision=39 {'player': 34, 'monster': 4, 'npc': 1} memory=64 {'player': 56, 'npc': 7, 'monster': 1} paired=36 median=0.038
2026-09-28 04:32:30.851  INFO   decision    mode=farming behavior=talking_scroll action=use_talking_scroll target=- reason='return to farm map after shop' status=success
2026-09-28 04:32:34.157  INFO   nav         async nav configure start map=talking_island
2026-09-28 04:32:34.300  INFO   nav         building portal graph (cluster=32, 479x511)
2026-09-28 04:32:34.732  INFO   nav         portal graph: 188 components, 432 ms
2026-09-28 04:32:34.741  INFO   nav         farms=4 safe=11 home=(354, 203) (files farm=D:\ManmabotV1_final\engine\maps\talking_island\farms.yaml safe=D:\ManmabotV1_final\engine\maps\talking_island\safe.yaml home=D:\ManmabotV1_final\engine\maps\talking_island\home.yaml)
2026-09-28 04:32:34.741  INFO   nav         async nav configure done map=talking_island (585 ms)
2026-09-28 04:32:36.216  INFO   session     Entity shadow: vision=48 {'player': 42, 'monster': 2, 'npc': 4} memory=62 {'player': 50, 'npc': 10, 'monster': 2} paired=44 median=0.030 unleveled=319:?,68:警衛
2026-09-28 04:32:36.340  INFO   decision    mode=traveling behavior=traveling action=traveling target=- reason='enter farm area' status=success
2026-09-28 04:32:42.239  INFO   session     Entity shadow: vision=32 {'player': 29, 'monster': 1, 'npc': 2} memory=84 {'player': 80, 'monster': 2, 'npc': 2} paired=30 median=0.048 unleveled=68:警衛,319:?
2026-09-28 04:32:47.584  INFO   session     Entity shadow: vision=30 {'player': 24, 'npc': 4, 'monster': 2} memory=70 {'npc': 6, 'player': 63, 'monster': 1} paired=24 median=0.089 unleveled=319:?
2026-09-28 04:32:52.462  INFO   session     Entity shadow: vision=14 {'player': 9, 'monster': 2, 'npc': 3} memory=16 {'monster': 1, 'npc': 5, 'player': 10} paired=10 median=0.032 unleveled=14:青蛙
2026-09-28 04:32:57.819  INFO   session     Entity shadow: vision=6 {'player': 5, 'npc': 1} memory=8 {'monster': 1, 'npc': 3, 'player': 4} paired=3 median=0.039 unleveled=14:青蛙
2026-09-28 04:33:02.655  INFO   session     Entity shadow: vision=5 {'monster': 1, 'npc': 1, 'player': 3} memory=2 {'player': 2} paired=1 median=0.018
2026-09-28 04:33:07.899  INFO   session     Entity shadow: vision=5 {'player': 4, 'npc': 1} memory=7 {'monster': 2, 'npc': 2, 'player': 3} paired=2 median=0.016 unleveled=189:鹿,68:警衛
2026-09-28 04:33:09.411  INFO   decision    mode=traveling behavior=traveling action=traveling target=- reason='enter farm area' status=success (repeat)
2026-09-28 04:33:12.981  INFO   session     Entity shadow: vision=5 {'player': 4, 'npc': 1} memory=6 {'monster': 2, 'player': 2, 'npc': 2} paired=2 median=0.013 unleveled=189:鹿,68:警衛
2026-09-28 04:33:17.094  INFO   decision    mode=traveling behavior=unstick action=teleport target=- reason='unstick confined' status=success
2026-09-28 04:33:18.571  INFO   session     Entity shadow: vision=4 {'npc': 1, 'player': 3} memory=0 {} paired=0 median=0.000
2026-09-28 04:33:18.830  INFO   decision    mode=traveling behavior=traveling action=traveling target=- reason='enter farm, walk around' status=success
2026-09-28 04:33:19.582  INFO   decision    mode=traveling behavior=combat action=attack target=208 reason='engage target' status=success
2026-09-28 04:33:23.805  INFO   session     Entity shadow: vision=3 {'player': 2, 'monster': 1} memory=2 {'monster': 2} paired=1 median=0.078
2026-09-28 04:33:24.381  INFO   decision    mode=traveling behavior=combat action=attack target=209 reason='engage target' status=success
2026-09-28 04:33:29.225  INFO   session     Entity shadow: vision=2 {'monster': 2} memory=1 {'monster': 1} paired=1 median=0.018
2026-09-28 04:33:30.707  INFO   decision    mode=traveling behavior=traveling action=traveling target=- reason='enter farm area' status=success
2026-09-28 04:33:31.844  INFO   decision    mode=traveling behavior=combat action=attack target=210 reason='engage target' status=success
2026-09-28 04:33:32.534  INFO   decision    mode=traveling behavior=traveling action=traveling target=- reason='enter farm area' status=success
2026-09-28 04:33:34.329  INFO   session     Entity shadow: vision=0 {} memory=0 {} paired=0 median=0.000
2026-09-28 04:33:39.464  INFO   session     Entity shadow: vision=2 {'player': 1, 'monster': 1} memory=0 {} paired=0 median=0.000
2026-09-28 04:33:44.720  INFO   session     Entity shadow: vision=1 {'player': 1} memory=0 {} paired=0 median=0.000
2026-09-28 04:33:46.497  INFO   decision    mode=traveling behavior=combat action=attack target=212 reason='engage target' status=success
2026-09-28 04:33:49.743  INFO   session     Entity shadow: vision=3 {'monster': 2, 'player': 1} memory=3 {'monster': 3} paired=2 median=0.061 unleveled=12:史萊姆
2026-09-28 04:33:54.858  INFO   session     Entity shadow: vision=3 {'monster': 2, 'player': 1} memory=3 {'monster': 3} paired=2 median=0.038 unleveled=12:史萊姆
2026-09-28 04:34:00.139  INFO   session     Entity shadow: vision=3 {'monster': 2, 'player': 1} memory=3 {'monster': 3} paired=2 median=0.026 unleveled=12:史萊姆
2026-09-28 04:34:01.682  INFO   decision    mode=traveling behavior=traveling action=traveling target=- reason='enter farm area' status=success
2026-09-28 04:34:05.034  INFO   session     Entity shadow: vision=3 {'player': 1, 'monster': 2} memory=3 {'monster': 3} paired=2 median=0.051 unleveled=12:史萊姆
2026-09-28 04:34:08.202  INFO   decision    mode=traveling behavior=loot action=searching target=215 reason='walk onto item' status=success
2026-09-28 04:34:10.085  INFO   session     Entity shadow: vision=2 {'monster': 1, 'item': 1} memory=5 {'monster': 4, 'item': 1} paired=2 median=0.045 unleveled=12:史萊姆
2026-09-28 04:34:15.349  INFO   session     Entity shadow: vision=3 {'player': 1, 'item': 1, 'monster': 1} memory=5 {'monster': 4, 'item': 1} paired=2 median=0.022 unleveled=12:史萊姆
2026-09-28 04:34:16.207  INFO   decision    mode=traveling behavior=heal action=heal target=- reason='recover hp' status=success
2026-09-28 04:34:17.972  INFO   decision    mode=traveling behavior=loot action=searching target=215 reason='walk onto item' status=success
2026-09-28 04:34:18.407  INFO   decision    mode=traveling behavior=combat action=attack target=216 reason='engage target' status=success
2026-09-28 04:34:19.149  INFO   decision    mode=traveling behavior=heal action=heal target=- reason='recover hp' status=success
2026-09-28 04:34:20.947  INFO   session     Entity shadow: vision=2 {'player': 1, 'item': 1} memory=5 {'monster': 4, 'item': 1} paired=1 median=0.004 unleveled=12:史萊姆
2026-09-28 04:34:26.871  INFO   session     Entity shadow: vision=4 {'item': 1, 'player': 1, 'monster': 2} memory=5 {'item': 3, 'monster': 2} paired=1 median=0.004
2026-09-28 04:34:28.819  INFO   decision    mode=traveling behavior=combat action=attack target=216 reason='attack target' status=success
2026-09-28 04:34:29.561  INFO   decision    mode=traveling behavior=heal action=heal target=- reason='recover hp' status=success
2026-09-28 04:34:31.344  INFO   decision    mode=traveling behavior=survival_potion action=use_hp_potion target=- reason='critical hp, cannot heal' status=success
2026-09-28 04:34:31.963  INFO   session     Entity shadow: vision=5 {'item': 2, 'player': 3} memory=6 {'monster': 2, 'player': 2, 'item': 2} paired=4 median=0.033 unleveled=12:史萊姆
2026-09-28 04:34:32.020  INFO   decision    mode=traveling behavior=unstick action=teleport target=- reason='unstick confined' status=success
2026-09-28 04:34:33.371  INFO   decision    mode=traveling behavior=loot action=searching target=215 reason='walk onto item' status=success
2026-09-28 04:34:34.278  INFO   decision    mode=traveling behavior=survival_potion action=use_hp_potion target=- reason='critical hp, cannot heal' status=success
2026-09-28 04:34:36.460  INFO   decision    mode=traveling behavior=loot action=searching target=215 reason='walk onto item' status=success
2026-09-28 04:34:37.202  INFO   session     Entity shadow: vision=5 {'item': 2, 'player': 3} memory=5 {'player': 2, 'monster': 1, 'item': 2} paired=4 median=0.021 unleveled=12:史萊姆
2026-09-28 04:34:38.148  INFO   decision    mode=traveling behavior=loot action=pickup target=215 reason='loot target' status=success
2026-09-28 04:34:38.682  INFO   decision    mode=traveling behavior=loot action=idle target=- reason='pickup memory gone' status=success
2026-09-28 04:34:39.416  INFO   decision    mode=traveling behavior=loot action=pickup target=226 reason='engage item' status=success
2026-09-28 04:34:39.877  INFO   decision    mode=traveling behavior=loot action=idle target=- reason='pickup memory gone' status=success
2026-09-28 04:34:40.546  INFO   decision    mode=traveling behavior=loot action=pickup target=228 reason='engage item' status=success
2026-09-28 04:34:41.106  INFO   decision    mode=traveling behavior=loot action=idle target=- reason='pickup memory gone' status=success
2026-09-28 04:34:42.261  INFO   session     Entity shadow: vision=2 {'monster': 1, 'item': 1} memory=3 {'player': 1, 'monster': 1, 'item': 1} paired=2 median=0.091 unleveled=12:史萊姆
2026-09-28 04:34:42.782  INFO   decision    mode=traveling behavior=traveling action=traveling target=- reason='enter farm area' status=success
2026-09-28 04:34:46.397  INFO   decision    mode=traveling behavior=unstick action=teleport target=- reason='unstick confined' status=success
2026-09-28 04:34:47.557  INFO   session     Entity shadow: vision=2 {'player': 2} memory=1 {'monster': 1} paired=0 median=0.000 unleveled=12:史萊姆
2026-09-28 04:34:47.660  INFO   decision    mode=traveling behavior=traveling action=traveling target=- reason='enter farm area' status=success
2026-09-28 04:34:52.681  INFO   session     Entity shadow: vision=0 {} memory=3 {'monster': 1, 'npc': 1, 'player': 1} paired=0 median=0.000 unleveled=12:史萊姆
2026-09-28 04:34:54.818  INFO   decision    mode=traveling behavior=loot action=searching target=232 reason='walk onto item' status=success
2026-09-28 04:34:57.825  INFO   session     Entity shadow: vision=1 {'monster': 1} memory=4 {'npc': 1, 'monster': 2, 'player': 1} paired=0 median=0.000 unleveled=208:兔子,211:兔子
2026-09-28 04:34:57.903  INFO   decision    mode=traveling behavior=traveling action=traveling target=- reason='enter farm area' status=success
2026-09-28 04:35:02.851  INFO   session     Entity shadow: vision=3 {'player': 2, 'item': 1} memory=4 {'monster': 2, 'player': 1, 'item': 1} paired=2 median=0.026 unleveled=208:兔子,211:兔子
2026-09-28 04:35:02.909  INFO   decision    mode=traveling behavior=loot action=searching target=235 reason='walk onto item' status=success
2026-09-28 04:35:03.957  INFO   decision    mode=traveling behavior=traveling action=traveling target=- reason='enter farm area' status=success
2026-09-28 04:35:07.103  INFO   decision    mode=traveling behavior=combat action=attack target=237 reason='engage target' status=success
2026-09-28 04:35:08.287  INFO   session     Entity shadow: vision=2 {'player': 1, 'monster': 1} memory=1 {'monster': 1} paired=1 median=0.032
2026-09-28 04:35:11.341  INFO   decision    mode=traveling behavior=traveling action=traveling target=- reason='enter farm area' status=success
2026-09-28 04:35:13.444  INFO   session     Entity shadow: vision=1 {'player': 1} memory=0 {} paired=0 median=0.000
2026-09-28 04:35:18.838  INFO   session     Entity shadow: vision=3 {'player': 2, 'monster': 1} memory=1 {'player': 1} paired=1 median=0.006
2026-09-28 04:35:23.940  INFO   session     Entity shadow: vision=3 {'player': 1, 'monster': 2} memory=0 {} paired=0 median=0.000
2026-09-28 04:35:29.406  INFO   session     Entity shadow: vision=3 {'player': 2, 'monster': 1} memory=1 {'player': 1} paired=1 median=0.030
2026-09-28 04:35:29.749  INFO   decision    mode=traveling behavior=traveling action=traveling target=- reason='enter farm area' status=success (repeat)
2026-09-28 04:35:30.044  INFO   decision    mode=traveling behavior=loot action=searching target=241 reason='walk onto item' status=success
2026-09-28 04:35:34.774  INFO   session     Entity shadow: vision=3 {'player': 2, 'item': 1} memory=2 {'player': 1, 'item': 1} paired=2 median=0.009
2026-09-28 04:35:36.444  INFO   decision    mode=traveling behavior=loot action=pickup target=241 reason='loot target' status=success
2026-09-28 04:35:36.958  INFO   decision    mode=traveling behavior=loot action=idle target=- reason='pickup memory gone' status=success
2026-09-28 04:35:38.737  INFO   decision    mode=traveling behavior=traveling action=traveling target=- reason='enter farm area' status=success
2026-09-28 04:35:39.410  INFO   decision    mode=traveling behavior=loot action=pickup target=241 reason='engage item' status=success
2026-09-28 04:35:39.890  INFO   session     Entity shadow: vision=2 {'player': 1, 'item': 1} memory=1 {'item': 1} paired=1 median=0.048
2026-09-28 04:35:39.912  INFO   decision    mode=traveling behavior=loot action=idle target=- reason='pickup memory gone' status=success
2026-09-28 04:35:41.384  INFO   decision    mode=traveling behavior=combat action=attack target=243 reason='engage target' status=success
2026-09-28 04:35:45.184  INFO   session     Entity shadow: vision=2 {'player': 1, 'monster': 1} memory=3 {'monster': 3} paired=1 median=0.025
2026-09-28 04:35:50.271  INFO   session     Entity shadow: vision=1 {'player': 1} memory=2 {'monster': 2} paired=0 median=0.000
2026-09-28 04:35:55.320  INFO   session     Entity shadow: vision=1 {'player': 1} memory=2 {'monster': 2} paired=0 median=0.000
2026-09-28 04:35:56.562  INFO   decision    mode=traveling behavior=unstick action=teleport target=- reason='unstick confined' status=success
2026-09-28 04:35:57.833  INFO   decision    mode=traveling behavior=loot action=searching target=247 reason='walk onto item' status=success
2026-09-28 04:36:00.294  INFO   decision    mode=traveling behavior=loot action=searching target=251 reason='walk onto item' status=success
2026-09-28 04:36:00.687  INFO   session     Entity shadow: vision=3 {'player': 2, 'monster': 1} memory=3 {'player': 2, 'item': 1} paired=1 median=0.005
2026-09-28 04:36:06.135  INFO   session     Entity shadow: vision=4 {'monster': 1, 'player': 2, 'item': 1} memory=5 {'monster': 2, 'player': 2, 'item': 1} paired=3 median=0.009
2026-09-28 04:36:06.191  INFO   decision    mode=traveling behavior=loot action=searching target=254 reason='walk onto item' status=success
2026-09-28 04:36:07.132  INFO   decision    mode=traveling behavior=combat action=attack target=252 reason='engage target' status=success
2026-09-28 04:36:09.367  INFO   decision    mode=traveling behavior=loot action=searching target=256 reason='walk onto item' status=success
2026-09-28 04:36:11.208  INFO   session     Entity shadow: vision=2 {'player': 2} memory=4 {'player': 2, 'monster': 1, 'item': 1} paired=2 median=0.031
2026-09-28 04:36:11.242  INFO   decision    mode=traveling behavior=loot action=pickup target=256 reason='loot target' status=success
2026-09-28 04:36:11.831  INFO   decision    mode=traveling behavior=loot action=idle target=- reason='pickup memory gone' status=success
2026-09-28 04:36:12.879  INFO   decision    mode=traveling behavior=traveling action=traveling target=- reason='enter farm area' status=success
2026-09-28 04:36:15.584  INFO   decision    mode=traveling behavior=combat action=attack target=257 reason='engage target' status=success
2026-09-28 04:36:16.317  INFO   session     Entity shadow: vision=3 {'monster': 1, 'player': 2} memory=4 {'monster': 2, 'player': 2} paired=2 median=0.061
2026-09-28 04:36:17.409  INFO   decision    mode=traveling behavior=loot action=searching target=258 reason='walk onto item' status=success
2026-09-28 04:36:17.935  INFO   decision    mode=traveling behavior=combat action=attack target=257 reason='engage target' status=success
2026-09-28 04:36:21.319  INFO   session     Entity shadow: vision=3 {'player': 3} memory=2 {'player': 2} paired=1 median=0.059
2026-09-28 04:36:21.406  INFO   decision    mode=traveling behavior=traveling action=traveling target=- reason='enter farm area' status=success
2026-09-28 04:36:26.489  INFO   session     Entity shadow: vision=3 {'monster': 2, 'player': 1} memory=1 {'player': 1} paired=1 median=0.008
2026-09-28 04:36:31.202  INFO   decision    mode=traveling behavior=loot action=searching target=259 reason='walk onto item' status=success
2026-09-28 04:36:31.640  INFO   session     Entity shadow: vision=4 {'player': 2, 'monster': 2} memory=1 {'player': 1} paired=1 median=0.023
2026-09-28 04:36:31.747  INFO   decision    mode=traveling behavior=traveling action=traveling target=- reason='enter farm area' status=success
2026-09-28 04:36:36.959  INFO   session     Entity shadow: vision=3 {'monster': 3} memory=1 {'player': 1} paired=0 median=0.000
2026-09-28 04:36:38.685  INFO   decision    mode=traveling behavior=combat action=attack target=261 reason='engage target' status=success
2026-09-28 04:36:41.972  INFO   session     Entity shadow: vision=3 {'monster': 2, 'player': 1} memory=1 {'monster': 1} paired=1 median=0.030
2026-09-28 04:36:45.487  INFO   decision    mode=traveling behavior=traveling action=traveling target=- reason='enter farm area' status=success
2026-09-28 04:36:47.083  INFO   session     Entity shadow: vision=0 {} memory=0 {} paired=0 median=0.000
2026-09-28 04:36:52.369  INFO   session     Entity shadow: vision=0 {} memory=0 {} paired=0 median=0.000
2026-09-28 04:36:57.372  INFO   session     Entity shadow: vision=1 {'monster': 1} memory=0 {} paired=0 median=0.000
2026-09-28 04:37:02.497  INFO   session     Entity shadow: vision=1 {'player': 1} memory=1 {'player': 1} paired=1 median=0.035
2026-09-28 04:37:02.560  INFO   decision    mode=traveling behavior=traveling action=traveling target=- reason='enter farm area' status=success (repeat)
2026-09-28 04:37:03.665  INFO   decision    mode=traveling behavior=combat action=attack target=265 reason='engage target' status=success
2026-09-28 04:37:06.300  INFO   decision    mode=traveling behavior=loot action=searching target=266 reason='walk onto item' status=success
2026-09-28 04:37:07.894  INFO   session     Entity shadow: vision=3 {'monster': 2, 'player': 1} memory=2 {'player': 1, 'item': 1} paired=1 median=0.040
2026-09-28 04:37:09.020  INFO   decision    mode=traveling behavior=traveling action=traveling target=- reason='enter farm area' status=success
2026-09-28 04:37:12.945  INFO   session     Entity shadow: vision=0 {} memory=1 {'player': 1} paired=0 median=0.000
2026-09-28 04:37:18.209  INFO   session     Entity shadow: vision=1 {'monster': 1} memory=0 {} paired=0 median=0.000
2026-09-28 04:37:19.175  INFO   decision    mode=traveling behavior=combat action=attack target=267 reason='engage target' status=success
2026-09-28 04:37:20.635  INFO   decision    mode=traveling behavior=talking_scroll action=use_talking_scroll target=- reason='go to shop (buy_normal_arrows_ch_talking)' status=success
2026-09-28 04:37:25.055  INFO   session     Entity shadow: vision=21 {'player': 18, 'npc': 3} memory=64 {'monster': 1, 'player': 61, 'npc': 2} paired=19 median=0.027 unleveled=10:警衛
2026-09-28 04:37:25.401  INFO   decision    mode=farming behavior=shop action=shop_stop target=- reason='stop at shop' status=success
2026-09-28 04:37:26.286  INFO   decision    mode=farming behavior=shop action=shop_buy_arrows target=- reason='shop:buy_normal_arrows_ch_talking' status=success
2026-09-28 04:37:32.800  INFO   session     Entity shadow: vision=24 {'player': 20, 'npc': 4} memory=64 {'player': 62, 'npc': 2} paired=20 median=0.026
2026-09-28 04:37:32.925  INFO   decision    mode=farming behavior=talking_scroll action=use_talking_scroll target=- reason='return to farm map after shop' status=success
2026-09-28 04:37:37.814  INFO   session     Entity shadow: vision=44 {'player': 39, 'npc': 5} memory=57 {'player': 47, 'npc': 8, 'monster': 2} paired=41 median=0.037 unleveled=319:?,68:警衛
2026-09-28 04:37:37.934  INFO   decision    mode=traveling behavior=traveling action=traveling target=- reason='return to farm after retreat' status=success
2026-09-28 04:37:42.824  INFO   session     Entity shadow: vision=39 {'player': 36, 'npc': 3} memory=80 {'player': 76, 'npc': 3, 'monster': 1} paired=35 median=0.062 unleveled=319:?
2026-09-28 04:37:42.940  INFO   decision    mode=traveling behavior=talking_scroll action=use_talking_scroll target=- reason='go to shop (buy_normal_arrows_ch_talking)' status=success
2026-09-28 04:37:47.286  INFO   decision    mode=farming behavior=shop action=shop_stop target=- reason='stop at shop' status=success
2026-09-28 04:37:48.249  INFO   session     Entity shadow: vision=22 {'npc': 3, 'player': 19} memory=68 {'player': 66, 'npc': 2} paired=20 median=0.025
2026-09-28 04:37:48.378  INFO   decision    mode=farming behavior=shop action=shop_buy_arrows target=- reason='shop:buy_normal_arrows_ch_talking' status=success
2026-09-28 04:37:54.712  INFO   session     Entity shadow: vision=20 {'npc': 3, 'player': 17} memory=69 {'player': 67, 'npc': 2} paired=19 median=0.026
2026-09-28 04:37:54.853  INFO   decision    mode=farming behavior=talking_scroll action=use_talking_scroll target=- reason='return to farm map after shop' status=success
2026-09-28 04:37:59.788  INFO   session     Entity shadow: vision=42 {'player': 39, 'npc': 3} memory=57 {'player': 47, 'npc': 8, 'monster': 2} paired=40 median=0.032 unleveled=319:?,68:警衛
2026-09-28 04:37:59.892  INFO   decision    mode=traveling behavior=traveling action=traveling target=- reason='enter farm area' status=success
2026-09-28 04:38:04.256  INFO   decision    mode=traveling behavior=talking_scroll action=use_talking_scroll target=- reason='go to shop (buy_normal_arrows_ch_talking)' status=success
2026-09-28 04:38:08.310  INFO   session     Entity shadow: vision=22 {'player': 19, 'monster': 1, 'npc': 2} memory=76 {'player': 74, 'npc': 2} paired=18 median=0.026
2026-09-28 04:38:08.629  INFO   decision    mode=farming behavior=shop action=shop_stop target=- reason='stop at shop' status=success
2026-09-28 04:38:09.655  INFO   decision    mode=farming behavior=shop action=shop_buy_arrows target=- reason='shop:buy_normal_arrows_ch_talking' status=success
2026-09-28 04:38:16.045  INFO   session     Entity shadow: vision=22 {'npc': 3, 'player': 17, 'monster': 2} memory=76 {'player': 74, 'npc': 2} paired=19 median=0.026
2026-09-28 04:38:16.182  INFO   decision    mode=farming behavior=talking_scroll action=use_talking_scroll target=- reason='return to farm map after shop' status=success
2026-09-28 04:38:20.983  INFO   decision    mode=traveling behavior=traveling action=traveling target=- reason='enter farm area' status=success
2026-09-28 04:38:21.583  INFO   session     Entity shadow: vision=45 {'player': 42, 'npc': 3} memory=57 {'player': 46, 'monster': 3, 'npc': 8} paired=43 median=0.069 unleveled=206:兔子,319:?,68:警衛
2026-09-28 04:38:24.049  INFO   decision    mode=traveling behavior=talking_scroll action=use_talking_scroll target=- reason='go to shop (buy_normal_arrows_ch_talking)' status=success
2026-09-28 04:38:28.328  INFO   session     Entity shadow: vision=23 {'player': 20, 'npc': 3} memory=76 {'player': 74, 'npc': 2} paired=20 median=0.026
2026-09-28 04:38:28.465  INFO   decision    mode=farming behavior=shop action=shop_stop target=- reason='stop at shop' status=success
2026-09-28 04:38:29.562  INFO   decision    mode=farming behavior=shop action=shop_buy_arrows target=- reason='shop:buy_normal_arrows_ch_talking' status=success
2026-09-28 04:38:35.909  INFO   session     Entity shadow: vision=19 {'npc': 3, 'player': 16} memory=76 {'player': 74, 'npc': 2} paired=18 median=0.026
2026-09-28 04:38:36.187  INFO   decision    mode=farming behavior=talking_scroll action=use_talking_scroll target=- reason='return to farm map after shop' status=success
2026-09-28 04:38:40.878  INFO   decision    mode=traveling behavior=traveling action=traveling target=- reason='return to farm after retreat' status=success
2026-09-28 04:38:41.507  INFO   session     Entity shadow: vision=39 {'player': 36, 'npc': 3} memory=57 {'monster': 3, 'player': 45, 'npc': 9} paired=38 median=0.075 unleveled=206:兔子,319:?,68:警衛
2026-09-28 04:38:45.157  INFO   decision    mode=traveling behavior=talking_scroll action=use_talking_scroll target=- reason='go to shop (buy_normal_arrows_ch_talking)' status=success
2026-09-28 04:38:49.179  INFO   session     Entity shadow: vision=24 {'player': 20, 'npc': 4} memory=74 {'player': 71, 'npc': 2, 'monster': 1} paired=21 median=0.026 unleveled=10:警衛
2026-09-28 04:38:49.557  INFO   decision    mode=farming behavior=shop action=shop_stop target=- reason='stop at shop' status=success
2026-09-28 04:38:50.654  INFO   decision    mode=farming behavior=shop action=shop_buy_arrows target=- reason='shop:buy_normal_arrows_ch_talking' status=success
2026-09-28 04:38:56.908  INFO   session     Entity shadow: vision=19 {'player': 17, 'npc': 2} memory=72 {'player': 70, 'npc': 2} paired=19 median=0.025
2026-09-28 04:38:57.034  INFO   decision    mode=farming behavior=talking_scroll action=use_talking_scroll target=- reason='return to farm map after shop' status=success
2026-09-28 04:39:01.922  INFO   session     Entity shadow: vision=44 {'player': 43, 'npc': 1} memory=58 {'player': 47, 'npc': 9, 'monster': 2} paired=42 median=0.033 unleveled=319:?,68:警衛
2026-09-28 04:39:02.035  INFO   decision    mode=traveling behavior=traveling action=traveling target=- reason='enter farm area' status=success
2026-09-28 04:39:03.994  INFO   decision    mode=traveling behavior=talking_scroll action=use_talking_scroll target=- reason='go to shop (buy_normal_arrows_ch_talking)' status=success
2026-09-28 04:39:08.107  INFO   session     Entity shadow: vision=21 {'player': 18, 'monster': 1, 'npc': 2} memory=75 {'player': 73, 'npc': 2} paired=19 median=0.026
2026-09-28 04:39:08.313  INFO   decision    mode=farming behavior=shop action=shop_stop target=- reason='stop at shop' status=success
2026-09-28 04:39:09.426  INFO   decision    mode=farming behavior=shop action=shop_buy_arrows target=- reason='shop:buy_normal_arrows_ch_talking' status=success
2026-09-28 04:39:15.859  INFO   session     Entity shadow: vision=21 {'npc': 3, 'player': 18} memory=70 {'player': 68, 'npc': 2} paired=20 median=0.026
2026-09-28 04:39:16.125  INFO   decision    mode=farming behavior=talking_scroll action=use_talking_scroll target=- reason='return to farm map after shop' status=success
2026-09-28 04:39:20.460  INFO   decision    mode=traveling behavior=traveling action=traveling target=- reason='enter farm area' status=success
2026-09-28 04:39:21.120  INFO   session     Entity shadow: vision=45 {'player': 42, 'npc': 2, 'monster': 1} memory=58 {'player': 47, 'npc': 9, 'monster': 2} paired=42 median=0.065 unleveled=319:?,68:警衛
2026-09-28 04:39:26.201  INFO   session     Entity shadow: vision=47 {'player': 44, 'monster': 2, 'npc': 1} memory=81 {'npc': 3, 'player': 77, 'monster': 1} paired=42 median=0.058 unleveled=319:?
2026-09-28 04:39:26.323  INFO   decision    mode=traveling behavior=talking_scroll action=use_talking_scroll target=- reason='go to shop (buy_normal_arrows_ch_talking)' status=success
2026-09-28 04:39:30.652  INFO   decision    mode=farming behavior=shop action=shop_stop target=- reason='stop at shop' status=success
2026-09-28 04:39:31.624  INFO   session     Entity shadow: vision=24 {'npc': 3, 'player': 19, 'monster': 2} memory=73 {'player': 71, 'npc': 2} paired=21 median=0.026
2026-09-28 04:39:31.748  INFO   decision    mode=farming behavior=shop action=shop_buy_arrows target=- reason='shop:buy_normal_arrows_ch_talking' status=success
2026-09-28 04:39:38.167  INFO   session     Entity shadow: vision=21 {'npc': 3, 'player': 18} memory=72 {'player': 70, 'npc': 2} paired=20 median=0.026
2026-09-28 04:39:38.462  INFO   decision    mode=farming behavior=talking_scroll action=use_talking_scroll target=- reason='return to farm map after shop' status=success
2026-09-28 04:39:43.250  INFO   decision    mode=traveling behavior=traveling action=traveling target=- reason='return to farm after retreat' status=success
2026-09-28 04:39:43.978  INFO   session     Entity shadow: vision=39 {'player': 36, 'npc': 2, 'monster': 1} memory=58 {'npc': 9, 'player': 47, 'monster': 2} paired=37 median=0.074 unleveled=319:?,68:警衛
2026-09-28 04:39:46.434  INFO   decision    mode=traveling behavior=talking_scroll action=use_talking_scroll target=- reason='go to shop (buy_normal_arrows_ch_talking)' status=success
2026-09-28 04:39:50.576  INFO   session     Entity shadow: vision=18 {'player': 16, 'npc': 2} memory=75 {'player': 73, 'npc': 2} paired=18 median=0.026
2026-09-28 04:39:50.684  INFO   decision    mode=farming behavior=shop action=shop_stop target=- reason='stop at shop' status=success
2026-09-28 04:39:51.863  INFO   decision    mode=farming behavior=shop action=shop_buy_arrows target=- reason='shop:buy_normal_arrows_ch_talking' status=success
2026-09-28 04:39:58.286  INFO   session     Entity shadow: vision=23 {'npc': 3, 'player': 19, 'monster': 1} memory=74 {'player': 72, 'npc': 2} paired=20 median=0.026
2026-09-28 04:39:58.478  INFO   decision    mode=farming behavior=talking_scroll action=use_talking_scroll target=- reason='return to farm map after shop' status=success
2026-09-28 04:40:02.620  INFO   decision    mode=traveling behavior=traveling action=traveling target=- reason='enter farm area' status=success
2026-09-28 04:40:03.887  INFO   session     Entity shadow: vision=19 {'player': 17, 'npc': 2} memory=71 {'player': 69, 'npc': 2} paired=18 median=0.019
2026-09-28 04:40:04.024  INFO   decision    mode=traveling behavior=unstick action=teleport target=- reason='unstick confined' status=success
2026-09-28 04:40:05.865  INFO   decision    mode=traveling behavior=traveling action=traveling target=- reason='enter farm area' status=success
2026-09-28 04:40:06.372  INFO   decision    mode=traveling behavior=talking_scroll action=use_talking_scroll target=- reason='go to shop (buy_normal_arrows_ch_talking)' status=success
2026-09-28 04:40:10.546  INFO   session     Entity shadow: vision=20 {'player': 17, 'npc': 3} memory=71 {'player': 69, 'npc': 2} paired=19 median=0.026
2026-09-28 04:40:10.735  INFO   decision    mode=farming behavior=shop action=shop_stop target=- reason='stop at shop' status=success
2026-09-28 04:40:11.848  INFO   decision    mode=farming behavior=shop action=shop_buy_arrows target=- reason='shop:buy_normal_arrows_ch_talking' status=success
2026-09-28 04:40:18.232  INFO   session     Entity shadow: vision=18 {'npc': 4, 'player': 14} memory=68 {'player': 66, 'npc': 2} paired=16 median=0.026
2026-09-28 04:40:18.370  INFO   decision    mode=farming behavior=talking_scroll action=use_talking_scroll target=- reason='return to farm map after shop' status=success
2026-09-28 04:40:23.307  INFO   session     Entity shadow: vision=46 {'player': 43, 'npc': 2, 'monster': 1} memory=60 {'player': 50, 'npc': 8, 'monster': 2} paired=43 median=0.027 unleveled=319:?,68:警衛
2026-09-28 04:40:23.420  INFO   decision    mode=traveling behavior=traveling action=traveling target=- reason='enter farm area' status=success
2026-09-28 04:40:28.889  INFO   session     Entity shadow: vision=31 {'player': 30, 'npc': 1} memory=79 {'player': 76, 'npc': 2, 'monster': 1} paired=30 median=0.069 unleveled=319:?
2026-09-28 04:40:29.016  INFO   decision    mode=traveling behavior=talking_scroll action=use_talking_scroll target=- reason='go to shop (buy_normal_arrows_ch_talking)' status=success
2026-09-28 04:40:29.316  INFO   session     일시정지 — 단축키
2026-09-28 04:41:20.017  INFO   session     재개 → 실행 중
2026-09-28 04:41:20.988  INFO   session     Entity shadow: vision=21 {'player': 18, 'npc': 3} memory=68 {'player': 66, 'npc': 2} paired=20 median=0.026
2026-09-28 04:41:21.190  INFO   decision    mode=farming behavior=shop action=shop_stop target=- reason='stop at shop' status=success
2026-09-28 04:41:22.233  INFO   decision    mode=farming behavior=shop action=shop_buy_arrows target=- reason='shop:buy_normal_arrows_ch_talking' status=success
2026-09-28 04:41:28.611  INFO   session     Entity shadow: vision=20 {'npc': 3, 'player': 17} memory=69 {'player': 67, 'npc': 2} paired=19 median=0.028
2026-09-28 04:41:28.743  INFO   decision    mode=farming behavior=talking_scroll action=use_talking_scroll target=- reason='return to farm map after shop' status=success
2026-09-28 04:41:33.643  INFO   session     Entity shadow: vision=43 {'player': 40, 'npc': 2, 'monster': 1} memory=58 {'npc': 9, 'player': 47, 'monster': 2} paired=39 median=0.034 unleveled=319:?,68:警衛
2026-09-28 04:41:33.750  INFO   decision    mode=traveling behavior=traveling action=traveling target=- reason='return to farm after retreat' status=success
2026-09-28 04:41:39.002  INFO   session     Entity shadow: vision=42 {'player': 39, 'npc': 3} memory=79 {'player': 74, 'npc': 4, 'monster': 1} paired=39 median=0.069 unleveled=319:?
2026-09-28 04:41:44.121  INFO   session     Entity shadow: vision=30 {'player': 30} memory=80 {'monster': 2, 'player': 74, 'npc': 4} paired=30 median=0.055 unleveled=14:青蛙,319:?
2026-09-28 04:41:50.010  INFO   session     Entity shadow: vision=22 {'player': 21, 'npc': 1} memory=76 {'monster': 3, 'player': 70, 'npc': 3} paired=22 median=0.061 unleveled=14:青蛙,68:警衛,319:?
2026-09-28 04:41:52.564  INFO   decision    mode=traveling behavior=unstick action=teleport target=- reason='unstick confined' status=success
2026-09-28 04:41:54.466  INFO   decision    mode=traveling behavior=traveling action=traveling target=- reason='enter farm, walk around' status=success
2026-09-28 04:41:55.613  INFO   session     Entity shadow: vision=25 {'player': 22, 'npc': 2, 'monster': 1} memory=32 {'player': 27, 'monster': 1, 'npc': 4} paired=23 median=0.069 unleveled=319:?
2026-09-28 04:42:00.941  INFO   session     Entity shadow: vision=28 {'player': 27, 'npc': 1} memory=33 {'player': 28, 'monster': 1, 'npc': 4} paired=27 median=0.033 unleveled=319:?
2026-09-28 04:42:06.364  INFO   session     Entity shadow: vision=27 {'player': 27} memory=33 {'player': 27, 'monster': 2, 'npc': 4} paired=24 median=0.056 unleveled=14:青蛙,319:?
2026-09-28 04:42:07.737  INFO   decision    mode=traveling behavior=unstick action=teleport target=- reason='unstick confined' status=success
2026-09-28 04:42:09.099  INFO   decision    mode=traveling behavior=traveling action=traveling target=- reason='enter farm, walk around' status=success
2026-09-28 04:42:11.401  INFO   session     Entity shadow: vision=8 {'monster': 2, 'player': 3, 'npc': 3} memory=13 {'monster': 2, 'player': 5, 'npc': 6} paired=3 median=0.023 unleveled=206:兔子,10:警衛
2026-09-28 04:42:16.920  INFO   session     Entity shadow: vision=8 {'player': 7, 'npc': 1} memory=13 {'monster': 2, 'player': 7, 'npc': 4} paired=7 median=0.015 unleveled=189:鹿,207:兔子
2026-09-28 04:42:22.417  INFO   session     Entity shadow: vision=7 {'player': 5, 'npc': 2} memory=10 {'npc': 5, 'player': 4, 'monster': 1} paired=5 median=0.031 unleveled=207:兔子
2026-09-28 04:42:26.807  INFO   decision    mode=traveling behavior=combat action=attack target=1878 reason='engage target' status=success
2026-09-28 04:42:27.635  INFO   session     Entity shadow: vision=6 {'player': 2, 'monster': 2, 'npc': 2} memory=6 {'npc': 3, 'monster': 3} paired=1 median=0.028 unleveled=68:警衛,10:警衛
2026-09-28 04:42:32.933  INFO   session     Entity shadow: vision=6 {'npc': 3, 'player': 1, 'monster': 2} memory=7 {'npc': 1, 'monster': 6} paired=3 median=0.043 unleveled=14:青蛙,189:鹿,68:警衛,10:警衛
2026-09-28 04:42:33.601  INFO   decision    mode=traveling behavior=combat action=attack target=1877 reason='engage target' status=success
2026-09-28 04:42:34.367  INFO   decision    mode=traveling behavior=loot action=pickup target=1882 reason='engage item' status=success
2026-09-28 04:42:35.183  INFO   decision    mode=traveling behavior=loot action=idle target=- reason='pickup memory gone' status=success
2026-09-28 04:42:35.953  INFO   decision    mode=traveling behavior=combat action=attack target=1880 reason='engage target' status=success
2026-09-28 04:42:37.944  INFO   session     Entity shadow: vision=5 {'npc': 3, 'player': 1, 'monster': 1} memory=5 {'monster': 4, 'npc': 1} paired=2 median=0.022 unleveled=189:鹿,10:警衛
2026-09-28 04:42:38.430  INFO   decision    mode=traveling behavior=traveling action=traveling target=- reason='return to farm after retreat' status=success
2026-09-28 04:42:38.851  INFO   decision    mode=traveling behavior=combat action=attack target=1881 reason='engage target' status=success
2026-09-28 04:42:40.885  INFO   decision    mode=traveling behavior=traveling action=traveling target=- reason='return to farm after retreat' status=success
2026-09-28 04:42:43.176  INFO   session     Entity shadow: vision=4 {'npc': 2, 'player': 1, 'monster': 1} memory=4 {'monster': 3, 'npc': 1} paired=2 median=0.052 unleveled=189:鹿,10:警衛
2026-09-28 04:42:43.272  INFO   decision    mode=traveling behavior=talking_scroll action=use_talking_scroll target=- reason='go to shop (buy_hp_potions_ch_mainland)' status=success
2026-09-28 04:42:46.602  INFO   nav         async nav configure start map=mainland
2026-09-28 04:42:48.681  INFO   nav         building portal graph (cluster=32, 1755x1414)
2026-09-28 04:42:49.033  INFO   session     Entity shadow: vision=39 {'player': 35, 'npc': 3, 'monster': 1} memory=62 {'npc': 7, 'player': 54, 'monster': 1} paired=37 median=0.052 unleveled=319:?
2026-09-28 04:42:52.901  INFO   nav         portal graph: 2586 components, 4220 ms
2026-09-28 04:42:52.904  INFO   nav         farms=6 safe=0 home=None (files farm=D:\ManmabotV1_final\engine\maps\mainland\farms.yaml safe=D:\ManmabotV1_final\engine\maps\mainland\safe.yaml home=D:\ManmabotV1_final\engine\maps\mainland\home.yaml)
2026-09-28 04:42:52.905  INFO   nav         async nav configure done map=mainland (6302 ms)
2026-09-28 04:42:53.168  INFO   decision    mode=farming behavior=shop action=shop_stop target=- reason='stop at shop' status=success
2026-09-28 04:42:54.075  INFO   session     Entity shadow: vision=37 {'player': 34, 'monster': 1, 'npc': 2} memory=62 {'player': 55, 'npc': 6, 'monster': 1} paired=36 median=0.051 unleveled=319:?
2026-09-28 04:42:54.197  INFO   decision    mode=farming behavior=shop action=shop_buy_arrows target=- reason='shop:buy_hp_potions_ch_mainland' status=success
2026-09-28 04:43:01.019  INFO   session     Entity shadow: vision=34 {'player': 33, 'npc': 1} memory=56 {'player': 49, 'npc': 6, 'monster': 1} paired=34 median=0.037 unleveled=319:?
2026-09-28 04:43:01.337  INFO   decision    mode=farming behavior=talking_scroll action=use_talking_scroll target=- reason='return to farm map after shop' status=success
2026-09-28 04:43:04.682  INFO   nav         async nav configure start map=talking_island
2026-09-28 04:43:04.846  INFO   nav         building portal graph (cluster=32, 479x511)
2026-09-28 04:43:05.272  INFO   nav         portal graph: 188 components, 426 ms
2026-09-28 04:43:05.282  INFO   nav         farms=4 safe=11 home=(354, 203) (files farm=D:\ManmabotV1_final\engine\maps\talking_island\farms.yaml safe=D:\ManmabotV1_final\engine\maps\talking_island\safe.yaml home=D:\ManmabotV1_final\engine\maps\talking_island\home.yaml)
2026-09-28 04:43:05.282  INFO   nav         async nav configure done map=talking_island (600 ms)
2026-09-28 04:43:06.793  INFO   session     Entity shadow: vision=44 {'player': 37, 'npc': 7} memory=60 {'player': 47, 'npc': 9, 'monster': 4} paired=40 median=0.062 unleveled=207:兔子,319:?,68:警衛,206:兔子
2026-09-28 04:43:06.968  INFO   decision    mode=traveling behavior=traveling action=traveling target=- reason='return to farm after retreat' status=success
2026-09-28 04:43:12.683  INFO   session     Entity shadow: vision=35 {'player': 34, 'npc': 1} memory=82 {'monster': 2, 'player': 77, 'npc': 3} paired=34 median=0.059 unleveled=207:兔子,319:?
2026-09-28 04:43:17.816  INFO   session     Entity shadow: vision=28 {'player': 28} memory=79 {'npc': 4, 'player': 74, 'monster': 1} paired=28 median=0.055 unleveled=319:?
2026-09-28 04:43:23.980  INFO   session     Entity shadow: vision=27 {'player': 27} memory=82 {'player': 77, 'npc': 4, 'monster': 1} paired=26 median=0.057 unleveled=319:?
2026-09-28 04:43:24.589  INFO   decision    mode=traveling behavior=unstick action=teleport target=- reason='unstick confined' status=success
2026-09-28 04:43:25.818  INFO   decision    mode=traveling behavior=traveling action=traveling target=- reason='return to farm after retreat' status=success
2026-09-28 04:43:29.193  INFO   session     Entity shadow: vision=2 {'player': 1, 'npc': 1} memory=6 {'npc': 2, 'monster': 3, 'player': 1} paired=1 median=0.037 unleveled=207:兔子,14:青蛙,68:警衛
2026-09-28 04:43:34.778  INFO   session     Entity shadow: vision=8 {'player': 5, 'npc': 3} memory=16 {'monster': 3, 'player': 8, 'npc': 5} paired=8 median=0.020 unleveled=207:兔子,14:青蛙,68:警衛
2026-09-28 04:43:40.139  INFO   session     Entity shadow: vision=11 {'player': 7, 'monster': 2, 'npc': 2} memory=17 {'player': 11, 'monster': 2, 'npc': 4} paired=8 median=0.021 unleveled=14:青蛙,207:兔子
2026-09-28 04:43:45.401  INFO   session     Entity shadow: vision=5 {'player': 3, 'npc': 1, 'monster': 1} memory=6 {'player': 3, 'npc': 3} paired=3 median=0.014
2026-09-28 04:43:48.350  INFO   decision    mode=traveling behavior=traveling action=traveling target=- reason='enter farm, walk around' status=success (repeat)
2026-09-28 04:43:50.591  INFO   session     Entity shadow: vision=4 {'player': 3, 'monster': 1} memory=5 {'npc': 2, 'player': 3} paired=2 median=0.052
2026-09-28 04:43:55.773  INFO   session     Entity shadow: vision=5 {'player': 3, 'npc': 2} memory=6 {'monster': 2, 'player': 2, 'npc': 2} paired=2 median=0.026 unleveled=10:警衛,68:警衛
2026-09-28 04:44:00.873  INFO   session     Entity shadow: vision=5 {'npc': 2, 'player': 2, 'monster': 1} memory=4 {'player': 1, 'monster': 2, 'npc': 1} paired=2 median=0.024 unleveled=10:警衛
2026-09-28 04:44:06.157  INFO   session     Entity shadow: vision=4 {'player': 2, 'npc': 2} memory=5 {'monster': 3, 'player': 1, 'npc': 1} paired=1 median=0.023 unleveled=189:鹿,10:警衛,68:警衛
2026-09-28 04:44:07.972  INFO   decision    mode=traveling behavior=traveling action=traveling target=- reason='return to farm after retreat' status=success (repeat)
2026-09-28 04:44:11.654  INFO   session     Entity shadow: vision=2 {'player': 2} memory=5 {'monster': 2, 'player': 2, 'npc': 1} paired=2 median=0.024 unleveled=189:鹿
2026-09-28 04:44:16.785  INFO   session     Entity shadow: vision=4 {'player': 2, 'npc': 2} memory=5 {'monster': 3, 'player': 1, 'npc': 1} paired=1 median=0.035 unleveled=68:警衛,189:鹿,10:警衛
2026-09-28 04:44:21.827  INFO   session     Entity shadow: vision=3 {'player': 1, 'npc': 2} memory=4 {'monster': 3, 'npc': 1} paired=0 median=0.000 unleveled=189:鹿,68:警衛,10:警衛
2026-09-28 04:44:22.348  INFO   decision    mode=traveling behavior=combat action=attack target=2092 reason='engage target' status=success
2026-09-28 04:44:26.094  INFO   decision    mode=traveling behavior=loot action=searching target=2093 reason='walk onto item' status=success
2026-09-28 04:44:26.903  INFO   session     Entity shadow: vision=4 {'player': 1, 'npc': 2, 'item': 1} memory=2 {'item': 1, 'monster': 1} paired=1 median=0.015 unleveled=10:警衛
2026-09-28 04:44:32.273  INFO   session     Entity shadow: vision=4 {'player': 1, 'item': 1, 'monster': 2} memory=3 {'monster': 2, 'item': 1} paired=3 median=0.008
2026-09-28 04:44:33.200  INFO   decision    mode=traveling behavior=loot action=pickup target=2093 reason='loot target' status=success
2026-09-28 04:44:33.810  INFO   decision    mode=traveling behavior=loot action=idle target=- reason='pickup memory gone' status=success
2026-09-28 04:44:34.112  INFO   decision    mode=traveling behavior=combat action=attack target=2094 reason='engage target' status=success
2026-09-28 04:44:37.433  INFO   session     Entity shadow: vision=3 {'monster': 1, 'player': 1, 'item': 1} memory=2 {'item': 1, 'monster': 1} paired=1 median=0.005
2026-09-28 04:44:37.484  INFO   decision    mode=traveling behavior=loot action=searching target=2096 reason='walk onto item' status=success
2026-09-28 04:44:41.042  INFO   decision    mode=traveling behavior=loot action=pickup target=2096 reason='loot target' status=success
2026-09-28 04:44:41.748  INFO   decision    mode=traveling behavior=loot action=idle target=- reason='pickup memory gone' status=success
2026-09-28 04:44:42.146  INFO   decision    mode=traveling behavior=traveling action=traveling target=- reason='return to farm after retreat' status=success
2026-09-28 04:44:42.690  INFO   session     Entity shadow: vision=2 {'npc': 1, 'player': 1} memory=2 {'npc': 1, 'monster': 1} paired=1 median=0.017 unleveled=14:青蛙
2026-09-28 04:44:47.751  INFO   session     Entity shadow: vision=2 {'player': 1, 'monster': 1} memory=2 {'monster': 2} paired=0 median=0.000 unleveled=14:青蛙
2026-09-28 04:44:47.818  INFO   decision    mode=traveling behavior=combat action=attack target=2100 reason='engage target' status=success
2026-09-28 04:44:49.137  INFO   decision    mode=traveling behavior=loot action=searching target=2101 reason='walk onto item' status=success
2026-09-28 04:44:52.903  INFO   session     Entity shadow: vision=4 {'player': 1, 'npc': 1, 'item': 1, 'monster': 1} memory=5 {'monster': 4, 'item': 1} paired=2 median=0.024 unleveled=14:青蛙,10:警衛,207:兔子
2026-09-28 04:44:56.379  INFO   decision    mode=traveling behavior=loot action=pickup target=2101 reason='loot target' status=success
2026-09-28 04:44:56.913  INFO   decision    mode=traveling behavior=loot action=idle target=- reason='pickup memory gone' status=success
2026-09-28 04:44:57.988  INFO   session     Entity shadow: vision=3 {'player': 1, 'item': 1, 'npc': 1} memory=5 {'player': 1, 'monster': 3, 'item': 1} paired=1 median=0.004 unleveled=10:警衛,14:青蛙
2026-09-28 04:44:58.896  INFO   decision    mode=traveling behavior=combat action=attack target=2105 reason='engage target' status=success
2026-09-28 04:45:03.295  INFO   session     Entity shadow: vision=3 {'player': 3} memory=4 {'player': 1, 'monster': 3} paired=1 median=0.011 unleveled=10:警衛,14:青蛙
2026-09-28 04:45:08.745  INFO   session     Entity shadow: vision=4 {'player': 1, 'monster': 2, 'npc': 1} memory=4 {'monster': 4} paired=2 median=0.019 unleveled=14:青蛙,10:警衛
2026-09-28 04:45:09.520  INFO   decision    mode=traveling behavior=combat action=attack target=2109 reason='engage target' status=success
2026-09-28 04:45:10.699  INFO   decision    mode=traveling behavior=traveling action=traveling target=- reason='return to farm after retreat' status=success
2026-09-28 04:45:13.692  INFO   session     Entity shadow: vision=0 {} memory=1 {'monster': 1} paired=0 median=0.000 unleveled=14:青蛙
2026-09-28 04:45:16.282  INFO   decision    mode=traveling behavior=combat action=attack target=2111 reason='engage target' status=success
2026-09-28 04:45:17.407  INFO   decision    mode=traveling behavior=loot action=searching target=2112 reason='walk onto item' status=success
2026-09-28 04:45:18.998  INFO   session     Entity shadow: vision=2 {'item': 1, 'player': 1} memory=2 {'item': 1, 'monster': 1} paired=1 median=0.018
2026-09-28 04:45:24.116  INFO   session     Entity shadow: vision=2 {'item': 1, 'player': 1} memory=3 {'monster': 2, 'item': 1} paired=1 median=0.016 unleveled=14:青蛙
2026-09-28 04:45:29.167  INFO   session     Entity shadow: vision=3 {'monster': 1, 'item': 2} memory=5 {'monster': 3, 'item': 2} paired=2 median=0.041 unleveled=207:兔子,14:青蛙
2026-09-28 04:45:29.498  INFO   decision    mode=traveling behavior=combat action=attack target=2110 reason='engage target' status=success
2026-09-28 04:45:34.301  INFO   session     Entity shadow: vision=4 {'item': 1, 'monster': 3} memory=6 {'monster': 5, 'item': 1} paired=4 median=0.039 unleveled=14:青蛙
2026-09-28 04:45:39.492  INFO   session     Entity shadow: vision=3 {'item': 1, 'monster': 1, 'player': 1} memory=6 {'monster': 5, 'item': 1} paired=2 median=0.065 unleveled=14:青蛙
2026-09-28 04:45:40.441  INFO   decision    mode=retreating behavior=retreating action=teleport target=- reason='retreat teleport' status=success
2026-09-28 04:45:41.635  INFO   decision    mode=retreating behavior=talking_scroll action=use_talking_scroll target=- reason='retreat, 허수아비 수련장' status=success
2026-09-28 04:45:43.571  INFO   decision    mode=retreating behavior=retreating action=teleport target=- reason='natural recover under attack' status=success
2026-09-28 04:45:45.205  INFO   session     Entity shadow: vision=11 {'player': 8, 'monster': 2, 'npc': 1} memory=14 {'monster': 5, 'player': 9} paired=10 median=0.018 unleveled=10:警衛,20:?
2026-09-28 04:45:45.251  INFO   decision    mode=retreating behavior=talking_scroll action=use_talking_scroll target=- reason='retreat, 허수아비 수련장' status=success
2026-09-28 04:45:47.086  INFO   decision    mode=retreating behavior=retreating action=teleport target=- reason='natural recover under attack' status=success
2026-09-28 04:45:48.376  INFO   decision    mode=retreating behavior=retreating action=idle target=- reason='retreating, waiting for hp' status=success
2026-09-28 04:45:50.444  INFO   session     Entity shadow: vision=11 {'player': 8, 'monster': 2, 'npc': 1} memory=14 {'monster': 5, 'player': 9} paired=10 median=0.018 unleveled=10:警衛,20:?
2026-09-28 04:45:55.716  INFO   session     Entity shadow: vision=12 {'monster': 2, 'player': 8, 'npc': 2} memory=13 {'monster': 5, 'player': 8} paired=10 median=0.018 unleveled=10:警衛,20:?
2026-09-28 04:46:00.972  INFO   session     Entity shadow: vision=11 {'monster': 2, 'player': 8, 'npc': 1} memory=14 {'monster': 5, 'player': 9} paired=10 median=0.018 unleveled=10:警衛,20:?
2026-09-28 04:46:05.874  INFO   decision    mode=traveling behavior=traveling action=traveling target=- reason='return to farm after retreat' status=success
2026-09-28 04:46:06.285  INFO   session     Entity shadow: vision=10 {'player': 8, 'npc': 1, 'monster': 1} memory=14 {'player': 9, 'monster': 5} paired=9 median=0.017 unleveled=10:警衛,20:?
2026-09-28 04:46:11.485  INFO   session     Entity shadow: vision=12 {'player': 11, 'npc': 1} memory=12 {'player': 10, 'monster': 2} paired=10 median=0.026 unleveled=10:警衛,20:?
2026-09-28 04:46:16.596  INFO   session     Entity shadow: vision=2 {'player': 1, 'npc': 1} memory=1 {'monster': 1} paired=0 median=0.000 unleveled=10:警衛
2026-09-28 04:46:21.987  INFO   session     Entity shadow: vision=1 {'player': 1} memory=1 {'player': 1} paired=0 median=0.000
2026-09-28 04:46:26.160  INFO   decision    mode=traveling behavior=traveling action=traveling target=- reason='return to farm after retreat' status=success (repeat)
2026-09-28 04:46:27.112  INFO   session     Entity shadow: vision=3 {'player': 2, 'npc': 1} memory=2 {'player': 1, 'monster': 1} paired=1 median=0.016 unleveled=68:警衛
2026-09-28 04:46:32.117  INFO   session     Entity shadow: vision=4 {'player': 2, 'npc': 2} memory=3 {'player': 1, 'monster': 2} paired=1 median=0.015 unleveled=10:警衛,68:警衛
2026-09-28 04:46:33.010  INFO   decision    mode=traveling behavior=loot action=searching target=2157 reason='walk onto item' status=success
2026-09-28 04:46:33.808  INFO   decision    mode=traveling behavior=traveling action=traveling target=- reason='return to farm after retreat' status=success
2026-09-28 04:46:37.340  INFO   session     Entity shadow: vision=4 {'player': 2, 'npc': 2} memory=2 {'monster': 2} paired=0 median=0.000 unleveled=10:警衛,68:警衛
2026-09-28 04:46:41.311  INFO   decision    mode=traveling behavior=combat action=attack target=2159 reason='engage target' status=success
2026-09-28 04:46:42.363  INFO   decision    mode=traveling behavior=traveling action=traveling target=- reason='return to farm after retreat' status=success
2026-09-28 04:46:42.811  INFO   session     Entity shadow: vision=3 {'player': 1, 'npc': 2} memory=2 {'monster': 2} paired=0 median=0.000 unleveled=10:警衛,68:警衛
2026-09-28 04:46:43.277  INFO   decision    mode=traveling behavior=combat action=attack target=2160 reason='engage target' status=success
2026-09-28 04:46:47.830  INFO   session     Entity shadow: vision=5 {'monster': 2, 'npc': 2, 'player': 1} memory=5 {'monster': 4, 'item': 1} paired=1 median=0.030 unleveled=10:警衛,210:兔子,68:警衛
2026-09-28 04:46:47.884  INFO   decision    mode=traveling behavior=loot action=searching target=2163 reason='walk onto item' status=success
2026-09-28 04:46:53.244  INFO   session     Entity shadow: vision=3 {'player': 1, 'item': 1, 'npc': 1} memory=3 {'monster': 2, 'item': 1} paired=1 median=0.028 unleveled=68:警衛
2026-09-28 04:46:54.330  INFO   decision    mode=traveling behavior=loot action=pickup target=2163 reason='loot target' status=success
2026-09-28 04:46:54.951  INFO   decision    mode=traveling behavior=loot action=idle target=- reason='pickup memory gone' status=success
2026-09-28 04:46:56.162  INFO   decision    mode=traveling behavior=traveling action=traveling target=- reason='return to farm after retreat' status=success
2026-09-28 04:46:58.379  INFO   session     Entity shadow: vision=1 {'player': 1} memory=0 {} paired=0 median=0.000
2026-09-28 04:47:00.586  INFO   decision    mode=traveling behavior=loot action=searching target=2166 reason='walk onto item' status=success
2026-09-28 04:47:03.778  INFO   session     Entity shadow: vision=2 {'player': 1, 'item': 1} memory=2 {'monster': 1, 'item': 1} paired=1 median=0.013 unleveled=189:鹿
2026-09-28 04:47:04.524  INFO   decision    mode=traveling behavior=loot action=pickup target=2166 reason='loot target' status=success
2026-09-28 04:47:05.025  INFO   decision    mode=traveling behavior=loot action=idle target=- reason='pickup memory gone' status=success
2026-09-28 04:47:06.000  INFO   decision    mode=traveling behavior=traveling action=traveling target=- reason='return to farm after retreat' status=success
2026-09-28 04:47:08.825  INFO   session     Entity shadow: vision=1 {'player': 1} memory=1 {'monster': 1} paired=0 median=0.000 unleveled=189:鹿
2026-09-28 04:47:11.395  INFO   decision    mode=traveling behavior=loot action=searching target=2172 reason='walk onto item' status=success
2026-09-28 04:47:14.053  INFO   session     Entity shadow: vision=3 {'player': 1, 'item': 2} memory=2 {'monster': 1, 'item': 1} paired=1 median=0.034 unleveled=189:鹿
2026-09-28 04:47:16.456  INFO   decision    mode=traveling behavior=traveling action=traveling target=- reason='return to farm after retreat' status=success
2026-09-28 04:47:16.874  INFO   decision    mode=traveling behavior=loot action=searching target=2172 reason='walk onto item' status=success
2026-09-28 04:47:19.068  INFO   session     Entity shadow: vision=2 {'player': 1, 'item': 1} memory=5 {'monster': 4, 'item': 1} paired=1 median=0.025 unleveled=189:鹿,14:青蛙
2026-09-28 04:47:24.196  INFO   session     Entity shadow: vision=3 {'player': 2, 'item': 1} memory=7 {'monster': 5, 'player': 1, 'item': 1} paired=2 median=0.049 unleveled=189:鹿,14:青蛙
2026-09-28 04:47:25.856  INFO   decision    mode=traveling behavior=loot action=pickup target=2172 reason='loot target' status=success
2026-09-28 04:47:26.370  INFO   decision    mode=traveling behavior=loot action=idle target=- reason='pickup memory gone' status=success
2026-09-28 04:47:27.024  INFO   decision    mode=traveling behavior=combat action=attack target=2176 reason='engage target' status=success
2026-09-28 04:47:29.646  INFO   session     Entity shadow: vision=2 {'monster': 1, 'player': 1} memory=6 {'monster': 6} paired=1 median=0.107 unleveled=189:鹿,14:青蛙
2026-09-28 04:47:34.727  INFO   session     Entity shadow: vision=1 {'monster': 1} memory=6 {'monster': 6} paired=1 median=0.109 unleveled=14:青蛙,189:鹿
2026-09-28 04:47:39.934  INFO   session     Entity shadow: vision=2 {'player': 1, 'item': 1} memory=6 {'player': 1, 'monster': 5} paired=1 median=0.016 unleveled=189:鹿,14:青蛙
2026-09-28 04:47:40.486  INFO   decision    mode=traveling behavior=unstick action=teleport target=- reason='unstick confined' status=success
2026-09-28 04:47:41.780  INFO   decision    mode=traveling behavior=combat action=attack target=2185 reason='engage target' status=success
2026-09-28 04:47:45.047  INFO   session     Entity shadow: vision=2 {'player': 1, 'monster': 1} memory=3 {'monster': 3} paired=1 median=0.013 unleveled=14:青蛙
2026-09-28 04:47:50.528  INFO   session     Entity shadow: vision=3 {'player': 1, 'monster': 2} memory=3 {'monster': 3} paired=2 median=0.049 unleveled=14:青蛙
2026-09-28 04:47:54.741  INFO   decision    mode=retreating behavior=retreating action=teleport target=- reason='retreat teleport' status=success
2026-09-28 04:47:55.707  INFO   session     Entity shadow: vision=2 {'monster': 1, 'player': 1} memory=3 {'monster': 3} paired=1 median=0.020 unleveled=14:青蛙
2026-09-28 04:47:55.764  INFO   decision    mode=retreating behavior=talking_scroll action=use_talking_scroll target=- reason='retreat, 허수아비 수련장' status=success
2026-09-28 04:47:57.465  INFO   decision    mode=retreating behavior=? action=idle target=- reason='waiting for respawn' status=success
2026-09-28 04:47:59.712  INFO   decision    mode=retreating behavior=respawn action=respawn target=- reason='death confirmed, restart' status=success
2026-09-28 04:48:00.285  INFO   decision    mode=retreating behavior=? action=idle target=- reason='waiting for respawn' status=success
2026-09-28 04:48:00.958  INFO   session     Entity shadow: vision=2 {'monster': 2} memory=55 {'player': 50, 'npc': 4, 'monster': 1} paired=0 median=0.000 unleveled=206:兔子
2026-09-28 04:48:01.018  INFO   decision    mode=retreating behavior=retreating action=teleport target=- reason='natural recover under attack' status=success
2026-09-28 04:48:03.153  INFO   decision    mode=retreating behavior=talking_scroll action=use_talking_scroll target=- reason='retreat, 허수아비 수련장' status=success
2026-09-28 04:48:05.105  INFO   decision    mode=retreating behavior=retreating action=teleport target=- reason='natural recover under attack' status=success
2026-09-28 04:48:06.666  INFO   session     Entity shadow: vision=11 {'player': 8, 'monster': 2, 'npc': 1} memory=13 {'monster': 5, 'player': 8} paired=10 median=0.018 unleveled=10:警衛,20:?
2026-09-28 04:48:06.806  INFO   decision    mode=retreating behavior=talking_scroll action=use_talking_scroll target=- reason='retreat, 허수아비 수련장' status=success
2026-09-28 04:48:08.574  INFO   decision    mode=retreating behavior=retreating action=teleport target=- reason='natural recover under attack' status=success
2026-09-28 04:48:09.634  INFO   decision    mode=retreating behavior=talking_scroll action=use_talking_scroll target=- reason='retreat, 허수아비 수련장' status=success
2026-09-28 04:48:11.497  INFO   decision    mode=retreating behavior=retreating action=teleport target=- reason='natural recover under attack' status=success
2026-09-28 04:48:12.855  INFO   session     Entity shadow: vision=11 {'monster': 2, 'player': 8, 'npc': 1} memory=13 {'monster': 5, 'player': 8} paired=10 median=0.018 unleveled=10:警衛,20:?
2026-09-28 04:48:12.902  INFO   decision    mode=retreating behavior=talking_scroll action=use_talking_scroll target=- reason='retreat, 허수아비 수련장' status=success
2026-09-28 04:48:14.670  INFO   decision    mode=retreating behavior=retreating action=teleport target=- reason='natural recover under attack' status=success
2026-09-28 04:48:16.115  INFO   decision    mode=retreating behavior=talking_scroll action=use_talking_scroll target=- reason='retreat, 허수아비 수련장' status=success
2026-09-28 04:48:17.921  INFO   session     Entity shadow: vision=12 {'monster': 3, 'player': 8, 'npc': 1} memory=0 {} paired=0 median=0.000
2026-09-28 04:48:17.969  INFO   decision    mode=retreating behavior=retreating action=teleport target=- reason='natural recover under attack' status=success
2026-09-28 04:48:19.004  INFO   decision    mode=retreating behavior=talking_scroll action=use_talking_scroll target=- reason='retreat, 허수아비 수련장' status=success
2026-09-28 04:48:20.963  INFO   decision    mode=retreating behavior=retreating action=teleport target=- reason='natural recover under attack' status=success
2026-09-28 04:48:22.354  INFO   decision    mode=retreating behavior=talking_scroll action=use_talking_scroll target=- reason='retreat, 허수아비 수련장' status=success
2026-09-28 04:48:24.118  INFO   session     Entity shadow: vision=9 {'monster': 2, 'player': 6, 'npc': 1} memory=7 {'monster': 2, 'player': 5} paired=4 median=0.020 unleveled=10:警衛,20:?
2026-09-28 04:48:24.181  INFO   decision    mode=retreating behavior=retreating action=idle target=- reason='retreating, waiting for hp' status=success
2026-09-28 04:48:29.300  INFO   session     Entity shadow: vision=11 {'player': 8, 'monster': 2, 'npc': 1} memory=13 {'monster': 5, 'player': 8} paired=10 median=0.018 unleveled=10:警衛,20:?
2026-09-28 04:48:34.501  INFO   session     Entity shadow: vision=11 {'npc': 1, 'monster': 2, 'player': 8} memory=13 {'monster': 5, 'player': 8} paired=10 median=0.017 unleveled=10:警衛,20:?
2026-09-28 04:48:39.292  INFO   decision    mode=farming behavior=talking_scroll action=use_talking_scroll target=- reason='respawn, 마법서 상인' status=success
2026-09-28 04:48:41.142  INFO   session     Entity shadow: vision=9 {'player': 6, 'monster': 2, 'npc': 1} memory=0 {} paired=0 median=0.000
2026-09-28 04:48:41.469  INFO   decision    mode=traveling behavior=traveling action=traveling target=- reason='enter farm area' status=success
2026-09-28 04:48:42.157  INFO   decision    mode=traveling behavior=loot action=searching target=2337 reason='walk onto item' status=success
2026-09-28 04:48:44.652  INFO   decision    mode=traveling behavior=combat action=attack target=2336 reason='engage target' status=success
2026-09-28 04:48:46.409  INFO   session     Entity shadow: vision=6 {'npc': 2, 'monster': 1, 'item': 3} memory=11 {'monster': 6, 'item': 3, 'npc': 2} paired=4 median=0.025 unleveled=68:警衛,10:警衛
2026-09-28 04:48:50.592  INFO   decision    mode=traveling behavior=combat action=attack target=2335 reason='attack target' status=success
2026-09-28 04:48:51.502  INFO   session     Entity shadow: vision=5 {'npc': 2, 'item': 2, 'monster': 1} memory=10 {'monster': 5, 'item': 3, 'npc': 2} paired=3 median=0.010 unleveled=68:警衛,10:警衛
2026-09-28 04:48:51.556  INFO   decision    mode=retreating behavior=retreating action=teleport target=- reason='retreat teleport' status=success
2026-09-28 04:48:52.631  INFO   decision    mode=retreating behavior=talking_scroll action=use_talking_scroll target=- reason='retreat, 허수아비 수련장' status=success
2026-09-28 04:48:54.667  INFO   decision    mode=retreating behavior=? action=idle target=- reason='waiting for respawn' status=success
2026-09-28 04:48:56.637  INFO   session     Entity shadow: vision=5 {'item': 3, 'npc': 2} memory=9 {'monster': 4, 'item': 3, 'npc': 2} paired=3 median=0.021 unleveled=68:警衛,10:警衛
2026-09-28 04:48:57.004  INFO   decision    mode=retreating behavior=respawn action=respawn target=- reason='death confirmed, restart' status=success
2026-09-28 04:48:57.429  INFO   decision    mode=retreating behavior=? action=idle target=- reason='waiting for respawn' status=success
2026-09-28 04:48:59.166  INFO   decision    mode=retreating behavior=retreating action=teleport target=- reason='natural recover under attack' status=success
2026-09-28 04:49:00.836  INFO   decision    mode=retreating behavior=talking_scroll action=use_talking_scroll target=- reason='retreat, 허수아비 수련장' status=success
2026-09-28 04:49:02.593  INFO   session     Entity shadow: vision=33 {'player': 28, 'npc': 2, 'monster': 3} memory=0 {} paired=0 median=0.000
2026-09-28 04:49:02.894  INFO   decision    mode=retreating behavior=retreating action=teleport target=- reason='natural recover under attack' status=success
2026-09-28 04:49:04.599  INFO   decision    mode=retreating behavior=talking_scroll action=use_talking_scroll target=- reason='retreat, 허수아비 수련장' status=success
2026-09-28 04:49:06.397  INFO   decision    mode=retreating behavior=retreating action=teleport target=- reason='natural recover under attack' status=success
2026-09-28 04:49:07.796  INFO   session     Entity shadow: vision=12 {'player': 9, 'monster': 2, 'npc': 1} memory=16 {'player': 11, 'monster': 5} paired=11 median=0.018 unleveled=10:警衛,20:?
2026-09-28 04:49:07.836  INFO   decision    mode=retreating behavior=talking_scroll action=use_talking_scroll target=- reason='retreat, 허수아비 수련장' status=success
2026-09-28 04:49:09.795  INFO   decision    mode=retreating behavior=retreating action=teleport target=- reason='natural recover under attack' status=success
2026-09-28 04:49:11.195  INFO   decision    mode=retreating behavior=talking_scroll action=use_talking_scroll target=- reason='retreat, 허수아비 수련장' status=success
2026-09-28 04:49:12.880  INFO   session     Entity shadow: vision=2 {'player': 2} memory=2 {'player': 1, 'monster': 1} paired=1 median=0.027 unleveled=68:警衛
2026-09-28 04:49:12.931  INFO   decision    mode=retreating behavior=retreating action=teleport target=- reason='natural recover under attack' status=success
2026-09-28 04:49:14.349  INFO   decision    mode=retreating behavior=talking_scroll action=use_talking_scroll target=- reason='retreat, 허수아비 수련장' status=success
2026-09-28 04:49:16.100  INFO   decision    mode=retreating behavior=retreating action=teleport target=- reason='natural recover under attack' status=success
2026-09-28 04:49:17.365  INFO   decision    mode=retreating behavior=talking_scroll action=use_talking_scroll target=- reason='retreat, 허수아비 수련장' status=success
2026-09-28 04:49:19.388  INFO   session     Entity shadow: vision=13 {'monster': 3, 'player': 8, 'npc': 2} memory=16 {'monster': 5, 'player': 11} paired=11 median=0.018 unleveled=10:警衛,20:?
2026-09-28 04:49:19.426  INFO   decision    mode=retreating behavior=retreating action=teleport target=- reason='natural recover under attack' status=success
2026-09-28 04:49:20.500  INFO   decision    mode=retreating behavior=retreating action=idle target=- reason='retreating, waiting for hp' status=success
2026-09-28 04:49:24.597  INFO   session     Entity shadow: vision=11 {'player': 8, 'npc': 1, 'monster': 2} memory=16 {'monster': 5, 'player': 11} paired=10 median=0.018 unleveled=10:警衛,20:?
2026-09-28 04:49:29.753  INFO   session     Entity shadow: vision=12 {'player': 9, 'monster': 2, 'npc': 1} memory=15 {'player': 10, 'monster': 5} paired=11 median=0.020 unleveled=10:警衛,20:?
2026-09-28 04:49:35.030  INFO   session     Entity shadow: vision=11 {'player': 8, 'monster': 2, 'npc': 1} memory=14 {'monster': 5, 'player': 9} paired=10 median=0.020 unleveled=10:警衛,20:?
2026-09-28 04:49:36.631  INFO   decision    mode=farming behavior=talking_scroll action=use_talking_scroll target=- reason='respawn, 마법서 상인' status=success
2026-09-28 04:49:38.772  INFO   decision    mode=traveling behavior=traveling action=traveling target=- reason='enter farm area' status=success
2026-09-28 04:49:39.381  INFO   decision    mode=traveling behavior=loot action=searching target=2509 reason='walk onto item' status=success
2026-09-28 04:49:40.286  INFO   session     Entity shadow: vision=5 {'player': 1, 'npc': 2, 'monster': 1, 'item': 1} memory=7 {'item': 1, 'monster': 3, 'npc': 3} paired=2 median=0.019 unleveled=68:警衛,10:警衛
2026-09-28 04:49:45.540  INFO   session     Entity shadow: vision=3 {'player': 1, 'item': 1, 'npc': 1} memory=6 {'monster': 3, 'player': 1, 'item': 1, 'npc': 1} paired=1 median=0.014 unleveled=14:青蛙,10:警衛
2026-09-28 04:49:49.849  INFO   decision    mode=traveling behavior=loot action=pickup target=2509 reason='loot target' status=success
2026-09-28 04:49:50.541  INFO   decision    mode=traveling behavior=loot action=idle target=- reason='pickup memory gone' status=success
2026-09-28 04:49:50.926  INFO   session     Entity shadow: vision=2 {'item': 1, 'player': 1} memory=4 {'monster': 2, 'player': 1, 'item': 1} paired=2 median=0.007 unleveled=14:青蛙
2026-09-28 04:49:51.867  INFO   decision    mode=traveling behavior=combat action=attack target=2519 reason='engage target' status=success
2026-09-28 04:49:55.971  INFO   session     Entity shadow: vision=4 {'player': 1, 'npc': 2, 'item': 1} memory=4 {'monster': 3, 'player': 1} paired=0 median=0.000 unleveled=68:警衛,10:警衛
2026-09-28 04:49:56.758  INFO   decision    mode=traveling behavior=loot action=searching target=2522 reason='walk onto item' status=success
2026-09-28 04:49:58.841  INFO   decision    mode=traveling behavior=loot action=pickup target=2522 reason='loot target' status=success
2026-09-28 04:49:59.506  INFO   decision    mode=traveling behavior=loot action=idle target=- reason='pickup memory gone' status=success
2026-09-28 04:50:01.101  INFO   session     Entity shadow: vision=4 {'npc': 2, 'player': 2} memory=7 {'player': 1, 'npc': 3, 'monster': 3} paired=1 median=0.023 unleveled=68:警衛,10:警衛
2026-09-28 04:50:01.138  INFO   decision    mode=traveling behavior=combat action=attack target=2523 reason='engage target' status=success
2026-09-28 04:50:03.691  INFO   decision    mode=traveling behavior=loot action=searching target=2527 reason='walk onto item' status=success
2026-09-28 04:50:06.623  INFO   session     Entity shadow: vision=4 {'player': 2, 'item': 1, 'npc': 1} memory=4 {'player': 1, 'item': 1, 'npc': 1, 'monster': 1} paired=3 median=0.045 unleveled=10:警衛
2026-09-28 04:50:08.587  INFO   decision    mode=traveling behavior=traveling action=traveling target=- reason='enter farm area' status=success
2026-09-28 04:50:09.822  INFO   decision    mode=traveling behavior=combat action=attack target=2529 reason='engage target' status=success
2026-09-28 04:50:11.771  INFO   session     Entity shadow: vision=4 {'item': 1, 'player': 2, 'monster': 1} memory=5 {'player': 2, 'item': 2, 'monster': 1} paired=3 median=0.025
2026-09-28 04:50:13.717  INFO   decision    mode=traveling behavior=loot action=searching target=2533 reason='walk onto item' status=success
2026-09-28 04:50:14.235  INFO   decision    mode=traveling behavior=loot action=pickup target=2533 reason='loot target' status=success
2026-09-28 04:50:14.773  INFO   decision    mode=traveling behavior=loot action=idle target=- reason='pickup memory gone' status=success
2026-09-28 04:50:16.624  INFO   decision    mode=traveling behavior=loot action=searching target=2530 reason='walk onto item' status=success
2026-09-28 04:50:17.139  INFO   session     Entity shadow: vision=5 {'player': 3, 'item': 2} memory=5 {'player': 2, 'item': 3} paired=4 median=0.039
2026-09-28 04:50:22.414  INFO   session     Entity shadow: vision=3 {'player': 2, 'item': 1} memory=3 {'player': 2, 'item': 1} paired=2 median=0.016
2026-09-28 04:50:26.235  INFO   decision    mode=traveling behavior=loot action=pickup target=2530 reason='loot target' status=success
2026-09-28 04:50:26.818  INFO   decision    mode=traveling behavior=loot action=idle target=- reason='pickup memory gone' status=success
2026-09-28 04:50:27.277  INFO   decision    mode=traveling behavior=traveling action=traveling target=- reason='enter farm area' status=success
2026-09-28 04:50:27.751  INFO   session     Entity shadow: vision=2 {'player': 2} memory=1 {'player': 1} paired=1 median=0.047
2026-09-28 04:50:29.907  INFO   decision    mode=traveling behavior=combat action=attack target=2537 reason='engage target' status=success
2026-09-28 04:50:31.757  INFO   decision    mode=traveling behavior=traveling action=traveling target=- reason='enter farm, walk around' status=success
2026-09-28 04:50:33.057  INFO   session     Entity shadow: vision=2 {'player': 1, 'item': 1} memory=2 {'player': 1, 'item': 1} paired=1 median=0.029
2026-09-28 04:50:33.988  INFO   decision    mode=traveling behavior=combat action=attack target=2539 reason='engage target' status=success
2026-09-28 04:50:38.184  INFO   session     Entity shadow: vision=2 {'player': 1, 'item': 1} memory=3 {'monster': 2, 'player': 1} paired=0 median=0.000
2026-09-28 04:50:38.727  INFO   decision    mode=traveling behavior=loot action=pickup target=2542 reason='engage item' status=success
2026-09-28 04:50:39.279  INFO   decision    mode=traveling behavior=loot action=idle target=- reason='pickup memory gone' status=success
2026-09-28 04:50:41.144  INFO   decision    mode=traveling behavior=combat action=attack target=2540 reason='engage target' status=success
2026-09-28 04:50:43.192  INFO   session     Entity shadow: vision=2 {'monster': 2} memory=2 {'monster': 1, 'player': 1} paired=1 median=0.016
2026-09-28 04:50:43.725  INFO   decision    mode=traveling behavior=loot action=searching target=2544 reason='walk onto item' status=success
2026-09-28 04:50:48.426  INFO   session     Entity shadow: vision=2 {'player': 1, 'item': 1} memory=4 {'player': 1, 'monster': 2, 'item': 1} paired=1 median=0.007
2026-09-28 04:50:49.294  INFO   decision    mode=traveling behavior=combat action=attack target=2540 reason='engage target' status=success
2026-09-28 04:50:53.701  INFO   session     Entity shadow: vision=3 {'player': 3} memory=1 {'monster': 1} paired=0 median=0.000
2026-09-28 04:50:59.135  INFO   session     Entity shadow: vision=2 {'player': 2} memory=3 {'monster': 3} paired=0 median=0.000 unleveled=14:青蛙
2026-09-28 04:51:04.151  INFO   session     Entity shadow: vision=2 {'player': 1, 'item': 1} memory=3 {'monster': 3} paired=0 median=0.000 unleveled=14:青蛙
2026-09-28 04:51:04.659  INFO   decision    mode=traveling behavior=loot action=searching target=2548 reason='walk onto item' status=success
2026-09-28 04:51:06.658  INFO   decision    mode=retreating behavior=retreating action=teleport target=- reason='retreat teleport' status=success
2026-09-28 04:51:08.127  INFO   decision    mode=retreating behavior=talking_scroll action=use_talking_scroll target=- reason='retreat, 허수아비 수련장' status=success
2026-09-28 04:51:09.844  INFO   session     Entity shadow: vision=0 {} memory=3 {'player': 1, 'monster': 2} paired=0 median=0.000 unleveled=14:青蛙
2026-09-28 04:51:09.889  INFO   decision    mode=retreating behavior=? action=idle target=- reason='waiting for respawn' status=success
2026-09-28 04:51:12.093  INFO   decision    mode=retreating behavior=respawn action=respawn target=- reason='death confirmed, restart' status=success
2026-09-28 04:51:12.567  INFO   decision    mode=retreating behavior=? action=idle target=- reason='waiting for respawn' status=success
2026-09-28 04:51:14.480  INFO   decision    mode=retreating behavior=retreating action=teleport target=- reason='natural recover under attack' status=success
2026-09-28 04:51:15.835  INFO   session     Entity shadow: vision=35 {'player': 31, 'monster': 2, 'npc': 2} memory=61 {'npc': 5, 'player': 55, 'monster': 1} paired=32 median=0.030 unleveled=14:青蛙
2026-09-28 04:51:15.896  INFO   decision    mode=retreating behavior=talking_scroll action=use_talking_scroll target=- reason='retreat, 허수아비 수련장' status=success
2026-09-28 04:51:17.767  INFO   decision    mode=retreating behavior=retreating action=teleport target=- reason='natural recover under attack' status=success
2026-09-28 04:51:19.257  INFO   decision    mode=retreating behavior=talking_scroll action=use_talking_scroll target=- reason='retreat, 허수아비 수련장' status=success
2026-09-28 04:51:20.985  INFO   session     Entity shadow: vision=10 {'monster': 2, 'player': 7, 'npc': 1} memory=14 {'player': 9, 'monster': 5} paired=9 median=0.020 unleveled=10:警衛,20:?
2026-09-28 04:51:21.241  INFO   decision    mode=retreating behavior=retreating action=teleport target=- reason='natural recover under attack' status=success
2026-09-28 04:51:22.566  INFO   decision    mode=retreating behavior=talking_scroll action=use_talking_scroll target=- reason='retreat, 허수아비 수련장' status=success
2026-09-28 04:51:24.406  INFO   decision    mode=retreating behavior=retreating action=teleport target=- reason='natural recover under attack' status=success
2026-09-28 04:51:25.527  INFO   decision    mode=retreating behavior=talking_scroll action=use_talking_scroll target=- reason='retreat, 허수아비 수련장' status=success
2026-09-28 04:51:27.394  INFO   session     Entity shadow: vision=9 {'monster': 2, 'player': 6, 'npc': 1} memory=14 {'monster': 5, 'player': 9} paired=8 median=0.019 unleveled=10:警衛,20:?
2026-09-28 04:51:27.435  INFO   decision    mode=retreating behavior=retreating action=teleport target=- reason='natural recover under attack' status=success
2026-09-28 04:51:28.747  INFO   decision    mode=retreating behavior=talking_scroll action=use_talking_scroll target=- reason='retreat, 허수아비 수련장' status=success
2026-09-28 04:51:30.700  INFO   decision    mode=retreating behavior=retreating action=idle target=- reason='retreating, waiting for hp' status=success
2026-09-28 04:51:32.225  INFO   session     Entity shadow: vision=11 {'monster': 2, 'player': 8, 'npc': 1} memory=14 {'monster': 5, 'player': 9} paired=10 median=0.017 unleveled=10:警衛,20:?
2026-09-28 04:51:37.388  INFO   session     Entity shadow: vision=12 {'player': 8, 'monster': 3, 'npc': 1} memory=15 {'monster': 6, 'player': 9} paired=10 median=0.018 unleveled=189:鹿,10:警衛,20:?
2026-09-28 04:51:42.669  INFO   session     Entity shadow: vision=11 {'player': 8, 'monster': 2, 'npc': 1} memory=16 {'monster': 6, 'player': 10} paired=10 median=0.017 unleveled=189:鹿,10:警衛,20:?
2026-09-28 04:51:47.824  INFO   session     Entity shadow: vision=12 {'player': 9, 'monster': 2, 'npc': 1} memory=15 {'monster': 6, 'player': 9} paired=11 median=0.018 unleveled=189:鹿,10:警衛,20:?
2026-09-28 04:51:51.061  INFO   decision    mode=farming behavior=talking_scroll action=use_talking_scroll target=- reason='respawn, 마법서 상인' status=success
2026-09-28 04:51:52.889  INFO   session     Entity shadow: vision=12 {'player': 9, 'monster': 2, 'npc': 1} memory=15 {'monster': 6, 'player': 9} paired=11 median=0.017 unleveled=189:鹿,10:警衛,20:?
2026-09-28 04:51:52.990  INFO   decision    mode=traveling behavior=traveling action=traveling target=- reason='enter farm area' status=success
2026-09-28 04:51:57.929  INFO   session     Entity shadow: vision=2 {'player': 1, 'npc': 1} memory=2 {'monster': 1, 'npc': 1} paired=0 median=0.000 unleveled=10:警衛
2026-09-28 04:52:03.191  INFO   session     Entity shadow: vision=0 {} memory=0 {} paired=0 median=0.000
2026-09-28 04:52:08.240  INFO   session     Entity shadow: vision=1 {'player': 1} memory=0 {} paired=0 median=0.000
2026-09-28 04:52:09.736  INFO   decision    mode=traveling behavior=traveling action=traveling target=- reason='enter farm area' status=success (repeat)
2026-09-28 04:52:13.401  INFO   session     Entity shadow: vision=2 {'player': 2} memory=1 {'player': 1} paired=1 median=0.003
2026-09-28 04:52:18.698  INFO   session     Entity shadow: vision=1 {'player': 1} memory=1 {'player': 1} paired=1 median=0.024
2026-09-28 04:52:20.653  INFO   decision    mode=traveling behavior=combat action=attack target=2679 reason='engage target' status=success
2026-09-28 04:52:23.749  INFO   session     Entity shadow: vision=0 {} memory=3 {'monster': 3} paired=0 median=0.000
2026-09-28 04:52:26.767  INFO   decision    mode=traveling behavior=loot action=searching target=2683 reason='walk onto item' status=success
2026-09-28 04:52:28.848  INFO   session     Entity shadow: vision=3 {'monster': 2, 'item': 1} memory=4 {'monster': 3, 'item': 1} paired=2 median=0.105
2026-09-28 04:52:33.333  INFO   decision    mode=traveling behavior=loot action=pickup target=2683 reason='loot target' status=success
2026-09-28 04:52:33.879  INFO   session     Entity shadow: vision=3 {'player': 1, 'monster': 1, 'item': 1} memory=2 {'item': 1, 'monster': 1} paired=2 median=0.027
2026-09-28 04:52:33.934  INFO   decision    mode=traveling behavior=loot action=idle target=- reason='pickup memory gone' status=success
2026-09-28 04:52:34.339  INFO   decision    mode=traveling behavior=combat action=attack target=2684 reason='engage target' status=success
2026-09-28 04:52:37.283  INFO   decision    mode=traveling behavior=combat action=attack target=2685 reason='engage target' status=success
2026-09-28 04:52:39.074  INFO   session     Entity shadow: vision=0 {} memory=1 {'monster': 1} paired=0 median=0.000
2026-09-28 04:52:44.488  INFO   session     Entity shadow: vision=0 {} memory=1 {'monster': 1} paired=0 median=0.000
2026-09-28 04:52:48.514  INFO   decision    mode=retreating behavior=retreating action=teleport target=- reason='retreat teleport' status=success
2026-09-28 04:52:49.732  INFO   session     Entity shadow: vision=0 {} memory=1 {'monster': 1} paired=0 median=0.000
2026-09-28 04:52:49.778  INFO   decision    mode=retreating behavior=talking_scroll action=use_talking_scroll target=- reason='retreat, 허수아비 수련장' status=success
2026-09-28 04:52:51.474  INFO   decision    mode=retreating behavior=retreating action=teleport target=- reason='natural recover under attack' status=success
2026-09-28 04:52:52.996  INFO   decision    mode=retreating behavior=talking_scroll action=use_talking_scroll target=- reason='retreat, 허수아비 수련장' status=success
2026-09-28 04:52:54.764  INFO   session     Entity shadow: vision=11 {'monster': 3, 'player': 7, 'npc': 1} memory=9 {'monster': 3, 'player': 6} paired=9 median=0.018
2026-09-28 04:52:54.821  INFO   decision    mode=retreating behavior=retreating action=teleport target=- reason='natural recover under attack' status=success
2026-09-28 04:52:56.146  INFO   decision    mode=retreating behavior=talking_scroll action=use_talking_scroll target=- reason='retreat, 허수아비 수련장' status=success
2026-09-28 04:52:57.936  INFO   decision    mode=retreating behavior=retreating action=teleport target=- reason='natural recover under attack' status=success
2026-09-28 04:52:59.090  INFO   decision    mode=retreating behavior=talking_scroll action=use_talking_scroll target=- reason='retreat, 허수아비 수련장' status=success
2026-09-28 04:53:00.906  INFO   session     Entity shadow: vision=12 {'monster': 3, 'player': 8, 'npc': 1} memory=16 {'monster': 5, 'player': 11} paired=11 median=0.018 unleveled=10:警衛,20:?
2026-09-28 04:53:01.016  INFO   decision    mode=retreating behavior=retreating action=teleport target=- reason='natural recover under attack' status=success
2026-09-28 04:53:02.424  INFO   decision    mode=retreating behavior=talking_scroll action=use_talking_scroll target=- reason='retreat, 허수아비 수련장' status=success
2026-09-28 04:53:04.469  INFO   decision    mode=retreating behavior=retreating action=teleport target=- reason='natural recover under attack' status=success
2026-09-28 04:53:05.739  INFO   decision    mode=retreating behavior=talking_scroll action=use_talking_scroll target=- reason='retreat, 허수아비 수련장' status=success
2026-09-28 04:53:07.525  INFO   session     Entity shadow: vision=9 {'player': 6, 'monster': 2, 'npc': 1} memory=11 {'monster': 5, 'player': 6} paired=7 median=0.017 unleveled=10:警衛,20:?
2026-09-28 04:53:07.634  INFO   decision    mode=retreating behavior=retreating action=teleport target=- reason='natural recover under attack' status=success
2026-09-28 04:53:08.684  INFO   decision    mode=retreating behavior=talking_scroll action=use_talking_scroll target=- reason='retreat, 허수아비 수련장' status=success
2026-09-28 04:53:10.514  INFO   decision    mode=retreating behavior=retreating action=teleport target=- reason='natural recover under attack' status=success
2026-09-28 04:53:11.639  INFO   decision    mode=retreating behavior=talking_scroll action=use_talking_scroll target=- reason='retreat, 허수아비 수련장' status=success
2026-09-28 04:53:13.423  INFO   session     Entity shadow: vision=9 {'monster': 2, 'player': 6, 'npc': 1} memory=15 {'monster': 5, 'player': 10} paired=8 median=0.019 unleveled=10:警衛,20:?
2026-09-28 04:53:13.476  INFO   decision    mode=retreating behavior=retreating action=teleport target=- reason='natural recover under attack' status=success
2026-09-28 04:53:15.043  INFO   decision    mode=retreating behavior=talking_scroll action=use_talking_scroll target=- reason='retreat, 허수아비 수련장' status=success
2026-09-28 04:53:16.800  INFO   decision    mode=retreating behavior=retreating action=teleport target=- reason='natural recover under attack' status=success
2026-09-28 04:53:17.933  INFO   decision    mode=retreating behavior=talking_scroll action=use_talking_scroll target=- reason='retreat, 허수아비 수련장' status=success
2026-09-28 04:53:19.738  INFO   session     Entity shadow: vision=12 {'monster': 3, 'player': 8, 'npc': 1} memory=15 {'monster': 5, 'player': 10} paired=11 median=0.019 unleveled=20:?,10:警衛
2026-09-28 04:53:19.790  INFO   decision    mode=retreating behavior=retreating action=teleport target=- reason='natural recover under attack' status=success
2026-09-28 04:53:21.312  INFO   decision    mode=retreating behavior=talking_scroll action=use_talking_scroll target=- reason='retreat, 허수아비 수련장' status=success
2026-09-28 04:53:23.122  INFO   decision    mode=retreating behavior=retreating action=idle target=- reason='retreating, waiting for hp' status=success
2026-09-28 04:53:25.090  INFO   session     Entity shadow: vision=11 {'player': 8, 'npc': 1, 'monster': 2} memory=13 {'monster': 5, 'player': 8} paired=10 median=0.019 unleveled=10:警衛,20:?
2026-09-28 04:53:30.367  INFO   session     Entity shadow: vision=11 {'player': 8, 'monster': 2, 'npc': 1} memory=13 {'monster': 5, 'player': 8} paired=10 median=0.019 unleveled=10:警衛,20:?
2026-09-28 04:53:35.696  INFO   session     Entity shadow: vision=11 {'player': 8, 'monster': 2, 'npc': 1} memory=13 {'monster': 5, 'player': 8} paired=10 median=0.019 unleveled=10:警衛,20:?
2026-09-28 04:53:38.939  INFO   decision    mode=traveling behavior=talking_scroll action=use_talking_scroll target=- reason='go to shop (buy_hp_potions_ch_mainland)' status=success
2026-09-28 04:53:42.215  INFO   nav         async nav configure start map=mainland
2026-09-28 04:53:44.217  INFO   session     Entity shadow: vision=43 {'player': 38, 'npc': 2, 'monster': 3} memory=61 {'npc': 7, 'player': 53, 'monster': 1} paired=38 median=0.040 unleveled=319:?
2026-09-28 04:53:44.256  INFO   nav         building portal graph (cluster=32, 1755x1414)
2026-09-28 04:53:48.463  INFO   nav         portal graph: 2586 components, 4208 ms
2026-09-28 04:53:48.467  INFO   nav         farms=6 safe=0 home=None (files farm=D:\ManmabotV1_final\engine\maps\mainland\farms.yaml safe=D:\ManmabotV1_final\engine\maps\mainland\safe.yaml home=D:\ManmabotV1_final\engine\maps\mainland\home.yaml)
2026-09-28 04:53:48.467  INFO   nav         async nav configure done map=mainland (6251 ms)
2026-09-28 04:53:48.705  INFO   decision    mode=farming behavior=shop action=shop_stop target=- reason='stop at shop' status=success
2026-09-28 04:53:49.614  INFO   session     Entity shadow: vision=39 {'npc': 1, 'player': 35, 'monster': 3} memory=58 {'npc': 7, 'player': 50, 'monster': 1} paired=36 median=0.039 unleveled=319:?
2026-09-28 04:53:49.735  INFO   decision    mode=farming behavior=shop action=shop_buy_arrows target=- reason='shop:buy_hp_potions_ch_mainland' status=success
2026-09-28 04:53:56.790  INFO   session     Entity shadow: vision=40 {'npc': 2, 'player': 37, 'monster': 1} memory=59 {'npc': 7, 'player': 51, 'monster': 1} paired=38 median=0.042 unleveled=319:?
2026-09-28 04:53:57.070  INFO   decision    mode=farming behavior=talking_scroll action=use_talking_scroll target=- reason='return to farm map after shop' status=success
2026-09-28 04:54:00.434  INFO   nav         async nav configure start map=talking_island
2026-09-28 04:54:00.589  INFO   nav         building portal graph (cluster=32, 479x511)
2026-09-28 04:54:00.982  INFO   nav         portal graph: 188 components, 393 ms
2026-09-28 04:54:00.991  INFO   nav         farms=4 safe=11 home=(354, 203) (files farm=D:\ManmabotV1_final\engine\maps\talking_island\farms.yaml safe=D:\ManmabotV1_final\engine\maps\talking_island\safe.yaml home=D:\ManmabotV1_final\engine\maps\talking_island\home.yaml)
2026-09-28 04:54:00.992  INFO   nav         async nav configure done map=talking_island (557 ms)
2026-09-28 04:54:02.405  INFO   session     Entity shadow: vision=42 {'player': 39, 'monster': 1, 'npc': 2} memory=57 {'player': 47, 'npc': 8, 'monster': 2} paired=39 median=0.028 unleveled=319:?,68:警衛
2026-09-28 04:54:02.473  INFO   decision    mode=retreating behavior=talking_scroll action=use_talking_scroll target=- reason='retreat, 펫 관리인' status=success
2026-09-28 04:54:04.429  INFO   decision    mode=retreating behavior=retreating action=idle target=- reason='retreating, waiting for hp' status=success
2026-09-28 04:54:07.457  INFO   session     Entity shadow: vision=6 {'monster': 4, 'npc': 1, 'player': 1} memory=6 {'npc': 1, 'monster': 5} paired=5 median=0.017
2026-09-28 04:54:12.549  INFO   session     Entity shadow: vision=7 {'player': 2, 'monster': 4, 'npc': 1} memory=6 {'npc': 1, 'monster': 5} paired=5 median=0.016
2026-09-28 04:54:15.700  INFO   decision    mode=traveling behavior=combat action=attack target=2971 reason='engage target' status=success
2026-09-28 04:54:17.950  INFO   session     Entity shadow: vision=4 {'npc': 1, 'monster': 3} memory=7 {'monster': 6, 'npc': 1} paired=4 median=0.017
2026-09-28 04:54:23.053  INFO   session     Entity shadow: vision=5 {'monster': 3, 'npc': 1, 'player': 1} memory=6 {'npc': 1, 'monster': 5} paired=4 median=0.017
2026-09-28 04:54:28.243  INFO   session     Entity shadow: vision=6 {'npc': 1, 'monster': 4, 'player': 1} memory=6 {'npc': 1, 'monster': 5} paired=5 median=0.017
2026-09-28 04:54:30.844  INFO   decision    mode=traveling behavior=unstick action=teleport target=- reason='unstick confined' status=success
2026-09-28 04:54:32.172  INFO   decision    mode=traveling behavior=traveling action=traveling target=- reason='return to farm after retreat' status=success
2026-09-28 04:54:33.478  INFO   session     Entity shadow: vision=1 {'player': 1} memory=1 {'monster': 1} paired=0 median=0.000 unleveled=211:兔子
2026-09-28 04:54:38.534  INFO   session     Entity shadow: vision=1 {'player': 1} memory=1 {'monster': 1} paired=0 median=0.000 unleveled=211:兔子
2026-09-28 04:54:42.175  INFO   decision    mode=traveling behavior=combat action=attack target=2978 reason='engage target' status=success
2026-09-28 04:54:43.989  INFO   session     Entity shadow: vision=2 {'player': 1, 'monster': 1} memory=1 {'monster': 1} paired=1 median=0.012
2026-09-28 04:54:47.421  INFO   decision    mode=traveling behavior=traveling action=traveling target=- reason='return to farm after retreat' status=success
2026-09-28 04:54:49.019  INFO   session     Entity shadow: vision=0 {} memory=0 {} paired=0 median=0.000
2026-09-28 04:54:54.106  INFO   session     Entity shadow: vision=1 {'player': 1} memory=0 {} paired=0 median=0.000
2026-09-28 04:54:59.275  INFO   session     Entity shadow: vision=0 {} memory=0 {} paired=0 median=0.000
2026-09-28 04:55:03.460  INFO   decision    mode=traveling behavior=traveling action=traveling target=- reason='return to farm after retreat' status=success (repeat)
2026-09-28 04:55:04.347  INFO   session     Entity shadow: vision=1 {'player': 1} memory=0 {} paired=0 median=0.000
2026-09-28 04:55:09.391  INFO   session     Entity shadow: vision=1 {'player': 1} memory=0 {} paired=0 median=0.000
2026-09-28 04:55:10.309  INFO   session     일시정지 — 단축키
2026-09-28 04:55:16.509  INFO   session     정지 → 중지됨
2026-09-28 04:55:16.675  INFO   session     봇 작업이 종료되었습니다
