2026-09-20 22:55:33.752  INFO   session     Loading Manmabot from D:\ManmabotV1\engine
2026-09-20 22:55:33.754  INFO   session     Auto-pause (cursor_outside)
2026-09-20 22:55:33.791  INFO   session     Session log D:\ManmabotV1\engine\logs\bot-20260920-225533.log
2026-09-20 22:55:33.792  INFO   session     character=royal loot=all_items game_lang=ko map=talking_island farms=['area_1', 'area_2', 'area_3', 'area_4'] file=D:\ManmabotV1\engine\logs\bot-20260920-225533.log
2026-09-20 22:55:33.854  INFO   nav         building portal graph (cluster=32, 479x511)
2026-09-20 22:55:34.116  INFO   nav         portal graph: 188 components, 263 ms
2026-09-20 22:55:34.122  INFO   nav         farms=4 safe=11 home=(354, 203) (files farm=D:\ManmabotV1\engine\maps\talking_island\farms.yaml safe=D:\ManmabotV1\engine\maps\talking_island\safe.yaml home=D:\ManmabotV1\engine\maps\talking_island\home.yaml)
2026-09-20 22:55:34.123  INFO   capture     mss window capture process='LC.exe' title=None content_aspect=4:3
2026-09-20 22:55:34.156  INFO   session     Auto-resume → Running
2026-09-20 22:55:34.449  INFO   session     Auto-pause (cursor_outside)
2026-09-20 22:55:34.496  INFO   session     Memory monitor connected
2026-09-20 22:55:34.499  INFO   session     Scanning hotbar (skill boxes 1–3)…
2026-09-20 22:55:34.726  INFO   session     Auto-resume → Running
2026-09-20 22:55:38.047  INFO   session     Auto-pause (cursor_outside)
2026-09-20 22:55:38.499  INFO   session     Auto-resume → Running
2026-09-20 22:55:38.848  INFO   session     Auto-pause (cursor_outside)
2026-09-20 22:55:38.897  INFO   session     Hotbar scan done · talking_scroll@box1/f5
2026-09-20 22:55:38.900  INFO   session     Potion restock armed · no hp_potion on hotbar
2026-09-20 22:55:38.911  INFO   session     Loop ready · royal · ko · map=talking_island · loot=all_items · farms=['area_1', 'area_2', 'area_3', 'area_4']
2026-09-20 22:55:39.124  INFO   session     Auto-resume → Running
2026-09-20 22:55:39.391  INFO   session     Auto-pause (not_focused)
2026-09-20 22:55:40.476  INFO   session     Auto-resume → Running
2026-09-20 22:55:40.618  INFO   decision    mode=farming behavior=talking_scroll action=use_talking_scroll target=- reason='go to shop (buy_hp_potions)' status=success
2026-09-20 22:55:41.512  INFO   nav         async nav configure start map=mainland
2026-09-20 22:55:41.670  INFO   decision    mode=farming behavior=shop action=shop_stop target=- reason='stop at shop' status=success
2026-09-20 22:55:42.260  INFO   nav         building portal graph (cluster=32, 1755x1414)
2026-09-20 22:55:46.219  INFO   nav         portal graph: 2586 components, 3959 ms
2026-09-20 22:55:46.224  INFO   nav         farms=6 safe=0 home=None (files farm=D:\ManmabotV1\engine\maps\mainland\farms.yaml safe=D:\ManmabotV1\engine\maps\mainland\safe.yaml home=D:\ManmabotV1\engine\maps\mainland\home.yaml)
2026-09-20 22:55:46.224  INFO   nav         async nav configure done map=mainland (4711 ms)
2026-09-20 22:55:46.359  INFO   decision    mode=traveling behavior=traveling action=traveling target=- reason='unstick' status=success
2026-09-20 22:55:51.867  INFO   session     Auto-pause (cursor_outside)
2026-09-20 22:55:52.145  INFO   session     Auto-resume → Running
2026-09-20 22:55:52.987  INFO   session     Auto-pause (cursor_outside)
2026-09-20 22:55:53.281  INFO   session     Auto-resume → Running
2026-09-20 22:55:53.544  INFO   session     Auto-pause (cursor_outside)
2026-09-20 22:55:53.818  INFO   session     Auto-resume → Running
2026-09-20 22:55:55.208  INFO   session     Auto-pause (cursor_outside)
2026-09-20 22:55:56.964  INFO   session     Stop → Stopped
2026-09-20 22:56:04.494  INFO   session     Bot worker exited
