2026-09-27 20:43:17.529  INFO   session     Loading Manmabot from D:\ManmabotV1_final\engine
2026-09-27 20:43:17.561  INFO   session     Session log D:\ManmabotV1_final\engine\logs\bot-20260927-204317.log
2026-09-27 20:43:17.561  INFO   session     character=elf loot=all_items game_lang=ko map=talking_island farms=['area_2', 'area_1', 'area_3'] file=D:\ManmabotV1_final\engine\logs\bot-20260927-204317.log
2026-09-27 20:43:17.713  INFO   nav         building portal graph (cluster=32, 479x511)
2026-09-27 20:43:18.038  INFO   nav         portal graph: 188 components, 325 ms
2026-09-27 20:43:18.050  INFO   nav         farms=3 safe=11 home=(354, 203) (files farm=D:\ManmabotV1_final\engine\maps\talking_island\farms.yaml safe=D:\ManmabotV1_final\engine\maps\talking_island\safe.yaml home=D:\ManmabotV1_final\engine\maps\talking_island\home.yaml)
2026-09-27 20:43:18.125  INFO   capture     mss window capture process='LC.exe' title=None content_aspect=4:3
2026-09-27 20:43:18.755  INFO   session     Entity clicks use memory names, species, and world cells. Image recognition still runs. Set memory.entity_source to vision to restore image-only clicks.
2026-09-27 20:43:18.775  INFO   session     Player memory is read in this process (realtime_monitor.dll, offsets.json). No separate console.
2026-09-27 20:43:18.790  INFO   session     인벤토리를 백그라운드에서 스캔 중 (inventory_listen.dll 또는 inv.json을 두세요).
2026-09-27 20:43:18.802  INFO   session     메모리에서 핫바 24칸을 읽는 중…
2026-09-27 20:43:18.903  INFO   session     핫바 스캔 완료 · 파워 업@box2/f8, 아머 업@box2/f5, 라이트@box1/f10, 힐@box1/f9, HP 물약@box1/f9, 텔레포트@box1/f11, 마법 공격@box1/f12, 말하는 두루마리@box1/f5
2026-09-27 20:43:18.932  INFO   session     매핑되지 않은 핫바 아이콘: box1/f6:작은 활 (무장), box1/f7:나무 화살, box1/f8:아데나
2026-09-27 20:43:18.943  INFO   session     루프 준비 · 요정 · 한국어 · 맵=말하는 섬 · 룻=전부 줍기 · 구역=구역 2, 구역 1, 구역 3
2026-09-27 20:43:19.697  INFO   session     Entity shadow: vision=3 {'npc': 2, 'monster': 1} memory=12 {'monster': 4, 'player': 3, 'npc': 5} paired=0 median=0.000 unleveled=189:鹿,68:警衛,208:兔子,10:警衛
2026-09-27 20:43:19.928  INFO   session     인벤토리 수신 준비 (dll) · hp=1 화살=576 은화살=300 해독=0
2026-09-27 20:43:19.954  INFO   decision    mode=farming behavior=buff action=buff target=- reason='armor_up' status=success
2026-09-27 20:43:21.093  INFO   decision    mode=farming behavior=talking_scroll action=use_talking_scroll target=- reason='go to shop (buy_hp_potions_talking_ch)' status=success
2026-09-27 20:43:24.611  INFO   decision    mode=traveling behavior=traveling action=idle target=- reason='no behavior produced an intent' status=failure
2026-09-27 20:43:24.933  INFO   session     Entity shadow: vision=2 {'monster': 1, 'npc': 1} memory=11 {'monster': 3, 'player': 3, 'npc': 5} paired=0 median=0.000 unleveled=10:警衛,189:鹿,68:警衛
2026-09-27 20:43:25.206  INFO   decision    mode=farming behavior=traveling action=idle target=- reason='no behavior produced an intent' status=failure
2026-09-27 20:43:25.817  INFO   decision    mode=traveling behavior=traveling action=idle target=- reason='no behavior produced an intent' status=failure
2026-09-27 20:43:26.308  INFO   decision    mode=farming behavior=traveling action=idle target=- reason='no behavior produced an intent' status=failure
2026-09-27 20:43:27.146  INFO   decision    mode=traveling behavior=traveling action=idle target=- reason='no behavior produced an intent' status=failure
2026-09-27 20:43:27.602  INFO   decision    mode=farming behavior=traveling action=idle target=- reason='no behavior produced an intent' status=failure
2026-09-27 20:43:28.059  INFO   decision    mode=traveling behavior=traveling action=idle target=- reason='no behavior produced an intent' status=failure
2026-09-27 20:43:28.579  INFO   decision    mode=farming behavior=traveling action=idle target=- reason='no behavior produced an intent' status=failure
2026-09-27 20:43:29.139  INFO   decision    mode=traveling behavior=traveling action=idle target=- reason='no behavior produced an intent' status=failure
2026-09-27 20:43:29.660  INFO   decision    mode=farming behavior=traveling action=idle target=- reason='no behavior produced an intent' status=failure
2026-09-27 20:43:30.044  INFO   session     Entity shadow: vision=2 {'monster': 1, 'npc': 1} memory=9 {'monster': 1, 'player': 3, 'npc': 5} paired=0 median=0.000 unleveled=189:鹿
2026-09-27 20:43:30.082  INFO   decision    mode=farming behavior=buff action=buff target=- reason='light' status=success
2026-09-27 20:43:30.846  INFO   decision    mode=traveling behavior=traveling action=idle target=- reason='no behavior produced an intent' status=failure
2026-09-27 20:43:31.462  INFO   decision    mode=farming behavior=traveling action=idle target=- reason='no behavior produced an intent' status=failure
2026-09-27 20:43:32.008  INFO   decision    mode=traveling behavior=traveling action=idle target=- reason='no behavior produced an intent' status=failure
2026-09-27 20:43:32.581  INFO   decision    mode=farming behavior=traveling action=idle target=- reason='no behavior produced an intent' status=failure
2026-09-27 20:43:33.113  INFO   decision    mode=traveling behavior=traveling action=idle target=- reason='no behavior produced an intent' status=failure
2026-09-27 20:43:33.674  INFO   decision    mode=farming behavior=traveling action=idle target=- reason='no behavior produced an intent' status=failure
2026-09-27 20:43:34.389  INFO   decision    mode=traveling behavior=traveling action=idle target=- reason='no behavior produced an intent' status=failure
2026-09-27 20:43:35.014  INFO   decision    mode=farming behavior=traveling action=idle target=- reason='no behavior produced an intent' status=failure
2026-09-27 20:43:35.395  INFO   session     Entity shadow: vision=4 {'monster': 1, 'player': 3} memory=8 {'player': 3, 'npc': 5} paired=2 median=0.091
2026-09-27 20:43:35.625  INFO   decision    mode=traveling behavior=traveling action=idle target=- reason='no behavior produced an intent' status=failure
2026-09-27 20:43:36.237  INFO   decision    mode=farming behavior=traveling action=idle target=- reason='no behavior produced an intent' status=failure
2026-09-27 20:43:36.917  INFO   decision    mode=traveling behavior=traveling action=idle target=- reason='no behavior produced an intent' status=failure
2026-09-27 20:43:37.526  INFO   decision    mode=farming behavior=traveling action=idle target=- reason='no behavior produced an intent' status=failure
2026-09-27 20:43:38.018  INFO   decision    mode=traveling behavior=traveling action=traveling target=- reason='walk to shop (buy_hp_potions_talking_ch)' status=success
2026-09-27 20:43:40.891  INFO   session     Entity shadow: vision=9 {'player': 8, 'monster': 1} memory=12 {'player': 7, 'npc': 5} paired=6 median=0.036
2026-09-27 20:43:45.925  INFO   session     Entity shadow: vision=8 {'monster': 1, 'player': 7} memory=11 {'player': 6, 'npc': 5} paired=6 median=0.033
2026-09-27 20:43:46.933  INFO   session     일시정지 — 단축키
2026-09-27 20:44:38.624  INFO   session     정지 → 중지됨
2026-09-27 20:44:38.823  INFO   session     봇 작업이 종료되었습니다
