2026-09-21 05:59:12.641  INFO   session     Auto-pause (cursor_outside)
2026-09-21 05:59:12.679  INFO   session     Loading Manmabot from D:\ManmabotV1\engine
2026-09-21 05:59:12.738  INFO   session     Session log D:\ManmabotV1\engine\logs\bot-20260921-055912.log
2026-09-21 05:59:12.738  INFO   session     character=elf loot=all_items game_lang=ko map=talking_island farms=['area_1', 'area_2', 'area_3', 'area_4'] file=D:\ManmabotV1\engine\logs\bot-20260921-055912.log
2026-09-21 05:59:12.796  INFO   nav         building portal graph (cluster=32, 479x511)
2026-09-21 05:59:13.060  INFO   nav         portal graph: 188 components, 264 ms
2026-09-21 05:59:13.066  INFO   nav         farms=4 safe=11 home=(354, 203) (files farm=D:\ManmabotV1\engine\maps\talking_island\farms.yaml safe=D:\ManmabotV1\engine\maps\talking_island\safe.yaml home=D:\ManmabotV1\engine\maps\talking_island\home.yaml)
2026-09-21 05:59:13.084  INFO   capture     mss window capture process='LC.exe' title=None content_aspect=4:3
2026-09-21 05:59:13.116  INFO   session     Auto-resume → Running
2026-09-21 05:59:13.443  INFO   session     Entity clicks use memory names, species, and world cells. Image recognition still runs. Set memory.entity_source to vision to restore image-only clicks.
2026-09-21 05:59:13.452  INFO   session     Memory monitor connected
2026-09-21 05:59:13.455  INFO   session     Auto-pause (cursor_outside)
2026-09-21 05:59:13.478  INFO   session     Scanning hotbar (skill boxes 1–3)…
2026-09-21 05:59:13.721  INFO   session     Auto-resume → Running
2026-09-21 05:59:13.986  INFO   session     Auto-pause (cursor_outside)
2026-09-21 05:59:14.367  INFO   session     Auto-resume → Running
2026-09-21 05:59:14.736  INFO   session     Auto-pause (cursor_outside)
2026-09-21 05:59:15.076  INFO   session     Auto-resume → Running
2026-09-21 05:59:15.343  INFO   session     Auto-pause (cursor_outside)
2026-09-21 05:59:15.703  INFO   session     Auto-resume → Running
2026-09-21 05:59:16.061  INFO   session     Auto-pause (cursor_outside)
2026-09-21 05:59:16.407  INFO   session     Auto-resume → Running
2026-09-21 05:59:16.669  INFO   session     Auto-pause (cursor_outside)
2026-09-21 05:59:17.059  INFO   session     Auto-resume → Running
2026-09-21 05:59:17.420  INFO   session     Auto-pause (cursor_outside)
2026-09-21 05:59:17.764  INFO   session     Auto-resume → Running
2026-09-21 05:59:17.991  INFO   session     Hotbar scan done · talking_scroll@box1/f8
2026-09-21 05:59:18.038  INFO   session     Potion restock armed · no hp_potion on hotbar
2026-09-21 05:59:18.041  INFO   session     Auto-pause (cursor_outside)
2026-09-21 05:59:18.080  INFO   session     Loop ready · elf · ko · map=talking_island · loot=all_items · farms=['area_1', 'area_2', 'area_3', 'area_4']
2026-09-21 05:59:18.311  INFO   session     Auto-resume → Running
2026-09-21 05:59:18.578  INFO   session     Auto-pause (cursor_outside)
2026-09-21 05:59:18.870  INFO   session     Auto-resume → Running
2026-09-21 05:59:18.915  INFO   session     Entity shadow: vision=18 {'player': 15, 'npc': 3} memory=59 {'monster': 1, 'npc': 3, 'player': 55} paired=16 median=0.019 unleveled=10:警衛
2026-09-21 05:59:18.945  INFO   decision    mode=farming behavior=talking_scroll action=use_talking_scroll target=- reason='go to shop (buy_hp_potions)' status=success
2026-09-21 05:59:19.142  INFO   session     Auto-pause (cursor_outside)
2026-09-21 05:59:19.411  INFO   session     Auto-resume → Running
2026-09-21 05:59:19.685  INFO   session     Auto-pause (not_focused)
2026-09-21 05:59:19.826  INFO   nav         async nav configure start map=mainland
2026-09-21 05:59:20.472  INFO   nav         building portal graph (cluster=32, 1755x1414)
2026-09-21 05:59:24.009  INFO   nav         portal graph: 2586 components, 3537 ms
2026-09-21 05:59:24.012  INFO   nav         farms=6 safe=0 home=None (files farm=D:\ManmabotV1\engine\maps\mainland\farms.yaml safe=D:\ManmabotV1\engine\maps\mainland\safe.yaml home=D:\ManmabotV1\engine\maps\mainland\home.yaml)
2026-09-21 05:59:24.012  INFO   nav         async nav configure done map=mainland (4186 ms)
2026-09-21 05:59:24.553  INFO   session     Auto-resume → Running
2026-09-21 05:59:24.835  INFO   session     Entity shadow: vision=10 {'player': 8, 'npc': 2} memory=57 {'player': 55, 'npc': 2} paired=9 median=0.017
2026-09-21 05:59:24.885  INFO   decision    mode=traveling behavior=traveling action=traveling target=- reason='unstick' status=success
2026-09-21 05:59:29.993  INFO   session     Entity shadow: vision=3 {'player': 1, 'npc': 2} memory=6 {'monster': 2, 'npc': 3, 'player': 1} paired=0 median=0.000 unleveled=68:警衛,10:警衛
2026-09-21 05:59:34.417  INFO   decision    mode=traveling behavior=traveling action=traveling target=- reason='unstick' status=success (repeat)
2026-09-21 05:59:35.130  INFO   session     Entity shadow: vision=3 {'player': 1, 'npc': 2} memory=8 {'monster': 4, 'npc': 3, 'player': 1} paired=0 median=0.000 unleveled=68:警衛,10:警衛
2026-09-21 05:59:35.803  INFO   session     Paused — hotkey
2026-09-21 06:00:59.550  INFO   session     Stop → Stopped
2026-09-21 06:01:05.878  INFO   session     Bot worker exited
