2026-09-28 08:54:04.062  INFO   session     Loading Manmabot from D:\ManmabotV1_final\engine
2026-09-28 08:54:04.069  INFO   session     Session log D:\ManmabotV1_final\engine\logs\bot-20260928-085404.log
2026-09-28 08:54:04.069  INFO   session     character=elf loot=all_items game_lang=ko map=talking_island farms=['area_1', 'area_3'] file=D:\ManmabotV1_final\engine\logs\bot-20260928-085404.log
2026-09-28 08:54:04.373  INFO   nav         building portal graph (cluster=32, 479x511)
2026-09-28 08:54:04.718  INFO   nav         portal graph: 188 components, 345 ms
2026-09-28 08:54:04.726  INFO   nav         farms=2 safe=11 home=(354, 203) (files farm=D:\ManmabotV1_final\engine\maps\talking_island\farms.yaml safe=D:\ManmabotV1_final\engine\maps\talking_island\safe.yaml home=D:\ManmabotV1_final\engine\maps\talking_island\home.yaml)
2026-09-28 08:54:04.970  INFO   capture     mss window capture process='LC.exe' title=None content_aspect=4:3
2026-09-28 08:54:05.563  INFO   session     Entity clicks use memory names, species, and world cells. Image recognition still runs. Set memory.entity_source to vision to restore image-only clicks.
2026-09-28 08:54:05.580  INFO   session     Player memory is read in this process (realtime_monitor.dll, offsets.json). No separate console.
2026-09-28 08:54:05.594  INFO   session     인벤토리를 백그라운드에서 스캔 중 (inventory_listen.dll 또는 inv.json을 두세요).
2026-09-28 08:54:05.622  INFO   session     메모리에서 핫바 24칸을 읽는 중…
2026-09-28 08:54:05.727  INFO   session     핫바 스캔 완료 · 파워 업@box2/f8, 아머 업@box2/f5, 힐@box1/f10, HP 물약@box1/f8, 텔레포트@box1/f11, 마법 공격@box1/f12, 말하는 두루마리@box1/f5
2026-09-28 08:54:05.753  INFO   session     매핑되지 않은 핫바 아이콘: box1/f6:작은 활 (무장), box1/f7:나무 화살, box1/f9:아데나
2026-09-28 08:54:05.768  INFO   session     루프 준비 · 요정 · 한국어 · 맵=말하는 섬 · 룻=전부 줍기 · 구역=구역 1, 구역 3
2026-09-28 08:54:06.363  INFO   session     Entity shadow: vision=2 {'player': 1, 'item': 1} memory=1 {'item': 1} paired=1 median=0.019
2026-09-28 08:54:06.383  INFO   session     인벤토리 수신 준비 (dll) · hp=2 화살=811 은화살=0 해독=0
2026-09-28 08:54:06.417  INFO   decision    mode=farming behavior=loot action=searching target=1 reason='walk onto item' status=success
2026-09-28 08:54:11.662  INFO   session     Entity shadow: vision=2 {'monster': 1, 'item': 1} memory=1 {'item': 1} paired=1 median=0.024
2026-09-28 08:54:13.135  INFO   decision    mode=farming behavior=loot action=pickup target=1 reason='loot target' status=success
2026-09-28 08:54:13.599  INFO   decision    mode=farming behavior=loot action=idle target=- reason='pickup memory gone' status=success
2026-09-28 08:54:15.062  INFO   decision    mode=traveling behavior=traveling action=traveling target=- reason='enter farm area' status=success
2026-09-28 08:54:16.672  INFO   session     Entity shadow: vision=1 {'player': 1} memory=1 {'monster': 1} paired=0 median=0.000 unleveled=189:鹿
2026-09-28 08:54:21.761  INFO   session     Entity shadow: vision=2 {'player': 2} memory=1 {'player': 1} paired=1 median=0.036
2026-09-28 08:54:27.008  INFO   session     Entity shadow: vision=1 {'monster': 1} memory=1 {'player': 1} paired=0 median=0.000
2026-09-28 08:54:29.107  INFO   decision    mode=traveling behavior=traveling action=traveling target=- reason='enter farm area' status=success (repeat)
2026-09-28 08:54:31.177  INFO   decision    mode=traveling behavior=combat action=attack target=7 reason='engage target' status=success
2026-09-28 08:54:32.184  INFO   session     Entity shadow: vision=3 {'player': 2, 'monster': 1} memory=3 {'monster': 2, 'player': 1} paired=2 median=0.058 unleveled=189:鹿
2026-09-28 08:54:34.221  INFO   decision    mode=traveling behavior=traveling action=traveling target=- reason='enter farm area' status=success
2026-09-28 08:54:36.775  INFO   decision    mode=traveling behavior=combat action=attack target=10 reason='engage target' status=success
2026-09-28 08:54:37.419  INFO   session     Entity shadow: vision=2 {'player': 1, 'monster': 1} memory=5 {'player': 1, 'monster': 4} paired=1 median=0.014 unleveled=189:鹿
2026-09-28 08:54:42.736  INFO   session     Entity shadow: vision=3 {'monster': 2, 'player': 1} memory=4 {'monster': 4} paired=2 median=0.014 unleveled=189:鹿
2026-09-28 08:54:47.909  INFO   session     Entity shadow: vision=3 {'monster': 2, 'player': 1} memory=4 {'monster': 4} paired=2 median=0.013 unleveled=189:鹿
2026-09-28 08:54:51.979  INFO   decision    mode=traveling behavior=unstick action=teleport target=- reason='unstick confined' status=success
2026-09-28 08:54:53.013  INFO   decision    mode=traveling behavior=combat action=attack target=11 reason='engage target' status=success
2026-09-28 08:54:53.613  INFO   session     Entity shadow: vision=2 {'monster': 2} memory=4 {'monster': 4} paired=2 median=0.011 unleveled=189:鹿
2026-09-28 08:54:54.059  INFO   decision    mode=traveling behavior=loot action=searching target=13 reason='walk onto item' status=success
2026-09-28 08:54:58.850  INFO   session     Entity shadow: vision=3 {'monster': 2, 'item': 1} memory=3 {'monster': 2, 'item': 1} paired=2 median=0.027
2026-09-28 08:55:00.572  INFO   decision    mode=traveling behavior=loot action=pickup target=13 reason='loot target' status=success
2026-09-28 08:55:01.080  INFO   decision    mode=traveling behavior=loot action=idle target=- reason='pickup memory gone' status=success
2026-09-28 08:55:02.887  INFO   decision    mode=traveling behavior=traveling action=traveling target=- reason='enter farm area' status=success
2026-09-28 08:55:03.239  INFO   decision    mode=traveling behavior=loot action=pickup target=13 reason='engage item' status=success
2026-09-28 08:55:03.855  INFO   decision    mode=traveling behavior=loot action=idle target=- reason='pickup memory gone' status=success
2026-09-28 08:55:04.141  INFO   session     Entity shadow: vision=4 {'player': 1, 'monster': 2, 'item': 1} memory=2 {'item': 1, 'monster': 1} paired=2 median=0.034
2026-09-28 08:55:05.545  INFO   decision    mode=traveling behavior=traveling action=traveling target=- reason='enter farm area' status=success
2026-09-28 08:55:06.033  INFO   decision    mode=traveling behavior=loot action=pickup target=13 reason='engage item' status=success
2026-09-28 08:55:06.551  INFO   decision    mode=traveling behavior=loot action=idle target=- reason='pickup memory gone' status=success
2026-09-28 08:55:08.361  INFO   decision    mode=traveling behavior=traveling action=traveling target=- reason='enter farm area' status=success
2026-09-28 08:55:08.708  INFO   decision    mode=traveling behavior=loot action=pickup target=13 reason='engage item' status=success
2026-09-28 08:55:09.180  INFO   decision    mode=traveling behavior=loot action=idle target=- reason='pickup memory gone' status=success
2026-09-28 08:55:09.445  INFO   session     Entity shadow: vision=4 {'player': 1, 'monster': 2, 'item': 1} memory=2 {'item': 1, 'monster': 1} paired=2 median=0.032
2026-09-28 08:55:10.938  INFO   decision    mode=traveling behavior=traveling action=traveling target=- reason='enter farm area' status=success
2026-09-28 08:55:11.495  INFO   decision    mode=traveling behavior=combat action=attack target=16 reason='engage target' status=success
2026-09-28 08:55:14.667  INFO   session     Entity shadow: vision=3 {'monster': 3} memory=3 {'monster': 3} paired=2 median=0.026
2026-09-28 08:55:17.997  INFO   decision    mode=traveling behavior=unstick action=teleport target=- reason='unstick confined' status=success
2026-09-28 08:55:19.358  INFO   decision    mode=traveling behavior=combat action=attack target=17 reason='engage target' status=success
2026-09-28 08:55:19.927  INFO   session     Entity shadow: vision=2 {'monster': 2} memory=1 {'monster': 1} paired=1 median=0.014
2026-09-28 08:55:19.985  INFO   decision    mode=traveling behavior=combat action=attack target=18 reason='engage target' status=success
2026-09-28 08:55:23.452  INFO   decision    mode=traveling behavior=traveling action=traveling target=- reason='enter farm area' status=success
2026-09-28 08:55:24.956  INFO   session     Entity shadow: vision=0 {} memory=0 {} paired=0 median=0.000
2026-09-28 08:55:30.309  INFO   session     Entity shadow: vision=1 {'player': 1} memory=4 {'player': 4} paired=0 median=0.000
2026-09-28 08:55:35.412  INFO   session     Entity shadow: vision=3 {'player': 3} memory=3 {'player': 3} paired=2 median=0.116
2026-09-28 08:55:37.452  INFO   decision    mode=traveling behavior=combat action=attack target=32 reason='engage target' status=success
2026-09-28 08:55:39.803  INFO   decision    mode=traveling behavior=loot action=searching target=34 reason='walk onto item' status=success
2026-09-28 08:55:40.727  INFO   session     Entity shadow: vision=2 {'monster': 1, 'item': 1} memory=5 {'player': 4, 'item': 1} paired=1 median=0.004
2026-09-28 08:55:43.894  INFO   decision    mode=traveling behavior=loot action=pickup target=34 reason='loot target' status=success
2026-09-28 08:55:44.481  INFO   decision    mode=traveling behavior=loot action=idle target=- reason='pickup memory gone' status=success
2026-09-28 08:55:45.960  INFO   session     Entity shadow: vision=5 {'item': 1, 'player': 4} memory=7 {'player': 6, 'item': 1} paired=5 median=0.026
2026-09-28 08:55:46.517  INFO   decision    mode=traveling behavior=traveling action=traveling target=- reason='enter farm area' status=success
2026-09-28 08:55:51.368  INFO   session     Entity shadow: vision=6 {'player': 5, 'monster': 1} memory=6 {'player': 6} paired=3 median=0.027
2026-09-28 08:55:56.739  INFO   session     Entity shadow: vision=5 {'player': 5} memory=10 {'player': 10} paired=4 median=0.047
2026-09-28 08:55:57.223  INFO   decision    mode=traveling behavior=loot action=searching target=42 reason='walk onto item' status=success
2026-09-28 08:55:58.210  INFO   decision    mode=traveling behavior=traveling action=traveling target=- reason='enter farm, walk around' status=success
2026-09-28 08:56:01.983  INFO   session     Entity shadow: vision=4 {'player': 4} memory=11 {'player': 11} paired=3 median=0.093
2026-09-28 08:56:02.361  INFO   session     정지 → 중지됨
2026-09-28 08:56:02.547  INFO   session     봇 작업이 종료되었습니다
