2026-09-27 19:55:42.794  INFO   session     Loading Manmabot from D:\ManmabotV1_final\engine
2026-09-27 19:55:43.014  INFO   session     Session log D:\ManmabotV1_final\engine\logs\bot-20260927-195542.log
2026-09-27 19:55:43.014  INFO   session     character=elf loot=all_items game_lang=ko map=talking_island farms=['area_1', 'area_2', 'area_3', 'area_4'] file=D:\ManmabotV1_final\engine\logs\bot-20260927-195542.log
2026-09-27 19:55:43.130  INFO   nav         building portal graph (cluster=32, 479x511)
2026-09-27 19:55:43.565  INFO   nav         portal graph: 188 components, 435 ms
2026-09-27 19:55:43.572  INFO   nav         farms=4 safe=11 home=(354, 203) (files farm=D:\ManmabotV1_final\engine\maps\talking_island\farms.yaml safe=D:\ManmabotV1_final\engine\maps\talking_island\safe.yaml home=D:\ManmabotV1_final\engine\maps\talking_island\home.yaml)
2026-09-27 19:55:43.643  INFO   capture     mss window capture process='LC.exe' title=None content_aspect=4:3
2026-09-27 19:55:44.387  INFO   session     Entity clicks use memory names, species, and world cells. Image recognition still runs. Set memory.entity_source to vision to restore image-only clicks.
2026-09-27 19:55:44.413  INFO   session     Player memory is read in this process (realtime_monitor.dll, offsets.json). No separate console.
2026-09-27 19:55:44.429  INFO   session     인벤토리를 백그라운드에서 스캔 중 (inventory_listen.dll 또는 inv.json을 두세요).
2026-09-27 19:55:44.445  INFO   session     메모리에서 핫바 24칸을 읽는 중…
2026-09-27 19:55:44.550  INFO   session     핫바 스캔 완료 · 파워 업@box1/f5, 아머 업@box1/f6, 라이트@box1/f7, 힐@box1/f8, HP 물약@box1/f9, 텔레포트@box1/f10, 마법 공격@box1/f11, 말하는 두루마리@box1/f5, 마더 트리@box2/f6, HP를 MP로@box2/f7
2026-09-27 19:55:44.591  INFO   session     매핑되지 않은 핫바 아이콘: box1/f6:작은 활 (무장), box1/f7:나무 화살, box1/f8:아데나
2026-09-27 19:55:44.631  INFO   session     루프 준비 · 요정 · 한국어 · 맵=말하는 섬 · 룻=전부 줍기 · 구역=구역 1, 구역 2, 구역 3, 구역 4
2026-09-27 19:55:45.518  INFO   session     Entity shadow: vision=5 {'player': 2, 'npc': 2, 'monster': 1} memory=5 {'player': 1, 'npc': 2, 'monster': 2} paired=1 median=0.012 unleveled=68:警衛,10:警衛
2026-09-27 19:55:45.553  INFO   session     인벤토리 수신 준비 (dll) · hp=1 화살=560 은화살=300 해독=0
2026-09-27 19:55:45.578  INFO   decision    mode=farming behavior=buff action=buff target=- reason='armor_up' status=success
2026-09-27 19:55:46.351  INFO   decision    mode=traveling behavior=traveling action=traveling target=- reason='enter farm area' status=success
2026-09-27 19:55:50.806  INFO   session     Entity shadow: vision=1 {'npc': 1} memory=0 {} paired=0 median=0.000
2026-09-27 19:55:54.539  INFO   decision    mode=traveling behavior=combat action=attack target=6 reason='engage target' status=success
2026-09-27 19:55:55.816  INFO   session     Entity shadow: vision=5 {'npc': 1, 'player': 1, 'monster': 3} memory=4 {'monster': 4} paired=3 median=0.021
2026-09-27 19:55:55.841  INFO   decision    mode=traveling behavior=buff action=buff target=- reason='light' status=success
2026-09-27 19:55:56.728  INFO   decision    mode=traveling behavior=combat action=attack target=6 reason='attack target' status=success
2026-09-27 19:56:01.125  INFO   session     Entity shadow: vision=1 {'npc': 1} memory=4 {'monster': 4} paired=0 median=0.000
2026-09-27 19:56:06.410  INFO   session     Entity shadow: vision=4 {'npc': 1, 'monster': 3} memory=4 {'monster': 4} paired=1 median=0.014
2026-09-27 19:56:11.575  INFO   session     Entity shadow: vision=3 {'npc': 1, 'monster': 2} memory=4 {'monster': 4} paired=2 median=0.115
2026-09-27 19:56:17.018  INFO   session     Entity shadow: vision=3 {'monster': 3} memory=4 {'monster': 4} paired=2 median=0.025
2026-09-27 19:56:20.255  INFO   decision    mode=traveling behavior=combat action=attack target=6 reason='attack target' status=success (repeat)
2026-09-27 19:56:20.351  INFO   session     정지 → 중지됨
2026-09-27 19:56:20.739  INFO   session     봇 작업이 종료되었습니다
