2026-09-24 21:37:18.925  INFO   session     Loading Manmabot from D:\Work\Lineage\ManmabotV1_final\engine
2026-09-24 21:37:18.929  INFO   session     Session log D:\Work\Lineage\ManmabotV1_final\engine\logs\bot-20260924-213718.log
2026-09-24 21:37:18.929  INFO   session     character=elf loot=all_items game_lang=ko map=talking_island farms=['area_2', 'area_1', 'area_3'] file=D:\Work\Lineage\ManmabotV1_final\engine\logs\bot-20260924-213718.log
2026-09-24 21:37:18.989  INFO   nav         building portal graph (cluster=32, 479x511)
2026-09-24 21:37:19.257  INFO   nav         portal graph: 188 components, 268 ms
2026-09-24 21:37:19.264  INFO   nav         farms=3 safe=11 home=(354, 203) (files farm=D:\Work\Lineage\ManmabotV1_final\engine\maps\talking_island\farms.yaml safe=D:\Work\Lineage\ManmabotV1_final\engine\maps\talking_island\safe.yaml home=D:\Work\Lineage\ManmabotV1_final\engine\maps\talking_island\home.yaml)
2026-09-24 21:37:19.319  INFO   capture     mss window capture process='LC.exe' title=None content_aspect=4:3
2026-09-24 21:37:19.654  INFO   session     Entity clicks use memory names, species, and world cells. Image recognition still runs. Set memory.entity_source to vision to restore image-only clicks.
2026-09-24 21:37:19.662  INFO   session     Player memory is read in this process (realtime_monitor.dll, offsets.json). No separate console.
2026-09-24 21:37:19.668  INFO   session     인벤토리를 백그라운드에서 스캔 중 (inventory_listen.dll 또는 inv.json을 두세요).
2026-09-24 21:37:19.676  INFO   session     메모리에서 핫바 24칸을 읽는 중…
2026-09-24 21:37:19.815  INFO   session     핫바 스캔 완료 · 파워 업@box2/f8, 아머 업@box2/f5, 라이트@box1/f10, 힐@box1/f9, HP 물약@box1/f5, 텔레포트@box1/f11, 마법 공격@box1/f12, 말하는 두루마리@box1/f8
2026-09-24 21:37:19.835  INFO   session     매핑되지 않은 핫바 아이콘: box1/f6:화살, box1/f7:아데나
2026-09-24 21:37:19.839  INFO   session     루프 준비 · 요정 · 한국어 · 맵=말하는 섬 · 룻=전부 줍기 · 구역=구역 2, 구역 1, 구역 3
2026-09-24 21:37:20.160  INFO   session     Entity shadow: vision=3 {'player': 1, 'npc': 2} memory=3 {'monster': 2, 'player': 1} paired=0 median=0.000 unleveled=68:警衛,10:警衛
2026-09-24 21:37:20.178  INFO   session     인벤토리 수신 준비 (dll) · hp=5 화살=791 은화살=5 해독=0
2026-09-24 21:37:20.198  INFO   decision    mode=farming behavior=buff action=buff target=- reason='armor_up' status=success
2026-09-24 21:37:20.978  INFO   decision    mode=traveling behavior=traveling action=traveling target=- reason='enter farm area' status=success
2026-09-24 21:37:25.439  INFO   session     Entity shadow: vision=5 {'player': 2, 'npc': 2, 'monster': 1} memory=4 {'monster': 3, 'player': 1} paired=1 median=0.018 unleveled=14:青蛙,68:警衛,10:警衛
2026-09-24 21:37:30.370  INFO   decision    mode=traveling behavior=buff action=buff target=- reason='light' status=success
2026-09-24 21:37:30.834  INFO   session     Entity shadow: vision=4 {'player': 1, 'npc': 2, 'monster': 1} memory=6 {'npc': 4, 'monster': 2} paired=0 median=0.000 unleveled=68:警衛,10:警衛
2026-09-24 21:37:30.863  INFO   decision    mode=traveling behavior=traveling action=traveling target=- reason='enter farm area' status=success
2026-09-24 21:37:35.837  INFO   session     Entity shadow: vision=5 {'player': 1, 'npc': 2, 'monster': 2} memory=5 {'npc': 4, 'monster': 1} paired=0 median=0.000 unleveled=10:警衛
2026-09-24 21:37:39.298  INFO   decision    mode=traveling behavior=loot action=searching target=9 reason='walk onto item' status=success
2026-09-24 21:37:40.979  INFO   session     Entity shadow: vision=3 {'player': 1, 'monster': 1, 'item': 1} memory=5 {'item': 1, 'npc': 4} paired=1 median=0.007
2026-09-24 21:37:45.565  INFO   decision    mode=traveling behavior=loot action=pickup target=9 reason='loot target' status=success
2026-09-24 21:37:45.943  INFO   decision    mode=traveling behavior=loot action=idle target=- reason='pickup settle' status=success
2026-09-24 21:37:46.073  INFO   session     Entity shadow: vision=3 {'monster': 1, 'player': 1, 'item': 1} memory=2 {'monster': 1, 'item': 1} paired=2 median=0.020
2026-09-24 21:37:46.274  INFO   decision    mode=traveling behavior=combat action=attack target=10 reason='engage target' status=success
2026-09-24 21:37:51.298  INFO   session     Entity shadow: vision=3 {'monster': 1, 'player': 2} memory=1 {'monster': 1} paired=1 median=0.047
2026-09-24 21:37:56.397  INFO   session     Entity shadow: vision=2 {'player': 1, 'monster': 1} memory=1 {'monster': 1} paired=1 median=0.027
2026-09-24 21:37:57.993  INFO   decision    mode=traveling behavior=traveling action=traveling target=- reason='enter farm area' status=success
2026-09-24 21:38:01.448  INFO   session     Entity shadow: vision=1 {'player': 1} memory=0 {} paired=0 median=0.000
2026-09-24 21:38:02.470  INFO   decision    mode=traveling behavior=combat action=attack target=13 reason='engage target' status=success
2026-09-24 21:38:05.804  INFO   decision    mode=traveling behavior=combat action=attack target=14 reason='engage target' status=success
2026-09-24 21:38:06.503  INFO   session     Entity shadow: vision=2 {'player': 1, 'monster': 1} memory=1 {'monster': 1} paired=1 median=0.020
2026-09-24 21:38:11.619  INFO   session     Entity shadow: vision=2 {'player': 1, 'monster': 1} memory=1 {'monster': 1} paired=1 median=0.022
2026-09-24 21:38:16.612  INFO   session     Entity shadow: vision=2 {'player': 1, 'monster': 1} memory=1 {'monster': 1} paired=1 median=0.035
2026-09-24 21:38:18.090  INFO   decision    mode=traveling behavior=combat action=attack target=14 reason='attack target' status=success (repeat)
2026-09-24 21:38:21.031  INFO   decision    mode=traveling behavior=traveling action=traveling target=- reason='enter farm area' status=success
2026-09-24 21:38:21.734  INFO   session     Entity shadow: vision=2 {'player': 1, 'monster': 1} memory=1 {'monster': 1} paired=1 median=0.023
2026-09-24 21:38:26.735  INFO   session     Entity shadow: vision=2 {'player': 2} memory=1 {'player': 1} paired=1 median=0.034
2026-09-24 21:38:30.582  INFO   decision    mode=traveling behavior=traveling action=traveling target=- reason='enter farm area' status=success (repeat)
2026-09-24 21:38:31.783  INFO   session     Entity shadow: vision=2 {'player': 2} memory=1 {'player': 1} paired=1 median=0.049
2026-09-24 21:38:33.947  INFO   decision    mode=traveling behavior=combat action=attack target=19 reason='engage target' status=success
2026-09-24 21:38:37.018  INFO   session     Entity shadow: vision=2 {'player': 2} memory=2 {'player': 1, 'monster': 1} paired=1 median=0.046
2026-09-24 21:38:42.128  INFO   session     Entity shadow: vision=3 {'player': 2, 'monster': 1} memory=3 {'monster': 2, 'player': 1} paired=2 median=0.043
2026-09-24 21:38:46.161  INFO   decision    mode=traveling behavior=loot action=pickup target=21 reason='engage item' status=success
2026-09-24 21:38:46.519  INFO   decision    mode=traveling behavior=loot action=idle target=- reason='pickup settle' status=success
2026-09-24 21:38:46.899  INFO   decision    mode=traveling behavior=combat action=attack target=20 reason='engage target' status=success
2026-09-24 21:38:47.339  INFO   session     Entity shadow: vision=4 {'monster': 1, 'player': 2, 'item': 1} memory=3 {'player': 1, 'item': 1, 'monster': 1} paired=3 median=0.043
2026-09-24 21:38:52.566  INFO   session     Entity shadow: vision=5 {'monster': 2, 'player': 3} memory=4 {'monster': 3, 'player': 1} paired=3 median=0.013
2026-09-24 21:38:57.711  INFO   session     Entity shadow: vision=6 {'monster': 3, 'player': 2, 'item': 1} memory=5 {'monster': 3, 'item': 1, 'player': 1} paired=5 median=0.018
2026-09-24 21:38:59.826  INFO   decision    mode=traveling behavior=combat action=attack target=20 reason='attack target' status=success (repeat)
2026-09-24 21:39:00.087  INFO   decision    mode=traveling behavior=combat action=attack target=24 reason='attack target' status=success
2026-09-24 21:39:01.977  INFO   decision    mode=traveling behavior=traveling action=traveling target=- reason='enter farm area' status=success
2026-09-24 21:39:02.210  INFO   decision    mode=traveling behavior=loot action=pickup target=27 reason='engage item' status=success
2026-09-24 21:39:02.930  INFO   session     Entity shadow: vision=4 {'item': 1, 'player': 2, 'monster': 1} memory=4 {'player': 1, 'item': 1, 'monster': 2} paired=2 median=0.024
2026-09-24 21:39:04.249  INFO   decision    mode=traveling behavior=heal action=heal target=- reason='recover hp' status=success
2026-09-24 21:39:06.844  INFO   decision    mode=traveling behavior=traveling action=traveling target=- reason='enter farm area' status=success
2026-09-24 21:39:07.990  INFO   session     Entity shadow: vision=3 {'monster': 1, 'player': 2} memory=2 {'player': 1, 'monster': 1} paired=2 median=0.027
2026-09-24 21:39:11.230  INFO   decision    mode=traveling behavior=combat action=attack target=28 reason='engage target' status=success
2026-09-24 21:39:13.173  INFO   session     Entity shadow: vision=2 {'player': 2} memory=1 {'player': 1} paired=1 median=0.021
2026-09-24 21:39:13.225  INFO   decision    mode=traveling behavior=traveling action=traveling target=- reason='enter farm area' status=success
2026-09-24 21:39:14.330  INFO   decision    mode=traveling behavior=combat action=attack target=29 reason='engage target' status=success
2026-09-24 21:39:17.755  INFO   decision    mode=traveling behavior=loot action=searching target=34 reason='walk onto item' status=success
2026-09-24 21:39:18.376  INFO   session     Entity shadow: vision=6 {'player': 3, 'item': 1, 'monster': 2} memory=7 {'monster': 4, 'item': 1, 'player': 2} paired=4 median=0.019 unleveled=12:史萊姆
2026-09-24 21:39:21.730  INFO   decision    mode=traveling behavior=? action=teleport target=- reason='escape teleport (surrounded x4)' status=success
2026-09-24 21:39:22.976  INFO   decision    mode=traveling behavior=traveling action=traveling target=- reason='enter farm area' status=success
2026-09-24 21:39:23.530  INFO   session     Entity shadow: vision=1 {'player': 1} memory=0 {} paired=0 median=0.000
2026-09-24 21:39:28.717  INFO   session     Entity shadow: vision=1 {'player': 1} memory=0 {} paired=0 median=0.000
2026-09-24 21:39:32.179  INFO   decision    mode=traveling behavior=loot action=searching target=43 reason='walk onto item' status=success
2026-09-24 21:39:32.437  INFO   decision    mode=traveling behavior=traveling action=traveling target=- reason='enter farm area' status=success
2026-09-24 21:39:33.323  INFO   decision    mode=traveling behavior=loot action=searching target=45 reason='walk onto item' status=success
2026-09-24 21:39:33.902  INFO   session     Entity shadow: vision=3 {'player': 1, 'item': 1, 'npc': 1} memory=2 {'item': 1, 'monster': 1} paired=1 median=0.016 unleveled=68:警衛
2026-09-24 21:39:34.533  INFO   decision    mode=traveling behavior=loot action=searching target=47 reason='walk onto item' status=success
2026-09-24 21:39:38.977  INFO   session     Entity shadow: vision=4 {'player': 1, 'item': 1, 'npc': 2} memory=3 {'monster': 2, 'item': 1} paired=1 median=0.011 unleveled=10:警衛,68:警衛
2026-09-24 21:39:43.503  INFO   decision    mode=traveling behavior=loot action=pickup target=47 reason='loot target' status=success
2026-09-24 21:39:43.947  INFO   decision    mode=traveling behavior=loot action=idle target=- reason='pickup settle' status=success
2026-09-24 21:39:44.135  INFO   session     Entity shadow: vision=4 {'player': 1, 'npc': 2, 'item': 1} memory=3 {'monster': 2, 'item': 1} paired=1 median=0.004 unleveled=10:警衛,68:警衛
2026-09-24 21:39:44.324  INFO   decision    mode=traveling behavior=traveling action=traveling target=- reason='enter farm area' status=success
2026-09-24 21:39:47.335  INFO   session     일시정지 — 단축키
2026-09-24 21:42:43.478  INFO   session     정지 → 중지됨
2026-09-24 21:42:43.726  INFO   session     봇 작업이 종료되었습니다
