2026-09-29 21:01:05.627  INFO   session     Loading Manmabot from D:\KRR\1.LCBot\ManmabotV1_final\engine
2026-09-29 21:01:05.662  INFO   session     Session log D:\KRR\1.LCBot\ManmabotV1_final\engine\logs\bot-20260929-210105.log
2026-09-29 21:01:05.674  INFO   session     character=elf loot=adena_only game_lang=ko map=talking_island farms=['area_1', 'area_3'] file=D:\KRR\1.LCBot\ManmabotV1_final\engine\logs\bot-20260929-210105.log
2026-09-29 21:01:06.072  INFO   nav         building portal graph (cluster=32, 512x576)
2026-09-29 21:01:06.773  INFO   nav         portal graph: 189 components, 587 ms
2026-09-29 21:01:07.074  INFO   nav         farms=2 safe=11 home=(385, 246) (files farm=D:\KRR\1.LCBot\ManmabotV1_final\engine\maps\talking_island\farms.yaml safe=D:\KRR\1.LCBot\ManmabotV1_final\engine\maps\talking_island\safe.yaml home=D:\KRR\1.LCBot\ManmabotV1_final\engine\maps\talking_island\home.yaml)
2026-09-29 21:01:07.494  INFO   capture     mss window capture process='LC.exe' title=None content_aspect=4:3
2026-09-29 21:01:08.421  INFO   session     Entity clicks use memory names, species, and world cells. Image recognition still runs. Set memory.entity_source to vision to restore image-only clicks.
2026-09-29 21:01:08.489  INFO   session     Player memory is read in this process (realtime_monitor.dll, offsets.json). No separate console.
2026-09-29 21:01:08.757  INFO   session     인벤토리 수신 시작 · inv.json 시드 · hp=42 화살=9151 은화살=0 해독=0 (백그라운드 실시간 스캔)
2026-09-29 21:01:08.844  INFO   session     메모리에서 핫바 24칸을 읽는 중…
2026-09-29 21:01:09.596  INFO   session     핫바 스캔 완료 · 파워 업@box1/f5, 아머 업@box1/f6, 라이트@box1/f7, 힐@box1/f8, HP 물약@box2/f9, 텔레포트@box1/f10, 마법 공격@box1/f12, 말하는 두루마리@box2/f5, 마더 트리@box2/f6, HP를 MP로@box2/f7
2026-09-29 21:01:09.751  INFO   session     매핑되지 않은 핫바 아이콘: box1/f8:SPELL, box1/f11:아데나, box1/f12:화살, box2/f10:상쾌한 빨간 물약, box2/f12:속도향상 물약, box3/f10:SPELL
2026-09-29 21:01:10.117  INFO   session     루프 준비 · 요정 · 한국어 · 맵=말하는 섬 · 룻=아데나만 · 구역=구역 1, 구역 3
2026-09-29 21:01:10.848  INFO   session     Entity shadow: vision=17 {'player': 12, 'npc': 5} memory=22 {'player': 18, 'monster': 2, 'npc': 2} paired=13 median=0.024 unleveled=10:警衛,68:警衛
2026-09-29 21:01:11.229  INFO   session     인벤토리 수신 준비 (dll) · hp=42 화살=9129 은화살=0 해독=0
2026-09-29 21:01:11.386  INFO   nav         talking scroll emit spot=ti_general_goods purpose=shop reason=go to shop (sell_garbage_ch)
2026-09-29 21:01:11.388  INFO   shop        shop scrolled behavior=sell_garbage_ch retry=0
2026-09-29 21:01:11.410  INFO   decision    mode=farming goal=talking_scroll action=use_talking_scroll target=- sticky=- origin=(373,256) shop=1 scrolled=1 reason='go to shop (sell_garbage_ch)' status=success
2026-09-29 21:01:16.326  INFO   session     Entity shadow: vision=18 {'player': 15, 'npc': 3} memory=28 {'npc': 2, 'player': 26} paired=17 median=0.023
2026-09-29 21:01:16.524  INFO   shop        at shop — stop behavior=sell_garbage_ch
2026-09-29 21:01:16.525  INFO   decision    mode=farming goal=shop action=shop_stop target=- sticky=- origin=(386,245) shop=1 scrolled=1 reason='stop at shop' status=success
2026-09-29 21:01:17.488  INFO   shop        open shop UI behavior=sell_garbage_ch
2026-09-29 21:01:18.062  INFO   decision    mode=farming goal=shop action=shop_buy_arrows target=- sticky=- origin=(386,245) shop=1 scrolled=1 reason='shop:sell_garbage_ch' status=success
2026-09-29 21:01:22.537  INFO   session     Entity shadow: vision=17 {'npc': 2, 'player': 15} memory=28 {'npc': 2, 'player': 26} paired=17 median=0.023
2026-09-29 21:01:22.750  INFO   nav         talking scroll emit spot=giran_weapon purpose=shop reason=go to shop (sell_garbage_weapon_ch)
2026-09-29 21:01:22.751  INFO   shop        shop scrolled behavior=sell_garbage_weapon_ch retry=0
2026-09-29 21:01:22.770  INFO   decision    mode=farming goal=talking_scroll action=use_talking_scroll target=- sticky=- origin=(386,245) shop=1 scrolled=1 reason='go to shop (sell_garbage_weapon_ch)' status=success
2026-09-29 21:01:26.707  INFO   nav         async nav configure start map=mainland
2026-09-29 21:01:27.762  INFO   shop        at shop — stop behavior=sell_garbage_weapon_ch
2026-09-29 21:01:28.002  INFO   nav         building portal graph (cluster=32, 1755x1414)
2026-09-29 21:01:28.406  INFO   decision    mode=farming goal=shop action=shop_stop target=- sticky=- origin=(886,534) shop=1 scrolled=1 reason='stop at shop' status=success
2026-09-29 21:01:35.283  INFO   nav         portal graph: 2586 components, 6860 ms
2026-09-29 21:01:35.540  INFO   session     Entity shadow: vision=21 {'player': 20, 'npc': 1} memory=34 {'player': 30, 'npc': 4} paired=20 median=0.029
2026-09-29 21:01:35.545  INFO   nav         farms=6 safe=0 home=None (files farm=D:\KRR\1.LCBot\ManmabotV1_final\engine\maps\mainland\farms.yaml safe=D:\KRR\1.LCBot\ManmabotV1_final\engine\maps\mainland\safe.yaml home=D:\KRR\1.LCBot\ManmabotV1_final\engine\maps\mainland\home.yaml)
2026-09-29 21:01:35.598  INFO   nav         async nav configure done map=mainland (8889 ms)
2026-09-29 21:01:36.311  INFO   shop        open shop UI behavior=sell_garbage_weapon_ch
2026-09-29 21:01:36.873  INFO   decision    mode=farming goal=shop action=shop_buy_arrows target=- sticky=- origin=(886,534) shop=1 scrolled=1 reason='shop:sell_garbage_weapon_ch' status=success
2026-09-29 21:01:41.333  INFO   session     Entity shadow: vision=23 {'player': 21, 'npc': 2} memory=35 {'player': 31, 'npc': 4} paired=21 median=0.028
2026-09-29 21:01:41.545  INFO   nav         talking scroll emit spot=giran_general_goods purpose=shop reason=go to shop (sell_garbage_mainland_ch)
2026-09-29 21:01:41.546  INFO   shop        shop scrolled behavior=sell_garbage_mainland_ch retry=0
2026-09-29 21:01:41.570  INFO   decision    mode=farming goal=talking_scroll action=use_talking_scroll target=- sticky=- origin=(886,534) shop=1 scrolled=1 reason='go to shop (sell_garbage_mainland_ch)' status=success
2026-09-29 21:01:45.842  INFO   session     일시정지 — 단축키
2026-09-29 21:01:46.895  INFO   session     Entity shadow: vision=44 {'player': 39, 'monster': 4, 'npc': 1} memory=85 {'npc': 9, 'player': 75, 'monster': 1} paired=40 median=0.039 unleveled=319:?
2026-09-29 21:02:17.416  INFO   session     정지 → 중지됨
2026-09-29 21:02:17.951  INFO   session     봇 작업이 종료되었습니다
