2026-09-28 04:17:43.220  INFO   session     Loading Manmabot from D:\ManmabotV1_final\engine
2026-09-28 04:17:43.227  INFO   session     Session log D:\ManmabotV1_final\engine\logs\bot-20260928-041743.log
2026-09-28 04:17:43.227  INFO   session     character=elf loot=all_items game_lang=ko map=talking_island farms=['area_1', 'area_3'] file=D:\ManmabotV1_final\engine\logs\bot-20260928-041743.log
2026-09-28 04:17:43.509  INFO   nav         building portal graph (cluster=32, 479x511)
2026-09-28 04:17:43.829  INFO   nav         portal graph: 188 components, 320 ms
2026-09-28 04:17:43.836  INFO   nav         farms=2 safe=11 home=(354, 203) (files farm=D:\ManmabotV1_final\engine\maps\talking_island\farms.yaml safe=D:\ManmabotV1_final\engine\maps\talking_island\safe.yaml home=D:\ManmabotV1_final\engine\maps\talking_island\home.yaml)
2026-09-28 04:17:44.081  INFO   capture     mss window capture process='LC.exe' title=None content_aspect=4:3
2026-09-28 04:17:44.575  INFO   session     Entity clicks use memory names, species, and world cells. Image recognition still runs. Set memory.entity_source to vision to restore image-only clicks.
2026-09-28 04:17:44.591  INFO   session     Player memory is read in this process (realtime_monitor.dll, offsets.json). No separate console.
2026-09-28 04:17:44.603  INFO   session     인벤토리를 백그라운드에서 스캔 중 (inventory_listen.dll 또는 inv.json을 두세요).
2026-09-28 04:17:44.635  INFO   session     메모리에서 핫바 24칸을 읽는 중…
2026-09-28 04:17:44.737  INFO   session     핫바 스캔 완료 · 파워 업@box2/f8, 아머 업@box2/f5, 힐@box1/f10, HP 물약@box1/f8, 텔레포트@box1/f11, 마법 공격@box1/f12, 말하는 두루마리@box1/f5
2026-09-28 04:17:44.777  INFO   session     매핑되지 않은 핫바 아이콘: box1/f6:작은 활 (무장), box1/f7:나무 화살, box1/f9:아데나
2026-09-28 04:17:44.793  INFO   session     루프 준비 · 요정 · 한국어 · 맵=말하는 섬 · 룻=전부 줍기 · 구역=구역 1, 구역 3
2026-09-28 04:17:45.397  INFO   session     Entity shadow: vision=3 {'npc': 2, 'player': 1} memory=5 {'monster': 5} paired=0 median=0.000 unleveled=68:警衛,206:兔子,10:警衛
2026-09-28 04:17:45.456  INFO   session     인벤토리 수신 준비 (dll) · hp=2 화살=337 은화살=0 해독=0
2026-09-28 04:17:45.552  INFO   decision    mode=farming behavior=talking_scroll action=use_talking_scroll target=- reason='go to shop (buy_hp_potions_ch_mainland)' status=success
2026-09-28 04:17:49.160  INFO   nav         async nav configure start map=mainland
2026-09-28 04:17:50.220  INFO   decision    mode=farming behavior=shop action=idle target=- reason='waiting for shop map (buy_hp_potions_ch_mainland)' status=success
2026-09-28 04:17:50.771  INFO   nav         building portal graph (cluster=32, 1755x1414)
2026-09-28 04:17:55.170  INFO   nav         portal graph: 2586 components, 4399 ms
2026-09-28 04:17:55.176  INFO   nav         farms=6 safe=0 home=None (files farm=D:\ManmabotV1_final\engine\maps\mainland\farms.yaml safe=D:\ManmabotV1_final\engine\maps\mainland\safe.yaml home=D:\ManmabotV1_final\engine\maps\mainland\home.yaml)
2026-09-28 04:17:55.176  INFO   nav         async nav configure done map=mainland (6016 ms)
2026-09-28 04:17:55.335  INFO   session     Entity shadow: vision=5 {'player': 2, 'npc': 2, 'monster': 1} memory=5 {'monster': 5} paired=1 median=0.043 unleveled=206:兔子,68:警衛,10:警衛
2026-09-28 04:17:57.141  INFO   session     Entity shadow: vision=6 {'npc': 4, 'player': 1, 'monster': 1} memory=4 {'monster': 4} paired=0 median=0.000 unleveled=206:兔子,68:警衛,10:警衛
2026-09-28 04:18:02.451  INFO   session     Entity shadow: vision=5 {'npc': 3, 'player': 2} memory=4 {'monster': 4} paired=0 median=0.000 unleveled=68:警衛,206:兔子,10:警衛
2026-09-28 04:18:03.507  INFO   decision    mode=farming behavior=unstick action=teleport target=- reason='unstick confined' status=success
2026-09-28 04:18:05.000  INFO   decision    mode=farming behavior=shop action=idle target=- reason='waiting for shop map (buy_hp_potions_ch_mainland)' status=success
2026-09-28 04:18:07.819  INFO   session     Entity shadow: vision=5 {'monster': 3, 'player': 1, 'npc': 1} memory=4 {'monster': 3, 'npc': 1} paired=2 median=0.051
2026-09-28 04:18:12.966  INFO   session     Entity shadow: vision=5 {'monster': 3, 'player': 1, 'npc': 1} memory=4 {'monster': 3, 'npc': 1} paired=2 median=0.005 unleveled=68:警衛
2026-09-28 04:18:18.279  INFO   session     Entity shadow: vision=3 {'monster': 1, 'player': 1, 'npc': 1} memory=4 {'monster': 3, 'npc': 1} paired=0 median=0.000 unleveled=68:警衛
2026-09-28 04:18:18.302  INFO   decision    mode=farming behavior=unstick action=teleport target=- reason='unstick confined' status=success
2026-09-28 04:18:19.497  INFO   decision    mode=farming behavior=shop action=idle target=- reason='waiting for shop map (buy_hp_potions_ch_mainland)' status=success
2026-09-28 04:18:23.502  INFO   session     Entity shadow: vision=14 {'player': 11, 'npc': 2, 'monster': 1} memory=20 {'monster': 1, 'player': 13, 'npc': 6} paired=12 median=0.035 unleveled=68:警衛
2026-09-28 04:18:28.881  INFO   session     Entity shadow: vision=10 {'player': 8, 'npc': 1, 'monster': 1} memory=21 {'monster': 1, 'player': 14, 'npc': 6} paired=9 median=0.037 unleveled=68:警衛
2026-09-28 04:18:33.702  INFO   decision    mode=farming behavior=unstick action=teleport target=- reason='unstick confined' status=success
2026-09-28 04:18:34.717  INFO   session     Entity shadow: vision=4 {'player': 3, 'monster': 1} memory=0 {} paired=0 median=0.000
2026-09-28 04:18:34.828  INFO   decision    mode=farming behavior=shop action=idle target=- reason='waiting for shop map (buy_hp_potions_ch_mainland)' status=success
2026-09-28 04:18:40.215  INFO   session     Entity shadow: vision=8 {'player': 1, 'monster': 7} memory=7 {'monster': 7} paired=7 median=0.014
2026-09-28 04:18:45.356  INFO   session     Entity shadow: vision=5 {'player': 1, 'monster': 4} memory=6 {'monster': 6} paired=4 median=0.068
2026-09-28 04:18:48.599  INFO   decision    mode=farming behavior=unstick action=teleport target=- reason='unstick confined' status=success
2026-09-28 04:18:49.710  INFO   decision    mode=farming behavior=shop action=idle target=- reason='waiting for shop map (buy_hp_potions_ch_mainland)' status=success
2026-09-28 04:18:50.486  INFO   session     Entity shadow: vision=6 {'player': 2, 'monster': 4} memory=4 {'monster': 4} paired=4 median=0.012
2026-09-28 04:18:55.718  INFO   session     Entity shadow: vision=6 {'monster': 4, 'player': 2} memory=4 {'monster': 4} paired=4 median=0.014
2026-09-28 04:19:00.810  INFO   session     Entity shadow: vision=6 {'player': 2, 'monster': 4} memory=4 {'monster': 4} paired=4 median=0.019
2026-09-28 04:19:02.964  INFO   decision    mode=farming behavior=unstick action=teleport target=- reason='unstick confined' status=success
2026-09-28 04:19:04.403  INFO   decision    mode=farming behavior=shop action=idle target=- reason='waiting for shop map (buy_hp_potions_ch_mainland)' status=success
2026-09-28 04:19:05.905  INFO   session     Entity shadow: vision=1 {'monster': 1} memory=0 {} paired=0 median=0.000
2026-09-28 04:19:11.223  INFO   session     Entity shadow: vision=1 {'monster': 1} memory=0 {} paired=0 median=0.000
2026-09-28 04:19:16.472  INFO   session     Entity shadow: vision=1 {'monster': 1} memory=0 {} paired=0 median=0.000
2026-09-28 04:19:17.932  INFO   session     일시정지 — 단축키
2026-09-28 04:32:08.284  INFO   session     정지 → 중지됨
2026-09-28 04:32:08.433  INFO   session     봇 작업이 종료되었습니다
