2026-09-24 15:19:59.202  INFO   session     Loading Manmabot from D:\Work\Lineage\ManmabotV1_final\engine
2026-09-24 15:19:59.205  INFO   session     Session log D:\Work\Lineage\ManmabotV1_final\engine\logs\bot-20260924-151959.log
2026-09-24 15:19:59.205  INFO   session     character=elf loot=all_items game_lang=ko map=talking_island farms=['area_3', 'area_2', 'area_1'] file=D:\Work\Lineage\ManmabotV1_final\engine\logs\bot-20260924-151959.log
2026-09-24 15:19:59.265  INFO   nav         building portal graph (cluster=32, 479x511)
2026-09-24 15:19:59.522  INFO   nav         portal graph: 188 components, 257 ms
2026-09-24 15:19:59.528  INFO   nav         farms=3 safe=11 home=(354, 203) (files farm=D:\Work\Lineage\ManmabotV1_final\engine\maps\talking_island\farms.yaml safe=D:\Work\Lineage\ManmabotV1_final\engine\maps\talking_island\safe.yaml home=D:\Work\Lineage\ManmabotV1_final\engine\maps\talking_island\home.yaml)
2026-09-24 15:19:59.584  INFO   capture     mss window capture process='LC.exe' title=None content_aspect=4:3
2026-09-24 15:19:59.907  INFO   session     Entity clicks use memory names, species, and world cells. Image recognition still runs. Set memory.entity_source to vision to restore image-only clicks.
2026-09-24 15:19:59.914  INFO   session     Player memory is read in this process (realtime_monitor.dll, offsets.json). No separate console.
2026-09-24 15:19:59.919  INFO   session     Inventory listen scanning in background (build inventory_listen.dll or place inv.json).
2026-09-24 15:19:59.923  INFO   session     Reading hotbar from memory (24 slots)…
2026-09-24 15:20:00.011  INFO   session     Hotbar scan done · hp_potion@box1/f5, talking_scroll@box1/f8
2026-09-24 15:20:00.016  INFO   session     Unmapped hotbar icons: box1/f6:+0 화살 (2,178), box1/f7:아데나 (723), box1/f12:상쾌한 초록 물약
2026-09-24 15:20:00.025  INFO   session     Loop ready · elf · ko · map=talking_island · loot=all_items · farms=['area_3', 'area_2', 'area_1']
2026-09-24 15:20:00.301  INFO   session     Entity shadow: vision=1 {'player': 1} memory=0 {} paired=0 median=0.000
2026-09-24 15:20:00.316  INFO   session     Inventory listen ready (dll) · hp=6 arrows=2178 silver=5 depoison=0
2026-09-24 15:20:00.349  INFO   decision    mode=traveling behavior=traveling action=traveling target=- reason='enter farm area' status=success
2026-09-24 15:20:05.409  INFO   session     Entity shadow: vision=1 {'player': 1} memory=1 {'monster': 1} paired=0 median=0.000 unleveled=189:鹿
2026-09-24 15:20:08.239  INFO   decision    mode=traveling behavior=traveling action=traveling target=- reason='enter farm area' status=success (repeat)
2026-09-24 15:20:10.422  INFO   session     Entity shadow: vision=2 {'player': 2} memory=1 {'monster': 1} paired=0 median=0.000 unleveled=189:鹿
2026-09-24 15:20:14.113  INFO   decision    mode=traveling behavior=combat action=attack target=2 reason='engage target' status=success
2026-09-24 15:20:15.464  INFO   session     Entity shadow: vision=1 {'monster': 1} memory=3 {'monster': 3} paired=1 median=0.027 unleveled=208:兔子,189:鹿
2026-09-24 15:20:16.356  INFO   decision    mode=traveling behavior=traveling action=traveling target=- reason='unstick' status=success
2026-09-24 15:20:20.518  INFO   session     Entity shadow: vision=2 {'item': 1, 'monster': 1} memory=3 {'monster': 2, 'item': 1} paired=1 median=0.026 unleveled=189:鹿,208:兔子
2026-09-24 15:20:24.743  INFO   decision    mode=traveling behavior=traveling action=traveling target=- reason='enter farm area' status=success (repeat)
2026-09-24 15:20:25.586  INFO   session     Entity shadow: vision=2 {'player': 1, 'item': 1} memory=3 {'monster': 2, 'item': 1} paired=1 median=0.019 unleveled=208:兔子,206:兔子
2026-09-24 15:20:26.967  INFO   decision    mode=traveling behavior=combat action=attack target=7 reason='engage target' status=success
2026-09-24 15:20:27.417  INFO   decision    mode=traveling behavior=traveling action=traveling target=- reason='enter farm area' status=success
2026-09-24 15:20:27.852  INFO   decision    mode=traveling behavior=combat action=attack target=8 reason='engage target' status=success
2026-09-24 15:20:30.658  INFO   session     Entity shadow: vision=2 {'player': 1, 'item': 1} memory=5 {'monster': 4, 'item': 1} paired=1 median=0.010 unleveled=208:兔子,206:兔子,189:鹿
2026-09-24 15:20:32.764  INFO   decision    mode=traveling behavior=loot action=searching target=10 reason='walk onto item' status=success
2026-09-24 15:20:35.664  INFO   session     Entity shadow: vision=2 {'item': 2} memory=6 {'player': 1, 'monster': 3, 'item': 2} paired=2 median=0.014 unleveled=208:兔子,206:兔子,189:鹿
2026-09-24 15:20:39.318  INFO   decision    mode=traveling behavior=loot action=pickup target=10 reason='loot target' status=success
2026-09-24 15:20:39.552  INFO   decision    mode=traveling behavior=traveling action=traveling target=- reason='enter farm area' status=success
2026-09-24 15:20:40.677  INFO   session     Entity shadow: vision=2 {'item': 2} memory=5 {'player': 1, 'monster': 2, 'item': 2} paired=2 median=0.007 unleveled=206:兔子,208:兔子
2026-09-24 15:20:40.697  INFO   decision    mode=traveling behavior=loot action=pickup target=10 reason='engage item' status=success
2026-09-24 15:20:40.983  INFO   decision    mode=traveling behavior=traveling action=traveling target=- reason='enter farm area' status=success
2026-09-24 15:20:45.699  INFO   session     Entity shadow: vision=3 {'item': 1, 'monster': 1, 'player': 1} memory=4 {'player': 1, 'monster': 2, 'item': 1} paired=2 median=0.020 unleveled=208:兔子,206:兔子
2026-09-24 15:20:46.944  INFO   decision    mode=traveling behavior=loot action=searching target=4 reason='walk onto item' status=success
2026-09-24 15:20:47.472  INFO   decision    mode=traveling behavior=traveling action=traveling target=- reason='unstick' status=success
2026-09-24 15:20:50.776  INFO   session     Entity shadow: vision=3 {'monster': 2, 'item': 1} memory=4 {'monster': 3, 'item': 1} paired=2 median=0.022 unleveled=189:鹿,206:兔子
2026-09-24 15:20:55.865  INFO   session     Entity shadow: vision=4 {'monster': 4} memory=3 {'monster': 2, 'item': 1} paired=2 median=0.023
2026-09-24 15:20:56.022  INFO   decision    mode=traveling behavior=traveling action=traveling target=- reason='enter farm area' status=success (repeat)
2026-09-24 15:21:00.948  INFO   session     Entity shadow: vision=3 {'player': 1, 'item': 1, 'monster': 1} memory=3 {'monster': 2, 'item': 1} paired=2 median=0.019 unleveled=14:青蛙
2026-09-24 15:21:03.597  INFO   decision    mode=farming behavior=search action=searching target=- reason='search area' status=success
2026-09-24 15:21:04.854  INFO   decision    mode=farming behavior=combat action=attack target=20 reason='engage target' status=success
2026-09-24 15:21:06.148  INFO   session     Entity shadow: vision=4 {'monster': 3, 'player': 1} memory=4 {'monster': 4} paired=3 median=0.015 unleveled=14:青蛙
2026-09-24 15:21:11.198  INFO   session     Entity shadow: vision=3 {'monster': 2, 'player': 1} memory=5 {'monster': 5} paired=2 median=0.027 unleveled=207:兔子,14:青蛙
2026-09-24 15:21:16.220  INFO   session     Entity shadow: vision=2 {'monster': 2} memory=4 {'monster': 4} paired=1 median=0.016 unleveled=14:青蛙,207:兔子
2026-09-24 15:21:16.270  INFO   decision    mode=farming behavior=combat action=attack target=21 reason='engage target' status=success
2026-09-24 15:21:18.317  INFO   decision    mode=farming behavior=search action=searching target=- reason='search area' status=success
2026-09-24 15:21:18.435  INFO   session     Stop → Stopped (정지 — 게임 창이 닫혔습니다.)
2026-09-24 15:21:18.492  INFO   session     Bot worker exited
