2026-09-27 19:12:58.664  INFO   session     Loading Manmabot from D:\ManmabotV1_final\engine
2026-09-27 19:12:58.670  INFO   session     Session log D:\ManmabotV1_final\engine\logs\bot-20260927-191258.log
2026-09-27 19:12:58.670  INFO   session     character=elf loot=all_items game_lang=ko map=talking_island farms=['area_1', 'area_2', 'area_3', 'area_4'] file=D:\ManmabotV1_final\engine\logs\bot-20260927-191258.log
2026-09-27 19:12:59.017  INFO   nav         building portal graph (cluster=32, 479x511)
2026-09-27 19:12:59.400  INFO   nav         portal graph: 188 components, 383 ms
2026-09-27 19:12:59.407  INFO   nav         farms=4 safe=11 home=(354, 203) (files farm=D:\ManmabotV1_final\engine\maps\talking_island\farms.yaml safe=D:\ManmabotV1_final\engine\maps\talking_island\safe.yaml home=D:\ManmabotV1_final\engine\maps\talking_island\home.yaml)
2026-09-27 19:12:59.671  INFO   capture     mss window capture process='LC.exe' title=None content_aspect=4:3
2026-09-27 19:13:00.293  INFO   session     Entity clicks use memory names, species, and world cells. Image recognition still runs. Set memory.entity_source to vision to restore image-only clicks.
2026-09-27 19:13:00.310  INFO   session     Player memory is read in this process (realtime_monitor.dll, offsets.json). No separate console.
2026-09-27 19:13:00.324  INFO   session     Inventory listen scanning in background (inventory_listen.dll or place inv.json).
2026-09-27 19:13:00.358  INFO   session     Reading hotbar from memory (24 slots)…
2026-09-27 19:13:00.428  INFO   session     Hotbar scan done · Power-up@box1/f5, Armor-up@box1/f6, Light@box1/f7, Heal@box1/f8, HP potion@box1/f9, Teleport@box1/f10, Mage attack@box1/f11, Talking scroll@box1/f5, Mother tree@box2/f6, HP to MP@box2/f7
2026-09-27 19:13:00.453  INFO   session     Loop ready · Elf · Korean · map=Talking Island · loot=Pick up everything · farms=Area 1, Area 2, Area 3, Area 4
2026-09-27 19:13:01.202  INFO   session     Entity shadow: vision=3 {'player': 3} memory=2 {'player': 2} paired=2 median=0.024
2026-09-27 19:13:01.245  INFO   session     Inventory listen ready (dll) · hp=0 arrows=712 silver=0 depoison=0
2026-09-27 19:13:01.271  INFO   decision    mode=farming behavior=buff action=buff target=- reason='armor_up' status=success
2026-09-27 19:13:02.046  INFO   decision    mode=traveling behavior=traveling action=traveling target=- reason='enter farm area' status=success
2026-09-27 19:13:06.258  INFO   session     Entity shadow: vision=1 {'player': 1} memory=1 {'player': 1} paired=1 median=0.006
2026-09-27 19:13:11.587  INFO   session     Entity shadow: vision=1 {'player': 1} memory=0 {} paired=0 median=0.000
2026-09-27 19:13:11.616  INFO   decision    mode=traveling behavior=buff action=buff target=- reason='light' status=success
2026-09-27 19:13:12.335  INFO   decision    mode=traveling behavior=traveling action=traveling target=- reason='enter farm area' status=success
2026-09-27 19:13:16.655  INFO   session     Entity shadow: vision=3 {'player': 1, 'npc': 2} memory=2 {'monster': 2} paired=0 median=0.000 unleveled=10:警衛,68:警衛
2026-09-27 19:13:21.958  INFO   session     Entity shadow: vision=5 {'player': 1, 'monster': 1, 'npc': 3} memory=5 {'monster': 5} paired=1 median=0.040 unleveled=10:警衛,68:警衛
2026-09-27 19:13:27.053  INFO   session     Entity shadow: vision=5 {'player': 1, 'monster': 1, 'npc': 3} memory=4 {'monster': 4} paired=1 median=0.017 unleveled=10:警衛,68:警衛
2026-09-27 19:13:31.859  INFO   decision    mode=traveling behavior=loot action=searching target=12 reason='walk onto item' status=success
2026-09-27 19:13:32.513  INFO   session     Entity shadow: vision=5 {'player': 1, 'monster': 2, 'npc': 1, 'item': 1} memory=8 {'monster': 6, 'player': 1, 'item': 1} paired=2 median=0.047 unleveled=211:兔子,208:兔子,207:兔子
2026-09-27 19:13:35.356  INFO   decision    mode=traveling behavior=loot action=pickup target=12 reason='loot target' status=success
2026-09-27 19:13:36.027  INFO   decision    mode=traveling behavior=traveling action=traveling target=- reason='enter farm area' status=success
2026-09-27 19:13:37.804  INFO   session     Entity shadow: vision=7 {'monster': 2, 'player': 3, 'npc': 2} memory=6 {'monster': 4, 'player': 2} paired=4 median=0.034 unleveled=10:警衛,68:警衛
2026-09-27 19:13:43.156  INFO   session     Entity shadow: vision=3 {'player': 2, 'monster': 1} memory=6 {'monster': 5, 'player': 1} paired=2 median=0.117 unleveled=211:兔子,189:鹿,208:兔子,207:兔子
2026-09-27 19:13:47.559  INFO   decision    mode=traveling behavior=loot action=searching target=24 reason='walk onto item' status=success
2026-09-27 19:13:48.379  INFO   session     Entity shadow: vision=4 {'player': 3, 'item': 1} memory=6 {'player': 2, 'item': 1, 'monster': 3} paired=3 median=0.048 unleveled=189:鹿,208:兔子,207:兔子
2026-09-27 19:13:48.871  INFO   decision    mode=traveling behavior=traveling action=traveling target=- reason='enter farm area' status=success
2026-09-27 19:13:53.608  INFO   session     Entity shadow: vision=2 {'player': 2} memory=3 {'monster': 3} paired=0 median=0.000 unleveled=189:鹿,208:兔子
2026-09-27 19:13:58.879  INFO   session     Entity shadow: vision=1 {'player': 1} memory=0 {} paired=0 median=0.000
2026-09-27 19:14:02.403  INFO   decision    mode=traveling behavior=combat action=attack target=26 reason='engage target' status=success
2026-09-27 19:14:04.023  INFO   session     Entity shadow: vision=1 {'monster': 1} memory=1 {'monster': 1} paired=0 median=0.000
2026-09-27 19:14:07.748  INFO   decision    mode=traveling behavior=traveling action=traveling target=- reason='enter farm area' status=success
2026-09-27 19:14:09.349  INFO   session     Entity shadow: vision=3 {'npc': 1, 'player': 2} memory=1 {'player': 1} paired=1 median=0.058
2026-09-27 19:14:14.830  INFO   session     Entity shadow: vision=2 {'player': 2} memory=1 {'monster': 1} paired=0 median=0.000
2026-09-27 19:14:19.287  INFO   decision    mode=traveling behavior=combat action=attack target=29 reason='engage target' status=success
2026-09-27 19:14:19.961  INFO   session     Entity shadow: vision=1 {'player': 1} memory=1 {'monster': 1} paired=0 median=0.000
2026-09-27 19:14:25.465  INFO   session     Entity shadow: vision=3 {'monster': 1, 'player': 2} memory=2 {'player': 1, 'monster': 1} paired=1 median=0.064
2026-09-27 19:14:27.447  INFO   decision    mode=traveling behavior=loot action=pickup target=32 reason='engage item' status=success
2026-09-27 19:14:28.010  INFO   decision    mode=traveling behavior=loot action=idle target=- reason='pickup settle' status=success
2026-09-27 19:14:28.367  INFO   decision    mode=traveling behavior=traveling action=traveling target=- reason='enter farm area' status=success
2026-09-27 19:14:30.606  INFO   session     Entity shadow: vision=3 {'player': 2, 'item': 1} memory=2 {'player': 1, 'item': 1} paired=2 median=0.043
2026-09-27 19:14:30.636  INFO   decision    mode=traveling behavior=loot action=searching target=32 reason='walk onto item' status=success
2026-09-27 19:14:31.165  INFO   decision    mode=traveling behavior=loot action=searching target=33 reason='walk onto item' status=success
2026-09-27 19:14:35.602  INFO   session     Entity shadow: vision=4 {'monster': 2, 'player': 1, 'item': 1} memory=3 {'player': 1, 'monster': 1, 'item': 1} paired=3 median=0.025
2026-09-27 19:14:40.761  INFO   session     Entity shadow: vision=1 {'item': 1} memory=4 {'monster': 3, 'item': 1} paired=1 median=0.008 unleveled=14:青蛙,189:鹿
2026-09-27 19:14:41.980  INFO   decision    mode=traveling behavior=loot action=pickup target=33 reason='loot target' status=success
2026-09-27 19:14:42.497  INFO   decision    mode=traveling behavior=loot action=idle target=- reason='pickup settle' status=success
2026-09-27 19:14:42.865  INFO   decision    mode=traveling behavior=traveling action=traveling target=- reason='enter farm area' status=success
2026-09-27 19:14:45.821  INFO   session     Entity shadow: vision=0 {} memory=3 {'monster': 3} paired=0 median=0.000 unleveled=189:鹿,14:青蛙
2026-09-27 19:14:47.702  INFO   decision    mode=traveling behavior=combat action=attack target=37 reason='engage target' status=success
2026-09-27 19:14:51.004  INFO   session     Entity shadow: vision=0 {} memory=5 {'monster': 5} paired=0 median=0.000 unleveled=14:青蛙,189:鹿
2026-09-27 19:14:52.869  INFO   decision    mode=traveling behavior=loot action=searching target=39 reason='walk onto item' status=success
2026-09-27 19:14:55.110  INFO   decision    mode=retreating behavior=mother_tree action=return_to_mother_tree target=- reason='return to mother tree' status=success
2026-09-27 19:14:57.072  INFO   session     Entity shadow: vision=2 {'item': 1, 'player': 1} memory=4 {'monster': 3, 'item': 1} paired=1 median=0.008 unleveled=189:鹿,14:青蛙
2026-09-27 19:14:57.118  INFO   decision    mode=retreating behavior=mother_tree action=idle target=- reason='recharging at mother tree' status=success
2026-09-27 19:14:58.135  INFO   decision    mode=retreating behavior=? action=idle target=- reason='waiting for respawn' status=success
2026-09-27 19:15:00.139  INFO   decision    mode=retreating behavior=respawn action=respawn target=- reason='death confirmed, restart' status=success
2026-09-27 19:15:00.631  INFO   decision    mode=retreating behavior=? action=idle target=- reason='waiting for respawn' status=success
2026-09-27 19:15:02.572  INFO   session     Entity shadow: vision=30 {'npc': 3, 'player': 24, 'monster': 2, 'item': 1} memory=51 {'npc': 7, 'item': 2, 'player': 40, 'monster': 2} paired=26 median=0.025 unleveled=207:兔子,208:兔子
2026-09-27 19:15:02.638  INFO   decision    mode=retreating behavior=mother_tree action=idle target=- reason='recharging at mother tree' status=success
2026-09-27 19:15:21.207  INFO   session     Entity shadow: vision=29 {'item': 2, 'player': 21, 'monster': 3, 'npc': 3} memory=55 {'monster': 3, 'npc': 7, 'item': 2, 'player': 43} paired=25 median=0.024 unleveled=14:青蛙,207:兔子,208:兔子
2026-09-27 19:15:22.044  INFO   session     Entity shadow: vision=25 {'player': 17, 'npc': 3, 'monster': 3, 'item': 2} memory=53 {'player': 42, 'monster': 3, 'npc': 6, 'item': 2} paired=21 median=0.013 unleveled=207:兔子,208:兔子,14:青蛙
2026-09-27 19:15:26.080  INFO   session     Paused — hotkey
2026-09-27 19:15:27.926  INFO   session     Pause / Resume → Running
2026-09-27 19:15:28.803  INFO   session     Entity shadow: vision=27 {'item': 2, 'player': 17, 'npc': 3, 'monster': 5} memory=55 {'monster': 2, 'player': 45, 'npc': 6, 'item': 2} paired=21 median=0.022 unleveled=14:青蛙,207:兔子
2026-09-27 19:15:33.914  INFO   session     Entity shadow: vision=26 {'player': 17, 'item': 2, 'npc': 3, 'monster': 4} memory=53 {'player': 43, 'monster': 2, 'npc': 6, 'item': 2} paired=21 median=0.029 unleveled=207:兔子,14:青蛙
2026-09-27 19:15:39.077  INFO   session     Entity shadow: vision=27 {'player': 18, 'item': 2, 'npc': 3, 'monster': 4} memory=54 {'player': 44, 'monster': 2, 'npc': 6, 'item': 2} paired=22 median=0.029 unleveled=207:兔子,14:青蛙
2026-09-27 19:15:41.826  INFO   session     Paused — hotkey
2026-09-27 19:16:06.315  INFO   session     Pause / Resume → Running
2026-09-27 19:16:07.706  INFO   session     Entity shadow: vision=20 {'player': 16, 'monster': 2, 'npc': 1, 'item': 1} memory=32 {'npc': 5, 'monster': 2, 'player': 24, 'item': 1} paired=17 median=0.026 unleveled=14:青蛙,207:兔子
2026-09-27 19:16:07.750  INFO   session     Paused — hotkey
2026-09-27 19:16:21.340  INFO   session     Pause / Resume → Running
2026-09-27 19:16:22.140  INFO   session     Entity shadow: vision=6 {'npc': 1, 'player': 4, 'monster': 1} memory=11 {'monster': 1, 'player': 6, 'npc': 4} paired=5 median=0.030 unleveled=14:青蛙
2026-09-27 19:16:22.245  INFO   decision    mode=retreating behavior=talking_scroll action=use_talking_scroll target=- reason='mother tree recovered, 마법서 상인' status=success
2026-09-27 19:16:23.581  INFO   decision    mode=farming behavior=talking_scroll action=use_talking_scroll target=- reason='respawn, 마법서 상인' status=success
2026-09-27 19:16:24.785  INFO   decision    mode=traveling behavior=traveling action=traveling target=- reason='enter farm area' status=success
2026-09-27 19:16:27.077  INFO   session     Entity shadow: vision=3 {'npc': 2, 'player': 1} memory=5 {'monster': 2, 'npc': 3} paired=0 median=0.000 unleveled=68:警衛,10:警衛
2026-09-27 19:16:29.166  INFO   session     Paused — hotkey
2026-09-27 19:17:30.401  INFO   session     Pause / Resume → Running
2026-09-27 19:17:31.196  INFO   session     Entity shadow: vision=1 {'monster': 1} memory=2 {'player': 1, 'monster': 1} paired=1 median=0.017
2026-09-27 19:17:33.579  INFO   session     Paused — hotkey
2026-09-27 19:17:38.312  INFO   session     Stop → Stopped
2026-09-27 19:17:38.714  INFO   session     Bot worker exited
