2026-09-27 19:54:08.782  INFO   session     Loading Manmabot from D:\ManmabotV1_final\engine
2026-09-27 19:54:08.809  INFO   session     Session log D:\ManmabotV1_final\engine\logs\bot-20260927-195408.log
2026-09-27 19:54:08.809  INFO   session     character=elf loot=all_items game_lang=ko map=talking_island farms=['area_1', 'area_2', 'area_3', 'area_4'] file=D:\ManmabotV1_final\engine\logs\bot-20260927-195408.log
2026-09-27 19:54:08.895  INFO   nav         building portal graph (cluster=32, 479x511)
2026-09-27 19:54:09.273  INFO   nav         portal graph: 188 components, 377 ms
2026-09-27 19:54:09.280  INFO   nav         farms=4 safe=11 home=(354, 203) (files farm=D:\ManmabotV1_final\engine\maps\talking_island\farms.yaml safe=D:\ManmabotV1_final\engine\maps\talking_island\safe.yaml home=D:\ManmabotV1_final\engine\maps\talking_island\home.yaml)
2026-09-27 19:54:09.348  INFO   capture     mss window capture process='LC.exe' title=None content_aspect=4:3
2026-09-27 19:54:10.022  INFO   session     Entity clicks use memory names, species, and world cells. Image recognition still runs. Set memory.entity_source to vision to restore image-only clicks.
2026-09-27 19:54:10.043  INFO   session     Player memory is read in this process (realtime_monitor.dll, offsets.json). No separate console.
2026-09-27 19:54:10.058  INFO   session     인벤토리를 백그라운드에서 스캔 중 (inventory_listen.dll 또는 inv.json을 두세요).
2026-09-27 19:54:10.069  INFO   session     메모리에서 핫바 24칸을 읽는 중…
2026-09-27 19:54:10.164  INFO   session     핫바 스캔 완료 · 파워 업@box1/f5, 아머 업@box1/f6, 라이트@box1/f7, 힐@box1/f8, HP 물약@box1/f9, 텔레포트@box1/f10, 마법 공격@box1/f11, 말하는 두루마리@box1/f5, 마더 트리@box2/f6, HP를 MP로@box2/f7
2026-09-27 19:54:10.207  INFO   session     매핑되지 않은 핫바 아이콘: box1/f6:작은 활 (무장), box1/f7:나무 화살, box1/f8:아데나
2026-09-27 19:54:10.221  INFO   session     루프 준비 · 요정 · 한국어 · 맵=말하는 섬 · 룻=전부 줍기 · 구역=구역 1, 구역 2, 구역 3, 구역 4
2026-09-27 19:54:11.030  INFO   session     Entity shadow: vision=3 {'npc': 2, 'player': 1} memory=6 {'monster': 3, 'npc': 3} paired=0 median=0.000 unleveled=68:警衛,10:警衛
2026-09-27 19:54:11.056  INFO   session     인벤토리 수신 준비 (dll) · hp=1 화살=560 은화살=300 해독=0
2026-09-27 19:54:11.082  INFO   decision    mode=farming behavior=buff action=buff target=- reason='armor_up' status=success
2026-09-27 19:54:11.820  INFO   decision    mode=farming behavior=combat action=attack target=1 reason='engage target' status=success
2026-09-27 19:54:16.721  INFO   session     Entity shadow: vision=3 {'npc': 2, 'player': 1} memory=6 {'monster': 3, 'npc': 3} paired=0 median=0.000 unleveled=68:警衛,10:警衛
2026-09-27 19:54:21.429  INFO   decision    mode=farming behavior=buff action=buff target=- reason='light' status=success
2026-09-27 19:54:22.186  INFO   session     Entity shadow: vision=3 {'npc': 2, 'player': 1} memory=6 {'monster': 3, 'npc': 3} paired=0 median=0.000 unleveled=68:警衛,10:警衛
2026-09-27 19:54:22.223  INFO   decision    mode=farming behavior=combat action=attack target=1 reason='attack target' status=success
2026-09-27 19:54:27.273  INFO   session     Entity shadow: vision=3 {'npc': 2, 'player': 1} memory=6 {'monster': 3, 'npc': 3} paired=0 median=0.000 unleveled=68:警衛,10:警衛
2026-09-27 19:54:32.615  INFO   session     Entity shadow: vision=3 {'npc': 2, 'player': 1} memory=7 {'monster': 4, 'npc': 3} paired=0 median=0.000 unleveled=68:警衛,10:警衛
2026-09-27 19:54:34.048  INFO   decision    mode=farming behavior=combat action=attack target=7 reason='engage target' status=success
2026-09-27 19:54:34.823  INFO   decision    mode=traveling behavior=traveling action=traveling target=- reason='enter farm area' status=success
2026-09-27 19:54:35.411  INFO   decision    mode=traveling behavior=loot action=searching target=8 reason='walk onto item' status=success
2026-09-27 19:54:38.104  INFO   session     Entity shadow: vision=5 {'item': 1, 'player': 2, 'npc': 2} memory=7 {'player': 1, 'item': 1, 'monster': 2, 'npc': 3} paired=2 median=0.046 unleveled=68:警衛,10:警衛
2026-09-27 19:54:39.242  INFO   decision    mode=traveling behavior=traveling action=traveling target=- reason='enter farm area' status=success
2026-09-27 19:54:43.093  INFO   session     Entity shadow: vision=6 {'npc': 3, 'player': 3} memory=7 {'player': 2, 'monster': 2, 'npc': 3} paired=2 median=0.066 unleveled=68:警衛,10:警衛
2026-09-27 19:54:48.639  INFO   session     Entity shadow: vision=5 {'npc': 3, 'player': 2} memory=7 {'player': 2, 'monster': 2, 'npc': 3} paired=1 median=0.015 unleveled=68:警衛,10:警衛
2026-09-27 19:54:49.270  INFO   session     일시정지 — 단축키
2026-09-27 19:54:52.944  INFO   session     재개 → 실행 중
2026-09-27 19:54:53.970  INFO   session     Entity shadow: vision=4 {'player': 2, 'npc': 2} memory=7 {'player': 2, 'monster': 2, 'npc': 3} paired=1 median=0.030 unleveled=68:警衛,10:警衛
2026-09-27 19:54:59.451  INFO   session     Entity shadow: vision=4 {'npc': 2, 'player': 2} memory=6 {'player': 1, 'monster': 2, 'npc': 3} paired=1 median=0.050 unleveled=68:警衛,10:警衛
2026-09-27 19:55:04.608  INFO   session     Entity shadow: vision=3 {'player': 1, 'npc': 2} memory=4 {'monster': 2, 'npc': 2} paired=0 median=0.000 unleveled=68:警衛,10:警衛
2026-09-27 19:55:05.916  INFO   decision    mode=traveling behavior=combat action=attack target=12 reason='engage target' status=success
2026-09-27 19:55:10.255  INFO   session     Entity shadow: vision=4 {'npc': 2, 'monster': 1, 'player': 1} memory=3 {'monster': 3} paired=1 median=0.012 unleveled=68:警衛,10:警衛
2026-09-27 19:55:15.401  INFO   session     Entity shadow: vision=3 {'player': 1, 'npc': 2} memory=5 {'npc': 2, 'monster': 3} paired=1 median=0.117 unleveled=68:警衛,10:警衛
2026-09-27 19:55:18.364  INFO   decision    mode=traveling behavior=traveling action=traveling target=- reason='enter farm area' status=success
2026-09-27 19:55:20.182  INFO   decision    mode=traveling behavior=combat action=attack target=17 reason='engage target' status=success
2026-09-27 19:55:20.922  INFO   session     Entity shadow: vision=3 {'player': 2, 'monster': 1} memory=5 {'npc': 2, 'monster': 3} paired=1 median=0.014 unleveled=68:警衛,10:警衛
2026-09-27 19:55:26.061  INFO   session     Entity shadow: vision=3 {'monster': 1, 'npc': 1, 'player': 1} memory=5 {'npc': 2, 'monster': 3} paired=1 median=0.014 unleveled=68:警衛,10:警衛
2026-09-27 19:55:30.919  INFO   decision    mode=traveling behavior=loot action=searching target=18 reason='walk onto item' status=success
2026-09-27 19:55:31.385  INFO   session     Entity shadow: vision=4 {'npc': 2, 'player': 1, 'item': 1} memory=5 {'item': 1, 'npc': 2, 'monster': 2} paired=1 median=0.015 unleveled=68:警衛,10:警衛
2026-09-27 19:55:31.540  INFO   session     정지 → 중지됨
2026-09-27 19:55:32.090  INFO   session     봇 작업이 종료되었습니다
