2026-09-23 21:54:36.437  INFO   session     Loading Manmabot from D:\Work\Lineage\ManmabotV1_final\engine
2026-09-23 21:54:36.440  INFO   session     Session log D:\Work\Lineage\ManmabotV1_final\engine\logs\bot-20260923-215436.log
2026-09-23 21:54:36.441  INFO   session     character=elf loot=all_items game_lang=ko map=talking_island farms=['area_1', 'area_3'] file=D:\Work\Lineage\ManmabotV1_final\engine\logs\bot-20260923-215436.log
2026-09-23 21:54:36.664  INFO   nav         building portal graph (cluster=32, 479x511)
2026-09-23 21:54:36.915  INFO   nav         portal graph: 188 components, 251 ms
2026-09-23 21:54:36.921  INFO   nav         farms=2 safe=11 home=(354, 203) (files farm=D:\Work\Lineage\ManmabotV1_final\engine\maps\talking_island\farms.yaml safe=D:\Work\Lineage\ManmabotV1_final\engine\maps\talking_island\safe.yaml home=D:\Work\Lineage\ManmabotV1_final\engine\maps\talking_island\home.yaml)
2026-09-23 21:54:37.200  INFO   capture     mss window capture process='LC.exe' title=None content_aspect=4:3
2026-09-23 21:54:37.555  INFO   session     Entity clicks use memory names, species, and world cells. Image recognition still runs. Set memory.entity_source to vision to restore image-only clicks.
2026-09-23 21:54:37.562  INFO   session     Player memory is read in this process (realtime_monitor.dll, offsets.json). No separate console.
2026-09-23 21:54:37.567  INFO   session     Inventory listen scanning in background (build inventory_listen.dll or place inv.json).
2026-09-23 21:54:37.572  INFO   session     Scanning hotbar (skill boxes 1–3)…
2026-09-23 21:54:41.807  INFO   session     Hotbar scan done · hp_potion@box1/f5, talking_scroll@box1/f8
2026-09-23 21:54:41.812  INFO   session     Loop ready · elf · ko · map=talking_island · loot=all_items · farms=['area_1', 'area_3']
2026-09-23 21:54:42.902  INFO   session     Entity shadow: vision=33 {'player': 31, 'monster': 2} memory=89 {'player': 81, 'monster': 1, 'npc': 7} paired=31 median=0.062 unleveled=319:?
2026-09-23 21:54:42.945  INFO   session     Inventory listen ready (dll) · hp=9 arrows=2672 silver=5 depoison=0
2026-09-23 21:54:42.983  INFO   decision    mode=farming behavior=talking_scroll action=use_talking_scroll target=- reason='go to shop (buy_hp_potions_mainland)' status=success
2026-09-23 21:54:45.875  INFO   nav         async nav configure start map=mainland
2026-09-23 21:54:46.373  INFO   decision    mode=farming behavior=shop action=idle target=- reason='waiting for shop map (buy_hp_potions_mainland)' status=success
2026-09-23 21:54:46.720  INFO   nav         building portal graph (cluster=32, 1755x1414)
2026-09-23 21:54:50.830  INFO   nav         portal graph: 2586 components, 4109 ms
2026-09-23 21:54:50.833  INFO   nav         farms=6 safe=0 home=None (files farm=D:\Work\Lineage\ManmabotV1_final\engine\maps\mainland\farms.yaml safe=D:\Work\Lineage\ManmabotV1_final\engine\maps\mainland\safe.yaml home=D:\Work\Lineage\ManmabotV1_final\engine\maps\mainland\home.yaml)
2026-09-23 21:54:50.834  INFO   nav         async nav configure done map=mainland (4958 ms)
2026-09-23 21:54:51.110  INFO   session     Entity shadow: vision=33 {'player': 30, 'monster': 3} memory=88 {'player': 79, 'npc': 8, 'monster': 1} paired=30 median=0.062 unleveled=319:?
2026-09-23 21:54:51.204  INFO   decision    mode=traveling behavior=traveling action=traveling target=- reason='unstick' status=success
2026-09-23 21:54:56.469  INFO   session     Entity shadow: vision=35 {'player': 32, 'npc': 2, 'monster': 1} memory=88 {'npc': 8, 'player': 79, 'monster': 1} paired=32 median=0.063 unleveled=319:?
2026-09-23 21:55:01.588  INFO   session     Entity shadow: vision=30 {'player': 30} memory=89 {'npc': 9, 'player': 79, 'monster': 1} paired=30 median=0.039 unleveled=319:?
2026-09-23 21:55:06.959  INFO   session     Entity shadow: vision=31 {'player': 29, 'monster': 1, 'npc': 1} memory=87 {'player': 77, 'npc': 9, 'monster': 1} paired=30 median=0.032 unleveled=319:?
2026-09-23 21:55:12.102  INFO   session     Entity shadow: vision=32 {'player': 30, 'monster': 1, 'npc': 1} memory=88 {'npc': 9, 'player': 79} paired=31 median=0.040
2026-09-23 21:55:13.502  INFO   decision    mode=traveling behavior=traveling action=traveling target=- reason='unstick' status=success (repeat)
2026-09-23 21:55:17.328  INFO   session     Entity shadow: vision=34 {'player': 31, 'npc': 3} memory=85 {'player': 77, 'npc': 8} paired=32 median=0.041
2026-09-23 21:55:22.559  INFO   session     Entity shadow: vision=25 {'player': 24, 'npc': 1} memory=84 {'player': 76, 'npc': 8} paired=24 median=0.045
2026-09-23 21:55:27.885  INFO   session     Entity shadow: vision=34 {'monster': 1, 'player': 32, 'npc': 1} memory=85 {'npc': 8, 'player': 77} paired=33 median=0.033
2026-09-23 21:55:32.300  INFO   session     Paused — hotkey
2026-09-23 22:02:28.269  INFO   session     Stop → Stopped
