2026-09-21 20:58:59.406  INFO   session     Loading Manmabot from D:\Work\ManmabotV1_final\engine
2026-09-21 20:58:59.409  INFO   session     Session log D:\Work\ManmabotV1_final\engine\logs\bot-20260921-205859.log
2026-09-21 20:58:59.409  INFO   session     character=elf loot=all_items game_lang=ko map=talking_island farms=['area_1', 'area_2', 'area_3', 'area_4', 'area_5', 'area_6'] file=D:\Work\ManmabotV1_final\engine\logs\bot-20260921-205859.log
2026-09-21 20:58:59.632  INFO   nav         building portal graph (cluster=32, 479x511)
2026-09-21 20:58:59.878  INFO   nav         portal graph: 188 components, 246 ms
2026-09-21 20:58:59.942  INFO   nav         farms=6 safe=11 home=(354, 203) (files farm=D:\Work\ManmabotV1_final\engine\maps\talking_island\farms.yaml safe=D:\Work\ManmabotV1_final\engine\maps\talking_island\safe.yaml home=D:\Work\ManmabotV1_final\engine\maps\talking_island\home.yaml)
2026-09-21 20:59:00.216  INFO   capture     mss window capture process='LC.exe' title=None content_aspect=4:3
2026-09-21 20:59:00.640  INFO   session     Entity clicks use memory names, species, and world cells. Image recognition still runs. Set memory.entity_source to vision to restore image-only clicks.
2026-09-21 20:59:00.657  INFO   session     Player memory is read in this process (realtime_monitor.dll, offsets.json). No separate console.
2026-09-21 20:59:00.736  INFO   session     Auto-resume → Running
2026-09-21 20:59:24.263  INFO   session     Inventory listen ready (dll) · hp=26 arrows=481 silver=0 depoison=0
2026-09-21 20:59:24.268  INFO   session     Scanning hotbar (skill boxes 1–3)…
2026-09-21 20:59:29.683  INFO   session     Hotbar scan done · hp_potion@box1/f5, talking_scroll@box1/f8
2026-09-21 20:59:29.688  INFO   session     Loop ready · elf · ko · map=talking_island · loot=all_items · farms=['area_1', 'area_2', 'area_3', 'area_4', 'area_5', 'area_6']
2026-09-21 20:59:30.104  INFO   session     Entity shadow: vision=3 {'npc': 2, 'player': 1} memory=2 {'monster': 2} paired=0 median=0.000 unleveled=10:警衛,68:警衛
2026-09-21 20:59:53.940  INFO   decision    mode=traveling behavior=traveling action=traveling target=- reason='enter farm area' status=success
2026-09-21 20:59:54.474  INFO   session     Entity shadow: vision=3 {'player': 1, 'npc': 2} memory=2 {'monster': 2} paired=0 median=0.000 unleveled=10:警衛,68:警衛
2026-09-21 21:00:06.202  INFO   session     Auto-pause (not_focused)
2026-09-21 21:00:12.694  INFO   session     Auto-resume → Running
2026-09-21 21:00:19.015  INFO   session     Entity shadow: vision=6 {'player': 1, 'monster': 4, 'npc': 1} memory=5 {'monster': 5} paired=4 median=0.040 unleveled=10:警衛
2026-09-21 21:00:25.312  INFO   session     Auto-pause (not_focused)
2026-09-21 21:00:27.547  INFO   session     Auto-resume → Running
2026-09-21 21:00:35.108  INFO   session     Auto-pause (not_focused)
2026-09-21 21:02:28.767  INFO   session     Resume → Running
2026-09-21 21:02:29.037  INFO   session     Entity shadow: vision=5 {'player': 1, 'monster': 4} memory=4 {'monster': 4} paired=4 median=0.017
2026-09-21 21:02:37.543  INFO   session     Auto-pause (not_focused)
2026-09-21 21:02:38.036  INFO   session     Stop → Stopped
2026-09-21 21:02:51.915  INFO   session     Bot worker exited
