2026-09-24 22:03:19.791  INFO   session     Loading Manmabot from D:\Work\Lineage\ManmabotV1_final\engine
2026-09-24 22:03:19.830  INFO   session     Session log D:\Work\Lineage\ManmabotV1_final\engine\logs\bot-20260924-220319.log
2026-09-24 22:03:19.830  INFO   session     character=elf loot=all_items game_lang=ko map=talking_island farms=['area_2', 'area_1', 'area_3'] file=D:\Work\Lineage\ManmabotV1_final\engine\logs\bot-20260924-220319.log
2026-09-24 22:03:19.885  INFO   nav         building portal graph (cluster=32, 479x511)
2026-09-24 22:03:20.133  INFO   nav         portal graph: 188 components, 247 ms
2026-09-24 22:03:20.138  INFO   nav         farms=3 safe=11 home=(354, 203) (files farm=D:\Work\Lineage\ManmabotV1_final\engine\maps\talking_island\farms.yaml safe=D:\Work\Lineage\ManmabotV1_final\engine\maps\talking_island\safe.yaml home=D:\Work\Lineage\ManmabotV1_final\engine\maps\talking_island\home.yaml)
2026-09-24 22:03:20.194  INFO   capture     mss window capture process='LC.exe' title=None content_aspect=4:3
2026-09-24 22:03:20.535  INFO   session     Entity clicks use memory names, species, and world cells. Image recognition still runs. Set memory.entity_source to vision to restore image-only clicks.
2026-09-24 22:03:20.544  INFO   session     Player memory is read in this process (realtime_monitor.dll, offsets.json). No separate console.
2026-09-24 22:03:20.550  INFO   session     인벤토리를 백그라운드에서 스캔 중 (inventory_listen.dll 또는 inv.json을 두세요).
2026-09-24 22:03:20.559  INFO   session     메모리에서 핫바 24칸을 읽는 중…
2026-09-24 22:03:20.713  INFO   session     핫바 스캔 완료 · 파워 업@box2/f8, 아머 업@box2/f5, 라이트@box1/f10, 힐@box1/f9, HP 물약@box1/f5, 텔레포트@box1/f11, 마법 공격@box1/f12, 말하는 두루마리@box1/f8
2026-09-24 22:03:20.729  INFO   session     매핑되지 않은 핫바 아이콘: box1/f6:화살, box1/f7:아데나
2026-09-24 22:03:20.733  INFO   session     루프 준비 · 요정 · 한국어 · 맵=말하는 섬 · 룻=전부 줍기 · 구역=구역 2, 구역 1, 구역 3
2026-09-24 22:03:20.991  INFO   session     Entity shadow: vision=1 {'player': 1} memory=1 {'monster': 1} paired=0 median=0.000 unleveled=206:兔子
2026-09-24 22:03:21.023  INFO   session     인벤토리 수신 준비 (dll) · hp=5 화살=737 은화살=5 해독=0
2026-09-24 22:03:21.043  INFO   decision    mode=farming behavior=buff action=buff target=- reason='armor_up' status=success
2026-09-24 22:03:21.893  INFO   decision    mode=traveling behavior=traveling action=traveling target=- reason='enter farm area' status=success
2026-09-24 22:03:26.323  INFO   session     Entity shadow: vision=1 {'player': 1} memory=1 {'monster': 1} paired=0 median=0.000 unleveled=206:兔子
2026-09-24 22:03:28.065  INFO   session     일시정지 — 단축키
2026-09-24 22:05:28.869  INFO   session     재개 → 실행 중
2026-09-24 22:05:29.112  INFO   session     Entity shadow: vision=1 {'player': 1} memory=1 {'monster': 1} paired=0 median=0.000 unleveled=189:鹿
2026-09-24 22:05:29.247  INFO   decision    mode=traveling behavior=buff action=buff target=- reason='light' status=success
2026-09-24 22:05:29.670  INFO   decision    mode=traveling behavior=traveling action=traveling target=- reason='enter farm area' status=success
2026-09-24 22:05:33.428  INFO   decision    mode=traveling behavior=combat action=attack target=3 reason='engage target' status=success
2026-09-24 22:05:34.192  INFO   session     Entity shadow: vision=2 {'player': 1, 'monster': 1} memory=2 {'monster': 2} paired=1 median=0.007 unleveled=189:鹿
2026-09-24 22:05:35.082  INFO   decision    mode=traveling behavior=loot action=searching target=4 reason='walk onto item' status=success
2026-09-24 22:05:39.389  INFO   session     Entity shadow: vision=3 {'player': 1, 'monster': 1, 'item': 1} memory=2 {'monster': 1, 'item': 1} paired=1 median=0.001
2026-09-24 22:05:42.659  INFO   decision    mode=traveling behavior=loot action=pickup target=4 reason='loot target' status=success
2026-09-24 22:05:43.057  INFO   decision    mode=traveling behavior=loot action=idle target=- reason='pickup settle' status=success
2026-09-24 22:05:43.412  INFO   decision    mode=traveling behavior=combat action=attack target=6 reason='engage target' status=success
2026-09-24 22:05:44.430  INFO   session     Entity shadow: vision=4 {'monster': 2, 'npc': 1, 'player': 1} memory=3 {'monster': 3} paired=2 median=0.009 unleveled=10:警衛
2026-09-24 22:05:46.232  INFO   decision    mode=traveling behavior=combat action=attack target=5 reason='engage target' status=success
2026-09-24 22:05:49.366  INFO   decision    mode=traveling behavior=loot action=searching target=8 reason='walk onto item' status=success
2026-09-24 22:05:49.650  INFO   session     Entity shadow: vision=4 {'player': 1, 'npc': 1, 'monster': 1, 'item': 1} memory=2 {'item': 1, 'monster': 1} paired=1 median=0.019 unleveled=10:警衛
2026-09-24 22:05:53.742  INFO   decision    mode=traveling behavior=loot action=pickup target=8 reason='loot target' status=success
2026-09-24 22:05:54.104  INFO   decision    mode=traveling behavior=loot action=idle target=- reason='pickup settle' status=success
2026-09-24 22:05:54.485  INFO   decision    mode=traveling behavior=traveling action=traveling target=- reason='enter farm area' status=success
2026-09-24 22:05:54.759  INFO   session     Entity shadow: vision=2 {'player': 1, 'npc': 1} memory=1 {'monster': 1} paired=0 median=0.000 unleveled=10:警衛
2026-09-24 22:05:59.828  INFO   session     Entity shadow: vision=3 {'player': 1, 'monster': 1, 'npc': 1} memory=0 {} paired=0 median=0.000
2026-09-24 22:06:02.473  INFO   decision    mode=traveling behavior=combat action=attack target=10 reason='engage target' status=success
2026-09-24 22:06:04.834  INFO   session     Entity shadow: vision=3 {'player': 1, 'monster': 1, 'npc': 1} memory=2 {'monster': 1, 'npc': 1} paired=2 median=0.021
2026-09-24 22:06:05.642  INFO   decision    mode=traveling behavior=traveling action=traveling target=- reason='enter farm area' status=success
2026-09-24 22:06:09.782  INFO   decision    mode=traveling behavior=combat action=attack target=12 reason='engage target' status=success
2026-09-24 22:06:10.332  INFO   session     Entity shadow: vision=4 {'player': 2, 'monster': 1, 'npc': 1} memory=2 {'monster': 2} paired=1 median=0.019 unleveled=68:警衛
2026-09-24 22:06:12.022  INFO   decision    mode=traveling behavior=loot action=searching target=13 reason='walk onto item' status=success
2026-09-24 22:06:15.609  INFO   session     Entity shadow: vision=4 {'player': 1, 'item': 1, 'npc': 1, 'monster': 1} memory=3 {'item': 1, 'monster': 2} paired=2 median=0.021 unleveled=10:警衛
2026-09-24 22:06:15.980  INFO   decision    mode=traveling behavior=loot action=pickup target=13 reason='loot target' status=success
2026-09-24 22:06:16.360  INFO   decision    mode=traveling behavior=loot action=idle target=- reason='pickup settle' status=success
2026-09-24 22:06:16.796  INFO   decision    mode=traveling behavior=traveling action=traveling target=- reason='enter farm area' status=success
2026-09-24 22:06:20.720  INFO   session     Entity shadow: vision=2 {'npc': 2} memory=3 {'monster': 3} paired=0 median=0.000 unleveled=14:青蛙,10:警衛,68:警衛
2026-09-24 22:06:25.778  INFO   session     Entity shadow: vision=4 {'player': 2, 'npc': 2} memory=5 {'npc': 1, 'monster': 3, 'player': 1} paired=1 median=0.027 unleveled=14:青蛙,10:警衛,68:警衛
2026-09-24 22:06:26.865  INFO   decision    mode=traveling behavior=traveling action=traveling target=- reason='enter farm area' status=success (repeat)
2026-09-24 22:06:29.777  INFO   decision    mode=traveling behavior=unstick action=teleport target=- reason='unstick teleport' status=success
2026-09-24 22:06:30.970  INFO   session     Entity shadow: vision=1 {'player': 1} memory=5 {'player': 3, 'monster': 1, 'npc': 1} paired=1 median=0.025 unleveled=14:青蛙
2026-09-24 22:06:31.027  INFO   decision    mode=traveling behavior=traveling action=traveling target=- reason='unstick' status=success
2026-09-24 22:06:36.161  INFO   session     Entity shadow: vision=13 {'player': 8, 'npc': 5} memory=18 {'player': 9, 'npc': 7, 'monster': 2} paired=10 median=0.033 unleveled=10:警衛
2026-09-24 22:06:41.210  INFO   session     Entity shadow: vision=40 {'player': 35, 'monster': 2, 'npc': 3} memory=49 {'monster': 3, 'player': 36, 'npc': 10} paired=34 median=0.046 unleveled=10:警衛,319:?
2026-09-24 22:06:46.498  INFO   session     Entity shadow: vision=31 {'player': 28, 'npc': 3} memory=59 {'monster': 2, 'player': 47, 'npc': 10} paired=31 median=0.035 unleveled=10:警衛,319:?
2026-09-24 22:06:52.018  INFO   session     Entity shadow: vision=26 {'player': 22, 'npc': 3, 'monster': 1} memory=63 {'monster': 2, 'player': 52, 'npc': 9} paired=23 median=0.040 unleveled=10:警衛,319:?
2026-09-24 22:06:52.693  INFO   decision    mode=traveling behavior=unstick action=teleport target=- reason='unstick teleport' status=success
2026-09-24 22:06:53.856  INFO   decision    mode=traveling behavior=traveling action=traveling target=- reason='unstick' status=success
2026-09-24 22:06:57.151  INFO   session     Entity shadow: vision=3 {'player': 1, 'npc': 2} memory=3 {'monster': 3} paired=0 median=0.000 unleveled=207:兔子,68:警衛,10:警衛
2026-09-24 22:07:02.176  INFO   session     Entity shadow: vision=2 {'player': 1, 'npc': 1} memory=1 {'monster': 1} paired=0 median=0.000 unleveled=68:警衛
2026-09-24 22:07:03.624  INFO   decision    mode=traveling behavior=traveling action=traveling target=- reason='enter farm area' status=success (repeat)
2026-09-24 22:07:07.267  INFO   session     Entity shadow: vision=1 {'player': 1} memory=1 {'monster': 1} paired=0 median=0.000 unleveled=68:警衛
2026-09-24 22:07:12.350  INFO   session     Entity shadow: vision=0 {} memory=0 {} paired=0 median=0.000
2026-09-24 22:07:13.943  INFO   decision    mode=traveling behavior=loot action=searching target=117 reason='walk onto item' status=success
2026-09-24 22:07:17.671  INFO   session     Entity shadow: vision=4 {'player': 1, 'item': 2, 'monster': 1} memory=3 {'monster': 1, 'item': 2} paired=3 median=0.011
2026-09-24 22:07:22.386  INFO   decision    mode=traveling behavior=loot action=pickup target=117 reason='loot target' status=success
2026-09-24 22:07:22.738  INFO   session     Entity shadow: vision=3 {'item': 1, 'player': 2} memory=2 {'item': 2} paired=1 median=0.010
2026-09-24 22:07:22.775  INFO   decision    mode=traveling behavior=loot action=idle target=- reason='pickup settle' status=success
2026-09-24 22:07:23.112  INFO   decision    mode=traveling behavior=loot action=searching target=118 reason='walk onto item' status=success
2026-09-24 22:07:23.423  INFO   decision    mode=traveling behavior=loot action=pickup target=118 reason='loot target' status=success
2026-09-24 22:07:23.800  INFO   decision    mode=traveling behavior=loot action=idle target=- reason='pickup settle' status=success
2026-09-24 22:07:24.279  INFO   decision    mode=traveling behavior=traveling action=traveling target=- reason='enter farm area' status=success
2026-09-24 22:07:25.224  INFO   decision    mode=traveling behavior=loot action=pickup target=118 reason='engage item' status=success
2026-09-24 22:07:25.552  INFO   decision    mode=traveling behavior=loot action=idle target=- reason='pickup settle' status=success
2026-09-24 22:07:25.944  INFO   decision    mode=traveling behavior=traveling action=traveling target=- reason='enter farm area' status=success
2026-09-24 22:07:27.871  INFO   session     Entity shadow: vision=1 {'player': 1} memory=1 {'monster': 1} paired=0 median=0.000 unleveled=12:史萊姆
2026-09-24 22:07:32.165  INFO   decision    mode=traveling behavior=combat action=attack target=120 reason='engage target' status=success
2026-09-24 22:07:32.929  INFO   session     Entity shadow: vision=3 {'player': 1, 'monster': 2} memory=2 {'monster': 2} paired=2 median=0.022
2026-09-24 22:07:35.387  INFO   decision    mode=traveling behavior=combat action=attack target=121 reason='engage target' status=success
2026-09-24 22:07:37.965  INFO   session     Entity shadow: vision=3 {'player': 1, 'monster': 2} memory=4 {'monster': 4} paired=2 median=0.056 unleveled=12:史萊姆
2026-09-24 22:07:38.832  INFO   decision    mode=traveling behavior=combat action=attack target=123 reason='attack target' status=success
2026-09-24 22:07:43.024  INFO   session     Entity shadow: vision=3 {'monster': 2, 'player': 1} memory=3 {'monster': 3} paired=2 median=0.033 unleveled=12:史萊姆
2026-09-24 22:07:43.344  INFO   decision    mode=traveling behavior=combat action=attack target=122 reason='engage target' status=success
2026-09-24 22:07:48.169  INFO   session     Entity shadow: vision=4 {'monster': 3, 'player': 1} memory=4 {'monster': 4} paired=3 median=0.026 unleveled=12:史萊姆
2026-09-24 22:07:53.278  INFO   session     Entity shadow: vision=3 {'player': 2, 'monster': 1} memory=3 {'monster': 3} paired=1 median=0.041
2026-09-24 22:07:56.852  INFO   decision    mode=traveling behavior=combat action=attack target=122 reason='attack target' status=success (repeat)
2026-09-24 22:07:57.598  INFO   decision    mode=traveling behavior=dismiss_level_up action=dismiss_level_up target=- reason='level up, close dialog' status=success
2026-09-24 22:07:58.198  INFO   decision    mode=traveling behavior=combat action=attack target=125 reason='attack target' status=success
2026-09-24 22:07:58.695  INFO   session     Entity shadow: vision=5 {'monster': 4, 'player': 1} memory=5 {'monster': 3, 'item': 2} paired=3 median=0.042
2026-09-24 22:07:58.791  INFO   decision    mode=traveling behavior=traveling action=traveling target=- reason='enter farm area' status=success
2026-09-24 22:07:59.089  INFO   decision    mode=traveling behavior=loot action=pickup target=129 reason='engage item' status=success
2026-09-24 22:08:00.030  INFO   decision    mode=traveling behavior=loot action=idle target=- reason='pickup settle' status=success
2026-09-24 22:08:00.443  INFO   decision    mode=traveling behavior=loot action=pickup target=128 reason='engage item' status=success
2026-09-24 22:08:00.792  INFO   decision    mode=traveling behavior=loot action=idle target=- reason='pickup settle' status=success
2026-09-24 22:08:01.193  INFO   decision    mode=traveling behavior=combat action=attack target=130 reason='engage target' status=success
2026-09-24 22:08:03.063  INFO   decision    mode=traveling behavior=loot action=pickup target=129 reason='engage item' status=success
2026-09-24 22:08:03.665  INFO   decision    mode=traveling behavior=loot action=idle target=- reason='pickup settle' status=success
2026-09-24 22:08:03.840  INFO   session     Entity shadow: vision=7 {'monster': 3, 'item': 2, 'player': 2} memory=5 {'monster': 2, 'player': 1, 'item': 2} paired=4 median=0.020 unleveled=12:史萊姆
2026-09-24 22:08:03.871  INFO   decision    mode=traveling behavior=loot action=searching target=128 reason='walk onto item' status=success
2026-09-24 22:08:05.692  INFO   decision    mode=traveling behavior=loot action=pickup target=128 reason='loot target' status=success
2026-09-24 22:08:06.096  INFO   decision    mode=traveling behavior=loot action=idle target=- reason='pickup settle' status=success
2026-09-24 22:08:06.572  INFO   decision    mode=traveling behavior=traveling action=traveling target=- reason='enter farm area' status=success
2026-09-24 22:08:08.982  INFO   session     Entity shadow: vision=2 {'player': 2} memory=2 {'player': 1, 'monster': 1} paired=1 median=0.034 unleveled=12:史萊姆
2026-09-24 22:08:10.102  INFO   decision    mode=traveling behavior=combat action=attack target=132 reason='engage target' status=success
2026-09-24 22:08:13.438  INFO   decision    mode=traveling behavior=traveling action=traveling target=- reason='enter farm area' status=success
2026-09-24 22:08:13.702  INFO   decision    mode=traveling behavior=combat action=attack target=132 reason='engage target' status=success
2026-09-24 22:08:14.189  INFO   session     Entity shadow: vision=2 {'player': 2} memory=2 {'monster': 1, 'player': 1} paired=1 median=0.028 unleveled=12:史萊姆
2026-09-24 22:08:14.271  INFO   decision    mode=traveling behavior=traveling action=traveling target=- reason='enter farm area' status=success
2026-09-24 22:08:15.174  INFO   decision    mode=traveling behavior=combat action=attack target=132 reason='engage target' status=success
2026-09-24 22:08:15.707  INFO   decision    mode=traveling behavior=traveling action=traveling target=- reason='enter farm area' status=success
2026-09-24 22:08:15.972  INFO   decision    mode=traveling behavior=combat action=attack target=132 reason='engage target' status=success
2026-09-24 22:08:17.450  INFO   decision    mode=traveling behavior=traveling action=traveling target=- reason='enter farm area' status=success
2026-09-24 22:08:18.165  INFO   decision    mode=traveling behavior=combat action=attack target=132 reason='engage target' status=success
2026-09-24 22:08:18.693  INFO   decision    mode=traveling behavior=traveling action=traveling target=- reason='enter farm area' status=success
2026-09-24 22:08:19.055  INFO   decision    mode=traveling behavior=combat action=attack target=132 reason='engage target' status=success
2026-09-24 22:08:19.547  INFO   session     Entity shadow: vision=4 {'player': 1, 'monster': 3} memory=1 {'monster': 1} paired=1 median=0.032
2026-09-24 22:08:19.600  INFO   decision    mode=traveling behavior=traveling action=traveling target=- reason='enter farm area' status=success
2026-09-24 22:08:24.814  INFO   session     Entity shadow: vision=1 {'player': 1} memory=1 {'monster': 1} paired=0 median=0.000 unleveled=12:史萊姆
2026-09-24 22:08:29.481  INFO   decision    mode=traveling behavior=traveling action=traveling target=- reason='enter farm area' status=success (repeat)
2026-09-24 22:08:31.643  INFO   session     Entity shadow: vision=1 {'player': 1} memory=1 {'monster': 1} paired=0 median=0.000 unleveled=12:史萊姆
2026-09-24 22:08:34.213  INFO   decision    mode=traveling behavior=combat action=attack target=133 reason='engage target' status=success
2026-09-24 22:08:35.117  INFO   session     Entity shadow: vision=0 {} memory=2 {'monster': 2} paired=0 median=0.000 unleveled=12:史萊姆
2026-09-24 22:08:35.887  INFO   session     일시정지 — 단축키
2026-09-24 22:10:22.279  INFO   session     정지 → 중지됨
