2026-09-29 22:12:28.266  INFO   session     Loading Manmabot from D:\KRR\1.LCBot\ManmabotV1_final\engine
2026-09-29 22:12:28.305  INFO   session     Session log D:\KRR\1.LCBot\ManmabotV1_final\engine\logs\bot-20260929-221228.log
2026-09-29 22:12:28.321  INFO   session     character=elf loot=adena_only game_lang=ko map=talking_island farms=['area_1', 'area_3'] file=D:\KRR\1.LCBot\ManmabotV1_final\engine\logs\bot-20260929-221228.log
2026-09-29 22:12:28.726  INFO   nav         building portal graph (cluster=32, 512x576)
2026-09-29 22:12:29.537  INFO   nav         portal graph: 189 components, 679 ms
2026-09-29 22:12:29.820  INFO   nav         farms=2 safe=11 home=(385, 246) (files farm=D:\KRR\1.LCBot\ManmabotV1_final\engine\maps\talking_island\farms.yaml safe=D:\KRR\1.LCBot\ManmabotV1_final\engine\maps\talking_island\safe.yaml home=D:\KRR\1.LCBot\ManmabotV1_final\engine\maps\talking_island\home.yaml)
2026-09-29 22:12:30.191  INFO   capture     mss window capture process='LC.exe' title=None content_aspect=4:3
2026-09-29 22:12:31.070  INFO   session     Entity clicks use memory names, species, and world cells. Image recognition still runs. Set memory.entity_source to vision to restore image-only clicks.
2026-09-29 22:12:31.356  INFO   session     Player memory is read in this process (realtime_monitor.dll, offsets.json). No separate console.
2026-09-29 22:12:31.395  INFO   session     인벤토리 수신 시작 · inv.json 시드 · hp=42 화살=9151 은화살=0 해독=0 (백그라운드 실시간 스캔)
2026-09-29 22:12:31.494  INFO   session     메모리에서 핫바 24칸을 읽는 중…
2026-09-29 22:12:32.467  INFO   session     핫바 스캔 완료 · 파워 업@box1/f5, 아머 업@box1/f6, 라이트@box1/f7, 힐@box1/f8, HP 물약@box2/f9, 텔레포트@box1/f10, 마법 공격@box1/f12, 말하는 두루마리@box2/f5, 마더 트리@box2/f6, HP를 MP로@box2/f7
2026-09-29 22:12:32.663  INFO   session     매핑되지 않은 핫바 아이콘: box1/f8:SPELL, box1/f11:아데나, box1/f12:화살, box2/f10:상쾌한 빨간 물약, box2/f12:속도향상 물약, box3/f10:SPELL
2026-09-29 22:12:32.993  INFO   session     루프 준비 · 요정 · 한국어 · 맵=말하는 섬 · 룻=아데나만 · 구역=구역 1, 구역 3
2026-09-29 22:12:34.835  INFO   session     Entity shadow: vision=45 {'player': 35, 'npc': 5, 'monster': 5} memory=82 {'player': 71, 'npc': 10, 'monster': 1} paired=37 median=0.065 unleveled=319:?
2026-09-29 22:12:34.916  INFO   session     인벤토리 수신 준비 (dll) · hp=42 화살=9129 은화살=0 해독=0
2026-09-29 22:12:35.088  INFO   nav         talking scroll emit spot=ti_general_goods purpose=shop reason=go to shop (sell_garbage_ch)
2026-09-29 22:12:35.613  INFO   shop        shop scrolled behavior=sell_garbage_ch retry=0
2026-09-29 22:12:35.634  INFO   decision    mode=farming goal=talking_scroll action=use_talking_scroll target=- sticky=- origin=(1188,118) shop=1 scrolled=1 reason='go to shop (sell_garbage_ch)' status=success
2026-09-29 22:12:40.738  INFO   session     Entity shadow: vision=17 {'npc': 2, 'player': 15} memory=28 {'player': 26, 'npc': 2} paired=17 median=0.023
2026-09-29 22:12:41.038  INFO   shop        at shop — stop behavior=sell_garbage_ch
2026-09-29 22:12:41.966  INFO   decision    mode=farming goal=shop action=shop_stop target=- sticky=- origin=(386,245) shop=1 scrolled=1 reason='stop at shop' status=success
2026-09-29 22:12:42.989  INFO   shop        open shop UI behavior=sell_garbage_ch
2026-09-29 22:12:42.996  INFO   decision    mode=farming goal=shop action=shop_buy_arrows target=- sticky=- origin=(386,245) shop=1 scrolled=1 reason='shop:sell_garbage_ch' status=success
2026-09-29 22:12:43.793  INFO   session     일시정지 — 단축키
2026-09-29 22:12:48.066  INFO   session     재개 → 실행 중
2026-09-29 22:12:51.718  INFO   session     Entity shadow: vision=17 {'player': 14, 'npc': 2, 'monster': 1} memory=27 {'player': 25, 'npc': 2} paired=16 median=0.024
2026-09-29 22:12:52.579  INFO   shop        open shop UI behavior=sell_garbage_ch
2026-09-29 22:12:57.184  INFO   session     일시정지 — 단축키
2026-09-29 22:12:57.185  INFO   session     Entity shadow: vision=2 {'player': 2} memory=29 {'player': 27, 'npc': 2} paired=2 median=0.051
2026-09-29 22:13:46.813  INFO   session     정지 → 중지됨
2026-09-29 22:13:47.085  INFO   session     봇 작업이 종료되었습니다
