2026-09-28 07:33:09.762  INFO   session     Loading Manmabot from D:\ManmabotV1_final\engine
2026-09-28 07:33:09.769  INFO   session     Session log D:\ManmabotV1_final\engine\logs\bot-20260928-073309.log
2026-09-28 07:33:09.769  INFO   session     character=elf loot=all_items game_lang=ko map=talking_island farms=['area_1', 'area_3'] file=D:\ManmabotV1_final\engine\logs\bot-20260928-073309.log
2026-09-28 07:33:10.199  INFO   nav         building portal graph (cluster=32, 479x511)
2026-09-28 07:33:10.522  INFO   nav         portal graph: 188 components, 323 ms
2026-09-28 07:33:10.530  INFO   nav         farms=2 safe=11 home=(354, 203) (files farm=D:\ManmabotV1_final\engine\maps\talking_island\farms.yaml safe=D:\ManmabotV1_final\engine\maps\talking_island\safe.yaml home=D:\ManmabotV1_final\engine\maps\talking_island\home.yaml)
2026-09-28 07:33:10.794  INFO   capture     mss window capture process='LC.exe' title=None content_aspect=4:3
2026-09-28 07:33:11.536  INFO   session     Entity clicks use memory names, species, and world cells. Image recognition still runs. Set memory.entity_source to vision to restore image-only clicks.
2026-09-28 07:33:11.552  INFO   session     Player memory is read in this process (realtime_monitor.dll, offsets.json). No separate console.
2026-09-28 07:33:11.565  INFO   session     인벤토리를 백그라운드에서 스캔 중 (inventory_listen.dll 또는 inv.json을 두세요).
2026-09-28 07:33:11.592  INFO   session     메모리에서 핫바 24칸을 읽는 중…
2026-09-28 07:33:11.692  INFO   session     핫바 스캔 완료 · 파워 업@box2/f8, 아머 업@box2/f5, 힐@box1/f10, HP 물약@box1/f8, 텔레포트@box1/f11, 마법 공격@box1/f12, 말하는 두루마리@box1/f5
2026-09-28 07:33:11.760  INFO   session     매핑되지 않은 핫바 아이콘: box1/f6:작은 활 (무장), box1/f7:나무 화살, box1/f9:아데나
2026-09-28 07:33:11.776  INFO   session     루프 준비 · 요정 · 한국어 · 맵=말하는 섬 · 룻=전부 줍기 · 구역=구역 1, 구역 3
2026-09-28 07:33:13.561  INFO   session     Entity shadow: vision=43 {'player': 37, 'item': 1, 'npc': 4, 'monster': 1} memory=82 {'player': 78, 'npc': 2, 'monster': 1, 'item': 1} paired=38 median=0.049 unleveled=319:?
2026-09-28 07:33:13.600  INFO   session     인벤토리 수신 준비 (dll) · hp=0 화살=916 은화살=0 해독=0
2026-09-28 07:33:13.682  INFO   decision    mode=farming behavior=talking_scroll action=use_talking_scroll target=- reason='go to shop (buy_hp_potions_ch_mainland)' status=success
2026-09-28 07:33:17.224  INFO   nav         async nav configure start map=mainland
2026-09-28 07:33:18.657  INFO   decision    mode=farming behavior=shop action=shop_stop target=- reason='stop at shop' status=success
2026-09-28 07:33:18.801  INFO   nav         building portal graph (cluster=32, 1755x1414)
2026-09-28 07:33:24.397  INFO   nav         portal graph: 2586 components, 5596 ms
2026-09-28 07:33:24.404  INFO   nav         farms=6 safe=0 home=None (files farm=D:\ManmabotV1_final\engine\maps\mainland\farms.yaml safe=D:\ManmabotV1_final\engine\maps\mainland\safe.yaml home=D:\ManmabotV1_final\engine\maps\mainland\home.yaml)
2026-09-28 07:33:24.404  INFO   nav         async nav configure done map=mainland (7180 ms)
2026-09-28 07:33:24.845  INFO   session     Entity shadow: vision=12 {'monster': 2, 'player': 8, 'npc': 2} memory=36 {'player': 32, 'monster': 4} paired=8 median=0.022 unleveled=207:兔子,10:警衛,319:?,68:警衛
2026-09-28 07:33:24.972  INFO   decision    mode=farming behavior=shop action=shop_buy_arrows target=- reason='shop:buy_hp_potions_ch_mainland' status=success
2026-09-28 07:33:30.843  INFO   session     Entity shadow: vision=13 {'player': 9, 'monster': 1, 'npc': 3} memory=33 {'monster': 4, 'player': 29} paired=9 median=0.028 unleveled=207:兔子,10:警衛,319:?,68:警衛
2026-09-28 07:33:36.555  INFO   session     Entity shadow: vision=15 {'player': 12, 'monster': 1, 'npc': 2} memory=33 {'monster': 4, 'player': 29} paired=9 median=0.028 unleveled=207:兔子,10:警衛,319:?,68:警衛
2026-09-28 07:33:42.278  INFO   session     Entity shadow: vision=14 {'player': 11, 'npc': 2, 'monster': 1} memory=33 {'player': 30, 'monster': 3} paired=9 median=0.027 unleveled=10:警衛,319:?,68:警衛
2026-09-28 07:33:46.063  INFO   session     일시정지 — 단축키
2026-09-28 07:34:04.531  INFO   session     재개 → 실행 중
2026-09-28 07:34:05.036  INFO   session     Entity shadow: vision=14 {'npc': 2, 'player': 11, 'monster': 1} memory=30 {'monster': 3, 'player': 27} paired=9 median=0.023 unleveled=10:警衛,319:?,68:警衛
2026-09-28 07:34:11.184  INFO   session     Entity shadow: vision=15 {'player': 12, 'npc': 2, 'monster': 1} memory=30 {'monster': 3, 'player': 27} paired=10 median=0.028 unleveled=10:警衛,319:?,68:警衛
2026-09-28 07:34:17.399  INFO   session     Entity shadow: vision=15 {'npc': 3, 'player': 11, 'monster': 1} memory=31 {'player': 28, 'monster': 3} paired=9 median=0.024 unleveled=10:警衛,319:?,68:警衛
2026-09-28 07:34:23.528  INFO   session     Entity shadow: vision=12 {'npc': 1, 'player': 10, 'monster': 1} memory=32 {'player': 28, 'monster': 4} paired=9 median=0.028 unleveled=189:鹿,10:警衛,319:?,68:警衛
2026-09-28 07:34:29.671  INFO   session     Entity shadow: vision=15 {'player': 12, 'npc': 2, 'monster': 1} memory=32 {'monster': 4, 'player': 28} paired=9 median=0.028 unleveled=189:鹿,10:警衛,319:?,68:警衛
2026-09-28 07:34:35.782  INFO   session     Entity shadow: vision=15 {'player': 11, 'npc': 3, 'monster': 1} memory=32 {'player': 27, 'monster': 5} paired=9 median=0.029 unleveled=10:警衛,189:鹿,319:?,68:警衛
2026-09-28 07:34:37.583  INFO   session     일시정지 — 단축키
2026-09-28 07:34:41.662  INFO   session     정지 → 중지됨
2026-09-28 07:34:41.834  INFO   session     봇 작업이 종료되었습니다
