2026-09-23 18:30:05.277  INFO   session     Loading Manmabot from D:\Work\Lineage\ManmabotV1_final\engine
2026-09-23 18:30:05.280  INFO   session     Session log D:\Work\Lineage\ManmabotV1_final\engine\logs\bot-20260923-183005.log
2026-09-23 18:30:05.281  INFO   session     character=elf loot=all_items game_lang=ko map=talking_island farms=['area_1', 'area_2', 'area_3', 'area_4'] file=D:\Work\Lineage\ManmabotV1_final\engine\logs\bot-20260923-183005.log
2026-09-23 18:30:05.507  INFO   nav         building portal graph (cluster=32, 479x511)
2026-09-23 18:30:05.778  INFO   nav         portal graph: 188 components, 271 ms
2026-09-23 18:30:05.784  INFO   nav         farms=4 safe=11 home=(354, 203) (files farm=D:\Work\Lineage\ManmabotV1_final\engine\maps\talking_island\farms.yaml safe=D:\Work\Lineage\ManmabotV1_final\engine\maps\talking_island\safe.yaml home=D:\Work\Lineage\ManmabotV1_final\engine\maps\talking_island\home.yaml)
2026-09-23 18:30:06.077  INFO   capture     mss window capture process='LC.exe' title=None content_aspect=4:3
2026-09-23 18:30:06.452  INFO   session     Entity clicks use memory names, species, and world cells. Image recognition still runs. Set memory.entity_source to vision to restore image-only clicks.
2026-09-23 18:30:06.460  INFO   session     Player memory is read in this process (realtime_monitor.dll, offsets.json). No separate console.
2026-09-23 18:30:06.466  INFO   session     Inventory listen scanning in background (build inventory_listen.dll or place inv.json).
2026-09-23 18:30:06.474  INFO   session     Scanning hotbar (skill boxes 1–3)…
2026-09-23 18:30:10.823  INFO   session     Hotbar scan done · hp_potion@box1/f5, talking_scroll@box1/f8
2026-09-23 18:30:10.828  INFO   session     Loop ready · elf · ko · map=talking_island · loot=all_items · farms=['area_1', 'area_2', 'area_3', 'area_4']
2026-09-23 18:30:11.350  INFO   session     Entity shadow: vision=8 {'player': 3, 'monster': 4, 'item': 1} memory=7 {'player': 2, 'monster': 4, 'item': 1} paired=4 median=0.044 unleveled=12:슬라임
2026-09-23 18:30:11.375  INFO   session     Inventory listen ready (dll) · hp=10 arrows=2859 silver=0 depoison=0
2026-09-23 18:30:11.384  INFO   decision    mode=farming behavior=loot action=searching target=- reason='approach item' status=success
2026-09-23 18:30:16.366  INFO   session     Entity shadow: vision=7 {'item': 1, 'monster': 4, 'player': 2} memory=8 {'player': 2, 'monster': 5, 'item': 1} paired=6 median=0.050 unleveled=12:슬라임
2026-09-23 18:30:21.430  INFO   session     Entity shadow: vision=6 {'monster': 5, 'item': 1} memory=5 {'monster': 3, 'player': 1, 'item': 1} paired=3 median=0.029 unleveled=12:슬라임
2026-09-23 18:30:26.504  INFO   session     Entity shadow: vision=5 {'item': 1, 'monster': 3, 'player': 1} memory=6 {'player': 1, 'monster': 4, 'item': 1} paired=4 median=0.028 unleveled=12:슬라임
2026-09-23 18:30:28.341  INFO   decision    mode=farming behavior=combat action=attack target=8 reason='engage target' status=success
2026-09-23 18:30:31.739  INFO   session     Entity shadow: vision=6 {'monster': 4, 'item': 1, 'player': 1} memory=7 {'monster': 4, 'player': 2, 'item': 1} paired=5 median=0.032 unleveled=12:슬라임
2026-09-23 18:30:37.053  INFO   session     Entity shadow: vision=6 {'monster': 2, 'item': 2, 'player': 2} memory=9 {'player': 2, 'monster': 5, 'item': 2} paired=6 median=0.025 unleveled=12:슬라임
2026-09-23 18:30:42.222  INFO   session     Entity shadow: vision=12 {'item': 1, 'monster': 8, 'player': 3} memory=9 {'monster': 5, 'player': 3, 'item': 1} paired=8 median=0.021 unleveled=12:슬라임
2026-09-23 18:30:47.340  INFO   session     Entity shadow: vision=8 {'item': 2, 'monster': 3, 'player': 2, 'npc': 1} memory=7 {'player': 3, 'monster': 2, 'item': 2} paired=6 median=0.032
2026-09-23 18:30:52.293  INFO   decision    mode=farming behavior=loot action=searching target=- reason='approach item' status=success
2026-09-23 18:30:52.581  INFO   session     Entity shadow: vision=9 {'player': 3, 'item': 2, 'monster': 4} memory=10 {'monster': 5, 'player': 3, 'item': 2} paired=7 median=0.061 unleveled=12:슬라임
2026-09-23 18:30:57.623  INFO   session     Entity shadow: vision=10 {'player': 4, 'monster': 4, 'item': 2} memory=11 {'player': 3, 'monster': 5, 'item': 3} paired=9 median=0.024
2026-09-23 18:30:59.262  INFO   decision    mode=farming behavior=loot action=pickup target=6 reason='loot target' status=success
2026-09-23 18:31:00.748  INFO   decision    mode=farming behavior=combat action=attack target=39 reason='engage target' status=success
2026-09-23 18:31:02.821  INFO   session     Entity shadow: vision=9 {'monster': 4, 'item': 1, 'player': 4} memory=10 {'monster': 6, 'player': 3, 'item': 1} paired=7 median=0.030 unleveled=12:슬라임
2026-09-23 18:31:07.610  INFO   decision    mode=farming behavior=combat action=attack target=29 reason='engage target' status=success
2026-09-23 18:31:08.092  INFO   session     Entity shadow: vision=8 {'monster': 5, 'player': 2, 'item': 1} memory=8 {'monster': 4, 'player': 3, 'item': 1} paired=4 median=0.061
2026-09-23 18:31:09.503  INFO   decision    mode=farming behavior=combat action=attack target=38 reason='attack target' status=success
2026-09-23 18:31:13.327  INFO   session     Entity shadow: vision=7 {'player': 4, 'monster': 3} memory=7 {'player': 3, 'monster': 4} paired=6 median=0.063
2026-09-23 18:31:15.485  INFO   decision    mode=traveling behavior=combat action=attack target=38 reason='attack target' status=success
2026-09-23 18:31:17.854  INFO   decision    mode=traveling behavior=combat action=attack target=47 reason='engage target' status=success
2026-09-23 18:31:18.329  INFO   session     Entity shadow: vision=6 {'player': 4, 'monster': 2} memory=6 {'player': 2, 'monster': 4} paired=4 median=0.081 unleveled=12:슬라임
2026-09-23 18:31:23.340  INFO   session     Entity shadow: vision=3 {'player': 2, 'monster': 1} memory=3 {'monster': 2, 'player': 1} paired=2 median=0.024 unleveled=12:슬라임
2026-09-23 18:31:26.531  INFO   decision    mode=traveling behavior=combat action=attack target=29 reason='engage target' status=success
2026-09-23 18:31:26.972  INFO   decision    mode=traveling behavior=combat action=attack target=47 reason='engage target' status=success
2026-09-23 18:31:28.125  INFO   decision    mode=traveling behavior=combat action=attack target=29 reason='engage target' status=success
2026-09-23 18:31:28.630  INFO   session     Entity shadow: vision=2 {'player': 1, 'monster': 1} memory=2 {'monster': 2} paired=1 median=0.025
2026-09-23 18:31:28.652  INFO   decision    mode=traveling behavior=dismiss_level_up action=dismiss_level_up target=- reason='level up, close dialog' status=success
2026-09-23 18:31:29.265  INFO   decision    mode=traveling behavior=combat action=attack target=47 reason='attack target' status=success
2026-09-23 18:31:33.680  INFO   session     Entity shadow: vision=4 {'monster': 3, 'player': 1} memory=4 {'monster': 3, 'player': 1} paired=2 median=0.046 unleveled=12:슬라임
2026-09-23 18:31:36.919  INFO   decision    mode=traveling behavior=combat action=attack target=48 reason='engage target' status=success
2026-09-23 18:31:38.825  INFO   session     Entity shadow: vision=9 {'player': 4, 'monster': 5} memory=6 {'monster': 4, 'player': 2} paired=5 median=0.032 unleveled=12:슬라임
2026-09-23 18:31:43.930  INFO   session     Entity shadow: vision=5 {'monster': 4, 'player': 1} memory=4 {'monster': 4} paired=3 median=0.057 unleveled=12:슬라임
2026-09-23 18:31:47.079  INFO   decision    mode=traveling behavior=traveling action=traveling target=- reason='enter farm area' status=success
2026-09-23 18:31:49.020  INFO   session     Entity shadow: vision=4 {'player': 2, 'monster': 2} memory=2 {'monster': 2} paired=1 median=0.098 unleveled=12:슬라임
2026-09-23 18:31:50.868  INFO   decision    mode=farming behavior=search action=searching target=- reason='search area' status=success
2026-09-23 18:31:51.578  INFO   decision    mode=farming behavior=combat action=attack target=57 reason='engage target' status=success
2026-09-23 18:31:54.209  INFO   session     Entity shadow: vision=2 {'monster': 1, 'player': 1} memory=2 {'monster': 2} paired=0 median=0.000 unleveled=12:슬라임
2026-09-23 18:31:59.444  INFO   session     Entity shadow: vision=5 {'monster': 3, 'player': 2} memory=5 {'player': 1, 'monster': 4} paired=3 median=0.022 unleveled=12:슬라임
2026-09-23 18:32:01.175  INFO   decision    mode=farming behavior=combat action=attack target=60 reason='engage target' status=success
2026-09-23 18:32:04.526  INFO   session     Entity shadow: vision=7 {'player': 2, 'monster': 5} memory=8 {'monster': 6, 'player': 2} paired=5 median=0.020 unleveled=12:슬라임
2026-09-23 18:32:08.113  INFO   decision    mode=farming behavior=combat action=attack target=62 reason='engage target' status=success
2026-09-23 18:32:09.708  INFO   session     Entity shadow: vision=7 {'player': 5, 'monster': 2} memory=6 {'player': 3, 'monster': 3} paired=4 median=0.077 unleveled=12:슬라임
2026-09-23 18:32:14.827  INFO   session     Entity shadow: vision=7 {'player': 4, 'monster': 3} memory=7 {'player': 3, 'monster': 4} paired=5 median=0.071 unleveled=12:슬라임
2026-09-23 18:32:17.281  INFO   decision    mode=farming behavior=combat action=attack target=70 reason='engage target' status=success
2026-09-23 18:32:19.887  INFO   session     Entity shadow: vision=3 {'monster': 2, 'player': 1} memory=2 {'monster': 2} paired=2 median=0.098 unleveled=12:슬라임
2026-09-23 18:32:24.120  INFO   decision    mode=traveling behavior=combat action=attack target=70 reason='attack target' status=success
2026-09-23 18:32:25.056  INFO   session     Entity shadow: vision=3 {'npc': 1, 'monster': 2} memory=2 {'monster': 2} paired=1 median=0.042 unleveled=12:슬라임
2026-09-23 18:32:27.306  INFO   decision    mode=traveling behavior=traveling action=traveling target=- reason='enter farm area' status=success
2026-09-23 18:32:28.224  INFO   decision    mode=farming behavior=search action=searching target=- reason='search area' status=success
2026-09-23 18:32:30.092  INFO   session     Entity shadow: vision=2 {'monster': 2} memory=2 {'monster': 2} paired=2 median=0.036
2026-09-23 18:32:35.239  INFO   session     Entity shadow: vision=4 {'monster': 3, 'player': 1} memory=4 {'monster': 3, 'player': 1} paired=4 median=0.039
2026-09-23 18:32:40.380  INFO   session     Entity shadow: vision=5 {'monster': 3, 'item': 1, 'player': 1} memory=4 {'player': 1, 'item': 1, 'monster': 2} paired=4 median=0.039
2026-09-23 18:32:45.481  INFO   session     Entity shadow: vision=7 {'item': 1, 'monster': 4, 'player': 2} memory=6 {'player': 2, 'item': 1, 'monster': 3} paired=6 median=0.027
2026-09-23 18:32:47.345  INFO   decision    mode=farming behavior=loot action=searching target=- reason='approach item' status=success
2026-09-23 18:32:47.944  INFO   decision    mode=farming behavior=search action=searching target=- reason='search area' status=success
2026-09-23 18:32:50.568  INFO   session     Entity shadow: vision=3 {'player': 3} memory=5 {'monster': 3, 'player': 2} paired=2 median=0.030 unleveled=12:슬라임
2026-09-23 18:32:55.627  INFO   session     Entity shadow: vision=3 {'player': 1, 'monster': 2} memory=3 {'monster': 3} paired=2 median=0.043 unleveled=12:슬라임
2026-09-23 18:32:56.817  INFO   decision    mode=farming behavior=search action=searching target=- reason='search area' status=success (repeat)
2026-09-23 18:32:57.788  INFO   decision    mode=traveling behavior=traveling action=traveling target=- reason='enter farm area' status=success
2026-09-23 18:33:00.709  INFO   session     Entity shadow: vision=26 {'player': 20, 'npc': 4, 'monster': 2} memory=56 {'monster': 1, 'player': 53, 'npc': 2} paired=20 median=0.025 unleveled=189:사슴
2026-09-23 18:33:05.888  INFO   session     Entity shadow: vision=13 {'player': 9, 'npc': 4} memory=11 {'monster': 2, 'npc': 2, 'player': 7} paired=9 median=0.009 unleveled=10:경비병,68:경비병
2026-09-23 18:33:09.628  INFO   decision    mode=traveling behavior=traveling action=traveling target=- reason='enter farm area' status=success (repeat)
2026-09-23 18:33:10.990  INFO   session     Entity shadow: vision=9 {'player': 4, 'npc': 5} memory=8 {'monster': 4, 'npc': 1, 'player': 3} paired=4 median=0.023 unleveled=10:경비병,68:경비병
2026-09-23 18:33:16.138  INFO   session     Entity shadow: vision=10 {'player': 5, 'npc': 5} memory=8 {'monster': 4, 'npc': 1, 'player': 3} paired=4 median=0.008 unleveled=10:경비병,68:경비병
2026-09-23 18:33:19.549  INFO   decision    mode=traveling behavior=traveling action=traveling target=- reason='enter farm area' status=success (repeat)
2026-09-23 18:33:21.307  INFO   session     Entity shadow: vision=7 {'player': 3, 'npc': 4} memory=5 {'monster': 4, 'player': 1} paired=1 median=0.053 unleveled=10:경비병,68:경비병
2026-09-23 18:33:26.403  INFO   session     Entity shadow: vision=8 {'player': 4, 'npc': 3, 'monster': 1} memory=8 {'monster': 4, 'player': 4} paired=3 median=0.056 unleveled=10:경비병,68:경비병
2026-09-23 18:33:30.711  INFO   decision    mode=traveling behavior=traveling action=traveling target=- reason='enter farm area' status=success (repeat)
2026-09-23 18:33:31.428  INFO   session     Entity shadow: vision=10 {'player': 5, 'npc': 5} memory=8 {'monster': 4, 'player': 4} paired=3 median=0.038 unleveled=10:경비병,68:경비병
2026-09-23 18:33:32.400  INFO   decision    mode=traveling behavior=combat action=attack target=154 reason='engage target' status=success
2026-09-23 18:33:36.461  INFO   session     Entity shadow: vision=7 {'npc': 4, 'monster': 1, 'player': 2} memory=6 {'player': 1, 'monster': 5} paired=2 median=0.056 unleveled=10:경비병,68:경비병
2026-09-23 18:33:41.632  INFO   session     Entity shadow: vision=7 {'npc': 4, 'player': 2, 'monster': 1} memory=7 {'player': 1, 'npc': 1, 'monster': 5} paired=2 median=0.049 unleveled=10:경비병,68:경비병
2026-09-23 18:33:42.478  INFO   decision    mode=traveling behavior=combat action=attack target=158 reason='engage target' status=success
2026-09-23 18:33:46.644  INFO   session     Entity shadow: vision=5 {'npc': 3, 'player': 2} memory=4 {'player': 1, 'monster': 3} paired=1 median=0.026 unleveled=10:경비병,68:경비병
2026-09-23 18:33:51.707  INFO   session     Entity shadow: vision=3 {'player': 1, 'npc': 2} memory=5 {'monster': 4, 'npc': 1} paired=0 median=0.000 unleveled=206:토끼,68:경비병,10:경비병
2026-09-23 18:33:52.632  INFO   decision    mode=traveling behavior=traveling action=traveling target=- reason='enter farm area' status=success
2026-09-23 18:33:56.743  INFO   session     Entity shadow: vision=3 {'npc': 2, 'player': 1} memory=5 {'monster': 4, 'npc': 1} paired=0 median=0.000 unleveled=206:토끼,68:경비병,10:경비병
2026-09-23 18:34:01.862  INFO   session     Entity shadow: vision=3 {'player': 1, 'npc': 2} memory=3 {'monster': 3} paired=0 median=0.000 unleveled=206:토끼,10:경비병,68:경비병
2026-09-23 18:34:02.604  INFO   decision    mode=traveling behavior=traveling action=traveling target=- reason='enter farm area' status=success (repeat)
2026-09-23 18:34:06.871  INFO   session     Entity shadow: vision=2 {'player': 1, 'npc': 1} memory=2 {'monster': 2} paired=0 median=0.000 unleveled=10:경비병,68:경비병
2026-09-23 18:34:11.589  INFO   decision    mode=traveling behavior=traveling action=traveling target=- reason='enter farm area' status=success (repeat)
2026-09-23 18:34:11.986  INFO   session     Entity shadow: vision=3 {'npc': 1, 'monster': 2} memory=19 {'player': 13, 'npc': 4, 'monster': 2} paired=1 median=0.102 unleveled=10:경비병
2026-09-23 18:34:17.146  INFO   session     Entity shadow: vision=2 {'monster': 2} memory=13 {'monster': 1, 'player': 11, 'npc': 1} paired=0 median=0.000 unleveled=10:경비병
2026-09-23 18:34:21.854  INFO   decision    mode=traveling behavior=traveling action=traveling target=- reason='enter farm area' status=success (repeat)
2026-09-23 18:34:22.161  INFO   session     Entity shadow: vision=2 {'player': 2} memory=2 {'player': 2} paired=1 median=0.043
2026-09-23 18:34:27.225  INFO   session     Entity shadow: vision=3 {'player': 2, 'npc': 1} memory=2 {'monster': 1, 'player': 1} paired=1 median=0.041 unleveled=68:경비병
2026-09-23 18:34:28.602  INFO   session     Paused — hotkey
2026-09-23 18:34:31.920  INFO   session     Stop → Stopped
2026-09-23 18:34:32.203  INFO   session     Bot worker exited
