2026-09-29 20:47:42.943  INFO   session     Loading Manmabot from D:\KRR\1.LCBot\ManmabotV1_final\engine
2026-09-29 20:47:42.980  INFO   session     Session log D:\KRR\1.LCBot\ManmabotV1_final\engine\logs\bot-20260929-204742.log
2026-09-29 20:47:42.993  INFO   session     character=elf loot=adena_only game_lang=ko map=talking_island farms=['area_1', 'area_3'] file=D:\KRR\1.LCBot\ManmabotV1_final\engine\logs\bot-20260929-204742.log
2026-09-29 20:47:43.564  INFO   nav         building portal graph (cluster=32, 512x576)
2026-09-29 20:47:44.271  INFO   nav         portal graph: 189 components, 673 ms
2026-09-29 20:47:44.482  INFO   nav         farms=2 safe=11 home=(385, 246) (files farm=D:\KRR\1.LCBot\ManmabotV1_final\engine\maps\talking_island\farms.yaml safe=D:\KRR\1.LCBot\ManmabotV1_final\engine\maps\talking_island\safe.yaml home=D:\KRR\1.LCBot\ManmabotV1_final\engine\maps\talking_island\home.yaml)
2026-09-29 20:47:44.855  INFO   capture     mss window capture process='LC.exe' title=None content_aspect=4:3
2026-09-29 20:47:45.582  INFO   session     Entity clicks use memory names, species, and world cells. Image recognition still runs. Set memory.entity_source to vision to restore image-only clicks.
2026-09-29 20:47:45.793  INFO   session     Player memory is read in this process (realtime_monitor.dll, offsets.json). No separate console.
2026-09-29 20:47:45.835  INFO   session     인벤토리 수신 시작 · inv.json 시드 · hp=42 화살=9151 은화살=0 해독=0 (백그라운드 실시간 스캔)
2026-09-29 20:47:45.904  INFO   session     메모리에서 핫바 24칸을 읽는 중…
2026-09-29 20:47:46.468  INFO   session     핫바 스캔 완료 · 파워 업@box1/f5, 아머 업@box1/f6, 라이트@box1/f7, 힐@box1/f8, HP 물약@box2/f9, 텔레포트@box1/f10, 마법 공격@box1/f12, 말하는 두루마리@box2/f5, 마더 트리@box2/f6, HP를 MP로@box2/f7
2026-09-29 20:47:46.600  INFO   session     매핑되지 않은 핫바 아이콘: box1/f8:SPELL, box1/f11:아데나, box1/f12:화살, box2/f10:상쾌한 빨간 물약, box2/f12:속도향상 물약, box3/f10:SPELL
2026-09-29 20:47:46.713  INFO   session     루프 준비 · 요정 · 한국어 · 맵=말하는 섬 · 룻=아데나만 · 구역=구역 1, 구역 3
2026-09-29 20:47:47.649  INFO   session     Entity shadow: vision=1 {'npc': 1} memory=7 {'npc': 7} paired=1 median=0.066
2026-09-29 20:47:47.691  INFO   session     인벤토리 수신 준비 (dll) · hp=42 화살=9131 은화살=0 해독=0
2026-09-29 20:47:47.819  INFO   nav         talking scroll emit spot=ti_general_goods purpose=shop reason=go to shop (sell_garbage_ch)
2026-09-29 20:47:47.820  INFO   shop        shop scrolled behavior=sell_garbage_ch retry=0
2026-09-29 20:47:47.849  INFO   decision    mode=farming goal=talking_scroll action=use_talking_scroll target=- sticky=- origin=(1123,-47) shop=1 scrolled=1 reason='go to shop (sell_garbage_ch)' status=success
2026-09-29 20:47:52.697  INFO   shop        at shop — stop behavior=sell_garbage_ch
2026-09-29 20:47:52.950  INFO   decision    mode=farming goal=shop action=shop_stop target=- sticky=- origin=(386,245) shop=1 scrolled=1 reason='stop at shop' status=success
2026-09-29 20:47:53.740  INFO   session     Entity shadow: vision=16 {'player': 15, 'npc': 1} memory=28 {'npc': 2, 'player': 26} paired=15 median=0.023
2026-09-29 20:47:53.982  INFO   shop        open shop UI behavior=sell_garbage_ch
2026-09-29 20:47:54.800  INFO   decision    mode=farming goal=shop action=shop_buy_arrows target=- sticky=- origin=(386,245) shop=1 scrolled=1 reason='shop:sell_garbage_ch' status=success
2026-09-29 20:47:59.554  INFO   session     Entity shadow: vision=17 {'player': 16, 'npc': 1} memory=28 {'npc': 2, 'player': 26} paired=15 median=0.023
2026-09-29 20:47:59.719  INFO   nav         talking scroll emit spot=giran_weapon purpose=shop reason=go to shop (sell_garbage_weapon_ch)
2026-09-29 20:48:00.173  INFO   shop        shop scrolled behavior=sell_garbage_weapon_ch retry=0
2026-09-29 20:48:00.198  INFO   decision    mode=farming goal=talking_scroll action=use_talking_scroll target=- sticky=- origin=(386,245) shop=1 scrolled=1 reason='go to shop (sell_garbage_weapon_ch)' status=success
2026-09-29 20:48:03.047  INFO   session     일시정지 — 단축키
2026-09-29 20:48:04.135  INFO   nav         async nav configure start map=mainland
2026-09-29 20:48:05.619  INFO   nav         building portal graph (cluster=32, 1755x1414)
2026-09-29 20:48:14.017  INFO   nav         portal graph: 2586 components, 8397 ms
2026-09-29 20:48:14.565  INFO   nav         farms=6 safe=0 home=None (files farm=D:\KRR\1.LCBot\ManmabotV1_final\engine\maps\mainland\farms.yaml safe=D:\KRR\1.LCBot\ManmabotV1_final\engine\maps\mainland\safe.yaml home=D:\KRR\1.LCBot\ManmabotV1_final\engine\maps\mainland\home.yaml)
2026-09-29 20:48:14.587  INFO   nav         async nav configure done map=mainland (10091 ms)
2026-09-29 20:48:19.246  INFO   session     정지 → 중지됨
2026-09-29 20:48:19.525  INFO   session     봇 작업이 종료되었습니다
