2026-09-20 19:40:18.850  INFO   session     Loading Manmabot from D:\ManmabotV1\engine
2026-09-20 19:40:18.852  INFO   session     Session log D:\ManmabotV1\engine\logs\bot-20260920-194018.log
2026-09-20 19:40:18.852  INFO   session     character=royal loot=all_items game_lang=ko map=talking_island farms=['area_1', 'area_2', 'area_3', 'area_4'] file=D:\ManmabotV1\engine\logs\bot-20260920-194018.log
2026-09-20 19:40:20.643  INFO   nav         building portal graph (cluster=32, 479x511)
2026-09-20 19:40:20.900  INFO   nav         portal graph: 188 components, 256 ms
2026-09-20 19:40:20.906  INFO   nav         farms=4 safe=11 home=(354, 203) (files farm=D:\ManmabotV1\engine\maps\talking_island\farms.yaml safe=D:\ManmabotV1\engine\maps\talking_island\safe.yaml home=D:\ManmabotV1\engine\maps\talking_island\home.yaml)
2026-09-20 19:40:21.247  INFO   capture     mss window capture process='LC.exe' title=None content_aspect=4:3
2026-09-20 19:40:22.240  INFO   session     Memory monitor connected
2026-09-20 19:40:22.261  INFO   session     Scanning hotbar (skill boxes 1–3)…
2026-09-20 19:40:26.772  INFO   session     Hotbar scan done · talking_scroll@box1/f5
2026-09-20 19:40:26.776  INFO   session     Potion restock armed · no hp_potion on hotbar
2026-09-20 19:40:26.779  INFO   session     Loop ready · royal · ko · map=talking_island · loot=all_items · farms=['area_1', 'area_2', 'area_3', 'area_4']
2026-09-20 19:40:27.339  INFO   decision    mode=farming behavior=talking_scroll action=use_talking_scroll target=- reason='go to shop (buy_hp_potions)' status=success
2026-09-20 19:40:28.256  INFO   nav         async nav configure start map=mainland
2026-09-20 19:40:28.501  INFO   decision    mode=farming behavior=shop action=shop_stop target=- reason='stop at shop' status=success
2026-09-20 19:40:29.005  INFO   nav         building portal graph (cluster=32, 1755x1414)
2026-09-20 19:40:32.426  INFO   nav         portal graph: 2586 components, 3421 ms
2026-09-20 19:40:32.430  INFO   nav         farms=6 safe=0 home=None (files farm=D:\ManmabotV1\engine\maps\mainland\farms.yaml safe=D:\ManmabotV1\engine\maps\mainland\safe.yaml home=D:\ManmabotV1\engine\maps\mainland\home.yaml)
2026-09-20 19:40:32.430  INFO   nav         async nav configure done map=mainland (4174 ms)
2026-09-20 19:40:32.578  INFO   decision    mode=traveling behavior=traveling action=traveling target=- reason='unstick' status=success
2026-09-20 19:40:41.308  INFO   decision    mode=traveling behavior=traveling action=traveling target=- reason='walk to shop (buy_hp_potions)' status=success (repeat)
2026-09-20 19:40:50.309  INFO   decision    mode=traveling behavior=traveling action=traveling target=- reason='walk to shop (buy_hp_potions)' status=success (repeat)
2026-09-20 19:40:58.140  INFO   decision    mode=traveling behavior=traveling action=traveling target=- reason='walk to shop (buy_hp_potions)' status=success (repeat)
2026-09-20 19:41:06.425  INFO   decision    mode=traveling behavior=traveling action=traveling target=- reason='walk to shop (buy_hp_potions)' status=success (repeat)
2026-09-20 19:41:14.348  INFO   decision    mode=traveling behavior=traveling action=traveling target=- reason='walk to shop (buy_hp_potions)' status=success (repeat)
2026-09-20 19:41:22.264  INFO   decision    mode=traveling behavior=traveling action=traveling target=- reason='unstick' status=success (repeat)
2026-09-20 19:41:30.230  INFO   decision    mode=traveling behavior=traveling action=traveling target=- reason='unstick' status=success (repeat)
2026-09-20 19:41:38.926  INFO   decision    mode=traveling behavior=traveling action=traveling target=- reason='walk to shop (buy_hp_potions)' status=success (repeat)
2026-09-20 19:41:47.253  INFO   decision    mode=traveling behavior=traveling action=traveling target=- reason='walk to shop (buy_hp_potions)' status=success (repeat)
2026-09-20 19:41:56.602  INFO   decision    mode=traveling behavior=traveling action=traveling target=- reason='walk to shop (buy_hp_potions)' status=success (repeat)
2026-09-20 19:41:58.408  INFO   session     Auto-pause (cursor_outside)
2026-09-20 19:41:59.758  INFO   session     Auto-resume → Running
2026-09-20 19:41:59.925  INFO   session     Memory snapshot failed: write to monitor failed
2026-09-20 19:42:00.826  INFO   session     Auto-pause (cursor_outside)
2026-09-20 19:42:01.109  INFO   session     Auto-resume → Running
2026-09-20 19:42:05.379  INFO   session     Stop → Stopped
2026-09-20 19:42:15.088  INFO   session     Bot worker exited
