2026-09-23 18:41:57.697  INFO   session     Loading Manmabot from D:\Work\Lineage\ManmabotV1_final\engine
2026-09-23 18:41:57.700  INFO   session     Session log D:\Work\Lineage\ManmabotV1_final\engine\logs\bot-20260923-184157.log
2026-09-23 18:41:57.700  INFO   session     character=elf loot=all_items game_lang=ko map=talking_island farms=['area_1', 'area_2', 'area_3', 'area_4'] file=D:\Work\Lineage\ManmabotV1_final\engine\logs\bot-20260923-184157.log
2026-09-23 18:41:57.754  INFO   nav         building portal graph (cluster=32, 479x511)
2026-09-23 18:41:57.999  INFO   nav         portal graph: 188 components, 244 ms
2026-09-23 18:41:58.004  INFO   nav         farms=4 safe=11 home=(354, 203) (files farm=D:\Work\Lineage\ManmabotV1_final\engine\maps\talking_island\farms.yaml safe=D:\Work\Lineage\ManmabotV1_final\engine\maps\talking_island\safe.yaml home=D:\Work\Lineage\ManmabotV1_final\engine\maps\talking_island\home.yaml)
2026-09-23 18:41:58.021  INFO   capture     mss window capture process='LC.exe' title=None content_aspect=4:3
2026-09-23 18:41:58.348  INFO   session     Entity clicks use memory names, species, and world cells. Image recognition still runs. Set memory.entity_source to vision to restore image-only clicks.
2026-09-23 18:41:58.355  INFO   session     Player memory is read in this process (realtime_monitor.dll, offsets.json). No separate console.
2026-09-23 18:41:58.361  INFO   session     Inventory listen scanning in background (build inventory_listen.dll or place inv.json).
2026-09-23 18:41:58.367  INFO   session     Scanning hotbar (skill boxes 1–3)…
2026-09-23 18:42:02.306  INFO   session     Hotbar scan done · hp_potion@box1/f5, talking_scroll@box1/f8
2026-09-23 18:42:02.310  INFO   session     Loop ready · elf · ko · map=talking_island · loot=all_items · farms=['area_1', 'area_2', 'area_3', 'area_4']
2026-09-23 18:42:02.580  INFO   session     Entity shadow: vision=2 {'monster': 2} memory=3 {'monster': 3} paired=1 median=0.029 unleveled=12:슬라임
2026-09-23 18:42:02.608  INFO   session     Inventory listen ready (dll) · hp=6 arrows=2800 silver=0 depoison=0
2026-09-23 18:42:02.613  INFO   decision    mode=traveling behavior=combat action=attack target=2 reason='engage target' status=success
2026-09-23 18:42:04.304  INFO   session     Paused — hotkey
2026-09-23 18:42:07.640  INFO   session     Resume → Running
2026-09-23 18:42:07.841  INFO   session     Entity shadow: vision=2 {'player': 1, 'monster': 1} memory=3 {'monster': 3} paired=1 median=0.033 unleveled=12:슬라임
2026-09-23 18:42:09.261  INFO   decision    mode=traveling behavior=loot action=searching target=- reason='approach item' status=success
2026-09-23 18:42:12.563  INFO   decision    mode=traveling behavior=traveling action=traveling target=- reason='enter farm area' status=success
2026-09-23 18:42:13.016  INFO   session     Entity shadow: vision=3 {'player': 1, 'monster': 2} memory=4 {'player': 1, 'monster': 3} paired=1 median=0.052 unleveled=12:슬라임
2026-09-23 18:42:15.347  INFO   decision    mode=traveling behavior=combat action=attack target=7 reason='engage target' status=success
2026-09-23 18:42:18.127  INFO   session     Entity shadow: vision=3 {'player': 1, 'monster': 2} memory=6 {'monster': 6} paired=2 median=0.060 unleveled=12:슬라임
2026-09-23 18:42:23.237  INFO   session     Entity shadow: vision=6 {'player': 1, 'monster': 5} memory=6 {'monster': 6} paired=5 median=0.022 unleveled=12:슬라임
2026-09-23 18:42:25.389  INFO   decision    mode=traveling behavior=traveling action=traveling target=- reason='enter farm area' status=success
2026-09-23 18:42:28.345  INFO   session     Entity shadow: vision=5 {'monster': 4, 'player': 1} memory=5 {'monster': 5} paired=4 median=0.018 unleveled=12:슬라임
2026-09-23 18:42:32.095  INFO   decision    mode=farming behavior=search action=searching target=- reason='search area' status=success
2026-09-23 18:42:32.573  INFO   decision    mode=farming behavior=combat action=attack target=19 reason='engage target' status=success
2026-09-23 18:42:33.511  INFO   session     Entity shadow: vision=4 {'player': 1, 'monster': 3} memory=6 {'monster': 6} paired=3 median=0.073 unleveled=12:슬라임
2026-09-23 18:42:38.769  INFO   session     Entity shadow: vision=4 {'player': 1, 'monster': 3} memory=6 {'monster': 6} paired=2 median=0.056 unleveled=12:슬라임
2026-09-23 18:42:42.619  INFO   decision    mode=farming behavior=search action=searching target=- reason='search area' status=success
2026-09-23 18:42:43.916  INFO   session     Entity shadow: vision=5 {'monster': 2, 'player': 3} memory=8 {'player': 3, 'monster': 5} paired=4 median=0.051 unleveled=12:슬라임
2026-09-23 18:42:49.052  INFO   session     Entity shadow: vision=4 {'monster': 1, 'player': 3} memory=6 {'player': 3, 'monster': 3} paired=2 median=0.026 unleveled=12:슬라임
2026-09-23 18:42:54.137  INFO   session     Entity shadow: vision=1 {'monster': 1} memory=2 {'monster': 2} paired=0 median=0.000 unleveled=12:슬라임
2026-09-23 18:42:58.658  INFO   decision    mode=farming behavior=combat action=attack target=27 reason='engage target' status=success
2026-09-23 18:42:59.386  INFO   session     Entity shadow: vision=2 {'player': 1, 'monster': 1} memory=5 {'monster': 4, 'player': 1} paired=1 median=0.010 unleveled=12:슬라임
2026-09-23 18:43:04.536  INFO   session     Entity shadow: vision=1 {'player': 1} memory=0 {} paired=0 median=0.000
2026-09-23 18:43:07.022  INFO   decision    mode=farming behavior=search action=searching target=- reason='search area' status=success
2026-09-23 18:43:09.683  INFO   session     Entity shadow: vision=2 {'monster': 1, 'player': 1} memory=0 {} paired=0 median=0.000
2026-09-23 18:43:09.836  INFO   session     Paused — hotkey
2026-09-23 18:46:07.622  INFO   session     Stop → Stopped
2026-09-23 18:46:15.984  INFO   session     Bot worker exited
