2026-09-23 23:56:44.029  INFO   session     Loading Manmabot from D:\Work\Lineage\ManmabotV1_final\engine
2026-09-23 23:56:44.033  INFO   session     Session log D:\Work\Lineage\ManmabotV1_final\engine\logs\bot-20260923-235644.log
2026-09-23 23:56:44.034  INFO   session     character=elf loot=all_items game_lang=ko map=talking_island farms=['area_3', 'area_2'] file=D:\Work\Lineage\ManmabotV1_final\engine\logs\bot-20260923-235644.log
2026-09-23 23:56:44.244  INFO   nav         building portal graph (cluster=32, 479x511)
2026-09-23 23:56:44.497  INFO   nav         portal graph: 188 components, 253 ms
2026-09-23 23:56:44.502  INFO   nav         farms=2 safe=11 home=(354, 203) (files farm=D:\Work\Lineage\ManmabotV1_final\engine\maps\talking_island\farms.yaml safe=D:\Work\Lineage\ManmabotV1_final\engine\maps\talking_island\safe.yaml home=D:\Work\Lineage\ManmabotV1_final\engine\maps\talking_island\home.yaml)
2026-09-23 23:56:44.808  INFO   capture     mss window capture process='LC.exe' title=None content_aspect=4:3
2026-09-23 23:56:45.130  INFO   session     Entity clicks use memory names, species, and world cells. Image recognition still runs. Set memory.entity_source to vision to restore image-only clicks.
2026-09-23 23:56:45.137  INFO   session     Player memory is read in this process (realtime_monitor.dll, offsets.json). No separate console.
2026-09-23 23:56:45.142  INFO   session     Inventory listen scanning in background (build inventory_listen.dll or place inv.json).
2026-09-23 23:56:45.147  INFO   session     Reading hotbar from memory (24 slots)…
2026-09-23 23:56:45.228  INFO   session     Hotbar scan done · talking_scroll@box1/f8
2026-09-23 23:56:45.231  INFO   session     Unmapped hotbar icons: box1/f5:체력 회복제 (11), box1/f6:+0 화살 (2,564), box1/f7:아데나 (459), box1/f12:상쾌한 초록 물약
2026-09-23 23:56:45.257  INFO   session     Loop ready · elf · ko · map=talking_island · loot=all_items · farms=['area_3', 'area_2']
2026-09-23 23:56:45.637  INFO   session     Entity shadow: vision=3 {'npc': 1, 'player': 2} memory=1 {'monster': 1} paired=0 median=0.000 unleveled=68:경비병
2026-09-23 23:56:45.652  INFO   session     Inventory listen ready (dll) · hp=11 arrows=2564 silver=5 depoison=0
2026-09-23 23:56:45.673  INFO   decision    mode=traveling behavior=traveling action=traveling target=- reason='enter farm area' status=success
2026-09-23 23:56:48.271  INFO   decision    mode=traveling behavior=combat action=attack target=2 reason='engage target' status=success
2026-09-23 23:56:48.980  INFO   decision    mode=traveling behavior=traveling action=traveling target=- reason='enter farm area' status=success
2026-09-23 23:56:50.656  INFO   session     Entity shadow: vision=1 {'player': 1} memory=0 {} paired=0 median=0.000
2026-09-23 23:56:53.194  INFO   session     Paused — hotkey
2026-09-23 23:57:00.738  INFO   session     Resume → Running
2026-09-23 23:57:00.962  INFO   session     Entity shadow: vision=2 {'player': 1, 'item': 1} memory=1 {'item': 1} paired=1 median=0.013
2026-09-23 23:57:00.992  INFO   decision    mode=traveling behavior=loot action=searching target=3 reason='walk onto item' status=success
2026-09-23 23:57:06.216  INFO   session     Entity shadow: vision=5 {'player': 2, 'monster': 3} memory=4 {'monster': 2, 'npc': 1, 'player': 1} paired=3 median=0.021
2026-09-23 23:57:11.528  INFO   session     Entity shadow: vision=3 {'player': 2, 'monster': 1} memory=3 {'monster': 2, 'npc': 1} paired=1 median=0.057 unleveled=12:슬라임
2026-09-23 23:57:13.802  INFO   session     Paused — hotkey
2026-09-23 23:57:18.252  INFO   session     Hotkey resume → Running
2026-09-23 23:57:18.502  INFO   session     Entity shadow: vision=5 {'player': 3, 'monster': 2} memory=7 {'monster': 4, 'npc': 1, 'player': 2} paired=3 median=0.039 unleveled=12:슬라임
2026-09-23 23:57:18.849  INFO   decision    mode=traveling behavior=combat action=attack target=16 reason='engage target' status=success
2026-09-23 23:57:21.423  INFO   decision    mode=traveling behavior=loot action=searching target=17 reason='walk onto item' status=success
2026-09-23 23:57:23.690  INFO   session     Entity shadow: vision=7 {'player': 4, 'monster': 3} memory=9 {'monster': 5, 'player': 3, 'npc': 1} paired=5 median=0.035 unleveled=12:슬라임
2026-09-23 23:57:28.858  INFO   session     Entity shadow: vision=9 {'player': 3, 'monster': 5, 'item': 1} memory=7 {'monster': 4, 'player': 2, 'item': 1} paired=7 median=0.074
2026-09-23 23:57:32.621  INFO   decision    mode=traveling behavior=loot action=searching target=24 reason='walk onto item' status=success
2026-09-23 23:57:34.013  INFO   session     Entity shadow: vision=2 {'player': 1, 'monster': 1} memory=2 {'monster': 2} paired=1 median=0.015
2026-09-23 23:57:35.719  INFO   decision    mode=traveling behavior=loot action=searching target=27 reason='walk onto item' status=success
2026-09-23 23:57:39.226  INFO   session     Entity shadow: vision=1 {'player': 1} memory=2 {'monster': 2} paired=0 median=0.000 unleveled=12:슬라임
2026-09-23 23:57:40.051  INFO   decision    mode=traveling behavior=combat action=attack target=28 reason='engage target' status=success
2026-09-23 23:57:41.735  INFO   decision    mode=traveling behavior=traveling action=traveling target=- reason='enter farm area' status=success
2026-09-23 23:57:42.780  INFO   decision    mode=traveling behavior=combat action=attack target=35 reason='engage target' status=success
2026-09-23 23:57:43.851  INFO   decision    mode=traveling behavior=traveling action=traveling target=- reason='enter farm area' status=success
2026-09-23 23:57:44.398  INFO   session     Entity shadow: vision=2 {'player': 1, 'monster': 1} memory=3 {'npc': 1, 'monster': 2} paired=1 median=0.043 unleveled=12:슬라임
2026-09-23 23:57:44.967  INFO   decision    mode=traveling behavior=combat action=attack target=35 reason='attack target' status=success
2026-09-23 23:57:46.017  INFO   decision    mode=traveling behavior=traveling action=traveling target=- reason='unstick' status=success
2026-09-23 23:57:49.473  INFO   session     Entity shadow: vision=1 {'player': 1} memory=2 {'monster': 1, 'npc': 1} paired=0 median=0.000
2026-09-23 23:57:49.999  INFO   decision    mode=traveling behavior=combat action=attack target=35 reason='attack target' status=success
2026-09-23 23:57:54.561  INFO   session     Entity shadow: vision=3 {'monster': 3} memory=4 {'monster': 3, 'npc': 1} paired=2 median=0.042
2026-09-23 23:57:59.700  INFO   session     Entity shadow: vision=2 {'npc': 1, 'monster': 1} memory=1 {'monster': 1} paired=1 median=0.007
2026-09-23 23:58:00.219  INFO   decision    mode=traveling behavior=traveling action=traveling target=- reason='enter farm area' status=success
2026-09-23 23:58:01.004  INFO   decision    mode=traveling behavior=combat action=attack target=39 reason='engage target' status=success
2026-09-23 23:58:04.845  INFO   session     Entity shadow: vision=1 {'player': 1} memory=3 {'monster': 2, 'player': 1} paired=0 median=0.000
2026-09-23 23:58:07.576  INFO   decision    mode=traveling behavior=combat action=attack target=42 reason='engage target' status=success
2026-09-23 23:58:09.898  INFO   session     Entity shadow: vision=6 {'monster': 4, 'player': 2} memory=4 {'monster': 3, 'player': 1} paired=3 median=0.055
2026-09-23 23:58:15.064  INFO   session     Entity shadow: vision=6 {'monster': 5, 'player': 1} memory=5 {'monster': 5} paired=3 median=0.035
2026-09-23 23:58:19.440  INFO   session     Paused — hotkey
2026-09-23 23:58:52.302  INFO   session     Stop → Stopped (정지 — 게임 창이 닫혔습니다.)
2026-09-23 23:58:53.590  INFO   session     Bot worker exited
