2026-09-28 00:15:04.198  INFO   session     Loading Manmabot from D:\ManmabotV1_final\engine
2026-09-28 00:15:04.203  INFO   session     Session log D:\ManmabotV1_final\engine\logs\bot-20260928-001504.log
2026-09-28 00:15:04.204  INFO   session     character=elf loot=all_items game_lang=ko map=talking_island farms=['area_2', 'area_1', 'area_3'] file=D:\ManmabotV1_final\engine\logs\bot-20260928-001504.log
2026-09-28 00:15:04.502  INFO   nav         building portal graph (cluster=32, 479x511)
2026-09-28 00:15:04.822  INFO   nav         portal graph: 188 components, 320 ms
2026-09-28 00:15:04.830  INFO   nav         farms=3 safe=11 home=(354, 203) (files farm=D:\ManmabotV1_final\engine\maps\talking_island\farms.yaml safe=D:\ManmabotV1_final\engine\maps\talking_island\safe.yaml home=D:\ManmabotV1_final\engine\maps\talking_island\home.yaml)
2026-09-28 00:15:05.075  INFO   capture     mss window capture process='LC.exe' title=None content_aspect=4:3
2026-09-28 00:15:05.577  INFO   session     Entity clicks use memory names, species, and world cells. Image recognition still runs. Set memory.entity_source to vision to restore image-only clicks.
2026-09-28 00:15:05.595  INFO   session     Player memory is read in this process (realtime_monitor.dll, offsets.json). No separate console.
2026-09-28 00:15:05.608  INFO   session     인벤토리를 백그라운드에서 스캔 중 (inventory_listen.dll 또는 inv.json을 두세요).
2026-09-28 00:15:05.639  INFO   session     메모리에서 핫바 24칸을 읽는 중…
2026-09-28 00:15:05.754  INFO   session     핫바 스캔 완료 · 파워 업@box2/f8, 아머 업@box2/f5, 라이트@box1/f10, 힐@box1/f9, HP 물약@box1/f9, 텔레포트@box1/f11, 마법 공격@box1/f12, 말하는 두루마리@box1/f5
2026-09-28 00:15:05.815  INFO   session     매핑되지 않은 핫바 아이콘: box1/f6:작은 활 (무장), box1/f7:나무 화살, box1/f8:아데나
2026-09-28 00:15:05.837  INFO   session     루프 준비 · 요정 · 한국어 · 맵=말하는 섬 · 룻=전부 줍기 · 구역=구역 2, 구역 1, 구역 3
2026-09-28 00:15:06.925  INFO   session     Entity shadow: vision=16 {'npc': 2, 'player': 14} memory=48 {'npc': 7, 'player': 39, 'monster': 1, 'item': 1} paired=15 median=0.022 unleveled=14:青蛙
2026-09-28 00:15:06.992  INFO   session     인벤토리 수신 준비 (dll) · hp=0 화살=461 은화살=139 해독=0
2026-09-28 00:15:07.019  INFO   decision    mode=farming behavior=buff action=buff target=- reason='armor_up' status=success
2026-09-28 00:15:08.246  INFO   decision    mode=farming behavior=loot action=searching target=45 reason='walk onto item' status=success
2026-09-28 00:15:13.318  INFO   session     Entity shadow: vision=27 {'player': 24, 'npc': 2, 'monster': 1} memory=52 {'npc': 6, 'player': 44, 'monster': 1, 'item': 1} paired=26 median=0.025
2026-09-28 00:15:13.374  INFO   decision    mode=farming behavior=combat action=attack target=43 reason='engage target' status=success
2026-09-28 00:15:14.396  INFO   decision    mode=farming behavior=loot action=searching target=45 reason='walk onto item' status=success
2026-09-28 00:15:16.791  INFO   decision    mode=traveling behavior=traveling action=traveling target=- reason='enter farm area' status=success
2026-09-28 00:15:17.840  INFO   decision    mode=traveling behavior=buff action=buff target=- reason='light' status=success
2026-09-28 00:15:19.154  INFO   session     Entity shadow: vision=29 {'player': 27, 'npc': 2} memory=73 {'player': 63, 'monster': 2, 'npc': 8} paired=26 median=0.081 unleveled=319:?,14:青蛙
2026-09-28 00:15:19.296  INFO   decision    mode=traveling behavior=traveling action=traveling target=- reason='enter farm area' status=success
2026-09-28 00:15:24.387  INFO   session     Entity shadow: vision=34 {'player': 27, 'npc': 5, 'monster': 2} memory=70 {'player': 64, 'monster': 1, 'npc': 5} paired=30 median=0.036 unleveled=319:?
2026-09-28 00:15:29.640  INFO   session     Entity shadow: vision=32 {'player': 28, 'npc': 4} memory=71 {'player': 67, 'monster': 1, 'npc': 3} paired=28 median=0.041 unleveled=319:?
2026-09-28 00:15:34.715  INFO   session     Entity shadow: vision=33 {'player': 32, 'npc': 1} memory=90 {'player': 81, 'npc': 7, 'monster': 2} paired=29 median=0.070 unleveled=10:警衛,319:?
2026-09-28 00:15:39.855  INFO   session     Entity shadow: vision=26 {'player': 23, 'npc': 3} memory=58 {'player': 46, 'npc': 10, 'monster': 2} paired=19 median=0.083 unleveled=10:警衛,319:?
2026-09-28 00:15:44.990  INFO   session     Entity shadow: vision=16 {'player': 16} memory=48 {'player': 36, 'npc': 10, 'monster': 2} paired=15 median=0.085 unleveled=10:警衛,319:?
2026-09-28 00:15:51.043  INFO   session     Entity shadow: vision=18 {'player': 17, 'npc': 1} memory=40 {'player': 31, 'npc': 8, 'monster': 1} paired=17 median=0.062 unleveled=319:?
2026-09-28 00:15:56.348  INFO   session     Entity shadow: vision=4 {'player': 4} memory=7 {'monster': 1, 'player': 1, 'npc': 5} paired=1 median=0.053 unleveled=68:警衛
2026-09-28 00:15:57.172  INFO   decision    mode=traveling behavior=traveling action=traveling target=- reason='enter farm area' status=success (repeat)
2026-09-28 00:16:01.481  INFO   session     Entity shadow: vision=2 {'player': 2} memory=8 {'player': 3, 'monster': 1, 'npc': 4} paired=1 median=0.022 unleveled=68:警衛
2026-09-28 00:16:06.860  INFO   session     Entity shadow: vision=3 {'player': 2, 'npc': 1} memory=8 {'monster': 3, 'npc': 4, 'player': 1} paired=2 median=0.043 unleveled=207:兔子,68:警衛,10:警衛
2026-09-28 00:16:12.202  INFO   session     Entity shadow: vision=4 {'player': 2, 'npc': 2} memory=4 {'monster': 3, 'player': 1} paired=1 median=0.047 unleveled=207:兔子,68:警衛,10:警衛
2026-09-28 00:16:13.254  INFO   session     일시정지 — 단축키
2026-09-28 00:16:15.976  INFO   session     정지 → 중지됨
2026-09-28 00:16:16.159  INFO   session     봇 작업이 종료되었습니다
