2026-09-29 22:14:53.107  INFO   session     Loading Manmabot from D:\KRR\1.LCBot\ManmabotV1_final\engine
2026-09-29 22:14:53.169  INFO   session     Session log D:\KRR\1.LCBot\ManmabotV1_final\engine\logs\bot-20260929-221453.log
2026-09-29 22:14:53.215  INFO   session     character=elf loot=adena_only game_lang=ko map=talking_island farms=['area_1', 'area_3'] file=D:\KRR\1.LCBot\ManmabotV1_final\engine\logs\bot-20260929-221453.log
2026-09-29 22:14:53.809  INFO   nav         building portal graph (cluster=32, 512x576)
2026-09-29 22:14:54.564  INFO   nav         portal graph: 189 components, 754 ms
2026-09-29 22:14:55.157  INFO   nav         farms=2 safe=11 home=(385, 246) (files farm=D:\KRR\1.LCBot\ManmabotV1_final\engine\maps\talking_island\farms.yaml safe=D:\KRR\1.LCBot\ManmabotV1_final\engine\maps\talking_island\safe.yaml home=D:\KRR\1.LCBot\ManmabotV1_final\engine\maps\talking_island\home.yaml)
2026-09-29 22:14:55.324  INFO   capture     mss window capture process='LC.exe' title=None content_aspect=4:3
2026-09-29 22:14:56.204  INFO   session     Entity clicks use memory names, species, and world cells. Image recognition still runs. Set memory.entity_source to vision to restore image-only clicks.
2026-09-29 22:14:56.256  INFO   session     Player memory is read in this process (realtime_monitor.dll, offsets.json). No separate console.
2026-09-29 22:14:56.290  INFO   session     인벤토리 수신 시작 · inv.json 시드 · hp=42 화살=9151 은화살=0 해독=0 (백그라운드 실시간 스캔)
2026-09-29 22:14:56.916  INFO   session     메모리에서 핫바 24칸을 읽는 중…
2026-09-29 22:14:57.423  INFO   session     핫바 스캔 완료 · 파워 업@box1/f5, 아머 업@box1/f6, 라이트@box1/f7, 힐@box1/f8, HP 물약@box2/f9, 텔레포트@box1/f10, 마법 공격@box1/f12, 말하는 두루마리@box2/f5, 마더 트리@box2/f6, HP를 MP로@box2/f7
2026-09-29 22:14:58.185  INFO   session     매핑되지 않은 핫바 아이콘: box1/f8:SPELL, box1/f11:아데나, box1/f12:화살, box2/f10:상쾌한 빨간 물약, box2/f12:속도향상 물약, box3/f10:SPELL
2026-09-29 22:14:58.273  INFO   session     루프 준비 · 요정 · 한국어 · 맵=말하는 섬 · 룻=아데나만 · 구역=구역 1, 구역 3
2026-09-29 22:14:59.794  INFO   session     Entity shadow: vision=20 {'item': 1, 'player': 18, 'npc': 1} memory=30 {'item': 1, 'npc': 2, 'player': 27} paired=18 median=0.025
2026-09-29 22:14:59.846  INFO   session     인벤토리 수신 준비 (dll) · hp=42 화살=9129 은화살=0 해독=0
2026-09-29 22:14:59.979  INFO   shop        at shop — stop behavior=sell_garbage_ch
2026-09-29 22:14:59.980  INFO   decision    mode=farming goal=shop action=shop_stop target=- sticky=- origin=(387,245) shop=1 scrolled=0 reason='stop at shop' status=success
2026-09-29 22:15:00.783  INFO   shop        open shop UI behavior=sell_garbage_ch
2026-09-29 22:15:00.784  INFO   decision    mode=farming goal=shop action=shop_buy_arrows target=- sticky=- origin=(387,245) shop=1 scrolled=0 reason='shop:sell_garbage_ch' status=success
2026-09-29 22:15:09.983  INFO   session     Entity shadow: vision=18 {'player': 17, 'item': 1} memory=32 {'player': 29, 'item': 1, 'npc': 2} paired=17 median=0.024
2026-09-29 22:15:10.313  INFO   nav         talking scroll emit spot=giran_weapon purpose=shop reason=go to shop (sell_garbage_weapon_ch)
2026-09-29 22:15:11.219  INFO   shop        shop scrolled behavior=sell_garbage_weapon_ch retry=0
2026-09-29 22:15:11.239  INFO   decision    mode=farming goal=talking_scroll action=use_talking_scroll target=- sticky=- origin=(387,245) shop=1 scrolled=1 reason='go to shop (sell_garbage_weapon_ch)' status=success
2026-09-29 22:15:15.137  INFO   nav         async nav configure start map=mainland
2026-09-29 22:15:15.733  INFO   session     Entity shadow: vision=21 {'player': 19, 'npc': 1, 'monster': 1} memory=41 {'player': 37, 'npc': 4} paired=19 median=0.027
2026-09-29 22:15:16.669  INFO   nav         building portal graph (cluster=32, 1755x1414)
2026-09-29 22:15:25.344  INFO   nav         portal graph: 2586 components, 8674 ms
2026-09-29 22:15:25.955  INFO   nav         farms=6 safe=0 home=None (files farm=D:\KRR\1.LCBot\ManmabotV1_final\engine\maps\mainland\farms.yaml safe=D:\KRR\1.LCBot\ManmabotV1_final\engine\maps\mainland\safe.yaml home=D:\KRR\1.LCBot\ManmabotV1_final\engine\maps\mainland\home.yaml)
2026-09-29 22:15:25.964  INFO   nav         async nav configure done map=mainland (10466 ms)
2026-09-29 22:15:26.158  INFO   shop        at shop — stop behavior=sell_garbage_weapon_ch
2026-09-29 22:15:27.042  INFO   decision    mode=farming goal=shop action=shop_stop target=- sticky=- origin=(886,534) shop=1 scrolled=1 reason='stop at shop' status=success
2026-09-29 22:15:27.931  INFO   session     Entity shadow: vision=19 {'player': 19} memory=37 {'player': 33, 'npc': 4} paired=19 median=0.027
2026-09-29 22:15:28.249  INFO   shop        open shop UI behavior=sell_garbage_weapon_ch
2026-09-29 22:15:29.207  INFO   decision    mode=farming goal=shop action=shop_buy_arrows target=- sticky=- origin=(886,534) shop=1 scrolled=1 reason='shop:sell_garbage_weapon_ch' status=success
2026-09-29 22:15:37.737  INFO   session     Entity shadow: vision=21 {'player': 21} memory=36 {'player': 32, 'npc': 4} paired=21 median=0.027
2026-09-29 22:15:38.601  INFO   nav         talking scroll emit spot=giran_general_goods purpose=shop reason=go to shop (sell_garbage_mainland_ch)
2026-09-29 22:15:38.953  INFO   shop        shop scrolled behavior=sell_garbage_mainland_ch retry=0
2026-09-29 22:15:39.562  INFO   decision    mode=farming goal=talking_scroll action=use_talking_scroll target=- sticky=- origin=(886,534) shop=1 scrolled=1 reason='go to shop (sell_garbage_mainland_ch)' status=success
2026-09-29 22:15:42.142  INFO   session     일시정지 — 단축키
2026-09-29 22:15:43.960  INFO   session     정지 → 중지됨
2026-09-29 22:15:44.815  INFO   session     봇 작업이 종료되었습니다
