2026-09-29 15:14:00.142  INFO   session     Loading Manmabot from D:\KRR\1.LCBot\ManmabotV1_final\engine
2026-09-29 15:14:00.164  INFO   session     Session log D:\KRR\1.LCBot\ManmabotV1_final\engine\logs\bot-20260929-151400.log
2026-09-29 15:14:00.176  INFO   session     character=elf loot=adena_only game_lang=ko map=talking_island farms=['area_1', 'area_3'] file=D:\KRR\1.LCBot\ManmabotV1_final\engine\logs\bot-20260929-151400.log
2026-09-29 15:14:00.615  INFO   nav         building portal graph (cluster=32, 479x511)
2026-09-29 15:14:01.323  INFO   nav         portal graph: 188 components, 693 ms
2026-09-29 15:14:01.391  INFO   nav         farms=2 safe=11 home=(354, 203) (files farm=D:\KRR\1.LCBot\ManmabotV1_final\engine\maps\talking_island\farms.yaml safe=D:\KRR\1.LCBot\ManmabotV1_final\engine\maps\talking_island\safe.yaml home=D:\KRR\1.LCBot\ManmabotV1_final\engine\maps\talking_island\home.yaml)
2026-09-29 15:14:01.771  INFO   capture     mss window capture process='LC.exe' title=None content_aspect=4:3
2026-09-29 15:14:02.456  INFO   session     Entity clicks use memory names, species, and world cells. Image recognition still runs. Set memory.entity_source to vision to restore image-only clicks.
2026-09-29 15:14:02.558  INFO   session     Player memory is read in this process (realtime_monitor.dll, offsets.json). No separate console.
2026-09-29 15:14:02.597  INFO   session     인벤토리를 백그라운드에서 스캔 중 (inventory_listen.dll 또는 inv.json을 두세요).
2026-09-29 15:14:02.709  INFO   session     메모리에서 핫바 24칸을 읽는 중…
2026-09-29 15:14:03.008  INFO   session     핫바 스캔 완료 · 파워 업@box1/f5, 아머 업@box1/f6, 라이트@box1/f7, 힐@box1/f8, HP 물약@box2/f9, 텔레포트@box1/f10, 마법 공격@box1/f12, 말하는 두루마리@box2/f5, 마더 트리@box2/f6, HP를 MP로@box2/f7
2026-09-29 15:14:03.185  INFO   session     매핑되지 않은 핫바 아이콘: box1/f8:SPELL, box1/f11:아데나, box1/f12:화살, box2/f10:은화살, box2/f12:SPELL, box3/f10:SPELL
2026-09-29 15:14:03.266  INFO   session     루프 준비 · 요정 · 한국어 · 맵=말하는 섬 · 룻=아데나만 · 구역=구역 1, 구역 3
2026-09-29 15:14:03.770  INFO   session     Entity shadow: vision=4 {'player': 2, 'npc': 2} memory=5 {'player': 1, 'monster': 3, 'npc': 1} paired=1 median=0.031 unleveled=68:警衛,10:警衛
2026-09-29 15:14:03.886  INFO   session     인벤토리 수신 준비 (dll) · hp=0 화살=9525 은화살=0 해독=0
2026-09-29 15:14:03.941  INFO   decision    mode=farming goal=buff action=buff target=- sticky=- origin=(277,233) shop=0 scrolled=0 reason='armor_up' status=success
2026-09-29 15:14:04.593  INFO   search      farm branch=none (wander/search next)
2026-09-29 15:14:04.594  INFO   travel      return/enter farm needed at (277,233)
2026-09-29 15:14:04.620  INFO   search      farm branch=none (wander/search next)
2026-09-29 15:14:04.621  INFO   travel      hop begin wp=(272, 228) purpose=enter_farm reason=enter farm, walk around
2026-09-29 15:14:04.630  INFO   decision    mode=traveling goal=traveling action=traveling target=- sticky=- origin=(277,233) shop=0 scrolled=0 reason='enter farm, walk around' status=success
2026-09-29 15:14:05.127  INFO   loot        begin_loot_item id=6
2026-09-29 15:14:05.132  INFO   loot        loot A* blocked id=6 — ring click (279, 231) (r=2)
2026-09-29 15:14:05.139  INFO   loot        approach hop item=6 wp=(279, 231) reason=loot wall ring
2026-09-29 15:14:05.154  INFO   loot        farm branch=loot item_id=6
2026-09-29 15:14:05.167  INFO   decision    mode=traveling goal=loot action=searching target=6 sticky=- origin=(277,233) shop=0 scrolled=0 reason='loot wall ring' status=success
2026-09-29 15:14:05.475  INFO   loot        farm branch=loot item_id=6
2026-09-29 15:14:05.647  INFO   loot        farm branch=loot item_id=6
2026-09-29 15:14:05.857  INFO   loot        farm branch=loot item_id=6
2026-09-29 15:14:06.042  INFO   loot        farm branch=loot item_id=6
2026-09-29 15:14:06.247  INFO   loot        farm branch=loot item_id=6
2026-09-29 15:14:06.432  INFO   loot        farm branch=loot item_id=6
2026-09-29 15:14:06.591  INFO   loot        farm branch=loot item_id=6
2026-09-29 15:14:06.758  INFO   loot        farm branch=loot item_id=6
2026-09-29 15:14:06.931  INFO   loot        farm branch=loot item_id=6
2026-09-29 15:14:07.100  INFO   loot        farm branch=loot item_id=6
2026-09-29 15:14:07.491  INFO   loot        loot A* blocked id=6 — ring click (279, 232) (r=2)
2026-09-29 15:14:07.501  INFO   loot        approach hop item=6 wp=(279, 232) reason=loot wall ring
2026-09-29 15:14:07.536  INFO   loot        farm branch=loot item_id=6
2026-09-29 15:14:07.851  INFO   loot        farm branch=loot item_id=6
2026-09-29 15:14:08.036  INFO   loot        farm branch=loot item_id=6
2026-09-29 15:14:08.220  INFO   loot        farm branch=loot item_id=6
2026-09-29 15:14:08.425  INFO   loot        farm branch=loot item_id=6
2026-09-29 15:14:08.598  INFO   loot        farm branch=loot item_id=6
2026-09-29 15:14:08.807  INFO   loot        farm branch=loot item_id=6
2026-09-29 15:14:08.974  INFO   session     Entity shadow: vision=5 {'player': 2, 'npc': 2, 'item': 1} memory=6 {'monster': 3, 'player': 1, 'item': 1, 'npc': 1} paired=2 median=0.043 unleveled=206:兔子,68:警衛,10:警衛
2026-09-29 15:14:09.085  INFO   loot        approach hop item=6 wp=(279, 243) reason=walk onto item
2026-09-29 15:14:09.092  INFO   loot        farm branch=loot item_id=6
2026-09-29 15:14:09.531  INFO   loot        farm branch=loot item_id=6
2026-09-29 15:14:09.860  INFO   loot        farm branch=loot item_id=6
2026-09-29 15:14:10.007  INFO   session     일시정지 — 단축키
2026-09-29 15:14:22.611  INFO   session     일시정지 / 재개 → 실행 중
2026-09-29 15:14:22.902  INFO   session     Entity shadow: vision=4 {'player': 1, 'npc': 2, 'monster': 1} memory=7 {'monster': 4, 'npc': 3} paired=1 median=0.016 unleveled=68:警衛,10:警衛
2026-09-29 15:14:23.092  INFO   decision    mode=traveling goal=buff action=buff target=- sticky=- origin=(290,229) shop=0 scrolled=0 reason='light' status=success
2026-09-29 15:14:23.852  INFO   search      farm branch=none (wander/search next)
2026-09-29 15:14:23.905  INFO   travel      hop begin wp=(282, 236) purpose=enter_farm reason=enter farm area
2026-09-29 15:14:23.916  INFO   decision    mode=traveling goal=traveling action=traveling target=- sticky=- origin=(291,229) shop=0 scrolled=0 reason='enter farm area' status=success
2026-09-29 15:14:24.282  INFO   search      farm branch=none (wander/search next)
2026-09-29 15:14:24.517  INFO   combat      farm branch=screen_combat id=8 dist=7
2026-09-29 15:14:24.532  INFO   combat      engage id=8 species=monster_오크_2 rel=(-7,4)
2026-09-29 15:14:24.542  INFO   decision    mode=traveling goal=combat action=attack target=8 sticky=8 origin=(293,229) shop=0 scrolled=0 reason='screen engage' status=success
2026-09-29 15:14:25.167  INFO   combat      farm branch=sticky id=8 dist=6
2026-09-29 15:14:25.484  INFO   combat      farm branch=sticky id=8 dist=5
2026-09-29 15:14:25.734  INFO   combat      farm branch=sticky id=8 dist=5
2026-09-29 15:14:25.994  INFO   combat      farm branch=sticky id=8 dist=5
2026-09-29 15:14:26.252  INFO   combat      farm branch=sticky id=8 dist=4
2026-09-29 15:14:26.256  INFO   combat      wall/fence LOS blocked id=8 — A* detour hop to (288, 230)
2026-09-29 15:14:26.263  INFO   decision    mode=traveling goal=combat action=searching target=8 sticky=8 origin=(292,230) shop=0 scrolled=0 reason='wall detour A*' status=success
2026-09-29 15:14:26.648  INFO   combat      farm branch=sticky id=8 dist=4
2026-09-29 15:14:26.652  INFO   combat      wall/fence LOS blocked id=8 — A* detour hop to (288, 230)
2026-09-29 15:14:26.970  INFO   combat      farm branch=sticky id=8 dist=4
2026-09-29 15:14:26.974  INFO   combat      wall/fence LOS blocked id=8 — A* detour hop to (288, 230)
2026-09-29 15:14:27.286  INFO   combat      farm branch=sticky id=8 dist=4
2026-09-29 15:14:27.288  INFO   decision    mode=traveling goal=combat action=attack target=8 sticky=8 origin=(291,230) shop=0 scrolled=0 reason='attack target' status=success
2026-09-29 15:14:27.945  INFO   session     Entity shadow: vision=5 {'npc': 3, 'monster': 1, 'player': 1} memory=7 {'monster': 4, 'npc': 3} paired=1 median=0.078 unleveled=68:警衛,206:兔子,10:警衛
2026-09-29 15:14:28.039  INFO   combat      farm branch=sticky id=3 dist=4
2026-09-29 15:14:28.044  INFO   combat      wall/fence LOS blocked id=3 — A* detour hop to (286, 231)
2026-09-29 15:14:28.052  INFO   decision    mode=traveling goal=combat action=searching target=3 sticky=3 origin=(291,230) shop=0 scrolled=0 reason='wall detour A*' status=success
2026-09-29 15:14:28.449  INFO   search      farm branch=none (wander/search next)
2026-09-29 15:14:28.453  INFO   travel      hop begin wp=(282, 236) purpose=enter_farm reason=enter farm area
2026-09-29 15:14:28.464  INFO   decision    mode=traveling goal=traveling action=traveling target=- sticky=- origin=(291,230) shop=0 scrolled=0 reason='enter farm area' status=success
2026-09-29 15:14:28.823  INFO   search      farm branch=none (wander/search next)
2026-09-29 15:14:29.078  INFO   search      farm branch=none (wander/search next)
2026-09-29 15:14:29.389  INFO   search      farm branch=none (wander/search next)
2026-09-29 15:14:29.793  INFO   search      farm branch=none (wander/search next)
2026-09-29 15:14:30.086  INFO   search      farm branch=none (wander/search next)
2026-09-29 15:14:30.211  INFO   session     일시정지 — 단축키
2026-09-29 15:15:55.689  INFO   session     일시정지 / 재개 → 실행 중
2026-09-29 15:15:55.967  INFO   session     Entity shadow: vision=3 {'player': 1, 'monster': 1, 'npc': 1} memory=5 {'npc': 4, 'monster': 1} paired=2 median=0.056
2026-09-29 15:15:56.178  INFO   search      farm branch=none (wander/search next)
2026-09-29 15:15:56.349  INFO   travel      hop begin wp=(300, 209) purpose=enter_farm reason=enter farm area
2026-09-29 15:15:56.814  INFO   search      farm branch=none (wander/search next)
2026-09-29 15:15:57.093  INFO   search      farm branch=none (wander/search next)
2026-09-29 15:15:57.343  INFO   search      farm branch=none (wander/search next)
2026-09-29 15:15:57.552  INFO   search      farm branch=none (wander/search next)
2026-09-29 15:15:57.840  INFO   search      farm branch=none (wander/search next)
2026-09-29 15:15:58.149  INFO   search      farm branch=none (wander/search next)
2026-09-29 15:15:58.385  INFO   search      farm branch=none (wander/search next)
2026-09-29 15:15:58.413  INFO   travel      hop begin wp=(298, 207) purpose=enter_farm reason=enter farm area
2026-09-29 15:15:58.748  INFO   search      farm branch=none (wander/search next)
2026-09-29 15:15:58.998  INFO   search      farm branch=none (wander/search next)
2026-09-29 15:15:59.229  INFO   search      farm branch=none (wander/search next)
2026-09-29 15:15:59.507  INFO   search      farm branch=none (wander/search next)
2026-09-29 15:15:59.744  INFO   search      farm branch=none (wander/search next)
2026-09-29 15:15:59.959  INFO   search      farm branch=none (wander/search next)
2026-09-29 15:16:00.268  INFO   search      farm branch=none (wander/search next)
2026-09-29 15:16:00.509  INFO   search      farm branch=none (wander/search next)
2026-09-29 15:16:00.537  INFO   travel      hop begin wp=(298, 206) purpose=enter_farm reason=enter farm area
2026-09-29 15:16:00.962  INFO   search      farm branch=none (wander/search next)
2026-09-29 15:16:01.161  INFO   session     Entity shadow: vision=4 {'monster': 1, 'npc': 3} memory=7 {'monster': 1, 'npc': 6} paired=4 median=0.053
2026-09-29 15:16:01.287  INFO   search      farm branch=none (wander/search next)
2026-09-29 15:16:01.630  INFO   search      farm branch=none (wander/search next)
2026-09-29 15:16:02.223  INFO   search      farm branch=none (wander/search next)
2026-09-29 15:16:02.608  INFO   search      farm branch=none (wander/search next)
2026-09-29 15:16:02.636  INFO   travel      hop begin wp=(300, 202) purpose=enter_farm reason=enter farm area
2026-09-29 15:16:02.977  INFO   search      farm branch=none (wander/search next)
2026-09-29 15:16:03.196  INFO   search      farm branch=none (wander/search next)
2026-09-29 15:16:03.432  INFO   search      farm branch=none (wander/search next)
2026-09-29 15:16:03.678  INFO   search      farm branch=none (wander/search next)
2026-09-29 15:16:03.849  INFO   search      farm branch=none (wander/search next)
2026-09-29 15:16:04.082  INFO   combat      farm branch=screen_combat id=19 dist=8
2026-09-29 15:16:04.089  INFO   combat      engage id=19 species=monster_오크 전사_8 rel=(6,8)
2026-09-29 15:16:04.098  INFO   decision    mode=traveling goal=combat action=attack target=19 sticky=19 origin=(297,214) shop=0 scrolled=0 reason='screen engage' status=success
2026-09-29 15:16:04.727  INFO   combat      farm branch=sticky id=19 dist=8
2026-09-29 15:16:04.764  INFO   combat      wall/fence LOS blocked id=19 — A* detour hop to (303, 200)
2026-09-29 15:16:04.795  INFO   decision    mode=traveling goal=combat action=searching target=19 sticky=19 origin=(298,213) shop=0 scrolled=0 reason='wall detour A*' status=success
2026-09-29 15:16:05.145  INFO   combat      farm branch=sticky id=19 dist=9
2026-09-29 15:16:05.175  INFO   combat      wall/fence LOS blocked id=19 — A* detour hop to (305, 200)
2026-09-29 15:16:05.508  INFO   combat      farm branch=sticky id=19 dist=8
2026-09-29 15:16:05.538  INFO   combat      wall/fence LOS blocked id=19 — A* detour hop to (305, 200)
2026-09-29 15:16:05.565  INFO   session     일시정지 — 단축키
2026-09-29 15:16:14.360  INFO   session     일시정지 / 재개 → 실행 중
2026-09-29 15:16:14.662  INFO   session     Entity shadow: vision=4 {'player': 1, 'npc': 2, 'monster': 1} memory=5 {'monster': 2, 'npc': 3} paired=2 median=0.054 unleveled=68:警衛
2026-09-29 15:16:14.846  INFO   combat      farm branch=sticky id=19 dist=4
2026-09-29 15:16:14.995  INFO   combat      wall/fence LOS blocked id=19 — ring click (298, 221) (r=2)
2026-09-29 15:16:15.398  INFO   combat      farm branch=sticky id=19 dist=4
2026-09-29 15:16:15.417  INFO   combat      wall/fence LOS blocked id=19 — A* detour hop to (284, 231)
2026-09-29 15:16:15.727  INFO   combat      farm branch=sticky id=19 dist=4
2026-09-29 15:16:15.747  INFO   combat      wall/fence LOS blocked id=19 — A* detour hop to (284, 231)
2026-09-29 15:16:16.096  INFO   combat      farm branch=sticky id=19 dist=4
2026-09-29 15:16:16.115  INFO   combat      wall/fence LOS blocked id=19 — A* detour hop to (284, 231)
2026-09-29 15:16:16.401  INFO   combat      farm branch=sticky id=19 dist=4
2026-09-29 15:16:16.401  INFO   combat      wall/fence LOS blocked id=19 — ring click (293, 224) (r=2)
2026-09-29 15:16:16.740  INFO   combat      farm branch=sticky id=19 dist=4
2026-09-29 15:16:16.748  INFO   combat      wall/fence LOS blocked id=19 — ring click (294, 224) (r=2)
2026-09-29 15:16:17.096  INFO   combat      farm branch=sticky id=19 dist=4
2026-09-29 15:16:17.097  INFO   combat      wall/fence LOS blocked id=19 — ring click (294, 225) (r=2)
2026-09-29 15:16:17.403  INFO   combat      farm branch=sticky id=19 dist=4
2026-09-29 15:16:17.405  INFO   combat      wall/fence LOS blocked id=19 — A* detour hop to (294, 230)
2026-09-29 15:16:17.697  INFO   combat      farm branch=sticky id=19 dist=4
2026-09-29 15:16:17.700  INFO   combat      wall/fence LOS blocked id=19 — A* detour hop to (294, 230)
2026-09-29 15:16:17.987  INFO   combat      farm branch=sticky id=19 dist=4
2026-09-29 15:16:18.026  INFO   combat      wall/fence LOS blocked id=19 — A* detour hop to (284, 234)
2026-09-29 15:16:18.376  INFO   combat      farm branch=sticky id=19 dist=5
2026-09-29 15:16:18.377  INFO   combat      wall/fence LOS blocked id=19 — ring click (290, 226) (r=2)
2026-09-29 15:16:18.667  INFO   combat      farm branch=sticky id=19 dist=5
2026-09-29 15:16:18.667  INFO   combat      wall/fence LOS blocked id=19 — ring click (294, 226) (r=2)
2026-09-29 15:16:18.996  INFO   combat      farm branch=sticky id=19 dist=6
2026-09-29 15:16:18.996  INFO   combat      wall/fence LOS blocked id=19 — ring click (293, 227) (r=2)
2026-09-29 15:16:19.272  INFO   combat      farm branch=sticky id=19 dist=4
2026-09-29 15:16:19.305  INFO   combat      wall/fence LOS blocked id=19 — A* detour hop to (284, 234)
2026-09-29 15:16:19.671  INFO   session     Entity shadow: vision=4 {'player': 1, 'npc': 2, 'monster': 1} memory=6 {'monster': 3, 'npc': 3} paired=1 median=0.059 unleveled=10:警衛,68:警衛
2026-09-29 15:16:19.762  INFO   combat      farm branch=sticky id=19 dist=5
2026-09-29 15:16:19.777  INFO   combat      wall/fence LOS blocked id=19 — A* detour hop to (284, 234)
2026-09-29 15:16:20.162  INFO   combat      farm branch=sticky id=19 dist=5
2026-09-29 15:16:20.177  INFO   combat      wall/fence LOS blocked id=19 — A* detour hop to (284, 234)
2026-09-29 15:16:20.501  INFO   combat      farm branch=sticky id=19 dist=6
2026-09-29 15:16:20.547  INFO   combat      wall/fence LOS blocked id=19 — A* detour hop to (284, 234)
2026-09-29 15:16:20.896  INFO   combat      farm branch=sticky id=19 dist=7
2026-09-29 15:16:20.910  INFO   combat      wall/fence LOS blocked id=19 — A* detour hop to (284, 234)
2026-09-29 15:16:21.425  INFO   combat      farm branch=sticky id=19 dist=6
2026-09-29 15:16:21.553  INFO   combat      wall/fence LOS blocked id=19 — A* detour hop to (284, 234)
2026-09-29 15:16:21.908  INFO   combat      farm branch=sticky id=19 dist=6
2026-09-29 15:16:21.914  INFO   combat      wall/fence LOS blocked id=19 — A* detour hop to (284, 234)
2026-09-29 15:16:22.241  INFO   combat      farm branch=sticky id=19 dist=7
2026-09-29 15:16:22.270  INFO   combat      wall/fence LOS blocked id=19 — A* detour hop to (284, 234)
2026-09-29 15:16:22.603  INFO   combat      farm branch=sticky id=19 dist=7
2026-09-29 15:16:22.607  INFO   combat      wall/fence LOS blocked id=19 — A* detour hop to (284, 234)
2026-09-29 15:16:23.055  INFO   combat      farm branch=sticky id=19 dist=7
2026-09-29 15:16:23.059  INFO   combat      wall/fence LOS blocked id=19 — A* detour hop to (284, 234)
2026-09-29 15:16:23.415  INFO   combat      farm branch=sticky id=19 dist=9
2026-09-29 15:16:23.423  INFO   decision    mode=traveling goal=combat action=attack target=19 sticky=19 origin=(288,230) shop=0 scrolled=0 reason='attack target' status=success
2026-09-29 15:16:23.969  INFO   combat      farm branch=sticky id=19 dist=9
2026-09-29 15:16:24.304  INFO   combat      farm branch=sticky id=19 dist=9
2026-09-29 15:16:24.557  INFO   combat      farm branch=sticky id=19 dist=9
2026-09-29 15:16:24.830  INFO   session     Entity shadow: vision=4 {'player': 1, 'npc': 2, 'monster': 1} memory=6 {'monster': 3, 'npc': 3} paired=1 median=0.021 unleveled=10:警衛,68:警衛
2026-09-29 15:16:24.929  INFO   combat      farm branch=sticky id=19 dist=9
2026-09-29 15:16:25.243  INFO   combat      farm branch=sticky id=19 dist=9
2026-09-29 15:16:25.554  INFO   combat      farm branch=sticky id=19 dist=8
2026-09-29 15:16:25.824  INFO   combat      farm branch=sticky id=19 dist=8
2026-09-29 15:16:26.110  INFO   combat      farm branch=sticky id=19 dist=8
2026-09-29 15:16:26.399  INFO   combat      farm branch=sticky id=19 dist=7
2026-09-29 15:16:26.668  INFO   combat      farm branch=sticky id=19 dist=7
2026-09-29 15:16:26.927  INFO   combat      farm branch=sticky id=19 dist=6
2026-09-29 15:16:27.204  INFO   combat      farm branch=sticky id=19 dist=6
2026-09-29 15:16:27.462  INFO   combat      farm branch=sticky id=19 dist=6
2026-09-29 15:16:27.749  INFO   combat      farm branch=sticky id=19 dist=6
2026-09-29 15:16:28.125  INFO   combat      farm branch=sticky id=19 dist=5
2026-09-29 15:16:28.246  INFO   combat      wall/fence LOS blocked id=19 — A* detour hop to (284, 234)
2026-09-29 15:16:28.254  INFO   decision    mode=traveling goal=combat action=searching target=19 sticky=19 origin=(287,232) shop=0 scrolled=0 reason='wall detour A*' status=success
2026-09-29 15:16:28.613  INFO   loot        begin_loot_item id=30
2026-09-29 15:16:28.624  INFO   loot        approach hop item=30 wp=(284, 234) reason=walk onto item
2026-09-29 15:16:28.630  INFO   loot        farm branch=loot item_id=30
2026-09-29 15:16:28.640  INFO   decision    mode=traveling goal=loot action=searching target=30 sticky=- origin=(287,232) shop=0 scrolled=0 reason='walk onto item' status=success
2026-09-29 15:16:28.976  INFO   loot        farm branch=loot item_id=30
2026-09-29 15:16:29.170  INFO   loot        farm branch=loot item_id=30
2026-09-29 15:16:29.415  INFO   loot        farm branch=loot item_id=30
2026-09-29 15:16:29.582  INFO   loot        farm branch=loot item_id=30
2026-09-29 15:16:29.779  INFO   loot        farm branch=loot item_id=30
2026-09-29 15:16:29.967  INFO   session     Entity shadow: vision=5 {'player': 1, 'npc': 3, 'item': 1} memory=3 {'item': 1, 'monster': 2} paired=1 median=0.013 unleveled=10:警衛,68:警衛
2026-09-29 15:16:30.059  INFO   loot        farm branch=loot item_id=30
2026-09-29 15:16:30.285  INFO   loot        farm branch=loot item_id=30
2026-09-29 15:16:30.505  INFO   loot        approach hop item=30 wp=(288, 237) reason=walk onto item
2026-09-29 15:16:30.506  INFO   loot        farm branch=loot item_id=30
2026-09-29 15:16:30.842  INFO   loot        farm branch=loot item_id=30
2026-09-29 15:16:31.032  INFO   loot        farm branch=loot item_id=30
2026-09-29 15:16:31.252  INFO   loot        farm branch=loot item_id=30
2026-09-29 15:16:31.479  INFO   loot        farm branch=loot item_id=30
2026-09-29 15:16:31.669  INFO   loot        farm branch=loot item_id=30
2026-09-29 15:16:31.890  INFO   loot        farm branch=loot item_id=30
2026-09-29 15:16:32.087  INFO   loot        farm branch=loot item_id=30
2026-09-29 15:16:32.333  INFO   loot        farm branch=loot item_id=30
2026-09-29 15:16:32.557  INFO   loot        farm branch=loot item_id=30
2026-09-29 15:16:32.558  INFO   decision    mode=traveling goal=loot action=pickup target=30 sticky=- origin=(286,236) shop=0 scrolled=0 reason='loot target' status=success
2026-09-29 15:16:33.011  INFO   loot        pickup retry id=30 (await still listed)
2026-09-29 15:16:33.019  INFO   loot        pickup emit item=30 reason=pickup retry
2026-09-29 15:16:33.028  INFO   loot        farm branch=loot item_id=None
2026-09-29 15:16:33.453  INFO   loot        pickup retry id=30 (await still listed)
2026-09-29 15:16:33.454  INFO   loot        pickup emit item=30 reason=pickup retry
2026-09-29 15:16:33.465  INFO   loot        farm branch=loot item_id=None
2026-09-29 15:16:33.849  INFO   loot        pickup retry id=30 (await still listed)
2026-09-29 15:16:33.884  INFO   loot        pickup emit item=30 reason=pickup retry
2026-09-29 15:16:33.894  INFO   loot        farm branch=loot item_id=None
2026-09-29 15:16:34.331  INFO   search      farm branch=none (wander/search next)
2026-09-29 15:16:34.346  INFO   travel      hop begin wp=(285, 251) purpose=enter_farm reason=enter farm area
2026-09-29 15:16:34.356  INFO   decision    mode=traveling goal=traveling action=traveling target=- sticky=- origin=(287,237) shop=0 scrolled=0 reason='enter farm area' status=success
2026-09-29 15:16:34.467  INFO   session     일시정지 — 단축키
2026-09-29 15:16:39.467  INFO   session     일시정지 / 재개 → 실행 중
2026-09-29 15:16:39.723  INFO   session     Entity shadow: vision=4 {'player': 1, 'monster': 1, 'npc': 2} memory=3 {'monster': 3} paired=1 median=0.018 unleveled=189:鹿,68:警衛
2026-09-29 15:16:39.982  INFO   combat      farm branch=screen_combat id=31 dist=5
2026-09-29 15:16:40.164  INFO   combat      engage id=31 species=monster_오크_2 rel=(0,-5)
2026-09-29 15:16:40.187  INFO   decision    mode=traveling goal=combat action=attack target=31 sticky=31 origin=(286,244) shop=0 scrolled=0 reason='screen engage' status=success
2026-09-29 15:16:40.824  INFO   combat      farm branch=sticky id=31 dist=6
2026-09-29 15:16:41.120  INFO   combat      farm branch=sticky id=31 dist=6
2026-09-29 15:16:41.403  INFO   combat      farm branch=sticky id=31 dist=5
2026-09-29 15:16:41.672  INFO   combat      farm branch=sticky id=31 dist=5
2026-09-29 15:16:41.942  INFO   loot        begin_loot_item id=33
2026-09-29 15:16:41.943  INFO   loot        approach hop item=33 wp=(285, 241) reason=walk onto item
2026-09-29 15:16:41.950  INFO   loot        farm branch=loot item_id=33
2026-09-29 15:16:41.963  INFO   decision    mode=traveling goal=loot action=searching target=33 sticky=- origin=(286,246) shop=0 scrolled=0 reason='walk onto item' status=success
2026-09-29 15:16:42.362  INFO   loot        farm branch=loot item_id=33
2026-09-29 15:16:42.572  INFO   loot        farm branch=loot item_id=33
2026-09-29 15:16:42.757  INFO   loot        farm branch=loot item_id=33
2026-09-29 15:16:43.021  INFO   loot        farm branch=loot item_id=33
2026-09-29 15:16:43.278  INFO   loot        farm branch=loot item_id=33
2026-09-29 15:16:43.508  INFO   loot        farm branch=loot item_id=33
2026-09-29 15:16:43.668  INFO   session     일시정지 — 단축키
2026-09-29 15:16:43.674  INFO   loot        farm branch=loot item_id=33
2026-09-29 15:35:44.281  INFO   session     정지 → 중지됨
2026-09-29 15:35:44.554  INFO   session     봇 작업이 종료되었습니다
