2026-09-23 22:19:39.176  INFO   session     Loading Manmabot from D:\Work\Lineage\ManmabotV1_final\engine
2026-09-23 22:19:39.181  INFO   session     Session log D:\Work\Lineage\ManmabotV1_final\engine\logs\bot-20260923-221939.log
2026-09-23 22:19:39.182  INFO   session     character=elf loot=all_items game_lang=ko map=talking_island farms=['area_1', 'area_3', 'area_2'] file=D:\Work\Lineage\ManmabotV1_final\engine\logs\bot-20260923-221939.log
2026-09-23 22:19:39.237  INFO   nav         building portal graph (cluster=32, 479x511)
2026-09-23 22:19:39.490  INFO   nav         portal graph: 188 components, 252 ms
2026-09-23 22:19:39.496  INFO   nav         farms=3 safe=11 home=(354, 203) (files farm=D:\Work\Lineage\ManmabotV1_final\engine\maps\talking_island\farms.yaml safe=D:\Work\Lineage\ManmabotV1_final\engine\maps\talking_island\safe.yaml home=D:\Work\Lineage\ManmabotV1_final\engine\maps\talking_island\home.yaml)
2026-09-23 22:19:39.513  INFO   capture     mss window capture process='LC.exe' title=None content_aspect=4:3
2026-09-23 22:19:39.870  INFO   session     Entity clicks use memory names, species, and world cells. Image recognition still runs. Set memory.entity_source to vision to restore image-only clicks.
2026-09-23 22:19:39.876  INFO   session     Player memory is read in this process (realtime_monitor.dll, offsets.json). No separate console.
2026-09-23 22:19:39.882  INFO   session     Inventory listen scanning in background (build inventory_listen.dll or place inv.json).
2026-09-23 22:19:39.886  INFO   session     Scanning hotbar (skill boxes 1–3)…
2026-09-23 22:19:40.744  INFO   session     Auto-pause (not_focused)
2026-09-23 22:19:44.221  INFO   session     Hotbar scan done · hp_potion@box1/f5, talking_scroll@box1/f8
2026-09-23 22:19:44.225  INFO   session     Loop ready · elf · ko · map=talking_island · loot=all_items · farms=['area_1', 'area_3', 'area_2']
2026-09-23 22:19:46.929  INFO   session     Auto-resume → Running
2026-09-23 22:19:47.249  INFO   session     Entity shadow: vision=2 {'player': 2} memory=0 {} paired=0 median=0.000
2026-09-23 22:19:47.267  INFO   session     Inventory listen ready (dll) · hp=11 arrows=2647 silver=5 depoison=0
2026-09-23 22:19:47.270  INFO   decision    mode=farming behavior=search action=searching target=- reason='search area' status=success
2026-09-23 22:19:51.153  INFO   decision    mode=farming behavior=combat action=attack target=1 reason='engage target' status=success
2026-09-23 22:19:52.342  INFO   session     Entity shadow: vision=1 {'player': 1} memory=1 {'monster': 1} paired=0 median=0.000
2026-09-23 22:19:57.461  INFO   session     Entity shadow: vision=1 {'player': 1} memory=1 {'monster': 1} paired=0 median=0.000
2026-09-23 22:20:02.194  INFO   decision    mode=farming behavior=combat action=attack target=1 reason='attack target' status=success (repeat)
2026-09-23 22:20:02.566  INFO   session     Entity shadow: vision=1 {'player': 1} memory=1 {'monster': 1} paired=0 median=0.000
2026-09-23 22:20:07.577  INFO   session     Entity shadow: vision=2 {'monster': 2} memory=1 {'monster': 1} paired=1 median=0.038
2026-09-23 22:20:12.629  INFO   session     Entity shadow: vision=2 {'monster': 1, 'player': 1} memory=1 {'monster': 1} paired=1 median=0.012
2026-09-23 22:20:12.647  INFO   decision    mode=farming behavior=combat action=attack target=1 reason='attack target' status=success (repeat)
2026-09-23 22:20:13.256  INFO   decision    mode=farming behavior=loot action=pickup target=2 reason='engage item' status=success
2026-09-23 22:20:17.523  INFO   decision    mode=farming behavior=loot action=searching target=2 reason='stand beside item' status=success
2026-09-23 22:20:17.755  INFO   session     Entity shadow: vision=1 {'player': 1} memory=0 {} paired=0 median=0.000
2026-09-23 22:20:19.910  INFO   session     Auto-pause (not_focused)
2026-09-23 22:20:22.368  INFO   session     Resume → Running
2026-09-23 22:20:22.572  INFO   decision    mode=farming behavior=loot action=pickup target=2 reason='loot target' status=success
2026-09-23 22:20:22.781  INFO   session     Entity shadow: vision=1 {'player': 1} memory=0 {} paired=0 median=0.000
2026-09-23 22:20:22.799  INFO   decision    mode=farming behavior=search action=searching target=- reason='search area' status=success
2026-09-23 22:20:24.422  INFO   session     Auto-pause (not_focused)
2026-09-23 22:20:46.405  INFO   session     Auto-resume → Running
2026-09-23 22:20:46.562  INFO   session     Entity shadow: vision=1 {'player': 1} memory=0 {} paired=0 median=0.000
2026-09-23 22:20:49.811  INFO   session     Auto-pause (not_focused)
2026-09-23 22:20:50.092  INFO   session     Auto-resume → Running
2026-09-23 22:20:51.041  INFO   session     Paused — hotkey
2026-09-23 22:20:57.759  INFO   session     Stop → Stopped
2026-09-23 22:20:58.012  INFO   session     Bot worker exited
