2026-09-24 17:50:59.800  INFO   session     Loading Manmabot from D:\Work\Lineage\ManmabotV1_final\engine
2026-09-24 17:50:59.803  INFO   session     Session log D:\Work\Lineage\ManmabotV1_final\engine\logs\bot-20260924-175059.log
2026-09-24 17:50:59.803  INFO   session     character=elf loot=all_items game_lang=ko map=talking_island farms=['area_2', 'area_1', 'area_3'] file=D:\Work\Lineage\ManmabotV1_final\engine\logs\bot-20260924-175059.log
2026-09-24 17:50:59.858  INFO   nav         building portal graph (cluster=32, 479x511)
2026-09-24 17:51:00.103  INFO   nav         portal graph: 188 components, 245 ms
2026-09-24 17:51:00.109  INFO   nav         farms=3 safe=11 home=(354, 203) (files farm=D:\Work\Lineage\ManmabotV1_final\engine\maps\talking_island\farms.yaml safe=D:\Work\Lineage\ManmabotV1_final\engine\maps\talking_island\safe.yaml home=D:\Work\Lineage\ManmabotV1_final\engine\maps\talking_island\home.yaml)
2026-09-24 17:51:00.159  INFO   capture     mss window capture process='LC.exe' title=None content_aspect=4:3
2026-09-24 17:51:00.584  INFO   session     Entity clicks use memory names, species, and world cells. Image recognition still runs. Set memory.entity_source to vision to restore image-only clicks.
2026-09-24 17:51:00.591  INFO   session     Player memory is read in this process (realtime_monitor.dll, offsets.json). No separate console.
2026-09-24 17:51:00.596  INFO   session     Inventory listen scanning in background (build inventory_listen.dll or place inv.json).
2026-09-24 17:51:00.601  INFO   session     Reading hotbar from memory (24 slots)…
2026-09-24 17:51:00.701  INFO   session     Hotbar scan done · hp_potion@box1/f5, talking_scroll@box1/f8
2026-09-24 17:51:00.705  INFO   session     Unmapped hotbar icons: box1/f6:+0 화살 (1,530), box1/f7:아데나 (384), box1/f9:初級治癒術, box1/f10:日光術, box1/f11:傳送術, box1/f12:光箭, box2/f5:保護罩, box2/f6:冰箭, box2/f7:風刃, box2/f8:神聖武器
2026-09-24 17:51:00.743  INFO   session     Loop ready · elf · ko · map=talking_island · loot=all_items · farms=['area_2', 'area_1', 'area_3']
2026-09-24 17:51:01.083  INFO   session     Entity shadow: vision=5 {'player': 3, 'monster': 1, 'npc': 1} memory=8 {'monster': 5, 'player': 3} paired=4 median=0.020 unleveled=10:警衛,20:?
2026-09-24 17:51:01.099  INFO   session     Inventory listen ready (dll) · hp=6 arrows=1530 silver=5 depoison=0
2026-09-24 17:51:01.140  INFO   decision    mode=traveling behavior=traveling action=traveling target=- reason='enter farm area' status=success
2026-09-24 17:51:06.144  INFO   session     Entity shadow: vision=6 {'player': 4, 'npc': 1, 'monster': 1} memory=5 {'monster': 2, 'player': 3} paired=4 median=0.009 unleveled=10:警衛
2026-09-24 17:51:09.856  INFO   decision    mode=traveling behavior=traveling action=traveling target=- reason='enter farm area' status=success (repeat)
2026-09-24 17:51:11.176  INFO   session     Entity shadow: vision=2 {'player': 1, 'npc': 1} memory=1 {'monster': 1} paired=0 median=0.000 unleveled=10:警衛
2026-09-24 17:51:16.202  INFO   session     Entity shadow: vision=1 {'player': 1} memory=0 {} paired=0 median=0.000
2026-09-24 17:51:17.837  INFO   decision    mode=traveling behavior=traveling action=traveling target=- reason='enter farm area' status=success (repeat)
2026-09-24 17:51:21.340  INFO   session     Entity shadow: vision=2 {'npc': 1, 'player': 1} memory=2 {'monster': 2} paired=0 median=0.000 unleveled=68:警衛,189:鹿
2026-09-24 17:51:23.837  INFO   session     Stop → Stopped
2026-09-24 17:51:24.141  INFO   session     Bot worker exited
