2026-09-21 21:08:04.672  INFO   session     Loading Manmabot from D:\Work\ManmabotV1_final\engine
2026-09-21 21:08:04.676  INFO   session     Session log D:\Work\ManmabotV1_final\engine\logs\bot-20260921-210804.log
2026-09-21 21:08:04.677  INFO   session     character=elf loot=all_items game_lang=ko map=talking_island farms=['area_1', 'area_2', 'area_3', 'area_4', 'area_5', 'area_6'] file=D:\Work\ManmabotV1_final\engine\logs\bot-20260921-210804.log
2026-09-21 21:08:04.908  INFO   nav         building portal graph (cluster=32, 479x511)
2026-09-21 21:08:05.158  INFO   nav         portal graph: 188 components, 250 ms
2026-09-21 21:08:05.165  INFO   nav         farms=6 safe=11 home=(354, 203) (files farm=D:\Work\ManmabotV1_final\engine\maps\talking_island\farms.yaml safe=D:\Work\ManmabotV1_final\engine\maps\talking_island\safe.yaml home=D:\Work\ManmabotV1_final\engine\maps\talking_island\home.yaml)
2026-09-21 21:08:05.447  INFO   capture     mss window capture process='LC.exe' title=None content_aspect=4:3
2026-09-21 21:08:05.827  INFO   session     Entity clicks use memory names, species, and world cells. Image recognition still runs. Set memory.entity_source to vision to restore image-only clicks.
2026-09-21 21:08:05.840  INFO   session     Player memory is read in this process (realtime_monitor.dll, offsets.json). No separate console.
2026-09-21 21:08:13.285  INFO   session     Auto-resume → Running
2026-09-21 21:08:30.638  INFO   session     Inventory listen ready (dll) · hp=26 arrows=477 silver=0 depoison=0
2026-09-21 21:08:30.644  INFO   session     Scanning hotbar (skill boxes 1–3)…
2026-09-21 21:08:35.400  INFO   session     Hotbar scan done · hp_potion@box1/f5, talking_scroll@box1/f8
2026-09-21 21:08:35.405  INFO   session     Loop ready · elf · ko · map=talking_island · loot=all_items · farms=['area_1', 'area_2', 'area_3', 'area_4', 'area_5', 'area_6']
2026-09-21 21:08:36.629  INFO   session     Entity shadow: vision=47 {'player': 44, 'monster': 2, 'npc': 1} memory=100 {'player': 94, 'monster': 1, 'npc': 5} paired=44 median=0.035 unleveled=319:?
2026-09-21 21:09:01.973  INFO   decision    mode=traveling behavior=traveling action=idle target=- reason='enter farm, path blocked' status=success
2026-09-21 21:09:02.498  INFO   session     Entity shadow: vision=47 {'player': 43, 'monster': 3, 'npc': 1} memory=105 {'player': 99, 'monster': 1, 'npc': 5} paired=42 median=0.038 unleveled=319:?
2026-09-21 21:09:28.154  INFO   decision    mode=traveling behavior=enter_farm action=idle target=- reason='enter farm, path blocked' status=success
2026-09-21 21:09:28.407  INFO   session     Entity shadow: vision=47 {'player': 44, 'monster': 3} memory=101 {'player': 96, 'npc': 5} paired=43 median=0.033
2026-09-21 21:09:50.675  INFO   session     Auto-pause (not_focused)
2026-09-21 21:09:53.456  INFO   session     Auto-resume → Running
2026-09-21 21:09:54.871  INFO   session     Entity shadow: vision=46 {'player': 43, 'monster': 2, 'npc': 1} memory=89 {'player': 84, 'npc': 4, 'monster': 1} paired=43 median=0.030
2026-09-21 21:09:57.701  INFO   session     Auto-pause (not_focused)
2026-09-21 21:10:20.198  INFO   session     Auto-resume → Running
2026-09-21 21:10:22.847  INFO   session     Entity shadow: vision=37 {'player': 35, 'monster': 2} memory=60 {'player': 54, 'npc': 5, 'monster': 1} paired=35 median=0.026 unleveled=319:?
2026-09-21 21:10:24.420  INFO   session     Auto-pause (not_focused)
2026-09-21 21:10:46.923  INFO   session     Auto-resume → Running
2026-09-21 21:10:50.291  INFO   session     Entity shadow: vision=33 {'player': 31, 'npc': 1, 'monster': 1} memory=47 {'npc': 4, 'player': 42, 'monster': 1} paired=27 median=0.022 unleveled=319:?
2026-09-21 21:11:17.335  INFO   session     Entity shadow: vision=39 {'player': 35, 'monster': 3, 'npc': 1} memory=47 {'player': 43, 'npc': 3, 'monster': 1} paired=35 median=0.026 unleveled=319:?
2026-09-21 21:11:17.541  INFO   session     Auto-pause (not_focused)
2026-09-21 21:11:24.565  INFO   session     Auto-resume → Running
2026-09-21 21:11:36.608  INFO   session     Auto-pause (not_focused)
2026-09-21 21:11:47.847  INFO   session     Auto-resume → Running
2026-09-21 21:11:48.203  INFO   session     Entity shadow: vision=12 {'player': 11, 'npc': 1} memory=48 {'player': 45, 'monster': 1, 'npc': 2} paired=9 median=0.010 unleveled=189:鹿
2026-09-21 21:11:52.928  INFO   session     Auto-pause (not_focused)
2026-09-21 21:11:56.033  INFO   session     Auto-resume → Running
2026-09-21 21:12:14.043  INFO   decision    mode=traveling behavior=traveling action=traveling target=- reason='enter farm area' status=success
2026-09-21 21:12:14.648  INFO   session     Entity shadow: vision=15 {'player': 14, 'npc': 1} memory=40 {'player': 38, 'npc': 2} paired=14 median=0.017
2026-09-21 21:12:39.409  INFO   session     Entity shadow: vision=10 {'player': 7, 'npc': 3} memory=9 {'monster': 2, 'npc': 2, 'player': 5} paired=6 median=0.018 unleveled=10:警衛,68:警衛
2026-09-21 21:13:03.463  INFO   session     Entity shadow: vision=9 {'player': 4, 'monster': 1, 'npc': 4} memory=6 {'monster': 5, 'npc': 1} paired=2 median=0.075 unleveled=68:警衛,10:警衛
2026-09-21 21:13:08.113  INFO   session     Auto-pause (not_focused)
2026-09-21 21:13:18.799  INFO   session     Auto-resume → Running
2026-09-21 21:13:26.157  INFO   decision    mode=traveling behavior=combat action=attack target=200 reason='engage target' status=success
2026-09-21 21:13:26.583  INFO   session     Entity shadow: vision=5 {'player': 2, 'npc': 3} memory=4 {'monster': 4} paired=0 median=0.000 unleveled=68:警衛,10:警衛
2026-09-21 21:13:48.578  INFO   decision    mode=traveling behavior=combat action=attack target=201 reason='engage target' status=success
2026-09-21 21:13:49.021  INFO   session     Entity shadow: vision=4 {'monster': 1, 'player': 3} memory=5 {'npc': 1, 'monster': 4} paired=1 median=0.060 unleveled=68:警衛,10:警衛
2026-09-21 21:14:10.989  INFO   decision    mode=traveling behavior=combat action=attack target=205 reason='engage target' status=success
2026-09-21 21:14:11.459  INFO   session     Entity shadow: vision=3 {'player': 2, 'monster': 1} memory=4 {'monster': 4} paired=1 median=0.092 unleveled=206:兔子,68:警衛,10:警衛
2026-09-21 21:14:33.672  INFO   decision    mode=traveling behavior=traveling action=traveling target=- reason='enter farm area' status=success
2026-09-21 21:14:34.001  INFO   session     Entity shadow: vision=4 {'monster': 1, 'npc': 3} memory=4 {'monster': 4} paired=1 median=0.107 unleveled=206:兔子,68:警衛,10:警衛
2026-09-21 21:14:56.307  INFO   session     Entity shadow: vision=7 {'player': 2, 'npc': 4, 'monster': 1} memory=6 {'monster': 5, 'player': 1} paired=2 median=0.119 unleveled=206:兔子,68:警衛,10:警衛
2026-09-21 21:15:07.028  INFO   session     Auto-pause (not_focused)
2026-09-21 21:15:08.485  INFO   session     Stop → Stopped
2026-09-21 21:15:18.803  INFO   session     Bot worker exited
