2026-09-23 20:40:37.170  INFO   session     Loading Manmabot from D:\Work\Lineage\ManmabotV1_final\engine
2026-09-23 20:40:37.173  INFO   session     Session log D:\Work\Lineage\ManmabotV1_final\engine\logs\bot-20260923-204037.log
2026-09-23 20:40:37.174  INFO   session     character=elf loot=all_items game_lang=ko map=talking_island farms=['area_1', 'area_3'] file=D:\Work\Lineage\ManmabotV1_final\engine\logs\bot-20260923-204037.log
2026-09-23 20:40:37.388  INFO   nav         building portal graph (cluster=32, 479x511)
2026-09-23 20:40:37.650  INFO   nav         portal graph: 188 components, 262 ms
2026-09-23 20:40:37.658  INFO   nav         farms=2 safe=11 home=(354, 203) (files farm=D:\Work\Lineage\ManmabotV1_final\engine\maps\talking_island\farms.yaml safe=D:\Work\Lineage\ManmabotV1_final\engine\maps\talking_island\safe.yaml home=D:\Work\Lineage\ManmabotV1_final\engine\maps\talking_island\home.yaml)
2026-09-23 20:40:37.997  INFO   capture     mss window capture process='LC.exe' title=None content_aspect=4:3
2026-09-23 20:40:38.354  INFO   session     Entity clicks use memory names, species, and world cells. Image recognition still runs. Set memory.entity_source to vision to restore image-only clicks.
2026-09-23 20:40:38.361  INFO   session     Player memory is read in this process (realtime_monitor.dll, offsets.json). No separate console.
2026-09-23 20:40:38.366  INFO   session     Inventory listen scanning in background (build inventory_listen.dll or place inv.json).
2026-09-23 20:40:38.370  INFO   session     Scanning hotbar (skill boxes 1–3)…
2026-09-23 20:40:42.813  INFO   session     Hotbar scan done · talking_scroll@box1/f8
2026-09-23 20:40:42.816  INFO   session     Loop ready · elf · ko · map=talking_island · loot=all_items · farms=['area_1', 'area_3']
2026-09-23 20:40:52.415  INFO   session     Auto-resume → Running
2026-09-23 20:40:53.061  INFO   session     Entity shadow: vision=17 {'player': 11, 'npc': 3, 'item': 2, 'monster': 1} memory=20 {'monster': 2, 'npc': 5, 'player': 9, 'item': 4} paired=10 median=0.103 unleveled=208:토끼,14:개구리
2026-09-23 20:40:53.089  INFO   session     Inventory listen ready (dll) · hp=6 arrows=2701 silver=0 depoison=0
2026-09-23 20:40:53.134  INFO   decision    mode=farming behavior=talking_scroll action=use_talking_scroll target=- reason='go to shop (buy_hp_potions_talking)' status=success
2026-09-23 20:40:56.437  INFO   decision    mode=farming behavior=shop action=shop_stop target=- reason='stop at shop' status=success
2026-09-23 20:40:57.866  INFO   decision    mode=farming behavior=shop action=shop_buy_arrows target=- reason='shop:buy_hp_potions_talking' status=success
2026-09-23 20:41:05.114  INFO   session     Entity shadow: vision=19 {'player': 15, 'npc': 3, 'item': 1} memory=66 {'player': 63, 'npc': 2, 'item': 1} paired=17 median=0.023
2026-09-23 20:41:05.141  INFO   decision    mode=farming behavior=talking_scroll action=use_talking_scroll target=- reason='return to farm map after shop' status=success
2026-09-23 20:41:06.091  INFO   decision    mode=traveling behavior=traveling action=traveling target=- reason='unstick' status=success
2026-09-23 20:41:06.714  INFO   decision    mode=traveling behavior=loot action=searching target=18 reason='stand beside item' status=success
2026-09-23 20:41:10.049  INFO   decision    mode=traveling behavior=loot action=searching target=19 reason='stand beside item' status=success
2026-09-23 20:41:10.829  INFO   session     Entity shadow: vision=38 {'player': 33, 'monster': 2, 'npc': 3} memory=51 {'monster': 2, 'player': 40, 'npc': 9} paired=30 median=0.065 unleveled=206:토끼
2026-09-23 20:41:16.089  INFO   session     Entity shadow: vision=34 {'player': 29, 'npc': 4, 'item': 1} memory=57 {'player': 41, 'monster': 2, 'npc': 10, 'item': 4} paired=32 median=0.046 unleveled=206:토끼,208:토끼
2026-09-23 20:41:20.126  INFO   decision    mode=traveling behavior=loot action=searching target=248 reason='stand beside item' status=success
2026-09-23 20:41:21.675  INFO   session     Entity shadow: vision=29 {'player': 23, 'item': 2, 'monster': 2, 'npc': 2} memory=89 {'player': 79, 'npc': 6, 'item': 4} paired=21 median=0.062
2026-09-23 20:41:26.769  INFO   session     Entity shadow: vision=29 {'player': 24, 'npc': 2, 'item': 2, 'monster': 1} memory=89 {'player': 80, 'monster': 1, 'npc': 4, 'item': 4} paired=27 median=0.052 unleveled=208:토끼
2026-09-23 20:41:27.425  INFO   decision    mode=traveling behavior=loot action=searching target=249 reason='stand beside item' status=success
2026-09-23 20:41:30.262  INFO   decision    mode=traveling behavior=loot action=searching target=252 reason='stand beside item' status=success
2026-09-23 20:41:31.730  INFO   decision    mode=traveling behavior=loot action=pickup target=252 reason='loot target' status=success
2026-09-23 20:41:32.289  INFO   session     Entity shadow: vision=19 {'player': 15, 'npc': 4} memory=80 {'player': 70, 'npc': 6, 'item': 4} paired=18 median=0.038
2026-09-23 20:41:37.375  INFO   session     Entity shadow: vision=21 {'player': 17, 'npc': 3, 'item': 1} memory=27 {'player': 19, 'npc': 5, 'item': 3} paired=19 median=0.032
2026-09-23 20:41:41.508  INFO   session     Paused — hotkey
2026-09-23 20:41:42.831  INFO   session     Hotkey resume → Running
2026-09-23 20:41:43.156  INFO   session     Entity shadow: vision=18 {'player': 14, 'item': 1, 'npc': 3} memory=28 {'monster': 1, 'player': 19, 'npc': 5, 'item': 3} paired=17 median=0.037 unleveled=14:개구리
2026-09-23 20:41:48.388  INFO   session     Entity shadow: vision=20 {'player': 15, 'npc': 4, 'item': 1} memory=26 {'player': 18, 'npc': 5, 'item': 3} paired=18 median=0.035
2026-09-23 20:41:52.480  INFO   decision    mode=traveling behavior=loot action=pickup target=252 reason='loot target' status=success (repeat)
2026-09-23 20:41:53.500  INFO   session     Entity shadow: vision=19 {'player': 15, 'npc': 3, 'item': 1} memory=26 {'player': 18, 'npc': 5, 'item': 3} paired=17 median=0.032
2026-09-23 20:41:58.635  INFO   session     Entity shadow: vision=20 {'player': 16, 'item': 1, 'npc': 3} memory=26 {'player': 18, 'npc': 5, 'item': 3} paired=18 median=0.033
2026-09-23 20:42:03.765  INFO   session     Entity shadow: vision=13 {'player': 9, 'npc': 3, 'item': 1} memory=25 {'npc': 7, 'monster': 1, 'player': 15, 'item': 2} paired=12 median=0.063 unleveled=207:토끼
2026-09-23 20:42:04.147  INFO   decision    mode=traveling behavior=loot action=searching target=252 reason='stand beside item' status=success
2026-09-23 20:42:06.023  INFO   decision    mode=traveling behavior=loot action=pickup target=252 reason='loot target' status=success
2026-09-23 20:42:07.146  INFO   decision    mode=traveling behavior=loot action=searching target=252 reason='stand beside item' status=success
2026-09-23 20:42:08.898  INFO   session     Entity shadow: vision=13 {'player': 9, 'item': 1, 'npc': 3} memory=24 {'monster': 1, 'npc': 6, 'player': 15, 'item': 2} paired=12 median=0.033 unleveled=207:토끼
2026-09-23 20:42:11.142  INFO   decision    mode=traveling behavior=traveling action=traveling target=- reason='enter farm area' status=success
2026-09-23 20:42:14.055  INFO   session     Entity shadow: vision=15 {'player': 10, 'npc': 3, 'item': 1, 'monster': 1} memory=70 {'monster': 1, 'player': 61, 'npc': 6, 'item': 2} paired=14 median=0.035 unleveled=207:토끼
2026-09-23 20:42:18.541  INFO   session     Paused — hotkey
2026-09-23 20:42:23.028  INFO   session     Stop → Stopped
2026-09-23 20:42:23.309  INFO   session     Bot worker exited
