2026-09-24 00:05:50.798  INFO   session     Loading Manmabot from D:\Work\Lineage\ManmabotV1_final\engine
2026-09-24 00:05:50.801  INFO   session     Session log D:\Work\Lineage\ManmabotV1_final\engine\logs\bot-20260924-000550.log
2026-09-24 00:05:50.801  INFO   session     character=elf loot=all_items game_lang=ko map=talking_island farms=['area_3', 'area_2'] file=D:\Work\Lineage\ManmabotV1_final\engine\logs\bot-20260924-000550.log
2026-09-24 00:05:54.305  INFO   nav         building portal graph (cluster=32, 479x511)
2026-09-24 00:05:54.551  INFO   nav         portal graph: 188 components, 246 ms
2026-09-24 00:05:54.577  INFO   nav         farms=2 safe=11 home=(354, 203) (files farm=D:\Work\Lineage\ManmabotV1_final\engine\maps\talking_island\farms.yaml safe=D:\Work\Lineage\ManmabotV1_final\engine\maps\talking_island\safe.yaml home=D:\Work\Lineage\ManmabotV1_final\engine\maps\talking_island\home.yaml)
2026-09-24 00:05:55.533  INFO   capture     mss window capture process='LC.exe' title=None content_aspect=4:3
2026-09-24 00:05:55.667  INFO   session     Auto-pause (not_focused)
2026-09-24 00:05:58.180  INFO   session     Auto-resume → Running
2026-09-24 00:05:58.920  INFO   session     Entity clicks use memory names, species, and world cells. Image recognition still runs. Set memory.entity_source to vision to restore image-only clicks.
2026-09-24 00:05:58.927  INFO   session     Player memory is read in this process (realtime_monitor.dll, offsets.json). No separate console.
2026-09-24 00:05:58.970  INFO   session     Inventory listen scanning in background (build inventory_listen.dll or place inv.json).
2026-09-24 00:05:59.027  INFO   session     Reading hotbar from memory (24 slots)…
2026-09-24 00:05:59.183  INFO   session     Hotbar scan done · talking_scroll@box1/f8
2026-09-24 00:05:59.189  INFO   session     Unmapped hotbar icons: box1/f5:체력 회복제 (11), box1/f6:+0 화살 (2,540), box1/f7:아데나 (459), box1/f12:상쾌한 초록 물약
2026-09-24 00:05:59.216  INFO   session     Loop ready · elf · ko · map=talking_island · loot=all_items · farms=['area_3', 'area_2']
2026-09-24 00:06:00.889  INFO   session     Entity shadow: vision=3 {'monster': 2, 'player': 1} memory=1 {'item': 1} paired=0 median=0.000
2026-09-24 00:06:00.934  INFO   session     Inventory listen ready (dll) · hp=11 arrows=2540 silver=5 depoison=0
2026-09-24 00:06:01.055  INFO   decision    mode=farming behavior=loot action=searching target=1 reason='walk onto item' status=success
2026-09-24 00:06:06.124  INFO   session     Entity shadow: vision=4 {'player': 4} memory=2 {'monster': 1, 'player': 1} paired=1 median=0.071
2026-09-24 00:06:07.789  INFO   decision    mode=farming behavior=combat action=attack target=4 reason='engage target' status=success
2026-09-24 00:06:10.220  INFO   decision    mode=farming behavior=loot action=searching target=1 reason='walk onto item' status=success
2026-09-24 00:06:11.261  INFO   session     Entity shadow: vision=3 {'player': 3} memory=2 {'player': 2} paired=2 median=0.055
2026-09-24 00:06:13.305  INFO   decision    mode=traveling behavior=traveling action=traveling target=- reason='enter farm area' status=success
2026-09-24 00:06:16.262  INFO   session     Entity shadow: vision=5 {'player': 5} memory=3 {'player': 3} paired=2 median=0.058
2026-09-24 00:06:21.277  INFO   session     Entity shadow: vision=2 {'player': 2} memory=1 {'player': 1} paired=1 median=0.025
2026-09-24 00:06:21.575  INFO   decision    mode=traveling behavior=traveling action=traveling target=- reason='enter farm area' status=success (repeat)
2026-09-24 00:06:21.719  INFO   decision    mode=traveling behavior=combat action=attack target=8 reason='engage target' status=success
2026-09-24 00:06:26.280  INFO   session     Entity shadow: vision=4 {'monster': 3, 'player': 1} memory=4 {'player': 1, 'monster': 3} paired=2 median=0.015
2026-09-24 00:06:27.184  INFO   decision    mode=traveling behavior=combat action=attack target=9 reason='engage target' status=success
2026-09-24 00:06:29.179  INFO   decision    mode=traveling behavior=combat action=attack target=7 reason='engage target' status=success
2026-09-24 00:06:31.374  INFO   session     Entity shadow: vision=2 {'player': 1, 'monster': 1} memory=3 {'monster': 2, 'player': 1} paired=1 median=0.025
2026-09-24 00:06:34.563  INFO   decision    mode=traveling behavior=combat action=attack target=10 reason='engage target' status=success
2026-09-24 00:06:36.451  INFO   session     Entity shadow: vision=3 {'item': 1, 'player': 1, 'monster': 1} memory=4 {'monster': 1, 'player': 2, 'item': 1} paired=3 median=0.012
2026-09-24 00:06:36.705  INFO   decision    mode=traveling behavior=loot action=searching target=12 reason='walk onto item' status=success
2026-09-24 00:06:41.403  INFO   decision    mode=traveling behavior=loot action=pickup target=12 reason='loot target' status=success
2026-09-24 00:06:41.656  INFO   session     Entity shadow: vision=3 {'player': 1, 'item': 1, 'monster': 1} memory=4 {'monster': 3, 'item': 1} paired=2 median=0.030
2026-09-24 00:06:41.978  INFO   decision    mode=traveling behavior=combat action=attack target=13 reason='engage target' status=success
2026-09-24 00:06:45.284  INFO   decision    mode=traveling behavior=loot action=pickup target=12 reason='engage item' status=success
2026-09-24 00:06:46.880  INFO   session     Entity shadow: vision=1 {'player': 1} memory=3 {'monster': 3} paired=0 median=0.000
2026-09-24 00:06:49.760  INFO   decision    mode=traveling behavior=combat action=attack target=16 reason='engage target' status=success
2026-09-24 00:06:51.493  INFO   decision    mode=traveling behavior=loot action=searching target=18 reason='walk onto item' status=success
2026-09-24 00:06:51.961  INFO   session     Entity shadow: vision=3 {'player': 1, 'item': 1, 'monster': 1} memory=1 {'item': 1} paired=1 median=0.018
2026-09-24 00:06:54.321  INFO   decision    mode=traveling behavior=loot action=pickup target=18 reason='loot target' status=success
2026-09-24 00:06:57.133  INFO   session     Entity shadow: vision=3 {'item': 1, 'monster': 1, 'player': 1} memory=4 {'monster': 3, 'item': 1} paired=2 median=0.031
2026-09-24 00:06:58.833  INFO   decision    mode=traveling behavior=combat action=attack target=20 reason='engage target' status=success
2026-09-24 00:07:00.721  INFO   decision    mode=traveling behavior=loot action=pickup target=18 reason='engage item' status=success
2026-09-24 00:07:02.225  INFO   session     Entity shadow: vision=2 {'monster': 2} memory=2 {'monster': 2} paired=1 median=0.027
2026-09-24 00:07:07.314  INFO   session     Entity shadow: vision=1 {'player': 1} memory=1 {'monster': 1} paired=0 median=0.000
2026-09-24 00:07:07.941  INFO   decision    mode=traveling behavior=combat action=attack target=23 reason='engage target' status=success
2026-09-24 00:07:12.412  INFO   session     Entity shadow: vision=3 {'player': 1, 'monster': 1, 'item': 1} memory=2 {'monster': 1, 'item': 1} paired=2 median=0.008
2026-09-24 00:07:12.672  INFO   decision    mode=traveling behavior=loot action=searching target=24 reason='walk onto item' status=success
2026-09-24 00:07:14.755  INFO   decision    mode=traveling behavior=loot action=pickup target=24 reason='loot target' status=success
2026-09-24 00:07:17.610  INFO   session     Entity shadow: vision=4 {'player': 1, 'monster': 3} memory=3 {'monster': 3} paired=3 median=0.024
2026-09-24 00:07:20.857  INFO   decision    mode=traveling behavior=combat action=attack target=27 reason='engage target' status=success
2026-09-24 00:07:22.647  INFO   session     Entity shadow: vision=4 {'player': 1, 'monster': 3} memory=2 {'monster': 2} paired=1 median=0.017 unleveled=14:青蛙
2026-09-24 00:07:23.932  INFO   decision    mode=traveling behavior=loot action=searching target=30 reason='walk onto item' status=success
2026-09-24 00:07:26.848  INFO   decision    mode=traveling behavior=loot action=pickup target=30 reason='loot target' status=success
2026-09-24 00:07:27.811  INFO   session     Entity shadow: vision=1 {'player': 1} memory=3 {'monster': 3} paired=0 median=0.000 unleveled=189:鹿,14:青蛙
2026-09-24 00:07:32.859  INFO   session     Entity shadow: vision=1 {'monster': 1} memory=2 {'monster': 2} paired=0 median=0.000 unleveled=189:鹿,208:兔子
2026-09-24 00:07:34.282  INFO   decision    mode=traveling behavior=traveling action=traveling target=- reason='enter farm area' status=success
2026-09-24 00:07:36.068  INFO   session     Stop → Stopped (정지 — 게임 창이 닫혔습니다.)
2026-09-24 00:07:36.139  INFO   session     Bot worker exited
