2026-09-23 17:26:35.756  INFO   session     Loading Manmabot from D:\Work\Lineage\ManmabotV1_final\engine
2026-09-23 17:26:35.759  INFO   session     Session log D:\Work\Lineage\ManmabotV1_final\engine\logs\bot-20260923-172635.log
2026-09-23 17:26:35.759  INFO   session     character=elf loot=all_items game_lang=ko map=talking_island farms=['area_1', 'area_2', 'area_3', 'area_4'] file=D:\Work\Lineage\ManmabotV1_final\engine\logs\bot-20260923-172635.log
2026-09-23 17:26:35.974  INFO   nav         building portal graph (cluster=32, 479x511)
2026-09-23 17:26:36.239  INFO   nav         portal graph: 188 components, 265 ms
2026-09-23 17:26:36.246  INFO   nav         farms=4 safe=11 home=(354, 203) (files farm=D:\Work\Lineage\ManmabotV1_final\engine\maps\talking_island\farms.yaml safe=D:\Work\Lineage\ManmabotV1_final\engine\maps\talking_island\safe.yaml home=D:\Work\Lineage\ManmabotV1_final\engine\maps\talking_island\home.yaml)
2026-09-23 17:26:36.539  INFO   capture     mss window capture process='LC.exe' title=None content_aspect=4:3
2026-09-23 17:26:36.902  INFO   session     Entity clicks use memory names, species, and world cells. Image recognition still runs. Set memory.entity_source to vision to restore image-only clicks.
2026-09-23 17:26:36.908  INFO   session     Player memory is read in this process (realtime_monitor.dll, offsets.json). No separate console.
2026-09-23 17:26:36.915  INFO   session     Inventory listen started · inv.json seed · hp=26 arrows=477 silver=0 depoison=0 (live scan in background)
2026-09-23 17:26:36.922  INFO   session     Scanning hotbar (skill boxes 1–3)…
2026-09-23 17:26:41.035  INFO   session     Hotbar scan done · hp_potion@box1/f5, talking_scroll@box1/f8
2026-09-23 17:26:41.039  INFO   session     Loop ready · elf · ko · map=talking_island · loot=all_items · farms=['area_1', 'area_2', 'area_3', 'area_4']
2026-09-23 17:26:41.690  INFO   session     Entity shadow: vision=11 {'player': 7, 'monster': 2, 'npc': 2} memory=23 {'player': 14, 'npc': 6, 'monster': 3} paired=6 median=0.052 unleveled=10:경비병,68:경비병,14:개구리
2026-09-23 17:26:41.723  INFO   decision    mode=traveling behavior=traveling action=traveling target=- reason='enter farm area' status=success
2026-09-23 17:26:46.734  INFO   session     Entity shadow: vision=4 {'player': 1, 'monster': 1, 'npc': 2} memory=5 {'npc': 3, 'monster': 2} paired=0 median=0.000 unleveled=10:경비병,68:경비병
2026-09-23 17:26:51.795  INFO   session     Entity shadow: vision=4 {'player': 1, 'npc': 2, 'monster': 1} memory=5 {'monster': 4, 'npc': 1} paired=0 median=0.000 unleveled=208:토끼,207:토끼,10:경비병,68:경비병
2026-09-23 17:26:52.788  INFO   decision    mode=traveling behavior=traveling action=traveling target=- reason='enter farm area' status=success (repeat)
2026-09-23 17:26:56.822  INFO   session     Entity shadow: vision=1 {'player': 1} memory=3 {'monster': 2, 'npc': 1} paired=0 median=0.000 unleveled=207:토끼,208:토끼
2026-09-23 17:26:58.273  INFO   decision    mode=traveling behavior=loot action=searching target=- reason='approach item' status=success
2026-09-23 17:26:59.481  INFO   decision    mode=traveling behavior=traveling action=traveling target=- reason='enter farm area' status=success
2026-09-23 17:27:01.104  INFO   session     Paused — hotkey
2026-09-23 17:28:21.106  INFO   session     Resume → Running
2026-09-23 17:28:21.332  INFO   session     Entity shadow: vision=1 {'player': 1} memory=1 {'monster': 1} paired=0 median=0.000 unleveled=10:경비병
2026-09-23 17:28:21.350  INFO   session     Inventory listen ready (dll) · hp=10 arrows=2892 silver=0 depoison=0
2026-09-23 17:28:26.409  INFO   session     Entity shadow: vision=1 {'player': 1} memory=0 {} paired=0 median=0.000
2026-09-23 17:28:28.006  INFO   decision    mode=traveling behavior=combat action=attack target=32 reason='engage target' status=success
2026-09-23 17:28:31.517  INFO   session     Entity shadow: vision=3 {'player': 2, 'monster': 1} memory=2 {'player': 1, 'monster': 1} paired=2 median=0.038
2026-09-23 17:28:31.542  INFO   decision    mode=traveling behavior=combat action=attack target=33 reason='engage target' status=success
2026-09-23 17:28:33.991  INFO   action      cursor give-up id=33 item=false reason=cursor=normal/normal score=1.000 not allowed
2026-09-23 17:28:34.167  INFO   decision    mode=traveling behavior=combat action=attack target=34 reason='engage target' status=success
2026-09-23 17:28:35.958  INFO   action      cursor give-up id=34 item=false reason=cursor=normal/normal score=1.000 not allowed
2026-09-23 17:28:36.154  INFO   decision    mode=traveling behavior=traveling action=traveling target=- reason='enter farm area' status=success
2026-09-23 17:28:36.593  INFO   session     Entity shadow: vision=3 {'player': 1, 'monster': 2} memory=2 {'monster': 2} paired=2 median=0.072
2026-09-23 17:28:41.600  INFO   session     Entity shadow: vision=3 {'player': 1, 'monster': 2} memory=2 {'monster': 2} paired=2 median=0.008
2026-09-23 17:28:42.809  INFO   decision    mode=traveling behavior=loot action=searching target=- reason='approach item' status=success
2026-09-23 17:28:46.669  INFO   session     Entity shadow: vision=4 {'player': 2, 'item': 1, 'monster': 1} memory=2 {'item': 1, 'monster': 1} paired=2 median=0.011
2026-09-23 17:28:47.023  INFO   decision    mode=traveling behavior=loot action=pickup target=35 reason='loot target' status=success
2026-09-23 17:28:49.960  INFO   decision    mode=traveling behavior=traveling action=traveling target=- reason='enter farm area' status=success
2026-09-23 17:28:51.695  INFO   session     Entity shadow: vision=3 {'monster': 1, 'player': 2} memory=2 {'monster': 1, 'player': 1} paired=1 median=0.035
2026-09-23 17:28:56.729  INFO   session     Entity shadow: vision=2 {'player': 2} memory=3 {'monster': 2, 'player': 1} paired=1 median=0.023 unleveled=12:슬라임
2026-09-23 17:28:58.046  INFO   session     Paused — hotkey
2026-09-23 17:33:45.510  INFO   session     Stop → Stopped
