2026-09-28 01:58:21.851  INFO   session     Loading Manmabot from D:\ManmabotV1_final\engine
2026-09-28 01:58:21.877  INFO   session     Session log D:\ManmabotV1_final\engine\logs\bot-20260928-015821.log
2026-09-28 01:58:21.877  INFO   session     character=elf loot=all_items game_lang=ko map=talking_island farms=['area_1', 'area_3'] file=D:\ManmabotV1_final\engine\logs\bot-20260928-015821.log
2026-09-28 01:58:21.961  INFO   nav         building portal graph (cluster=32, 479x511)
2026-09-28 01:58:22.288  INFO   nav         portal graph: 188 components, 326 ms
2026-09-28 01:58:22.295  INFO   nav         farms=2 safe=11 home=(354, 203) (files farm=D:\ManmabotV1_final\engine\maps\talking_island\farms.yaml safe=D:\ManmabotV1_final\engine\maps\talking_island\safe.yaml home=D:\ManmabotV1_final\engine\maps\talking_island\home.yaml)
2026-09-28 01:58:22.365  INFO   capture     mss window capture process='LC.exe' title=None content_aspect=4:3
2026-09-28 01:58:22.985  INFO   session     Entity clicks use memory names, species, and world cells. Image recognition still runs. Set memory.entity_source to vision to restore image-only clicks.
2026-09-28 01:58:23.005  INFO   session     Player memory is read in this process (realtime_monitor.dll, offsets.json). No separate console.
2026-09-28 01:58:23.019  INFO   session     인벤토리를 백그라운드에서 스캔 중 (inventory_listen.dll 또는 inv.json을 두세요).
2026-09-28 01:58:23.032  INFO   session     메모리에서 핫바 24칸을 읽는 중…
2026-09-28 01:58:23.120  INFO   session     핫바 스캔 완료 · 파워 업@box2/f8, 아머 업@box2/f5, 라이트@box1/f10, 힐@box1/f9, HP 물약@box1/f8, 텔레포트@box1/f11, 마법 공격@box1/f12, 말하는 두루마리@box1/f5
2026-09-28 01:58:23.152  INFO   session     매핑되지 않은 핫바 아이콘: box1/f6:작은 활 (무장), box1/f7:나무 화살, box1/f9:아데나
2026-09-28 01:58:23.166  INFO   session     루프 준비 · 요정 · 한국어 · 맵=말하는 섬 · 룻=전부 줍기 · 구역=구역 1, 구역 3
2026-09-28 01:58:23.858  INFO   session     Entity shadow: vision=3 {'player': 1, 'npc': 2} memory=3 {'monster': 3} paired=0 median=0.000 unleveled=189:鹿,10:警衛,68:警衛
2026-09-28 01:58:23.879  INFO   session     인벤토리 수신 준비 (dll) · hp=0 화살=308 은화살=0 해독=0
2026-09-28 01:58:23.902  INFO   decision    mode=farming behavior=buff action=buff target=- reason='armor_up' status=success
2026-09-28 01:58:25.008  INFO   decision    mode=farming behavior=talking_scroll action=use_talking_scroll target=- reason='go to shop (buy_hp_potions_ch_mainland)' status=success
2026-09-28 01:58:28.799  INFO   nav         async nav configure start map=mainland
2026-09-28 01:58:30.616  INFO   session     Entity shadow: vision=39 {'player': 35, 'npc': 3, 'monster': 1} memory=70 {'player': 61, 'npc': 8, 'monster': 1} paired=36 median=0.042 unleveled=319:?
2026-09-28 01:58:31.013  INFO   decision    mode=farming behavior=shop action=shop_stop target=- reason='stop at shop' status=success
2026-09-28 01:58:31.041  INFO   nav         building portal graph (cluster=32, 1755x1414)
2026-09-28 01:58:36.386  INFO   nav         portal graph: 2586 components, 5345 ms
2026-09-28 01:58:36.392  INFO   nav         farms=6 safe=0 home=None (files farm=D:\ManmabotV1_final\engine\maps\mainland\farms.yaml safe=D:\ManmabotV1_final\engine\maps\mainland\safe.yaml home=D:\ManmabotV1_final\engine\maps\mainland\home.yaml)
2026-09-28 01:58:36.392  INFO   nav         async nav configure done map=mainland (7593 ms)
2026-09-28 01:58:36.864  INFO   session     Entity shadow: vision=40 {'player': 35, 'monster': 2, 'npc': 3} memory=70 {'player': 61, 'npc': 8, 'monster': 1} paired=36 median=0.043 unleveled=319:?
2026-09-28 01:58:37.107  INFO   decision    mode=farming behavior=buff action=buff target=- reason='light' status=success
2026-09-28 01:58:38.198  INFO   decision    mode=farming behavior=shop action=shop_buy_arrows target=- reason='shop:buy_hp_potions_ch_mainland' status=success
2026-09-28 01:58:45.167  INFO   session     Entity shadow: vision=39 {'player': 37, 'monster': 1, 'npc': 1} memory=71 {'player': 63, 'npc': 7, 'monster': 1} paired=37 median=0.036 unleveled=319:?
2026-09-28 01:58:45.260  INFO   decision    mode=farming behavior=talking_scroll action=use_talking_scroll target=- reason='return to farm map after shop' status=success
2026-09-28 01:58:48.560  INFO   nav         async nav configure start map=talking_island
2026-09-28 01:58:48.716  INFO   nav         building portal graph (cluster=32, 479x511)
2026-09-28 01:58:49.167  INFO   nav         portal graph: 188 components, 451 ms
2026-09-28 01:58:49.177  INFO   nav         farms=4 safe=11 home=(354, 203) (files farm=D:\ManmabotV1_final\engine\maps\talking_island\farms.yaml safe=D:\ManmabotV1_final\engine\maps\talking_island\safe.yaml home=D:\ManmabotV1_final\engine\maps\talking_island\home.yaml)
2026-09-28 01:58:49.177  INFO   nav         async nav configure done map=talking_island (617 ms)
2026-09-28 01:58:50.847  INFO   session     Entity shadow: vision=51 {'player': 45, 'npc': 4, 'monster': 1, 'item': 1} memory=63 {'monster': 3, 'player': 50, 'item': 2, 'npc': 8} paired=46 median=0.027 unleveled=14:青蛙,319:?,68:警衛
2026-09-28 01:58:50.949  INFO   decision    mode=farming behavior=loot action=searching target=80 reason='walk onto item' status=success
2026-09-28 01:58:56.694  INFO   session     Entity shadow: vision=44 {'player': 37, 'npc': 6, 'monster': 1} memory=62 {'npc': 11, 'player': 47, 'monster': 2, 'item': 2} paired=35 median=0.062 unleveled=10:警衛,319:?
2026-09-28 01:59:00.282  INFO   decision    mode=farming behavior=loot action=pickup target=80 reason='loot target' status=success
2026-09-28 01:59:01.715  INFO   decision    mode=traveling behavior=traveling action=traveling target=- reason='enter farm area' status=success
2026-09-28 01:59:02.918  INFO   session     Entity shadow: vision=27 {'player': 22, 'npc': 4, 'monster': 1} memory=77 {'monster': 2, 'player': 69, 'npc': 5, 'item': 1} paired=25 median=0.042 unleveled=10:警衛,319:?
2026-09-28 01:59:07.312  INFO   decision    mode=traveling behavior=loot action=searching target=80 reason='walk onto item' status=success
2026-09-28 01:59:08.153  INFO   session     Entity shadow: vision=28 {'player': 20, 'monster': 5, 'item': 1, 'npc': 2} memory=68 {'player': 62, 'npc': 5, 'item': 1} paired=21 median=0.055
2026-09-28 01:59:09.340  INFO   decision    mode=traveling behavior=loot action=pickup target=80 reason='loot target' status=success
2026-09-28 01:59:11.016  INFO   decision    mode=traveling behavior=traveling action=traveling target=- reason='enter farm area' status=success
2026-09-28 01:59:13.064  INFO   session     Entity shadow: vision=24 {'player': 19, 'npc': 3, 'monster': 2} memory=57 {'player': 52, 'npc': 5} paired=19 median=0.040
2026-09-28 01:59:18.286  INFO   session     Entity shadow: vision=15 {'player': 10, 'monster': 2, 'npc': 3} memory=19 {'player': 13, 'npc': 6} paired=12 median=0.026
2026-09-28 01:59:23.703  INFO   session     Entity shadow: vision=7 {'player': 6, 'npc': 1} memory=10 {'monster': 1, 'player': 6, 'npc': 3} paired=5 median=0.023 unleveled=189:鹿
2026-09-28 01:59:28.931  INFO   session     Entity shadow: vision=5 {'player': 3, 'npc': 1, 'monster': 1} memory=2 {'monster': 1, 'player': 1} paired=1 median=0.019 unleveled=189:鹿
2026-09-28 01:59:34.252  INFO   session     Entity shadow: vision=5 {'npc': 1, 'player': 4} memory=6 {'monster': 2, 'npc': 2, 'player': 2} paired=2 median=0.016 unleveled=189:鹿,68:警衛
2026-09-28 01:59:36.163  INFO   decision    mode=traveling behavior=traveling action=traveling target=- reason='enter farm area' status=success (repeat)
2026-09-28 01:59:39.514  INFO   session     Entity shadow: vision=6 {'player': 4, 'npc': 2} memory=7 {'npc': 3, 'monster': 2, 'player': 2} paired=3 median=0.015 unleveled=189:鹿,68:警衛
2026-09-28 01:59:44.637  INFO   session     Entity shadow: vision=7 {'player': 4, 'npc': 2, 'monster': 1} memory=9 {'monster': 2, 'npc': 3, 'player': 4} paired=3 median=0.015 unleveled=189:鹿,68:警衛
2026-09-28 01:59:49.693  INFO   session     Entity shadow: vision=6 {'player': 3, 'npc': 2, 'monster': 1} memory=10 {'monster': 2, 'npc': 4, 'player': 4} paired=3 median=0.021 unleveled=189:鹿,68:警衛
2026-09-28 01:59:50.869  INFO   decision    mode=traveling behavior=unstick action=teleport target=- reason='unstick confined' status=success
2026-09-28 01:59:51.889  INFO   decision    mode=traveling behavior=traveling action=traveling target=- reason='enter farm, walk around' status=success
2026-09-28 01:59:52.298  INFO   decision    mode=traveling behavior=traveling action=idle target=- reason='no behavior produced an intent' status=success
2026-09-28 01:59:52.691  INFO   decision    mode=traveling behavior=traveling action=traveling target=- reason='enter farm, walk around' status=success
2026-09-28 01:59:54.792  INFO   session     Entity shadow: vision=6 {'player': 4, 'npc': 2} memory=7 {'npc': 3, 'monster': 2, 'player': 2} paired=3 median=0.045 unleveled=189:鹿,68:警衛
2026-09-28 01:59:54.823  INFO   decision    mode=traveling behavior=traveling action=idle target=- reason='no behavior produced an intent' status=success
2026-09-28 01:59:55.237  INFO   decision    mode=traveling behavior=traveling action=traveling target=- reason='enter farm, walk around' status=success
2026-09-28 02:00:00.070  INFO   session     Entity shadow: vision=5 {'player': 4, 'npc': 1} memory=9 {'monster': 2, 'npc': 3, 'player': 4} paired=2 median=0.020 unleveled=189:鹿,68:警衛
2026-09-28 02:00:05.079  INFO   session     Entity shadow: vision=5 {'player': 4, 'npc': 1} memory=8 {'monster': 2, 'player': 4, 'npc': 2} paired=2 median=0.020 unleveled=189:鹿,68:警衛
2026-09-28 02:00:10.397  INFO   session     Entity shadow: vision=6 {'player': 4, 'monster': 1, 'npc': 1} memory=7 {'monster': 3, 'npc': 2, 'player': 2} paired=2 median=0.024 unleveled=10:警衛,189:鹿,68:警衛
2026-09-28 02:00:12.254  INFO   decision    mode=traveling behavior=unstick action=teleport target=- reason='unstick confined' status=success
2026-09-28 02:00:13.374  INFO   decision    mode=traveling behavior=traveling action=traveling target=- reason='enter farm, walk around' status=success
2026-09-28 02:00:15.474  INFO   session     Entity shadow: vision=5 {'player': 4, 'npc': 1} memory=6 {'monster': 2, 'npc': 2, 'player': 2} paired=2 median=0.016 unleveled=189:鹿,68:警衛
2026-09-28 02:00:20.841  INFO   session     Entity shadow: vision=6 {'player': 4, 'monster': 1, 'npc': 1} memory=8 {'monster': 2, 'player': 4, 'npc': 2} paired=2 median=0.012 unleveled=189:鹿,68:警衛
2026-09-28 02:00:25.932  INFO   session     Entity shadow: vision=5 {'player': 4, 'npc': 1} memory=8 {'monster': 2, 'player': 4, 'npc': 2} paired=2 median=0.021 unleveled=189:鹿,68:警衛
2026-09-28 02:00:29.774  INFO   session     일시정지 — 단축키
2026-09-28 02:01:40.670  INFO   session     재개 → 실행 중
2026-09-28 02:01:41.089  INFO   session     Entity shadow: vision=5 {'player': 4, 'npc': 1} memory=7 {'monster': 1, 'player': 4, 'npc': 2} paired=2 median=0.021 unleveled=68:警衛
2026-09-28 02:01:41.360  INFO   decision    mode=traveling behavior=unstick action=teleport target=- reason='unstick confined' status=success
2026-09-28 02:01:42.450  INFO   decision    mode=traveling behavior=traveling action=traveling target=- reason='enter farm, walk around' status=success
2026-09-28 02:01:44.103  INFO   session     일시정지 — 단축키
2026-09-28 02:01:53.197  INFO   session     정지 → 중지됨
2026-09-28 02:01:53.528  INFO   session     봇 작업이 종료되었습니다
