2026-09-27 19:42:48.339  INFO   session     Loading Manmabot from D:\ManmabotV1_final\engine
2026-09-27 19:42:48.346  INFO   session     Session log D:\ManmabotV1_final\engine\logs\bot-20260927-194248.log
2026-09-27 19:42:48.346  INFO   session     character=elf loot=all_items game_lang=ko map=talking_island farms=['area_1', 'area_2', 'area_3', 'area_4'] file=D:\ManmabotV1_final\engine\logs\bot-20260927-194248.log
2026-09-27 19:42:48.644  INFO   nav         building portal graph (cluster=32, 479x511)
2026-09-27 19:42:49.022  INFO   nav         portal graph: 188 components, 378 ms
2026-09-27 19:42:49.030  INFO   nav         farms=4 safe=11 home=(354, 203) (files farm=D:\ManmabotV1_final\engine\maps\talking_island\farms.yaml safe=D:\ManmabotV1_final\engine\maps\talking_island\safe.yaml home=D:\ManmabotV1_final\engine\maps\talking_island\home.yaml)
2026-09-27 19:42:49.292  INFO   capture     mss window capture process='LC.exe' title=None content_aspect=4:3
2026-09-27 19:42:49.804  INFO   session     Entity clicks use memory names, species, and world cells. Image recognition still runs. Set memory.entity_source to vision to restore image-only clicks.
2026-09-27 19:42:49.820  INFO   session     Player memory is read in this process (realtime_monitor.dll, offsets.json). No separate console.
2026-09-27 19:42:49.833  INFO   session     인벤토리를 백그라운드에서 스캔 중 (inventory_listen.dll 또는 inv.json을 두세요).
2026-09-27 19:42:49.864  INFO   session     메모리에서 핫바 24칸을 읽는 중…
2026-09-27 19:42:49.939  INFO   session     핫바 스캔 완료 · 파워 업@box1/f5, 아머 업@box1/f6, 라이트@box1/f7, 힐@box1/f8, HP 물약@box1/f9, 텔레포트@box1/f10, 마법 공격@box1/f11, 말하는 두루마리@box1/f5, 마더 트리@box2/f6, HP를 MP로@box2/f7
2026-09-27 19:42:49.995  INFO   session     루프 준비 · 요정 · 한국어 · 맵=말하는 섬 · 룻=전부 줍기 · 구역=구역 1, 구역 2, 구역 3, 구역 4
2026-09-27 19:42:51.498  INFO   session     Entity shadow: vision=30 {'player': 22, 'npc': 1, 'monster': 7} memory=42 {'player': 36, 'item': 1, 'monster': 5} paired=21 median=0.043 unleveled=10:警衛,20:?,19:?
2026-09-27 19:42:51.554  INFO   session     인벤토리 수신 준비 (dll) · hp=0 화살=605 은화살=0 해독=0
2026-09-27 19:42:51.580  INFO   decision    mode=farming behavior=buff action=buff target=- reason='armor_up' status=success
2026-09-27 19:42:52.637  INFO   decision    mode=farming behavior=loot action=searching target=16 reason='walk onto item' status=success
2026-09-27 19:42:56.683  INFO   session     Entity shadow: vision=28 {'player': 20, 'monster': 6, 'npc': 1, 'item': 1} memory=37 {'player': 35, 'item': 1, 'monster': 1} paired=21 median=0.058 unleveled=20:?
2026-09-27 19:43:02.428  INFO   session     Entity shadow: vision=27 {'item': 1, 'player': 18, 'npc': 3, 'monster': 5} memory=27 {'player': 26, 'item': 1} paired=16 median=0.058
2026-09-27 19:43:02.476  INFO   decision    mode=farming behavior=buff action=buff target=- reason='light' status=success
2026-09-27 19:43:03.883  INFO   decision    mode=farming behavior=loot action=pickup target=16 reason='loot target' status=success
2026-09-27 19:43:04.553  INFO   decision    mode=farming behavior=loot action=idle target=- reason='pickup settle' status=success
2026-09-27 19:43:05.186  INFO   decision    mode=traveling behavior=traveling action=traveling target=- reason='enter farm area' status=success
2026-09-27 19:43:07.729  INFO   session     Entity shadow: vision=20 {'player': 13, 'npc': 4, 'monster': 3} memory=23 {'player': 23} paired=12 median=0.054
2026-09-27 19:43:12.699  INFO   session     Entity shadow: vision=17 {'player': 12, 'monster': 4, 'npc': 1} memory=16 {'player': 16} paired=10 median=0.017
2026-09-27 19:43:17.875  INFO   session     Entity shadow: vision=2 {'player': 2} memory=1 {'player': 1} paired=1 median=0.006
2026-09-27 19:43:22.897  INFO   session     Entity shadow: vision=1 {'player': 1} memory=0 {} paired=0 median=0.000
2026-09-27 19:43:25.339  INFO   decision    mode=traveling behavior=traveling action=idle target=- reason='no behavior produced an intent' status=success
2026-09-27 19:43:25.712  INFO   decision    mode=traveling behavior=traveling action=traveling target=- reason='enter farm area' status=success
2026-09-27 19:43:28.338  INFO   session     Entity shadow: vision=1 {'player': 1} memory=0 {} paired=0 median=0.000
2026-09-27 19:43:33.428  INFO   session     Entity shadow: vision=1 {'player': 1} memory=0 {} paired=0 median=0.000
2026-09-27 19:43:35.315  INFO   decision    mode=traveling behavior=combat action=attack target=44 reason='engage target' status=success
2026-09-27 19:43:38.837  INFO   session     Entity shadow: vision=3 {'npc': 1, 'monster': 1, 'player': 1} memory=2 {'monster': 2} paired=1 median=0.022 unleveled=10:警衛
2026-09-27 19:43:41.653  INFO   decision    mode=traveling behavior=traveling action=traveling target=- reason='enter farm area' status=success
2026-09-27 19:43:44.013  INFO   session     Entity shadow: vision=3 {'player': 1, 'npc': 2} memory=2 {'monster': 2} paired=0 median=0.000 unleveled=10:警衛,68:警衛
2026-09-27 19:43:49.126  INFO   session     Entity shadow: vision=4 {'player': 1, 'npc': 2, 'monster': 1} memory=3 {'monster': 3} paired=1 median=0.019 unleveled=10:警衛,68:警衛
2026-09-27 19:43:53.197  INFO   decision    mode=traveling behavior=? action=idle target=- reason='no behavior produced an intent' status=failure
2026-09-27 19:43:53.587  INFO   decision    mode=traveling behavior=traveling action=traveling target=- reason='enter farm area' status=success
2026-09-27 19:43:54.504  INFO   session     Entity shadow: vision=5 {'npc': 1, 'monster': 2, 'player': 2} memory=4 {'player': 1, 'monster': 3} paired=3 median=0.055 unleveled=10:警衛,68:警衛
2026-09-27 19:43:56.474  INFO   decision    mode=traveling behavior=loot action=pickup target=49 reason='engage item' status=success
2026-09-27 19:43:57.001  INFO   decision    mode=traveling behavior=loot action=idle target=- reason='pickup settle' status=success
2026-09-27 19:43:57.887  INFO   decision    mode=traveling behavior=traveling action=traveling target=- reason='enter farm area' status=success
2026-09-27 19:43:59.830  INFO   session     Entity shadow: vision=6 {'player': 2, 'item': 1, 'npc': 3} memory=5 {'player': 1, 'monster': 3, 'item': 1} paired=2 median=0.071 unleveled=10:警衛,68:警衛
2026-09-27 19:44:03.717  INFO   decision    mode=traveling behavior=combat action=attack target=51 reason='engage target' status=success
2026-09-27 19:44:05.269  INFO   session     Entity shadow: vision=3 {'player': 2, 'npc': 1} memory=2 {'monster': 2} paired=0 median=0.000 unleveled=68:警衛
2026-09-27 19:44:10.402  INFO   session     Entity shadow: vision=1 {'player': 1} memory=1 {'monster': 1} paired=0 median=0.000
2026-09-27 19:44:11.458  INFO   decision    mode=traveling behavior=traveling action=traveling target=- reason='enter farm area' status=success
2026-09-27 19:44:15.567  INFO   session     Entity shadow: vision=1 {'player': 1} memory=0 {} paired=0 median=0.000
2026-09-27 19:44:20.637  INFO   session     Entity shadow: vision=2 {'player': 1, 'monster': 1} memory=1 {'monster': 1} paired=1 median=0.030
2026-09-27 19:44:24.072  INFO   decision    mode=traveling behavior=combat action=attack target=56 reason='engage target' status=success
2026-09-27 19:44:25.806  INFO   session     Entity shadow: vision=4 {'monster': 3, 'player': 1} memory=4 {'player': 1, 'monster': 3} paired=3 median=0.030
2026-09-27 19:44:28.818  INFO   decision    mode=traveling behavior=loot action=searching target=58 reason='walk onto item' status=success
2026-09-27 19:44:30.986  INFO   session     Entity shadow: vision=5 {'player': 1, 'monster': 3, 'item': 1} memory=5 {'monster': 2, 'player': 1, 'item': 2} paired=3 median=0.016
2026-09-27 19:44:33.239  INFO   decision    mode=traveling behavior=loot action=pickup target=58 reason='loot target' status=success
2026-09-27 19:44:33.833  INFO   decision    mode=traveling behavior=loot action=idle target=- reason='pickup settle' status=success
2026-09-27 19:44:34.702  INFO   decision    mode=traveling behavior=loot action=searching target=57 reason='walk onto item' status=success
2026-09-27 19:44:35.992  INFO   session     Entity shadow: vision=4 {'player': 2, 'monster': 1, 'item': 1} memory=4 {'monster': 2, 'player': 1, 'item': 1} paired=3 median=0.044
2026-09-27 19:44:40.652  INFO   decision    mode=traveling behavior=loot action=pickup target=57 reason='loot target' status=success
2026-09-27 19:44:41.201  INFO   session     Entity shadow: vision=3 {'player': 2, 'item': 1} memory=5 {'monster': 3, 'player': 1, 'item': 1} paired=2 median=0.030 unleveled=208:兔子,211:兔子
2026-09-27 19:44:41.252  INFO   decision    mode=traveling behavior=loot action=idle target=- reason='pickup settle' status=success
2026-09-27 19:44:42.134  INFO   decision    mode=traveling behavior=traveling action=traveling target=- reason='enter farm area' status=success
2026-09-27 19:44:42.668  INFO   decision    mode=traveling behavior=loot action=pickup target=63 reason='engage item' status=success
2026-09-27 19:44:43.203  INFO   decision    mode=traveling behavior=loot action=idle target=- reason='pickup settle' status=success
2026-09-27 19:44:43.982  INFO   decision    mode=traveling behavior=traveling action=traveling target=- reason='enter farm area' status=success
2026-09-27 19:44:45.839  INFO   decision    mode=traveling behavior=loot action=pickup target=63 reason='engage item' status=success
2026-09-27 19:44:46.473  INFO   session     Entity shadow: vision=3 {'player': 2, 'item': 1} memory=3 {'monster': 2, 'player': 1} paired=1 median=0.057 unleveled=211:兔子,208:兔子
2026-09-27 19:44:46.523  INFO   decision    mode=traveling behavior=loot action=idle target=- reason='pickup settle' status=success
2026-09-27 19:44:47.179  INFO   decision    mode=traveling behavior=traveling action=traveling target=- reason='enter farm area' status=success
2026-09-27 19:44:47.995  INFO   decision    mode=traveling behavior=traveling action=idle target=- reason='no behavior produced an intent' status=success
2026-09-27 19:44:48.386  INFO   decision    mode=traveling behavior=traveling action=traveling target=- reason='enter farm area' status=success
2026-09-27 19:44:51.632  INFO   session     Entity shadow: vision=1 {'player': 1} memory=3 {'player': 1, 'monster': 2} paired=0 median=0.000 unleveled=211:兔子,208:兔子
2026-09-27 19:44:56.790  INFO   session     Entity shadow: vision=1 {'player': 1} memory=1 {'player': 1} paired=0 median=0.000
2026-09-27 19:45:02.252  INFO   session     Entity shadow: vision=1 {'player': 1} memory=1 {'monster': 1} paired=0 median=0.000 unleveled=189:鹿
2026-09-27 19:45:07.398  INFO   session     Entity shadow: vision=1 {'monster': 1} memory=0 {} paired=0 median=0.000
2026-09-27 19:45:07.428  INFO   decision    mode=traveling behavior=traveling action=traveling target=- reason='enter farm area' status=success (repeat)
2026-09-27 19:45:11.732  INFO   decision    mode=traveling behavior=loot action=searching target=66 reason='walk onto item' status=success
2026-09-27 19:45:12.865  INFO   session     Entity shadow: vision=1 {'item': 1} memory=3 {'monster': 2, 'item': 1} paired=1 median=0.021 unleveled=209:兔子,206:兔子
2026-09-27 19:45:16.792  INFO   decision    mode=traveling behavior=loot action=pickup target=66 reason='loot target' status=success
2026-09-27 19:45:17.313  INFO   decision    mode=traveling behavior=loot action=idle target=- reason='pickup settle' status=success
2026-09-27 19:45:18.037  INFO   session     Entity shadow: vision=3 {'player': 1, 'item': 2} memory=3 {'item': 1, 'monster': 2} paired=1 median=0.018 unleveled=209:兔子,206:兔子
2026-09-27 19:45:18.083  INFO   decision    mode=traveling behavior=loot action=searching target=69 reason='walk onto item' status=success
2026-09-27 19:45:21.258  INFO   decision    mode=traveling behavior=? action=idle target=- reason='no behavior produced an intent' status=success
2026-09-27 19:45:21.627  INFO   decision    mode=traveling behavior=loot action=searching target=69 reason='unstick nearby' status=success
2026-09-27 19:45:23.113  INFO   session     Entity shadow: vision=2 {'player': 1, 'item': 1} memory=3 {'item': 1, 'monster': 2} paired=1 median=0.037 unleveled=209:兔子,206:兔子
2026-09-27 19:45:28.446  INFO   session     Entity shadow: vision=3 {'player': 1, 'item': 1, 'monster': 1} memory=5 {'monster': 4, 'item': 1} paired=2 median=0.043 unleveled=209:兔子,206:兔子,189:鹿
2026-09-27 19:45:30.749  INFO   decision    mode=traveling behavior=loot action=pickup target=69 reason='loot target' status=success
2026-09-27 19:45:31.376  INFO   decision    mode=traveling behavior=loot action=idle target=- reason='pickup settle' status=success
2026-09-27 19:45:32.268  INFO   decision    mode=traveling behavior=loot action=searching target=73 reason='walk onto item' status=success
2026-09-27 19:45:33.799  INFO   session     Entity shadow: vision=3 {'item': 1, 'player': 1, 'monster': 1} memory=6 {'monster': 5, 'item': 1} paired=2 median=0.022 unleveled=206:兔子,209:兔子,189:鹿
2026-09-27 19:45:35.314  INFO   decision    mode=traveling behavior=? action=idle target=- reason='no behavior produced an intent' status=success
2026-09-27 19:45:35.679  INFO   decision    mode=traveling behavior=loot action=searching target=73 reason='unstick nearby' status=success
2026-09-27 19:45:38.968  INFO   session     Entity shadow: vision=2 {'monster': 1, 'item': 1} memory=7 {'monster': 5, 'player': 1, 'item': 1} paired=2 median=0.013 unleveled=209:兔子,206:兔子,189:鹿
2026-09-27 19:45:43.207  INFO   decision    mode=traveling behavior=loot action=pickup target=73 reason='loot target' status=success
2026-09-27 19:45:43.813  INFO   decision    mode=traveling behavior=loot action=idle target=- reason='pickup settle' status=success
2026-09-27 19:45:44.242  INFO   session     Entity shadow: vision=3 {'monster': 1, 'item': 1, 'player': 1} memory=4 {'player': 1, 'monster': 2, 'item': 1} paired=2 median=0.036 unleveled=68:警衛,189:鹿
2026-09-27 19:45:44.300  INFO   decision    mode=traveling behavior=traveling action=traveling target=- reason='enter farm area' status=success
2026-09-27 19:45:49.463  INFO   session     Entity shadow: vision=1 {'npc': 1} memory=2 {'monster': 1, 'player': 1} paired=0 median=0.000 unleveled=68:警衛
2026-09-27 19:45:54.747  INFO   session     Entity shadow: vision=2 {'player': 2} memory=2 {'player': 2} paired=1 median=0.034
2026-09-27 19:45:55.827  INFO   decision    mode=traveling behavior=loot action=searching target=80 reason='walk onto item' status=success
2026-09-27 19:45:57.070  INFO   decision    mode=traveling behavior=traveling action=traveling target=- reason='enter farm area' status=success
2026-09-27 19:45:57.498  INFO   decision    mode=traveling behavior=loot action=searching target=80 reason='walk onto item' status=success
2026-09-27 19:45:57.907  INFO   decision    mode=traveling behavior=traveling action=traveling target=- reason='enter farm area' status=success
2026-09-27 19:45:58.312  INFO   decision    mode=traveling behavior=loot action=searching target=80 reason='walk onto item' status=success
2026-09-27 19:46:00.035  INFO   session     Entity shadow: vision=1 {'player': 1} memory=2 {'player': 1, 'item': 1} paired=1 median=0.046
2026-09-27 19:46:00.805  INFO   decision    mode=traveling behavior=traveling action=traveling target=- reason='enter farm area' status=success
2026-09-27 19:46:05.308  INFO   session     Entity shadow: vision=1 {'player': 1} memory=0 {} paired=0 median=0.000
2026-09-27 19:46:10.258  INFO   session     Entity shadow: vision=2 {'player': 2} memory=2 {'player': 1, 'monster': 1} paired=1 median=0.025 unleveled=206:兔子
2026-09-27 19:46:15.457  INFO   session     Entity shadow: vision=1 {'player': 1} memory=3 {'monster': 3} paired=0 median=0.000 unleveled=14:青蛙,206:兔子,207:兔子
2026-09-27 19:46:18.916  INFO   decision    mode=traveling behavior=traveling action=traveling target=- reason='enter farm area' status=success (repeat)
2026-09-27 19:46:20.611  INFO   session     Entity shadow: vision=1 {'player': 1} memory=3 {'monster': 3} paired=0 median=0.000 unleveled=207:兔子,206:兔子,189:鹿
2026-09-27 19:46:25.849  INFO   session     Entity shadow: vision=1 {'player': 1} memory=1 {'monster': 1} paired=0 median=0.000 unleveled=189:鹿
2026-09-27 19:46:30.847  INFO   session     Entity shadow: vision=0 {} memory=0 {} paired=0 median=0.000
2026-09-27 19:46:33.548  INFO   decision    mode=traveling behavior=combat action=attack target=86 reason='engage target' status=success
2026-09-27 19:46:36.141  INFO   session     Entity shadow: vision=1 {'player': 1} memory=2 {'monster': 2} paired=0 median=0.000
2026-09-27 19:46:39.673  INFO   decision    mode=traveling behavior=combat action=attack target=87 reason='attack target' status=success
2026-09-27 19:46:41.548  INFO   session     Entity shadow: vision=1 {'player': 1} memory=1 {'monster': 1} paired=0 median=0.000
2026-09-27 19:46:44.520  INFO   decision    mode=traveling behavior=loot action=searching target=88 reason='walk onto item' status=success
2026-09-27 19:46:46.499  INFO   decision    mode=traveling behavior=loot action=pickup target=88 reason='loot target' status=success
2026-09-27 19:46:47.052  INFO   session     Entity shadow: vision=1 {'item': 1} memory=1 {'item': 1} paired=1 median=0.029
2026-09-27 19:46:47.094  INFO   decision    mode=traveling behavior=loot action=idle target=- reason='pickup settle' status=success
2026-09-27 19:46:47.744  INFO   decision    mode=traveling behavior=traveling action=traveling target=- reason='enter farm area' status=success
2026-09-27 19:46:52.327  INFO   session     Entity shadow: vision=1 {'player': 1} memory=0 {} paired=0 median=0.000
2026-09-27 19:46:54.745  INFO   decision    mode=traveling behavior=combat action=attack target=89 reason='engage target' status=success
2026-09-27 19:46:57.566  INFO   session     Entity shadow: vision=2 {'player': 1, 'monster': 1} memory=3 {'monster': 3} paired=1 median=0.015
2026-09-27 19:46:59.674  INFO   decision    mode=traveling behavior=loot action=searching target=92 reason='walk onto item' status=success
2026-09-27 19:47:00.561  INFO   decision    mode=traveling behavior=combat action=attack target=91 reason='engage target' status=success
2026-09-27 19:47:02.699  INFO   session     Entity shadow: vision=3 {'player': 1, 'monster': 1, 'item': 1} memory=2 {'monster': 1, 'item': 1} paired=2 median=0.013
2026-09-27 19:47:05.359  INFO   decision    mode=traveling behavior=loot action=searching target=92 reason='walk onto item' status=success
2026-09-27 19:47:08.039  INFO   session     Entity shadow: vision=2 {'player': 1, 'item': 1} memory=1 {'item': 1} paired=1 median=0.044
2026-09-27 19:47:11.853  INFO   decision    mode=traveling behavior=loot action=pickup target=92 reason='loot target' status=success
2026-09-27 19:47:12.429  INFO   decision    mode=traveling behavior=loot action=idle target=- reason='pickup settle' status=success
2026-09-27 19:47:13.244  INFO   session     Entity shadow: vision=1 {'item': 1} memory=0 {} paired=0 median=0.000
2026-09-27 19:47:13.274  INFO   decision    mode=traveling behavior=traveling action=traveling target=- reason='enter farm area' status=success
2026-09-27 19:47:16.545  INFO   decision    mode=traveling behavior=combat action=attack target=94 reason='engage target' status=success
2026-09-27 19:47:18.196  INFO   session     Entity shadow: vision=1 {'player': 1} memory=1 {'monster': 1} paired=0 median=0.000
2026-09-27 19:47:21.705  INFO   decision    mode=traveling behavior=combat action=attack target=95 reason='engage target' status=success
2026-09-27 19:47:23.209  INFO   session     Entity shadow: vision=2 {'player': 1, 'monster': 1} memory=1 {'monster': 1} paired=1 median=0.025
2026-09-27 19:47:27.692  INFO   decision    mode=traveling behavior=loot action=searching target=97 reason='walk onto item' status=success
2026-09-27 19:47:28.576  INFO   session     Entity shadow: vision=2 {'item': 1, 'player': 1} memory=2 {'monster': 1, 'item': 1} paired=1 median=0.007
2026-09-27 19:47:33.770  INFO   session     Entity shadow: vision=3 {'player': 1, 'monster': 1, 'item': 1} memory=3 {'monster': 2, 'item': 1} paired=2 median=0.024
2026-09-27 19:47:33.817  INFO   decision    mode=traveling behavior=combat action=attack target=98 reason='engage target' status=success
2026-09-27 19:47:39.005  INFO   session     Entity shadow: vision=3 {'item': 1, 'monster': 1, 'player': 1} memory=3 {'monster': 2, 'item': 1} paired=2 median=0.024
2026-09-27 19:47:44.342  INFO   session     Entity shadow: vision=4 {'player': 1, 'item': 1, 'monster': 2} memory=3 {'monster': 2, 'item': 1} paired=3 median=0.036
2026-09-27 19:47:49.548  INFO   session     Entity shadow: vision=3 {'item': 1, 'monster': 1, 'player': 1} memory=3 {'monster': 2, 'item': 1} paired=2 median=0.032
2026-09-27 19:47:50.120  INFO   decision    mode=retreating behavior=mother_tree action=return_to_mother_tree target=- reason='return to mother tree' status=success
2026-09-27 19:47:51.837  INFO   decision    mode=retreating behavior=mother_tree action=idle target=- reason='recharging at mother tree' status=success
2026-09-27 19:47:53.194  INFO   decision    mode=retreating behavior=? action=idle target=- reason='waiting for respawn' status=success
2026-09-27 19:47:54.700  INFO   session     Entity shadow: vision=3 {'item': 1, 'monster': 2} memory=3 {'monster': 2, 'item': 1} paired=3 median=0.006
2026-09-27 19:47:55.527  INFO   decision    mode=retreating behavior=respawn action=respawn target=- reason='death confirmed, restart' status=success
2026-09-27 19:47:55.936  INFO   decision    mode=retreating behavior=? action=idle target=- reason='waiting for respawn' status=success
2026-09-27 19:47:57.564  INFO   session     일시정지 — 단축키
2026-09-27 19:49:36.572  INFO   session     재개 → 실행 중
2026-09-27 19:49:37.526  INFO   session     Entity shadow: vision=15 {'player': 13, 'monster': 1, 'npc': 1} memory=27 {'player': 19, 'npc': 8} paired=13 median=0.036
2026-09-27 19:49:37.657  INFO   decision    mode=retreating behavior=talking_scroll action=use_talking_scroll target=- reason='mother tree recovered, 마법서 상인' status=success
2026-09-27 19:49:38.812  INFO   decision    mode=farming behavior=talking_scroll action=use_talking_scroll target=- reason='respawn, 마법서 상인' status=success
2026-09-27 19:49:40.045  INFO   decision    mode=traveling behavior=traveling action=traveling target=- reason='enter farm area' status=success
2026-09-27 19:49:42.790  INFO   session     Entity shadow: vision=3 {'player': 1, 'npc': 2} memory=5 {'monster': 3, 'npc': 2} paired=0 median=0.000 unleveled=68:警衛,10:警衛
2026-09-27 19:49:48.136  INFO   session     Entity shadow: vision=1 {'player': 1} memory=1 {'monster': 1} paired=0 median=0.000
2026-09-27 19:49:53.448  INFO   session     Entity shadow: vision=1 {'player': 1} memory=1 {'monster': 1} paired=0 median=0.000
2026-09-27 19:49:54.707  INFO   decision    mode=traveling behavior=combat action=attack target=145 reason='engage target' status=success
2026-09-27 19:49:56.514  INFO   decision    mode=traveling behavior=traveling action=traveling target=- reason='enter farm, walk around' status=success
2026-09-27 19:49:58.716  INFO   session     Entity shadow: vision=2 {'monster': 1, 'item': 1} memory=2 {'monster': 1, 'item': 1} paired=2 median=0.048
2026-09-27 19:50:03.592  INFO   session     Entity shadow: vision=1 {'player': 1} memory=3 {'monster': 2, 'player': 1} paired=1 median=0.034
2026-09-27 19:50:08.970  INFO   session     Entity shadow: vision=3 {'player': 2, 'monster': 1} memory=3 {'player': 2, 'monster': 1} paired=3 median=0.026
2026-09-27 19:50:09.361  INFO   decision    mode=traveling behavior=loot action=pickup target=152 reason='engage item' status=success
2026-09-27 19:50:10.019  INFO   decision    mode=traveling behavior=loot action=idle target=- reason='pickup settle' status=success
2026-09-27 19:50:10.663  INFO   decision    mode=traveling behavior=combat action=attack target=153 reason='engage target' status=success
2026-09-27 19:50:12.937  INFO   decision    mode=traveling behavior=loot action=searching target=154 reason='walk onto item' status=success
2026-09-27 19:50:14.243  INFO   session     Entity shadow: vision=3 {'item': 2, 'monster': 1} memory=2 {'player': 1, 'item': 1} paired=1 median=0.009
2026-09-27 19:50:19.310  INFO   session     Entity shadow: vision=2 {'npc': 1, 'item': 1} memory=3 {'player': 1, 'monster': 1, 'item': 1} paired=1 median=0.016 unleveled=10:警衛
2026-09-27 19:50:20.312  INFO   decision    mode=traveling behavior=loot action=pickup target=154 reason='loot target' status=success
2026-09-27 19:50:20.880  INFO   decision    mode=traveling behavior=loot action=idle target=- reason='pickup settle' status=success
2026-09-27 19:50:21.770  INFO   decision    mode=traveling behavior=traveling action=traveling target=- reason='enter farm area' status=success
2026-09-27 19:50:24.702  INFO   session     Entity shadow: vision=3 {'player': 1, 'npc': 2} memory=5 {'player': 1, 'monster': 2, 'npc': 2} paired=1 median=0.071 unleveled=68:警衛,10:警衛
2026-09-27 19:50:30.110  INFO   session     Entity shadow: vision=2 {'player': 2} memory=1 {'player': 1} paired=1 median=0.006
2026-09-27 19:50:35.368  INFO   session     Entity shadow: vision=0 {} memory=1 {'player': 1} paired=0 median=0.000
2026-09-27 19:50:35.916  INFO   decision    mode=traveling behavior=combat action=attack target=159 reason='engage target' status=success
2026-09-27 19:50:40.364  INFO   session     Entity shadow: vision=3 {'item': 1, 'monster': 1, 'player': 1} memory=4 {'monster': 2, 'item': 1, 'player': 1} paired=2 median=0.014
2026-09-27 19:50:44.815  INFO   decision    mode=traveling behavior=combat action=attack target=160 reason='engage target' status=success
2026-09-27 19:50:45.588  INFO   session     Entity shadow: vision=4 {'monster': 3, 'player': 1} memory=4 {'monster': 2, 'player': 1, 'item': 1} paired=2 median=0.032
2026-09-27 19:50:48.790  INFO   decision    mode=traveling behavior=traveling action=traveling target=- reason='enter farm area' status=success
2026-09-27 19:50:50.687  INFO   session     Entity shadow: vision=2 {'npc': 1, 'item': 1} memory=3 {'monster': 2, 'player': 1} paired=0 median=0.000
2026-09-27 19:50:55.887  INFO   session     Entity shadow: vision=1 {'player': 1} memory=3 {'player': 2, 'monster': 1} paired=0 median=0.000
2026-09-27 19:51:00.829  INFO   session     Entity shadow: vision=2 {'player': 1, 'item': 1} memory=2 {'player': 1, 'item': 1} paired=1 median=0.008
2026-09-27 19:51:05.840  INFO   session     Entity shadow: vision=2 {'monster': 1, 'player': 1} memory=1 {'player': 1} paired=1 median=0.011
2026-09-27 19:51:07.584  INFO   decision    mode=traveling behavior=traveling action=traveling target=- reason='enter farm area' status=success (repeat)
2026-09-27 19:51:10.962  INFO   session     Entity shadow: vision=2 {'player': 2} memory=1 {'player': 1} paired=1 median=0.006
2026-09-27 19:51:16.323  INFO   session     Entity shadow: vision=1 {'monster': 1} memory=1 {'player': 1} paired=0 median=0.000
2026-09-27 19:51:21.632  INFO   session     Entity shadow: vision=0 {} memory=0 {} paired=0 median=0.000
2026-09-27 19:51:25.816  INFO   decision    mode=traveling behavior=traveling action=traveling target=- reason='enter farm area' status=success (repeat)
2026-09-27 19:51:26.608  INFO   session     Entity shadow: vision=1 {'player': 1} memory=0 {} paired=0 median=0.000
2026-09-27 19:51:29.885  INFO   decision    mode=farming behavior=search action=searching target=- reason='search area' status=success
2026-09-27 19:51:31.691  INFO   session     Entity shadow: vision=1 {'player': 1} memory=0 {} paired=0 median=0.000
2026-09-27 19:51:36.828  INFO   session     Entity shadow: vision=1 {'player': 1} memory=0 {} paired=0 median=0.000
2026-09-27 19:51:42.141  INFO   session     Entity shadow: vision=1 {'player': 1} memory=0 {} paired=0 median=0.000
2026-09-27 19:51:44.179  INFO   decision    mode=farming behavior=loot action=searching target=173 reason='walk onto item' status=success
2026-09-27 19:51:47.625  INFO   session     Entity shadow: vision=5 {'player': 1, 'item': 3, 'monster': 1} memory=4 {'monster': 1, 'item': 3} paired=4 median=0.020
2026-09-27 19:51:49.614  INFO   decision    mode=farming behavior=loot action=searching target=175 reason='walk onto item' status=success
2026-09-27 19:51:50.646  INFO   decision    mode=farming behavior=search action=searching target=- reason='search area' status=success
2026-09-27 19:51:53.149  INFO   session     Entity shadow: vision=3 {'player': 1, 'monster': 2} memory=2 {'monster': 2} paired=2 median=0.043
2026-09-27 19:51:58.403  INFO   session     Entity shadow: vision=3 {'player': 1, 'monster': 2} memory=3 {'monster': 3} paired=2 median=0.033
2026-09-27 19:52:02.375  INFO   decision    mode=farming behavior=loot action=searching target=177 reason='walk onto item' status=success
2026-09-27 19:52:03.327  INFO   session     Entity shadow: vision=4 {'player': 1, 'monster': 2, 'item': 1} memory=3 {'monster': 2, 'item': 1} paired=3 median=0.027
2026-09-27 19:52:03.353  INFO   decision    mode=retreating behavior=mother_tree action=return_to_mother_tree target=- reason='return to mother tree' status=success
2026-09-27 19:52:05.410  INFO   decision    mode=retreating behavior=? action=idle target=- reason='waiting for respawn' status=success
2026-09-27 19:52:07.724  INFO   decision    mode=retreating behavior=respawn action=respawn target=- reason='death confirmed, restart' status=success
2026-09-27 19:52:08.145  INFO   decision    mode=retreating behavior=? action=idle target=- reason='waiting for respawn' status=success
2026-09-27 19:52:08.483  INFO   session     Entity shadow: vision=4 {'item': 1, 'monster': 3} memory=3 {'monster': 2, 'item': 1} paired=3 median=0.020
2026-09-27 19:52:09.656  INFO   decision    mode=retreating behavior=mother_tree action=idle target=- reason='recharging at mother tree' status=success
2026-09-27 19:52:13.696  INFO   session     Entity shadow: vision=22 {'player': 19, 'monster': 3} memory=46 {'npc': 7, 'player': 39} paired=18 median=0.081
2026-09-27 19:52:18.967  INFO   session     Entity shadow: vision=20 {'player': 16, 'monster': 4} memory=46 {'npc': 7, 'player': 39} paired=15 median=0.082
2026-09-27 19:52:24.237  INFO   session     Entity shadow: vision=19 {'player': 15, 'monster': 2, 'npc': 2} memory=48 {'npc': 7, 'player': 41} paired=15 median=0.080
2026-09-27 19:52:29.387  INFO   session     Entity shadow: vision=19 {'npc': 2, 'player': 15, 'monster': 2} memory=49 {'player': 42, 'npc': 7} paired=15 median=0.028
2026-09-27 19:52:34.422  INFO   session     Entity shadow: vision=20 {'npc': 2, 'player': 16, 'monster': 2} memory=49 {'player': 42, 'npc': 7} paired=16 median=0.075
2026-09-27 19:52:37.469  INFO   decision    mode=retreating behavior=mother_tree action=idle target=- reason='recharging at mother tree' status=success (repeat)
2026-09-27 19:52:39.976  INFO   session     Entity shadow: vision=21 {'player': 16, 'monster': 2, 'npc': 3} memory=49 {'npc': 7, 'player': 42} paired=17 median=0.074
2026-09-27 19:52:44.869  INFO   session     Entity shadow: vision=20 {'player': 16, 'monster': 4} memory=50 {'player': 43, 'npc': 7} paired=15 median=0.078
2026-09-27 19:52:50.394  INFO   session     Entity shadow: vision=19 {'player': 15, 'monster': 3, 'npc': 1} memory=51 {'player': 44, 'npc': 7} paired=14 median=0.074
2026-09-27 19:52:56.058  INFO   session     Entity shadow: vision=21 {'player': 18, 'npc': 1, 'monster': 2} memory=48 {'player': 41, 'npc': 7} paired=18 median=0.030
2026-09-27 19:53:01.753  INFO   session     Entity shadow: vision=19 {'player': 17, 'monster': 2} memory=47 {'monster': 1, 'player': 40, 'npc': 6} paired=16 median=0.078 unleveled=206:兔子
2026-09-27 19:53:03.160  INFO   decision    mode=retreating behavior=mother_tree action=idle target=- reason='recharging at mother tree' status=success (repeat)
2026-09-27 19:53:07.580  INFO   session     Entity shadow: vision=21 {'player': 19, 'monster': 2} memory=48 {'npc': 7, 'monster': 1, 'player': 40} paired=18 median=0.075 unleveled=206:兔子
2026-09-27 19:53:12.929  INFO   session     Entity shadow: vision=20 {'player': 18, 'monster': 2} memory=51 {'monster': 1, 'npc': 7, 'player': 43} paired=17 median=0.078 unleveled=206:兔子
2026-09-27 19:53:18.151  INFO   session     Entity shadow: vision=22 {'player': 19, 'npc': 1, 'monster': 2} memory=51 {'monster': 1, 'npc': 7, 'player': 43} paired=19 median=0.075 unleveled=206:兔子
2026-09-27 19:53:20.485  INFO   session     일시정지 — 단축키
2026-09-27 19:53:26.023  INFO   session     정지 → 중지됨
2026-09-27 19:53:26.249  INFO   session     봇 작업이 종료되었습니다
