2026-09-29 18:21:47.592  INFO   session     Loading Manmabot from D:\KRR\1.LCBot\ManmabotV1_final\engine
2026-09-29 18:21:47.802  INFO   session     Session log D:\KRR\1.LCBot\ManmabotV1_final\engine\logs\bot-20260929-182147.log
2026-09-29 18:21:47.825  INFO   session     character=elf loot=adena_only game_lang=ko map=talking_island farms=['area_1', 'area_3'] file=D:\KRR\1.LCBot\ManmabotV1_final\engine\logs\bot-20260929-182147.log
2026-09-29 18:21:48.249  INFO   nav         building portal graph (cluster=32, 512x576)
2026-09-29 18:21:48.944  INFO   nav         portal graph: 189 components, 644 ms
2026-09-29 18:21:49.106  INFO   nav         farms=2 safe=11 home=(385, 246) (files farm=D:\KRR\1.LCBot\ManmabotV1_final\engine\maps\talking_island\farms.yaml safe=D:\KRR\1.LCBot\ManmabotV1_final\engine\maps\talking_island\safe.yaml home=D:\KRR\1.LCBot\ManmabotV1_final\engine\maps\talking_island\home.yaml)
2026-09-29 18:21:49.506  INFO   capture     mss window capture process='LC.exe' title=None content_aspect=4:3
2026-09-29 18:21:50.331  INFO   session     Entity clicks use memory names, species, and world cells. Image recognition still runs. Set memory.entity_source to vision to restore image-only clicks.
2026-09-29 18:21:50.408  INFO   session     Player memory is read in this process (realtime_monitor.dll, offsets.json). No separate console.
2026-09-29 18:21:50.460  INFO   session     Inventory listen scanning in background (inventory_listen.dll or place inv.json).
2026-09-29 18:21:50.516  INFO   session     Reading hotbar from memory (24 slots)…
2026-09-29 18:21:51.083  INFO   session     Hotbar scan done · Power-up@box1/f5, Armor-up@box1/f6, Light@box1/f7, Heal@box1/f8, HP potion@box2/f9, Teleport@box1/f10, Mage attack@box1/f12, Talking scroll@box2/f5, Mother tree@box2/f6, HP to MP@box2/f7
2026-09-29 18:21:51.343  INFO   session     Unmapped hotbar icons: box1/f8:SPELL, box1/f11:Adena, box1/f12:Arrow, box2/f10:Silver Arrow, box2/f12:속도향상 물약, box3/f10:SPELL
2026-09-29 18:21:51.449  INFO   session     Loop ready · Elf · Korean · map=Talking Island · loot=Adená only · farms=Area 1, Area 3
2026-09-29 18:21:52.226  INFO   session     Entity shadow: vision=15 {'npc': 2, 'player': 13} memory=44 {'player': 36, 'monster': 2, 'npc': 6} paired=15 median=0.028 unleveled=68:警衛,319:?
2026-09-29 18:21:52.292  INFO   session     Inventory listen ready (dll) · hp=50 arrows=9297 silver=0 depoison=0
2026-09-29 18:21:52.339  INFO   decision    mode=farming goal=buff action=buff target=- sticky=- origin=(325,225) shop=0 scrolled=0 reason='armor_up' status=success
2026-09-29 18:21:53.280  INFO   search      farm branch=none (wander/search next)
2026-09-29 18:21:53.281  INFO   travel      return/enter farm needed at (325,225)
2026-09-29 18:21:53.302  INFO   search      farm branch=none (wander/search next)
2026-09-29 18:21:53.338  INFO   travel      hop begin wp=(327, 236) purpose=enter_farm reason=enter farm area
2026-09-29 18:21:53.347  INFO   decision    mode=traveling goal=traveling action=traveling target=- sticky=- origin=(325,225) shop=0 scrolled=0 reason='enter farm area' status=success
2026-09-29 18:21:54.649  INFO   search      farm branch=none (wander/search next)
2026-09-29 18:21:55.510  INFO   search      farm branch=none (wander/search next)
2026-09-29 18:21:55.542  INFO   travel      hop begin wp=(330, 239) purpose=enter_farm reason=enter farm area
2026-09-29 18:21:56.504  INFO   search      farm branch=none (wander/search next)
2026-09-29 18:21:57.704  INFO   session     Entity shadow: vision=33 {'player': 28, 'npc': 5} memory=48 {'monster': 2, 'player': 39, 'npc': 7} paired=27 median=0.080 unleveled=208:兔子,319:?
2026-09-29 18:21:57.894  INFO   search      farm branch=none (wander/search next)
2026-09-29 18:21:58.632  INFO   travel      hop begin wp=(334, 242) purpose=enter_farm reason=enter farm area
2026-09-29 18:21:59.644  INFO   search      farm branch=none (wander/search next)
2026-09-29 18:22:00.822  INFO   search      farm branch=none (wander/search next)
2026-09-29 18:22:00.823  INFO   travel      hop arrive wp=(334, 242) purpose=enter_farm
2026-09-29 18:22:00.862  INFO   travel      hop begin wp=(348, 239) purpose=enter_farm reason=enter farm area
2026-09-29 18:22:01.514  INFO   search      farm branch=none (wander/search next)
2026-09-29 18:22:02.083  INFO   search      farm branch=none (wander/search next)
2026-09-29 18:22:02.660  INFO   decision    mode=traveling goal=buff action=buff target=- sticky=- origin=(337,240) shop=0 scrolled=0 reason='light' status=success
2026-09-29 18:22:03.750  INFO   session     Entity shadow: vision=10 {'player': 7, 'npc': 3} memory=24 {'player': 18, 'npc': 4, 'monster': 2} paired=7 median=0.071 unleveled=10:警衛,68:警衛
2026-09-29 18:22:03.834  INFO   search      farm branch=none (wander/search next)
2026-09-29 18:22:03.866  INFO   travel      hop begin wp=(348, 239) purpose=enter_farm reason=enter farm area
2026-09-29 18:22:03.876  INFO   decision    mode=traveling goal=traveling action=traveling target=- sticky=- origin=(339,240) shop=0 scrolled=0 reason='enter farm area' status=success
2026-09-29 18:22:04.602  INFO   search      farm branch=none (wander/search next)
2026-09-29 18:22:05.709  INFO   search      farm branch=none (wander/search next)
2026-09-29 18:22:06.076  INFO   travel      hop begin wp=(348, 239) purpose=enter_farm reason=enter farm area
2026-09-29 18:22:06.584  INFO   search      farm branch=none (wander/search next)
2026-09-29 18:22:07.311  INFO   search      farm branch=none (wander/search next)
2026-09-29 18:22:07.872  INFO   search      farm branch=none (wander/search next)
2026-09-29 18:22:08.272  INFO   travel      hop begin wp=(348, 239) purpose=enter_farm reason=enter farm area
2026-09-29 18:22:08.963  INFO   session     Entity shadow: vision=5 {'player': 3, 'npc': 2} memory=21 {'monster': 4, 'player': 15, 'npc': 2} paired=2 median=0.070 unleveled=206:兔子,14:青蛙,10:警衛,68:警衛
2026-09-29 18:22:09.069  INFO   search      farm branch=none (wander/search next)
2026-09-29 18:22:09.472  INFO   search      farm branch=none (wander/search next)
2026-09-29 18:22:10.015  INFO   search      farm branch=none (wander/search next)
2026-09-29 18:22:10.455  INFO   travel      hop arrive wp=(348, 239) purpose=enter_farm
2026-09-29 18:22:10.511  INFO   travel      hop begin wp=(348, 239) purpose=enter_farm reason=enter farm area
2026-09-29 18:22:11.068  INFO   search      farm branch=none (wander/search next)
2026-09-29 18:22:11.185  INFO   travel      hop arrive wp=(348, 239) purpose=enter_farm
2026-09-29 18:22:11.239  INFO   travel      hop begin wp=(351, 240) purpose=enter_farm reason=enter farm area
2026-09-29 18:22:11.961  INFO   search      farm branch=none (wander/search next)
2026-09-29 18:22:12.699  INFO   travel      hop arrive wp=(351, 240) purpose=enter_farm
2026-09-29 18:22:12.732  INFO   travel      hop begin wp=(345, 238) purpose=enter_farm reason=enter farm, walk around
2026-09-29 18:22:13.231  INFO   search      farm branch=none (wander/search next)
2026-09-29 18:22:13.681  INFO   search      farm branch=none (wander/search next)
2026-09-29 18:22:14.864  INFO   session     Entity shadow: vision=4 {'player': 1, 'npc': 3} memory=4 {'npc': 1, 'monster': 3} paired=1 median=0.038 unleveled=14:青蛙,10:警衛,68:警衛
2026-09-29 18:22:14.956  INFO   search      farm branch=none (wander/search next)
2026-09-29 18:22:14.982  INFO   travel      hop begin wp=(350, 254) purpose=enter_farm reason=enter farm area
2026-09-29 18:22:15.606  INFO   search      farm branch=none (wander/search next)
2026-09-29 18:22:15.832  INFO   search      farm branch=none (wander/search next)
2026-09-29 18:22:16.303  INFO   search      farm branch=none (wander/search next)
2026-09-29 18:22:16.596  INFO   search      farm branch=none (wander/search next)
2026-09-29 18:22:17.081  INFO   travel      hop begin wp=(348, 239) purpose=enter_farm reason=enter farm area
2026-09-29 18:22:17.568  INFO   search      farm branch=none (wander/search next)
2026-09-29 18:22:18.017  INFO   search      farm branch=none (wander/search next)
2026-09-29 18:22:19.229  INFO   search      farm branch=none (wander/search next)
2026-09-29 18:22:19.987  INFO   travel      hop begin wp=(348, 239) purpose=enter_farm reason=enter farm area
2026-09-29 18:22:20.657  INFO   session     Entity shadow: vision=2 {'monster': 1, 'npc': 1} memory=3 {'monster': 3} paired=1 median=0.069 unleveled=206:兔子,10:警衛
2026-09-29 18:22:20.771  INFO   search      farm branch=none (wander/search next)
2026-09-29 18:22:21.054  INFO   search      farm branch=none (wander/search next)
2026-09-29 18:22:21.689  INFO   search      farm branch=none (wander/search next)
2026-09-29 18:22:22.220  INFO   travel      hop begin wp=(348, 239) purpose=enter_farm reason=enter farm area
2026-09-29 18:22:22.856  INFO   search      farm branch=none (wander/search next)
2026-09-29 18:22:22.944  INFO   travel      hop arrive wp=(348, 239) purpose=enter_farm
2026-09-29 18:22:22.954  INFO   travel      hop begin wp=(345, 238) purpose=enter_farm reason=enter farm, walk around
2026-09-29 18:22:23.449  INFO   search      farm branch=none (wander/search next)
2026-09-29 18:22:23.999  INFO   search      farm branch=none (wander/search next)
2026-09-29 18:22:25.144  INFO   search      farm branch=none (wander/search next)
2026-09-29 18:22:25.379  INFO   travel      hop begin wp=(343, 236) purpose=enter_farm reason=enter farm, walk around
2026-09-29 18:22:26.547  INFO   session     Entity shadow: vision=6 {'player': 4, 'npc': 2} memory=20 {'player': 15, 'npc': 3, 'monster': 2} paired=4 median=0.047 unleveled=10:警衛,68:警衛
2026-09-29 18:22:26.663  INFO   search      farm branch=none (wander/search next)
2026-09-29 18:22:26.663  INFO   travel      hop arrive wp=(343, 236) purpose=enter_farm
2026-09-29 18:22:26.709  INFO   travel      hop begin wp=(348, 239) purpose=enter_farm reason=enter farm area
2026-09-29 18:22:27.432  INFO   search      farm branch=none (wander/search next)
2026-09-29 18:22:27.721  INFO   search      farm branch=none (wander/search next)
2026-09-29 18:22:28.320  INFO   search      farm branch=none (wander/search next)
2026-09-29 18:22:28.786  INFO   travel      hop begin wp=(348, 239) purpose=enter_farm reason=enter farm area
2026-09-29 18:22:29.375  INFO   nav         unstick TP emit reason=unstick confined
2026-09-29 18:22:29.486  INFO   nav         confined escape fired (bubble timeout)
2026-09-29 18:22:29.497  INFO   decision    mode=traveling goal=unstick action=teleport target=- sticky=- origin=(344,238) shop=0 scrolled=0 reason='unstick confined' status=success
2026-09-29 18:22:30.950  INFO   search      farm branch=none (wander/search next)
2026-09-29 18:22:31.702  INFO   travel      hop begin wp=(348, 239) purpose=enter_farm reason=enter farm area
2026-09-29 18:22:31.725  INFO   decision    mode=traveling goal=traveling action=traveling target=- sticky=- origin=(346,239) shop=0 scrolled=0 reason='enter farm area' status=success
2026-09-29 18:22:32.419  INFO   session     Entity shadow: vision=4 {'player': 1, 'npc': 2, 'item': 1} memory=2 {'player': 1, 'item': 1} paired=1 median=0.037
2026-09-29 18:22:32.510  INFO   loot        begin_loot_item id=126
2026-09-29 18:22:32.511  INFO   loot        loot A* blocked id=126 — ring click (345, 207) (r=2)
2026-09-29 18:22:32.518  INFO   loot        approach hop item=126 wp=(345, 207) reason=loot wall ring
2026-09-29 18:22:32.532  INFO   loot        farm branch=loot item_id=126
2026-09-29 18:22:32.549  INFO   decision    mode=traveling goal=loot action=searching target=126 sticky=- origin=(347,209) shop=0 scrolled=0 reason='loot wall ring' status=success
2026-09-29 18:22:33.134  INFO   loot        farm branch=loot item_id=126
2026-09-29 18:22:33.363  INFO   loot        farm branch=loot item_id=126
2026-09-29 18:22:33.769  INFO   loot        farm branch=loot item_id=126
2026-09-29 18:22:34.072  INFO   loot        farm branch=loot item_id=126
2026-09-29 18:22:34.479  INFO   loot        farm branch=loot item_id=126
2026-09-29 18:22:34.816  INFO   loot        approach hop item=126 wp=(347, 198) reason=walk onto item
2026-09-29 18:22:34.817  INFO   loot        farm branch=loot item_id=126
2026-09-29 18:22:35.289  INFO   loot        farm branch=loot item_id=126
2026-09-29 18:22:35.492  INFO   loot        farm branch=loot item_id=126
2026-09-29 18:22:35.770  INFO   loot        farm branch=loot item_id=126
2026-09-29 18:22:36.345  INFO   loot        farm branch=loot item_id=126
2026-09-29 18:22:36.952  INFO   loot        approach hop item=126 wp=(347, 198) reason=walk onto item
2026-09-29 18:22:36.953  INFO   loot        farm branch=loot item_id=126
2026-09-29 18:22:37.442  INFO   session     Entity shadow: vision=5 {'player': 2, 'item': 1, 'npc': 2} memory=4 {'monster': 2, 'player': 1, 'item': 1} paired=2 median=0.060 unleveled=10:警衛,68:警衛
2026-09-29 18:22:37.606  INFO   loot        farm branch=loot item_id=126
2026-09-29 18:22:38.353  INFO   loot        farm branch=loot item_id=126
2026-09-29 18:22:38.671  INFO   loot        farm branch=loot item_id=126
2026-09-29 18:22:39.391  INFO   loot        farm branch=loot item_id=126
2026-09-29 18:22:39.737  INFO   decision    mode=traveling goal=loot action=pickup target=126 sticky=- origin=(347,199) shop=0 scrolled=0 reason='loot target' status=success
2026-09-29 18:22:40.501  INFO   loot        pickup retry id=126 (await still listed)
2026-09-29 18:22:40.502  INFO   loot        pickup emit item=126 reason=pickup retry
2026-09-29 18:22:40.513  INFO   loot        farm branch=loot item_id=None
2026-09-29 18:22:41.170  INFO   loot        pickup retry id=126 (await still listed)
2026-09-29 18:22:41.214  INFO   loot        pickup emit item=126 reason=pickup retry
2026-09-29 18:22:41.223  INFO   loot        farm branch=loot item_id=None
2026-09-29 18:22:41.857  INFO   combat      farm branch=screen_combat id=129 dist=4
2026-09-29 18:22:41.964  INFO   combat      engage id=129 species=monster_오크_2 rel=(-3,-4)
2026-09-29 18:22:41.978  INFO   decision    mode=traveling goal=combat action=attack target=129 sticky=129 origin=(348,196) shop=0 scrolled=0 reason='screen engage' status=success
2026-09-29 18:22:42.678  INFO   session     Entity shadow: vision=4 {'player': 1, 'npc': 3} memory=3 {'monster': 3} paired=0 median=0.000 unleveled=10:警衛,68:警衛
2026-09-29 18:22:42.736  INFO   combat      farm branch=sticky id=129 dist=4
2026-09-29 18:22:43.077  INFO   combat      farm branch=sticky id=129 dist=3
2026-09-29 18:22:43.749  INFO   combat      farm branch=sticky id=129 dist=2
2026-09-29 18:22:44.841  INFO   combat      farm branch=sticky id=129 dist=2
2026-09-29 18:22:45.669  INFO   combat      farm branch=sticky id=129 dist=2
2026-09-29 18:22:46.072  INFO   combat      farm branch=sticky id=129 dist=2
2026-09-29 18:22:46.695  INFO   search      farm branch=none (wander/search next)
2026-09-29 18:22:47.101  INFO   travel      hop begin wp=(338, 199) purpose=enter_farm reason=enter farm area
2026-09-29 18:22:47.103  INFO   decision    mode=traveling goal=traveling action=traveling target=- sticky=- origin=(349,195) shop=0 scrolled=0 reason='enter farm area' status=success
2026-09-29 18:22:47.634  INFO   search      farm branch=none (wander/search next)
2026-09-29 18:22:47.978  INFO   session     Entity shadow: vision=4 {'player': 1, 'npc': 2, 'monster': 1} memory=3 {'monster': 3} paired=1 median=0.017 unleveled=10:警衛,68:警衛
2026-09-29 18:22:48.067  INFO   combat      farm branch=screen_combat id=131 dist=10
2026-09-29 18:22:48.501  INFO   combat      engage id=131 species=monster_늑대인간_9 rel=(-10,-4)
2026-09-29 18:22:48.512  INFO   decision    mode=traveling goal=combat action=attack target=131 sticky=131 origin=(349,195) shop=0 scrolled=0 reason='screen engage' status=success
2026-09-29 18:22:49.227  INFO   combat      farm branch=sticky id=131 dist=5
2026-09-29 18:22:49.495  INFO   combat      farm branch=sticky id=131 dist=5
2026-09-29 18:22:50.697  INFO   combat      farm branch=sticky id=131 dist=2
2026-09-29 18:22:51.820  INFO   hp          hp action=item:빨간 물약
2026-09-29 18:22:52.093  INFO   decision    mode=traveling goal=survival_potion action=use_hp_potion target=- sticky=131 origin=(341,194) shop=0 scrolled=0 reason='low hp' status=success
2026-09-29 18:22:53.509  INFO   session     Entity shadow: vision=6 {'player': 1, 'monster': 3, 'npc': 2} memory=5 {'monster': 5} paired=3 median=0.047 unleveled=10:警衛,68:警衛
2026-09-29 18:22:53.610  INFO   hp          hp action=item:빨간 물약
2026-09-29 18:22:54.317  INFO   combat      farm branch=sticky id=131 dist=1
2026-09-29 18:22:54.318  INFO   decision    mode=traveling goal=combat action=attack target=131 sticky=131 origin=(341,190) shop=0 scrolled=0 reason='attack target' status=success
2026-09-29 18:22:55.028  INFO   combat      farm branch=sticky id=131 dist=1
2026-09-29 18:22:55.417  INFO   combat      farm branch=sticky id=131 dist=1
2026-09-29 18:22:55.981  INFO   combat      farm branch=sticky id=131 dist=1
2026-09-29 18:22:57.176  INFO   combat      farm branch=sticky id=131 dist=1
2026-09-29 18:22:58.626  INFO   session     Entity shadow: vision=6 {'npc': 2, 'player': 1, 'monster': 3} memory=4 {'monster': 4} paired=2 median=0.032 unleveled=10:警衛,68:警衛
2026-09-29 18:22:58.724  INFO   combat      farm branch=sticky id=133 dist=3
2026-09-29 18:22:58.725  INFO   decision    mode=traveling goal=combat action=attack target=133 sticky=133 origin=(341,190) shop=0 scrolled=0 reason='attack target' status=success
2026-09-29 18:22:59.343  INFO   combat      farm branch=sticky id=133 dist=1
2026-09-29 18:22:59.867  INFO   combat      farm branch=sticky id=133 dist=1
2026-09-29 18:23:00.396  INFO   combat      farm branch=sticky id=133 dist=1
2026-09-29 18:23:01.187  INFO   combat      farm branch=sticky id=133 dist=1
2026-09-29 18:23:01.872  INFO   combat      farm branch=sticky id=133 dist=1
2026-09-29 18:23:02.521  INFO   combat      farm branch=sticky id=133 dist=1
2026-09-29 18:23:03.742  INFO   combat      farm branch=sticky id=133 dist=1
2026-09-29 18:23:05.327  INFO   session     Entity shadow: vision=3 {'monster': 1, 'npc': 2} memory=4 {'item': 1, 'monster': 3} paired=0 median=0.000 unleveled=10:警衛,68:警衛
2026-09-29 18:23:05.413  INFO   loot        begin_loot_item id=135
2026-09-29 18:23:05.414  INFO   loot        pickup emit item=135 reason=engage item
2026-09-29 18:23:05.432  INFO   loot        farm branch=loot item_id=135
2026-09-29 18:23:05.446  INFO   decision    mode=traveling goal=loot action=pickup target=135 sticky=- origin=(339,189) shop=0 scrolled=0 reason='engage item' status=success
2026-09-29 18:23:06.195  INFO   loot        pickup retry id=135 (await still listed)
2026-09-29 18:23:06.196  INFO   loot        pickup emit item=135 reason=pickup retry
2026-09-29 18:23:06.207  INFO   loot        farm branch=loot item_id=None
2026-09-29 18:23:06.877  INFO   loot        pickup retry id=135 (await still listed)
2026-09-29 18:23:06.879  INFO   loot        pickup emit item=135 reason=pickup retry
2026-09-29 18:23:06.890  INFO   loot        farm branch=loot item_id=None
2026-09-29 18:23:07.102  INFO   action      cursor reject id=135 item=true reason=cursor=arrow/attack score=1.000 not allowed
2026-09-29 18:23:07.742  INFO   combat      farm branch=loot_miss_combat id=132 dist=2
2026-09-29 18:23:07.761  INFO   combat      engage id=132 species=monster_오크_2 rel=(-2,0)
2026-09-29 18:23:07.772  INFO   decision    mode=traveling goal=combat action=attack target=132 sticky=132 origin=(341,190) shop=0 scrolled=0 reason='engage target' status=success
2026-09-29 18:23:08.933  INFO   combat      farm branch=sticky id=132 dist=1
2026-09-29 18:23:09.222  INFO   combat      farm branch=sticky id=132 dist=1
2026-09-29 18:23:10.375  INFO   session     Entity shadow: vision=4 {'npc': 2, 'monster': 1, 'player': 1} memory=2 {'monster': 2} paired=0 median=0.000 unleveled=10:警衛,68:警衛
2026-09-29 18:23:10.576  INFO   search      farm branch=none (wander/search next)
2026-09-29 18:23:11.353  INFO   travel      hop begin wp=(338, 202) purpose=enter_farm reason=enter farm area
2026-09-29 18:23:11.354  INFO   decision    mode=traveling goal=traveling action=traveling target=- sticky=- origin=(341,190) shop=0 scrolled=0 reason='enter farm area' status=success
2026-09-29 18:23:12.072  INFO   search      farm branch=none (wander/search next)
2026-09-29 18:23:12.451  INFO   search      farm branch=none (wander/search next)
2026-09-29 18:23:13.034  INFO   search      farm branch=none (wander/search next)
2026-09-29 18:23:13.473  INFO   search      farm branch=none (wander/search next)
2026-09-29 18:23:13.620  INFO   travel      hop begin wp=(336, 208) purpose=enter_farm reason=enter farm area
2026-09-29 18:23:14.183  INFO   search      farm branch=none (wander/search next)
2026-09-29 18:23:14.605  INFO   search      farm branch=none (wander/search next)
2026-09-29 18:23:15.219  INFO   session     Entity shadow: vision=4 {'player': 2, 'npc': 2} memory=3 {'player': 1, 'monster': 2} paired=1 median=0.027 unleveled=10:警衛,68:警衛
2026-09-29 18:23:15.289  INFO   search      farm branch=none (wander/search next)
2026-09-29 18:23:15.811  INFO   travel      hop begin wp=(337, 209) purpose=enter_farm reason=enter farm area
2026-09-29 18:23:16.472  INFO   search      farm branch=none (wander/search next)
2026-09-29 18:23:16.767  INFO   search      farm branch=none (wander/search next)
2026-09-29 18:23:17.978  INFO   search      farm branch=none (wander/search next)
2026-09-29 18:23:18.773  INFO   travel      hop begin wp=(336, 217) purpose=enter_farm reason=enter farm area
2026-09-29 18:23:19.455  INFO   search      farm branch=none (wander/search next)
2026-09-29 18:23:19.687  INFO   search      farm branch=none (wander/search next)
2026-09-29 18:23:20.073  INFO   search      farm branch=none (wander/search next)
2026-09-29 18:23:20.428  INFO   session     Entity shadow: vision=4 {'player': 2, 'npc': 2} memory=5 {'player': 2, 'npc': 1, 'monster': 2} paired=1 median=0.023 unleveled=10:警衛,68:警衛
2026-09-29 18:23:20.520  INFO   search      farm branch=none (wander/search next)
2026-09-29 18:23:20.990  INFO   travel      hop begin wp=(334, 219) purpose=enter_farm reason=enter farm area
2026-09-29 18:23:21.619  INFO   search      farm branch=none (wander/search next)
2026-09-29 18:23:21.935  INFO   search      farm branch=none (wander/search next)
2026-09-29 18:23:23.136  INFO   search      farm branch=none (wander/search next)
2026-09-29 18:23:23.916  INFO   travel      hop begin wp=(329, 224) purpose=enter_farm reason=enter farm area
2026-09-29 18:23:24.702  INFO   search      farm branch=none (wander/search next)
2026-09-29 18:23:25.227  INFO   search      farm branch=none (wander/search next)
2026-09-29 18:23:26.017  INFO   session     Entity shadow: vision=17 {'player': 14, 'npc': 2, 'monster': 1} memory=26 {'player': 21, 'monster': 1, 'npc': 4} paired=16 median=0.025
2026-09-29 18:23:26.118  INFO   combat      farm branch=screen_combat id=157 dist=9
2026-09-29 18:23:26.135  INFO   combat      engage id=157 species=monster_오크_2 rel=(-8,9)
2026-09-29 18:23:26.149  INFO   decision    mode=traveling goal=combat action=attack target=157 sticky=157 origin=(331,220) shop=0 scrolled=0 reason='screen engage' status=success
2026-09-29 18:23:27.215  INFO   search      farm branch=none (wander/search next)
2026-09-29 18:23:27.612  INFO   travel      hop begin wp=(328, 237) purpose=enter_farm reason=enter farm area
2026-09-29 18:23:27.613  INFO   decision    mode=traveling goal=traveling action=traveling target=- sticky=- origin=(329,222) shop=0 scrolled=0 reason='enter farm area' status=success
2026-09-29 18:23:28.324  INFO   search      farm branch=none (wander/search next)
2026-09-29 18:23:28.926  INFO   search      farm branch=none (wander/search next)
2026-09-29 18:23:29.734  INFO   search      farm branch=none (wander/search next)
2026-09-29 18:23:29.768  INFO   travel      hop begin wp=(328, 237) purpose=enter_farm reason=enter farm area
2026-09-29 18:23:30.769  INFO   session     Entity shadow: vision=37 {'player': 34, 'npc': 2, 'item': 1} memory=51 {'player': 45, 'npc': 6} paired=36 median=0.034
2026-09-29 18:23:31.367  INFO   search      farm branch=none (wander/search next)
2026-09-29 18:23:32.827  INFO   search      farm branch=none (wander/search next)
2026-09-29 18:23:32.927  INFO   travel      hop begin wp=(331, 240) purpose=enter_farm reason=enter farm area
2026-09-29 18:23:34.075  INFO   search      farm branch=none (wander/search next)
2026-09-29 18:23:35.296  INFO   search      farm branch=none (wander/search next)
2026-09-29 18:23:35.326  INFO   travel      hop begin wp=(335, 243) purpose=enter_farm reason=enter farm area
2026-09-29 18:23:36.112  INFO   session     Entity shadow: vision=30 {'player': 27, 'monster': 1, 'npc': 2} memory=34 {'player': 28, 'npc': 6} paired=27 median=0.035
2026-09-29 18:23:36.189  INFO   search      farm branch=none (wander/search next)
2026-09-29 18:23:37.474  INFO   search      farm branch=none (wander/search next)
2026-09-29 18:23:38.187  INFO   travel      hop begin wp=(348, 239) purpose=enter_farm reason=enter farm area
2026-09-29 18:23:38.986  INFO   search      farm branch=none (wander/search next)
2026-09-29 18:23:39.425  INFO   search      farm branch=none (wander/search next)
2026-09-29 18:23:40.098  INFO   search      farm branch=none (wander/search next)
2026-09-29 18:23:40.423  INFO   travel      hop begin wp=(348, 239) purpose=enter_farm reason=enter farm area
2026-09-29 18:23:41.120  INFO   session     Entity shadow: vision=6 {'player': 3, 'npc': 3} memory=22 {'player': 15, 'npc': 3, 'monster': 4} paired=5 median=0.046 unleveled=206:兔子,10:警衛,68:警衛,208:兔子
2026-09-29 18:23:41.216  INFO   search      farm branch=none (wander/search next)
2026-09-29 18:23:41.677  INFO   search      farm branch=none (wander/search next)
2026-09-29 18:23:42.294  INFO   search      farm branch=none (wander/search next)
2026-09-29 18:23:42.619  INFO   travel      hop begin wp=(348, 239) purpose=enter_farm reason=enter farm area
2026-09-29 18:23:43.328  INFO   search      farm branch=none (wander/search next)
2026-09-29 18:23:43.329  INFO   travel      hop arrive wp=(348, 239) purpose=enter_farm
2026-09-29 18:23:43.369  INFO   travel      hop begin wp=(348, 239) purpose=enter_farm reason=enter farm area
2026-09-29 18:23:44.104  INFO   search      farm branch=none (wander/search next)
2026-09-29 18:23:44.767  INFO   travel      hop arrive wp=(348, 239) purpose=enter_farm
2026-09-29 18:23:44.779  INFO   travel      hop begin wp=(343, 236) purpose=enter_farm reason=enter farm, walk around
2026-09-29 18:23:45.474  INFO   search      farm branch=none (wander/search next)
2026-09-29 18:23:45.870  INFO   search      farm branch=none (wander/search next)
2026-09-29 18:23:46.980  INFO   session     Entity shadow: vision=5 {'player': 2, 'npc': 3} memory=20 {'monster': 4, 'player': 13, 'npc': 3} paired=3 median=0.025 unleveled=208:兔子,206:兔子,10:警衛,68:警衛
2026-09-29 18:23:47.082  INFO   search      farm branch=none (wander/search next)
2026-09-29 18:23:47.121  INFO   travel      hop begin wp=(350, 247) purpose=enter_farm reason=enter farm area
2026-09-29 18:23:47.927  INFO   search      farm branch=none (wander/search next)
2026-09-29 18:23:48.438  INFO   search      farm branch=none (wander/search next)
2026-09-29 18:23:48.705  INFO   search      farm branch=none (wander/search next)
2026-09-29 18:23:49.337  INFO   search      farm branch=none (wander/search next)
2026-09-29 18:23:50.055  INFO   travel      hop begin wp=(348, 239) purpose=enter_farm reason=enter farm area
2026-09-29 18:23:50.636  INFO   search      farm branch=none (wander/search next)
2026-09-29 18:23:50.981  INFO   search      farm branch=none (wander/search next)
2026-09-29 18:23:51.365  INFO   search      farm branch=none (wander/search next)
2026-09-29 18:23:52.224  INFO   session     Entity shadow: vision=3 {'player': 1, 'npc': 2} memory=4 {'monster': 4} paired=0 median=0.000 unleveled=208:兔子,206:兔子,10:警衛,68:警衛
2026-09-29 18:23:52.326  INFO   search      farm branch=none (wander/search next)
2026-09-29 18:23:52.356  INFO   travel      hop begin wp=(348, 239) purpose=enter_farm reason=enter farm area
2026-09-29 18:23:52.972  INFO   search      farm branch=none (wander/search next)
2026-09-29 18:23:53.163  INFO   search      farm branch=none (wander/search next)
2026-09-29 18:23:53.557  INFO   search      farm branch=none (wander/search next)
2026-09-29 18:23:53.917  INFO   search      farm branch=none (wander/search next)
2026-09-29 18:23:54.404  INFO   travel      hop begin wp=(348, 239) purpose=enter_farm reason=enter farm area
2026-09-29 18:23:54.966  INFO   search      farm branch=none (wander/search next)
2026-09-29 18:23:55.851  INFO   search      farm branch=none (wander/search next)
2026-09-29 18:23:56.566  INFO   travel      hop arrive wp=(348, 239) purpose=enter_farm
2026-09-29 18:23:56.619  INFO   travel      hop begin wp=(348, 239) purpose=enter_farm reason=enter farm area
2026-09-29 18:23:57.350  INFO   session     Entity shadow: vision=4 {'player': 3, 'npc': 1} memory=8 {'player': 3, 'monster': 4, 'npc': 1} paired=2 median=0.067 unleveled=208:兔子,206:兔子,10:警衛,68:警衛
2026-09-29 18:23:57.438  INFO   nav         unstick TP emit reason=unstick confined
2026-09-29 18:23:57.439  INFO   nav         confined escape fired (bubble timeout)
2026-09-29 18:23:57.448  INFO   decision    mode=traveling goal=unstick action=teleport target=- sticky=- origin=(348,239) shop=0 scrolled=0 reason='unstick confined' status=success
2026-09-29 18:23:59.069  INFO   combat      farm branch=screen_combat id=231 dist=8
2026-09-29 18:23:59.500  INFO   combat      engage id=231 species=monster_오크_2 rel=(-8,-4)
2026-09-29 18:23:59.514  INFO   decision    mode=traveling goal=combat action=attack target=231 sticky=231 origin=(348,237) shop=0 scrolled=0 reason='screen engage' status=success
2026-09-29 18:24:00.318  INFO   search      farm branch=none (wander/search next)
2026-09-29 18:24:00.384  INFO   travel      hop begin wp=(312, 224) purpose=enter_farm reason=enter farm area
2026-09-29 18:24:00.399  INFO   decision    mode=traveling goal=traveling action=traveling target=- sticky=- origin=(308,214) shop=0 scrolled=0 reason='enter farm area' status=success
2026-09-29 18:24:00.953  INFO   search      farm branch=none (wander/search next)
2026-09-29 18:24:01.142  INFO   search      farm branch=none (wander/search next)
2026-09-29 18:24:01.765  INFO   search      farm branch=none (wander/search next)
2026-09-29 18:24:02.499  INFO   travel      hop begin wp=(309, 222) purpose=enter_farm reason=enter farm area
2026-09-29 18:24:03.174  INFO   session     Entity shadow: vision=5 {'player': 3, 'npc': 2} memory=6 {'player': 2, 'npc': 2, 'monster': 2} paired=2 median=0.010 unleveled=68:警衛,10:警衛
2026-09-29 18:24:03.263  INFO   search      farm branch=none (wander/search next)
2026-09-29 18:24:03.674  INFO   search      farm branch=none (wander/search next)
2026-09-29 18:24:04.439  INFO   search      farm branch=none (wander/search next)
2026-09-29 18:24:04.696  INFO   travel      hop begin wp=(314, 228) purpose=enter_farm reason=enter farm area
2026-09-29 18:24:05.581  INFO   search      farm branch=none (wander/search next)
2026-09-29 18:24:06.356  INFO   search      farm branch=none (wander/search next)
2026-09-29 18:24:07.401  INFO   search      farm branch=none (wander/search next)
2026-09-29 18:24:07.658  INFO   travel      hop begin wp=(313, 239) purpose=enter_farm reason=enter farm area
2026-09-29 18:24:09.031  INFO   session     Entity shadow: vision=30 {'player': 27, 'npc': 3} memory=44 {'player': 40, 'monster': 4} paired=27 median=0.057 unleveled=68:警衛,319:?,10:警衛
2026-09-29 18:24:09.213  INFO   search      farm branch=none (wander/search next)
2026-09-29 18:24:10.698  INFO   search      farm branch=none (wander/search next)
2026-09-29 18:24:10.846  INFO   travel      hop begin wp=(311, 245) purpose=enter_farm reason=enter farm area
2026-09-29 18:24:11.848  INFO   search      farm branch=none (wander/search next)
2026-09-29 18:24:13.054  INFO   search      farm branch=none (wander/search next)
2026-09-29 18:24:13.091  INFO   travel      hop begin wp=(308, 248) purpose=enter_farm reason=enter farm area
2026-09-29 18:24:14.431  INFO   session     Entity shadow: vision=26 {'player': 22, 'npc': 3, 'monster': 1} memory=54 {'player': 47, 'npc': 6, 'monster': 1} paired=24 median=0.028 unleveled=68:警衛
2026-09-29 18:24:14.568  INFO   search      farm branch=none (wander/search next)
2026-09-29 18:24:15.096  INFO   search      farm branch=none (wander/search next)
2026-09-29 18:24:15.191  INFO   travel      hop begin wp=(306, 250) purpose=enter_farm reason=enter farm area
2026-09-29 18:24:15.995  INFO   search      farm branch=none (wander/search next)
2026-09-29 18:24:17.121  INFO   search      farm branch=none (wander/search next)
2026-09-29 18:24:17.441  INFO   travel      hop begin wp=(306, 250) purpose=enter_farm reason=enter farm area
2026-09-29 18:24:18.069  INFO   search      farm branch=none (wander/search next)
2026-09-29 18:24:18.470  INFO   search      farm branch=none (wander/search next)
2026-09-29 18:24:19.543  INFO   session     Entity shadow: vision=25 {'player': 22, 'npc': 2, 'monster': 1} memory=51 {'player': 46, 'npc': 4, 'monster': 1} paired=23 median=0.024 unleveled=68:警衛
2026-09-29 18:24:19.649  INFO   search      farm branch=none (wander/search next)
2026-09-29 18:24:19.690  INFO   travel      hop begin wp=(306, 250) purpose=enter_farm reason=enter farm area
2026-09-29 18:24:20.414  INFO   search      farm branch=none (wander/search next)
2026-09-29 18:24:20.415  INFO   travel      hop begin wp=(310, 238) purpose=enter_farm reason=unstick nearby
2026-09-29 18:24:21.894  INFO   search      farm branch=none (wander/search next)
2026-09-29 18:24:22.569  INFO   travel      hop arrive wp=(310, 238) purpose=enter_farm
2026-09-29 18:24:22.635  INFO   travel      hop begin wp=(306, 250) purpose=enter_farm reason=enter farm area
2026-09-29 18:24:23.655  INFO   search      farm branch=none (wander/search next)
2026-09-29 18:24:24.800  INFO   session     Entity shadow: vision=24 {'player': 22, 'npc': 2} memory=51 {'player': 46, 'npc': 4, 'monster': 1} paired=22 median=0.026 unleveled=68:警衛
2026-09-29 18:24:24.894  INFO   nav         unstick TP emit reason=unstick confined
2026-09-29 18:24:24.895  INFO   nav         confined escape fired (bubble timeout)
2026-09-29 18:24:24.904  INFO   decision    mode=traveling goal=unstick action=teleport target=- sticky=- origin=(310,239) shop=0 scrolled=0 reason='unstick confined' status=success
2026-09-29 18:24:26.362  INFO   combat      farm branch=screen_combat id=336 dist=5
2026-09-29 18:24:26.391  INFO   combat      engage id=336 species=monster_좀비_6 rel=(-5,-1)
2026-09-29 18:24:26.411  INFO   decision    mode=traveling goal=combat action=attack target=336 sticky=336 origin=(367,333) shop=0 scrolled=0 reason='screen engage' status=success
2026-09-29 18:24:27.218  INFO   combat      farm branch=sticky id=336 dist=5
2026-09-29 18:24:28.345  INFO   combat      farm branch=sticky id=336 dist=5
2026-09-29 18:24:29.003  INFO   combat      farm branch=sticky id=336 dist=4
2026-09-29 18:24:29.873  INFO   combat      farm branch=sticky id=336 dist=4
2026-09-29 18:24:30.867  INFO   session     Entity shadow: vision=4 {'player': 1, 'monster': 3} memory=4 {'monster': 4} paired=3 median=0.021 unleveled=206:兔子
2026-09-29 18:24:30.962  INFO   combat      farm branch=sticky id=336 dist=3
2026-09-29 18:24:31.527  INFO   combat      farm branch=sticky id=336 dist=2
2026-09-29 18:24:32.017  INFO   combat      farm branch=sticky id=336 dist=2
2026-09-29 18:24:32.740  INFO   combat      farm branch=screen_combat id=339 dist=7
2026-09-29 18:24:33.086  INFO   combat      engage id=339 species=monster_고블린_2 rel=(7,-4)
2026-09-29 18:24:33.101  INFO   decision    mode=traveling goal=combat action=attack target=339 sticky=339 origin=(367,333) shop=0 scrolled=0 reason='screen engage' status=success
2026-09-29 18:24:33.812  INFO   combat      farm branch=sticky id=339 dist=8
2026-09-29 18:24:34.603  INFO   combat      farm branch=sticky id=339 dist=8
2026-09-29 18:24:36.025  INFO   session     Entity shadow: vision=3 {'player': 1, 'monster': 1, 'item': 1} memory=3 {'monster': 2, 'item': 1} paired=2 median=0.014 unleveled=206:兔子
2026-09-29 18:24:36.130  INFO   combat      farm branch=sticky id=337 dist=10
2026-09-29 18:24:36.131  INFO   decision    mode=traveling goal=combat action=attack target=337 sticky=337 origin=(367,333) shop=0 scrolled=0 reason='attack target' status=success
2026-09-29 18:24:36.665  INFO   combat      farm branch=sticky id=337 dist=10
2026-09-29 18:24:37.186  INFO   combat      farm branch=sticky id=337 dist=9
2026-09-29 18:24:37.984  INFO   combat      farm branch=sticky id=337 dist=6
2026-09-29 18:24:38.662  INFO   combat      farm branch=sticky id=337 dist=4
2026-09-29 18:24:39.357  INFO   combat      farm branch=sticky id=337 dist=3
2026-09-29 18:24:40.085  INFO   combat      farm branch=sticky id=337 dist=1
2026-09-29 18:24:41.097  INFO   session     Entity shadow: vision=4 {'monster': 3, 'player': 1} memory=4 {'monster': 4} paired=3 median=0.010
2026-09-29 18:24:41.275  INFO   combat      farm branch=sticky id=337 dist=2
2026-09-29 18:24:42.409  INFO   combat      farm branch=sticky id=337 dist=1
2026-09-29 18:24:43.019  INFO   combat      farm branch=sticky id=337 dist=1
2026-09-29 18:24:43.811  INFO   combat      farm branch=sticky id=337 dist=1
2026-09-29 18:24:44.478  INFO   combat      farm branch=sticky id=337 dist=1
2026-09-29 18:24:45.256  INFO   combat      farm branch=screen_combat id=343 dist=9
2026-09-29 18:24:45.637  INFO   combat      engage id=343 species=monster_그렘린_4 rel=(9,2)
2026-09-29 18:24:45.654  INFO   decision    mode=traveling goal=combat action=attack target=343 sticky=343 origin=(375,332) shop=0 scrolled=0 reason='screen engage' status=success
2026-09-29 18:24:46.320  INFO   session     Entity shadow: vision=3 {'monster': 2, 'player': 1} memory=4 {'item': 3, 'monster': 1} paired=1 median=0.019
2026-09-29 18:24:46.480  INFO   loot        begin_loot_item id=346
2026-09-29 18:24:47.144  INFO   loot        approach hop item=346 wp=(385, 335) reason=walk onto item
2026-09-29 18:24:47.155  INFO   loot        farm branch=loot item_id=346
2026-09-29 18:24:47.186  INFO   decision    mode=traveling goal=loot action=searching target=346 sticky=- origin=(375,332) shop=0 scrolled=0 reason='walk onto item' status=success
2026-09-29 18:24:47.907  INFO   loot        farm branch=loot item_id=346
2026-09-29 18:24:48.209  INFO   loot        farm branch=loot item_id=346
2026-09-29 18:24:48.886  INFO   loot        farm branch=loot item_id=346
2026-09-29 18:24:49.647  INFO   loot        approach hop item=346 wp=(385, 335) reason=walk onto item
2026-09-29 18:24:50.109  INFO   loot        farm branch=loot item_id=346
2026-09-29 18:24:50.742  INFO   loot        farm branch=loot item_id=346
2026-09-29 18:24:51.133  INFO   loot        farm branch=loot item_id=346
2026-09-29 18:24:51.762  INFO   session     Entity shadow: vision=4 {'player': 2, 'item': 1, 'monster': 1} memory=4 {'player': 1, 'monster': 2, 'item': 1} paired=3 median=0.013 unleveled=206:兔子
2026-09-29 18:24:52.312  INFO   loot        farm branch=loot item_id=346
2026-09-29 18:24:52.566  INFO   decision    mode=traveling goal=loot action=pickup target=346 sticky=- origin=(384,335) shop=0 scrolled=0 reason='loot target' status=success
2026-09-29 18:24:53.790  INFO   loot        pickup retry id=346 (await still listed)
2026-09-29 18:24:53.791  INFO   loot        pickup emit item=346 reason=pickup retry
2026-09-29 18:24:53.800  INFO   loot        farm branch=loot item_id=None
2026-09-29 18:24:54.521  INFO   loot        pickup retry id=346 (await still listed)
2026-09-29 18:24:54.521  INFO   loot        pickup emit item=346 reason=pickup retry
2026-09-29 18:24:54.532  INFO   loot        farm branch=loot item_id=None
2026-09-29 18:24:55.343  INFO   loot        pickup retry id=346 (await still listed)
2026-09-29 18:24:55.344  INFO   loot        pickup emit item=346 reason=pickup retry
2026-09-29 18:24:55.353  INFO   loot        farm branch=loot item_id=None
2026-09-29 18:24:55.984  INFO   loot        pickup retry id=346 (await still listed)
2026-09-29 18:24:55.984  INFO   loot        pickup emit item=346 reason=pickup retry
2026-09-29 18:24:55.995  INFO   loot        farm branch=loot item_id=None
2026-09-29 18:24:56.684  INFO   loot        pickup retry id=346 (await still listed)
2026-09-29 18:24:56.716  INFO   loot        pickup emit item=346 reason=pickup retry
2026-09-29 18:24:56.732  INFO   loot        farm branch=loot item_id=None
2026-09-29 18:24:57.432  INFO   session     Entity shadow: vision=3 {'player': 2, 'item': 1} memory=4 {'player': 1, 'item': 2, 'monster': 1} paired=2 median=0.021 unleveled=206:兔子
2026-09-29 18:24:57.572  INFO   loot        pickup retry id=346 (await still listed)
2026-09-29 18:24:58.242  INFO   loot        pickup emit item=346 reason=pickup retry
2026-09-29 18:24:58.253  INFO   loot        farm branch=loot item_id=None
2026-09-29 18:24:59.020  INFO   search      farm branch=none (wander/search next)
2026-09-29 18:24:59.053  INFO   travel      hop begin wp=(392, 342) purpose=enter_farm reason=enter farm area
2026-09-29 18:24:59.066  INFO   decision    mode=traveling goal=traveling action=traveling target=- sticky=- origin=(385,335) shop=0 scrolled=0 reason='enter farm area' status=success
2026-09-29 18:24:59.608  INFO   search      farm branch=none (wander/search next)
2026-09-29 18:25:00.180  INFO   search      farm branch=none (wander/search next)
2026-09-29 18:25:00.858  INFO   search      farm branch=none (wander/search next)
2026-09-29 18:25:01.303  INFO   travel      hop begin wp=(395, 345) purpose=enter_farm reason=enter farm area
2026-09-29 18:25:01.864  INFO   search      farm branch=none (wander/search next)
2026-09-29 18:25:02.352  INFO   combat      farm branch=screen_combat id=359 dist=11
2026-09-29 18:25:02.814  INFO   combat      engage id=359 species=monster_그렘린_4 rel=(6,11)
2026-09-29 18:25:02.829  INFO   decision    mode=traveling goal=combat action=attack target=359 sticky=359 origin=(390,340) shop=0 scrolled=0 reason='screen engage' status=success
2026-09-29 18:25:03.549  INFO   session     Entity shadow: vision=5 {'player': 3, 'monster': 2} memory=5 {'monster': 5} paired=2 median=0.029 unleveled=189:鹿
2026-09-29 18:25:03.627  INFO   combat      farm branch=sticky id=359 dist=8
2026-09-29 18:25:04.025  INFO   combat      farm branch=sticky id=359 dist=5
2026-09-29 18:25:05.000  INFO   combat      farm branch=sticky id=359 dist=5
2026-09-29 18:25:06.132  INFO   combat      farm branch=sticky id=359 dist=2
2026-09-29 18:25:06.688  INFO   combat      farm branch=sticky id=359 dist=2
2026-09-29 18:25:07.636  INFO   combat      farm branch=sticky id=359 dist=3
2026-09-29 18:25:08.312  INFO   combat      farm branch=sticky id=359 dist=2
2026-09-29 18:25:09.298  INFO   session     Entity shadow: vision=3 {'player': 1, 'monster': 2} memory=4 {'monster': 4} paired=2 median=0.034 unleveled=189:鹿
2026-09-29 18:25:09.392  INFO   combat      farm branch=sticky id=359 dist=1
2026-09-29 18:25:09.943  INFO   loot        begin_loot_item id=362
2026-09-29 18:25:10.084  INFO   loot        approach hop item=362 wp=(393, 345) reason=walk onto item
2026-09-29 18:25:10.094  INFO   loot        farm branch=loot item_id=362
2026-09-29 18:25:10.113  INFO   decision    mode=traveling goal=loot action=searching target=362 sticky=- origin=(393,348) shop=0 scrolled=0 reason='walk onto item' status=success
2026-09-29 18:25:10.566  INFO   loot        farm branch=loot item_id=362
2026-09-29 18:25:11.627  INFO   loot        farm branch=loot item_id=362
2026-09-29 18:25:12.375  INFO   decision    mode=traveling goal=loot action=pickup target=362 sticky=- origin=(393,347) shop=0 scrolled=0 reason='loot target' status=success
2026-09-29 18:25:13.135  INFO   combat      farm branch=screen_combat id=363 dist=7
2026-09-29 18:25:13.191  INFO   combat      engage id=363 species=monster_오크_2 rel=(7,-7)
2026-09-29 18:25:13.206  INFO   decision    mode=traveling goal=combat action=attack target=363 sticky=363 origin=(393,346) shop=0 scrolled=0 reason='screen engage' status=success
2026-09-29 18:25:13.883  INFO   session     Entity shadow: vision=3 {'player': 1, 'monster': 2} memory=4 {'monster': 4} paired=2 median=0.071 unleveled=189:鹿
2026-09-29 18:25:13.938  INFO   combat      farm branch=sticky id=363 dist=4
2026-09-29 18:25:14.374  INFO   combat      farm branch=sticky id=363 dist=4
2026-09-29 18:25:15.033  INFO   combat      farm branch=sticky id=363 dist=2
2026-09-29 18:25:15.681  INFO   loot        begin_loot_item id=365
2026-09-29 18:25:15.981  INFO   loot        pickup emit item=365 reason=engage item
2026-09-29 18:25:15.992  INFO   loot        farm branch=loot item_id=365
2026-09-29 18:25:16.002  INFO   decision    mode=traveling goal=loot action=pickup target=365 sticky=- origin=(396,342) shop=0 scrolled=0 reason='engage item' status=success
2026-09-29 18:25:16.692  INFO   loot        pickup retry id=365 (await still listed)
2026-09-29 18:25:16.748  INFO   loot        pickup emit item=365 reason=pickup retry
2026-09-29 18:25:16.761  INFO   loot        farm branch=loot item_id=None
2026-09-29 18:25:17.586  INFO   loot        pickup retry id=365 (await still listed)
2026-09-29 18:25:18.267  INFO   loot        pickup emit item=365 reason=pickup retry
2026-09-29 18:25:18.278  INFO   loot        farm branch=loot item_id=None
2026-09-29 18:25:18.994  INFO   session     Entity shadow: vision=3 {'player': 1, 'monster': 2} memory=4 {'monster': 4} paired=2 median=0.054 unleveled=189:鹿
2026-09-29 18:25:19.103  INFO   combat      farm branch=screen_combat id=360 dist=10
2026-09-29 18:25:19.125  INFO   combat      engage id=360 species=monster_고블린_2 rel=(-3,-10)
2026-09-29 18:25:19.139  INFO   decision    mode=traveling goal=combat action=attack target=360 sticky=360 origin=(398,342) shop=0 scrolled=0 reason='screen engage' status=success
2026-09-29 18:25:19.761  INFO   combat      farm branch=sticky id=360 dist=10
2026-09-29 18:25:20.118  INFO   combat      farm branch=sticky id=360 dist=9
2026-09-29 18:25:20.729  INFO   combat      farm branch=sticky id=360 dist=9
2026-09-29 18:25:21.635  INFO   loot        begin_loot_item id=368
2026-09-29 18:25:21.920  INFO   loot        approach hop item=368 wp=(394, 332) reason=walk onto item
2026-09-29 18:25:21.927  INFO   loot        farm branch=loot item_id=368
2026-09-29 18:25:21.956  INFO   decision    mode=traveling goal=loot action=searching target=368 sticky=- origin=(395,339) shop=0 scrolled=0 reason='walk onto item' status=success
2026-09-29 18:25:22.457  INFO   loot        farm branch=loot item_id=368
2026-09-29 18:25:22.869  INFO   loot        farm branch=loot item_id=368
2026-09-29 18:25:23.329  INFO   loot        farm branch=loot item_id=368
2026-09-29 18:25:23.551  INFO   loot        farm branch=loot item_id=368
2026-09-29 18:25:23.915  INFO   loot        farm branch=loot item_id=368
2026-09-29 18:25:24.298  INFO   session     Entity shadow: vision=2 {'monster': 2} memory=2 {'monster': 1, 'item': 1} paired=0 median=0.000 unleveled=189:鹿
2026-09-29 18:25:24.353  INFO   loot        approach hop item=368 wp=(394, 332) reason=walk onto item
2026-09-29 18:25:24.790  INFO   loot        farm branch=loot item_id=368
2026-09-29 18:25:25.589  INFO   loot        farm branch=loot item_id=368
2026-09-29 18:25:25.832  INFO   decision    mode=traveling goal=loot action=pickup target=368 sticky=- origin=(394,333) shop=0 scrolled=0 reason='loot target' status=success
2026-09-29 18:25:26.979  INFO   search      farm branch=none (wander/search next)
2026-09-29 18:25:27.061  INFO   travel      hop begin wp=(399, 341) purpose=enter_farm reason=enter farm area
2026-09-29 18:25:27.071  INFO   decision    mode=traveling goal=traveling action=traveling target=- sticky=- origin=(394,332) shop=0 scrolled=0 reason='enter farm area' status=success
2026-09-29 18:25:27.476  INFO   search      farm branch=none (wander/search next)
2026-09-29 18:25:28.059  INFO   search      farm branch=none (wander/search next)
2026-09-29 18:25:28.519  INFO   search      farm branch=none (wander/search next)
2026-09-29 18:25:28.778  INFO   combat      farm branch=screen_combat id=369 dist=12
2026-09-29 18:25:28.809  INFO   combat      engage id=369 species=monster_좀비_6 rel=(12,6)
2026-09-29 18:25:28.820  INFO   decision    mode=traveling goal=combat action=attack target=369 sticky=369 origin=(396,331) shop=0 scrolled=0 reason='screen engage' status=success
2026-09-29 18:25:29.990  INFO   session     Entity shadow: vision=2 {'player': 1, 'monster': 1} memory=2 {'monster': 2} paired=1 median=0.061
2026-09-29 18:25:30.063  INFO   combat      farm branch=sticky id=369 dist=10
2026-09-29 18:25:30.767  INFO   combat      farm branch=sticky id=369 dist=8
2026-09-29 18:25:31.812  INFO   combat      farm branch=sticky id=369 dist=4
2026-09-29 18:25:32.499  INFO   combat      farm branch=sticky id=369 dist=2
2026-09-29 18:25:33.217  INFO   combat      farm branch=sticky id=369 dist=1
2026-09-29 18:25:33.990  INFO   combat      farm branch=sticky id=369 dist=1
2026-09-29 18:25:34.774  INFO   combat      farm branch=sticky id=369 dist=1
2026-09-29 18:25:35.828  INFO   session     Entity shadow: vision=2 {'monster': 1, 'player': 1} memory=1 {'monster': 1} paired=0 median=0.000
2026-09-29 18:25:35.915  INFO   combat      farm branch=sticky id=369 dist=1
2026-09-29 18:25:36.612  INFO   combat      farm branch=sticky id=369 dist=1
2026-09-29 18:25:37.754  INFO   combat      farm branch=sticky id=369 dist=1
2026-09-29 18:25:38.321  INFO   combat      farm branch=sticky id=369 dist=1
2026-09-29 18:25:38.757  INFO   decision    mode=traveling goal=combat action=searching target=369 sticky=369 origin=(405,336) shop=0 scrolled=0 reason='sidestep combat block' status=success
2026-09-29 18:25:39.204  INFO   combat      farm branch=sticky id=369 dist=1
2026-09-29 18:25:39.504  INFO   decision    mode=traveling goal=combat action=attack target=369 sticky=369 origin=(405,336) shop=0 scrolled=0 reason='attack target' status=success
2026-09-29 18:25:40.257  INFO   combat      farm branch=sticky id=369 dist=2
2026-09-29 18:25:41.040  INFO   session     Entity shadow: vision=3 {'player': 1, 'monster': 2} memory=3 {'monster': 3} paired=2 median=0.078 unleveled=189:鹿
2026-09-29 18:25:41.113  INFO   combat      farm branch=sticky id=369 dist=2
2026-09-29 18:25:41.611  INFO   combat      farm branch=sticky id=369 dist=1
2026-09-29 18:25:42.133  INFO   combat      farm branch=sticky id=369 dist=1
2026-09-29 18:25:42.878  INFO   combat      farm branch=sticky id=369 dist=2
2026-09-29 18:25:44.004  INFO   combat      farm branch=sticky id=369 dist=2
2026-09-29 18:25:45.148  INFO   combat      farm branch=sticky id=369 dist=2
2026-09-29 18:25:46.131  INFO   session     Entity shadow: vision=3 {'monster': 2, 'player': 1} memory=3 {'monster': 3} paired=2 median=0.009 unleveled=189:鹿
2026-09-29 18:25:46.229  INFO   combat      farm branch=sticky id=369 dist=2
2026-09-29 18:25:46.715  INFO   combat      farm branch=sticky id=369 dist=1
2026-09-29 18:25:47.288  INFO   combat      farm branch=sticky id=369 dist=1
2026-09-29 18:25:48.000  INFO   combat      farm branch=sticky id=369 dist=1
2026-09-29 18:25:48.710  INFO   combat      farm branch=sticky id=369 dist=1
2026-09-29 18:25:49.402  INFO   loot        begin_loot_item id=375
2026-09-29 18:25:49.777  INFO   loot        pickup emit item=375 reason=engage item
2026-09-29 18:25:49.794  INFO   loot        farm branch=loot item_id=375
2026-09-29 18:25:49.805  INFO   decision    mode=traveling goal=loot action=pickup target=375 sticky=- origin=(409,336) shop=0 scrolled=0 reason='engage item' status=success
2026-09-29 18:25:50.710  INFO   loot        pickup retry id=375 (await still listed)
2026-09-29 18:25:51.384  INFO   loot        pickup emit item=375 reason=pickup retry
2026-09-29 18:25:51.422  INFO   loot        farm branch=loot item_id=None
2026-09-29 18:25:52.146  INFO   session     Entity shadow: vision=5 {'item': 2, 'player': 1, 'monster': 2} memory=3 {'monster': 3} paired=2 median=0.017 unleveled=189:鹿
2026-09-29 18:25:52.252  INFO   combat      farm branch=screen_combat id=376 dist=10
2026-09-29 18:25:52.271  INFO   combat      engage id=376 species=monster_오크 궁수_3 rel=(-1,10)
2026-09-29 18:25:52.284  INFO   decision    mode=traveling goal=combat action=attack target=376 sticky=376 origin=(408,336) shop=0 scrolled=0 reason='screen engage' status=success
2026-09-29 18:25:52.890  INFO   combat      farm branch=sticky id=376 dist=9
2026-09-29 18:25:53.273  INFO   combat      farm branch=sticky id=376 dist=9
2026-09-29 18:25:53.870  INFO   combat      farm branch=sticky id=376 dist=9
2026-09-29 18:25:54.689  INFO   search      farm branch=none (wander/search next)
2026-09-29 18:25:55.027  INFO   travel      hop begin wp=(400, 344) purpose=enter_farm reason=enter farm area
2026-09-29 18:25:55.046  INFO   decision    mode=traveling goal=traveling action=traveling target=- sticky=- origin=(408,336) shop=0 scrolled=0 reason='enter farm area' status=success
2026-09-29 18:25:55.404  INFO   search      farm branch=none (wander/search next)
2026-09-29 18:25:56.030  INFO   search      farm branch=none (wander/search next)
2026-09-29 18:25:56.757  INFO   search      farm branch=none (wander/search next)
2026-09-29 18:25:57.201  INFO   travel      hop begin wp=(399, 350) purpose=enter_farm reason=enter farm area
2026-09-29 18:25:57.929  INFO   session     Entity shadow: vision=1 {'player': 1} memory=0 {} paired=0 median=0.000
2026-09-29 18:25:58.113  INFO   search      farm branch=none (wander/search next)
2026-09-29 18:25:59.150  INFO   search      farm branch=none (wander/search next)
2026-09-29 18:25:59.552  INFO   travel      hop begin wp=(399, 358) purpose=enter_farm reason=enter farm area
2026-09-29 18:26:00.019  INFO   search      farm branch=none (wander/search next)
2026-09-29 18:26:00.535  INFO   combat      farm branch=screen_combat id=377 dist=12
2026-09-29 18:26:00.986  INFO   combat      engage id=377 species=monster_오크 궁수_3 rel=(-12,-1)
2026-09-29 18:26:01.001  INFO   decision    mode=traveling goal=combat action=attack target=377 sticky=377 origin=(396,349) shop=0 scrolled=0 reason='screen engage' status=success
2026-09-29 18:26:01.707  INFO   combat      farm branch=sticky id=377 dist=11
2026-09-29 18:26:01.988  INFO   combat      farm branch=sticky id=377 dist=11
2026-09-29 18:26:03.102  INFO   session     Entity shadow: vision=2 {'monster': 2} memory=1 {'monster': 1} paired=1 median=0.033
2026-09-29 18:26:03.182  INFO   combat      farm branch=sticky id=377 dist=9
2026-09-29 18:26:03.525  INFO   combat      farm branch=sticky id=377 dist=7
2026-09-29 18:26:04.181  INFO   loot        begin_loot_item id=378
2026-09-29 18:26:04.513  INFO   loot        approach hop item=378 wp=(383, 348) reason=walk onto item
2026-09-29 18:26:04.520  INFO   loot        farm branch=loot item_id=378
2026-09-29 18:26:04.532  INFO   decision    mode=traveling goal=loot action=searching target=378 sticky=- origin=(391,347) shop=0 scrolled=0 reason='walk onto item' status=success
2026-09-29 18:26:05.304  INFO   loot        farm branch=loot item_id=378
2026-09-29 18:26:06.302  INFO   loot        farm branch=loot item_id=378
2026-09-29 18:26:07.017  INFO   loot        farm branch=loot item_id=378
2026-09-29 18:26:07.445  INFO   decision    mode=traveling goal=loot action=pickup target=378 sticky=- origin=(384,347) shop=0 scrolled=0 reason='loot target' status=success
2026-09-29 18:26:08.189  INFO   session     Entity shadow: vision=4 {'player': 2, 'item': 1, 'monster': 1} memory=4 {'player': 1, 'monster': 2, 'item': 1} paired=3 median=0.023 unleveled=206:兔子
2026-09-29 18:26:08.267  INFO   loot        pickup retry id=378 (await still listed)
2026-09-29 18:26:08.268  INFO   loot        pickup emit item=378 reason=pickup retry
2026-09-29 18:26:08.278  INFO   loot        farm branch=loot item_id=None
2026-09-29 18:26:08.897  INFO   loot        pickup retry id=378 (await still listed)
2026-09-29 18:26:08.919  INFO   loot        pickup emit item=378 reason=pickup retry
2026-09-29 18:26:08.930  INFO   loot        farm branch=loot item_id=None
2026-09-29 18:26:09.567  INFO   search      farm branch=none (wander/search next)
2026-09-29 18:26:09.701  INFO   travel      hop begin wp=(375, 355) purpose=enter_farm reason=enter farm area
2026-09-29 18:26:09.702  INFO   decision    mode=traveling goal=traveling action=traveling target=- sticky=- origin=(382,347) shop=0 scrolled=0 reason='enter farm area' status=success
2026-09-29 18:26:10.247  INFO   search      farm branch=none (wander/search next)
2026-09-29 18:26:10.632  INFO   search      farm branch=none (wander/search next)
2026-09-29 18:26:11.122  INFO   search      farm branch=none (wander/search next)
2026-09-29 18:26:11.409  INFO   search      farm branch=none (wander/search next)
2026-09-29 18:26:12.148  INFO   search      farm branch=none (wander/search next)
2026-09-29 18:26:12.187  INFO   travel      hop begin wp=(373, 359) purpose=enter_farm reason=enter farm area
2026-09-29 18:26:12.604  INFO   search      farm branch=none (wander/search next)
2026-09-29 18:26:13.139  INFO   search      farm branch=none (wander/search next)
2026-09-29 18:26:13.820  INFO   session     Entity shadow: vision=1 {'player': 1} memory=1 {'monster': 1} paired=0 median=0.000 unleveled=206:兔子
2026-09-29 18:26:13.886  INFO   search      farm branch=none (wander/search next)
2026-09-29 18:26:14.391  INFO   travel      hop begin wp=(368, 364) purpose=enter_farm reason=enter farm area
2026-09-29 18:26:15.012  INFO   search      farm branch=none (wander/search next)
2026-09-29 18:26:15.264  INFO   search      farm branch=none (wander/search next)
2026-09-29 18:26:15.621  INFO   search      farm branch=none (wander/search next)
2026-09-29 18:26:16.067  INFO   search      farm branch=none (wander/search next)
2026-09-29 18:26:16.573  INFO   travel      hop begin wp=(365, 369) purpose=enter_farm reason=enter farm area
2026-09-29 18:26:17.118  INFO   search      farm branch=none (wander/search next)
2026-09-29 18:26:17.995  INFO   search      farm branch=none (wander/search next)
2026-09-29 18:26:18.797  INFO   travel      hop begin wp=(363, 371) purpose=enter_farm reason=enter farm area
2026-09-29 18:26:19.472  INFO   session     Entity shadow: vision=4 {'player': 3, 'item': 1} memory=4 {'player': 2, 'monster': 1, 'item': 1} paired=3 median=0.031 unleveled=189:鹿
2026-09-29 18:26:19.565  INFO   search      farm branch=none (wander/search next)
2026-09-29 18:26:19.925  INFO   search      farm branch=none (wander/search next)
2026-09-29 18:26:20.175  INFO   travel      hop arrive wp=(363, 371) purpose=enter_farm
2026-09-29 18:26:20.275  INFO   travel      hop begin wp=(356, 378) purpose=enter_farm reason=enter farm area
2026-09-29 18:26:20.895  INFO   search      farm branch=none (wander/search next)
2026-09-29 18:26:21.111  INFO   search      farm branch=none (wander/search next)
2026-09-29 18:26:21.404  INFO   search      farm branch=none (wander/search next)
2026-09-29 18:26:21.921  INFO   search      farm branch=none (wander/search next)
2026-09-29 18:26:22.434  INFO   travel      hop begin wp=(354, 384) purpose=enter_farm reason=enter farm area
2026-09-29 18:26:22.849  INFO   search      farm branch=none (wander/search next)
2026-09-29 18:26:23.913  INFO   search      farm branch=none (wander/search next)
2026-09-29 18:26:24.677  INFO   travel      hop begin wp=(352, 386) purpose=enter_farm reason=enter farm area
2026-09-29 18:26:25.356  INFO   session     Entity shadow: vision=3 {'item': 2, 'player': 1} memory=3 {'player': 1, 'item': 2} paired=3 median=0.027
2026-09-29 18:26:25.431  INFO   loot        begin_loot_item id=387
2026-09-29 18:26:25.433  INFO   loot        approach hop item=387 wp=(349, 386) reason=walk onto item
2026-09-29 18:26:25.443  INFO   loot        farm branch=loot item_id=387
2026-09-29 18:26:25.454  INFO   decision    mode=traveling goal=loot action=searching target=387 sticky=- origin=(352,380) shop=0 scrolled=0 reason='walk onto item' status=success
2026-09-29 18:26:26.042  INFO   loot        farm branch=loot item_id=387
2026-09-29 18:26:26.313  INFO   loot        farm branch=loot item_id=387
2026-09-29 18:26:26.699  INFO   loot        farm branch=loot item_id=387
2026-09-29 18:26:27.049  INFO   loot        farm branch=loot item_id=387
2026-09-29 18:26:27.483  INFO   loot        approach hop item=387 wp=(345, 386) reason=walk onto item
2026-09-29 18:26:27.532  INFO   loot        farm branch=loot item_id=387
2026-09-29 18:26:28.042  INFO   loot        farm branch=loot item_id=387
2026-09-29 18:26:28.522  INFO   loot        farm branch=loot item_id=387
2026-09-29 18:26:29.306  INFO   loot        farm branch=loot item_id=387
2026-09-29 18:26:29.695  INFO   decision    mode=traveling goal=loot action=pickup target=387 sticky=- origin=(347,388) shop=0 scrolled=0 reason='loot target' status=success
2026-09-29 18:26:30.415  INFO   session     Entity shadow: vision=4 {'player': 1, 'monster': 1, 'item': 2} memory=3 {'monster': 1, 'item': 2} paired=2 median=0.036 unleveled=68:警衛
2026-09-29 18:26:30.576  INFO   loot        pickup retry id=387 (await still listed)
2026-09-29 18:26:31.282  INFO   loot        pickup emit item=387 reason=pickup retry
2026-09-29 18:26:31.296  INFO   loot        farm branch=loot item_id=None
2026-09-29 18:26:32.076  INFO   loot        pickup retry id=387 (await still listed)
2026-09-29 18:26:32.077  INFO   loot        pickup emit item=387 reason=pickup retry
2026-09-29 18:26:32.087  INFO   loot        farm branch=loot item_id=None
2026-09-29 18:26:32.795  INFO   loot        pickup retry id=387 (await still listed)
2026-09-29 18:26:32.796  INFO   loot        pickup emit item=387 reason=pickup retry
2026-09-29 18:26:32.807  INFO   loot        farm branch=loot item_id=None
2026-09-29 18:26:33.505  INFO   loot        pickup retry id=387 (await still listed)
2026-09-29 18:26:33.516  INFO   loot        pickup emit item=387 reason=pickup retry
2026-09-29 18:26:33.527  INFO   loot        farm branch=loot item_id=None
2026-09-29 18:26:34.151  INFO   loot        pickup retry id=387 (await still listed)
2026-09-29 18:26:34.242  INFO   loot        pickup emit item=387 reason=pickup retry
2026-09-29 18:26:34.257  INFO   loot        farm branch=loot item_id=None
2026-09-29 18:26:34.943  INFO   combat      farm branch=screen_combat id=389 dist=15
2026-09-29 18:26:34.978  INFO   combat      engage id=389 species=monster_오크 전사_8 rel=(15,0)
2026-09-29 18:26:34.995  INFO   decision    mode=traveling goal=combat action=attack target=389 sticky=389 origin=(345,386) shop=0 scrolled=0 reason='screen engage' status=success
2026-09-29 18:26:35.696  INFO   session     Entity shadow: vision=2 {'monster': 1, 'player': 1} memory=4 {'monster': 3, 'item': 1} paired=0 median=0.000 unleveled=68:警衛
2026-09-29 18:26:35.751  INFO   combat      farm branch=sticky id=389 dist=14
2026-09-29 18:26:36.296  INFO   combat      farm branch=sticky id=389 dist=13
2026-09-29 18:26:37.198  INFO   combat      farm branch=sticky id=389 dist=12
2026-09-29 18:26:38.007  INFO   combat      farm branch=screen_combat id=392 dist=8
2026-09-29 18:26:38.029  INFO   combat      engage id=392 species=monster_고블린_2 rel=(5,-8)
2026-09-29 18:26:38.039  INFO   decision    mode=traveling goal=combat action=attack target=392 sticky=392 origin=(351,387) shop=0 scrolled=0 reason='screen engage' status=success
2026-09-29 18:26:38.656  INFO   combat      farm branch=sticky id=392 dist=8
2026-09-29 18:26:39.037  INFO   combat      farm branch=sticky id=392 dist=8
2026-09-29 18:26:39.691  INFO   combat      farm branch=sticky id=392 dist=7
2026-09-29 18:26:40.550  INFO   combat      farm branch=screen_combat id=394 dist=7
2026-09-29 18:26:40.917  INFO   combat      engage id=394 species=monster_늑대인간_9 rel=(7,-7)
2026-09-29 18:26:40.929  INFO   decision    mode=traveling goal=combat action=attack target=394 sticky=394 origin=(353,387) shop=0 scrolled=0 reason='screen engage' status=success
2026-09-29 18:26:41.676  INFO   session     Entity shadow: vision=8 {'player': 3, 'item': 1, 'monster': 3, 'npc': 1} memory=7 {'monster': 4, 'player': 2, 'item': 1} paired=5 median=0.044 unleveled=68:警衛
2026-09-29 18:26:41.755  INFO   combat      farm branch=sticky id=394 dist=4
2026-09-29 18:26:42.368  INFO   combat      farm branch=sticky id=394 dist=1
2026-09-29 18:26:42.713  INFO   combat      farm branch=sticky id=394 dist=1
2026-09-29 18:26:43.857  INFO   combat      farm branch=sticky id=391 dist=4
2026-09-29 18:26:44.528  INFO   decision    mode=traveling goal=combat action=attack target=391 sticky=391 origin=(356,383) shop=0 scrolled=0 reason='attack target' status=success
2026-09-29 18:26:45.074  INFO   combat      farm branch=sticky id=391 dist=3
2026-09-29 18:26:45.764  INFO   combat      farm branch=sticky id=391 dist=4
2026-09-29 18:26:46.546  INFO   combat      farm branch=sticky id=391 dist=2
2026-09-29 18:26:47.437  INFO   session     Entity shadow: vision=7 {'player': 4, 'npc': 1, 'item': 1, 'monster': 1} memory=6 {'player': 2, 'monster': 3, 'item': 1} paired=4 median=0.030 unleveled=68:警衛
2026-09-29 18:26:47.528  INFO   combat      farm branch=sticky id=391 dist=2
2026-09-29 18:26:48.055  INFO   search      farm branch=none (wander/search next)
2026-09-29 18:26:48.324  INFO   travel      hop begin wp=(352, 400) purpose=enter_farm reason=enter farm area
2026-09-29 18:26:48.331  INFO   decision    mode=traveling goal=traveling action=traveling target=- sticky=- origin=(354,386) shop=0 scrolled=0 reason='enter farm area' status=success
2026-09-29 18:26:48.976  INFO   search      farm branch=none (wander/search next)
2026-09-29 18:26:49.302  INFO   search      farm branch=none (wander/search next)
2026-09-29 18:26:49.937  INFO   search      farm branch=none (wander/search next)
2026-09-29 18:26:50.472  INFO   travel      hop begin wp=(352, 402) purpose=enter_farm reason=enter farm area
2026-09-29 18:26:51.290  INFO   combat      farm branch=screen_combat id=399 dist=11
2026-09-29 18:26:52.053  INFO   combat      engage id=399 species=monster_그렘린_4 rel=(-11,2)
2026-09-29 18:26:52.073  INFO   decision    mode=traveling goal=combat action=attack target=399 sticky=399 origin=(351,391) shop=0 scrolled=0 reason='screen engage' status=success
2026-09-29 18:26:52.818  INFO   session     Entity shadow: vision=6 {'player': 2, 'item': 1, 'npc': 1, 'monster': 2} memory=7 {'monster': 5, 'player': 1, 'item': 1} paired=4 median=0.034 unleveled=68:警衛
2026-09-29 18:26:52.899  INFO   combat      farm branch=sticky id=399 dist=9
2026-09-29 18:26:53.409  INFO   combat      farm branch=sticky id=399 dist=8
2026-09-29 18:26:53.746  INFO   combat      farm branch=sticky id=399 dist=7
2026-09-29 18:26:54.644  INFO   combat      farm branch=sticky id=399 dist=5
2026-09-29 18:26:55.217  INFO   combat      farm branch=sticky id=399 dist=2
2026-09-29 18:26:55.933  INFO   combat      farm branch=sticky id=399 dist=2
2026-09-29 18:26:56.528  INFO   session     Stop → Stopped
2026-09-29 18:26:57.225  INFO   session     Bot worker exited
