2026-09-27 19:21:32.336  INFO   session     Loading Manmabot from D:\ManmabotV1_final\engine
2026-09-27 19:21:32.344  INFO   session     Session log D:\ManmabotV1_final\engine\logs\bot-20260927-192132.log
2026-09-27 19:21:32.344  INFO   session     character=elf loot=all_items game_lang=ko map=talking_island farms=['area_1', 'area_2', 'area_3', 'area_4'] file=D:\ManmabotV1_final\engine\logs\bot-20260927-192132.log
2026-09-27 19:21:32.672  INFO   nav         building portal graph (cluster=32, 479x511)
2026-09-27 19:21:33.053  INFO   nav         portal graph: 188 components, 381 ms
2026-09-27 19:21:33.060  INFO   nav         farms=4 safe=11 home=(354, 203) (files farm=D:\ManmabotV1_final\engine\maps\talking_island\farms.yaml safe=D:\ManmabotV1_final\engine\maps\talking_island\safe.yaml home=D:\ManmabotV1_final\engine\maps\talking_island\home.yaml)
2026-09-27 19:21:33.321  INFO   capture     mss window capture process='LC.exe' title=None content_aspect=4:3
2026-09-27 19:21:33.879  INFO   session     Entity clicks use memory names, species, and world cells. Image recognition still runs. Set memory.entity_source to vision to restore image-only clicks.
2026-09-27 19:21:33.897  INFO   session     Player memory is read in this process (realtime_monitor.dll, offsets.json). No separate console.
2026-09-27 19:21:33.909  INFO   session     인벤토리를 백그라운드에서 스캔 중 (inventory_listen.dll 또는 inv.json을 두세요).
2026-09-27 19:21:33.943  INFO   session     메모리에서 핫바 24칸을 읽는 중…
2026-09-27 19:21:34.039  INFO   session     핫바 스캔 완료 · 파워 업@box1/f5, 아머 업@box1/f6, 라이트@box1/f7, 힐@box1/f8, HP 물약@box1/f9, 텔레포트@box1/f10, 마법 공격@box1/f11, 말하는 두루마리@box1/f5, 마더 트리@box2/f6, HP를 MP로@box2/f7
2026-09-27 19:21:34.074  INFO   session     루프 준비 · 요정 · 한국어 · 맵=말하는 섬 · 룻=전부 줍기 · 구역=구역 1, 구역 2, 구역 3, 구역 4
2026-09-27 19:21:35.447  INFO   session     Entity shadow: vision=21 {'player': 18, 'npc': 2, 'monster': 1} memory=40 {'player': 29, 'monster': 2, 'npc': 9} paired=19 median=0.028 unleveled=14:青蛙,319:?
2026-09-27 19:21:35.548  INFO   session     인벤토리 수신 준비 (dll) · hp=0 화살=684 은화살=0 해독=0
2026-09-27 19:21:35.571  INFO   decision    mode=farming behavior=buff action=buff target=- reason='armor_up' status=success
2026-09-27 19:21:36.399  INFO   decision    mode=traveling behavior=traveling action=traveling target=- reason='enter farm area' status=success
2026-09-27 19:21:40.108  INFO   session     일시정지 — 단축키
2026-09-27 19:21:47.587  INFO   session     재개 → 실행 중
2026-09-27 19:21:48.897  INFO   session     Entity shadow: vision=34 {'player': 25, 'npc': 7, 'monster': 2} memory=67 {'monster': 3, 'player': 59, 'npc': 5} paired=28 median=0.038 unleveled=319:?
2026-09-27 19:21:49.016  INFO   decision    mode=traveling behavior=buff action=buff target=- reason='light' status=success
2026-09-27 19:21:49.748  INFO   decision    mode=traveling behavior=traveling action=traveling target=- reason='enter farm area' status=success
2026-09-27 19:21:53.237  INFO   session     일시정지 — 단축키
2026-09-27 19:22:12.909  INFO   session     재개 → 실행 중
2026-09-27 19:22:13.656  INFO   session     Entity shadow: vision=9 {'player': 8, 'npc': 1} memory=14 {'monster': 1, 'player': 10, 'npc': 3} paired=8 median=0.018 unleveled=207:兔子
2026-09-27 19:22:16.852  INFO   session     일시정지 — 단축키
2026-09-27 19:22:18.773  INFO   session     재개 → 실행 중
2026-09-27 19:22:19.305  INFO   session     Entity shadow: vision=7 {'player': 6, 'npc': 1} memory=5 {'npc': 1, 'player': 4} paired=4 median=0.021
2026-09-27 19:22:19.420  INFO   decision    mode=farming behavior=enter_farm action=idle target=- reason='enter farm, path blocked' status=success
2026-09-27 19:22:24.327  INFO   session     Entity shadow: vision=4 {'player': 3, 'npc': 1} memory=5 {'monster': 1, 'player': 3, 'npc': 1} paired=3 median=0.020
2026-09-27 19:22:29.645  INFO   session     Entity shadow: vision=6 {'player': 4, 'npc': 1, 'monster': 1} memory=5 {'monster': 1, 'player': 3, 'npc': 1} paired=4 median=0.020
2026-09-27 19:22:34.771  INFO   session     Entity shadow: vision=6 {'npc': 1, 'player': 4, 'monster': 1} memory=6 {'player': 4, 'monster': 1, 'npc': 1} paired=5 median=0.020
2026-09-27 19:22:38.018  INFO   decision    mode=traveling behavior=traveling action=traveling target=- reason='enter farm area' status=success
2026-09-27 19:22:39.793  INFO   session     Entity shadow: vision=4 {'player': 2, 'npc': 1, 'monster': 1} memory=6 {'npc': 2, 'monster': 1, 'player': 3} paired=4 median=0.019
2026-09-27 19:22:42.364  INFO   decision    mode=farming behavior=enter_farm action=idle target=- reason='enter farm, path blocked' status=success
2026-09-27 19:22:43.246  INFO   decision    mode=traveling behavior=traveling action=traveling target=- reason='enter farm area' status=success
2026-09-27 19:22:44.807  INFO   session     Entity shadow: vision=5 {'player': 2, 'npc': 2, 'monster': 1} memory=6 {'monster': 4, 'player': 2} paired=2 median=0.027 unleveled=207:兔子,10:警衛,68:警衛
2026-09-27 19:22:45.275  INFO   decision    mode=farming behavior=enter_farm action=idle target=- reason='enter farm, path blocked' status=success
2026-09-27 19:22:46.067  INFO   decision    mode=traveling behavior=traveling action=traveling target=- reason='enter farm area' status=success
2026-09-27 19:22:50.095  INFO   session     Entity shadow: vision=4 {'player': 2, 'npc': 2} memory=4 {'monster': 3, 'player': 1} paired=1 median=0.009 unleveled=189:鹿,10:警衛,68:警衛
2026-09-27 19:22:55.068  INFO   decision    mode=traveling behavior=loot action=searching target=104 reason='walk onto item' status=success
2026-09-27 19:22:55.668  INFO   session     Entity shadow: vision=5 {'player': 2, 'npc': 1, 'item': 1, 'monster': 1} memory=4 {'item': 1, 'monster': 3} paired=1 median=0.007 unleveled=189:鹿,10:警衛,14:青蛙
2026-09-27 19:22:58.738  INFO   decision    mode=traveling behavior=loot action=searching target=106 reason='walk onto item' status=success
2026-09-27 19:23:00.838  INFO   session     Entity shadow: vision=3 {'player': 2, 'item': 1} memory=6 {'monster': 3, 'player': 2, 'item': 1} paired=2 median=0.063 unleveled=207:兔子,206:兔子,14:青蛙
2026-09-27 19:23:01.480  INFO   decision    mode=traveling behavior=traveling action=traveling target=- reason='enter farm area' status=success
2026-09-27 19:23:04.900  INFO   decision    mode=traveling behavior=combat action=attack target=110 reason='engage target' status=success
2026-09-27 19:23:06.133  INFO   session     Entity shadow: vision=4 {'player': 2, 'monster': 1, 'npc': 1} memory=5 {'player': 1, 'monster': 4} paired=1 median=0.043 unleveled=208:兔子,206:兔子,14:青蛙
2026-09-27 19:23:09.663  INFO   decision    mode=traveling behavior=traveling action=traveling target=- reason='enter farm area' status=success
2026-09-27 19:23:11.433  INFO   session     Entity shadow: vision=1 {'player': 1} memory=2 {'monster': 2} paired=0 median=0.000 unleveled=208:兔子,206:兔子
2026-09-27 19:23:16.701  INFO   session     Entity shadow: vision=1 {'monster': 1} memory=4 {'monster': 3, 'player': 1} paired=0 median=0.000 unleveled=206:兔子,208:兔子
2026-09-27 19:23:18.664  INFO   decision    mode=traveling behavior=loot action=searching target=114 reason='walk onto item' status=success
2026-09-27 19:23:19.825  INFO   decision    mode=traveling behavior=traveling action=traveling target=- reason='enter farm area' status=success
2026-09-27 19:23:21.843  INFO   session     Entity shadow: vision=2 {'player': 1, 'npc': 1} memory=3 {'player': 1, 'monster': 2} paired=0 median=0.000 unleveled=208:兔子,68:警衛
2026-09-27 19:23:26.945  INFO   session     Entity shadow: vision=1 {'player': 1} memory=1 {'monster': 1} paired=0 median=0.000 unleveled=208:兔子
2026-09-27 19:23:27.947  INFO   decision    mode=traveling behavior=loot action=searching target=116 reason='walk onto item' status=success
2026-09-27 19:23:31.945  INFO   session     Entity shadow: vision=2 {'player': 1, 'item': 1} memory=2 {'monster': 1, 'item': 1} paired=1 median=0.026 unleveled=208:兔子
2026-09-27 19:23:34.308  INFO   decision    mode=traveling behavior=loot action=pickup target=116 reason='loot target' status=success
2026-09-27 19:23:34.804  INFO   decision    mode=traveling behavior=loot action=idle target=- reason='pickup settle' status=success
2026-09-27 19:23:35.110  INFO   decision    mode=traveling behavior=traveling action=traveling target=- reason='enter farm area' status=success
2026-09-27 19:23:37.224  INFO   session     Entity shadow: vision=1 {'player': 1} memory=1 {'monster': 1} paired=0 median=0.000 unleveled=14:青蛙
2026-09-27 19:23:42.566  INFO   session     Entity shadow: vision=1 {'monster': 1} memory=0 {} paired=0 median=0.000
2026-09-27 19:23:43.925  INFO   decision    mode=traveling behavior=combat action=attack target=119 reason='engage target' status=success
2026-09-27 19:23:46.133  INFO   decision    mode=traveling behavior=loot action=searching target=120 reason='walk onto item' status=success
2026-09-27 19:23:47.746  INFO   session     Entity shadow: vision=2 {'player': 1, 'monster': 1} memory=1 {'item': 1} paired=0 median=0.000
2026-09-27 19:23:49.123  INFO   decision    mode=traveling behavior=? action=idle target=- reason='no behavior produced an intent' status=success
2026-09-27 19:23:49.495  INFO   decision    mode=traveling behavior=loot action=searching target=120 reason='walk onto item' status=success
2026-09-27 19:23:52.864  INFO   session     Entity shadow: vision=2 {'player': 1, 'item': 1} memory=2 {'monster': 1, 'item': 1} paired=1 median=0.012
2026-09-27 19:23:54.673  INFO   decision    mode=traveling behavior=loot action=pickup target=120 reason='loot target' status=success
2026-09-27 19:23:55.232  INFO   decision    mode=traveling behavior=loot action=idle target=- reason='pickup settle' status=success
2026-09-27 19:23:55.683  INFO   decision    mode=traveling behavior=combat action=attack target=121 reason='engage target' status=success
2026-09-27 19:23:58.057  INFO   session     Entity shadow: vision=4 {'player': 1, 'monster': 3} memory=2 {'monster': 2} paired=2 median=0.014
2026-09-27 19:23:58.112  INFO   decision    mode=traveling behavior=combat action=attack target=123 reason='engage target' status=success
2026-09-27 19:24:00.382  INFO   decision    mode=traveling behavior=traveling action=traveling target=- reason='enter farm area' status=success
2026-09-27 19:24:03.015  INFO   session     Entity shadow: vision=1 {'player': 1} memory=1 {'monster': 1} paired=0 median=0.000
2026-09-27 19:24:08.216  INFO   session     Entity shadow: vision=1 {'player': 1} memory=2 {'monster': 2} paired=0 median=0.000 unleveled=207:兔子
2026-09-27 19:24:13.502  INFO   session     Entity shadow: vision=1 {'player': 1} memory=2 {'monster': 2} paired=0 median=0.000 unleveled=207:兔子
2026-09-27 19:24:15.214  INFO   decision    mode=traveling behavior=combat action=attack target=126 reason='engage target' status=success
2026-09-27 19:24:15.747  INFO   session     일시정지 — 단축키
2026-09-27 19:24:59.552  INFO   session     재개 → 실행 중
2026-09-27 19:24:59.990  INFO   session     Entity shadow: vision=3 {'monster': 3} memory=2 {'monster': 2} paired=1 median=0.016
2026-09-27 19:25:02.564  INFO   session     일시정지 — 단축키
2026-09-27 19:25:04.592  INFO   session     재개 → 실행 중
2026-09-27 19:25:05.464  INFO   session     Entity shadow: vision=2 {'monster': 1, 'player': 1} memory=2 {'monster': 2} paired=1 median=0.007
2026-09-27 19:25:06.344  INFO   decision    mode=traveling behavior=traveling action=traveling target=- reason='enter farm area' status=success
2026-09-27 19:25:07.507  INFO   session     일시정지 — 단축키
2026-09-27 19:25:09.420  INFO   session     재개 → 실행 중
2026-09-27 19:25:09.849  INFO   decision    mode=traveling behavior=combat action=attack target=129 reason='engage target' status=success
2026-09-27 19:25:10.507  INFO   session     Entity shadow: vision=1 {'player': 1} memory=1 {'monster': 1} paired=0 median=0.000
2026-09-27 19:25:15.766  INFO   session     Entity shadow: vision=2 {'player': 1, 'monster': 1} memory=2 {'monster': 2} paired=1 median=0.050 unleveled=14:青蛙
2026-09-27 19:25:19.783  INFO   decision    mode=traveling behavior=loot action=searching target=131 reason='walk onto item' status=success
2026-09-27 19:25:20.963  INFO   session     Entity shadow: vision=2 {'player': 1, 'monster': 1} memory=1 {'item': 1} paired=0 median=0.000
2026-09-27 19:25:23.669  INFO   decision    mode=traveling behavior=loot action=pickup target=131 reason='loot target' status=success
2026-09-27 19:25:24.144  INFO   decision    mode=traveling behavior=loot action=idle target=- reason='pickup settle' status=success
2026-09-27 19:25:24.526  INFO   decision    mode=traveling behavior=traveling action=traveling target=- reason='enter farm area' status=success
2026-09-27 19:25:25.866  INFO   session     Entity shadow: vision=2 {'item': 1, 'player': 1} memory=1 {'item': 1} paired=1 median=0.031
2026-09-27 19:25:26.588  INFO   decision    mode=traveling behavior=loot action=searching target=131 reason='walk onto item' status=success
2026-09-27 19:25:28.542  INFO   decision    mode=traveling behavior=loot action=pickup target=131 reason='loot target' status=success
2026-09-27 19:25:29.003  INFO   decision    mode=traveling behavior=loot action=idle target=- reason='pickup settle' status=success
2026-09-27 19:25:29.363  INFO   decision    mode=traveling behavior=traveling action=traveling target=- reason='enter farm area' status=success
2026-09-27 19:25:30.274  INFO   decision    mode=traveling behavior=traveling action=idle target=- reason='no behavior produced an intent' status=success
2026-09-27 19:25:30.654  INFO   decision    mode=traveling behavior=traveling action=traveling target=- reason='enter farm area' status=success
2026-09-27 19:25:31.062  INFO   session     Entity shadow: vision=1 {'player': 1} memory=0 {} paired=0 median=0.000
2026-09-27 19:25:33.230  INFO   session     일시정지 — 단축키
2026-09-27 19:25:52.890  INFO   session     재개 → 실행 중
2026-09-27 19:25:53.342  INFO   session     Entity shadow: vision=3 {'player': 3} memory=2 {'player': 2} paired=2 median=0.049
2026-09-27 19:25:54.568  INFO   decision    mode=traveling behavior=loot action=searching target=134 reason='walk onto item' status=success
2026-09-27 19:25:55.895  INFO   decision    mode=traveling behavior=traveling action=traveling target=- reason='enter farm area' status=success
2026-09-27 19:25:58.598  INFO   session     Entity shadow: vision=2 {'player': 2} memory=1 {'player': 1} paired=1 median=0.046
2026-09-27 19:26:03.763  INFO   session     Entity shadow: vision=2 {'player': 2} memory=0 {} paired=0 median=0.000
2026-09-27 19:26:09.075  INFO   session     Entity shadow: vision=0 {} memory=0 {} paired=0 median=0.000
2026-09-27 19:26:11.474  INFO   decision    mode=traveling behavior=combat action=attack target=135 reason='engage target' status=success
2026-09-27 19:26:14.351  INFO   session     Entity shadow: vision=0 {} memory=3 {'monster': 3} paired=0 median=0.000
2026-09-27 19:26:18.010  INFO   decision    mode=traveling behavior=combat action=attack target=137 reason='engage target' status=success
2026-09-27 19:26:19.444  INFO   session     Entity shadow: vision=0 {} memory=2 {'monster': 2} paired=0 median=0.000
2026-09-27 19:26:24.640  INFO   session     Entity shadow: vision=0 {} memory=1 {'monster': 1} paired=0 median=0.000
2026-09-27 19:26:28.813  INFO   decision    mode=traveling behavior=loot action=pickup target=139 reason='engage item' status=success
2026-09-27 19:26:29.261  INFO   decision    mode=traveling behavior=loot action=idle target=- reason='pickup settle' status=success
2026-09-27 19:26:29.643  INFO   decision    mode=traveling behavior=traveling action=traveling target=- reason='enter farm area' status=success
2026-09-27 19:26:30.114  INFO   session     Entity shadow: vision=2 {'player': 1, 'item': 1} memory=1 {'item': 1} paired=1 median=0.003
2026-09-27 19:26:35.546  INFO   session     Entity shadow: vision=1 {'player': 1} memory=3 {'monster': 3} paired=0 median=0.000
2026-09-27 19:26:36.111  INFO   decision    mode=farming behavior=enter_farm action=idle target=- reason='enter farm, path blocked' status=success
2026-09-27 19:26:36.528  INFO   decision    mode=farming behavior=loot action=searching target=145 reason='walk onto item' status=success
2026-09-27 19:26:40.191  INFO   decision    mode=farming behavior=combat action=attack target=146 reason='engage target' status=success
2026-09-27 19:26:40.926  INFO   session     Entity shadow: vision=1 {'item': 1} memory=7 {'monster': 6, 'item': 1} paired=1 median=0.010
2026-09-27 19:26:46.134  INFO   session     Entity shadow: vision=1 {'player': 1} memory=6 {'monster': 6} paired=0 median=0.000
2026-09-27 19:26:51.560  INFO   session     Entity shadow: vision=0 {} memory=5 {'monster': 5} paired=0 median=0.000
2026-09-27 19:26:56.852  INFO   session     Entity shadow: vision=1 {'player': 1} memory=4 {'monster': 4} paired=0 median=0.000
2026-09-27 19:27:02.220  INFO   session     Entity shadow: vision=1 {'player': 1} memory=3 {'monster': 3} paired=0 median=0.000
2026-09-27 19:27:03.083  INFO   decision    mode=farming behavior=combat action=attack target=146 reason='attack target' status=success (repeat)
2026-09-27 19:27:07.324  INFO   session     Entity shadow: vision=0 {} memory=4 {'monster': 4} paired=0 median=0.000
2026-09-27 19:27:12.763  INFO   session     Entity shadow: vision=1 {'player': 1} memory=5 {'monster': 5} paired=0 median=0.000
2026-09-27 19:27:16.226  INFO   session     일시정지 — 단축키
2026-09-27 19:29:11.603  INFO   session     재개 → 실행 중
2026-09-27 19:29:11.987  INFO   session     Entity shadow: vision=0 {} memory=0 {} paired=0 median=0.000
2026-09-27 19:29:12.112  INFO   decision    mode=traveling behavior=traveling action=traveling target=- reason='enter farm area' status=success
2026-09-27 19:29:13.666  INFO   session     정지 → 중지됨
2026-09-27 19:29:13.875  INFO   session     봇 작업이 종료되었습니다
