2026-09-27 15:23:12.179  INFO   session     Loading Manmabot from D:\ManmabotV1_final\engine
2026-09-27 15:23:12.226  INFO   session     Session log D:\ManmabotV1_final\engine\logs\bot-20260927-152312.log
2026-09-27 15:23:12.226  INFO   session     character=elf loot=all_items game_lang=ko map=talking_island farms=['area_1', 'area_2', 'area_3', 'area_4'] file=D:\ManmabotV1_final\engine\logs\bot-20260927-152312.log
2026-09-27 15:23:12.237  INFO   config      config resolved {'config_version': 1, 'hp.retreat_ratio': 0.35, 'hp.potion_ratio': 0.6, 'mp.spell_reserve_ratio': 0.15, 'economy.sell_weight_ratio': 0.49, 'economy.loot_adena_weight_ratio': 0.85, 'economy.loot_pickup_tiles': 2}
2026-09-27 15:23:12.344  INFO   nav         building portal graph (cluster=32, 479x511)
2026-09-27 15:23:12.701  INFO   nav         portal graph: 188 components, 357 ms
2026-09-27 15:23:12.711  INFO   nav         farms=4 safe=11 home=(354, 203) (files farm=D:\ManmabotV1_final\engine\maps\talking_island\farms.yaml safe=D:\ManmabotV1_final\engine\maps\talking_island\safe.yaml home=D:\ManmabotV1_final\engine\maps\talking_island\home.yaml)
2026-09-27 15:23:12.789  INFO   capture     mss window capture process='LC.exe' title=None content_aspect=4:3
2026-09-27 15:23:13.601  INFO   session     Entity clicks use memory names, species, and world cells. Image recognition still runs. Set memory.entity_source to vision to restore image-only clicks.
2026-09-27 15:23:13.623  INFO   session     Player memory is read in this process (realtime_monitor.dll, offsets.json). No separate console.
2026-09-27 15:23:13.641  INFO   session     인벤토리를 백그라운드에서 스캔 중 (inventory_listen.dll 또는 inv.json을 두세요).
2026-09-27 15:23:13.656  INFO   session     메모리에서 핫바 24칸을 읽는 중…
2026-09-27 15:23:13.726  INFO   session     핫바 스캔 완료 · 파워 업@box1/f5, 아머 업@box1/f6, 라이트@box1/f7, 힐@box1/f8, HP 물약@box1/f9, 텔레포트@box1/f10, 마법 공격@box1/f11, 말하는 두루마리@box1/f5, 마더 트리@box2/f6, HP를 MP로@box2/f7
2026-09-27 15:23:13.769  INFO   session     루프 준비 · 요정 · 한국어 · 맵=말하는 섬 · 룻=전부 줍기 · 구역=구역 1, 구역 2, 구역 3, 구역 4
2026-09-27 15:23:15.243  INFO   session     Entity shadow: vision=26 {'player': 23, 'npc': 2, 'monster': 1} memory=66 {'player': 60, 'npc': 5, 'monster': 1} paired=25 median=0.029 unleveled=14:青蛙
2026-09-27 15:23:15.293  INFO   session     인벤토리 수신 준비 (dll) · hp=0 화살=912 은화살=0 해독=0
2026-09-27 15:23:15.313  INFO   trust       trust memory none -> ok
2026-09-27 15:23:15.313  INFO   trust       trust entity_sweep none -> ok
2026-09-27 15:23:15.313  INFO   trust       trust inventory none -> ok
2026-09-27 15:23:15.314  INFO   trust       trust vision none -> ok
2026-09-27 15:23:15.314  INFO   trust       trust capture none -> ok
2026-09-27 15:23:15.314  INFO   trust       trust input none -> ok
2026-09-27 15:23:15.314  INFO   trust       trust cursor none -> ok
2026-09-27 15:23:15.314  INFO   trust       trust focus none -> ok
2026-09-27 15:23:15.316  INFO   decision    mode=farming behavior=buff action=buff target=- reason='armor_up' status=success
2026-09-27 15:23:16.061  INFO   decision    mode=traveling behavior=traveling action=traveling target=- reason='enter farm area' status=success
2026-09-27 15:23:20.740  INFO   session     Entity shadow: vision=26 {'npc': 3, 'player': 22, 'monster': 1} memory=67 {'player': 61, 'npc': 5, 'monster': 1} paired=25 median=0.031 unleveled=14:青蛙
2026-09-27 15:23:25.617  INFO   decision    mode=traveling behavior=buff action=buff target=- reason='light' status=success
2026-09-27 15:23:26.362  INFO   session     Entity shadow: vision=20 {'player': 16, 'npc': 2, 'monster': 2} memory=70 {'player': 64, 'npc': 5, 'monster': 1} paired=19 median=0.031 unleveled=14:青蛙
2026-09-27 15:23:26.457  INFO   decision    mode=traveling behavior=traveling action=traveling target=- reason='enter farm area' status=success
2026-09-27 15:23:31.631  INFO   session     Entity shadow: vision=19 {'player': 16, 'monster': 2, 'npc': 1} memory=68 {'player': 63, 'monster': 1, 'npc': 4} paired=17 median=0.067 unleveled=14:青蛙
2026-09-27 15:23:36.791  INFO   session     Entity shadow: vision=16 {'player': 13, 'npc': 2, 'monster': 1} memory=61 {'player': 56, 'npc': 4, 'monster': 1} paired=15 median=0.072 unleveled=14:青蛙
2026-09-27 15:23:42.068  INFO   session     Entity shadow: vision=19 {'player': 15, 'monster': 2, 'npc': 2} memory=61 {'player': 56, 'monster': 1, 'npc': 4} paired=17 median=0.060 unleveled=14:青蛙
2026-09-27 15:23:47.153  INFO   session     Entity shadow: vision=19 {'player': 14, 'npc': 3, 'monster': 2} memory=61 {'npc': 5, 'player': 55, 'monster': 1} paired=17 median=0.060 unleveled=14:青蛙
2026-09-27 15:23:51.626  INFO   session     정지 → 중지됨
2026-09-27 15:23:52.027  INFO   session     봇 작업이 종료되었습니다
