2026-09-28 03:17:19.365  INFO   session     Loading Manmabot from D:\ManmabotV1_final\engine
2026-09-28 03:17:19.390  INFO   session     Session log D:\ManmabotV1_final\engine\logs\bot-20260928-031719.log
2026-09-28 03:17:19.391  INFO   session     character=elf loot=all_items game_lang=ko map=talking_island farms=['area_1', 'area_3'] file=D:\ManmabotV1_final\engine\logs\bot-20260928-031719.log
2026-09-28 03:17:19.472  INFO   nav         building portal graph (cluster=32, 479x511)
2026-09-28 03:17:19.795  INFO   nav         portal graph: 188 components, 322 ms
2026-09-28 03:17:19.802  INFO   nav         farms=2 safe=11 home=(354, 203) (files farm=D:\ManmabotV1_final\engine\maps\talking_island\farms.yaml safe=D:\ManmabotV1_final\engine\maps\talking_island\safe.yaml home=D:\ManmabotV1_final\engine\maps\talking_island\home.yaml)
2026-09-28 03:17:19.882  INFO   capture     mss window capture process='LC.exe' title=None content_aspect=4:3
2026-09-28 03:17:20.554  INFO   session     Entity clicks use memory names, species, and world cells. Image recognition still runs. Set memory.entity_source to vision to restore image-only clicks.
2026-09-28 03:17:20.572  INFO   session     Player memory is read in this process (realtime_monitor.dll, offsets.json). No separate console.
2026-09-28 03:17:20.585  INFO   session     인벤토리를 백그라운드에서 스캔 중 (inventory_listen.dll 또는 inv.json을 두세요).
2026-09-28 03:17:20.595  INFO   session     메모리에서 핫바 24칸을 읽는 중…
2026-09-28 03:17:20.712  INFO   session     핫바 스캔 완료 · 파워 업@box2/f8, 아머 업@box2/f5, 힐@box1/f10, HP 물약@box1/f8, 텔레포트@box1/f11, 마법 공격@box1/f12, 말하는 두루마리@box1/f5
2026-09-28 03:17:20.737  INFO   session     매핑되지 않은 핫바 아이콘: box1/f6:작은 활 (무장), box1/f7:나무 화살, box1/f9:아데나
2026-09-28 03:17:20.747  INFO   session     루프 준비 · 요정 · 한국어 · 맵=말하는 섬 · 룻=전부 줍기 · 구역=구역 1, 구역 3
2026-09-28 03:17:21.513  INFO   session     Entity shadow: vision=2 {'player': 2} memory=1 {'npc': 1} paired=0 median=0.000
2026-09-28 03:17:21.533  INFO   session     인벤토리 수신 준비 (dll) · hp=4 화살=483 은화살=0 해독=0
2026-09-28 03:17:21.603  INFO   decision    mode=traveling behavior=traveling action=traveling target=- reason='enter farm area' status=success
2026-09-28 03:17:26.447  INFO   session     Entity shadow: vision=4 {'player': 1, 'monster': 1, 'npc': 2} memory=2 {'monster': 2} paired=0 median=0.000 unleveled=68:警衛,10:警衛
2026-09-28 03:17:31.953  INFO   session     Entity shadow: vision=12 {'player': 9, 'npc': 2, 'monster': 1} memory=13 {'player': 9, 'monster': 4} paired=8 median=0.074 unleveled=14:青蛙,206:兔子,68:警衛,10:警衛
2026-09-28 03:17:37.375  INFO   session     Entity shadow: vision=19 {'player': 16, 'monster': 1, 'npc': 2} memory=29 {'monster': 4, 'player': 24, 'npc': 1} paired=14 median=0.088 unleveled=206:兔子,14:青蛙,68:警衛,10:警衛
2026-09-28 03:17:42.808  INFO   session     Entity shadow: vision=23 {'player': 18, 'monster': 1, 'npc': 4} memory=50 {'monster': 5, 'player': 43, 'npc': 2} paired=19 median=0.073 unleveled=206:兔子,14:青蛙,319:?,68:警衛,10:警衛
2026-09-28 03:17:48.804  INFO   session     Entity shadow: vision=25 {'player': 24, 'npc': 1} memory=73 {'npc': 5, 'player': 65, 'monster': 3} paired=24 median=0.066 unleveled=206:兔子,319:?,68:警衛
2026-09-28 03:17:52.645  INFO   decision    mode=traveling behavior=traveling action=traveling target=- reason='enter farm area' status=success (repeat)
2026-09-28 03:17:54.067  INFO   session     Entity shadow: vision=15 {'player': 10, 'monster': 3, 'npc': 2} memory=16 {'monster': 2, 'player': 12, 'npc': 2} paired=9 median=0.045 unleveled=206:兔子,68:警衛
2026-09-28 03:17:59.311  INFO   session     Entity shadow: vision=2 {'player': 1, 'npc': 1} memory=2 {'monster': 1, 'npc': 1} paired=1 median=0.020 unleveled=206:兔子
2026-09-28 03:18:04.588  INFO   session     Entity shadow: vision=1 {'npc': 1} memory=2 {'monster': 1, 'npc': 1} paired=0 median=0.000 unleveled=10:警衛
2026-09-28 03:18:10.042  INFO   session     Entity shadow: vision=3 {'npc': 2, 'monster': 1} memory=2 {'monster': 2} paired=0 median=0.000 unleveled=68:警衛,10:警衛
2026-09-28 03:18:12.624  INFO   decision    mode=traveling behavior=traveling action=traveling target=- reason='enter farm area' status=success (repeat)
2026-09-28 03:18:15.276  INFO   session     Entity shadow: vision=3 {'npc': 2, 'monster': 1} memory=2 {'monster': 2} paired=0 median=0.000 unleveled=68:警衛,10:警衛
2026-09-28 03:18:20.617  INFO   session     Entity shadow: vision=5 {'player': 2, 'npc': 3} memory=6 {'player': 1, 'monster': 4, 'npc': 1} paired=1 median=0.037 unleveled=206:兔子,68:警衛,10:警衛
2026-09-28 03:18:25.424  INFO   decision    mode=traveling behavior=unstick action=teleport target=- reason='unstick confined' status=success
2026-09-28 03:18:26.578  INFO   session     Entity shadow: vision=3 {'npc': 3} memory=4 {'monster': 3, 'npc': 1} paired=0 median=0.000 unleveled=68:警衛,10:警衛
2026-09-28 03:18:26.616  INFO   decision    mode=traveling behavior=traveling action=traveling target=- reason='enter farm, walk around' status=success
2026-09-28 03:18:32.023  INFO   session     Entity shadow: vision=1 {'player': 1} memory=4 {'monster': 4} paired=0 median=0.000 unleveled=189:鹿,14:青蛙,207:兔子
2026-09-28 03:18:32.056  INFO   decision    mode=traveling behavior=combat action=attack target=121 reason='engage target' status=success
2026-09-28 03:18:36.130  INFO   decision    mode=traveling behavior=loot action=searching target=123 reason='walk onto item' status=success
2026-09-28 03:18:37.051  INFO   session     Entity shadow: vision=3 {'player': 1, 'item': 1, 'monster': 1} memory=5 {'monster': 4, 'item': 1} paired=2 median=0.063 unleveled=189:鹿,207:兔子
2026-09-28 03:18:40.382  INFO   decision    mode=traveling behavior=loot action=pickup target=123 reason='loot target' status=success
2026-09-28 03:18:40.972  INFO   decision    mode=traveling behavior=loot action=idle target=- reason='pickup settle' status=success
2026-09-28 03:18:41.613  INFO   decision    mode=traveling behavior=traveling action=traveling target=- reason='enter farm area' status=success
2026-09-28 03:18:42.463  INFO   session     Entity shadow: vision=1 {'item': 1} memory=3 {'monster': 3} paired=0 median=0.000 unleveled=207:兔子,189:鹿,14:青蛙
2026-09-28 03:18:47.691  INFO   session     Entity shadow: vision=1 {'player': 1} memory=1 {'monster': 1} paired=0 median=0.000 unleveled=14:青蛙
2026-09-28 03:18:52.921  INFO   session     Entity shadow: vision=1 {'player': 1} memory=2 {'monster': 2} paired=0 median=0.000 unleveled=14:青蛙,189:鹿
2026-09-28 03:18:58.128  INFO   session     Entity shadow: vision=1 {'player': 1} memory=1 {'monster': 1} paired=0 median=0.000 unleveled=189:鹿
2026-09-28 03:18:58.548  INFO   decision    mode=traveling behavior=traveling action=traveling target=- reason='enter farm area' status=success (repeat)
2026-09-28 03:19:02.379  INFO   decision    mode=traveling behavior=combat action=attack target=126 reason='engage target' status=success
2026-09-28 03:19:03.405  INFO   session     Entity shadow: vision=1 {'monster': 1} memory=2 {'monster': 2} paired=1 median=0.023 unleveled=189:鹿
2026-09-28 03:19:04.746  INFO   decision    mode=traveling behavior=traveling action=traveling target=- reason='enter farm area' status=success
2026-09-28 03:19:06.010  INFO   decision    mode=traveling behavior=combat action=attack target=127 reason='engage target' status=success
2026-09-28 03:19:08.710  INFO   session     Entity shadow: vision=2 {'player': 1, 'npc': 1} memory=2 {'monster': 2} paired=0 median=0.000 unleveled=189:鹿
2026-09-28 03:19:12.310  INFO   decision    mode=traveling behavior=loot action=searching target=129 reason='walk onto item' status=success
2026-09-28 03:19:13.736  INFO   session     Entity shadow: vision=3 {'monster': 1, 'npc': 1, 'player': 1} memory=3 {'monster': 2, 'item': 1} paired=0 median=0.000 unleveled=189:鹿
2026-09-28 03:19:14.488  INFO   decision    mode=traveling behavior=combat action=attack target=128 reason='engage target' status=success
2026-09-28 03:19:15.227  INFO   decision    mode=traveling behavior=loot action=searching target=129 reason='walk onto item' status=success
2026-09-28 03:19:15.809  INFO   decision    mode=traveling behavior=combat action=attack target=128 reason='engage target' status=success
2026-09-28 03:19:19.001  INFO   session     Entity shadow: vision=4 {'item': 1, 'player': 1, 'npc': 1, 'monster': 1} memory=4 {'monster': 3, 'item': 1} paired=2 median=0.007 unleveled=68:警衛,189:鹿
2026-09-28 03:19:24.078  INFO   session     Entity shadow: vision=4 {'item': 2, 'player': 1, 'npc': 1} memory=5 {'monster': 3, 'item': 2} paired=2 median=0.032 unleveled=189:鹿,68:警衛
2026-09-28 03:19:24.682  INFO   decision    mode=traveling behavior=loot action=pickup target=131 reason='engage item' status=success
2026-09-28 03:19:25.203  INFO   decision    mode=traveling behavior=loot action=idle target=- reason='pickup settle' status=success
2026-09-28 03:19:26.005  INFO   decision    mode=traveling behavior=loot action=searching target=129 reason='walk onto item' status=success
2026-09-28 03:19:29.443  INFO   session     Entity shadow: vision=4 {'player': 1, 'item': 1, 'npc': 1, 'monster': 1} memory=4 {'monster': 3, 'item': 1} paired=1 median=0.017 unleveled=14:青蛙,189:鹿,68:警衛
2026-09-28 03:19:30.500  INFO   decision    mode=traveling behavior=loot action=pickup target=129 reason='loot target' status=success
2026-09-28 03:19:31.081  INFO   decision    mode=traveling behavior=loot action=idle target=- reason='pickup settle' status=success
2026-09-28 03:19:31.694  INFO   decision    mode=traveling behavior=traveling action=traveling target=- reason='enter farm area' status=success
2026-09-28 03:19:34.391  INFO   session     Entity shadow: vision=3 {'player': 1, 'npc': 2} memory=4 {'monster': 3, 'npc': 1} paired=1 median=0.035 unleveled=189:鹿,14:青蛙,68:警衛
2026-09-28 03:19:38.967  INFO   decision    mode=traveling behavior=combat action=attack target=134 reason='engage target' status=success
2026-09-28 03:19:39.479  INFO   session     Entity shadow: vision=3 {'player': 1, 'npc': 1, 'monster': 1} memory=2 {'monster': 1, 'npc': 1} paired=2 median=0.022
2026-09-28 03:19:42.877  INFO   decision    mode=traveling behavior=loot action=searching target=135 reason='walk onto item' status=success
2026-09-28 03:19:44.795  INFO   session     Entity shadow: vision=2 {'item': 1, 'player': 1} memory=1 {'item': 1} paired=1 median=0.007
2026-09-28 03:19:48.835  INFO   decision    mode=traveling behavior=loot action=pickup target=135 reason='loot target' status=success
2026-09-28 03:19:49.376  INFO   decision    mode=traveling behavior=loot action=idle target=- reason='pickup settle' status=success
2026-09-28 03:19:50.153  INFO   session     Entity shadow: vision=3 {'monster': 2, 'player': 1} memory=1 {'monster': 1} paired=0 median=0.000 unleveled=189:鹿
2026-09-28 03:19:50.212  INFO   decision    mode=traveling behavior=traveling action=traveling target=- reason='enter farm area' status=success
2026-09-28 03:19:55.207  INFO   session     Entity shadow: vision=2 {'player': 1, 'npc': 1} memory=3 {'monster': 3} paired=0 median=0.000 unleveled=10:警衛,208:兔子,189:鹿
2026-09-28 03:19:57.408  INFO   decision    mode=traveling behavior=combat action=attack target=139 reason='engage target' status=success
2026-09-28 03:19:58.748  INFO   decision    mode=traveling behavior=traveling action=traveling target=- reason='enter farm area' status=success
2026-09-28 03:19:59.743  INFO   decision    mode=traveling behavior=combat action=attack target=140 reason='engage target' status=success
2026-09-28 03:20:00.483  INFO   session     Entity shadow: vision=3 {'npc': 1, 'monster': 1, 'player': 1} memory=3 {'monster': 3} paired=1 median=0.016 unleveled=208:兔子,10:警衛
2026-09-28 03:20:05.070  INFO   decision    mode=traveling behavior=traveling action=traveling target=- reason='enter farm area' status=success
2026-09-28 03:20:05.578  INFO   session     Entity shadow: vision=2 {'npc': 1, 'player': 1} memory=2 {'monster': 2} paired=0 median=0.000 unleveled=208:兔子,10:警衛
2026-09-28 03:20:10.597  INFO   session     Entity shadow: vision=2 {'player': 1, 'npc': 1} memory=1 {'monster': 1} paired=0 median=0.000 unleveled=208:兔子
2026-09-28 03:20:15.792  INFO   session     Entity shadow: vision=3 {'player': 1, 'monster': 1, 'item': 1} memory=4 {'item': 1, 'monster': 2, 'npc': 1} paired=2 median=0.048 unleveled=189:鹿
2026-09-28 03:20:15.825  INFO   decision    mode=traveling behavior=loot action=searching target=144 reason='walk onto item' status=success
2026-09-28 03:20:17.197  INFO   decision    mode=traveling behavior=traveling action=traveling target=- reason='enter farm area' status=success
2026-09-28 03:20:18.220  INFO   session     일시정지 — 단축키
2026-09-28 03:20:19.530  INFO   session     일시정지 / 재개 → 실행 중
2026-09-28 03:20:20.833  INFO   session     Entity shadow: vision=2 {'player': 2} memory=4 {'monster': 2, 'npc': 1, 'player': 1} paired=0 median=0.000 unleveled=189:鹿
2026-09-28 03:20:24.040  INFO   decision    mode=traveling behavior=combat action=attack target=147 reason='engage target' status=success
2026-09-28 03:20:26.239  INFO   session     Entity shadow: vision=2 {'player': 2} memory=3 {'npc': 1, 'player': 1, 'monster': 1} paired=1 median=0.019
2026-09-28 03:20:31.589  INFO   session     Entity shadow: vision=3 {'monster': 1, 'player': 2} memory=3 {'player': 1, 'npc': 1, 'monster': 1} paired=2 median=0.015
2026-09-28 03:20:36.728  INFO   session     Entity shadow: vision=2 {'player': 2} memory=3 {'npc': 1, 'player': 1, 'monster': 1} paired=1 median=0.056
2026-09-28 03:20:39.258  INFO   decision    mode=traveling behavior=traveling action=traveling target=- reason='enter farm area' status=success
2026-09-28 03:20:42.046  INFO   session     Entity shadow: vision=2 {'player': 2} memory=3 {'player': 1, 'npc': 1, 'monster': 1} paired=1 median=0.023
2026-09-28 03:20:43.215  INFO   decision    mode=traveling behavior=heal action=heal target=- reason='recover hp' status=success
2026-09-28 03:20:44.347  INFO   decision    mode=traveling behavior=? action=idle target=- reason='waiting for respawn' status=success
2026-09-28 03:20:46.474  INFO   decision    mode=traveling behavior=respawn action=respawn target=- reason='death confirmed, restart' status=success
2026-09-28 03:20:46.947  INFO   session     Entity shadow: vision=3 {'item': 1, 'monster': 1, 'player': 1} memory=3 {'player': 1, 'npc': 1, 'monster': 1} paired=2 median=0.026
2026-09-28 03:20:46.985  INFO   decision    mode=traveling behavior=? action=idle target=- reason='waiting for respawn' status=success
2026-09-28 03:20:48.537  INFO   decision    mode=traveling behavior=heal action=heal target=- reason='recover hp' status=success
2026-09-28 03:20:52.170  INFO   session     Entity shadow: vision=12 {'player': 10, 'monster': 1, 'npc': 1} memory=25 {'player': 18, 'npc': 7} paired=11 median=0.019
2026-09-28 03:20:53.446  INFO   decision    mode=traveling behavior=traveling action=traveling target=- reason='enter farm area' status=success
2026-09-28 03:20:57.566  INFO   session     Entity shadow: vision=11 {'player': 7, 'monster': 2, 'npc': 2} memory=13 {'player': 7, 'monster': 1, 'npc': 5} paired=5 median=0.020 unleveled=68:警衛
2026-09-28 03:21:02.738  INFO   session     Entity shadow: vision=3 {'player': 2, 'npc': 1} memory=3 {'npc': 1, 'player': 1, 'monster': 1} paired=1 median=0.028 unleveled=68:警衛
2026-09-28 03:21:08.095  INFO   session     Entity shadow: vision=2 {'player': 2} memory=3 {'npc': 2, 'player': 1} paired=1 median=0.032
2026-09-28 03:21:13.118  INFO   session     Entity shadow: vision=3 {'player': 1, 'npc': 2} memory=4 {'monster': 2, 'npc': 2} paired=0 median=0.000 unleveled=68:警衛,10:警衛
2026-09-28 03:21:13.934  INFO   decision    mode=traveling behavior=traveling action=traveling target=- reason='enter farm area' status=success (repeat)
2026-09-28 03:21:14.329  INFO   decision    mode=traveling behavior=combat action=attack target=183 reason='engage target' status=success
2026-09-28 03:21:16.683  INFO   decision    mode=traveling behavior=traveling action=traveling target=- reason='enter farm area' status=success
2026-09-28 03:21:17.219  INFO   decision    mode=traveling behavior=combat action=attack target=185 reason='engage target' status=success
2026-09-28 03:21:18.409  INFO   session     Entity shadow: vision=4 {'player': 1, 'npc': 2, 'monster': 1} memory=4 {'monster': 4} paired=1 median=0.037 unleveled=14:青蛙,68:警衛,10:警衛
2026-09-28 03:21:23.464  INFO   session     Entity shadow: vision=4 {'npc': 2, 'player': 1, 'monster': 1} memory=4 {'monster': 4} paired=1 median=0.015 unleveled=68:警衛,10:警衛
2026-09-28 03:21:25.081  INFO   decision    mode=traveling behavior=combat action=attack target=184 reason='attack target' status=success
2026-09-28 03:21:26.494  INFO   decision    mode=traveling behavior=traveling action=traveling target=- reason='enter farm area' status=success
2026-09-28 03:21:28.580  INFO   session     Entity shadow: vision=4 {'player': 1, 'npc': 3} memory=4 {'monster': 4} paired=0 median=0.000 unleveled=68:警衛,14:青蛙,10:警衛
2026-09-28 03:21:33.094  INFO   decision    mode=traveling behavior=combat action=attack target=187 reason='engage target' status=success
2026-09-28 03:21:33.867  INFO   session     Entity shadow: vision=4 {'player': 1, 'npc': 2, 'monster': 1} memory=3 {'monster': 3} paired=1 median=0.022 unleveled=68:警衛,10:警衛
2026-09-28 03:21:37.723  INFO   decision    mode=traveling behavior=traveling action=traveling target=- reason='enter farm area' status=success
2026-09-28 03:21:38.955  INFO   session     Entity shadow: vision=3 {'npc': 2, 'player': 1} memory=1 {'monster': 1} paired=0 median=0.000 unleveled=10:警衛
2026-09-28 03:21:44.059  INFO   session     Entity shadow: vision=1 {'player': 1} memory=0 {} paired=0 median=0.000
2026-09-28 03:21:49.467  INFO   session     Entity shadow: vision=3 {'player': 2, 'npc': 1} memory=2 {'monster': 1, 'npc': 1} paired=1 median=0.032 unleveled=206:兔子
2026-09-28 03:21:53.969  INFO   decision    mode=traveling behavior=combat action=attack target=190 reason='engage target' status=success
2026-09-28 03:21:54.557  INFO   session     Entity shadow: vision=3 {'player': 1, 'npc': 1, 'monster': 1} memory=3 {'monster': 2, 'npc': 1} paired=2 median=0.031
2026-09-28 03:21:59.587  INFO   session     Entity shadow: vision=4 {'player': 1, 'monster': 2, 'npc': 1} memory=5 {'monster': 4, 'npc': 1} paired=3 median=0.013 unleveled=206:兔子,207:兔子
2026-09-28 03:22:04.286  INFO   decision    mode=traveling behavior=loot action=searching target=195 reason='walk onto item' status=success
2026-09-28 03:22:04.686  INFO   session     Entity shadow: vision=3 {'npc': 1, 'player': 1, 'monster': 1} memory=5 {'item': 1, 'monster': 3, 'npc': 1} paired=2 median=0.028 unleveled=206:兔子,207:兔子
2026-09-28 03:22:04.722  INFO   decision    mode=traveling behavior=combat action=attack target=191 reason='engage target' status=success
2026-09-28 03:22:05.372  INFO   decision    mode=traveling behavior=loot action=searching target=195 reason='walk onto item' status=success
2026-09-28 03:22:05.868  INFO   decision    mode=traveling behavior=combat action=attack target=191 reason='engage target' status=success
2026-09-28 03:22:06.619  INFO   decision    mode=traveling behavior=loot action=searching target=195 reason='walk onto item' status=success
2026-09-28 03:22:07.158  INFO   decision    mode=traveling behavior=combat action=attack target=191 reason='engage target' status=success
2026-09-28 03:22:10.068  INFO   session     Entity shadow: vision=2 {'monster': 1, 'player': 1} memory=2 {'monster': 1, 'item': 1} paired=1 median=0.007
2026-09-28 03:22:11.728  INFO   decision    mode=traveling behavior=loot action=pickup target=195 reason='engage item' status=success
2026-09-28 03:22:12.254  INFO   decision    mode=traveling behavior=loot action=idle target=- reason='pickup settle' status=success
2026-09-28 03:22:13.039  INFO   decision    mode=traveling behavior=traveling action=traveling target=- reason='enter farm area' status=success
2026-09-28 03:22:14.447  INFO   decision    mode=traveling behavior=combat action=attack target=198 reason='engage target' status=success
2026-09-28 03:22:15.455  INFO   session     Entity shadow: vision=2 {'player': 1, 'monster': 1} memory=2 {'monster': 2} paired=1 median=0.003 unleveled=14:青蛙
2026-09-28 03:22:18.434  INFO   decision    mode=traveling behavior=loot action=searching target=199 reason='walk onto item' status=success
2026-09-28 03:22:20.445  INFO   session     Entity shadow: vision=4 {'item': 1, 'player': 1, 'monster': 2} memory=2 {'monster': 1, 'item': 1} paired=1 median=0.011 unleveled=14:青蛙
2026-09-28 03:22:25.555  INFO   session     Entity shadow: vision=4 {'player': 1, 'item': 1, 'monster': 2} memory=5 {'monster': 4, 'item': 1} paired=3 median=0.021 unleveled=14:青蛙,206:兔子
2026-09-28 03:22:27.075  INFO   decision    mode=traveling behavior=loot action=pickup target=199 reason='loot target' status=success
2026-09-28 03:22:27.576  INFO   decision    mode=traveling behavior=loot action=idle target=- reason='pickup settle' status=success
2026-09-28 03:22:28.250  INFO   decision    mode=traveling behavior=combat action=attack target=200 reason='engage target' status=success
2026-09-28 03:22:31.038  INFO   session     Entity shadow: vision=3 {'monster': 2, 'player': 1} memory=4 {'monster': 4} paired=2 median=0.009 unleveled=14:青蛙,207:兔子
2026-09-28 03:22:32.200  INFO   decision    mode=traveling behavior=loot action=searching target=204 reason='walk onto item' status=success
2026-09-28 03:22:36.163  INFO   session     Entity shadow: vision=3 {'player': 1, 'monster': 1, 'item': 1} memory=4 {'monster': 3, 'item': 1} paired=2 median=0.106 unleveled=14:青蛙,207:兔子
2026-09-28 03:22:38.125  INFO   decision    mode=traveling behavior=combat action=attack target=201 reason='engage target' status=success
2026-09-28 03:22:38.776  INFO   decision    mode=traveling behavior=loot action=pickup target=204 reason='engage item' status=success
2026-09-28 03:22:39.403  INFO   decision    mode=traveling behavior=loot action=idle target=- reason='pickup settle' status=success
2026-09-28 03:22:40.008  INFO   decision    mode=traveling behavior=combat action=attack target=201 reason='engage target' status=success
2026-09-28 03:22:41.329  INFO   session     Entity shadow: vision=2 {'monster': 1, 'item': 1} memory=3 {'monster': 3} paired=1 median=0.013 unleveled=207:兔子,14:青蛙
2026-09-28 03:22:45.534  INFO   decision    mode=traveling behavior=traveling action=traveling target=- reason='enter farm area' status=success
2026-09-28 03:22:46.524  INFO   session     Entity shadow: vision=1 {'player': 1} memory=2 {'monster': 2} paired=0 median=0.000 unleveled=207:兔子,14:青蛙
2026-09-28 03:22:50.605  INFO   decision    mode=traveling behavior=combat action=attack target=206 reason='engage target' status=success
2026-09-28 03:22:51.836  INFO   session     Entity shadow: vision=2 {'player': 1, 'monster': 1} memory=3 {'monster': 3} paired=1 median=0.028 unleveled=14:青蛙,189:鹿
2026-09-28 03:22:53.172  INFO   decision    mode=traveling behavior=traveling action=traveling target=- reason='enter farm area' status=success
2026-09-28 03:22:56.815  INFO   session     Entity shadow: vision=2 {'monster': 1, 'player': 1} memory=3 {'monster': 3} paired=1 median=0.068 unleveled=189:鹿,206:兔子
2026-09-28 03:23:01.817  INFO   session     Entity shadow: vision=1 {'player': 1} memory=1 {'monster': 1} paired=0 median=0.000 unleveled=189:鹿
2026-09-28 03:23:06.955  INFO   session     Entity shadow: vision=1 {'player': 1} memory=1 {'monster': 1} paired=0 median=0.000 unleveled=189:鹿
2026-09-28 03:23:09.574  INFO   decision    mode=traveling behavior=combat action=attack target=209 reason='engage target' status=success
2026-09-28 03:23:12.094  INFO   session     Entity shadow: vision=2 {'player': 1, 'monster': 1} memory=4 {'monster': 4} paired=1 median=0.012 unleveled=189:鹿
2026-09-28 03:23:17.563  INFO   session     Entity shadow: vision=2 {'monster': 1, 'player': 1} memory=4 {'monster': 4} paired=1 median=0.009 unleveled=189:鹿,206:兔子
2026-09-28 03:23:19.593  INFO   decision    mode=traveling behavior=combat action=attack target=212 reason='engage target' status=success
2026-09-28 03:23:22.880  INFO   session     Entity shadow: vision=2 {'monster': 1, 'player': 1} memory=3 {'monster': 3} paired=1 median=0.014 unleveled=189:鹿,206:兔子
2026-09-28 03:23:24.551  INFO   decision    mode=traveling behavior=loot action=searching target=214 reason='walk onto item' status=success
2026-09-28 03:23:27.954  INFO   session     Entity shadow: vision=2 {'player': 1, 'monster': 1} memory=1 {'item': 1} paired=0 median=0.000
2026-09-28 03:23:32.758  INFO   decision    mode=traveling behavior=loot action=pickup target=214 reason='loot target' status=success
2026-09-28 03:23:33.356  INFO   session     Entity shadow: vision=3 {'item': 2, 'monster': 1} memory=2 {'item': 2} paired=2 median=0.031
2026-09-28 03:23:33.380  INFO   decision    mode=traveling behavior=loot action=idle target=- reason='pickup settle' status=success
2026-09-28 03:23:34.057  INFO   decision    mode=traveling behavior=loot action=searching target=216 reason='walk onto item' status=success
2026-09-28 03:23:38.624  INFO   session     Entity shadow: vision=2 {'player': 1, 'item': 1} memory=1 {'item': 1} paired=1 median=0.015
2026-09-28 03:23:44.003  INFO   session     Entity shadow: vision=2 {'player': 1, 'item': 1} memory=1 {'item': 1} paired=1 median=0.007
2026-09-28 03:23:44.569  INFO   decision    mode=traveling behavior=loot action=pickup target=216 reason='loot target' status=success
2026-09-28 03:23:45.031  INFO   decision    mode=traveling behavior=loot action=idle target=- reason='pickup settle' status=success
2026-09-28 03:23:45.988  INFO   decision    mode=traveling behavior=traveling action=traveling target=- reason='enter farm area' status=success
2026-09-28 03:23:49.104  INFO   session     Entity shadow: vision=1 {'player': 1} memory=0 {} paired=0 median=0.000
2026-09-28 03:23:54.377  INFO   session     Entity shadow: vision=2 {'player': 1, 'monster': 1} memory=0 {} paired=0 median=0.000
2026-09-28 03:23:59.396  INFO   session     Entity shadow: vision=1 {'player': 1} memory=1 {'monster': 1} paired=0 median=0.000 unleveled=14:青蛙
2026-09-28 03:24:02.637  INFO   decision    mode=traveling behavior=traveling action=traveling target=- reason='enter farm area' status=success (repeat)
2026-09-28 03:24:04.404  INFO   session     Entity shadow: vision=1 {'player': 1} memory=1 {'monster': 1} paired=0 median=0.000 unleveled=14:青蛙
2026-09-28 03:24:09.476  INFO   session     Entity shadow: vision=1 {'player': 1} memory=0 {} paired=0 median=0.000
2026-09-28 03:24:14.690  INFO   session     Entity shadow: vision=1 {'player': 1} memory=0 {} paired=0 median=0.000
2026-09-28 03:24:19.531  INFO   session     일시정지 — 단축키
2026-09-28 03:24:22.416  INFO   session     정지 → 중지됨
2026-09-28 03:24:22.600  INFO   session     봇 작업이 종료되었습니다
