2026-09-23 21:25:10.788  INFO   session     Loading Manmabot from D:\Work\Lineage\ManmabotV1_final\engine
2026-09-23 21:25:10.811  INFO   session     Session log D:\Work\Lineage\ManmabotV1_final\engine\logs\bot-20260923-212510.log
2026-09-23 21:25:10.811  INFO   session     character=elf loot=all_items game_lang=ko map=talking_island farms=['area_1', 'area_3'] file=D:\Work\Lineage\ManmabotV1_final\engine\logs\bot-20260923-212510.log
2026-09-23 21:25:10.882  INFO   nav         building portal graph (cluster=32, 479x511)
2026-09-23 21:25:11.182  INFO   nav         portal graph: 188 components, 300 ms
2026-09-23 21:25:11.189  INFO   nav         farms=2 safe=11 home=(354, 203) (files farm=D:\Work\Lineage\ManmabotV1_final\engine\maps\talking_island\farms.yaml safe=D:\Work\Lineage\ManmabotV1_final\engine\maps\talking_island\safe.yaml home=D:\Work\Lineage\ManmabotV1_final\engine\maps\talking_island\home.yaml)
2026-09-23 21:25:11.207  INFO   capture     mss window capture process='LC.exe' title=None content_aspect=4:3
2026-09-23 21:25:11.606  INFO   session     Entity clicks use memory names, species, and world cells. Image recognition still runs. Set memory.entity_source to vision to restore image-only clicks.
2026-09-23 21:25:11.617  INFO   session     Player memory is read in this process (realtime_monitor.dll, offsets.json). No separate console.
2026-09-23 21:25:11.625  INFO   session     Inventory listen scanning in background (build inventory_listen.dll or place inv.json).
2026-09-23 21:25:11.632  INFO   session     Scanning hotbar (skill boxes 1–3)…
2026-09-23 21:25:16.131  INFO   session     Hotbar scan done · hp_potion@box1/f5, talking_scroll@box1/f8
2026-09-23 21:25:16.135  INFO   session     Loop ready · elf · ko · map=talking_island · loot=all_items · farms=['area_1', 'area_3']
2026-09-23 21:25:17.495  INFO   session     Entity shadow: vision=47 {'player': 46, 'npc': 1} memory=98 {'player': 90, 'npc': 7, 'monster': 1} paired=45 median=0.046 unleveled=319:?
2026-09-23 21:25:17.518  INFO   session     Inventory listen ready (dll) · hp=8 arrows=2694 silver=5 depoison=0
2026-09-23 21:25:17.557  INFO   decision    mode=farming behavior=talking_scroll action=use_talking_scroll target=- reason='go to shop (buy_hp_potions_talking)' status=success
2026-09-23 21:25:20.992  INFO   decision    mode=farming behavior=shop action=shop_stop target=- reason='stop at shop' status=success
2026-09-23 21:25:22.499  INFO   decision    mode=farming behavior=shop action=shop_buy_arrows target=- reason='shop:buy_hp_potions_talking' status=success
2026-09-23 21:25:29.683  INFO   session     Entity shadow: vision=17 {'player': 13, 'npc': 4} memory=54 {'player': 52, 'npc': 2} paired=15 median=0.025
2026-09-23 21:25:29.711  INFO   decision    mode=farming behavior=talking_scroll action=use_talking_scroll target=- reason='return to farm map after shop' status=success
2026-09-23 21:25:30.657  INFO   decision    mode=traveling behavior=traveling action=traveling target=- reason='unstick' status=success
2026-09-23 21:25:34.981  INFO   session     Entity shadow: vision=31 {'player': 29, 'npc': 2} memory=20 {'npc': 5, 'player': 14, 'monster': 1} paired=15 median=0.057 unleveled=68:경비병
2026-09-23 21:25:37.246  INFO   session     Paused — hotkey
2026-09-23 21:25:40.378  INFO   session     Stop → Stopped
2026-09-23 21:25:40.668  INFO   session     Bot worker exited
