2026-09-23 22:04:21.868  INFO   session     Loading Manmabot from D:\Work\Lineage\ManmabotV1_final\engine
2026-09-23 22:04:21.873  INFO   session     Session log D:\Work\Lineage\ManmabotV1_final\engine\logs\bot-20260923-220421.log
2026-09-23 22:04:21.873  INFO   session     character=elf loot=all_items game_lang=ko map=talking_island farms=['area_1', 'area_3'] file=D:\Work\Lineage\ManmabotV1_final\engine\logs\bot-20260923-220421.log
2026-09-23 22:04:21.930  INFO   nav         building portal graph (cluster=32, 479x511)
2026-09-23 22:04:22.195  INFO   nav         portal graph: 188 components, 265 ms
2026-09-23 22:04:22.201  INFO   nav         farms=2 safe=11 home=(354, 203) (files farm=D:\Work\Lineage\ManmabotV1_final\engine\maps\talking_island\farms.yaml safe=D:\Work\Lineage\ManmabotV1_final\engine\maps\talking_island\safe.yaml home=D:\Work\Lineage\ManmabotV1_final\engine\maps\talking_island\home.yaml)
2026-09-23 22:04:22.220  INFO   capture     mss window capture process='LC.exe' title=None content_aspect=4:3
2026-09-23 22:04:22.616  INFO   session     Entity clicks use memory names, species, and world cells. Image recognition still runs. Set memory.entity_source to vision to restore image-only clicks.
2026-09-23 22:04:22.625  INFO   session     Player memory is read in this process (realtime_monitor.dll, offsets.json). No separate console.
2026-09-23 22:04:22.631  INFO   session     Inventory listen scanning in background (build inventory_listen.dll or place inv.json).
2026-09-23 22:04:22.637  INFO   session     Scanning hotbar (skill boxes 1–3)…
2026-09-23 22:04:27.052  INFO   session     Hotbar scan done · hp_potion@box1/f5, talking_scroll@box1/f8
2026-09-23 22:04:27.057  INFO   session     Loop ready · elf · ko · map=talking_island · loot=all_items · farms=['area_1', 'area_3']
2026-09-23 22:04:27.694  INFO   session     Entity shadow: vision=17 {'player': 11, 'monster': 2, 'npc': 4} memory=33 {'monster': 4, 'npc': 6, 'player': 23} paired=11 median=0.028 unleveled=10:경비병,68:경비병,319:?
2026-09-23 22:04:27.728  INFO   session     Inventory listen ready (dll) · hp=10 arrows=2672 silver=5 depoison=0
2026-09-23 22:04:27.771  INFO   decision    mode=farming behavior=talking_scroll action=use_talking_scroll target=- reason='go to shop (buy_hp_potions_mainland)' status=success
2026-09-23 22:04:30.661  INFO   nav         async nav configure start map=mainland
2026-09-23 22:04:31.694  INFO   nav         building portal graph (cluster=32, 1755x1414)
2026-09-23 22:04:31.938  INFO   decision    mode=farming behavior=shop action=shop_stop target=- reason='stop at shop' status=success
2026-09-23 22:04:35.746  INFO   nav         portal graph: 2586 components, 4052 ms
2026-09-23 22:04:35.752  INFO   nav         farms=6 safe=0 home=None (files farm=D:\Work\Lineage\ManmabotV1_final\engine\maps\mainland\farms.yaml safe=D:\Work\Lineage\ManmabotV1_final\engine\maps\mainland\safe.yaml home=D:\Work\Lineage\ManmabotV1_final\engine\maps\mainland\home.yaml)
2026-09-23 22:04:35.752  INFO   nav         async nav configure done map=mainland (5092 ms)
2026-09-23 22:04:36.138  INFO   session     Entity shadow: vision=40 {'player': 32, 'npc': 4, 'monster': 4} memory=94 {'player': 86, 'npc': 7, 'monster': 1} paired=33 median=0.043 unleveled=3969432044:사이클롭스
2026-09-23 22:04:36.204  INFO   decision    mode=farming behavior=shop action=shop_buy_arrows target=- reason='shop:buy_hp_potions_mainland' status=success
2026-09-23 22:04:42.115  INFO   session     Entity shadow: vision=36 {'player': 33, 'monster': 3} memory=89 {'player': 81, 'npc': 7, 'monster': 1} paired=32 median=0.045 unleveled=3969432044:사이클롭스
2026-09-23 22:04:42.141  INFO   decision    mode=farming behavior=talking_scroll action=use_talking_scroll target=- reason='return to farm map after shop' status=success
2026-09-23 22:04:44.795  INFO   nav         async nav configure start map=talking_island
2026-09-23 22:04:44.885  INFO   nav         building portal graph (cluster=32, 479x511)
2026-09-23 22:04:45.272  INFO   nav         portal graph: 188 components, 387 ms
2026-09-23 22:04:45.280  INFO   nav         farms=4 safe=11 home=(354, 203) (files farm=D:\Work\Lineage\ManmabotV1_final\engine\maps\talking_island\farms.yaml safe=D:\Work\Lineage\ManmabotV1_final\engine\maps\talking_island\safe.yaml home=D:\Work\Lineage\ManmabotV1_final\engine\maps\talking_island\home.yaml)
2026-09-23 22:04:45.280  INFO   nav         async nav configure done map=talking_island (485 ms)
2026-09-23 22:04:45.578  INFO   session     Auto-pause (not_focused)
2026-09-23 22:05:50.023  INFO   session     Auto-resume → Running
2026-09-23 22:05:50.336  INFO   session     Entity shadow: vision=28 {'npc': 4, 'player': 23, 'monster': 1} memory=44 {'player': 36, 'npc': 7, 'monster': 1} paired=24 median=0.032 unleveled=68:경비병
2026-09-23 22:05:50.372  INFO   decision    mode=traveling behavior=traveling action=traveling target=- reason='enter farm area' status=success
2026-09-23 22:05:55.409  INFO   session     Entity shadow: vision=20 {'player': 19, 'monster': 1} memory=40 {'monster': 1, 'player': 32, 'npc': 7} paired=19 median=0.031 unleveled=319:?
2026-09-23 22:06:00.589  INFO   session     Entity shadow: vision=17 {'player': 17} memory=38 {'monster': 1, 'player': 30, 'npc': 7} paired=16 median=0.032 unleveled=319:?
2026-09-23 22:06:02.998  INFO   decision    mode=traveling behavior=traveling action=traveling target=- reason='enter farm area' status=success (repeat)
2026-09-23 22:06:05.592  INFO   session     Entity shadow: vision=23 {'player': 21, 'npc': 2} memory=39 {'monster': 2, 'player': 30, 'npc': 7} paired=21 median=0.035 unleveled=207:토끼,319:?
2026-09-23 22:06:07.751  INFO   session     Paused — hotkey
2026-09-23 22:07:44.420  INFO   session     Resume → Running
2026-09-23 22:07:44.706  INFO   session     Entity shadow: vision=21 {'player': 19, 'npc': 1, 'monster': 1} memory=43 {'npc': 10, 'monster': 2, 'player': 31} paired=19 median=0.035 unleveled=206:토끼,207:토끼
2026-09-23 22:07:49.733  INFO   session     Entity shadow: vision=21 {'player': 21} memory=43 {'monster': 3, 'npc': 10, 'player': 30} paired=19 median=0.030 unleveled=208:토끼,206:토끼,207:토끼
2026-09-23 22:07:54.165  INFO   decision    mode=traveling behavior=traveling action=traveling target=- reason='enter farm area' status=success (repeat)
2026-09-23 22:07:54.833  INFO   session     Entity shadow: vision=12 {'player': 12} memory=26 {'npc': 10, 'monster': 2, 'player': 14} paired=9 median=0.062 unleveled=207:토끼,208:토끼
2026-09-23 22:07:59.818  INFO   session     Entity shadow: vision=5 {'player': 2, 'npc': 3} memory=9 {'npc': 5, 'monster': 2, 'player': 2} paired=2 median=0.044 unleveled=68:경비병,10:경비병
2026-09-23 22:08:03.910  INFO   decision    mode=traveling behavior=traveling action=traveling target=- reason='enter farm area' status=success (repeat)
2026-09-23 22:08:04.235  INFO   decision    mode=traveling behavior=combat action=attack target=198 reason='engage target' status=success
2026-09-23 22:08:04.956  INFO   session     Entity shadow: vision=5 {'player': 1, 'npc': 2, 'item': 1, 'monster': 1} memory=4 {'monster': 3, 'npc': 1} paired=1 median=0.036 unleveled=68:경비병,10:경비병
2026-09-23 22:08:10.189  INFO   session     Entity shadow: vision=3 {'player': 1, 'npc': 2} memory=3 {'npc': 1, 'monster': 2} paired=0 median=0.000 unleveled=68:경비병,10:경비병
2026-09-23 22:08:15.208  INFO   session     Entity shadow: vision=4 {'npc': 2, 'player': 1, 'monster': 1} memory=4 {'monster': 3, 'player': 1} paired=2 median=0.027 unleveled=68:경비병,10:경비병
2026-09-23 22:08:15.714  INFO   decision    mode=traveling behavior=combat action=attack target=199 reason='engage target' status=success
2026-09-23 22:08:20.361  INFO   session     Entity shadow: vision=4 {'player': 2, 'npc': 2} memory=4 {'monster': 3, 'player': 1} paired=1 median=0.026 unleveled=68:경비병,10:경비병
2026-09-23 22:08:25.420  INFO   session     Entity shadow: vision=4 {'player': 2, 'npc': 2} memory=4 {'monster': 3, 'player': 1} paired=1 median=0.026 unleveled=68:경비병,10:경비병
2026-09-23 22:08:27.100  INFO   decision    mode=traveling behavior=combat action=attack target=199 reason='attack target' status=success (repeat)
2026-09-23 22:08:30.531  INFO   session     Entity shadow: vision=4 {'player': 2, 'npc': 2} memory=4 {'monster': 3, 'player': 1} paired=1 median=0.026 unleveled=68:경비병,10:경비병
2026-09-23 22:08:35.737  INFO   session     Entity shadow: vision=4 {'npc': 2, 'player': 2} memory=4 {'monster': 3, 'player': 1} paired=1 median=0.026 unleveled=68:경비병,10:경비병
2026-09-23 22:08:38.033  INFO   decision    mode=traveling behavior=combat action=attack target=199 reason='attack target' status=success (repeat)
2026-09-23 22:08:40.822  INFO   session     Entity shadow: vision=3 {'player': 1, 'npc': 2} memory=3 {'player': 1, 'monster': 2} paired=1 median=0.026 unleveled=68:경비병,10:경비병
2026-09-23 22:08:40.953  INFO   session     Paused — hotkey
2026-09-23 22:13:52.143  INFO   session     Stop → Stopped
2026-09-23 22:13:52.408  INFO   session     Bot worker exited
