2026-09-29 21:22:59.854  INFO   session     Loading Manmabot from D:\KRR\1.LCBot\ManmabotV1_final\engine
2026-09-29 21:22:59.885  INFO   session     Session log D:\KRR\1.LCBot\ManmabotV1_final\engine\logs\bot-20260929-212259.log
2026-09-29 21:22:59.897  INFO   session     character=elf loot=adena_only game_lang=ko map=talking_island farms=['area_1', 'area_3'] file=D:\KRR\1.LCBot\ManmabotV1_final\engine\logs\bot-20260929-212259.log
2026-09-29 21:23:00.285  INFO   nav         building portal graph (cluster=32, 512x576)
2026-09-29 21:23:00.990  INFO   nav         portal graph: 189 components, 704 ms
2026-09-29 21:23:01.287  INFO   nav         farms=2 safe=11 home=(385, 246) (files farm=D:\KRR\1.LCBot\ManmabotV1_final\engine\maps\talking_island\farms.yaml safe=D:\KRR\1.LCBot\ManmabotV1_final\engine\maps\talking_island\safe.yaml home=D:\KRR\1.LCBot\ManmabotV1_final\engine\maps\talking_island\home.yaml)
2026-09-29 21:23:01.681  INFO   capture     mss window capture process='LC.exe' title=None content_aspect=4:3
2026-09-29 21:23:02.445  INFO   session     Entity clicks use memory names, species, and world cells. Image recognition still runs. Set memory.entity_source to vision to restore image-only clicks.
2026-09-29 21:23:02.499  INFO   session     Player memory is read in this process (realtime_monitor.dll, offsets.json). No separate console.
2026-09-29 21:23:02.770  INFO   session     인벤토리 수신 시작 · inv.json 시드 · hp=42 화살=9151 은화살=0 해독=0 (백그라운드 실시간 스캔)
2026-09-29 21:23:02.848  INFO   session     메모리에서 핫바 24칸을 읽는 중…
2026-09-29 21:23:03.584  INFO   session     핫바 스캔 완료 · 파워 업@box1/f5, 아머 업@box1/f6, 라이트@box1/f7, 힐@box1/f8, HP 물약@box2/f9, 텔레포트@box1/f10, 마법 공격@box1/f12, 말하는 두루마리@box2/f5, 마더 트리@box2/f6, HP를 MP로@box2/f7
2026-09-29 21:23:03.736  INFO   session     매핑되지 않은 핫바 아이콘: box1/f8:SPELL, box1/f11:아데나, box1/f12:화살, box2/f10:상쾌한 빨간 물약, box2/f12:속도향상 물약, box3/f10:SPELL
2026-09-29 21:23:04.070  INFO   session     루프 준비 · 요정 · 한국어 · 맵=말하는 섬 · 룻=아데나만 · 구역=구역 1, 구역 3
2026-09-29 21:23:05.123  INFO   session     Entity shadow: vision=25 {'player': 24, 'monster': 1} memory=45 {'player': 41, 'npc': 4} paired=24 median=0.029
2026-09-29 21:23:05.177  INFO   session     인벤토리 수신 준비 (dll) · hp=42 화살=9129 은화살=0 해독=0
2026-09-29 21:23:05.321  INFO   nav         talking scroll emit spot=ti_general_goods purpose=shop reason=go to shop (sell_garbage_ch)
2026-09-29 21:23:05.322  INFO   shop        shop scrolled behavior=sell_garbage_ch retry=0
2026-09-29 21:23:05.347  INFO   decision    mode=farming goal=talking_scroll action=use_talking_scroll target=- sticky=- origin=(1132,-32) shop=1 scrolled=1 reason='go to shop (sell_garbage_ch)' status=success
2026-09-29 21:23:10.047  INFO   shop        at shop — stop behavior=sell_garbage_ch
2026-09-29 21:23:10.274  INFO   decision    mode=farming goal=shop action=shop_stop target=- sticky=- origin=(386,245) shop=1 scrolled=1 reason='stop at shop' status=success
2026-09-29 21:23:11.013  INFO   session     Entity shadow: vision=17 {'npc': 2, 'player': 15} memory=36 {'player': 34, 'npc': 2} paired=16 median=0.023
2026-09-29 21:23:11.593  INFO   shop        open shop UI behavior=sell_garbage_ch
2026-09-29 21:23:12.182  INFO   decision    mode=farming goal=shop action=shop_buy_arrows target=- sticky=- origin=(386,245) shop=1 scrolled=1 reason='shop:sell_garbage_ch' status=success
2026-09-29 21:23:21.776  INFO   session     Entity shadow: vision=19 {'npc': 3, 'player': 16} memory=34 {'player': 32, 'npc': 2} paired=17 median=0.023
2026-09-29 21:23:22.243  INFO   nav         talking scroll emit spot=giran_weapon purpose=shop reason=go to shop (sell_garbage_weapon_ch)
2026-09-29 21:23:22.870  INFO   shop        shop scrolled behavior=sell_garbage_weapon_ch retry=0
2026-09-29 21:23:22.909  INFO   decision    mode=farming goal=talking_scroll action=use_talking_scroll target=- sticky=- origin=(386,245) shop=1 scrolled=1 reason='go to shop (sell_garbage_weapon_ch)' status=success
2026-09-29 21:23:25.964  INFO   session     일시정지 — 단축키
2026-09-29 21:23:26.964  INFO   nav         async nav configure start map=mainland
2026-09-29 21:23:28.193  INFO   nav         building portal graph (cluster=32, 1755x1414)
2026-09-29 21:23:36.198  INFO   nav         portal graph: 2586 components, 8004 ms
2026-09-29 21:23:36.469  INFO   nav         farms=6 safe=0 home=None (files farm=D:\KRR\1.LCBot\ManmabotV1_final\engine\maps\mainland\farms.yaml safe=D:\KRR\1.LCBot\ManmabotV1_final\engine\maps\mainland\safe.yaml home=D:\KRR\1.LCBot\ManmabotV1_final\engine\maps\mainland\home.yaml)
2026-09-29 21:23:36.481  INFO   nav         async nav configure done map=mainland (9515 ms)
2026-09-29 21:23:40.207  INFO   session     정지 → 중지됨
2026-09-29 21:23:40.473  INFO   session     봇 작업이 종료되었습니다
