2026-09-28 01:08:55.449  INFO   session     Loading Manmabot from D:\ManmabotV1_final\engine
2026-09-28 01:08:55.455  INFO   session     Session log D:\ManmabotV1_final\engine\logs\bot-20260928-010855.log
2026-09-28 01:08:55.455  INFO   session     character=elf loot=all_items game_lang=ko map=talking_island farms=['area_1', 'area_3'] file=D:\ManmabotV1_final\engine\logs\bot-20260928-010855.log
2026-09-28 01:08:55.809  INFO   nav         building portal graph (cluster=32, 479x511)
2026-09-28 01:08:56.148  INFO   nav         portal graph: 188 components, 338 ms
2026-09-28 01:08:56.156  INFO   nav         farms=2 safe=11 home=(354, 203) (files farm=D:\ManmabotV1_final\engine\maps\talking_island\farms.yaml safe=D:\ManmabotV1_final\engine\maps\talking_island\safe.yaml home=D:\ManmabotV1_final\engine\maps\talking_island\home.yaml)
2026-09-28 01:08:56.423  INFO   capture     mss window capture process='LC.exe' title=None content_aspect=4:3
2026-09-28 01:08:56.990  INFO   session     Entity clicks use memory names, species, and world cells. Image recognition still runs. Set memory.entity_source to vision to restore image-only clicks.
2026-09-28 01:08:57.007  INFO   session     Player memory is read in this process (realtime_monitor.dll, offsets.json). No separate console.
2026-09-28 01:08:57.019  INFO   session     인벤토리를 백그라운드에서 스캔 중 (inventory_listen.dll 또는 inv.json을 두세요).
2026-09-28 01:08:57.050  INFO   session     메모리에서 핫바 24칸을 읽는 중…
2026-09-28 01:08:57.149  INFO   session     핫바 스캔 완료 · 파워 업@box2/f8, 아머 업@box2/f5, 라이트@box1/f10, 힐@box1/f9, HP 물약@box1/f8, 텔레포트@box1/f11, 마법 공격@box1/f12, 말하는 두루마리@box1/f5
2026-09-28 01:08:57.178  INFO   session     매핑되지 않은 핫바 아이콘: box1/f6:작은 활 (무장), box1/f7:나무 화살, box1/f9:아데나
2026-09-28 01:08:57.195  INFO   session     루프 준비 · 요정 · 한국어 · 맵=말하는 섬 · 룻=전부 줍기 · 구역=구역 1, 구역 3
2026-09-28 01:08:58.668  INFO   session     Entity shadow: vision=30 {'player': 26, 'npc': 3, 'monster': 1} memory=69 {'player': 63, 'monster': 1, 'npc': 5} paired=28 median=0.041 unleveled=319:?
2026-09-28 01:08:58.705  INFO   session     인벤토리 수신 준비 (dll) · hp=0 화살=457 은화살=0 해독=0
2026-09-28 01:08:58.728  INFO   decision    mode=farming behavior=buff action=buff target=- reason='armor_up' status=success
2026-09-28 01:09:00.001  INFO   decision    mode=farming behavior=talking_scroll action=use_talking_scroll target=- reason='go to shop (buy_hp_potions_ch_mainland)' status=success
2026-09-28 01:09:03.738  INFO   nav         async nav configure start map=mainland
2026-09-28 01:09:05.422  INFO   session     Entity shadow: vision=40 {'player': 36, 'npc': 2, 'monster': 2} memory=83 {'player': 77, 'monster': 1, 'npc': 5} paired=36 median=0.047 unleveled=319:?
2026-09-28 01:09:05.826  INFO   decision    mode=farming behavior=shop action=idle target=- reason='waiting for shop map (buy_hp_potions_ch_mainland)' status=success
2026-09-28 01:09:05.861  INFO   nav         building portal graph (cluster=32, 1755x1414)
2026-09-28 01:09:11.797  INFO   nav         portal graph: 2586 components, 5935 ms
2026-09-28 01:09:11.803  INFO   nav         farms=6 safe=0 home=None (files farm=D:\ManmabotV1_final\engine\maps\mainland\farms.yaml safe=D:\ManmabotV1_final\engine\maps\mainland\safe.yaml home=D:\ManmabotV1_final\engine\maps\mainland\home.yaml)
2026-09-28 01:09:11.804  INFO   nav         async nav configure done map=mainland (8066 ms)
2026-09-28 01:09:12.441  INFO   session     Entity shadow: vision=37 {'npc': 1, 'player': 35, 'monster': 1} memory=82 {'player': 76, 'monster': 1, 'npc': 5} paired=35 median=0.064 unleveled=319:?
2026-09-28 01:09:12.541  INFO   decision    mode=farming behavior=buff action=buff target=- reason='light' status=success
2026-09-28 01:09:13.514  INFO   decision    mode=farming behavior=shop action=idle target=- reason='waiting for shop map (buy_hp_potions_ch_mainland)' status=success
2026-09-28 01:09:17.475  INFO   session     Entity shadow: vision=38 {'player': 35, 'npc': 1, 'monster': 2} memory=83 {'player': 77, 'monster': 1, 'npc': 5} paired=35 median=0.038 unleveled=319:?
2026-09-28 01:09:23.207  INFO   session     Entity shadow: vision=38 {'player': 35, 'npc': 2, 'monster': 1} memory=85 {'player': 78, 'monster': 1, 'npc': 6} paired=35 median=0.041 unleveled=319:?
2026-09-28 01:09:26.167  INFO   decision    mode=farming behavior=unstick action=teleport target=- reason='unstick confined' status=success
2026-09-28 01:09:27.646  INFO   decision    mode=farming behavior=shop action=idle target=- reason='waiting for shop map (buy_hp_potions_ch_mainland)' status=success
2026-09-28 01:09:28.817  INFO   session     Entity shadow: vision=37 {'monster': 2, 'player': 34, 'npc': 1} memory=85 {'npc': 6, 'player': 78, 'monster': 1} paired=35 median=0.075 unleveled=319:?
2026-09-28 01:09:31.022  INFO   session     일시정지 — 단축키
2026-09-28 01:13:44.847  INFO   session     재개 → 실행 중
2026-09-28 01:13:45.556  INFO   session     Entity shadow: vision=36 {'player': 31, 'npc': 1, 'monster': 4} memory=77 {'player': 71, 'monster': 1, 'npc': 5} paired=33 median=0.039 unleveled=319:?
2026-09-28 01:13:45.684  INFO   decision    mode=farming behavior=unstick action=teleport target=- reason='unstick confined' status=success
2026-09-28 01:13:46.732  INFO   session     정지 → 중지됨
