2026-09-28 22:17:10.714  INFO   session     Loading Manmabot from D:\KRR\1.LCBot\ManmabotV1_final\engine
2026-09-28 22:17:10.753  INFO   session     Session log D:\KRR\1.LCBot\ManmabotV1_final\engine\logs\bot-20260928-221710.log
2026-09-28 22:17:10.753  INFO   session     character=elf loot=all_items game_lang=ko map=talking_island farms=['area_1', 'area_3'] file=D:\KRR\1.LCBot\ManmabotV1_final\engine\logs\bot-20260928-221710.log
2026-09-28 22:17:10.900  INFO   nav         building portal graph (cluster=32, 479x511)
2026-09-28 22:17:11.622  INFO   nav         portal graph: 188 components, 722 ms
2026-09-28 22:17:11.653  INFO   nav         farms=2 safe=11 home=(354, 203) (files farm=D:\KRR\1.LCBot\ManmabotV1_final\engine\maps\talking_island\farms.yaml safe=D:\KRR\1.LCBot\ManmabotV1_final\engine\maps\talking_island\safe.yaml home=D:\KRR\1.LCBot\ManmabotV1_final\engine\maps\talking_island\home.yaml)
2026-09-28 22:17:11.805  INFO   capture     mss window capture process='LC.exe' title=None content_aspect=4:3
2026-09-28 22:17:12.705  INFO   session     Entity clicks use memory names, species, and world cells. Image recognition still runs. Set memory.entity_source to vision to restore image-only clicks.
2026-09-28 22:17:12.725  INFO   session     Player memory is read in this process (realtime_monitor.dll, offsets.json). No separate console.
2026-09-28 22:17:12.739  INFO   session     인벤토리를 백그라운드에서 스캔 중 (inventory_listen.dll 또는 inv.json을 두세요).
2026-09-28 22:17:12.759  INFO   session     메모리에서 핫바 24칸을 읽는 중…
2026-09-28 22:17:13.018  INFO   session     핫바 스캔 완료 · 파워 업@box1/f5, 아머 업@box1/f6, 라이트@box1/f7, 힐@box1/f8, HP 물약@box2/f9, 텔레포트@box1/f10, 마법 공격@box1/f12, 말하는 두루마리@box2/f5, 마더 트리@box2/f6, HP를 MP로@box2/f7
2026-09-28 22:17:13.065  INFO   session     매핑되지 않은 핫바 아이콘: box1/f12:은화살, box2/f10:은화살, box2/f12:SPELL
2026-09-28 22:17:13.080  INFO   session     루프 준비 · 요정 · 한국어 · 맵=말하는 섬 · 룻=전부 줍기 · 구역=구역 1, 구역 3
2026-09-28 22:17:13.480  INFO   session     Entity shadow: vision=3 {'npc': 2, 'player': 1} memory=3 {'monster': 3} paired=0 median=0.000 unleveled=10:경비병,68:경비병
2026-09-28 22:17:13.508  INFO   session     인벤토리 수신 준비 (dll) · hp=79 화살=1118 은화살=0 해독=0
2026-09-28 22:17:13.552  INFO   decision    mode=farming behavior=buff action=buff target=- reason='armor_up' status=success
2026-09-28 22:17:14.329  INFO   decision    mode=traveling behavior=traveling action=traveling target=- reason='enter farm area' status=success
2026-09-28 22:17:18.811  INFO   session     Entity shadow: vision=4 {'player': 1, 'npc': 3} memory=4 {'monster': 4} paired=0 median=0.000 unleveled=10:경비병,68:경비병
2026-09-28 22:17:23.669  INFO   decision    mode=traveling behavior=buff action=buff target=- reason='light' status=success
2026-09-28 22:17:24.319  INFO   session     Entity shadow: vision=3 {'player': 1, 'npc': 2} memory=4 {'monster': 2, 'npc': 2} paired=1 median=0.027 unleveled=10:경비병,68:경비병
2026-09-28 22:17:24.376  INFO   decision    mode=traveling behavior=traveling action=traveling target=- reason='enter farm, walk around' status=success
2026-09-28 22:17:29.606  INFO   session     Entity shadow: vision=2 {'player': 1, 'npc': 1} memory=2 {'npc': 2} paired=1 median=0.018
2026-09-28 22:17:34.982  INFO   session     Entity shadow: vision=2 {'player': 1, 'npc': 1} memory=4 {'npc': 4} paired=1 median=0.025
2026-09-28 22:17:39.879  INFO   session     Entity shadow: vision=1 {'player': 1} memory=4 {'monster': 2, 'npc': 2} paired=0 median=0.000 unleveled=68:경비병,189:사슴
2026-09-28 22:17:42.305  INFO   decision    mode=traveling behavior=traveling action=traveling target=- reason='enter farm area' status=success (repeat)
2026-09-28 22:17:45.166  INFO   session     Entity shadow: vision=4 {'player': 1, 'npc': 2, 'monster': 1} memory=5 {'monster': 3, 'npc': 2} paired=0 median=0.000 unleveled=10:경비병,68:경비병,189:사슴
2026-09-28 22:17:45.552  INFO   decision    mode=traveling behavior=combat action=attack target=12 reason='engage target' status=success
2026-09-28 22:17:47.700  INFO   decision    mode=traveling behavior=traveling action=traveling target=- reason='enter farm, walk around' status=success
2026-09-28 22:17:50.204  INFO   session     Entity shadow: vision=6 {'player': 1, 'npc': 2, 'monster': 2, 'item': 1} memory=7 {'monster': 4, 'item': 1, 'npc': 2} paired=2 median=0.038 unleveled=189:사슴,10:경비병,68:경비병
2026-09-28 22:17:50.285  INFO   decision    mode=traveling behavior=combat action=attack target=14 reason='engage target' status=success
2026-09-28 22:17:51.445  INFO   decision    mode=traveling behavior=traveling action=traveling target=- reason='enter farm, walk around' status=success
2026-09-28 22:17:55.578  INFO   session     Entity shadow: vision=3 {'player': 1, 'npc': 2} memory=6 {'monster': 3, 'npc': 2, 'player': 1} paired=0 median=0.000 unleveled=189:사슴,10:경비병,68:경비병
2026-09-28 22:17:56.919  INFO   decision    mode=traveling behavior=loot action=searching target=21 reason='walk onto item' status=success
2026-09-28 22:18:01.085  INFO   session     Entity shadow: vision=8 {'player': 1, 'monster': 3, 'npc': 2, 'item': 2} memory=6 {'monster': 5, 'item': 1} paired=3 median=0.032 unleveled=208:토끼,189:사슴,68:경비병
2026-09-28 22:18:01.833  INFO   decision    mode=traveling behavior=loot action=pickup target=21 reason='loot target' status=success
2026-09-28 22:18:02.602  INFO   decision    mode=traveling behavior=loot action=idle target=- reason='pickup memory gone' status=success
2026-09-28 22:18:04.343  INFO   decision    mode=traveling behavior=combat action=attack target=23 reason='engage target' status=success
2026-09-28 22:18:05.027  INFO   decision    mode=traveling behavior=loot action=searching target=26 reason='walk onto item' status=success
2026-09-28 22:18:06.194  INFO   session     Entity shadow: vision=6 {'item': 3, 'npc': 1, 'player': 1, 'monster': 1} memory=6 {'monster': 4, 'item': 2} paired=3 median=0.005 unleveled=189:사슴,68:경비병
2026-09-28 22:18:09.117  INFO   decision    mode=traveling behavior=combat action=attack target=25 reason='engage target' status=success
2026-09-28 22:18:11.450  INFO   session     Entity shadow: vision=4 {'npc': 1, 'player': 1, 'item': 1, 'monster': 1} memory=5 {'monster': 3, 'item': 2} paired=2 median=0.028 unleveled=189:사슴,68:경비병
2026-09-28 22:18:12.265  INFO   decision    mode=traveling behavior=loot action=pickup target=26 reason='engage item' status=success
2026-09-28 22:18:12.795  INFO   decision    mode=traveling behavior=loot action=idle target=- reason='pickup memory gone' status=success
2026-09-28 22:18:13.485  INFO   decision    mode=traveling behavior=loot action=searching target=21 reason='walk onto item' status=success
2026-09-28 22:18:16.472  INFO   session     Entity shadow: vision=3 {'npc': 1, 'player': 1, 'monster': 1} memory=4 {'monster': 3, 'item': 1} paired=1 median=0.018 unleveled=189:사슴,68:경비병
2026-09-28 22:18:16.516  INFO   decision    mode=traveling behavior=loot action=pickup target=21 reason='loot target' status=success
2026-09-28 22:18:17.165  INFO   decision    mode=traveling behavior=loot action=idle target=- reason='pickup memory gone' status=success
2026-09-28 22:18:18.796  INFO   decision    mode=traveling behavior=traveling action=traveling target=- reason='enter farm area' status=success
2026-09-28 22:18:19.618  INFO   decision    mode=traveling behavior=loot action=pickup target=21 reason='engage item' status=success
2026-09-28 22:18:20.259  INFO   decision    mode=traveling behavior=loot action=idle target=- reason='pickup memory gone' status=success
2026-09-28 22:18:21.923  INFO   session     Entity shadow: vision=4 {'player': 1, 'npc': 2, 'item': 1} memory=4 {'monster': 3, 'item': 1} paired=1 median=0.003 unleveled=208:토끼,189:사슴,68:경비병
2026-09-28 22:18:22.004  INFO   decision    mode=traveling behavior=traveling action=traveling target=- reason='enter farm area' status=success
2026-09-28 22:18:26.855  INFO   session     Entity shadow: vision=2 {'player': 1, 'npc': 1} memory=2 {'monster': 1, 'npc': 1} paired=1 median=0.032 unleveled=208:토끼
2026-09-28 22:18:29.949  INFO   decision    mode=traveling behavior=loot action=searching target=33 reason='walk onto item' status=success
2026-09-28 22:18:32.272  INFO   session     Entity shadow: vision=3 {'player': 1, 'item': 1, 'npc': 1} memory=3 {'monster': 1, 'item': 1, 'npc': 1} paired=2 median=0.051 unleveled=14:개구리
2026-09-28 22:18:34.558  INFO   decision    mode=traveling behavior=combat action=attack target=35 reason='engage target' status=success
2026-09-28 22:18:37.649  INFO   session     Entity shadow: vision=4 {'npc': 1, 'item': 1, 'player': 1, 'monster': 1} memory=3 {'monster': 2, 'item': 1} paired=2 median=0.011 unleveled=14:개구리
2026-09-28 22:18:38.310  INFO   decision    mode=traveling behavior=traveling action=traveling target=- reason='enter farm area' status=success
2026-09-28 22:18:40.844  INFO   decision    mode=traveling behavior=combat action=attack target=37 reason='engage target' status=success
2026-09-28 22:18:42.521  INFO   session     Entity shadow: vision=3 {'player': 1, 'item': 1, 'monster': 1} memory=4 {'monster': 3, 'item': 1} paired=2 median=0.027 unleveled=14:개구리
2026-09-28 22:18:44.879  INFO   decision    mode=traveling behavior=loot action=searching target=39 reason='walk onto item' status=success
2026-09-28 22:18:46.801  INFO   decision    mode=traveling behavior=combat action=attack target=38 reason='engage target' status=success
2026-09-28 22:18:47.733  INFO   session     Entity shadow: vision=7 {'player': 1, 'monster': 3, 'item': 2, 'npc': 1} memory=8 {'monster': 6, 'item': 2} paired=5 median=0.018 unleveled=10:경비병,14:개구리
2026-09-28 22:18:52.665  INFO   decision    mode=traveling behavior=loot action=pickup target=43 reason='engage item' status=success
2026-09-28 22:18:53.233  INFO   session     Entity shadow: vision=9 {'item': 5, 'npc': 1, 'player': 1, 'monster': 2} memory=7 {'monster': 4, 'item': 3} paired=5 median=0.014 unleveled=14:개구리,10:경비병
2026-09-28 22:18:53.285  INFO   decision    mode=traveling behavior=loot action=idle target=- reason='pickup memory gone' status=success
2026-09-28 22:18:53.741  INFO   decision    mode=traveling behavior=loot action=searching target=39 reason='walk onto item' status=success
2026-09-28 22:18:54.300  INFO   decision    mode=traveling behavior=combat action=attack target=41 reason='engage target' status=success
2026-09-28 22:18:56.215  INFO   decision    mode=traveling behavior=combat action=attack target=42 reason='attack target' status=success
2026-09-28 22:18:57.523  INFO   decision    mode=traveling behavior=loot action=pickup target=44 reason='engage item' status=success
2026-09-28 22:18:58.098  INFO   decision    mode=traveling behavior=unstick action=teleport target=- reason='unstick confined' status=success
2026-09-28 22:18:59.698  INFO   session     Entity shadow: vision=5 {'player': 2, 'monster': 2, 'npc': 1} memory=4 {'monster': 3, 'npc': 1} paired=3 median=0.016 unleveled=208:토끼
2026-09-28 22:18:59.829  INFO   decision    mode=traveling behavior=combat action=attack target=46 reason='engage target' status=success
2026-09-28 22:19:02.731  INFO   decision    mode=traveling behavior=combat action=attack target=48 reason='engage target' status=success
2026-09-28 22:19:03.883  INFO   decision    mode=traveling behavior=combat action=attack target=50 reason='attack target' status=success
2026-09-28 22:19:04.668  INFO   session     Entity shadow: vision=2 {'player': 1, 'npc': 1} memory=3 {'monster': 2, 'npc': 1} paired=1 median=0.024 unleveled=208:토끼
2026-09-28 22:19:06.470  INFO   decision    mode=traveling behavior=loot action=searching target=51 reason='walk onto item' status=success
2026-09-28 22:19:09.967  INFO   session     Entity shadow: vision=3 {'item': 2, 'player': 1} memory=5 {'monster': 2, 'item': 2, 'npc': 1} paired=2 median=0.007 unleveled=208:토끼
2026-09-28 22:19:15.035  INFO   session     Entity shadow: vision=3 {'player': 1, 'item': 2} memory=2 {'item': 2} paired=2 median=0.028
2026-09-28 22:19:15.102  INFO   decision    mode=traveling behavior=loot action=pickup target=51 reason='loot target' status=success
2026-09-28 22:19:15.760  INFO   decision    mode=traveling behavior=loot action=idle target=- reason='pickup memory gone' status=success
2026-09-28 22:19:16.364  INFO   decision    mode=traveling behavior=loot action=pickup target=53 reason='engage item' status=success
2026-09-28 22:19:16.969  INFO   decision    mode=traveling behavior=loot action=idle target=- reason='pickup memory gone' status=success
2026-09-28 22:19:17.578  INFO   decision    mode=traveling behavior=traveling action=traveling target=- reason='enter farm area' status=success
2026-09-28 22:19:19.970  INFO   decision    mode=traveling behavior=combat action=attack target=55 reason='engage target' status=success
2026-09-28 22:19:20.595  INFO   session     Entity shadow: vision=1 {'monster': 1} memory=2 {'monster': 2} paired=1 median=0.016 unleveled=208:토끼
2026-09-28 22:19:23.772  INFO   decision    mode=traveling behavior=traveling action=traveling target=- reason='enter farm area' status=success
2026-09-28 22:19:25.250  INFO   decision    mode=traveling behavior=combat action=attack target=56 reason='engage target' status=success
2026-09-28 22:19:26.081  INFO   session     Entity shadow: vision=1 {'player': 1} memory=2 {'monster': 2} paired=0 median=0.000 unleveled=208:토끼
2026-09-28 22:19:29.150  INFO   decision    mode=traveling behavior=loot action=pickup target=57 reason='engage item' status=success
2026-09-28 22:19:29.828  INFO   decision    mode=traveling behavior=loot action=idle target=- reason='pickup memory gone' status=success
2026-09-28 22:19:30.446  INFO   decision    mode=traveling behavior=traveling action=traveling target=- reason='enter farm area' status=success
2026-09-28 22:19:30.948  INFO   session     Entity shadow: vision=1 {'player': 1} memory=1 {'monster': 1} paired=0 median=0.000 unleveled=208:토끼
2026-09-28 22:19:36.042  INFO   session     Entity shadow: vision=1 {'player': 1} memory=1 {'monster': 1} paired=0 median=0.000 unleveled=208:토끼
2026-09-28 22:19:40.447  INFO   session     일시정지 — 단축키
2026-09-28 22:19:52.124  INFO   session     일시정지 / 재개 → 실행 중
2026-09-28 22:19:52.733  INFO   session     Entity shadow: vision=8 {'player': 2, 'monster': 5, 'npc': 1} memory=6 {'monster': 5, 'player': 1} paired=3 median=0.015 unleveled=14:개구리,10:경비병
2026-09-28 22:19:52.895  INFO   decision    mode=traveling behavior=combat action=attack target=60 reason='engage target' status=success
2026-09-28 22:19:54.811  INFO   decision    mode=traveling behavior=loot action=searching target=65 reason='walk onto item' status=success
2026-09-28 22:19:55.495  INFO   decision    mode=traveling behavior=combat action=attack target=59 reason='engage target' status=success
2026-09-28 22:19:57.793  INFO   session     Entity shadow: vision=5 {'player': 3, 'monster': 2} memory=3 {'monster': 1, 'player': 2} paired=3 median=0.030
2026-09-28 22:19:59.739  INFO   decision    mode=traveling behavior=traveling action=traveling target=- reason='enter farm area' status=success
2026-09-28 22:20:02.874  INFO   session     Entity shadow: vision=4 {'player': 4} memory=2 {'player': 2} paired=2 median=0.023
2026-09-28 22:20:08.068  INFO   session     Entity shadow: vision=4 {'player': 3, 'npc': 1} memory=6 {'player': 3, 'monster': 3} paired=3 median=0.028 unleveled=208:토끼,207:토끼,10:경비병
2026-09-28 22:20:13.233  INFO   session     Entity shadow: vision=3 {'player': 3} memory=5 {'monster': 3, 'player': 2} paired=2 median=0.043 unleveled=208:토끼,207:토끼,14:개구리
2026-09-28 22:20:18.338  INFO   session     Entity shadow: vision=3 {'player': 2, 'item': 1} memory=3 {'player': 1, 'item': 1, 'monster': 1} paired=2 median=0.012 unleveled=207:토끼
2026-09-28 22:20:18.396  INFO   decision    mode=traveling behavior=loot action=searching target=74 reason='walk onto item' status=success
2026-09-28 22:20:23.537  INFO   session     Entity shadow: vision=3 {'player': 1, 'item': 1, 'monster': 1} memory=3 {'monster': 2, 'item': 1} paired=2 median=0.027
2026-09-28 22:20:26.613  INFO   decision    mode=traveling behavior=loot action=pickup target=74 reason='loot target' status=success
2026-09-28 22:20:27.218  INFO   decision    mode=traveling behavior=loot action=idle target=- reason='pickup memory gone' status=success
2026-09-28 22:20:27.917  INFO   decision    mode=traveling behavior=combat action=attack target=76 reason='engage target' status=success
2026-09-28 22:20:28.989  INFO   session     Entity shadow: vision=4 {'player': 2, 'monster': 2} memory=3 {'monster': 2, 'player': 1} paired=3 median=0.030
2026-09-28 22:20:32.824  INFO   decision    mode=traveling behavior=traveling action=traveling target=- reason='enter farm area' status=success
2026-09-28 22:20:34.145  INFO   session     Entity shadow: vision=1 {'player': 1} memory=0 {} paired=0 median=0.000
2026-09-28 22:20:36.918  INFO   session     일시정지 — 단축키
2026-09-28 22:20:50.386  INFO   session     재개 → 실행 중
2026-09-28 22:20:50.968  INFO   session     Entity shadow: vision=1 {'player': 1} memory=1 {'player': 1} paired=0 median=0.000
2026-09-28 22:20:55.749  INFO   session     Entity shadow: vision=1 {'player': 1} memory=3 {'player': 3} paired=1 median=0.041
2026-09-28 22:20:58.426  INFO   decision    mode=traveling behavior=combat action=attack target=84 reason='engage target' status=success
2026-09-28 22:21:00.774  INFO   session     Entity shadow: vision=2 {'player': 1, 'monster': 1} memory=2 {'player': 1, 'monster': 1} paired=2 median=0.053
2026-09-28 22:21:04.625  INFO   decision    mode=traveling behavior=loot action=pickup target=87 reason='engage item' status=success
2026-09-28 22:21:05.312  INFO   decision    mode=traveling behavior=loot action=idle target=- reason='pickup memory gone' status=success
2026-09-28 22:21:05.898  INFO   session     Entity shadow: vision=3 {'monster': 1, 'player': 2} memory=3 {'player': 2, 'monster': 1} paired=2 median=0.030
2026-09-28 22:21:05.975  INFO   decision    mode=traveling behavior=combat action=attack target=85 reason='engage target' status=success
2026-09-28 22:21:10.144  INFO   decision    mode=traveling behavior=traveling action=traveling target=- reason='enter farm area' status=success
2026-09-28 22:21:10.936  INFO   session     Entity shadow: vision=1 {'player': 1} memory=0 {} paired=0 median=0.000
2026-09-28 22:21:16.146  INFO   session     Entity shadow: vision=2 {'player': 2} memory=1 {'player': 1} paired=1 median=0.027
2026-09-28 22:21:17.394  INFO   decision    mode=traveling behavior=combat action=attack target=90 reason='engage target' status=success
2026-09-28 22:21:17.993  INFO   decision    mode=traveling behavior=traveling action=traveling target=- reason='enter farm area' status=success
2026-09-28 22:21:21.662  INFO   session     Entity shadow: vision=3 {'player': 3} memory=1 {'player': 1} paired=1 median=0.021
2026-09-28 22:21:27.042  INFO   session     Entity shadow: vision=2 {'player': 2} memory=1 {'player': 1} paired=1 median=0.025
2026-09-28 22:21:29.097  INFO   decision    mode=traveling behavior=loot action=searching target=91 reason='walk onto item' status=success
2026-09-28 22:21:31.996  INFO   decision    mode=traveling behavior=combat action=attack target=93 reason='engage target' status=success
2026-09-28 22:21:32.797  INFO   session     Entity shadow: vision=5 {'player': 2, 'monster': 2, 'item': 1} memory=5 {'player': 1, 'monster': 3, 'item': 1} paired=4 median=0.021
2026-09-28 22:21:36.486  INFO   decision    mode=traveling behavior=combat action=attack target=94 reason='engage target' status=success
2026-09-28 22:21:38.000  INFO   session     Entity shadow: vision=2 {'item': 1, 'player': 1} memory=3 {'item': 1, 'monster': 1, 'player': 1} paired=1 median=0.008
2026-09-28 22:21:38.929  INFO   decision    mode=traveling behavior=loot action=searching target=95 reason='walk onto item' status=success
2026-09-28 22:21:43.225  INFO   session     Entity shadow: vision=2 {'player': 1, 'item': 1} memory=3 {'player': 1, 'monster': 1, 'item': 1} paired=1 median=0.003
2026-09-28 22:21:44.996  INFO   decision    mode=traveling behavior=loot action=pickup target=95 reason='loot target' status=success
2026-09-28 22:21:45.484  INFO   decision    mode=traveling behavior=loot action=idle target=- reason='pickup memory gone' status=success
2026-09-28 22:21:47.340  INFO   decision    mode=traveling behavior=combat action=attack target=99 reason='engage target' status=success
2026-09-28 22:21:48.475  INFO   session     Entity shadow: vision=2 {'player': 1, 'monster': 1} memory=1 {'monster': 1} paired=1 median=0.036
2026-09-28 22:21:48.661  INFO   session     일시정지 — 단축키
2026-09-28 22:22:07.626  INFO   session     일시정지 / 재개 → 실행 중
2026-09-28 22:22:08.273  INFO   session     Entity shadow: vision=1 {'monster': 1} memory=1 {'monster': 1} paired=0 median=0.000 unleveled=206:토끼
2026-09-28 22:22:08.430  INFO   decision    mode=traveling behavior=unstick action=teleport target=- reason='unstick confined' status=success
2026-09-28 22:22:09.874  INFO   decision    mode=traveling behavior=loot action=searching target=102 reason='walk onto item' status=success
2026-09-28 22:22:11.928  INFO   decision    mode=traveling behavior=loot action=pickup target=102 reason='loot target' status=success
2026-09-28 22:22:12.426  INFO   decision    mode=traveling behavior=traveling action=traveling target=- reason='enter farm area' status=success
2026-09-28 22:22:12.943  INFO   session     Entity shadow: vision=3 {'player': 3} memory=2 {'monster': 1, 'player': 1} paired=1 median=0.049
2026-09-28 22:22:13.035  INFO   decision    mode=traveling behavior=combat action=attack target=105 reason='engage target' status=success
2026-09-28 22:22:13.736  INFO   decision    mode=traveling behavior=traveling action=traveling target=- reason='enter farm area' status=success
2026-09-28 22:22:14.425  INFO   decision    mode=traveling behavior=combat action=attack target=106 reason='engage target' status=success
2026-09-28 22:22:17.659  INFO   decision    mode=traveling behavior=traveling action=traveling target=- reason='enter farm area' status=success
2026-09-28 22:22:18.152  INFO   session     Entity shadow: vision=3 {'player': 2, 'monster': 1} memory=1 {'player': 1} paired=1 median=0.055
2026-09-28 22:22:23.499  INFO   session     Entity shadow: vision=1 {'player': 1} memory=0 {} paired=0 median=0.000
2026-09-28 22:22:28.729  INFO   session     Entity shadow: vision=1 {'player': 1} memory=1 {'monster': 1} paired=0 median=0.000 unleveled=189:사슴
2026-09-28 22:22:33.950  INFO   session     Entity shadow: vision=2 {'player': 1, 'npc': 1} memory=2 {'monster': 2} paired=0 median=0.000 unleveled=68:경비병,14:개구리
2026-09-28 22:22:35.258  INFO   decision    mode=traveling behavior=traveling action=traveling target=- reason='enter farm area' status=success (repeat)
2026-09-28 22:22:39.182  INFO   session     Entity shadow: vision=1 {'player': 1} memory=0 {} paired=0 median=0.000
2026-09-28 22:22:44.245  INFO   session     Entity shadow: vision=2 {'player': 2} memory=0 {} paired=0 median=0.000
2026-09-28 22:22:47.640  INFO   decision    mode=traveling behavior=combat action=attack target=115 reason='engage target' status=success
2026-09-28 22:22:49.403  INFO   session     Entity shadow: vision=3 {'player': 1, 'monster': 2} memory=2 {'monster': 2} paired=2 median=0.028
2026-09-28 22:22:53.269  INFO   decision    mode=traveling behavior=loot action=searching target=117 reason='walk onto item' status=success
2026-09-28 22:22:54.487  INFO   session     Entity shadow: vision=2 {'player': 1, 'item': 1} memory=2 {'monster': 1, 'item': 1} paired=1 median=0.036
2026-09-28 22:22:56.525  INFO   decision    mode=traveling behavior=loot action=pickup target=117 reason='loot target' status=success
2026-09-28 22:22:57.256  INFO   decision    mode=traveling behavior=combat action=attack target=116 reason='engage target' status=success
2026-09-28 22:22:58.441  INFO   decision    mode=traveling behavior=traveling action=traveling target=- reason='enter farm area' status=success
2026-09-28 22:22:59.894  INFO   session     Entity shadow: vision=1 {'player': 1} memory=0 {} paired=0 median=0.000
2026-09-28 22:23:05.353  INFO   session     Entity shadow: vision=1 {'player': 1} memory=1 {'npc': 1} paired=0 median=0.000
2026-09-28 22:23:08.603  INFO   decision    mode=traveling behavior=combat action=attack target=120 reason='engage target' status=success
2026-09-28 22:23:11.052  INFO   session     Entity shadow: vision=1 {'player': 1} memory=2 {'monster': 2} paired=0 median=0.000
2026-09-28 22:23:13.018  INFO   decision    mode=traveling behavior=loot action=pickup target=122 reason='engage item' status=success
2026-09-28 22:23:13.747  INFO   decision    mode=traveling behavior=loot action=idle target=- reason='pickup memory gone' status=success
2026-09-28 22:23:14.041  INFO   decision    mode=traveling behavior=loot action=pickup target=123 reason='engage item' status=success
2026-09-28 22:23:14.526  INFO   decision    mode=traveling behavior=loot action=idle target=- reason='pickup memory gone' status=success
2026-09-28 22:23:15.173  INFO   decision    mode=traveling behavior=loot action=searching target=125 reason='walk onto item' status=success
2026-09-28 22:23:16.285  INFO   session     Entity shadow: vision=1 {'monster': 1} memory=3 {'monster': 2, 'item': 1} paired=1 median=0.017
2026-09-28 22:23:17.064  INFO   decision    mode=traveling behavior=heal action=heal target=- reason='recover hp' status=success
2026-09-28 22:23:17.838  INFO   decision    mode=traveling behavior=loot action=searching target=125 reason='walk onto item' status=success
2026-09-28 22:23:19.700  INFO   decision    mode=traveling behavior=heal action=heal target=- reason='recover hp' status=success
2026-09-28 22:23:20.452  INFO   decision    mode=traveling behavior=loot action=searching target=125 reason='walk onto item' status=success
2026-09-28 22:23:21.552  INFO   session     Entity shadow: vision=3 {'monster': 3} memory=3 {'player': 1, 'monster': 2} paired=2 median=0.037
2026-09-28 22:23:21.737  INFO   decision    mode=traveling behavior=combat action=attack target=121 reason='engage target' status=success
2026-09-28 22:23:22.557  INFO   decision    mode=traveling behavior=traveling action=traveling target=- reason='enter farm area' status=success
2026-09-28 22:23:23.156  INFO   decision    mode=traveling behavior=combat action=attack target=128 reason='engage target' status=success
2026-09-28 22:23:26.828  INFO   session     Entity shadow: vision=2 {'npc': 1, 'player': 1} memory=3 {'monster': 2, 'player': 1} paired=0 median=0.000 unleveled=68:경비병
2026-09-28 22:23:32.154  INFO   session     Entity shadow: vision=5 {'item': 1, 'npc': 1, 'monster': 2, 'player': 1} memory=5 {'monster': 3, 'player': 1, 'item': 1} paired=2 median=0.009 unleveled=189:사슴,68:경비병
2026-09-28 22:23:32.945  INFO   decision    mode=traveling behavior=loot action=pickup target=134 reason='engage item' status=success
2026-09-28 22:23:33.605  INFO   decision    mode=traveling behavior=loot action=idle target=- reason='pickup memory gone' status=success
2026-09-28 22:23:35.662  INFO   decision    mode=traveling behavior=traveling action=traveling target=- reason='enter farm area' status=success
2026-09-28 22:23:36.235  INFO   decision    mode=traveling behavior=unstick action=teleport target=- reason='unstick confined' status=success
2026-09-28 22:23:38.065  INFO   session     Entity shadow: vision=6 {'player': 1, 'item': 1, 'monster': 4} memory=5 {'monster': 4, 'item': 1} paired=2 median=0.039 unleveled=189:사슴,208:토끼
2026-09-28 22:23:38.161  INFO   decision    mode=traveling behavior=loot action=searching target=141 reason='walk onto item' status=success
2026-09-28 22:23:39.694  INFO   decision    mode=traveling behavior=combat action=attack target=142 reason='engage target' status=success
2026-09-28 22:23:41.640  INFO   decision    mode=traveling behavior=combat action=attack target=144 reason='engage target' status=success
2026-09-28 22:23:42.755  INFO   session     Entity shadow: vision=1 {'player': 1} memory=4 {'monster': 4} paired=0 median=0.000 unleveled=208:토끼
2026-09-28 22:23:48.195  INFO   session     Entity shadow: vision=5 {'npc': 1, 'player': 1, 'monster': 3} memory=6 {'item': 1, 'monster': 5} paired=3 median=0.014 unleveled=208:토끼,68:경비병
2026-09-28 22:23:49.582  INFO   decision    mode=traveling behavior=combat action=attack target=145 reason='attack target' status=success
2026-09-28 22:23:54.051  INFO   session     Entity shadow: vision=6 {'item': 2, 'npc': 1, 'monster': 2, 'player': 1} memory=6 {'monster': 5, 'item': 1} paired=3 median=0.034 unleveled=208:토끼,68:경비병
2026-09-28 22:23:54.139  INFO   decision    mode=traveling behavior=loot action=pickup target=147 reason='engage item' status=success
2026-09-28 22:23:54.979  INFO   decision    mode=traveling behavior=combat action=attack target=148 reason='engage target' status=success
2026-09-28 22:23:57.558  INFO   decision    mode=traveling behavior=loot action=pickup target=151 reason='engage item' status=success
2026-09-28 22:23:58.170  INFO   decision    mode=traveling behavior=loot action=idle target=- reason='pickup memory gone' status=success
2026-09-28 22:23:58.804  INFO   decision    mode=traveling behavior=combat action=attack target=143 reason='engage target' status=success
2026-09-28 22:23:59.508  INFO   session     Entity shadow: vision=4 {'monster': 3, 'npc': 1} memory=3 {'player': 1, 'monster': 2} paired=2 median=0.027
2026-09-28 22:24:01.425  INFO   decision    mode=traveling behavior=heal action=heal target=- reason='recover hp' status=success
2026-09-28 22:24:02.301  INFO   decision    mode=traveling behavior=traveling action=traveling target=- reason='enter farm area' status=success
2026-09-28 22:24:03.663  INFO   decision    mode=traveling behavior=combat action=attack target=155 reason='engage target' status=success
2026-09-28 22:24:04.798  INFO   session     Entity shadow: vision=4 {'player': 1, 'npc': 2, 'monster': 1} memory=7 {'player': 1, 'monster': 6} paired=1 median=0.048 unleveled=189:사슴,68:경비병,10:경비병
2026-09-28 22:24:06.005  INFO   decision    mode=traveling behavior=loot action=searching target=166 reason='walk onto item' status=success
2026-09-28 22:24:06.447  INFO   decision    mode=traveling behavior=combat action=attack target=154 reason='engage target' status=success
2026-09-28 22:24:10.268  INFO   session     Entity shadow: vision=3 {'npc': 1, 'player': 2} memory=6 {'monster': 3, 'player': 1, 'item': 1, 'npc': 1} paired=0 median=0.000 unleveled=189:사슴,10:경비병
2026-09-28 22:24:13.521  INFO   decision    mode=traveling behavior=combat action=searching target=154 reason='sidestep combat block' status=success
2026-09-28 22:24:14.020  INFO   decision    mode=traveling behavior=combat action=attack target=154 reason='attack target' status=success
2026-09-28 22:24:14.971  INFO   decision    mode=traveling behavior=loot action=pickup target=168 reason='engage item' status=success
2026-09-28 22:24:15.574  INFO   session     Entity shadow: vision=5 {'item': 3, 'player': 1, 'npc': 1} memory=5 {'item': 2, 'player': 1, 'monster': 1, 'npc': 1} paired=3 median=0.038 unleveled=10:경비병
2026-09-28 22:24:15.634  INFO   decision    mode=traveling behavior=loot action=idle target=- reason='pickup memory gone' status=success
2026-09-28 22:24:16.378  INFO   decision    mode=traveling behavior=traveling action=traveling target=- reason='enter farm area' status=success
2026-09-28 22:24:16.934  INFO   decision    mode=traveling behavior=unstick action=teleport target=- reason='unstick confined' status=success
2026-09-28 22:24:18.480  INFO   decision    mode=traveling behavior=traveling action=traveling target=- reason='enter farm area' status=success
2026-09-28 22:24:19.299  INFO   decision    mode=traveling behavior=combat action=attack target=172 reason='engage target' status=success
2026-09-28 22:24:20.595  INFO   session     Entity shadow: vision=7 {'player': 1, 'monster': 6} memory=9 {'monster': 8, 'npc': 1} paired=6 median=0.060
2026-09-28 22:24:21.836  INFO   decision    mode=traveling behavior=combat action=attack target=173 reason='attack target' status=success
2026-09-28 22:24:24.479  INFO   decision    mode=traveling behavior=combat action=attack target=171 reason='engage target' status=success
2026-09-28 22:24:25.767  INFO   session     Entity shadow: vision=4 {'monster': 3, 'player': 1} memory=7 {'monster': 6, 'npc': 1} paired=3 median=0.016
2026-09-28 22:24:27.303  INFO   decision    mode=traveling behavior=combat action=attack target=175 reason='engage target' status=success
2026-09-28 22:24:31.049  INFO   session     Entity shadow: vision=5 {'monster': 4, 'player': 1} memory=6 {'npc': 1, 'monster': 5} paired=4 median=0.020
2026-09-28 22:24:33.699  INFO   decision    mode=traveling behavior=combat action=attack target=177 reason='attack target' status=success
2026-09-28 22:24:36.377  INFO   session     Entity shadow: vision=5 {'monster': 4, 'player': 1} memory=7 {'monster': 5, 'item': 1, 'npc': 1} paired=4 median=0.021 unleveled=189:사슴
2026-09-28 22:24:37.788  INFO   decision    mode=traveling behavior=loot action=pickup target=181 reason='engage item' status=success
2026-09-28 22:24:38.492  INFO   decision    mode=traveling behavior=loot action=idle target=- reason='pickup memory gone' status=success
2026-09-28 22:24:39.207  INFO   decision    mode=traveling behavior=combat action=attack target=179 reason='engage target' status=success
2026-09-28 22:24:41.733  INFO   session     Entity shadow: vision=2 {'player': 1, 'monster': 1} memory=4 {'npc': 1, 'monster': 3} paired=1 median=0.006 unleveled=189:사슴
2026-09-28 22:24:41.847  INFO   decision    mode=traveling behavior=combat action=attack target=174 reason='engage target' status=success
2026-09-28 22:24:46.217  INFO   decision    mode=traveling behavior=loot action=pickup target=183 reason='engage item' status=success
2026-09-28 22:24:46.740  INFO   decision    mode=traveling behavior=loot action=idle target=- reason='pickup memory gone' status=success
2026-09-28 22:24:47.119  INFO   session     Entity shadow: vision=3 {'monster': 2, 'player': 1} memory=2 {'monster': 2} paired=1 median=0.026
2026-09-28 22:24:47.258  INFO   decision    mode=traveling behavior=combat action=attack target=182 reason='engage target' status=success
2026-09-28 22:24:52.190  INFO   decision    mode=traveling behavior=loot action=searching target=185 reason='walk onto item' status=success
2026-09-28 22:24:52.568  INFO   session     Entity shadow: vision=2 {'player': 1, 'item': 1} memory=2 {'monster': 1, 'item': 1} paired=1 median=0.025
2026-09-28 22:24:53.898  INFO   decision    mode=traveling behavior=loot action=pickup target=185 reason='loot target' status=success
2026-09-28 22:24:54.644  INFO   decision    mode=traveling behavior=loot action=idle target=- reason='pickup memory gone' status=success
2026-09-28 22:24:56.583  INFO   decision    mode=traveling behavior=combat action=attack target=184 reason='engage target' status=success
2026-09-28 22:24:57.813  INFO   decision    mode=traveling behavior=loot action=searching target=191 reason='walk onto item' status=success
2026-09-28 22:24:58.451  INFO   session     Entity shadow: vision=5 {'player': 1, 'item': 4} memory=7 {'monster': 5, 'item': 2} paired=2 median=0.051
2026-09-28 22:24:59.312  INFO   decision    mode=traveling behavior=combat action=attack target=187 reason='engage target' status=success
2026-09-28 22:25:01.160  INFO   decision    mode=traveling behavior=combat action=attack target=186 reason='attack target' status=success
2026-09-28 22:25:02.560  INFO   decision    mode=traveling behavior=combat action=attack target=188 reason='engage target' status=success
2026-09-28 22:25:03.735  INFO   session     Entity shadow: vision=6 {'item': 4, 'monster': 1, 'player': 1} memory=6 {'monster': 3, 'item': 3} paired=4 median=0.008 unleveled=189:사슴
2026-09-28 22:25:05.856  INFO   decision    mode=traveling behavior=loot action=pickup target=195 reason='engage item' status=success
2026-09-28 22:25:06.510  INFO   decision    mode=traveling behavior=loot action=idle target=- reason='pickup memory gone' status=success
2026-09-28 22:25:07.011  INFO   decision    mode=traveling behavior=loot action=searching target=194 reason='walk onto item' status=success
2026-09-28 22:25:07.422  INFO   decision    mode=traveling behavior=combat action=attack target=189 reason='engage target' status=success
2026-09-28 22:25:09.060  INFO   session     Entity shadow: vision=5 {'item': 4, 'player': 1} memory=5 {'monster': 2, 'item': 3} paired=3 median=0.005 unleveled=189:사슴
2026-09-28 22:25:12.415  INFO   decision    mode=traveling behavior=loot action=pickup target=197 reason='engage item' status=success
2026-09-28 22:25:13.175  INFO   decision    mode=traveling behavior=loot action=idle target=- reason='pickup memory gone' status=success
2026-09-28 22:25:13.527  INFO   decision    mode=traveling behavior=loot action=pickup target=194 reason='engage item' status=success
2026-09-28 22:25:14.026  INFO   decision    mode=traveling behavior=loot action=idle target=- reason='pickup memory gone' status=success
2026-09-28 22:25:14.479  INFO   session     Entity shadow: vision=3 {'item': 3} memory=4 {'monster': 3, 'item': 1} paired=1 median=0.014 unleveled=189:사슴,12:슬라임
2026-09-28 22:25:14.559  INFO   decision    mode=traveling behavior=loot action=searching target=185 reason='walk onto item' status=success
2026-09-28 22:25:19.771  INFO   session     Entity shadow: vision=2 {'player': 1, 'item': 1} memory=4 {'player': 1, 'monster': 2, 'item': 1} paired=1 median=0.005 unleveled=189:사슴
2026-09-28 22:25:20.175  INFO   decision    mode=traveling behavior=loot action=pickup target=185 reason='loot target' status=success
2026-09-28 22:25:20.763  INFO   decision    mode=traveling behavior=loot action=idle target=- reason='pickup memory gone' status=success
2026-09-28 22:25:21.885  INFO   decision    mode=traveling behavior=traveling action=traveling target=- reason='enter farm area' status=success
2026-09-28 22:25:25.192  INFO   session     Entity shadow: vision=3 {'player': 2, 'monster': 1} memory=3 {'player': 1, 'monster': 2} paired=2 median=0.088 unleveled=189:사슴
2026-09-28 22:25:27.990  INFO   decision    mode=traveling behavior=combat action=attack target=202 reason='engage target' status=success
2026-09-28 22:25:30.566  INFO   session     Entity shadow: vision=4 {'player': 2, 'monster': 2} memory=3 {'monster': 2, 'player': 1} paired=3 median=0.029
2026-09-28 22:25:31.156  INFO   decision    mode=traveling behavior=traveling action=traveling target=- reason='enter farm area' status=success
2026-09-28 22:25:36.115  INFO   session     Entity shadow: vision=2 {'monster': 2} memory=3 {'player': 1, 'monster': 2} paired=1 median=0.018
2026-09-28 22:25:41.588  INFO   session     Entity shadow: vision=2 {'player': 1, 'monster': 1} memory=2 {'monster': 2} paired=1 median=0.026
2026-09-28 22:25:43.572  INFO   decision    mode=traveling behavior=loot action=searching target=207 reason='walk onto item' status=success
2026-09-28 22:25:45.803  INFO   decision    mode=traveling behavior=combat action=attack target=210 reason='engage target' status=success
2026-09-28 22:25:46.442  INFO   session     Entity shadow: vision=2 {'player': 1, 'monster': 1} memory=4 {'player': 1, 'monster': 3} paired=1 median=0.027 unleveled=189:사슴,206:토끼
2026-09-28 22:25:47.032  INFO   decision    mode=traveling behavior=traveling action=traveling target=- reason='enter farm area' status=success
2026-09-28 22:25:51.832  INFO   session     Entity shadow: vision=1 {'player': 1} memory=0 {} paired=0 median=0.000
2026-09-28 22:25:56.624  INFO   decision    mode=traveling behavior=loot action=searching target=212 reason='walk onto item' status=success
2026-09-28 22:25:57.231  INFO   session     Entity shadow: vision=2 {'player': 1, 'item': 1} memory=2 {'player': 1, 'item': 1} paired=1 median=0.001
2026-09-28 22:26:00.535  INFO   decision    mode=traveling behavior=traveling action=traveling target=- reason='enter farm area' status=success
2026-09-28 22:26:01.931  INFO   decision    mode=traveling behavior=combat action=attack target=217 reason='engage target' status=success
2026-09-28 22:26:02.644  INFO   session     Entity shadow: vision=6 {'player': 3, 'monster': 2, 'item': 1} memory=5 {'player': 2, 'item': 1, 'monster': 2} paired=3 median=0.056 unleveled=12:슬라임
2026-09-28 22:26:04.522  INFO   decision    mode=traveling behavior=loot action=searching target=221 reason='walk onto item' status=success
2026-09-28 22:26:07.826  INFO   session     Entity shadow: vision=6 {'monster': 2, 'item': 3, 'player': 1} memory=7 {'monster': 1, 'player': 3, 'item': 3} paired=3 median=0.029 unleveled=12:슬라임
2026-09-28 22:26:08.632  INFO   decision    mode=traveling behavior=loot action=searching target=215 reason='walk onto item' status=success
2026-09-28 22:26:13.122  INFO   session     Entity shadow: vision=5 {'player': 1, 'item': 2, 'monster': 2} memory=8 {'monster': 3, 'player': 3, 'item': 2} paired=4 median=0.029 unleveled=12:슬라임,210:토끼
2026-09-28 22:26:14.361  INFO   decision    mode=traveling behavior=loot action=searching target=224 reason='walk onto item' status=success
2026-09-28 22:26:14.920  INFO   decision    mode=traveling behavior=combat action=attack target=214 reason='engage target' status=success
2026-09-28 22:26:15.719  INFO   decision    mode=traveling behavior=loot action=searching target=224 reason='walk onto item' status=success
2026-09-28 22:26:16.727  INFO   decision    mode=traveling behavior=traveling action=traveling target=- reason='enter farm area' status=success
2026-09-28 22:26:18.481  INFO   session     Entity shadow: vision=2 {'player': 2} memory=8 {'player': 4, 'monster': 4} paired=2 median=0.076 unleveled=12:슬라임,210:토끼,207:토끼
2026-09-28 22:26:21.401  INFO   decision    mode=traveling behavior=loot action=searching target=230 reason='walk onto item' status=success
2026-09-28 22:26:23.331  INFO   session     Entity shadow: vision=4 {'monster': 2, 'player': 1, 'item': 1} memory=8 {'player': 3, 'monster': 4, 'item': 1} paired=3 median=0.034 unleveled=12:슬라임,210:토끼,207:토끼
2026-09-28 22:26:23.908  INFO   decision    mode=traveling behavior=combat action=attack target=232 reason='engage target' status=success
2026-09-28 22:26:26.531  INFO   decision    mode=traveling behavior=loot action=searching target=233 reason='walk onto item' status=success
2026-09-28 22:26:26.895  INFO   decision    mode=traveling behavior=combat action=attack target=214 reason='engage target' status=success
2026-09-28 22:26:27.644  INFO   decision    mode=traveling behavior=loot action=searching target=233 reason='walk onto item' status=success
2026-09-28 22:26:28.589  INFO   session     Entity shadow: vision=5 {'player': 4, 'monster': 1} memory=9 {'player': 5, 'monster': 4} paired=3 median=0.015 unleveled=207:토끼,210:토끼,12:슬라임
2026-09-28 22:26:28.668  INFO   decision    mode=traveling behavior=traveling action=traveling target=- reason='enter farm area' status=success
2026-09-28 22:26:33.983  INFO   session     Entity shadow: vision=1 {'player': 1} memory=4 {'player': 3, 'monster': 1} paired=0 median=0.000 unleveled=12:슬라임
2026-09-28 22:26:34.015  INFO   session     일시정지 — 단축키
2026-09-28 22:27:12.133  INFO   session     일시정지 / 재개 → 실행 중
2026-09-28 22:27:12.677  INFO   session     Entity shadow: vision=2 {'player': 1, 'item': 1} memory=3 {'monster': 2, 'item': 1} paired=1 median=0.021 unleveled=12:슬라임
2026-09-28 22:27:12.850  INFO   decision    mode=traveling behavior=loot action=searching target=240 reason='walk onto item' status=success
2026-09-28 22:27:13.556  INFO   decision    mode=traveling behavior=combat action=attack target=238 reason='engage target' status=success
2026-09-28 22:27:14.237  INFO   decision    mode=traveling behavior=buff action=buff target=- reason='power_up' status=success
2026-09-28 22:27:14.903  INFO   decision    mode=traveling behavior=combat action=attack target=238 reason='attack target' status=success
2026-09-28 22:27:18.057  INFO   session     Entity shadow: vision=4 {'item': 2, 'player': 1, 'monster': 1} memory=4 {'monster': 3, 'item': 1} paired=2 median=0.009 unleveled=12:슬라임
2026-09-28 22:27:19.306  INFO   decision    mode=traveling behavior=loot action=pickup target=242 reason='engage item' status=success
2026-09-28 22:27:19.915  INFO   decision    mode=traveling behavior=loot action=idle target=- reason='pickup memory gone' status=success
2026-09-28 22:27:20.280  INFO   decision    mode=traveling behavior=loot action=searching target=240 reason='walk onto item' status=success
2026-09-28 22:27:23.400  INFO   session     Entity shadow: vision=5 {'player': 1, 'item': 2, 'monster': 2} memory=5 {'monster': 3, 'player': 1, 'item': 1} paired=3 median=0.031 unleveled=12:슬라임
2026-09-28 22:27:27.024  INFO   decision    mode=traveling behavior=combat action=attack target=244 reason='engage target' status=success
2026-09-28 22:27:28.286  INFO   decision    mode=traveling behavior=combat action=attack target=241 reason='attack target' status=success
2026-09-28 22:27:28.855  INFO   session     Entity shadow: vision=5 {'player': 3, 'item': 2} memory=3 {'player': 1, 'monster': 1, 'item': 1} paired=2 median=0.048
2026-09-28 22:27:33.216  INFO   decision    mode=traveling behavior=loot action=searching target=246 reason='walk onto item' status=success
2026-09-28 22:27:34.096  INFO   session     Entity shadow: vision=4 {'player': 2, 'item': 2} memory=3 {'player': 1, 'item': 2} paired=2 median=0.033
2026-09-28 22:27:36.913  INFO   decision    mode=traveling behavior=loot action=pickup target=246 reason='loot target' status=success
2026-09-28 22:27:37.595  INFO   decision    mode=traveling behavior=traveling action=traveling target=- reason='nearby players' status=success
2026-09-28 22:27:39.446  INFO   session     Entity shadow: vision=1 {'player': 1} memory=2 {'player': 1, 'monster': 1} paired=0 median=0.000 unleveled=189:사슴
2026-09-28 22:27:44.788  INFO   session     Entity shadow: vision=1 {'player': 1} memory=1 {'monster': 1} paired=0 median=0.000 unleveled=12:슬라임
2026-09-28 22:27:50.150  INFO   session     Entity shadow: vision=2 {'player': 1, 'monster': 1} memory=2 {'monster': 1, 'player': 1} paired=0 median=0.000 unleveled=12:슬라임
2026-09-28 22:27:50.380  INFO   decision    mode=traveling behavior=combat action=attack target=250 reason='engage target' status=success
2026-09-28 22:27:51.584  INFO   decision    mode=traveling behavior=traveling action=traveling target=- reason='nearby players' status=success
2026-09-28 22:27:53.618  INFO   decision    mode=traveling behavior=combat action=attack target=251 reason='engage target' status=success
2026-09-28 22:27:54.343  INFO   decision    mode=traveling behavior=loot action=searching target=252 reason='walk onto item' status=success
2026-09-28 22:27:55.450  INFO   session     Entity shadow: vision=6 {'player': 2, 'item': 2, 'monster': 2} memory=3 {'player': 1, 'monster': 1, 'item': 1} paired=2 median=0.016 unleveled=12:슬라임
2026-09-28 22:27:57.628  INFO   decision    mode=traveling behavior=traveling action=traveling target=- reason='nearby players' status=success
2026-09-28 22:28:00.885  INFO   session     Entity shadow: vision=4 {'player': 3, 'monster': 1} memory=5 {'player': 3, 'monster': 2} paired=2 median=0.026 unleveled=12:슬라임
2026-09-28 22:28:00.967  INFO   decision    mode=traveling behavior=combat action=attack target=257 reason='engage target' status=success
2026-09-28 22:28:04.371  INFO   decision    mode=traveling behavior=loot action=searching target=255 reason='walk onto item' status=success
2026-09-28 22:28:05.420  INFO   decision    mode=traveling behavior=traveling action=traveling target=- reason='enter farm, walk around' status=success
2026-09-28 22:28:05.841  INFO   session     Entity shadow: vision=5 {'player': 4, 'monster': 1} memory=3 {'player': 3} paired=3 median=0.038
2026-09-28 22:28:11.017  INFO   session     Entity shadow: vision=4 {'player': 3, 'monster': 1} memory=3 {'player': 3} paired=2 median=0.059
2026-09-28 22:28:16.348  INFO   session     Entity shadow: vision=3 {'player': 2, 'monster': 1} memory=2 {'player': 2} paired=1 median=0.018
2026-09-28 22:28:17.123  INFO   decision    mode=traveling behavior=combat action=attack target=259 reason='engage target' status=success
2026-09-28 22:28:21.690  INFO   session     Entity shadow: vision=6 {'player': 2, 'monster': 3, 'item': 1} memory=5 {'player': 2, 'item': 1, 'monster': 2} paired=4 median=0.031
2026-09-28 22:28:22.301  INFO   decision    mode=traveling behavior=loot action=searching target=262 reason='walk onto item' status=success
2026-09-28 22:28:23.651  INFO   decision    mode=traveling behavior=combat action=attack target=263 reason='engage target' status=success
2026-09-28 22:28:26.925  INFO   session     Entity shadow: vision=3 {'player': 1, 'monster': 2} memory=3 {'player': 1, 'monster': 2} paired=2 median=0.071
2026-09-28 22:28:27.659  INFO   decision    mode=traveling behavior=combat action=attack target=264 reason='attack target' status=success
2026-09-28 22:28:32.321  INFO   session     Entity shadow: vision=4 {'monster': 3, 'player': 1} memory=3 {'monster': 3} paired=1 median=0.045
2026-09-28 22:28:32.769  INFO   decision    mode=traveling behavior=combat action=attack target=265 reason='attack target' status=success
2026-09-28 22:28:36.711  INFO   decision    mode=traveling behavior=combat action=attack target=267 reason='engage target' status=success
2026-09-28 22:28:37.779  INFO   session     Entity shadow: vision=5 {'monster': 5} memory=3 {'monster': 3} paired=3 median=0.026
2026-09-28 22:28:40.940  INFO   decision    mode=traveling behavior=combat action=attack target=266 reason='attack target' status=success
2026-09-28 22:28:43.023  INFO   session     Entity shadow: vision=4 {'item': 1, 'monster': 3} memory=4 {'monster': 3, 'item': 1} paired=4 median=0.045
2026-09-28 22:28:45.048  INFO   decision    mode=traveling behavior=combat action=attack target=269 reason='engage target' status=success
2026-09-28 22:28:48.375  INFO   session     Entity shadow: vision=2 {'item': 2} memory=4 {'item': 2, 'monster': 2} paired=2 median=0.013
2026-09-28 22:28:50.020  INFO   decision    mode=traveling behavior=unstick action=teleport target=- reason='unstick confined' status=success
2026-09-28 22:28:51.287  INFO   decision    mode=traveling behavior=combat action=attack target=276 reason='engage target' status=success
2026-09-28 22:28:53.616  INFO   session     Entity shadow: vision=4 {'item': 2, 'player': 1, 'monster': 1} memory=5 {'monster': 1, 'item': 4} paired=3 median=0.005
2026-09-28 22:28:54.332  INFO   decision    mode=traveling behavior=loot action=searching target=275 reason='walk onto item' status=success
2026-09-28 22:28:57.057  INFO   decision    mode=traveling behavior=loot action=pickup target=275 reason='loot target' status=success
2026-09-28 22:28:57.744  INFO   decision    mode=traveling behavior=loot action=idle target=- reason='pickup memory gone' status=success
2026-09-28 22:28:58.474  INFO   session     Entity shadow: vision=3 {'item': 2, 'player': 1} memory=4 {'item': 4} paired=2 median=0.008
2026-09-28 22:28:58.979  INFO   decision    mode=traveling behavior=loot action=searching target=277 reason='walk onto item' status=success
2026-09-28 22:29:01.982  INFO   decision    mode=traveling behavior=loot action=pickup target=277 reason='loot target' status=success
2026-09-28 22:29:02.419  INFO   decision    mode=traveling behavior=loot action=idle target=- reason='pickup memory gone' status=success
2026-09-28 22:29:02.767  INFO   decision    mode=traveling behavior=loot action=searching target=274 reason='walk onto item' status=success
2026-09-28 22:29:03.542  INFO   session     Entity shadow: vision=2 {'player': 1, 'item': 1} memory=2 {'item': 2} paired=1 median=0.028
2026-09-28 22:29:04.967  INFO   decision    mode=traveling behavior=loot action=pickup target=274 reason='loot target' status=success
2026-09-28 22:29:05.603  INFO   decision    mode=traveling behavior=loot action=idle target=- reason='pickup memory gone' status=success
2026-09-28 22:29:06.268  INFO   decision    mode=traveling behavior=loot action=pickup target=273 reason='engage item' status=success
2026-09-28 22:29:06.916  INFO   decision    mode=traveling behavior=loot action=idle target=- reason='pickup memory gone' status=success
2026-09-28 22:29:08.837  INFO   session     Entity shadow: vision=2 {'item': 2} memory=1 {'item': 1} paired=1 median=0.002
2026-09-28 22:29:08.905  INFO   decision    mode=traveling behavior=traveling action=traveling target=- reason='nearby players' status=success
2026-09-28 22:29:09.719  INFO   decision    mode=traveling behavior=loot action=pickup target=273 reason='engage item' status=success
2026-09-28 22:29:10.315  INFO   decision    mode=traveling behavior=loot action=idle target=- reason='pickup memory gone' status=success
2026-09-28 22:29:12.157  INFO   decision    mode=traveling behavior=traveling action=traveling target=- reason='nearby players' status=success
2026-09-28 22:29:14.213  INFO   session     Entity shadow: vision=3 {'player': 2, 'monster': 1} memory=2 {'monster': 1, 'player': 1} paired=2 median=0.027
2026-09-28 22:29:19.518  INFO   session     Entity shadow: vision=2 {'player': 1, 'monster': 1} memory=2 {'monster': 2} paired=1 median=0.063 unleveled=206:토끼
2026-09-28 22:29:24.311  INFO   session     Entity shadow: vision=3 {'monster': 2, 'player': 1} memory=3 {'monster': 2, 'player': 1} paired=2 median=0.040 unleveled=206:토끼
2026-09-28 22:29:29.431  INFO   session     Entity shadow: vision=2 {'player': 2} memory=2 {'monster': 1, 'player': 1} paired=1 median=0.028
2026-09-28 22:29:30.169  INFO   decision    mode=traveling behavior=traveling action=traveling target=- reason='nearby players' status=success (repeat)
2026-09-28 22:29:34.680  INFO   session     Entity shadow: vision=2 {'player': 2} memory=2 {'player': 1, 'monster': 1} paired=1 median=0.016
2026-09-28 22:29:39.998  INFO   session     Entity shadow: vision=2 {'player': 1, 'monster': 1} memory=2 {'monster': 2} paired=1 median=0.020 unleveled=206:토끼
2026-09-28 22:29:40.985  INFO   decision    mode=traveling behavior=combat action=attack target=286 reason='engage target' status=success
2026-09-28 22:29:45.101  INFO   session     Entity shadow: vision=4 {'player': 2, 'monster': 1, 'item': 1} memory=5 {'monster': 3, 'item': 1, 'player': 1} paired=3 median=0.035 unleveled=206:토끼
2026-09-28 22:29:46.472  INFO   decision    mode=traveling behavior=loot action=searching target=288 reason='walk onto item' status=success
2026-09-28 22:29:48.573  INFO   decision    mode=traveling behavior=loot action=pickup target=288 reason='loot target' status=success
2026-09-28 22:29:49.352  INFO   decision    mode=traveling behavior=loot action=searching target=289 reason='walk onto item' status=success
2026-09-28 22:29:50.481  INFO   session     Entity shadow: vision=5 {'item': 1, 'monster': 3, 'player': 1} memory=4 {'monster': 2, 'player': 1, 'item': 1} paired=3 median=0.016 unleveled=206:토끼
2026-09-28 22:29:55.734  INFO   session     Entity shadow: vision=4 {'player': 1, 'monster': 1, 'item': 2} memory=4 {'player': 1, 'monster': 2, 'item': 1} paired=3 median=0.043 unleveled=206:토끼
2026-09-28 22:29:56.032  INFO   decision    mode=traveling behavior=traveling action=traveling target=- reason='enter farm, walk around' status=success
2026-09-28 22:29:58.547  INFO   decision    mode=traveling behavior=loot action=searching target=292 reason='walk onto item' status=success
2026-09-28 22:30:01.029  INFO   session     Entity shadow: vision=7 {'player': 2, 'monster': 1, 'item': 4} memory=4 {'monster': 1, 'player': 1, 'item': 2} paired=4 median=0.028
2026-09-28 22:30:06.340  INFO   session     Entity shadow: vision=6 {'player': 3, 'item': 2, 'monster': 1} memory=4 {'monster': 2, 'player': 1, 'item': 1} paired=3 median=0.015
2026-09-28 22:30:06.407  INFO   decision    mode=traveling behavior=loot action=pickup target=292 reason='loot target' status=success
2026-09-28 22:30:07.127  INFO   decision    mode=traveling behavior=loot action=idle target=- reason='pickup memory gone' status=success
2026-09-28 22:30:08.700  INFO   decision    mode=traveling behavior=combat action=attack target=293 reason='engage target' status=success
2026-09-28 22:30:11.098  INFO   decision    mode=traveling behavior=loot action=pickup target=292 reason='engage item' status=success
2026-09-28 22:30:11.749  INFO   session     Entity shadow: vision=5 {'item': 2, 'player': 2, 'monster': 1} memory=3 {'monster': 1, 'player': 1, 'item': 1} paired=3 median=0.014
2026-09-28 22:30:11.803  INFO   decision    mode=traveling behavior=loot action=idle target=- reason='pickup memory gone' status=success
2026-09-28 22:30:12.514  INFO   decision    mode=traveling behavior=traveling action=traveling target=- reason='nearby players' status=success
2026-09-28 22:30:17.181  INFO   session     Entity shadow: vision=3 {'player': 2, 'monster': 1} memory=2 {'monster': 1, 'player': 1} paired=2 median=0.037
2026-09-28 22:30:20.459  INFO   decision    mode=traveling behavior=combat action=attack target=294 reason='engage target' status=success
2026-09-28 22:30:22.295  INFO   session     일시정지 — 단축키
2026-09-28 22:30:22.376  INFO   session     Entity shadow: vision=3 {'player': 1, 'monster': 2} memory=2 {'monster': 2} paired=2 median=0.035
2026-09-28 22:31:03.024  INFO   session     재개 → 실행 중
2026-09-28 22:31:03.660  INFO   session     Entity shadow: vision=6 {'player': 1, 'item': 5} memory=4 {'item': 4} paired=4 median=0.004
2026-09-28 22:31:03.808  INFO   decision    mode=traveling behavior=loot action=pickup target=296 reason='engage item' status=success
2026-09-28 22:31:04.477  INFO   decision    mode=traveling behavior=loot action=pickup target=297 reason='engage item' status=success
2026-09-28 22:31:05.180  INFO   decision    mode=traveling behavior=loot action=idle target=- reason='pickup memory gone' status=success
2026-09-28 22:31:05.800  INFO   decision    mode=traveling behavior=loot action=searching target=299 reason='walk onto item' status=success
2026-09-28 22:31:07.629  INFO   decision    mode=traveling behavior=loot action=pickup target=299 reason='loot target' status=success
2026-09-28 22:31:08.263  INFO   decision    mode=traveling behavior=loot action=pickup target=298 reason='engage item' status=success
2026-09-28 22:31:08.869  INFO   session     Entity shadow: vision=2 {'item': 1, 'player': 1} memory=2 {'player': 1, 'item': 1} paired=1 median=0.004
2026-09-28 22:31:08.930  INFO   decision    mode=traveling behavior=loot action=idle target=- reason='pickup memory gone' status=success
2026-09-28 22:31:09.612  INFO   decision    mode=traveling behavior=traveling action=traveling target=- reason='nearby players' status=success
2026-09-28 22:31:12.886  INFO   session     일시정지 — 단축키
2026-09-28 22:32:23.247  INFO   session     재개 → 실행 중
2026-09-28 22:32:23.844  INFO   session     Entity shadow: vision=3 {'player': 1, 'monster': 2} memory=2 {'monster': 2} paired=2 median=0.037
2026-09-28 22:32:24.013  INFO   decision    mode=traveling behavior=combat action=attack target=302 reason='engage target' status=success
2026-09-28 22:32:28.223  INFO   decision    mode=traveling behavior=traveling action=traveling target=- reason='nearby players' status=success
2026-09-28 22:32:28.774  INFO   session     Entity shadow: vision=4 {'player': 2, 'monster': 2} memory=1 {'monster': 1} paired=1 median=0.045
2026-09-28 22:32:32.086  INFO   decision    mode=traveling behavior=combat action=attack target=303 reason='engage target' status=success
2026-09-28 22:32:34.108  INFO   session     Entity shadow: vision=4 {'player': 1, 'monster': 3} memory=3 {'monster': 3} paired=3 median=0.017
2026-09-28 22:32:36.867  INFO   decision    mode=traveling behavior=loot action=searching target=307 reason='walk onto item' status=success
2026-09-28 22:32:38.776  INFO   decision    mode=traveling behavior=combat action=attack target=309 reason='engage target' status=success
2026-09-28 22:32:39.697  INFO   session     Entity shadow: vision=10 {'item': 4, 'monster': 5, 'player': 1} memory=8 {'monster': 5, 'item': 3} paired=8 median=0.043
2026-09-28 22:32:43.670  INFO   decision    mode=traveling behavior=combat action=attack target=314 reason='attack target' status=success
2026-09-28 22:32:44.950  INFO   session     Entity shadow: vision=10 {'monster': 6, 'item': 3, 'player': 1} memory=10 {'monster': 6, 'item': 4} paired=8 median=0.013
2026-09-28 22:32:45.784  INFO   decision    mode=traveling behavior=survival_potion action=use_hp_potion target=- reason='critical hp, cannot heal' status=success
2026-09-28 22:32:47.629  INFO   decision    mode=traveling behavior=combat action=attack target=314 reason='attack target' status=success
2026-09-28 22:32:49.880  INFO   decision    mode=traveling behavior=unstick action=teleport target=- reason='unstick confined' status=success
2026-09-28 22:32:52.422  INFO   session     Entity shadow: vision=31 {'monster': 5, 'player': 25, 'npc': 1} memory=140 {'npc': 3, 'player': 136, 'monster': 1} paired=26 median=0.099 unleveled=210:토끼
2026-09-28 22:32:52.526  INFO   decision    mode=traveling behavior=talking_scroll action=use_talking_scroll target=- reason='return to selected hunt map' status=success
2026-09-28 22:32:55.373  INFO   decision    mode=traveling behavior=talking_scroll action=idle target=- reason='waiting talking scroll (hunt map)' status=success
2026-09-28 22:32:56.690  INFO   decision    mode=traveling behavior=traveling action=traveling target=- reason='nearby players' status=success
2026-09-28 22:32:57.436  INFO   session     Entity shadow: vision=35 {'npc': 2, 'player': 32, 'monster': 1} memory=52 {'npc': 7, 'player': 43, 'monster': 2} paired=33 median=0.023 unleveled=319:?,68:경비병
2026-09-28 22:33:02.735  INFO   session     Entity shadow: vision=37 {'player': 36, 'monster': 1} memory=78 {'player': 73, 'npc': 3, 'monster': 2} paired=35 median=0.032 unleveled=319:?,68:경비병
2026-09-28 22:33:07.090  INFO   session     일시정지 — 단축키
2026-09-28 22:33:07.761  INFO   session     Entity shadow: vision=24 {'player': 20, 'npc': 2, 'monster': 2} memory=58 {'player': 54, 'npc': 4} paired=19 median=0.068
2026-09-28 22:37:09.885  INFO   session     정지 → 중지됨
