2026-09-27 15:30:45.026  INFO   session     Loading Manmabot from D:\ManmabotV1_final\engine
2026-09-27 15:30:45.033  INFO   session     Session log D:\ManmabotV1_final\engine\logs\bot-20260927-153045.log
2026-09-27 15:30:45.034  INFO   session     character=elf loot=all_items game_lang=ko map=talking_island farms=['area_1', 'area_2', 'area_3', 'area_4'] file=D:\ManmabotV1_final\engine\logs\bot-20260927-153045.log
2026-09-27 15:30:45.386  INFO   nav         building portal graph (cluster=32, 479x511)
2026-09-27 15:30:45.712  INFO   nav         portal graph: 188 components, 326 ms
2026-09-27 15:30:45.720  INFO   nav         farms=4 safe=11 home=(354, 203) (files farm=D:\ManmabotV1_final\engine\maps\talking_island\farms.yaml safe=D:\ManmabotV1_final\engine\maps\talking_island\safe.yaml home=D:\ManmabotV1_final\engine\maps\talking_island\home.yaml)
2026-09-27 15:30:45.985  INFO   capture     mss window capture process='LC.exe' title=None content_aspect=4:3
2026-09-27 15:30:46.562  INFO   session     Entity clicks use memory names, species, and world cells. Image recognition still runs. Set memory.entity_source to vision to restore image-only clicks.
2026-09-27 15:30:46.580  INFO   session     Player memory is read in this process (realtime_monitor.dll, offsets.json). No separate console.
2026-09-27 15:30:46.598  INFO   session     인벤토리를 백그라운드에서 스캔 중 (inventory_listen.dll 또는 inv.json을 두세요).
2026-09-27 15:30:46.633  INFO   session     메모리에서 핫바 24칸을 읽는 중…
2026-09-27 15:30:46.701  INFO   session     핫바 스캔 완료 · 파워 업@box1/f5, 아머 업@box1/f6, 라이트@box1/f7, 힐@box1/f8, HP 물약@box1/f9, 텔레포트@box1/f10, 마법 공격@box1/f11, 말하는 두루마리@box1/f5, 마더 트리@box2/f6, HP를 MP로@box2/f7
2026-09-27 15:30:46.738  INFO   session     루프 준비 · 요정 · 한국어 · 맵=말하는 섬 · 룻=전부 줍기 · 구역=구역 1, 구역 2, 구역 3, 구역 4
2026-09-27 15:30:48.157  INFO   session     Entity shadow: vision=21 {'player': 16, 'monster': 2, 'npc': 3} memory=55 {'npc': 8, 'monster': 2, 'player': 45} paired=16 median=0.033 unleveled=206:兔子,208:兔子
2026-09-27 15:30:48.221  INFO   session     인벤토리 수신 준비 (dll) · hp=0 화살=895 은화살=0 해독=0
2026-09-27 15:30:48.242  INFO   decision    mode=farming behavior=buff action=buff target=- reason='armor_up' status=success
2026-09-27 15:30:49.320  INFO   decision    mode=traveling behavior=traveling action=traveling target=- reason='enter farm area' status=success
2026-09-27 15:30:53.247  INFO   session     Entity shadow: vision=26 {'player': 17, 'npc': 6, 'monster': 3} memory=57 {'monster': 3, 'npc': 9, 'player': 45} paired=21 median=0.032 unleveled=10:警衛,206:兔子,208:兔子
2026-09-27 15:30:58.257  INFO   session     Entity shadow: vision=24 {'monster': 4, 'player': 16, 'npc': 4} memory=59 {'player': 47, 'monster': 3, 'npc': 9} paired=16 median=0.024 unleveled=208:兔子,206:兔子,10:警衛
2026-09-27 15:30:58.294  INFO   decision    mode=traveling behavior=buff action=buff target=- reason='light' status=success
2026-09-27 15:30:59.114  INFO   decision    mode=traveling behavior=traveling action=traveling target=- reason='enter farm area' status=success
2026-09-27 15:31:02.844  INFO   session     일시정지 — 단축키
2026-09-27 15:31:05.372  INFO   session     일시정지 / 재개 → 실행 중
2026-09-27 15:31:06.590  INFO   session     Entity shadow: vision=30 {'player': 22, 'npc': 5, 'monster': 3} memory=67 {'player': 59, 'npc': 7, 'monster': 1} paired=21 median=0.045 unleveled=206:兔子
2026-09-27 15:31:07.400  INFO   session     일시정지 — 단축키
2026-09-27 15:31:09.193  INFO   session     일시정지 / 재개 → 실행 중
2026-09-27 15:31:11.744  INFO   session     Entity shadow: vision=12 {'player': 7, 'monster': 3, 'npc': 2} memory=14 {'player': 8, 'npc': 4, 'monster': 2} paired=7 median=0.042 unleveled=206:兔子
2026-09-27 15:31:16.507  INFO   session     일시정지 — 단축키
2026-09-27 15:31:16.751  INFO   session     Entity shadow: vision=5 {'player': 3, 'npc': 1, 'monster': 1} memory=7 {'player': 4, 'npc': 3} paired=3 median=0.036
2026-09-27 15:31:18.453  INFO   session     재개 → 실행 중
2026-09-27 15:31:22.099  INFO   session     Entity shadow: vision=4 {'player': 2, 'monster': 1, 'npc': 1} memory=4 {'monster': 1, 'player': 3} paired=2 median=0.019
2026-09-27 15:31:27.109  INFO   session     Entity shadow: vision=7 {'player': 3, 'monster': 1, 'npc': 3} memory=8 {'player': 3, 'monster': 3, 'npc': 2} paired=4 median=0.073 unleveled=10:警衛,68:警衛
2026-09-27 15:31:30.212  INFO   decision    mode=traveling behavior=traveling action=traveling target=- reason='enter farm area' status=success (repeat)
2026-09-27 15:31:32.466  INFO   session     Entity shadow: vision=8 {'player': 4, 'npc': 3, 'monster': 1} memory=8 {'player': 3, 'monster': 3, 'npc': 2} paired=4 median=0.017 unleveled=10:警衛,14:青蛙,68:警衛
2026-09-27 15:31:37.798  INFO   session     Entity shadow: vision=7 {'npc': 2, 'player': 4, 'monster': 1} memory=7 {'monster': 3, 'player': 2, 'npc': 2} paired=2 median=0.025 unleveled=14:青蛙,10:警衛,68:警衛
2026-09-27 15:31:43.007  INFO   session     Entity shadow: vision=5 {'player': 2, 'npc': 2, 'monster': 1} memory=4 {'player': 1, 'monster': 3} paired=1 median=0.015 unleveled=10:警衛,14:青蛙,68:警衛
2026-09-27 15:31:47.254  INFO   decision    mode=traveling behavior=traveling action=traveling target=- reason='enter farm area' status=success (repeat)
2026-09-27 15:31:48.155  INFO   session     Entity shadow: vision=1 {'player': 1} memory=1 {'monster': 1} paired=0 median=0.000 unleveled=14:青蛙
2026-09-27 15:31:49.887  INFO   decision    mode=traveling behavior=combat action=attack target=129 reason='engage target' status=success
2026-09-27 15:31:51.222  INFO   decision    mode=traveling behavior=loot action=searching target=130 reason='walk onto item' status=success
2026-09-27 15:31:53.184  INFO   session     Entity shadow: vision=4 {'monster': 3, 'npc': 1} memory=6 {'monster': 5, 'item': 1} paired=1 median=0.041 unleveled=10:警衛,189:鹿,14:青蛙,206:兔子
2026-09-27 15:31:55.105  INFO   decision    mode=traveling behavior=combat action=attack target=133 reason='engage target' status=success
2026-09-27 15:31:58.406  INFO   session     Entity shadow: vision=4 {'item': 1, 'npc': 1, 'monster': 1, 'player': 1} memory=6 {'monster': 5, 'item': 1} paired=2 median=0.015 unleveled=14:青蛙,206:兔子,189:鹿,10:警衛
2026-09-27 15:32:00.608  INFO   decision    mode=traveling behavior=loot action=searching target=130 reason='walk onto item' status=success
2026-09-27 15:32:03.398  INFO   decision    mode=traveling behavior=loot action=pickup target=130 reason='loot target' status=success
2026-09-27 15:32:03.939  INFO   session     Entity shadow: vision=3 {'player': 1, 'npc': 1, 'item': 1} memory=4 {'monster': 3, 'item': 1} paired=1 median=0.011 unleveled=206:兔子,10:警衛,14:青蛙
2026-09-27 15:32:03.978  INFO   decision    mode=traveling behavior=loot action=idle target=- reason='pickup settle' status=success
2026-09-27 15:32:04.289  INFO   decision    mode=traveling behavior=traveling action=traveling target=- reason='enter farm area' status=success
2026-09-27 15:32:09.052  INFO   session     Entity shadow: vision=2 {'npc': 1, 'player': 1} memory=2 {'monster': 2} paired=0 median=0.000 unleveled=10:警衛,206:兔子
2026-09-27 15:32:14.313  INFO   session     Entity shadow: vision=1 {'player': 1} memory=1 {'monster': 1} paired=0 median=0.000 unleveled=206:兔子
2026-09-27 15:32:17.870  INFO   decision    mode=traveling behavior=combat action=attack target=137 reason='engage target' status=success
2026-09-27 15:32:19.439  INFO   session     Entity shadow: vision=1 {'player': 1} memory=2 {'monster': 2} paired=0 median=0.000 unleveled=206:兔子
2026-09-27 15:32:21.438  INFO   decision    mode=traveling behavior=loot action=searching target=138 reason='walk onto item' status=success
2026-09-27 15:32:24.783  INFO   session     Entity shadow: vision=3 {'player': 1, 'monster': 2} memory=5 {'monster': 4, 'item': 1} paired=1 median=0.025 unleveled=207:兔子,206:兔子
2026-09-27 15:32:27.892  INFO   decision    mode=traveling behavior=loot action=pickup target=138 reason='loot target' status=success
2026-09-27 15:32:28.409  INFO   decision    mode=traveling behavior=loot action=idle target=- reason='pickup settle' status=success
2026-09-27 15:32:28.688  INFO   decision    mode=traveling behavior=combat action=attack target=141 reason='engage target' status=success
2026-09-27 15:32:29.912  INFO   session     Entity shadow: vision=2 {'monster': 1, 'item': 1} memory=4 {'monster': 4} paired=1 median=0.097 unleveled=206:兔子,68:警衛,207:兔子
2026-09-27 15:32:33.902  INFO   decision    mode=traveling behavior=loot action=searching target=143 reason='walk onto item' status=success
2026-09-27 15:32:35.057  INFO   session     Entity shadow: vision=2 {'player': 1, 'monster': 1} memory=5 {'monster': 4, 'item': 1} paired=1 median=0.048 unleveled=206:兔子,207:兔子,68:警衛
2026-09-27 15:32:35.083  INFO   decision    mode=traveling behavior=combat action=attack target=140 reason='engage target' status=success
2026-09-27 15:32:36.415  INFO   decision    mode=traveling behavior=loot action=searching target=143 reason='walk onto item' status=success
2026-09-27 15:32:36.855  INFO   decision    mode=traveling behavior=loot action=pickup target=143 reason='loot target' status=success
2026-09-27 15:32:37.347  INFO   decision    mode=traveling behavior=loot action=idle target=- reason='pickup settle' status=success
2026-09-27 15:32:37.618  INFO   decision    mode=traveling behavior=traveling action=traveling target=- reason='enter farm area' status=success
2026-09-27 15:32:38.786  INFO   decision    mode=traveling behavior=loot action=searching target=147 reason='walk onto item' status=success
2026-09-27 15:32:39.948  INFO   decision    mode=traveling behavior=loot action=pickup target=147 reason='loot target' status=success
2026-09-27 15:32:40.404  INFO   session     Entity shadow: vision=2 {'player': 1, 'item': 1} memory=4 {'monster': 3, 'item': 1} paired=1 median=0.005 unleveled=68:警衛,207:兔子,206:兔子
2026-09-27 15:32:40.442  INFO   decision    mode=traveling behavior=loot action=idle target=- reason='pickup settle' status=success
2026-09-27 15:32:40.704  INFO   decision    mode=traveling behavior=traveling action=traveling target=- reason='enter farm area' status=success
2026-09-27 15:32:45.439  INFO   session     Entity shadow: vision=2 {'player': 1, 'npc': 1} memory=2 {'monster': 2} paired=0 median=0.000 unleveled=207:兔子,68:警衛
2026-09-27 15:32:50.519  INFO   session     Entity shadow: vision=2 {'player': 1, 'npc': 1} memory=0 {} paired=0 median=0.000
2026-09-27 15:32:54.704  INFO   decision    mode=traveling behavior=traveling action=traveling target=- reason='enter farm area' status=success (repeat)
2026-09-27 15:32:55.853  INFO   session     Entity shadow: vision=2 {'player': 2} memory=1 {'player': 1} paired=1 median=0.040
2026-09-27 15:32:56.325  INFO   decision    mode=traveling behavior=combat action=attack target=151 reason='engage target' status=success
2026-09-27 15:32:57.020  INFO   decision    mode=traveling behavior=traveling action=traveling target=- reason='enter farm area' status=success
2026-09-27 15:32:59.496  INFO   decision    mode=traveling behavior=combat action=attack target=153 reason='engage target' status=success
2026-09-27 15:33:00.205  INFO   decision    mode=traveling behavior=traveling action=traveling target=- reason='enter farm area' status=success
2026-09-27 15:33:00.959  INFO   session     Entity shadow: vision=3 {'player': 2, 'monster': 1} memory=2 {'player': 1, 'monster': 1} paired=2 median=0.041
2026-09-27 15:33:02.411  INFO   decision    mode=traveling behavior=combat action=attack target=154 reason='engage target' status=success
2026-09-27 15:33:06.342  INFO   session     Entity shadow: vision=4 {'monster': 2, 'player': 2} memory=3 {'monster': 1, 'item': 1, 'player': 1} paired=2 median=0.034
2026-09-27 15:33:08.877  INFO   decision    mode=traveling behavior=traveling action=traveling target=- reason='enter farm area' status=success
2026-09-27 15:33:11.512  INFO   session     Entity shadow: vision=2 {'player': 2} memory=1 {'player': 1} paired=1 median=0.041
2026-09-27 15:33:16.668  INFO   session     Entity shadow: vision=1 {'player': 1} memory=1 {'player': 1} paired=0 median=0.000
2026-09-27 15:33:21.931  INFO   session     Entity shadow: vision=1 {'player': 1} memory=1 {'player': 1} paired=1 median=0.026
2026-09-27 15:33:23.100  INFO   decision    mode=traveling behavior=traveling action=traveling target=- reason='enter farm area' status=success (repeat)
2026-09-27 15:33:27.020  INFO   session     Entity shadow: vision=3 {'player': 3} memory=1 {'monster': 1} paired=0 median=0.000 unleveled=207:兔子
2026-09-27 15:33:28.499  INFO   decision    mode=traveling behavior=combat action=attack target=159 reason='engage target' status=success
2026-09-27 15:33:32.052  INFO   session     Entity shadow: vision=3 {'player': 1, 'monster': 2} memory=4 {'player': 1, 'monster': 3} paired=0 median=0.000 unleveled=189:鹿,207:兔子
2026-09-27 15:33:32.149  INFO   decision    mode=traveling behavior=traveling action=traveling target=- reason='enter farm area' status=success
2026-09-27 15:33:37.070  INFO   session     Entity shadow: vision=2 {'player': 1, 'monster': 1} memory=3 {'monster': 3} paired=1 median=0.029 unleveled=189:鹿,207:兔子
2026-09-27 15:33:42.234  INFO   session     Entity shadow: vision=1 {'monster': 1} memory=2 {'monster': 2} paired=1 median=0.013 unleveled=189:鹿
2026-09-27 15:33:46.450  INFO   decision    mode=traveling behavior=traveling action=traveling target=- reason='enter farm area' status=success (repeat)
2026-09-27 15:33:47.466  INFO   session     Entity shadow: vision=2 {'player': 1, 'monster': 1} memory=2 {'monster': 2} paired=1 median=0.016
2026-09-27 15:33:47.519  INFO   decision    mode=traveling behavior=combat action=attack target=161 reason='engage target' status=success
2026-09-27 15:33:52.484  INFO   session     Entity shadow: vision=2 {'player': 1, 'monster': 1} memory=2 {'monster': 2} paired=1 median=0.021
2026-09-27 15:33:55.269  INFO   decision    mode=traveling behavior=combat action=searching target=- reason='unstick nearby' status=success
2026-09-27 15:33:55.616  INFO   decision    mode=traveling behavior=combat action=idle target=- reason='no behavior produced an intent' status=success
2026-09-27 15:33:55.854  INFO   decision    mode=traveling behavior=combat action=searching target=- reason='unstick nearby' status=success
2026-09-27 15:33:56.232  INFO   decision    mode=traveling behavior=combat action=idle target=- reason='no behavior produced an intent' status=success
2026-09-27 15:33:56.534  INFO   decision    mode=traveling behavior=combat action=attack target=161 reason='attack target' status=success
2026-09-27 15:33:57.792  INFO   session     Entity shadow: vision=2 {'player': 1, 'monster': 1} memory=2 {'monster': 2} paired=1 median=0.023
2026-09-27 15:34:02.948  INFO   session     Entity shadow: vision=2 {'player': 2} memory=3 {'player': 1, 'monster': 2} paired=1 median=0.020
2026-09-27 15:34:03.491  INFO   decision    mode=traveling behavior=heal action=heal target=- reason='recover hp' status=success
2026-09-27 15:34:08.187  INFO   session     Entity shadow: vision=3 {'player': 2, 'monster': 1} memory=3 {'monster': 2, 'player': 1} paired=2 median=0.017
2026-09-27 15:34:13.339  INFO   session     Entity shadow: vision=2 {'player': 2} memory=2 {'player': 1, 'monster': 1} paired=1 median=0.014
2026-09-27 15:34:18.068  INFO   decision    mode=traveling behavior=combat action=searching target=- reason='unstick nearby' status=success
2026-09-27 15:34:18.444  INFO   session     Entity shadow: vision=2 {'player': 2} memory=2 {'player': 1, 'monster': 1} paired=1 median=0.054
2026-09-27 15:34:18.473  INFO   decision    mode=traveling behavior=combat action=idle target=- reason='no behavior produced an intent' status=success
2026-09-27 15:34:18.727  INFO   decision    mode=traveling behavior=combat action=searching target=- reason='unstick nearby' status=success
2026-09-27 15:34:19.091  INFO   decision    mode=traveling behavior=combat action=idle target=- reason='no behavior produced an intent' status=success
2026-09-27 15:34:19.346  INFO   decision    mode=traveling behavior=combat action=searching target=- reason='unstick nearby' status=success
2026-09-27 15:34:19.813  INFO   decision    mode=traveling behavior=traveling action=traveling target=- reason='enter farm area' status=success
2026-09-27 15:34:20.615  INFO   decision    mode=traveling behavior=combat action=attack target=166 reason='engage target' status=success
2026-09-27 15:34:23.741  INFO   session     Entity shadow: vision=3 {'monster': 1, 'player': 2} memory=3 {'player': 1, 'monster': 2} paired=2 median=0.020
2026-09-27 15:34:27.342  INFO   decision    mode=traveling behavior=combat action=searching target=- reason='unstick nearby' status=success
2026-09-27 15:34:27.728  INFO   decision    mode=traveling behavior=combat action=idle target=- reason='no behavior produced an intent' status=success
2026-09-27 15:34:28.015  INFO   decision    mode=traveling behavior=combat action=searching target=- reason='unstick nearby' status=success
2026-09-27 15:34:28.392  INFO   decision    mode=traveling behavior=combat action=idle target=- reason='no behavior produced an intent' status=success
2026-09-27 15:34:28.699  INFO   decision    mode=traveling behavior=combat action=attack target=166 reason='attack target' status=success
2026-09-27 15:34:29.306  INFO   session     Entity shadow: vision=3 {'player': 2, 'item': 1} memory=3 {'item': 1, 'player': 1, 'monster': 1} paired=2 median=0.028
2026-09-27 15:34:30.391  INFO   decision    mode=traveling behavior=loot action=searching target=169 reason='walk onto item' status=success
2026-09-27 15:34:34.407  INFO   session     Entity shadow: vision=2 {'player': 1, 'item': 1} memory=2 {'monster': 1, 'item': 1} paired=1 median=0.015
2026-09-27 15:34:37.823  INFO   decision    mode=traveling behavior=loot action=pickup target=169 reason='loot target' status=success
2026-09-27 15:34:38.761  INFO   decision    mode=traveling behavior=loot action=idle target=- reason='pickup settle' status=success
2026-09-27 15:34:39.004  INFO   decision    mode=traveling behavior=traveling action=traveling target=- reason='enter farm area' status=success
2026-09-27 15:34:39.414  INFO   session     Entity shadow: vision=2 {'item': 1, 'monster': 1} memory=2 {'monster': 1, 'item': 1} paired=2 median=0.036
2026-09-27 15:34:40.825  INFO   decision    mode=traveling behavior=loot action=pickup target=169 reason='engage item' status=success
2026-09-27 15:34:41.264  INFO   decision    mode=traveling behavior=loot action=idle target=- reason='pickup settle' status=success
2026-09-27 15:34:41.745  INFO   decision    mode=traveling behavior=traveling action=traveling target=- reason='enter farm area' status=success
2026-09-27 15:34:42.160  INFO   decision    mode=traveling behavior=combat action=attack target=171 reason='engage target' status=success
2026-09-27 15:34:42.808  INFO   decision    mode=traveling behavior=traveling action=traveling target=- reason='enter farm area' status=success
2026-09-27 15:34:43.287  INFO   decision    mode=traveling behavior=combat action=attack target=172 reason='engage target' status=success
2026-09-27 15:34:44.547  INFO   session     Entity shadow: vision=2 {'item': 1, 'monster': 1} memory=4 {'monster': 3, 'item': 1} paired=2 median=0.043
2026-09-27 15:34:49.616  INFO   session     Entity shadow: vision=1 {'item': 1} memory=4 {'monster': 3, 'item': 1} paired=1 median=0.007
2026-09-27 15:34:49.641  INFO   decision    mode=traveling behavior=combat action=searching target=- reason='unstick nearby' status=success
2026-09-27 15:34:50.052  INFO   decision    mode=traveling behavior=loot action=searching target=169 reason='walk onto item' status=success
2026-09-27 15:34:52.262  INFO   decision    mode=traveling behavior=loot action=pickup target=169 reason='loot target' status=success
2026-09-27 15:34:52.742  INFO   decision    mode=traveling behavior=loot action=idle target=- reason='pickup settle' status=success
2026-09-27 15:34:53.033  INFO   decision    mode=traveling behavior=traveling action=traveling target=- reason='enter farm area' status=success
2026-09-27 15:34:54.771  INFO   session     Entity shadow: vision=1 {'item': 1} memory=3 {'monster': 2, 'item': 1} paired=1 median=0.025
2026-09-27 15:34:54.793  INFO   decision    mode=traveling behavior=loot action=pickup target=169 reason='engage item' status=success
2026-09-27 15:34:55.278  INFO   decision    mode=traveling behavior=loot action=idle target=- reason='pickup settle' status=success
2026-09-27 15:34:55.536  INFO   decision    mode=traveling behavior=traveling action=traveling target=- reason='enter farm area' status=success
2026-09-27 15:34:57.124  INFO   decision    mode=traveling behavior=loot action=pickup target=169 reason='engage item' status=success
2026-09-27 15:34:57.527  INFO   decision    mode=traveling behavior=loot action=idle target=- reason='pickup settle' status=success
2026-09-27 15:34:58.018  INFO   decision    mode=traveling behavior=traveling action=traveling target=- reason='enter farm area' status=success
2026-09-27 15:34:59.834  INFO   session     Entity shadow: vision=1 {'item': 1} memory=2 {'monster': 1, 'item': 1} paired=1 median=0.026
2026-09-27 15:35:03.670  INFO   decision    mode=traveling behavior=combat action=attack target=175 reason='engage target' status=success
2026-09-27 15:35:04.941  INFO   session     Entity shadow: vision=3 {'item': 1, 'player': 1, 'monster': 1} memory=4 {'monster': 3, 'item': 1} paired=2 median=0.030
2026-09-27 15:35:08.038  INFO   decision    mode=traveling behavior=loot action=searching target=177 reason='walk onto item' status=success
2026-09-27 15:35:10.322  INFO   session     Entity shadow: vision=3 {'player': 1, 'item': 1, 'npc': 1} memory=3 {'monster': 2, 'item': 1} paired=1 median=0.030 unleveled=68:警衛
2026-09-27 15:35:11.256  INFO   decision    mode=traveling behavior=loot action=pickup target=177 reason='loot target' status=success
2026-09-27 15:35:11.699  INFO   decision    mode=traveling behavior=loot action=idle target=- reason='pickup settle' status=success
2026-09-27 15:35:12.171  INFO   decision    mode=traveling behavior=traveling action=traveling target=- reason='enter farm area' status=success
2026-09-27 15:35:13.644  INFO   decision    mode=traveling behavior=loot action=pickup target=177 reason='engage item' status=success
2026-09-27 15:35:14.131  INFO   decision    mode=traveling behavior=loot action=idle target=- reason='pickup settle' status=success
2026-09-27 15:35:14.390  INFO   decision    mode=traveling behavior=traveling action=traveling target=- reason='enter farm area' status=success
2026-09-27 15:35:15.431  INFO   session     Entity shadow: vision=1 {'npc': 1} memory=2 {'monster': 1, 'item': 1} paired=0 median=0.000 unleveled=68:警衛
2026-09-27 15:35:15.913  INFO   decision    mode=traveling behavior=loot action=searching target=177 reason='walk onto item' status=success
2026-09-27 15:35:19.421  INFO   decision    mode=traveling behavior=loot action=pickup target=177 reason='loot target' status=success
2026-09-27 15:35:19.860  INFO   decision    mode=traveling behavior=loot action=idle target=- reason='pickup settle' status=success
2026-09-27 15:35:20.393  INFO   decision    mode=traveling behavior=combat action=attack target=179 reason='engage target' status=success
2026-09-27 15:35:20.938  INFO   session     Entity shadow: vision=1 {'npc': 1} memory=2 {'monster': 2} paired=0 median=0.000 unleveled=68:警衛
2026-09-27 15:35:25.980  INFO   session     Entity shadow: vision=0 {} memory=1 {'monster': 1} paired=0 median=0.000
2026-09-27 15:35:27.287  INFO   decision    mode=retreating behavior=retreating action=teleport target=- reason='retreat teleport' status=success
2026-09-27 15:35:28.292  INFO   decision    mode=retreating behavior=heal action=heal target=- reason='recover hp' status=success
2026-09-27 15:35:31.054  INFO   session     Entity shadow: vision=1 {'monster': 1} memory=2 {'monster': 2} paired=1 median=0.038
2026-09-27 15:35:32.038  INFO   decision    mode=retreating behavior=talking_scroll action=use_talking_scroll target=- reason='retreat, 마법서 상인' status=success
2026-09-27 15:35:32.942  INFO   decision    mode=retreating behavior=heal action=heal target=- reason='recover hp' status=success
2026-09-27 15:35:36.701  INFO   session     Entity shadow: vision=4 {'npc': 2, 'player': 1, 'monster': 1} memory=6 {'monster': 3, 'npc': 3} paired=1 median=0.011 unleveled=10:警衛,68:警衛
2026-09-27 15:35:42.596  INFO   session     Entity shadow: vision=3 {'npc': 2, 'player': 1} memory=6 {'monster': 3, 'npc': 3} paired=0 median=0.000 unleveled=10:警衛,68:警衛
2026-09-27 15:35:47.613  INFO   session     Entity shadow: vision=3 {'npc': 2, 'player': 1} memory=6 {'monster': 3, 'npc': 3} paired=0 median=0.000 unleveled=10:警衛,68:警衛
2026-09-27 15:35:53.409  INFO   session     Entity shadow: vision=3 {'npc': 2, 'player': 1} memory=6 {'monster': 3, 'npc': 3} paired=0 median=0.000 unleveled=10:警衛,68:警衛
2026-09-27 15:35:58.430  INFO   session     Entity shadow: vision=3 {'npc': 2, 'player': 1} memory=6 {'monster': 3, 'npc': 3} paired=0 median=0.000 unleveled=10:警衛,68:警衛
2026-09-27 15:36:04.211  INFO   session     Entity shadow: vision=3 {'player': 1, 'npc': 2} memory=6 {'monster': 3, 'npc': 3} paired=0 median=0.000 unleveled=10:警衛,68:警衛
2026-09-27 15:36:10.008  INFO   session     Entity shadow: vision=3 {'npc': 2, 'player': 1} memory=5 {'npc': 3, 'monster': 2} paired=0 median=0.000 unleveled=10:警衛,68:警衛
2026-09-27 15:36:15.181  INFO   session     Entity shadow: vision=3 {'npc': 2, 'player': 1} memory=6 {'monster': 3, 'npc': 3} paired=0 median=0.000 unleveled=10:警衛,68:警衛
2026-09-27 15:36:20.874  INFO   session     Entity shadow: vision=5 {'player': 1, 'npc': 3, 'monster': 1} memory=5 {'monster': 3, 'npc': 2} paired=1 median=0.030 unleveled=10:警衛,68:警衛
2026-09-27 15:36:21.861  INFO   decision    mode=retreating behavior=heal action=heal target=- reason='recover hp' status=success (repeat)
2026-09-27 15:36:26.533  INFO   session     Entity shadow: vision=4 {'npc': 3, 'player': 1} memory=5 {'monster': 3, 'npc': 2} paired=0 median=0.000 unleveled=10:警衛,68:警衛
2026-09-27 15:36:27.519  INFO   decision    mode=traveling behavior=traveling action=traveling target=- reason='return to farm after retreat' status=success
2026-09-27 15:36:29.487  INFO   decision    mode=traveling behavior=combat action=attack target=189 reason='engage target' status=success
2026-09-27 15:36:31.759  INFO   session     Entity shadow: vision=2 {'player': 1, 'monster': 1} memory=2 {'monster': 2} paired=1 median=0.005
2026-09-27 15:36:36.770  INFO   session     Entity shadow: vision=3 {'monster': 2, 'player': 1} memory=2 {'monster': 2} paired=2 median=0.023
2026-09-27 15:36:37.507  INFO   decision    mode=traveling behavior=combat action=searching target=- reason='unstick nearby' status=success
2026-09-27 15:36:37.891  INFO   decision    mode=traveling behavior=combat action=idle target=- reason='no behavior produced an intent' status=success
2026-09-27 15:36:38.166  INFO   decision    mode=traveling behavior=combat action=searching target=- reason='unstick nearby' status=success
2026-09-27 15:36:38.539  INFO   decision    mode=traveling behavior=combat action=idle target=- reason='no behavior produced an intent' status=success
2026-09-27 15:36:38.772  INFO   decision    mode=traveling behavior=combat action=attack target=189 reason='attack target' status=success
2026-09-27 15:36:41.181  INFO   decision    mode=retreating behavior=retreating action=teleport target=- reason='retreat teleport' status=success
2026-09-27 15:36:42.164  INFO   session     Entity shadow: vision=0 {} memory=1 {'monster': 1} paired=0 median=0.000
2026-09-27 15:36:42.201  INFO   decision    mode=retreating behavior=heal action=heal target=- reason='recover hp' status=success
2026-09-27 15:36:44.171  INFO   decision    mode=retreating behavior=talking_scroll action=use_talking_scroll target=- reason='retreat, 허수아비 수련장' status=success
2026-09-27 15:36:45.084  INFO   decision    mode=retreating behavior=heal action=heal target=- reason='recover hp' status=success
2026-09-27 15:36:48.005  INFO   session     Entity shadow: vision=7 {'player': 5, 'monster': 1, 'npc': 1} memory=13 {'monster': 5, 'player': 8} paired=6 median=0.017 unleveled=10:警衛,20:?
2026-09-27 15:36:53.038  INFO   session     Entity shadow: vision=7 {'player': 7} memory=13 {'player': 8, 'monster': 5} paired=7 median=0.030 unleveled=10:警衛,20:?,19:?
2026-09-27 15:36:58.649  INFO   session     Entity shadow: vision=6 {'player': 6} memory=6 {'player': 6} paired=5 median=0.037
2026-09-27 15:37:04.609  INFO   session     Entity shadow: vision=2 {'player': 2} memory=1 {'player': 1} paired=1 median=0.009
2026-09-27 15:37:10.286  INFO   session     Entity shadow: vision=2 {'player': 2} memory=1 {'player': 1} paired=1 median=0.024
2026-09-27 15:37:15.905  INFO   session     Entity shadow: vision=4 {'player': 2, 'npc': 2} memory=2 {'player': 1, 'monster': 1} paired=1 median=0.051 unleveled=10:警衛
2026-09-27 15:37:21.782  INFO   session     Entity shadow: vision=4 {'player': 1, 'npc': 3} memory=5 {'monster': 4, 'player': 1} paired=0 median=0.000 unleveled=211:兔子,208:兔子,10:警衛,68:警衛
2026-09-27 15:37:27.553  INFO   session     Entity shadow: vision=5 {'player': 2, 'npc': 2, 'monster': 1} memory=5 {'player': 1, 'monster': 4} paired=2 median=0.016 unleveled=211:兔子,10:警衛,68:警衛
2026-09-27 15:37:33.400  INFO   session     Entity shadow: vision=2 {'player': 2} memory=1 {'player': 1} paired=1 median=0.016
2026-09-27 15:37:34.311  INFO   decision    mode=retreating behavior=heal action=heal target=- reason='recover hp' status=success (repeat)
2026-09-27 15:37:39.266  INFO   session     Entity shadow: vision=5 {'player': 3, 'npc': 2} memory=5 {'player': 2, 'monster': 3} paired=2 median=0.041 unleveled=211:兔子,10:警衛,68:警衛
2026-09-27 15:37:44.398  INFO   session     Entity shadow: vision=4 {'player': 1, 'item': 1, 'npc': 2} memory=8 {'player': 2, 'item': 1, 'monster': 5} paired=1 median=0.007 unleveled=189:鹿,211:兔子,10:警衛,208:兔子,68:警衛
2026-09-27 15:37:49.463  INFO   session     Entity shadow: vision=5 {'npc': 2, 'item': 1, 'player': 2} memory=9 {'monster': 5, 'player': 3, 'item': 1} paired=3 median=0.022 unleveled=208:兔子,189:鹿,211:兔子,10:警衛,68:警衛
2026-09-27 15:37:55.295  INFO   session     Entity shadow: vision=3 {'player': 3} memory=2 {'player': 2} paired=2 median=0.046
2026-09-27 15:38:00.378  INFO   session     Entity shadow: vision=2 {'player': 1, 'item': 1} memory=3 {'player': 2, 'item': 1} paired=1 median=0.009
2026-09-27 15:38:05.455  INFO   session     Entity shadow: vision=4 {'player': 3, 'item': 1} memory=5 {'player': 3, 'monster': 1, 'item': 1} paired=2 median=0.020
2026-09-27 15:38:11.188  INFO   session     Entity shadow: vision=2 {'item': 1, 'player': 1} memory=3 {'player': 2, 'monster': 1} paired=1 median=0.063
2026-09-27 15:38:16.732  INFO   session     Entity shadow: vision=1 {'monster': 1} memory=2 {'player': 1, 'monster': 1} paired=0 median=0.000 unleveled=189:鹿
2026-09-27 15:38:22.386  INFO   session     Entity shadow: vision=2 {'player': 2} memory=2 {'monster': 1, 'player': 1} paired=1 median=0.023 unleveled=189:鹿
2026-09-27 15:38:23.331  INFO   decision    mode=retreating behavior=heal action=heal target=- reason='recover hp' status=success (repeat)
2026-09-27 15:38:28.228  INFO   session     Entity shadow: vision=1 {'player': 1} memory=1 {'player': 1} paired=1 median=0.042
2026-09-27 15:38:33.208  INFO   decision    mode=traveling behavior=loot action=searching target=227 reason='walk onto item' status=success
2026-09-27 15:38:33.569  INFO   session     Entity shadow: vision=3 {'npc': 1, 'player': 1, 'item': 1} memory=4 {'player': 2, 'monster': 1, 'item': 1} paired=2 median=0.036 unleveled=14:青蛙
2026-09-27 15:38:34.475  INFO   decision    mode=traveling behavior=traveling action=traveling target=- reason='return to farm after retreat' status=success
2026-09-27 15:38:38.905  INFO   session     Entity shadow: vision=1 {'monster': 1} memory=2 {'monster': 1, 'player': 1} paired=0 median=0.000
2026-09-27 15:38:43.930  INFO   session     Entity shadow: vision=1 {'player': 1} memory=3 {'monster': 2, 'player': 1} paired=1 median=0.021 unleveled=207:兔子
2026-09-27 15:38:48.073  INFO   decision    mode=traveling behavior=loot action=searching target=237 reason='walk onto item' status=success
2026-09-27 15:38:49.242  INFO   session     Entity shadow: vision=3 {'monster': 1, 'item': 1, 'player': 1} memory=3 {'item': 1, 'player': 1, 'monster': 1} paired=2 median=0.019
2026-09-27 15:38:50.888  INFO   decision    mode=traveling behavior=loot action=pickup target=237 reason='loot target' status=success
2026-09-27 15:38:51.366  INFO   decision    mode=traveling behavior=loot action=idle target=- reason='pickup settle' status=success
2026-09-27 15:38:51.656  INFO   decision    mode=traveling behavior=traveling action=traveling target=- reason='return to farm after retreat' status=success
2026-09-27 15:38:53.443  INFO   decision    mode=traveling behavior=loot action=pickup target=237 reason='engage item' status=success
2026-09-27 15:38:53.979  INFO   decision    mode=traveling behavior=loot action=idle target=- reason='pickup settle' status=success
2026-09-27 15:38:54.285  INFO   decision    mode=traveling behavior=traveling action=traveling target=- reason='return to farm after retreat' status=success
2026-09-27 15:38:54.601  INFO   session     Entity shadow: vision=4 {'item': 1, 'player': 1, 'monster': 2} memory=4 {'monster': 2, 'player': 1, 'item': 1} paired=3 median=0.032
2026-09-27 15:38:57.395  INFO   decision    mode=traveling behavior=loot action=searching target=240 reason='walk onto item' status=success
2026-09-27 15:38:59.611  INFO   session     Entity shadow: vision=2 {'item': 1, 'player': 1} memory=3 {'player': 1, 'monster': 1, 'item': 1} paired=2 median=0.044
2026-09-27 15:39:00.074  INFO   decision    mode=traveling behavior=loot action=pickup target=240 reason='loot target' status=success
2026-09-27 15:39:00.560  INFO   decision    mode=traveling behavior=loot action=idle target=- reason='pickup settle' status=success
2026-09-27 15:39:00.914  INFO   decision    mode=traveling behavior=traveling action=traveling target=- reason='return to farm after retreat' status=success
2026-09-27 15:39:04.636  INFO   session     Entity shadow: vision=2 {'player': 2} memory=2 {'monster': 1, 'player': 1} paired=0 median=0.000
2026-09-27 15:39:09.674  INFO   session     Entity shadow: vision=1 {'player': 1} memory=1 {'monster': 1} paired=0 median=0.000
2026-09-27 15:39:11.573  INFO   decision    mode=traveling behavior=combat action=attack target=244 reason='engage target' status=success
2026-09-27 15:39:14.752  INFO   session     Entity shadow: vision=1 {'player': 1} memory=2 {'monster': 2} paired=0 median=0.000
2026-09-27 15:39:18.411  INFO   decision    mode=traveling behavior=loot action=searching target=245 reason='walk onto item' status=success
2026-09-27 15:39:19.770  INFO   session     Entity shadow: vision=2 {'player': 1, 'item': 1} memory=1 {'item': 1} paired=1 median=0.068
2026-09-27 15:39:25.023  INFO   session     Entity shadow: vision=3 {'monster': 2, 'player': 1} memory=3 {'monster': 2, 'item': 1} paired=1 median=0.026
2026-09-27 15:39:29.518  INFO   decision    mode=traveling behavior=loot action=pickup target=245 reason='loot target' status=success
2026-09-27 15:39:29.954  INFO   decision    mode=traveling behavior=loot action=idle target=- reason='pickup settle' status=success
2026-09-27 15:39:30.163  INFO   session     Entity shadow: vision=2 {'player': 1, 'item': 1} memory=3 {'monster': 2, 'item': 1} paired=1 median=0.007 unleveled=189:鹿
2026-09-27 15:39:30.450  INFO   decision    mode=traveling behavior=traveling action=traveling target=- reason='return to farm after retreat' status=success
2026-09-27 15:39:33.032  INFO   decision    mode=traveling behavior=combat action=attack target=249 reason='engage target' status=success
2026-09-27 15:39:35.270  INFO   session     Entity shadow: vision=2 {'monster': 2} memory=3 {'monster': 3} paired=0 median=0.000
2026-09-27 15:39:39.770  INFO   decision    mode=traveling behavior=combat action=attack target=251 reason='engage target' status=success
2026-09-27 15:39:40.300  INFO   session     Entity shadow: vision=1 {'monster': 1} memory=3 {'monster': 3} paired=1 median=0.031
2026-09-27 15:39:45.164  INFO   decision    mode=traveling behavior=traveling action=traveling target=- reason='return to farm after retreat' status=success
2026-09-27 15:39:45.543  INFO   session     Entity shadow: vision=2 {'player': 1, 'monster': 1} memory=5 {'player': 2, 'monster': 3} paired=0 median=0.000 unleveled=189:鹿
2026-09-27 15:39:50.666  INFO   session     Entity shadow: vision=4 {'player': 3, 'monster': 1} memory=5 {'player': 2, 'monster': 3} paired=2 median=0.028 unleveled=189:鹿
2026-09-27 15:39:52.083  INFO   decision    mode=traveling behavior=loot action=searching target=259 reason='walk onto item' status=success
2026-09-27 15:39:55.687  INFO   session     Entity shadow: vision=3 {'player': 2, 'item': 1} memory=4 {'monster': 2, 'player': 1, 'item': 1} paired=2 median=0.024
2026-09-27 15:39:56.587  INFO   decision    mode=traveling behavior=loot action=pickup target=259 reason='loot target' status=success
2026-09-27 15:39:57.102  INFO   decision    mode=traveling behavior=loot action=idle target=- reason='pickup settle' status=success
2026-09-27 15:39:57.386  INFO   decision    mode=traveling behavior=combat action=attack target=258 reason='engage target' status=success
2026-09-27 15:39:58.347  INFO   decision    mode=traveling behavior=traveling action=traveling target=- reason='return to farm after retreat' status=success
2026-09-27 15:40:00.933  INFO   session     Entity shadow: vision=1 {'player': 1} memory=4 {'monster': 3, 'player': 1} paired=1 median=0.105
2026-09-27 15:40:06.205  INFO   session     Entity shadow: vision=3 {'player': 2, 'monster': 1} memory=2 {'player': 1, 'monster': 1} paired=1 median=0.013
2026-09-27 15:40:11.378  INFO   session     Entity shadow: vision=1 {'player': 1} memory=1 {'monster': 1} paired=0 median=0.000
2026-09-27 15:40:15.039  INFO   decision    mode=traveling behavior=traveling action=traveling target=- reason='return to farm after retreat' status=success (repeat)
2026-09-27 15:40:16.487  INFO   session     Entity shadow: vision=1 {'player': 1} memory=1 {'monster': 1} paired=0 median=0.000
2026-09-27 15:40:21.545  INFO   session     Entity shadow: vision=2 {'player': 1, 'monster': 1} memory=3 {'monster': 3} paired=1 median=0.067
2026-09-27 15:40:26.735  INFO   session     Entity shadow: vision=3 {'player': 1, 'monster': 2} memory=4 {'monster': 4} paired=0 median=0.000 unleveled=189:鹿,14:青蛙,207:兔子
2026-09-27 15:40:29.710  INFO   decision    mode=traveling behavior=traveling action=traveling target=- reason='return to farm after retreat' status=success (repeat)
2026-09-27 15:40:31.795  INFO   session     Entity shadow: vision=3 {'player': 1, 'monster': 2} memory=7 {'monster': 7} paired=2 median=0.023 unleveled=207:兔子,189:鹿,14:青蛙
2026-09-27 15:40:37.007  INFO   session     Entity shadow: vision=2 {'player': 1, 'npc': 1} memory=2 {'monster': 2} paired=0 median=0.000 unleveled=189:鹿
2026-09-27 15:40:40.862  INFO   decision    mode=traveling behavior=combat action=attack target=288 reason='engage target' status=success
2026-09-27 15:40:42.065  INFO   session     Entity shadow: vision=1 {'player': 1} memory=1 {'monster': 1} paired=0 median=0.000
2026-09-27 15:40:47.351  INFO   session     Entity shadow: vision=1 {'player': 1} memory=3 {'monster': 3} paired=0 median=0.000 unleveled=14:青蛙
2026-09-27 15:40:48.460  INFO   decision    mode=traveling behavior=buff action=buff target=- reason='power_up' status=success
2026-09-27 15:40:49.048  INFO   decision    mode=traveling behavior=combat action=attack target=288 reason='attack target' status=success
2026-09-27 15:40:50.372  INFO   decision    mode=traveling behavior=traveling action=traveling target=- reason='return to farm after retreat' status=success
2026-09-27 15:40:52.461  INFO   session     Entity shadow: vision=2 {'player': 1, 'monster': 1} memory=1 {'monster': 1} paired=1 median=0.016
2026-09-27 15:40:57.692  INFO   session     Entity shadow: vision=1 {'monster': 1} memory=0 {} paired=0 median=0.000
2026-09-27 15:41:02.711  INFO   session     Entity shadow: vision=2 {'player': 2} memory=1 {'player': 1} paired=1 median=0.029
2026-09-27 15:41:04.664  INFO   decision    mode=traveling behavior=traveling action=traveling target=- reason='return to farm after retreat' status=success (repeat)
2026-09-27 15:41:07.956  INFO   session     Entity shadow: vision=1 {'player': 1} memory=1 {'monster': 1} paired=0 median=0.000 unleveled=189:鹿
2026-09-27 15:41:13.161  INFO   session     Entity shadow: vision=2 {'player': 2} memory=4 {'monster': 3, 'player': 1} paired=1 median=0.036 unleveled=189:鹿
2026-09-27 15:41:13.209  INFO   decision    mode=traveling behavior=combat action=attack target=294 reason='engage target' status=success
2026-09-27 15:41:18.435  INFO   session     Entity shadow: vision=5 {'monster': 3, 'player': 2} memory=5 {'player': 1, 'monster': 4} paired=4 median=0.026 unleveled=189:鹿
2026-09-27 15:41:19.956  INFO   decision    mode=traveling behavior=loot action=searching target=298 reason='walk onto item' status=success
2026-09-27 15:41:23.699  INFO   session     Entity shadow: vision=6 {'player': 1, 'item': 1, 'monster': 4} memory=6 {'monster': 5, 'item': 1} paired=5 median=0.015 unleveled=189:鹿
2026-09-27 15:41:26.399  INFO   decision    mode=traveling behavior=combat action=attack target=296 reason='engage target' status=success
2026-09-27 15:41:28.735  INFO   session     Entity shadow: vision=5 {'player': 1, 'item': 2, 'monster': 2} memory=4 {'monster': 2, 'item': 2} paired=3 median=0.009 unleveled=189:鹿
2026-09-27 15:41:30.643  INFO   decision    mode=traveling behavior=loot action=searching target=298 reason='walk onto item' status=success
2026-09-27 15:41:31.399  INFO   decision    mode=traveling behavior=loot action=pickup target=298 reason='loot target' status=success
2026-09-27 15:41:31.924  INFO   decision    mode=traveling behavior=loot action=idle target=- reason='pickup settle' status=success
2026-09-27 15:41:32.275  INFO   decision    mode=traveling behavior=loot action=searching target=302 reason='walk onto item' status=success
2026-09-27 15:41:33.124  INFO   decision    mode=traveling behavior=traveling action=traveling target=- reason='return to farm after retreat' status=success
2026-09-27 15:41:33.781  INFO   session     Entity shadow: vision=1 {'player': 1} memory=4 {'monster': 3, 'player': 1} paired=0 median=0.000 unleveled=189:鹿
2026-09-27 15:41:38.958  INFO   session     Entity shadow: vision=1 {'player': 1} memory=1 {'monster': 1} paired=0 median=0.000
2026-09-27 15:41:44.164  INFO   session     Entity shadow: vision=1 {'player': 1} memory=0 {} paired=0 median=0.000
2026-09-27 15:41:46.785  INFO   decision    mode=traveling behavior=traveling action=traveling target=- reason='return to farm after retreat' status=success (repeat)
2026-09-27 15:41:49.339  INFO   session     Entity shadow: vision=1 {'player': 1} memory=1 {'monster': 1} paired=0 median=0.000 unleveled=207:兔子
2026-09-27 15:41:54.357  INFO   session     Entity shadow: vision=2 {'player': 1, 'monster': 1} memory=2 {'monster': 2} paired=1 median=0.024 unleveled=207:兔子
2026-09-27 15:41:57.687  INFO   decision    mode=traveling behavior=combat action=attack target=309 reason='engage target' status=success
2026-09-27 15:41:59.657  INFO   session     Entity shadow: vision=2 {'player': 2} memory=2 {'monster': 2} paired=0 median=0.000 unleveled=207:兔子
2026-09-27 15:42:04.862  INFO   session     Entity shadow: vision=2 {'player': 1, 'monster': 1} memory=1 {'monster': 1} paired=1 median=0.012
2026-09-27 15:42:10.006  INFO   session     Entity shadow: vision=1 {'player': 1} memory=1 {'monster': 1} paired=0 median=0.000
2026-09-27 15:42:13.827  INFO   decision    mode=traveling behavior=loot action=pickup target=310 reason='engage item' status=success
2026-09-27 15:42:14.312  INFO   decision    mode=traveling behavior=loot action=idle target=- reason='pickup settle' status=success
2026-09-27 15:42:14.661  INFO   decision    mode=traveling behavior=traveling action=traveling target=- reason='return to farm after retreat' status=success
2026-09-27 15:42:15.247  INFO   session     Entity shadow: vision=1 {'player': 1} memory=0 {} paired=0 median=0.000
2026-09-27 15:42:20.454  INFO   session     Entity shadow: vision=1 {'player': 1} memory=0 {} paired=0 median=0.000
2026-09-27 15:42:22.787  INFO   decision    mode=traveling behavior=combat action=attack target=312 reason='engage target' status=success
2026-09-27 15:42:25.480  INFO   session     Entity shadow: vision=2 {'player': 1, 'monster': 1} memory=1 {'monster': 1} paired=0 median=0.000
2026-09-27 15:42:25.582  INFO   decision    mode=traveling behavior=traveling action=traveling target=- reason='return to farm after retreat' status=success
2026-09-27 15:42:28.230  INFO   decision    mode=traveling behavior=combat action=attack target=313 reason='engage target' status=success
2026-09-27 15:42:30.840  INFO   session     Entity shadow: vision=4 {'player': 1, 'monster': 3} memory=2 {'monster': 2} paired=1 median=0.014
2026-09-27 15:42:33.078  INFO   decision    mode=traveling behavior=loot action=searching target=315 reason='walk onto item' status=success
2026-09-27 15:42:35.907  INFO   session     Entity shadow: vision=4 {'player': 1, 'item': 1, 'monster': 2} memory=4 {'monster': 3, 'item': 1} paired=3 median=0.022
2026-09-27 15:42:38.687  INFO   decision    mode=traveling behavior=combat action=attack target=316 reason='engage target' status=success
2026-09-27 15:42:41.140  INFO   session     Entity shadow: vision=5 {'item': 1, 'monster': 3, 'player': 1} memory=4 {'monster': 3, 'item': 1} paired=3 median=0.032
2026-09-27 15:42:44.001  INFO   decision    mode=traveling behavior=heal action=heal target=- reason='recover hp' status=success
2026-09-27 15:42:46.937  INFO   session     Entity shadow: vision=4 {'item': 1, 'monster': 3} memory=5 {'monster': 4, 'item': 1} paired=4 median=0.010 unleveled=207:兔子
2026-09-27 15:42:52.718  INFO   session     Entity shadow: vision=2 {'item': 1, 'monster': 1} memory=4 {'monster': 3, 'item': 1} paired=2 median=0.024 unleveled=207:兔子
2026-09-27 15:42:55.530  INFO   decision    mode=traveling behavior=? action=idle target=- reason='waiting for respawn' status=success
2026-09-27 15:42:57.574  INFO   decision    mode=traveling behavior=respawn action=respawn target=- reason='death confirmed, restart' status=success
2026-09-27 15:42:57.981  INFO   session     Entity shadow: vision=5 {'item': 1, 'monster': 4} memory=5 {'monster': 4, 'item': 1} paired=4 median=0.035
2026-09-27 15:42:58.005  INFO   decision    mode=traveling behavior=? action=idle target=- reason='waiting for respawn' status=success
2026-09-27 15:42:59.921  INFO   decision    mode=traveling behavior=heal action=heal target=- reason='recover hp' status=success
2026-09-27 15:43:03.894  INFO   session     Entity shadow: vision=24 {'player': 23, 'npc': 1} memory=67 {'npc': 5, 'monster': 1, 'player': 61} paired=24 median=0.026 unleveled=14:青蛙
2026-09-27 15:43:09.519  INFO   session     Entity shadow: vision=21 {'player': 19, 'npc': 2} memory=67 {'monster': 2, 'player': 61, 'npc': 4} paired=21 median=0.027 unleveled=14:青蛙
2026-09-27 15:43:15.302  INFO   session     Entity shadow: vision=25 {'npc': 2, 'player': 21, 'monster': 2} memory=69 {'monster': 1, 'player': 63, 'npc': 5} paired=23 median=0.027 unleveled=14:青蛙
2026-09-27 15:43:21.145  INFO   session     Entity shadow: vision=26 {'player': 23, 'npc': 2, 'monster': 1} memory=70 {'npc': 6, 'monster': 1, 'player': 63} paired=25 median=0.026 unleveled=14:青蛙
2026-09-27 15:43:26.964  INFO   session     Entity shadow: vision=24 {'player': 23, 'npc': 1} memory=69 {'monster': 1, 'npc': 6, 'player': 62} paired=23 median=0.026 unleveled=14:青蛙
2026-09-27 15:43:31.698  INFO   decision    mode=traveling behavior=buff action=buff target=- reason='light' status=success
2026-09-27 15:43:32.299  INFO   session     Entity shadow: vision=24 {'player': 22, 'npc': 1, 'monster': 1} memory=71 {'player': 66, 'npc': 5} paired=23 median=0.025
2026-09-27 15:43:32.362  INFO   decision    mode=traveling behavior=traveling action=traveling target=- reason='return to farm after retreat' status=success
2026-09-27 15:43:37.369  INFO   session     Entity shadow: vision=18 {'player': 15, 'monster': 2, 'npc': 1} memory=50 {'player': 48, 'npc': 2} paired=15 median=0.018
2026-09-27 15:43:42.849  INFO   session     Entity shadow: vision=6 {'player': 4, 'npc': 2} memory=10 {'monster': 1, 'npc': 3, 'player': 6} paired=4 median=0.035 unleveled=207:兔子
2026-09-27 15:43:48.080  INFO   session     Entity shadow: vision=10 {'player': 8, 'npc': 2} memory=9 {'monster': 2, 'player': 4, 'npc': 3} paired=2 median=0.033 unleveled=68:警衛,207:兔子
2026-09-27 15:43:50.498  INFO   session     일시정지 — 단축키
2026-09-27 15:44:02.410  INFO   session     재개 → 실행 중
2026-09-27 15:44:02.979  INFO   session     Entity shadow: vision=10 {'player': 8, 'npc': 2} memory=16 {'monster': 3, 'npc': 3, 'player': 10} paired=8 median=0.016 unleveled=208:兔子,207:兔子,10:警衛
2026-09-27 15:44:07.160  INFO   decision    mode=traveling behavior=traveling action=traveling target=- reason='return to farm after retreat' status=success (repeat)
2026-09-27 15:44:08.480  INFO   session     Entity shadow: vision=11 {'player': 9, 'npc': 2} memory=16 {'npc': 3, 'monster': 3, 'player': 10} paired=9 median=0.017 unleveled=208:兔子,207:兔子,10:警衛
2026-09-27 15:44:09.174  INFO   session     일시정지 — 단축키
2026-09-27 15:44:14.290  INFO   session     재개 → 실행 중
2026-09-27 15:44:14.684  INFO   session     Entity shadow: vision=10 {'player': 8, 'npc': 2} memory=16 {'npc': 4, 'player': 9, 'monster': 3} paired=7 median=0.014 unleveled=208:兔子,10:警衛,207:兔子
2026-09-27 15:44:19.718  INFO   session     Entity shadow: vision=12 {'player': 8, 'npc': 4} memory=17 {'monster': 3, 'npc': 4, 'player': 10} paired=10 median=0.013 unleveled=208:兔子,10:警衛,207:兔子
2026-09-27 15:44:25.271  INFO   session     Entity shadow: vision=10 {'player': 8, 'npc': 2} memory=18 {'npc': 4, 'monster': 3, 'player': 11} paired=8 median=0.017 unleveled=208:兔子,207:兔子,10:警衛
2026-09-27 15:44:27.632  INFO   session     일시정지 — 단축키
2026-09-27 15:45:08.435  INFO   session     정지 → 중지됨 (정지 — 게임 창이 닫혔습니다.)
2026-09-27 15:45:08.578  INFO   session     봇 작업이 종료되었습니다
