2026-09-27 11:44:48.932  INFO   session     Loading Manmabot from D:\ManmabotV1_final\engine
2026-09-27 11:44:48.939  INFO   session     Session log D:\ManmabotV1_final\engine\logs\bot-20260927-114448.log
2026-09-27 11:44:48.939  INFO   session     character=elf loot=all_items game_lang=ko map=talking_island farms=['area_2', 'area_3', 'area_4'] file=D:\ManmabotV1_final\engine\logs\bot-20260927-114448.log
2026-09-27 11:44:49.329  INFO   nav         building portal graph (cluster=32, 479x511)
2026-09-27 11:44:49.649  INFO   nav         portal graph: 188 components, 319 ms
2026-09-27 11:44:49.656  INFO   nav         farms=3 safe=11 home=(354, 203) (files farm=D:\ManmabotV1_final\engine\maps\talking_island\farms.yaml safe=D:\ManmabotV1_final\engine\maps\talking_island\safe.yaml home=D:\ManmabotV1_final\engine\maps\talking_island\home.yaml)
2026-09-27 11:44:49.935  INFO   capture     mss window capture process='LC.exe' title=None content_aspect=4:3
2026-09-27 11:44:50.699  INFO   session     Entity clicks use memory names, species, and world cells. Image recognition still runs. Set memory.entity_source to vision to restore image-only clicks.
2026-09-27 11:44:50.716  INFO   session     Player memory is read in this process (realtime_monitor.dll, offsets.json). No separate console.
2026-09-27 11:44:50.729  INFO   session     인벤토리를 백그라운드에서 스캔 중 (inventory_listen.dll 또는 inv.json을 두세요).
2026-09-27 11:44:50.761  INFO   session     메모리에서 핫바 24칸을 읽는 중…
2026-09-27 11:44:50.843  INFO   session     핫바 스캔 완료 · 파워 업@box1/f5, 아머 업@box1/f6, 라이트@box1/f7, 힐@box1/f8, HP 물약@box1/f9, 텔레포트@box1/f10, 마법 공격@box1/f11, 말하는 두루마리@box1/f5, 마더 트리@box2/f6, HP를 MP로@box2/f7
2026-09-27 11:44:50.878  INFO   session     루프 준비 · 요정 · 한국어 · 맵=말하는 섬 · 룻=전부 줍기 · 구역=구역 2, 구역 3, 구역 4
2026-09-27 11:44:51.566  INFO   session     Entity shadow: vision=2 {'player': 2} memory=1 {'player': 1} paired=1 median=0.020
2026-09-27 11:44:51.586  INFO   session     인벤토리 수신 준비 (dll) · hp=0 화살=1000 은화살=0 해독=0
2026-09-27 11:44:51.612  INFO   decision    mode=farming behavior=buff action=buff target=- reason='armor_up' status=success
2026-09-27 11:44:52.274  INFO   decision    mode=farming behavior=talking_scroll action=use_talking_scroll target=- reason='newbie, 허수아비 수련장' status=success
2026-09-27 11:44:53.368  INFO   decision    mode=farming behavior=newbie_training action=searching target=- reason='search 허수아비' status=success
2026-09-27 11:44:54.172  INFO   decision    mode=farming behavior=combat action=attack target=5 reason='engage target' status=success
2026-09-27 11:44:55.797  INFO   decision    mode=farming behavior=dismiss_level_up action=dismiss_level_up target=- reason='level up, close dialog' status=success
2026-09-27 11:44:56.637  INFO   session     Entity shadow: vision=5 {'monster': 1, 'player': 3, 'npc': 1} memory=8 {'monster': 5, 'player': 3} paired=4 median=0.021 unleveled=10:警衛,20:?
2026-09-27 11:44:56.659  INFO   decision    mode=farming behavior=combat action=attack target=5 reason='attack target' status=success
2026-09-27 11:44:57.948  INFO   decision    mode=farming behavior=dismiss_level_up action=dismiss_level_up target=- reason='level up, close dialog' status=success
2026-09-27 11:44:58.607  INFO   decision    mode=farming behavior=combat action=attack target=5 reason='attack target' status=success
2026-09-27 11:44:59.644  INFO   decision    mode=farming behavior=combat action=searching target=- reason='unstick nearby' status=success
2026-09-27 11:45:00.043  INFO   decision    mode=farming behavior=combat action=idle target=- reason='no behavior produced an intent' status=success
2026-09-27 11:45:00.296  INFO   decision    mode=farming behavior=combat action=searching target=- reason='unstick nearby' status=success
2026-09-27 11:45:00.675  INFO   decision    mode=farming behavior=combat action=idle target=- reason='no behavior produced an intent' status=success
2026-09-27 11:45:00.924  INFO   decision    mode=farming behavior=combat action=searching target=- reason='unstick nearby' status=success
2026-09-27 11:45:01.398  INFO   decision    mode=farming behavior=combat action=idle target=- reason='no behavior produced an intent' status=success
2026-09-27 11:45:01.877  INFO   session     Entity shadow: vision=6 {'player': 4, 'npc': 1, 'monster': 1} memory=8 {'monster': 5, 'player': 3} paired=4 median=0.030 unleveled=10:警衛,20:?,19:?
2026-09-27 11:45:01.908  INFO   decision    mode=farming behavior=buff action=buff target=- reason='light' status=success
2026-09-27 11:45:02.618  INFO   decision    mode=farming behavior=combat action=attack target=5 reason='attack target' status=success
2026-09-27 11:45:06.981  INFO   session     Entity shadow: vision=10 {'monster': 3, 'player': 6, 'npc': 1} memory=9 {'monster': 5, 'player': 4} paired=7 median=0.018 unleveled=10:警衛,20:?
2026-09-27 11:45:09.000  INFO   decision    mode=farming behavior=combat action=searching target=- reason='unstick nearby' status=success
2026-09-27 11:45:09.447  INFO   decision    mode=farming behavior=combat action=idle target=- reason='no behavior produced an intent' status=success
2026-09-27 11:45:09.869  INFO   decision    mode=farming behavior=combat action=attack target=5 reason='attack target' status=success
2026-09-27 11:45:12.224  INFO   session     Entity shadow: vision=7 {'player': 5, 'monster': 1, 'npc': 1} memory=7 {'monster': 3, 'player': 4} paired=5 median=0.047 unleveled=10:警衛,20:?
2026-09-27 11:45:17.514  INFO   session     Entity shadow: vision=7 {'npc': 1, 'player': 5, 'monster': 1} memory=7 {'monster': 3, 'player': 4} paired=5 median=0.017 unleveled=10:警衛,20:?
2026-09-27 11:45:17.922  INFO   decision    mode=farming behavior=combat action=searching target=- reason='unstick nearby' status=success
2026-09-27 11:45:18.377  INFO   decision    mode=farming behavior=combat action=idle target=- reason='no behavior produced an intent' status=success
2026-09-27 11:45:18.681  INFO   decision    mode=farming behavior=combat action=searching target=- reason='unstick nearby' status=success
2026-09-27 11:45:19.155  INFO   decision    mode=farming behavior=combat action=idle target=- reason='no behavior produced an intent' status=success
2026-09-27 11:45:19.589  INFO   decision    mode=farming behavior=combat action=searching target=- reason='unstick nearby' status=success
2026-09-27 11:45:20.071  INFO   decision    mode=farming behavior=combat action=attack target=5 reason='attack target' status=success
2026-09-27 11:45:20.782  INFO   decision    mode=farming behavior=newbie_training action=searching target=- reason='search 허수아비' status=success
2026-09-27 11:45:21.634  INFO   decision    mode=farming behavior=combat action=attack target=13 reason='engage target' status=success
2026-09-27 11:45:22.734  INFO   session     Entity shadow: vision=7 {'player': 3, 'monster': 3, 'npc': 1} memory=6 {'monster': 3, 'player': 3} paired=3 median=0.021 unleveled=10:警衛,20:?
2026-09-27 11:45:24.178  INFO   decision    mode=farming behavior=dismiss_level_up action=dismiss_level_up target=- reason='level up, close dialog' status=success
2026-09-27 11:45:24.927  INFO   decision    mode=farming behavior=combat action=attack target=13 reason='attack target' status=success
2026-09-27 11:45:27.970  INFO   session     Entity shadow: vision=7 {'player': 5, 'monster': 1, 'npc': 1} memory=7 {'player': 4, 'monster': 3} paired=5 median=0.016 unleveled=10:警衛,20:?
2026-09-27 11:45:29.586  INFO   decision    mode=farming behavior=combat action=searching target=- reason='unstick nearby' status=success
2026-09-27 11:45:29.998  INFO   decision    mode=farming behavior=combat action=idle target=- reason='no behavior produced an intent' status=success
2026-09-27 11:45:30.255  INFO   decision    mode=farming behavior=combat action=searching target=- reason='unstick nearby' status=success
2026-09-27 11:45:30.743  INFO   decision    mode=farming behavior=combat action=idle target=- reason='no behavior produced an intent' status=success
2026-09-27 11:45:31.183  INFO   decision    mode=farming behavior=combat action=attack target=13 reason='attack target' status=success
2026-09-27 11:45:33.515  INFO   session     Entity shadow: vision=6 {'player': 5, 'monster': 1} memory=7 {'player': 4, 'monster': 3} paired=5 median=0.039 unleveled=10:警衛,19:?
2026-09-27 11:45:33.542  INFO   decision    mode=farming behavior=combat action=attack target=8 reason='engage target' status=success
2026-09-27 11:45:38.698  INFO   session     Entity shadow: vision=8 {'monster': 2, 'player': 5, 'npc': 1} memory=9 {'monster': 5, 'player': 4} paired=6 median=0.020 unleveled=20:?,10:警衛,19:?
2026-09-27 11:45:39.830  INFO   decision    mode=farming behavior=combat action=searching target=- reason='unstick nearby' status=success
2026-09-27 11:45:40.250  INFO   decision    mode=farming behavior=combat action=idle target=- reason='no behavior produced an intent' status=success
2026-09-27 11:45:40.557  INFO   decision    mode=farming behavior=combat action=searching target=- reason='unstick nearby' status=success
2026-09-27 11:45:41.749  INFO   decision    mode=farming behavior=combat action=attack target=8 reason='attack target' status=success
2026-09-27 11:45:42.947  INFO   decision    mode=farming behavior=combat action=attack target=13 reason='engage target' status=success
2026-09-27 11:45:43.928  INFO   session     Entity shadow: vision=7 {'player': 4, 'monster': 2, 'npc': 1} memory=8 {'monster': 5, 'player': 3} paired=5 median=0.022 unleveled=19:?,10:警衛
2026-09-27 11:45:49.218  INFO   session     Entity shadow: vision=8 {'monster': 2, 'player': 5, 'npc': 1} memory=9 {'monster': 5, 'player': 4} paired=5 median=0.021 unleveled=19:?,10:警衛,20:?
2026-09-27 11:45:49.971  INFO   decision    mode=farming behavior=combat action=searching target=- reason='unstick nearby' status=success
2026-09-27 11:45:50.987  INFO   decision    mode=farming behavior=combat action=attack target=8 reason='engage target' status=success
2026-09-27 11:45:54.393  INFO   session     Entity shadow: vision=7 {'monster': 2, 'npc': 1, 'player': 4} memory=8 {'monster': 3, 'player': 5} paired=5 median=0.017 unleveled=10:警衛
2026-09-27 11:45:55.445  INFO   decision    mode=farming behavior=combat action=attack target=13 reason='engage target' status=success
2026-09-27 11:45:57.371  INFO   decision    mode=farming behavior=newbie_training action=searching target=- reason='search 허수아비' status=success
2026-09-27 11:45:58.269  INFO   decision    mode=farming behavior=combat action=attack target=8 reason='engage target' status=success
2026-09-27 11:45:59.836  INFO   session     Entity shadow: vision=9 {'monster': 2, 'player': 7} memory=10 {'player': 5, 'monster': 5} paired=7 median=0.021 unleveled=19:?,10:警衛
2026-09-27 11:46:02.400  INFO   decision    mode=farming behavior=combat action=attack target=13 reason='engage target' status=success
2026-09-27 11:46:03.553  INFO   decision    mode=farming behavior=combat action=searching target=- reason='unstick nearby' status=success
2026-09-27 11:46:03.997  INFO   decision    mode=farming behavior=combat action=idle target=- reason='no behavior produced an intent' status=success
2026-09-27 11:46:04.378  INFO   decision    mode=farming behavior=combat action=searching target=- reason='unstick nearby' status=success
2026-09-27 11:46:04.810  INFO   decision    mode=farming behavior=combat action=idle target=- reason='no behavior produced an intent' status=success
2026-09-27 11:46:05.214  INFO   session     Entity shadow: vision=7 {'player': 5, 'npc': 1, 'monster': 1} memory=10 {'player': 5, 'monster': 5} paired=5 median=0.030 unleveled=19:?,10:警衛
2026-09-27 11:46:05.235  INFO   decision    mode=farming behavior=combat action=attack target=8 reason='engage target' status=success
2026-09-27 11:46:05.966  INFO   decision    mode=farming behavior=newbie_training action=searching target=- reason='search 허수아비' status=success
2026-09-27 11:46:06.368  INFO   decision    mode=farming behavior=combat action=attack target=8 reason='engage target' status=success
2026-09-27 11:46:08.410  INFO   decision    mode=farming behavior=newbie_training action=searching target=- reason='search 허수아비' status=success
2026-09-27 11:46:10.422  INFO   session     Entity shadow: vision=5 {'monster': 1, 'player': 4} memory=5 {'monster': 2, 'player': 3} paired=3 median=0.021 unleveled=19:?,20:?
2026-09-27 11:46:15.741  INFO   session     Entity shadow: vision=4 {'player': 4} memory=5 {'monster': 2, 'player': 3} paired=3 median=0.021 unleveled=19:?,20:?
2026-09-27 11:46:21.120  INFO   session     Entity shadow: vision=4 {'player': 4} memory=5 {'monster': 2, 'player': 3} paired=3 median=0.021 unleveled=19:?,20:?
2026-09-27 11:46:26.118  INFO   session     Entity shadow: vision=4 {'player': 4} memory=5 {'monster': 2, 'player': 3} paired=3 median=0.021 unleveled=19:?,20:?
2026-09-27 11:46:29.407  INFO   decision    mode=farming behavior=newbie_training action=searching target=- reason='search 허수아비' status=success (repeat)
2026-09-27 11:46:31.261  INFO   session     Entity shadow: vision=4 {'player': 4} memory=8 {'monster': 5, 'player': 3} paired=3 median=0.019 unleveled=19:?,10:警衛,20:?
2026-09-27 11:46:31.784  INFO   decision    mode=farming behavior=combat action=attack target=8 reason='engage target' status=success
2026-09-27 11:46:32.424  INFO   decision    mode=farming behavior=newbie_training action=searching target=- reason='search 허수아비' status=success
2026-09-27 11:46:32.847  INFO   decision    mode=farming behavior=combat action=attack target=8 reason='engage target' status=success
2026-09-27 11:46:36.356  INFO   session     Entity shadow: vision=5 {'monster': 1, 'player': 4} memory=8 {'monster': 5, 'player': 3} paired=4 median=0.022 unleveled=19:?,10:警衛
2026-09-27 11:46:38.691  INFO   decision    mode=farming behavior=combat action=searching target=- reason='unstick nearby' status=success
2026-09-27 11:46:40.109  INFO   decision    mode=farming behavior=combat action=attack target=8 reason='attack target' status=success
2026-09-27 11:46:41.359  INFO   session     Entity shadow: vision=5 {'player': 4, 'monster': 1} memory=5 {'monster': 2, 'player': 3} paired=4 median=0.022 unleveled=19:?
2026-09-27 11:46:44.902  INFO   session     일시정지 — 단축키
2026-09-27 11:49:43.401  INFO   session     재개 → 실행 중
2026-09-27 11:49:43.853  INFO   session     Entity shadow: vision=4 {'player': 3, 'npc': 1} memory=8 {'monster': 5, 'player': 3} paired=2 median=0.022 unleveled=19:?,10:警衛,20:?
2026-09-27 11:49:43.938  INFO   decision    mode=farming behavior=newbie_training action=searching target=- reason='search 허수아비' status=success
2026-09-27 11:49:44.377  INFO   decision    mode=farming behavior=combat action=attack target=8 reason='engage target' status=success
2026-09-27 11:49:45.079  INFO   decision    mode=farming behavior=newbie_training action=searching target=- reason='search 허수아비' status=success
2026-09-27 11:49:45.812  INFO   decision    mode=farming behavior=combat action=attack target=8 reason='engage target' status=success
2026-09-27 11:49:46.489  INFO   decision    mode=farming behavior=newbie_training action=searching target=- reason='search 허수아비' status=success
2026-09-27 11:49:47.288  INFO   decision    mode=farming behavior=combat action=attack target=27 reason='engage target' status=success
2026-09-27 11:49:48.019  INFO   decision    mode=farming behavior=combat action=attack target=8 reason='engage target' status=success
2026-09-27 11:49:49.141  INFO   session     Entity shadow: vision=6 {'monster': 2, 'npc': 1, 'player': 3} memory=8 {'monster': 5, 'player': 3} paired=4 median=0.021 unleveled=19:?,10:警衛
2026-09-27 11:49:51.246  INFO   decision    mode=farming behavior=combat action=attack target=27 reason='engage target' status=success
2026-09-27 11:49:52.239  INFO   decision    mode=farming behavior=combat action=attack target=8 reason='engage target' status=success
2026-09-27 11:49:53.249  INFO   decision    mode=farming behavior=dismiss_level_up action=dismiss_level_up target=- reason='level up, close dialog' status=success
2026-09-27 11:49:54.151  INFO   decision    mode=traveling behavior=traveling action=traveling target=- reason='enter farm area' status=success
2026-09-27 11:49:54.618  INFO   session     Entity shadow: vision=7 {'player': 2, 'monster': 3, 'npc': 2} memory=8 {'monster': 5, 'player': 3} paired=4 median=0.021 unleveled=19:?,10:警衛,20:?
2026-09-27 11:49:59.716  INFO   session     Entity shadow: vision=4 {'player': 3, 'npc': 1} memory=6 {'monster': 2, 'player': 4} paired=2 median=0.009 unleveled=10:警衛,19:?
2026-09-27 11:50:04.727  INFO   session     Entity shadow: vision=3 {'player': 2, 'npc': 1} memory=2 {'player': 1, 'monster': 1} paired=1 median=0.008 unleveled=10:警衛
2026-09-27 11:50:09.890  INFO   session     Entity shadow: vision=2 {'player': 2} memory=1 {'player': 1} paired=1 median=0.036
2026-09-27 11:50:11.072  INFO   decision    mode=traveling behavior=traveling action=traveling target=- reason='enter farm area' status=success (repeat)
2026-09-27 11:50:15.158  INFO   session     Entity shadow: vision=3 {'player': 2, 'npc': 1} memory=2 {'monster': 1, 'player': 1} paired=1 median=0.007 unleveled=68:警衛
2026-09-27 11:50:20.404  INFO   session     Entity shadow: vision=4 {'player': 2, 'npc': 2} memory=3 {'player': 1, 'monster': 2} paired=1 median=0.050 unleveled=10:警衛,68:警衛
2026-09-27 11:50:25.637  INFO   session     Entity shadow: vision=4 {'player': 2, 'npc': 2} memory=2 {'monster': 2} paired=0 median=0.000 unleveled=10:警衛,68:警衛
2026-09-27 11:50:27.468  INFO   decision    mode=traveling behavior=traveling action=traveling target=- reason='enter farm area' status=success (repeat)
2026-09-27 11:50:30.799  INFO   session     Entity shadow: vision=4 {'player': 1, 'npc': 3} memory=3 {'monster': 3} paired=0 median=0.000 unleveled=10:警衛,68:警衛
2026-09-27 11:50:35.989  INFO   session     Entity shadow: vision=2 {'player': 1, 'npc': 1} memory=0 {} paired=0 median=0.000
2026-09-27 11:50:41.032  INFO   session     Entity shadow: vision=1 {'player': 1} memory=0 {} paired=0 median=0.000
2026-09-27 11:50:42.860  INFO   decision    mode=traveling behavior=traveling action=traveling target=- reason='enter farm area' status=success (repeat)
2026-09-27 11:50:46.259  INFO   session     Entity shadow: vision=1 {'player': 1} memory=1 {'monster': 1} paired=0 median=0.000 unleveled=189:鹿
2026-09-27 11:50:47.331  INFO   decision    mode=traveling behavior=combat action=attack target=41 reason='engage target' status=success
2026-09-27 11:50:47.965  INFO   decision    mode=traveling behavior=traveling action=traveling target=- reason='enter farm area' status=success
2026-09-27 11:50:48.358  INFO   decision    mode=traveling behavior=loot action=searching target=42 reason='walk onto item' status=success
2026-09-27 11:50:51.541  INFO   session     Entity shadow: vision=4 {'player': 3, 'item': 1} memory=4 {'player': 1, 'monster': 2, 'item': 1} paired=2 median=0.023 unleveled=206:兔子,209:兔子
2026-09-27 11:50:54.212  INFO   decision    mode=traveling behavior=traveling action=traveling target=- reason='enter farm area' status=success
2026-09-27 11:50:56.857  INFO   session     Entity shadow: vision=2 {'player': 2} memory=3 {'monster': 3} paired=0 median=0.000 unleveled=189:鹿,209:兔子,206:兔子
2026-09-27 11:51:02.088  INFO   session     Entity shadow: vision=1 {'player': 1} memory=3 {'monster': 3} paired=0 median=0.000 unleveled=189:鹿,209:兔子,206:兔子
2026-09-27 11:51:06.386  INFO   decision    mode=traveling behavior=combat action=attack target=50 reason='engage target' status=success
2026-09-27 11:51:07.330  INFO   session     Entity shadow: vision=1 {'player': 1} memory=4 {'monster': 4} paired=0 median=0.000 unleveled=206:兔子,209:兔子
2026-09-27 11:51:12.577  INFO   session     Entity shadow: vision=1 {'player': 1} memory=4 {'monster': 4} paired=0 median=0.000 unleveled=206:兔子,209:兔子
2026-09-27 11:51:17.675  INFO   session     Entity shadow: vision=1 {'monster': 1} memory=4 {'monster': 4} paired=0 median=0.000 unleveled=189:鹿,14:青蛙
2026-09-27 11:51:22.829  INFO   session     Entity shadow: vision=1 {'monster': 1} memory=4 {'monster': 4} paired=1 median=0.027 unleveled=189:鹿,14:青蛙
2026-09-27 11:51:23.890  INFO   decision    mode=traveling behavior=combat action=attack target=50 reason='attack target' status=success (repeat)
2026-09-27 11:51:24.547  INFO   session     일시정지 — 단축키
2026-09-27 11:51:30.869  INFO   session     일시정지 / 재개 → 실행 중
2026-09-27 11:51:31.243  INFO   session     Entity shadow: vision=0 {} memory=4 {'monster': 4} paired=0 median=0.000 unleveled=14:青蛙,189:鹿
2026-09-27 11:51:31.332  INFO   decision    mode=traveling behavior=heal action=heal target=- reason='recover hp' status=success
2026-09-27 11:51:37.056  INFO   session     Entity shadow: vision=0 {} memory=4 {'monster': 4} paired=0 median=0.000 unleveled=189:鹿,14:青蛙
2026-09-27 11:51:42.180  INFO   session     일시정지 — 단축키
2026-09-27 11:52:39.796  INFO   session     재개 → 실행 중
2026-09-27 11:52:40.087  INFO   session     Entity shadow: vision=0 {} memory=3 {'monster': 3} paired=0 median=0.000 unleveled=189:鹿
2026-09-27 11:52:45.916  INFO   session     Entity shadow: vision=0 {} memory=3 {'monster': 3} paired=0 median=0.000 unleveled=189:鹿
2026-09-27 11:52:48.186  INFO   session     일시정지 — 단축키
2026-09-27 11:59:26.082  INFO   session     정지 → 중지됨
2026-09-27 11:59:26.308  INFO   session     봇 작업이 종료되었습니다
