2026-09-29 22:45:38.409  INFO   session     Loading Manmabot from D:\KRR\1.LCBot\ManmabotV1_final\engine
2026-09-29 22:45:38.472  INFO   session     Session log D:\KRR\1.LCBot\ManmabotV1_final\engine\logs\bot-20260929-224538.log
2026-09-29 22:45:38.752  INFO   session     character=elf loot=all_items game_lang=ko map=talking_island farms=['area_1', 'area_3'] file=D:\KRR\1.LCBot\ManmabotV1_final\engine\logs\bot-20260929-224538.log
2026-09-29 22:45:38.817  INFO   nav         building portal graph (cluster=32, 512x576)
2026-09-29 22:45:39.578  INFO   nav         portal graph: 189 components, 729 ms
2026-09-29 22:45:39.831  INFO   nav         farms=2 safe=11 home=(385, 246) (files farm=D:\KRR\1.LCBot\ManmabotV1_final\engine\maps\talking_island\farms.yaml safe=D:\KRR\1.LCBot\ManmabotV1_final\engine\maps\talking_island\safe.yaml home=D:\KRR\1.LCBot\ManmabotV1_final\engine\maps\talking_island\home.yaml)
2026-09-29 22:45:39.980  INFO   capture     mss window capture process='LC.exe' title=None content_aspect=4:3
2026-09-29 22:45:40.624  INFO   session     Entity clicks use memory names, species, and world cells. Image recognition still runs. Set memory.entity_source to vision to restore image-only clicks.
2026-09-29 22:45:40.932  INFO   session     Player memory is read in this process (realtime_monitor.dll, offsets.json). No separate console.
2026-09-29 22:45:40.980  INFO   session     인벤토리 수신 시작 · inv.json 시드 · hp=42 화살=9151 은화살=0 해독=0 (백그라운드 실시간 스캔)
2026-09-29 22:45:41.029  INFO   session     메모리에서 핫바 24칸을 읽는 중…
2026-09-29 22:45:41.856  INFO   session     핫바 스캔 완료 · 파워 업@box1/f5, 아머 업@box1/f6, 라이트@box1/f7, 힐@box1/f8, HP 물약@box2/f9, 텔레포트@box1/f10, 마법 공격@box1/f12, 말하는 두루마리@box2/f5, 마더 트리@box2/f6, HP를 MP로@box2/f7
2026-09-29 22:45:42.011  INFO   session     매핑되지 않은 핫바 아이콘: box1/f8:SPELL, box1/f11:아데나, box1/f12:화살, box2/f10:상쾌한 빨간 물약, box2/f12:속도향상 물약, box3/f10:SPELL
2026-09-29 22:45:42.083  INFO   session     루프 준비 · 요정 · 한국어 · 맵=말하는 섬 · 룻=전부 줍기 · 구역=구역 1, 구역 3
2026-09-29 22:45:42.950  INFO   session     Entity shadow: vision=22 {'player': 22} memory=40 {'player': 36, 'npc': 4} paired=22 median=0.027
2026-09-29 22:45:42.998  INFO   session     인벤토리 수신 준비 (dll) · hp=42 화살=9129 은화살=0 해독=0
2026-09-29 22:45:43.056  INFO   nav         talking scroll emit spot=ti_spellbook purpose= reason=return to selected hunt map
2026-09-29 22:45:43.056  INFO   decision    mode=farming goal=talking_scroll action=use_talking_scroll target=- sticky=- origin=(1132,-32) shop=0 scrolled=0 reason='return to selected hunt map' status=success
2026-09-29 22:45:45.611  INFO   decision    mode=farming goal=talking_scroll action=idle target=- sticky=- origin=(1132,-32) shop=0 scrolled=0 reason='waiting talking scroll (hunt map)' status=success
2026-09-29 22:45:45.914  INFO   search      farm branch=none (wander/search next)
2026-09-29 22:45:46.101  INFO   travel      return/enter farm needed at (299,387)
2026-09-29 22:45:46.129  INFO   search      farm branch=none (wander/search next)
2026-09-29 22:45:46.281  INFO   travel      hop begin wp=(306, 394) purpose=enter_farm reason=enter farm area
2026-09-29 22:45:46.284  INFO   decision    mode=traveling goal=traveling action=traveling target=- sticky=- origin=(299,387) shop=0 scrolled=0 reason='enter farm area' status=success
2026-09-29 22:45:46.710  INFO   search      farm branch=none (wander/search next)
2026-09-29 22:45:46.947  INFO   search      farm branch=none (wander/search next)
2026-09-29 22:45:47.762  INFO   search      farm branch=none (wander/search next)
2026-09-29 22:45:48.437  INFO   travel      hop begin wp=(305, 393) purpose=enter_farm reason=enter farm area
2026-09-29 22:45:48.437  INFO   session     일시정지 — 단축키
