2026-09-21 09:33:43.653  INFO   session     Loading Manmabot from D:\ManmabotV1\engine
2026-09-21 09:33:43.655  INFO   session     Session log D:\ManmabotV1\engine\logs\bot-20260921-093343.log
2026-09-21 09:33:43.655  INFO   session     character=elf loot=all_items game_lang=ko map=talking_island farms=['area_1', 'area_2', 'area_3', 'area_4'] file=D:\ManmabotV1\engine\logs\bot-20260921-093343.log
2026-09-21 09:33:43.717  INFO   nav         building portal graph (cluster=32, 479x511)
2026-09-21 09:33:43.963  INFO   nav         portal graph: 188 components, 246 ms
2026-09-21 09:33:43.969  INFO   nav         farms=4 safe=11 home=(354, 203) (files farm=D:\ManmabotV1\engine\maps\talking_island\farms.yaml safe=D:\ManmabotV1\engine\maps\talking_island\safe.yaml home=D:\ManmabotV1\engine\maps\talking_island\home.yaml)
2026-09-21 09:33:44.248  INFO   capture     mss window capture process='LC.exe' title=None content_aspect=4:3
2026-09-21 09:33:44.634  INFO   session     Entity clicks use memory names, species, and world cells. Image recognition still runs. Set memory.entity_source to vision to restore image-only clicks.
2026-09-21 09:33:44.643  INFO   session     Player memory is read in this process (realtime_monitor.dll, offsets.json). No separate console.
2026-09-21 09:33:44.648  INFO   session     Scanning hotbar (skill boxes 1–3)…
2026-09-21 09:33:45.926  INFO   session     Auto-pause (cursor_outside)
2026-09-21 09:33:46.271  INFO   session     Auto-resume → Running
2026-09-21 09:33:46.549  INFO   session     Auto-pause (cursor_outside)
2026-09-21 09:33:46.931  INFO   session     Auto-resume → Running
2026-09-21 09:33:47.374  INFO   session     Auto-pause (cursor_outside)
2026-09-21 09:33:47.744  INFO   session     Auto-resume → Running
2026-09-21 09:33:48.106  INFO   session     Auto-pause (cursor_outside)
2026-09-21 09:33:48.542  INFO   session     Auto-resume → Running
2026-09-21 09:33:48.909  INFO   session     Auto-pause (cursor_outside)
2026-09-21 09:33:49.210  INFO   session     Auto-resume → Running
2026-09-21 09:33:49.231  INFO   session     Hotbar scan done · hp_potion@box1/f5, talking_scroll@box1/f8
2026-09-21 09:33:49.259  INFO   session     Loop ready · elf · ko · map=talking_island · loot=all_items · farms=['area_1', 'area_2', 'area_3', 'area_4']
2026-09-21 09:33:49.489  INFO   session     Auto-pause (cursor_outside)
2026-09-21 09:33:49.739  INFO   session     Entity shadow: vision=4 {'monster': 1, 'item': 1, 'player': 2} memory=8 {'player': 1, 'monster': 5, 'item': 2} paired=3 median=0.017 unleveled=12:史萊姆
2026-09-21 09:33:49.794  INFO   session     Auto-resume → Running
2026-09-21 09:33:50.110  INFO   decision    mode=farming behavior=search action=searching target=- reason='search area' status=success
2026-09-21 09:33:50.113  INFO   session     Auto-pause (cursor_outside)
2026-09-21 09:33:50.295  INFO   session     Hotkey resume → Running
2026-09-21 09:33:51.330  INFO   session     Auto-pause (cursor_outside)
2026-09-21 09:33:51.624  INFO   session     Auto-resume → Running
2026-09-21 09:33:52.015  INFO   decision    mode=farming behavior=loot action=searching target=- reason='approach item' status=success
2026-09-21 09:33:52.636  INFO   decision    mode=farming behavior=search action=searching target=- reason='search area' status=success
2026-09-21 09:33:53.117  INFO   session     Paused — hotkey
2026-09-21 09:34:00.148  INFO   session     Stop → Stopped
2026-09-21 09:34:05.407  INFO   session     Bot worker exited
