2026-09-24 21:34:57.201  INFO   session     Loading Manmabot from D:\Work\Lineage\ManmabotV1_final\engine
2026-09-24 21:34:57.205  INFO   session     Session log D:\Work\Lineage\ManmabotV1_final\engine\logs\bot-20260924-213457.log
2026-09-24 21:34:57.205  INFO   session     character=elf loot=all_items game_lang=ko map=talking_island farms=['area_2', 'area_1', 'area_3'] file=D:\Work\Lineage\ManmabotV1_final\engine\logs\bot-20260924-213457.log
2026-09-24 21:34:57.424  INFO   nav         building portal graph (cluster=32, 479x511)
2026-09-24 21:34:57.698  INFO   nav         portal graph: 188 components, 274 ms
2026-09-24 21:34:57.729  INFO   nav         farms=3 safe=11 home=(354, 203) (files farm=D:\Work\Lineage\ManmabotV1_final\engine\maps\talking_island\farms.yaml safe=D:\Work\Lineage\ManmabotV1_final\engine\maps\talking_island\safe.yaml home=D:\Work\Lineage\ManmabotV1_final\engine\maps\talking_island\home.yaml)
2026-09-24 21:34:58.051  INFO   capture     mss window capture process='LC.exe' title=None content_aspect=4:3
2026-09-24 21:34:58.393  INFO   session     Entity clicks use memory names, species, and world cells. Image recognition still runs. Set memory.entity_source to vision to restore image-only clicks.
2026-09-24 21:34:58.399  INFO   session     Player memory is read in this process (realtime_monitor.dll, offsets.json). No separate console.
2026-09-24 21:34:58.404  INFO   session     인벤토리를 백그라운드에서 스캔 중 (inventory_listen.dll 또는 inv.json을 두세요).
2026-09-24 21:34:58.430  INFO   session     메모리에서 핫바 24칸을 읽는 중…
2026-09-24 21:34:59.298  INFO   session     핫바 스캔 완료 · 파워 업@box2/f8, 아머 업@box2/f5, 라이트@box1/f10, 힐@box1/f9, HP 물약@box1/f5, 텔레포트@box1/f11, 마법 공격@box1/f12, 말하는 두루마리@box1/f8
2026-09-24 21:34:59.317  INFO   session     매핑되지 않은 핫바 아이콘: box1/f6:화살, box1/f7:아데나
2026-09-24 21:34:59.328  INFO   session     루프 준비 · 요정 · 한국어 · 맵=말하는 섬 · 룻=전부 줍기 · 구역=구역 2, 구역 1, 구역 3
2026-09-24 21:34:59.733  INFO   session     Entity shadow: vision=3 {'player': 1, 'npc': 2} memory=4 {'monster': 3, 'player': 1} paired=0 median=0.000 unleveled=14:青蛙,68:警衛,10:警衛
2026-09-24 21:34:59.791  INFO   session     인벤토리 수신 준비 (dll) · hp=5 화살=791 은화살=5 해독=0
2026-09-24 21:34:59.813  INFO   decision    mode=farming behavior=buff action=buff target=- reason='armor_up' status=success
2026-09-24 21:35:00.621  INFO   decision    mode=traveling behavior=traveling action=traveling target=- reason='enter farm area' status=success
2026-09-24 21:35:02.597  INFO   session     일시정지 — 단축키
2026-09-24 21:35:03.981  INFO   session     정지 → 중지됨
2026-09-24 21:35:04.234  INFO   session     봇 작업이 종료되었습니다
