2026-09-20 22:40:32.521  INFO   session     Loading Manmabot from D:\ManmabotV1\engine
2026-09-20 22:40:32.523  INFO   session     Session log D:\ManmabotV1\engine\logs\bot-20260920-224032.log
2026-09-20 22:40:32.524  INFO   session     character=royal loot=all_items game_lang=ko map=talking_island farms=['area_1', 'area_2', 'area_3', 'area_4'] file=D:\ManmabotV1\engine\logs\bot-20260920-224032.log
2026-09-20 22:40:32.643  INFO   session     Auto-pause (cursor_outside)
2026-09-20 22:40:32.796  INFO   nav         building portal graph (cluster=32, 479x511)
2026-09-20 22:40:33.055  INFO   nav         portal graph: 188 components, 259 ms
2026-09-20 22:40:33.064  INFO   nav         farms=4 safe=11 home=(354, 203) (files farm=D:\ManmabotV1\engine\maps\talking_island\farms.yaml safe=D:\ManmabotV1\engine\maps\talking_island\safe.yaml home=D:\ManmabotV1\engine\maps\talking_island\home.yaml)
2026-09-20 22:40:33.129  INFO   session     Auto-resume → Running
2026-09-20 22:40:33.231  INFO   capture     mss window capture process='LC.exe' title=None content_aspect=4:3
2026-09-20 22:40:33.428  INFO   session     Auto-pause (cursor_outside)
2026-09-20 22:40:33.669  INFO   session     Memory monitor connected
2026-09-20 22:40:33.673  INFO   session     Scanning hotbar (skill boxes 1–3)…
2026-09-20 22:40:33.708  INFO   session     Auto-resume → Running
2026-09-20 22:40:33.973  INFO   session     Auto-pause (cursor_outside)
2026-09-20 22:40:34.240  INFO   session     Auto-resume → Running
2026-09-20 22:40:34.545  INFO   session     Auto-pause (cursor_outside)
2026-09-20 22:40:35.031  INFO   session     Auto-resume → Running
2026-09-20 22:40:35.345  INFO   session     Auto-pause (cursor_outside)
2026-09-20 22:40:35.609  INFO   session     Auto-resume → Running
2026-09-20 22:40:37.876  INFO   session     Hotbar scan done · talking_scroll@box1/f5
2026-09-20 22:40:37.893  INFO   session     Potion restock armed · no hp_potion on hotbar
2026-09-20 22:40:37.896  INFO   session     Loop ready · royal · ko · map=talking_island · loot=all_items · farms=['area_1', 'area_2', 'area_3', 'area_4']
2026-09-20 22:40:38.352  INFO   decision    mode=farming behavior=talking_scroll action=use_talking_scroll target=- reason='go to shop (buy_hp_potions)' status=success
2026-09-20 22:40:39.286  INFO   nav         async nav configure start map=mainland
2026-09-20 22:40:39.453  INFO   decision    mode=farming behavior=shop action=shop_stop target=- reason='stop at shop' status=success
2026-09-20 22:40:39.995  INFO   nav         building portal graph (cluster=32, 1755x1414)
2026-09-20 22:40:43.445  INFO   nav         portal graph: 2586 components, 3450 ms
2026-09-20 22:40:43.450  INFO   nav         farms=6 safe=0 home=None (files farm=D:\ManmabotV1\engine\maps\mainland\farms.yaml safe=D:\ManmabotV1\engine\maps\mainland\safe.yaml home=D:\ManmabotV1\engine\maps\mainland\home.yaml)
2026-09-20 22:40:43.450  INFO   nav         async nav configure done map=mainland (4164 ms)
2026-09-20 22:40:43.589  INFO   decision    mode=traveling behavior=traveling action=traveling target=- reason='unstick' status=success
2026-09-20 22:40:53.224  INFO   decision    mode=traveling behavior=traveling action=traveling target=- reason='walk to shop (buy_hp_potions)' status=success (repeat)
2026-09-20 22:40:59.964  INFO   session     Auto-pause (cursor_outside)
2026-09-20 22:41:16.762  INFO   session     Auto-resume → Running
2026-09-20 22:41:19.201  INFO   decision    mode=traveling behavior=traveling action=traveling target=- reason='unstick' status=success (repeat)
2026-09-20 22:41:23.979  INFO   session     Auto-pause (cursor_outside)
2026-09-20 22:41:24.264  INFO   session     Auto-resume → Running
2026-09-20 22:41:25.937  INFO   session     Auto-pause (cursor_outside)
2026-09-20 22:41:26.212  INFO   session     Auto-resume → Running
2026-09-20 22:41:27.028  INFO   session     Auto-pause (cursor_outside)
2026-09-20 22:41:27.311  INFO   session     Auto-resume → Running
2026-09-20 22:41:27.576  INFO   session     Auto-pause (not_focused)
2026-09-20 22:41:33.978  INFO   session     Auto-resume → Running
2026-09-20 22:41:34.792  INFO   session     Auto-pause (cursor_outside)
2026-09-20 22:42:21.635  INFO   session     Auto-resume → Running
2026-09-20 22:42:21.901  INFO   session     Auto-pause (cursor_outside)
2026-09-20 22:42:22.168  INFO   session     Auto-resume → Running
2026-09-20 22:42:22.696  INFO   session     Auto-pause (cursor_outside)
2026-09-20 22:42:22.968  INFO   session     Auto-resume → Running
2026-09-20 22:42:23.838  INFO   decision    mode=traveling behavior=traveling action=traveling target=- reason='walk to shop (buy_hp_potions)' status=success (repeat)
2026-09-20 22:42:25.595  INFO   session     Stop → Stopped
2026-09-20 22:42:32.578  INFO   session     Bot worker exited
