2026-09-24 01:27:25.404  INFO   session     Loading Manmabot from D:\Work\Lineage\ManmabotV1_final\engine
2026-09-24 01:27:25.407  INFO   session     Session log D:\Work\Lineage\ManmabotV1_final\engine\logs\bot-20260924-012725.log
2026-09-24 01:27:25.407  INFO   session     character=elf loot=all_items game_lang=ko map=talking_island farms=['area_3', 'area_2'] file=D:\Work\Lineage\ManmabotV1_final\engine\logs\bot-20260924-012725.log
2026-09-24 01:27:25.463  INFO   nav         building portal graph (cluster=32, 479x511)
2026-09-24 01:27:25.734  INFO   nav         portal graph: 188 components, 271 ms
2026-09-24 01:27:25.740  INFO   nav         farms=2 safe=11 home=(354, 203) (files farm=D:\Work\Lineage\ManmabotV1_final\engine\maps\talking_island\farms.yaml safe=D:\Work\Lineage\ManmabotV1_final\engine\maps\talking_island\safe.yaml home=D:\Work\Lineage\ManmabotV1_final\engine\maps\talking_island\home.yaml)
2026-09-24 01:27:25.756  INFO   capture     mss window capture process='LC.exe' title=None content_aspect=4:3
2026-09-24 01:27:26.090  INFO   session     Entity clicks use memory names, species, and world cells. Image recognition still runs. Set memory.entity_source to vision to restore image-only clicks.
2026-09-24 01:27:26.097  INFO   session     Player memory is read in this process (realtime_monitor.dll, offsets.json). No separate console.
2026-09-24 01:27:26.104  INFO   session     Inventory listen scanning in background (build inventory_listen.dll or place inv.json).
2026-09-24 01:27:26.109  INFO   session     Reading hotbar from memory (24 slots)…
2026-09-24 01:27:26.195  INFO   session     Hotbar scan done · hp_potion@box1/f5, talking_scroll@box1/f8
2026-09-24 01:27:26.198  INFO   session     Unmapped hotbar icons: box1/f6:+0 화살 (2,447), box1/f7:아데나 (578), box1/f12:상쾌한 초록 물약
2026-09-24 01:27:26.207  INFO   session     Loop ready · elf · ko · map=talking_island · loot=all_items · farms=['area_3', 'area_2']
2026-09-24 01:27:26.514  INFO   session     Entity shadow: vision=4 {'npc': 2, 'player': 2} memory=6 {'player': 1, 'monster': 2, 'npc': 3} paired=1 median=0.014 unleveled=68:警衛,10:警衛
2026-09-24 01:27:26.527  INFO   session     Inventory listen ready (dll) · hp=6 arrows=2447 silver=5 depoison=0
2026-09-24 01:27:26.580  INFO   decision    mode=farming behavior=talking_scroll action=use_talking_scroll target=- reason='go to shop (buy_hp_potions_mainland)' status=success
2026-09-24 01:27:29.462  INFO   nav         async nav configure start map=mainland
2026-09-24 01:27:30.611  INFO   decision    mode=farming behavior=shop action=shop_stop target=- reason='stop at shop' status=success
2026-09-24 01:27:30.630  INFO   nav         building portal graph (cluster=32, 1755x1414)
2026-09-24 01:27:34.379  INFO   nav         portal graph: 2586 components, 3749 ms
2026-09-24 01:27:34.385  INFO   nav         farms=6 safe=0 home=None (files farm=D:\Work\Lineage\ManmabotV1_final\engine\maps\mainland\farms.yaml safe=D:\Work\Lineage\ManmabotV1_final\engine\maps\mainland\safe.yaml home=D:\Work\Lineage\ManmabotV1_final\engine\maps\mainland\home.yaml)
2026-09-24 01:27:34.385  INFO   nav         async nav configure done map=mainland (4923 ms)
2026-09-24 01:27:34.628  INFO   session     Entity shadow: vision=37 {'player': 30, 'npc': 2, 'monster': 5} memory=68 {'player': 59, 'npc': 8, 'monster': 1} paired=33 median=0.043 unleveled=319:?
2026-09-24 01:27:34.714  INFO   decision    mode=farming behavior=shop action=shop_buy_arrows target=- reason='shop:buy_hp_potions_mainland' status=success
2026-09-24 01:27:40.264  INFO   session     Entity shadow: vision=33 {'player': 30, 'monster': 1, 'npc': 2} memory=69 {'player': 60, 'npc': 8, 'monster': 1} paired=32 median=0.031 unleveled=319:?
2026-09-24 01:27:40.301  INFO   decision    mode=farming behavior=talking_scroll action=use_talking_scroll target=- reason='return to farm map after shop' status=success
2026-09-24 01:27:40.503  INFO   session     Paused — hotkey
2026-09-24 01:27:42.973  INFO   nav         async nav configure start map=talking_island
2026-09-24 01:27:43.027  INFO   nav         building portal graph (cluster=32, 479x511)
2026-09-24 01:27:43.283  INFO   nav         portal graph: 188 components, 256 ms
2026-09-24 01:27:43.288  INFO   nav         farms=4 safe=11 home=(354, 203) (files farm=D:\Work\Lineage\ManmabotV1_final\engine\maps\talking_island\farms.yaml safe=D:\Work\Lineage\ManmabotV1_final\engine\maps\talking_island\safe.yaml home=D:\Work\Lineage\ManmabotV1_final\engine\maps\talking_island\home.yaml)
2026-09-24 01:27:43.288  INFO   nav         async nav configure done map=talking_island (315 ms)
2026-09-24 01:27:49.382  INFO   session     Stop → Stopped
2026-09-24 01:27:49.655  INFO   session     Bot worker exited
