2026-09-24 22:00:52.235  INFO   session     Loading Manmabot from D:\Work\Lineage\ManmabotV1_final\engine
2026-09-24 22:00:52.238  INFO   session     Session log D:\Work\Lineage\ManmabotV1_final\engine\logs\bot-20260924-220052.log
2026-09-24 22:00:52.238  INFO   session     character=elf loot=all_items game_lang=ko map=talking_island farms=['area_2', 'area_1', 'area_3'] file=D:\Work\Lineage\ManmabotV1_final\engine\logs\bot-20260924-220052.log
2026-09-24 22:00:52.450  INFO   nav         building portal graph (cluster=32, 479x511)
2026-09-24 22:00:52.705  INFO   nav         portal graph: 188 components, 255 ms
2026-09-24 22:00:52.712  INFO   nav         farms=3 safe=11 home=(354, 203) (files farm=D:\Work\Lineage\ManmabotV1_final\engine\maps\talking_island\farms.yaml safe=D:\Work\Lineage\ManmabotV1_final\engine\maps\talking_island\safe.yaml home=D:\Work\Lineage\ManmabotV1_final\engine\maps\talking_island\home.yaml)
2026-09-24 22:00:53.016  INFO   capture     mss window capture process='LC.exe' title=None content_aspect=4:3
2026-09-24 22:00:53.378  INFO   session     Entity clicks use memory names, species, and world cells. Image recognition still runs. Set memory.entity_source to vision to restore image-only clicks.
2026-09-24 22:00:53.385  INFO   session     Player memory is read in this process (realtime_monitor.dll, offsets.json). No separate console.
2026-09-24 22:00:53.390  INFO   session     인벤토리를 백그라운드에서 스캔 중 (inventory_listen.dll 또는 inv.json을 두세요).
2026-09-24 22:00:53.416  INFO   session     메모리에서 핫바 24칸을 읽는 중…
2026-09-24 22:00:53.582  INFO   session     핫바 스캔 완료 · 파워 업@box2/f8, 아머 업@box2/f5, 라이트@box1/f10, 힐@box1/f9, HP 물약@box1/f5, 텔레포트@box1/f11, 마법 공격@box1/f12, 말하는 두루마리@box1/f8
2026-09-24 22:00:53.601  INFO   session     매핑되지 않은 핫바 아이콘: box1/f6:화살, box1/f7:아데나
2026-09-24 22:00:53.638  INFO   session     루프 준비 · 요정 · 한국어 · 맵=말하는 섬 · 룻=전부 줍기 · 구역=구역 2, 구역 1, 구역 3
2026-09-24 22:00:54.034  INFO   session     Entity shadow: vision=2 {'player': 1, 'monster': 1} memory=2 {'npc': 2} paired=0 median=0.000
2026-09-24 22:00:54.054  INFO   session     인벤토리 수신 준비 (dll) · hp=5 화살=752 은화살=5 해독=0
2026-09-24 22:00:54.074  INFO   decision    mode=farming behavior=buff action=buff target=- reason='armor_up' status=success
2026-09-24 22:00:54.769  INFO   decision    mode=traveling behavior=traveling action=traveling target=- reason='enter farm area' status=success
2026-09-24 22:00:59.144  INFO   session     Entity shadow: vision=1 {'player': 1} memory=2 {'npc': 2} paired=0 median=0.000
2026-09-24 22:01:03.943  INFO   decision    mode=traveling behavior=traveling action=traveling target=- reason='enter farm area' status=success (repeat)
2026-09-24 22:01:04.123  INFO   decision    mode=traveling behavior=buff action=buff target=- reason='light' status=success
2026-09-24 22:01:04.550  INFO   session     Entity shadow: vision=1 {'player': 1} memory=2 {'npc': 2} paired=0 median=0.000
2026-09-24 22:01:04.593  INFO   decision    mode=traveling behavior=traveling action=traveling target=- reason='enter farm area' status=success
2026-09-24 22:01:09.551  INFO   decision    mode=traveling behavior=combat action=attack target=3 reason='engage target' status=success
2026-09-24 22:01:10.011  INFO   session     Entity shadow: vision=3 {'player': 1, 'monster': 1, 'npc': 1} memory=1 {'monster': 1} paired=1 median=0.018
2026-09-24 22:01:15.223  INFO   session     Entity shadow: vision=2 {'player': 1, 'monster': 1} memory=1 {'monster': 1} paired=1 median=0.033
2026-09-24 22:01:16.414  INFO   decision    mode=traveling behavior=traveling action=traveling target=- reason='enter farm area' status=success
2026-09-24 22:01:20.357  INFO   session     Entity shadow: vision=1 {'player': 1} memory=0 {} paired=0 median=0.000
2026-09-24 22:01:24.860  INFO   decision    mode=traveling behavior=combat action=attack target=5 reason='engage target' status=success
2026-09-24 22:01:25.640  INFO   session     Entity shadow: vision=3 {'player': 2, 'monster': 1} memory=2 {'monster': 1, 'player': 1} paired=2 median=0.028
2026-09-24 22:01:27.989  INFO   decision    mode=traveling behavior=loot action=searching target=7 reason='walk onto item' status=success
2026-09-24 22:01:30.871  INFO   session     Entity shadow: vision=4 {'player': 3, 'item': 1} memory=3 {'player': 2, 'item': 1} paired=3 median=0.011
2026-09-24 22:01:32.638  INFO   decision    mode=traveling behavior=traveling action=traveling target=- reason='enter farm area' status=success
2026-09-24 22:01:34.687  INFO   decision    mode=traveling behavior=loot action=searching target=11 reason='walk onto item' status=success
2026-09-24 22:01:35.895  INFO   session     Entity shadow: vision=6 {'player': 4, 'monster': 2} memory=6 {'monster': 3, 'player': 3} paired=5 median=0.025
2026-09-24 22:01:35.928  INFO   decision    mode=traveling behavior=combat action=attack target=13 reason='engage target' status=success
2026-09-24 22:01:39.354  INFO   decision    mode=traveling behavior=combat action=attack target=15 reason='engage target' status=success
2026-09-24 22:01:41.084  INFO   session     Entity shadow: vision=4 {'player': 3, 'monster': 1} memory=4 {'monster': 2, 'player': 2} paired=3 median=0.021
2026-09-24 22:01:42.588  INFO   decision    mode=traveling behavior=loot action=searching target=16 reason='walk onto item' status=success
2026-09-24 22:01:43.707  INFO   decision    mode=traveling behavior=combat action=attack target=12 reason='engage target' status=success
2026-09-24 22:01:44.315  INFO   decision    mode=traveling behavior=traveling action=traveling target=- reason='enter farm area' status=success
2026-09-24 22:01:46.130  INFO   session     Entity shadow: vision=3 {'player': 2, 'item': 1} memory=4 {'player': 2, 'monster': 2} paired=1 median=0.033 unleveled=12:史萊姆
2026-09-24 22:01:50.027  INFO   decision    mode=traveling behavior=combat action=attack target=19 reason='engage target' status=success
2026-09-24 22:01:51.129  INFO   decision    mode=traveling behavior=loot action=searching target=20 reason='walk onto item' status=success
2026-09-24 22:01:51.432  INFO   session     Entity shadow: vision=8 {'player': 4, 'monster': 3, 'item': 1} memory=7 {'player': 3, 'monster': 3, 'item': 1} paired=5 median=0.034 unleveled=12:史萊姆
2026-09-24 22:01:54.415  INFO   decision    mode=traveling behavior=loot action=searching target=23 reason='walk onto item' status=success
2026-09-24 22:01:55.828  INFO   decision    mode=traveling behavior=combat action=attack target=21 reason='engage target' status=success
2026-09-24 22:01:56.530  INFO   session     Entity shadow: vision=7 {'item': 1, 'monster': 5, 'player': 1} memory=5 {'monster': 3, 'player': 1, 'item': 1} paired=3 median=0.015 unleveled=12:史萊姆
2026-09-24 22:02:01.050  INFO   decision    mode=traveling behavior=? action=teleport target=- reason='escape teleport (surrounded x4)' status=success
2026-09-24 22:02:02.050  INFO   session     Entity shadow: vision=9 {'monster': 6, 'player': 2, 'item': 1} memory=6 {'monster': 4, 'player': 1, 'item': 1} paired=4 median=0.033 unleveled=12:史萊姆
2026-09-24 22:02:02.101  INFO   decision    mode=traveling behavior=combat action=attack target=24 reason='attack target' status=success
2026-09-24 22:02:02.959  INFO   decision    mode=traveling behavior=traveling action=traveling target=- reason='enter farm area' status=success
2026-09-24 22:02:07.143  INFO   session     Entity shadow: vision=3 {'player': 3} memory=3 {'player': 2, 'monster': 1} paired=2 median=0.021 unleveled=12:史萊姆
2026-09-24 22:02:09.306  INFO   decision    mode=traveling behavior=loot action=searching target=31 reason='walk onto item' status=success
2026-09-24 22:02:12.396  INFO   session     Entity shadow: vision=7 {'player': 4, 'monster': 2, 'item': 1} memory=4 {'player': 2, 'monster': 1, 'item': 1} paired=4 median=0.034
2026-09-24 22:02:12.751  INFO   decision    mode=traveling behavior=traveling action=traveling target=- reason='enter farm area' status=success
2026-09-24 22:02:16.864  INFO   decision    mode=retreating behavior=talking_scroll action=use_talking_scroll target=- reason='retreat, 마법서 상인' status=success
2026-09-24 22:02:17.703  INFO   session     Entity shadow: vision=1 {'player': 1} memory=0 {} paired=0 median=0.000
2026-09-24 22:02:17.742  INFO   decision    mode=retreating behavior=heal action=heal target=- reason='recover hp' status=success
2026-09-24 22:02:21.421  INFO   decision    mode=traveling behavior=traveling action=traveling target=- reason='return to farm after retreat' status=success
2026-09-24 22:02:22.751  INFO   session     Entity shadow: vision=4 {'npc': 2, 'player': 2} memory=6 {'player': 1, 'monster': 2, 'npc': 3} paired=1 median=0.030 unleveled=68:警衛,10:警衛
2026-09-24 22:02:26.042  INFO   decision    mode=traveling behavior=combat action=attack target=42 reason='engage target' status=success
2026-09-24 22:02:27.851  INFO   session     Entity shadow: vision=3 {'player': 1, 'npc': 2} memory=5 {'monster': 2, 'npc': 3} paired=1 median=0.107 unleveled=10:警衛
2026-09-24 22:02:31.762  INFO   decision    mode=traveling behavior=loot action=searching target=43 reason='walk onto item' status=success
2026-09-24 22:02:32.037  INFO   decision    mode=traveling behavior=loot action=pickup target=43 reason='loot target' status=success
2026-09-24 22:02:32.392  INFO   decision    mode=traveling behavior=loot action=idle target=- reason='pickup settle' status=success
2026-09-24 22:02:32.854  INFO   decision    mode=traveling behavior=traveling action=traveling target=- reason='return to farm after retreat' status=success
2026-09-24 22:02:33.115  INFO   session     Entity shadow: vision=2 {'npc': 1, 'player': 1} memory=4 {'monster': 1, 'npc': 3} paired=1 median=0.120 unleveled=10:警衛
2026-09-24 22:02:37.536  INFO   session     일시정지 — 단축키
2026-09-24 22:03:17.558  INFO   session     정지 → 중지됨
2026-09-24 22:03:17.798  INFO   session     봇 작업이 종료되었습니다
