2026-09-21 22:37:47.201  INFO   session     Loading Manmabot from D:\Work\ManmabotV1_final\engine
2026-09-21 22:37:47.204  INFO   session     Session log D:\Work\ManmabotV1_final\engine\logs\bot-20260921-223747.log
2026-09-21 22:37:47.204  INFO   session     character=elf loot=all_items game_lang=ko map=talking_island farms=['area_1', 'area_2', 'area_3', 'area_4'] file=D:\Work\ManmabotV1_final\engine\logs\bot-20260921-223747.log
2026-09-21 22:37:47.262  INFO   nav         building portal graph (cluster=32, 479x511)
2026-09-21 22:37:47.513  INFO   nav         portal graph: 188 components, 251 ms
2026-09-21 22:37:47.518  INFO   nav         farms=4 safe=11 home=(354, 203) (files farm=D:\Work\ManmabotV1_final\engine\maps\talking_island\farms.yaml safe=D:\Work\ManmabotV1_final\engine\maps\talking_island\safe.yaml home=D:\Work\ManmabotV1_final\engine\maps\talking_island\home.yaml)
2026-09-21 22:37:47.534  INFO   capture     mss window capture process='LC.exe' title=None content_aspect=4:3
2026-09-21 22:37:47.861  INFO   session     Entity clicks use memory names, species, and world cells. Image recognition still runs. Set memory.entity_source to vision to restore image-only clicks.
2026-09-21 22:37:47.867  INFO   session     Player memory is read in this process (realtime_monitor.dll, offsets.json). No separate console.
2026-09-21 22:37:47.873  INFO   session     Inventory listen started · inv.json seed · hp=26 arrows=477 silver=0 depoison=0 (live scan in background)
2026-09-21 22:37:47.881  INFO   session     Scanning hotbar (skill boxes 1–3)…
2026-09-21 22:37:51.866  INFO   session     Hotbar scan done · hp_potion@box1/f5, talking_scroll@box1/f8
2026-09-21 22:37:51.869  INFO   session     Loop ready · elf · ko · map=talking_island · loot=all_items · farms=['area_1', 'area_2', 'area_3', 'area_4']
2026-09-21 22:37:52.167  INFO   session     Entity shadow: vision=3 {'npc': 2, 'player': 1} memory=5 {'monster': 2, 'npc': 3} paired=0 median=0.000 unleveled=68:警衛,10:警衛
2026-09-21 22:37:52.213  INFO   decision    mode=traveling behavior=traveling action=traveling target=- reason='enter farm area' status=success
2026-09-21 22:37:57.360  INFO   session     Entity shadow: vision=4 {'monster': 1, 'npc': 2, 'player': 1} memory=5 {'player': 1, 'monster': 2, 'npc': 2} paired=1 median=0.058 unleveled=68:警衛,10:警衛
2026-09-21 22:37:57.930  INFO   decision    mode=traveling behavior=combat action=attack target=7 reason='engage target' status=success
2026-09-21 22:38:02.494  INFO   session     Entity shadow: vision=5 {'player': 2, 'item': 1, 'npc': 2} memory=6 {'monster': 4, 'item': 1, 'player': 1} paired=2 median=0.063 unleveled=68:警衛,10:警衛
2026-09-21 22:38:02.717  INFO   action      cursor give-up id=7 item=false reason=cursor=normal/normal score=1.000 not allowed
2026-09-21 22:38:02.960  INFO   decision    mode=traveling behavior=combat action=attack target=9 reason='engage target' status=success
2026-09-21 22:38:03.739  INFO   action      cursor give-up id=9 item=false reason=cursor=normal/normal score=1.000 not allowed
2026-09-21 22:38:03.880  INFO   decision    mode=traveling behavior=loot action=searching target=- reason='approach item' status=success
2026-09-21 22:38:06.937  INFO   decision    mode=traveling behavior=loot action=pickup target=8 reason='loot target' status=success
2026-09-21 22:38:07.558  INFO   session     Entity shadow: vision=2 {'item': 1, 'monster': 1} memory=3 {'monster': 2, 'item': 1} paired=2 median=0.036
2026-09-21 22:38:08.298  INFO   decision    mode=traveling behavior=traveling action=traveling target=- reason='enter farm area' status=success
2026-09-21 22:38:09.718  INFO   decision    mode=traveling behavior=combat action=attack target=10 reason='engage target' status=success
2026-09-21 22:38:10.505  INFO   action      cursor give-up id=10 item=false reason=cursor=normal/normal score=1.000 not allowed
2026-09-21 22:38:10.707  INFO   decision    mode=traveling behavior=traveling action=traveling target=- reason='enter farm area' status=success
2026-09-21 22:38:11.613  INFO   decision    mode=traveling behavior=combat action=attack target=11 reason='engage target' status=success
2026-09-21 22:38:12.333  INFO   action      cursor give-up id=11 item=false reason=cursor=normal/normal score=1.000 not allowed
2026-09-21 22:38:12.521  INFO   decision    mode=traveling behavior=traveling action=traveling target=- reason='enter farm area' status=success
2026-09-21 22:38:12.738  INFO   session     Entity shadow: vision=1 {'monster': 1} memory=3 {'monster': 3} paired=1 median=0.015
2026-09-21 22:38:15.401  INFO   decision    mode=traveling behavior=combat action=attack target=12 reason='engage target' status=success
2026-09-21 22:38:17.873  INFO   session     Entity shadow: vision=2 {'player': 1, 'monster': 1} memory=2 {'monster': 2} paired=1 median=0.019
2026-09-21 22:38:22.005  INFO   action      cursor give-up id=12 item=false reason=cursor=normal/normal score=1.000 not allowed
2026-09-21 22:38:22.153  INFO   decision    mode=traveling behavior=traveling action=traveling target=- reason='enter farm area' status=success
2026-09-21 22:38:22.879  INFO   session     Entity shadow: vision=3 {'player': 1, 'item': 1, 'monster': 1} memory=3 {'monster': 2, 'item': 1} paired=2 median=0.064
2026-09-21 22:38:22.921  INFO   decision    mode=traveling behavior=loot action=searching target=- reason='approach item' status=success
2026-09-21 22:38:25.192  INFO   decision    mode=traveling behavior=combat action=attack target=15 reason='engage target' status=success
2026-09-21 22:38:25.813  INFO   session     Inventory listen ready (dll) · hp=25 arrows=2450 silver=0 depoison=0
2026-09-21 22:38:26.006  INFO   action      cursor give-up id=15 item=false reason=cursor=normal/normal score=1.000 not allowed
2026-09-21 22:38:26.227  INFO   decision    mode=traveling behavior=combat action=attack target=18 reason='engage target' status=success
2026-09-21 22:38:26.973  INFO   action      cursor give-up id=18 item=false reason=cursor=normal/normal score=1.000 not allowed
2026-09-21 22:38:27.148  INFO   decision    mode=traveling behavior=loot action=searching target=- reason='approach item' status=success
2026-09-21 22:38:27.886  INFO   session     Entity shadow: vision=4 {'player': 1, 'item': 3} memory=7 {'monster': 3, 'item': 4} paired=3 median=0.027
2026-09-21 22:38:32.897  INFO   session     Entity shadow: vision=4 {'item': 3, 'player': 1} memory=8 {'player': 1, 'monster': 3, 'item': 4} paired=4 median=0.016
2026-09-21 22:38:33.984  INFO   decision    mode=traveling behavior=combat action=attack target=9 reason='engage target' status=success
2026-09-21 22:38:35.371  INFO   action      cursor give-up id=9 item=false reason=cursor=normal/normal score=1.000 not allowed
2026-09-21 22:38:35.541  INFO   decision    mode=traveling behavior=loot action=searching target=- reason='approach item' status=success
2026-09-21 22:38:37.948  INFO   session     Entity shadow: vision=6 {'item': 5, 'player': 1} memory=9 {'player': 1, 'monster': 3, 'item': 5} paired=4 median=0.013
2026-09-21 22:38:39.320  INFO   decision    mode=traveling behavior=survival_potion action=use_hp_potion target=- reason='low hp' status=success
2026-09-21 22:38:40.271  INFO   decision    mode=traveling behavior=loot action=searching target=- reason='approach item' status=success
2026-09-21 22:38:41.225  INFO   decision    mode=traveling behavior=survival_potion action=use_hp_potion target=- reason='low hp' status=success
2026-09-21 22:38:42.488  INFO   decision    mode=traveling behavior=loot action=searching target=- reason='approach item' status=success
2026-09-21 22:38:43.032  INFO   session     Entity shadow: vision=6 {'item': 5, 'player': 1} memory=10 {'player': 1, 'monster': 3, 'item': 6} paired=6 median=0.016
2026-09-21 22:38:43.582  INFO   session     Paused — hotkey
2026-09-21 22:38:48.147  INFO   session     Resume → Running
2026-09-21 22:38:48.428  INFO   session     Entity shadow: vision=5 {'item': 4, 'player': 1} memory=10 {'player': 1, 'monster': 3, 'item': 6} paired=4 median=0.018
2026-09-21 22:38:48.452  INFO   decision    mode=traveling behavior=survival_potion action=use_hp_potion target=- reason='low hp' status=success
2026-09-21 22:38:49.367  INFO   decision    mode=traveling behavior=loot action=searching target=- reason='approach item' status=success
2026-09-21 22:38:51.388  INFO   decision    mode=traveling behavior=survival_potion action=use_hp_potion target=- reason='low hp' status=success
2026-09-21 22:38:52.681  INFO   decision    mode=traveling behavior=loot action=searching target=- reason='approach item' status=success
2026-09-21 22:38:53.597  INFO   session     Entity shadow: vision=6 {'item': 5, 'player': 1} memory=9 {'player': 1, 'monster': 2, 'item': 6} paired=6 median=0.012
2026-09-21 22:38:58.674  INFO   session     Entity shadow: vision=8 {'item': 5, 'monster': 2, 'player': 1} memory=10 {'monster': 3, 'player': 1, 'item': 6} paired=8 median=0.020
2026-09-21 22:38:58.700  INFO   decision    mode=traveling behavior=combat action=attack target=12 reason='engage target' status=success
2026-09-21 22:39:00.321  INFO   decision    mode=traveling behavior=loot action=searching target=- reason='approach item' status=success
2026-09-21 22:39:01.447  INFO   decision    mode=traveling behavior=survival_potion action=use_hp_potion target=- reason='low hp' status=success
2026-09-21 22:39:02.645  INFO   decision    mode=traveling behavior=loot action=searching target=- reason='approach item' status=success
2026-09-21 22:39:03.821  INFO   session     Entity shadow: vision=6 {'item': 4, 'monster': 1, 'player': 1} memory=10 {'player': 1, 'monster': 3, 'item': 6} paired=5 median=0.017
2026-09-21 22:39:04.696  INFO   decision    mode=traveling behavior=combat action=attack target=18 reason='engage target' status=success
2026-09-21 22:39:07.520  INFO   decision    mode=traveling behavior=survival_potion action=use_hp_potion target=- reason='low hp' status=success
2026-09-21 22:39:08.462  INFO   decision    mode=traveling behavior=combat action=attack target=18 reason='attack target' status=success
2026-09-21 22:39:08.720  INFO   action      cursor give-up id=18 item=false reason=cursor=normal/normal score=1.000 not allowed
2026-09-21 22:39:08.912  INFO   session     Entity shadow: vision=6 {'item': 4, 'player': 1, 'monster': 1} memory=10 {'monster': 4, 'item': 6} paired=5 median=0.015
2026-09-21 22:39:08.939  INFO   decision    mode=traveling behavior=combat action=attack target=12 reason='engage target' status=success
2026-09-21 22:39:12.865  INFO   action      cursor give-up id=12 item=false reason=cursor=normal/normal score=1.000 not allowed
2026-09-21 22:39:13.048  INFO   decision    mode=traveling behavior=loot action=pickup target=25 reason='engage item' status=success
2026-09-21 22:39:14.074  INFO   session     Entity shadow: vision=6 {'item': 4, 'monster': 1, 'npc': 1} memory=9 {'monster': 4, 'item': 5} paired=5 median=0.021
2026-09-21 22:39:14.379  INFO   decision    mode=traveling behavior=combat action=attack target=24 reason='engage target' status=success
2026-09-21 22:39:15.529  INFO   decision    mode=traveling behavior=survival_potion action=use_hp_potion target=- reason='low hp' status=success
2026-09-21 22:39:16.757  INFO   decision    mode=traveling behavior=combat action=attack target=24 reason='attack target' status=success
2026-09-21 22:39:19.211  INFO   session     Entity shadow: vision=6 {'item': 4, 'monster': 2} memory=8 {'monster': 3, 'item': 5} paired=6 median=0.030
2026-09-21 22:39:22.665  INFO   decision    mode=traveling behavior=survival_potion action=use_hp_potion target=- reason='low hp' status=success
2026-09-21 22:39:24.001  INFO   decision    mode=retreating behavior=talking_scroll action=use_talking_scroll target=- reason='retreat, 마법서 상인' status=success
2026-09-21 22:39:24.792  INFO   session     Entity shadow: vision=5 {'item': 4, 'player': 1} memory=7 {'monster': 2, 'item': 5} paired=4 median=0.019
2026-09-21 22:39:26.464  INFO   decision    mode=retreating behavior=retreating action=idle target=- reason='retreating, waiting for hp' status=success
2026-09-21 22:39:26.613  INFO   decision    mode=retreating behavior=? action=idle target=- reason='waiting for respawn' status=success
2026-09-21 22:39:28.709  INFO   decision    mode=retreating behavior=respawn action=respawn target=- reason='death confirmed, restart' status=success
2026-09-21 22:39:28.977  INFO   decision    mode=retreating behavior=? action=idle target=- reason='waiting for respawn' status=success
2026-09-21 22:39:29.940  INFO   session     Entity shadow: vision=19 {'player': 14, 'npc': 2, 'monster': 2, 'item': 1} memory=25 {'npc': 7, 'player': 17, 'item': 1} paired=16 median=0.025
2026-09-21 22:39:29.968  INFO   decision    mode=retreating behavior=loot action=searching target=- reason='approach item' status=success
2026-09-21 22:39:35.030  INFO   session     Entity shadow: vision=20 {'npc': 5, 'player': 14, 'item': 1} memory=26 {'npc': 8, 'player': 17, 'item': 1} paired=19 median=0.024
2026-09-21 22:39:36.925  INFO   decision    mode=retreating behavior=retreating action=idle target=- reason='retreating, waiting for hp' status=success
2026-09-21 22:39:40.035  INFO   session     Entity shadow: vision=20 {'item': 1, 'npc': 5, 'player': 14} memory=26 {'npc': 8, 'player': 17, 'item': 1} paired=19 median=0.026
2026-09-21 22:39:45.158  INFO   session     Entity shadow: vision=18 {'player': 12, 'item': 1, 'npc': 5} memory=25 {'npc': 7, 'player': 17, 'item': 1} paired=18 median=0.034
2026-09-21 22:39:47.146  INFO   decision    mode=retreating behavior=retreating action=idle target=- reason='retreating, waiting for hp' status=success (repeat)
2026-09-21 22:39:50.167  INFO   session     Entity shadow: vision=22 {'item': 1, 'player': 15, 'npc': 6} memory=26 {'player': 18, 'npc': 7, 'item': 1} paired=20 median=0.024
2026-09-21 22:39:55.283  INFO   session     Entity shadow: vision=22 {'player': 16, 'item': 1, 'npc': 5} memory=25 {'player': 17, 'npc': 7, 'item': 1} paired=20 median=0.024
2026-09-21 22:39:57.086  INFO   decision    mode=retreating behavior=retreating action=idle target=- reason='retreating, waiting for hp' status=success (repeat)
2026-09-21 22:39:57.735  INFO   session     Paused — hotkey
2026-09-21 22:41:01.542  INFO   session     Hotkey resume → Running
2026-09-21 22:41:01.967  INFO   session     Entity shadow: vision=18 {'player': 12, 'npc': 3, 'item': 2, 'monster': 1} memory=22 {'player': 15, 'npc': 5, 'monster': 1, 'item': 1} paired=15 median=0.026 unleveled=10:警衛
2026-09-21 22:41:06.980  INFO   session     Entity shadow: vision=18 {'player': 12, 'item': 2, 'npc': 3, 'monster': 1} memory=22 {'player': 15, 'npc': 5, 'monster': 1, 'item': 1} paired=15 median=0.027 unleveled=10:警衛
2026-09-21 22:41:10.609  INFO   decision    mode=retreating behavior=retreating action=idle target=- reason='retreating, waiting for hp' status=success (repeat)
2026-09-21 22:41:12.028  INFO   session     Entity shadow: vision=18 {'player': 13, 'item': 2, 'npc': 3} memory=22 {'player': 15, 'npc': 5, 'monster': 1, 'item': 1} paired=15 median=0.027 unleveled=10:警衛
2026-09-21 22:41:12.491  INFO   decision    mode=retreating behavior=loot action=searching target=- reason='approach item' status=success
2026-09-21 22:41:16.607  INFO   decision    mode=retreating behavior=loot action=pickup target=43 reason='loot target' status=success
2026-09-21 22:41:17.219  INFO   session     Entity shadow: vision=23 {'player': 18, 'npc': 3, 'item': 1, 'monster': 1} memory=27 {'player': 22, 'npc': 5} paired=19 median=0.026
2026-09-21 22:41:17.848  INFO   decision    mode=retreating behavior=retreating action=idle target=- reason='retreating, waiting for hp' status=success
2026-09-21 22:41:22.239  INFO   session     Entity shadow: vision=22 {'player': 18, 'npc': 3, 'monster': 1} memory=44 {'player': 38, 'npc': 6} paired=19 median=0.021
2026-09-21 22:41:22.659  INFO   decision    mode=farming behavior=talking_scroll action=use_talking_scroll target=- reason='respawn, 마법서 상인' status=success
2026-09-21 22:41:26.665  INFO   decision    mode=farming behavior=shop action=shop_stop target=- reason='stop at shop' status=success
2026-09-21 22:41:27.986  INFO   session     Entity shadow: vision=12 {'player': 10, 'npc': 2} memory=57 {'npc': 2, 'player': 55} paired=11 median=0.026
2026-09-21 22:41:28.054  INFO   decision    mode=farming behavior=shop action=shop_buy_arrows target=- reason='shop:buy_hp_potions_talking_ch' status=success
2026-09-21 22:41:35.093  INFO   session     Entity shadow: vision=11 {'player': 9, 'npc': 2} memory=60 {'npc': 2, 'player': 58} paired=11 median=0.026
2026-09-21 22:41:35.123  INFO   decision    mode=farming behavior=talking_scroll action=use_talking_scroll target=- reason='return to farm map after shop' status=success
2026-09-21 22:41:36.074  INFO   decision    mode=traveling behavior=traveling action=traveling target=- reason='enter farm area' status=success
2026-09-21 22:41:40.302  INFO   session     Entity shadow: vision=39 {'player': 33, 'npc': 6} memory=61 {'player': 52, 'npc': 7, 'monster': 2} paired=32 median=0.068 unleveled=319:?,10:警衛
2026-09-21 22:41:42.227  INFO   session     Paused — hotkey
2026-09-21 22:41:56.030  INFO   session     Resume → Running
2026-09-21 22:41:56.599  INFO   session     Entity shadow: vision=29 {'player': 26, 'npc': 3} memory=67 {'player': 60, 'npc': 6, 'monster': 1} paired=28 median=0.028 unleveled=10:警衛
2026-09-21 22:42:01.677  INFO   session     Entity shadow: vision=17 {'player': 12, 'npc': 5} memory=22 {'monster': 2, 'npc': 5, 'player': 15} paired=14 median=0.057 unleveled=10:警衛
2026-09-21 22:42:06.707  INFO   session     Entity shadow: vision=16 {'npc': 4, 'player': 11, 'monster': 1} memory=21 {'player': 14, 'monster': 2, 'npc': 5} paired=14 median=0.028 unleveled=10:警衛
2026-09-21 22:42:06.729  INFO   decision    mode=traveling behavior=traveling action=traveling target=- reason='enter farm area' status=success (repeat)
2026-09-21 22:42:11.799  INFO   session     Entity shadow: vision=9 {'player': 6, 'npc': 3} memory=22 {'player': 17, 'monster': 2, 'npc': 3} paired=7 median=0.057 unleveled=10:警衛,68:警衛
2026-09-21 22:42:16.821  INFO   session     Entity shadow: vision=5 {'npc': 2, 'player': 3} memory=6 {'monster': 3, 'player': 3} paired=3 median=0.038 unleveled=14:青蛙,10:警衛,68:警衛
2026-09-21 22:42:17.309  INFO   decision    mode=traveling behavior=combat action=attack target=281 reason='engage target' status=success
2026-09-21 22:42:18.080  INFO   action      cursor give-up id=281 item=false reason=cursor=normal/normal score=1.000 not allowed
2026-09-21 22:42:18.256  INFO   decision    mode=traveling behavior=traveling action=traveling target=- reason='enter farm area' status=success
2026-09-21 22:42:21.881  INFO   session     Entity shadow: vision=3 {'player': 2, 'npc': 1} memory=6 {'monster': 4, 'npc': 1, 'player': 1} paired=1 median=0.023 unleveled=208:兔子,10:警衛,68:警衛
2026-09-21 22:42:26.981  INFO   session     Entity shadow: vision=1 {'player': 1} memory=2 {'monster': 2} paired=0 median=0.000 unleveled=208:兔子,68:警衛
2026-09-21 22:42:27.003  INFO   decision    mode=traveling behavior=traveling action=traveling target=- reason='enter farm area' status=success (repeat)
2026-09-21 22:42:32.075  INFO   session     Entity shadow: vision=1 {'player': 1} memory=5 {'monster': 4, 'player': 1} paired=0 median=0.000 unleveled=189:鹿,14:青蛙,206:兔子,208:兔子
2026-09-21 22:42:35.447  INFO   decision    mode=traveling behavior=traveling action=traveling target=- reason='enter farm area' status=success (repeat)
2026-09-21 22:42:37.248  INFO   session     Entity shadow: vision=1 {'player': 1} memory=3 {'monster': 3} paired=0 median=0.000 unleveled=208:兔子,189:鹿,14:青蛙
2026-09-21 22:42:39.331  INFO   decision    mode=traveling behavior=combat action=attack target=296 reason='engage target' status=success
2026-09-21 22:42:42.357  INFO   session     Entity shadow: vision=2 {'monster': 1, 'player': 1} memory=6 {'monster': 6} paired=1 median=0.015 unleveled=189:鹿,206:兔子,14:青蛙,208:兔子
2026-09-21 22:42:44.373  INFO   action      cursor give-up id=296 item=false reason=cursor=normal/normal score=1.000 not allowed
2026-09-21 22:42:44.518  INFO   decision    mode=traveling behavior=traveling action=traveling target=- reason='enter farm area' status=success
2026-09-21 22:42:46.921  INFO   decision    mode=traveling behavior=combat action=attack target=298 reason='engage target' status=success
2026-09-21 22:42:47.574  INFO   session     Entity shadow: vision=3 {'player': 1, 'monster': 2} memory=5 {'monster': 5} paired=2 median=0.019 unleveled=189:鹿
2026-09-21 22:42:48.544  INFO   action      cursor give-up id=298 item=false reason=cursor=normal/normal score=1.000 not allowed
2026-09-21 22:42:48.761  INFO   decision    mode=traveling behavior=combat action=attack target=299 reason='engage target' status=success
2026-09-21 22:42:52.654  INFO   session     Entity shadow: vision=3 {'player': 1, 'item': 1, 'monster': 1} memory=6 {'monster': 5, 'item': 1} paired=2 median=0.042 unleveled=189:鹿
2026-09-21 22:42:52.833  INFO   action      cursor give-up id=299 item=false reason=cursor=normal/normal score=1.000 not allowed
2026-09-21 22:42:52.990  INFO   decision    mode=traveling behavior=loot action=searching target=- reason='approach item' status=success
2026-09-21 22:42:55.453  INFO   decision    mode=traveling behavior=traveling action=traveling target=- reason='unstick' status=success
2026-09-21 22:42:56.596  INFO   decision    mode=traveling behavior=loot action=searching target=- reason='approach item' status=success
2026-09-21 22:42:57.742  INFO   session     Entity shadow: vision=4 {'player': 1, 'monster': 2, 'item': 1} memory=4 {'item': 1, 'monster': 3} paired=2 median=0.012
2026-09-21 22:42:58.543  INFO   decision    mode=traveling behavior=loot action=pickup target=301 reason='loot target' status=success
2026-09-21 22:43:00.029  INFO   decision    mode=traveling behavior=traveling action=traveling target=- reason='enter farm area' status=success
2026-09-21 22:43:02.854  INFO   session     Entity shadow: vision=2 {'player': 1, 'monster': 1} memory=3 {'monster': 3} paired=1 median=0.060 unleveled=208:兔子
2026-09-21 22:43:05.656  INFO   decision    mode=traveling behavior=combat action=attack target=303 reason='engage target' status=success
2026-09-21 22:43:06.373  INFO   action      cursor give-up id=303 item=false reason=cursor=normal/normal score=1.000 not allowed
2026-09-21 22:43:06.521  INFO   decision    mode=traveling behavior=traveling action=traveling target=- reason='enter farm area' status=success
2026-09-21 22:43:08.003  INFO   session     Entity shadow: vision=1 {'player': 1} memory=1 {'monster': 1} paired=0 median=0.000 unleveled=14:青蛙
2026-09-21 22:43:10.706  INFO   decision    mode=traveling behavior=combat action=attack target=305 reason='engage target' status=success
2026-09-21 22:43:13.131  INFO   session     Entity shadow: vision=1 {'player': 1} memory=2 {'monster': 2} paired=0 median=0.000 unleveled=14:青蛙
2026-09-21 22:43:13.637  INFO   action      cursor give-up id=305 item=false reason=cursor=normal/normal score=1.000 not allowed
2026-09-21 22:43:13.788  INFO   decision    mode=traveling behavior=traveling action=traveling target=- reason='enter farm area' status=success
2026-09-21 22:43:15.374  INFO   decision    mode=traveling behavior=combat action=attack target=306 reason='engage target' status=success
2026-09-21 22:43:18.202  INFO   session     Entity shadow: vision=4 {'monster': 3, 'player': 1} memory=7 {'monster': 7} paired=3 median=0.020 unleveled=207:兔子,14:青蛙,208:兔子
2026-09-21 22:43:21.855  INFO   action      cursor give-up id=306 item=false reason=cursor=normal/normal score=1.000 not allowed
2026-09-21 22:43:22.072  INFO   decision    mode=traveling behavior=combat action=attack target=308 reason='engage target' status=success
2026-09-21 22:43:23.267  INFO   session     Entity shadow: vision=5 {'item': 1, 'monster': 3, 'player': 1} memory=8 {'monster': 7, 'item': 1} paired=4 median=0.012 unleveled=207:兔子,208:兔子
2026-09-21 22:43:23.825  INFO   action      cursor give-up id=308 item=false reason=cursor=normal/normal score=1.000 not allowed
2026-09-21 22:43:24.007  INFO   decision    mode=traveling behavior=combat action=attack target=311 reason='engage target' status=success
2026-09-21 22:43:27.721  INFO   action      cursor give-up id=311 item=false reason=cursor=normal/normal score=1.000 not allowed
2026-09-21 22:43:27.945  INFO   decision    mode=traveling behavior=loot action=searching target=- reason='approach item' status=success
2026-09-21 22:43:28.274  INFO   decision    mode=traveling behavior=combat action=attack target=314 reason='engage target' status=success
2026-09-21 22:43:28.659  INFO   session     Entity shadow: vision=4 {'monster': 2, 'player': 1, 'item': 1} memory=6 {'monster': 5, 'item': 1} paired=3 median=0.013 unleveled=207:兔子
2026-09-21 22:43:29.849  INFO   action      cursor give-up id=314 item=false reason=cursor=normal/normal score=1.000 not allowed
2026-09-21 22:43:30.043  INFO   decision    mode=traveling behavior=loot action=searching target=- reason='approach item' status=success
2026-09-21 22:43:33.695  INFO   session     Entity shadow: vision=4 {'item': 1, 'player': 1, 'monster': 2} memory=5 {'monster': 4, 'item': 1} paired=3 median=0.009
2026-09-21 22:43:36.281  INFO   decision    mode=traveling behavior=traveling action=traveling target=- reason='enter farm area' status=success
2026-09-21 22:43:38.750  INFO   session     Entity shadow: vision=4 {'player': 1, 'item': 1, 'monster': 2} memory=3 {'monster': 2, 'item': 1} paired=3 median=0.037
2026-09-21 22:43:40.662  INFO   decision    mode=traveling behavior=combat action=attack target=315 reason='engage target' status=success
2026-09-21 22:43:43.877  INFO   session     Entity shadow: vision=5 {'player': 1, 'monster': 3, 'item': 1} memory=4 {'monster': 3, 'item': 1} paired=4 median=0.019
2026-09-21 22:43:48.936  INFO   session     Entity shadow: vision=4 {'player': 1, 'monster': 2, 'item': 1} memory=4 {'monster': 3, 'item': 1} paired=3 median=0.024
2026-09-21 22:43:49.304  INFO   action      cursor give-up id=315 item=false reason=cursor=normal/normal score=1.000 not allowed
2026-09-21 22:43:49.500  INFO   decision    mode=traveling behavior=traveling action=traveling target=- reason='enter farm area' status=success
2026-09-21 22:43:54.017  INFO   session     Entity shadow: vision=2 {'player': 1, 'monster': 1} memory=4 {'monster': 4} paired=1 median=0.043 unleveled=206:兔子,209:兔子
2026-09-21 22:43:58.024  INFO   decision    mode=traveling behavior=traveling action=traveling target=- reason='enter farm area' status=success (repeat)
2026-09-21 22:43:59.079  INFO   session     Entity shadow: vision=2 {'monster': 1, 'player': 1} memory=3 {'monster': 3} paired=1 median=0.018 unleveled=209:兔子,206:兔子
2026-09-21 22:44:04.357  INFO   session     Entity shadow: vision=2 {'player': 1, 'monster': 1} memory=3 {'monster': 3} paired=1 median=0.030 unleveled=209:兔子,206:兔子
2026-09-21 22:44:04.724  INFO   decision    mode=traveling behavior=combat action=attack target=320 reason='engage target' status=success
2026-09-21 22:44:05.258  INFO   decision    mode=traveling behavior=traveling action=traveling target=- reason='enter farm area' status=success
2026-09-21 22:44:06.214  INFO   decision    mode=traveling behavior=combat action=attack target=320 reason='engage target' status=success
2026-09-21 22:44:06.804  INFO   action      cursor give-up id=320 item=false reason=cursor=normal/normal score=1.000 not allowed
2026-09-21 22:44:06.973  INFO   decision    mode=traveling behavior=combat action=attack target=321 reason='engage target' status=success
2026-09-21 22:44:07.761  INFO   action      cursor give-up id=321 item=false reason=cursor=normal/normal score=1.000 not allowed
2026-09-21 22:44:07.986  INFO   decision    mode=traveling behavior=traveling action=traveling target=- reason='enter farm area' status=success
2026-09-21 22:44:09.513  INFO   session     Entity shadow: vision=2 {'player': 2} memory=3 {'player': 1, 'monster': 2} paired=1 median=0.046
2026-09-21 22:44:14.057  INFO   decision    mode=traveling behavior=combat action=attack target=325 reason='engage target' status=success
2026-09-21 22:44:14.598  INFO   session     Entity shadow: vision=1 {'npc': 1} memory=4 {'player': 1, 'monster': 3} paired=0 median=0.000
2026-09-21 22:44:17.316  INFO   action      cursor give-up id=325 item=false reason=cursor=normal/normal score=1.000 not allowed
2026-09-21 22:44:17.585  INFO   decision    mode=traveling behavior=traveling action=traveling target=- reason='enter farm area' status=success
2026-09-21 22:44:19.700  INFO   session     Entity shadow: vision=1 {'npc': 1} memory=2 {'monster': 2} paired=0 median=0.000 unleveled=68:警衛
2026-09-21 22:44:20.371  INFO   decision    mode=traveling behavior=combat action=attack target=327 reason='engage target' status=success
2026-09-21 22:44:21.138  INFO   action      cursor give-up id=327 item=false reason=cursor=normal/normal score=1.000 not allowed
2026-09-21 22:44:21.361  INFO   decision    mode=traveling behavior=traveling action=traveling target=- reason='enter farm area' status=success
2026-09-21 22:44:24.734  INFO   session     Entity shadow: vision=1 {'player': 1} memory=4 {'monster': 4} paired=0 median=0.000 unleveled=207:兔子,210:兔子
2026-09-21 22:44:25.141  INFO   session     Paused — hotkey
2026-09-21 22:45:39.869  INFO   session     Hotkey resume → Running
2026-09-21 22:45:40.071  INFO   session     Entity shadow: vision=2 {'player': 1, 'npc': 1} memory=2 {'monster': 2} paired=0 median=0.000 unleveled=190:野豬,68:警衛
2026-09-21 22:45:43.547  INFO   decision    mode=traveling behavior=combat action=attack target=332 reason='engage target' status=success
2026-09-21 22:45:45.232  INFO   session     Entity shadow: vision=2 {'npc': 1, 'player': 1} memory=3 {'monster': 3} paired=0 median=0.000 unleveled=190:野豬,68:警衛
2026-09-21 22:45:50.337  INFO   session     Entity shadow: vision=3 {'npc': 1, 'player': 1, 'monster': 1} memory=5 {'monster': 5} paired=1 median=0.026 unleveled=209:兔子,206:兔子,68:警衛,190:野豬
2026-09-21 22:45:53.718  INFO   decision    mode=traveling behavior=traveling action=traveling target=- reason='enter farm area' status=success
2026-09-21 22:45:55.451  INFO   session     Entity shadow: vision=1 {'player': 1} memory=6 {'monster': 5, 'player': 1} paired=0 median=0.000 unleveled=68:警衛,190:野豬,209:兔子,206:兔子
2026-09-21 22:45:57.242  INFO   decision    mode=traveling behavior=combat action=attack target=336 reason='engage target' status=success
2026-09-21 22:45:58.022  INFO   action      cursor give-up id=336 item=false reason=cursor=normal/normal score=1.000 not allowed
2026-09-21 22:45:58.180  INFO   decision    mode=traveling behavior=loot action=searching target=- reason='approach item' status=success
2026-09-21 22:45:58.795  INFO   decision    mode=traveling behavior=traveling action=traveling target=- reason='enter farm area' status=success
2026-09-21 22:46:00.607  INFO   session     Entity shadow: vision=2 {'player': 1, 'item': 1} memory=3 {'player': 1, 'monster': 2} paired=0 median=0.000
2026-09-21 22:46:02.334  INFO   decision    mode=traveling behavior=loot action=searching target=- reason='approach item' status=success
2026-09-21 22:46:02.658  INFO   decision    mode=traveling behavior=traveling action=traveling target=- reason='enter farm area' status=success
2026-09-21 22:46:04.488  INFO   decision    mode=traveling behavior=loot action=searching target=- reason='approach item' status=success
2026-09-21 22:46:05.200  INFO   decision    mode=traveling behavior=combat action=attack target=340 reason='engage target' status=success
2026-09-21 22:46:05.628  INFO   session     Entity shadow: vision=4 {'player': 2, 'item': 1, 'monster': 1} memory=4 {'player': 1, 'monster': 2, 'item': 1} paired=3 median=0.029
2026-09-21 22:46:07.957  INFO   action      cursor give-up id=340 item=false reason=cursor=normal/normal score=1.000 not allowed
2026-09-21 22:46:08.116  INFO   decision    mode=traveling behavior=combat action=attack target=341 reason='engage target' status=success
2026-09-21 22:46:10.864  INFO   session     Entity shadow: vision=4 {'monster': 2, 'item': 1, 'player': 1} memory=5 {'monster': 3, 'item': 2} paired=3 median=0.010
2026-09-21 22:46:12.051  INFO   session     Paused — hotkey
2026-09-21 22:46:43.213  INFO   session     Hotkey resume → Running
2026-09-21 22:46:43.651  INFO   session     Entity shadow: vision=17 {'player': 14, 'npc': 3} memory=22 {'player': 17, 'npc': 5} paired=15 median=0.035
2026-09-21 22:46:43.670  INFO   decision    mode=retreating behavior=talking_scroll action=use_talking_scroll target=- reason='retreat, 허수아비 수련장' status=success
2026-09-21 22:46:44.958  INFO   decision    mode=retreating behavior=retreating action=idle target=- reason='retreating, waiting for hp' status=success
2026-09-21 22:46:48.753  INFO   session     Entity shadow: vision=6 {'player': 4, 'monster': 1, 'npc': 1} memory=10 {'monster': 5, 'player': 5} paired=5 median=0.016 unleveled=10:警衛,20:?
2026-09-21 22:46:52.531  INFO   session     Paused — hotkey
2026-09-21 22:47:43.245  INFO   session     Hotkey resume → Running
2026-09-21 22:47:43.469  INFO   session     Entity shadow: vision=6 {'player': 4, 'npc': 1, 'monster': 1} memory=10 {'monster': 5, 'player': 5} paired=5 median=0.021 unleveled=10:警衛,20:?,19:?
2026-09-21 22:47:43.515  INFO   decision    mode=traveling behavior=traveling action=traveling target=- reason='return to farm after retreat' status=success
2026-09-21 22:47:48.621  INFO   session     Entity shadow: vision=7 {'player': 6, 'npc': 1} memory=7 {'player': 6, 'monster': 1} paired=5 median=0.018 unleveled=10:警衛
2026-09-21 22:47:52.606  INFO   decision    mode=traveling behavior=traveling action=traveling target=- reason='return to farm after retreat' status=success (repeat)
2026-09-21 22:47:53.743  INFO   session     Entity shadow: vision=3 {'player': 2, 'npc': 1} memory=2 {'player': 1, 'monster': 1} paired=1 median=0.025 unleveled=10:警衛
2026-09-21 22:47:58.782  INFO   session     Entity shadow: vision=1 {'player': 1} memory=0 {} paired=0 median=0.000
2026-09-21 22:48:00.921  INFO   decision    mode=traveling behavior=traveling action=traveling target=- reason='return to farm after retreat' status=success (repeat)
2026-09-21 22:48:03.874  INFO   session     Entity shadow: vision=1 {'npc': 1} memory=1 {'monster': 1} paired=0 median=0.000 unleveled=68:警衛
2026-09-21 22:48:06.003  INFO   decision    mode=traveling behavior=combat action=attack target=379 reason='engage target' status=success
2026-09-21 22:48:08.900  INFO   session     Entity shadow: vision=3 {'npc': 2, 'monster': 1} memory=5 {'monster': 5} paired=1 median=0.019 unleveled=14:青蛙,189:鹿,68:警衛
2026-09-21 22:48:13.498  INFO   action      cursor give-up id=379 item=false reason=cursor=normal/normal score=1.000 not allowed
2026-09-21 22:48:13.645  INFO   decision    mode=traveling behavior=traveling action=traveling target=- reason='return to farm after retreat' status=success
2026-09-21 22:48:13.924  INFO   session     Entity shadow: vision=3 {'npc': 2, 'monster': 1} memory=5 {'monster': 5} paired=1 median=0.066 unleveled=14:青蛙,189:鹿,10:警衛,68:警衛
2026-09-21 22:48:19.015  INFO   session     Entity shadow: vision=4 {'npc': 2, 'player': 1, 'monster': 1} memory=4 {'monster': 4} paired=1 median=0.026 unleveled=14:青蛙,10:警衛,68:警衛
2026-09-21 22:48:22.635  INFO   decision    mode=traveling behavior=combat action=attack target=383 reason='engage target' status=success
2026-09-21 22:48:23.526  INFO   action      cursor give-up id=383 item=false reason=cursor=normal/normal score=1.000 not allowed
2026-09-21 22:48:23.713  INFO   decision    mode=traveling behavior=traveling action=traveling target=- reason='return to farm after retreat' status=success
2026-09-21 22:48:24.166  INFO   session     Entity shadow: vision=6 {'npc': 3, 'player': 2, 'monster': 1} memory=6 {'monster': 6} paired=1 median=0.031 unleveled=14:青蛙,10:警衛,68:警衛
2026-09-21 22:48:25.467  INFO   decision    mode=traveling behavior=combat action=attack target=377 reason='engage target' status=success
2026-09-21 22:48:25.865  INFO   decision    mode=traveling behavior=survival_potion action=use_hp_potion target=- reason='low hp' status=success
2026-09-21 22:48:27.094  INFO   decision    mode=traveling behavior=traveling action=traveling target=- reason='return to farm after retreat' status=success
2026-09-21 22:48:28.636  INFO   decision    mode=traveling behavior=combat action=attack target=377 reason='engage target' status=success
2026-09-21 22:48:29.047  INFO   decision    mode=traveling behavior=traveling action=traveling target=- reason='return to farm after retreat' status=success
2026-09-21 22:48:29.273  INFO   session     Entity shadow: vision=5 {'monster': 1, 'player': 1, 'npc': 3} memory=5 {'monster': 5} paired=1 median=0.032 unleveled=14:青蛙,10:警衛,68:警衛
2026-09-21 22:48:34.380  INFO   session     Entity shadow: vision=3 {'player': 1, 'monster': 1, 'npc': 1} memory=3 {'monster': 3} paired=1 median=0.020 unleveled=14:青蛙,68:警衛
2026-09-21 22:48:37.811  INFO   decision    mode=traveling behavior=traveling action=traveling target=- reason='return to farm after retreat' status=success (repeat)
2026-09-21 22:48:39.410  INFO   session     Entity shadow: vision=2 {'player': 1, 'monster': 1} memory=2 {'monster': 2} paired=1 median=0.062 unleveled=14:青蛙
2026-09-21 22:48:43.001  INFO   decision    mode=traveling behavior=combat action=attack target=379 reason='engage target' status=success
2026-09-21 22:48:44.530  INFO   session     Entity shadow: vision=2 {'player': 1, 'monster': 1} memory=1 {'monster': 1} paired=1 median=0.034
2026-09-21 22:48:44.559  INFO   action      cursor give-up id=379 item=false reason=cursor=normal/normal score=1.000 not allowed
2026-09-21 22:48:44.722  INFO   decision    mode=traveling behavior=traveling action=traveling target=- reason='return to farm after retreat' status=success
2026-09-21 22:48:47.046  INFO   decision    mode=traveling behavior=combat action=attack target=384 reason='engage target' status=success
2026-09-21 22:48:49.737  INFO   session     Entity shadow: vision=2 {'monster': 1, 'player': 1} memory=3 {'monster': 3} paired=1 median=0.024
2026-09-21 22:48:51.122  INFO   decision    mode=traveling behavior=survival_potion action=use_hp_potion target=- reason='low hp' status=success
2026-09-21 22:48:52.384  INFO   decision    mode=traveling behavior=combat action=attack target=384 reason='attack target' status=success
2026-09-21 22:48:54.851  INFO   session     Entity shadow: vision=3 {'player': 1, 'item': 1, 'monster': 1} memory=3 {'monster': 2, 'item': 1} paired=2 median=0.038
2026-09-21 22:48:55.377  INFO   decision    mode=traveling behavior=survival_potion action=use_hp_potion target=- reason='low hp' status=success
2026-09-21 22:48:56.267  INFO   decision    mode=traveling behavior=combat action=attack target=384 reason='attack target' status=success
2026-09-21 22:48:57.186  INFO   decision    mode=traveling behavior=loot action=searching target=- reason='approach item' status=success
2026-09-21 22:48:59.794  INFO   decision    mode=traveling behavior=combat action=attack target=387 reason='engage target' status=success
2026-09-21 22:49:00.191  INFO   session     Entity shadow: vision=2 {'monster': 1, 'item': 1} memory=4 {'monster': 3, 'item': 1} paired=2 median=0.031
2026-09-21 22:49:00.212  INFO   decision    mode=traveling behavior=survival_potion action=use_hp_potion target=- reason='low hp' status=success
2026-09-21 22:49:01.545  INFO   decision    mode=traveling behavior=combat action=attack target=387 reason='attack target' status=success
2026-09-21 22:49:04.027  INFO   decision    mode=traveling behavior=loot action=searching target=- reason='approach item' status=success
2026-09-21 22:49:05.325  INFO   session     Entity shadow: vision=2 {'item': 1, 'npc': 1} memory=4 {'monster': 3, 'item': 1} paired=1 median=0.013
2026-09-21 22:49:05.346  INFO   decision    mode=traveling behavior=survival_potion action=use_hp_potion target=- reason='low hp' status=success
2026-09-21 22:49:05.595  INFO   session     Paused — hotkey
2026-09-21 23:59:59.103  INFO   session     Stop → Stopped
2026-09-21 23:59:59.520  INFO   session     Bot worker exited
