2026-09-27 22:45:10.468  INFO   session     Loading Manmabot from D:\ManmabotV1_final\engine
2026-09-27 22:45:10.475  INFO   session     Session log D:\ManmabotV1_final\engine\logs\bot-20260927-224510.log
2026-09-27 22:45:10.475  INFO   session     character=elf loot=all_items game_lang=ko map=talking_island farms=['area_2', 'area_1', 'area_3'] file=D:\ManmabotV1_final\engine\logs\bot-20260927-224510.log
2026-09-27 22:45:10.780  INFO   nav         building portal graph (cluster=32, 479x511)
2026-09-27 22:45:11.103  INFO   nav         portal graph: 188 components, 323 ms
2026-09-27 22:45:11.111  INFO   nav         farms=3 safe=11 home=(354, 203) (files farm=D:\ManmabotV1_final\engine\maps\talking_island\farms.yaml safe=D:\ManmabotV1_final\engine\maps\talking_island\safe.yaml home=D:\ManmabotV1_final\engine\maps\talking_island\home.yaml)
2026-09-27 22:45:11.377  INFO   capture     mss window capture process='LC.exe' title=None content_aspect=4:3
2026-09-27 22:45:11.901  INFO   session     Entity clicks use memory names, species, and world cells. Image recognition still runs. Set memory.entity_source to vision to restore image-only clicks.
2026-09-27 22:45:11.918  INFO   session     Player memory is read in this process (realtime_monitor.dll, offsets.json). No separate console.
2026-09-27 22:45:11.930  INFO   session     인벤토리를 백그라운드에서 스캔 중 (inventory_listen.dll 또는 inv.json을 두세요).
2026-09-27 22:45:11.960  INFO   session     메모리에서 핫바 24칸을 읽는 중…
2026-09-27 22:45:12.079  INFO   session     핫바 스캔 완료 · 파워 업@box2/f8, 아머 업@box2/f5, 라이트@box1/f10, 힐@box1/f9, HP 물약@box1/f9, 텔레포트@box1/f11, 마법 공격@box1/f12, 말하는 두루마리@box1/f5
2026-09-27 22:45:12.114  INFO   session     매핑되지 않은 핫바 아이콘: box1/f6:작은 활 (무장), box1/f7:나무 화살, box1/f8:아데나
2026-09-27 22:45:12.130  INFO   session     루프 준비 · 요정 · 한국어 · 맵=말하는 섬 · 룻=전부 줍기 · 구역=구역 2, 구역 1, 구역 3
2026-09-27 22:45:13.023  INFO   session     Entity shadow: vision=9 {'player': 7, 'npc': 1, 'monster': 1} memory=13 {'npc': 5, 'player': 8} paired=7 median=0.020
2026-09-27 22:45:13.050  INFO   session     인벤토리 수신 준비 (dll) · hp=0 화살=461 은화살=254 해독=0
2026-09-27 22:45:13.078  INFO   decision    mode=farming behavior=buff action=buff target=- reason='armor_up' status=success
2026-09-27 22:45:14.209  INFO   decision    mode=traveling behavior=traveling action=traveling target=- reason='enter farm area' status=success
2026-09-27 22:45:18.342  INFO   session     Entity shadow: vision=18 {'player': 12, 'monster': 3, 'npc': 2, 'item': 1} memory=22 {'npc': 6, 'player': 16} paired=13 median=0.054
2026-09-27 22:45:23.088  INFO   decision    mode=traveling behavior=buff action=buff target=- reason='light' status=success
2026-09-27 22:45:24.805  INFO   session     Entity shadow: vision=37 {'player': 33, 'npc': 2, 'item': 1, 'monster': 1} memory=58 {'npc': 8, 'player': 50} paired=31 median=0.058
2026-09-27 22:45:24.931  INFO   decision    mode=traveling behavior=traveling action=traveling target=- reason='enter farm area' status=success
2026-09-27 22:45:29.910  INFO   session     Entity shadow: vision=28 {'player': 24, 'npc': 4} memory=51 {'player': 39, 'monster': 1, 'npc': 11} paired=25 median=0.073 unleveled=319:?
2026-09-27 22:45:35.747  INFO   session     Entity shadow: vision=25 {'player': 19, 'npc': 6} memory=58 {'npc': 11, 'player': 46, 'monster': 1} paired=22 median=0.033 unleveled=319:?
2026-09-27 22:45:41.527  INFO   session     Entity shadow: vision=21 {'player': 18, 'npc': 2, 'monster': 1} memory=29 {'monster': 1, 'player': 19, 'npc': 9} paired=15 median=0.033 unleveled=319:?
2026-09-27 22:45:46.553  INFO   session     Entity shadow: vision=7 {'player': 4, 'npc': 3} memory=10 {'monster': 1, 'player': 3, 'npc': 6} paired=5 median=0.062 unleveled=68:警衛
2026-09-27 22:45:51.858  INFO   session     Entity shadow: vision=5 {'player': 2, 'npc': 2, 'monster': 1} memory=4 {'monster': 3, 'player': 1} paired=2 median=0.051 unleveled=68:警衛,10:警衛
2026-09-27 22:45:56.158  INFO   decision    mode=traveling behavior=traveling action=traveling target=- reason='enter farm area' status=success (repeat)
2026-09-27 22:45:57.032  INFO   session     Entity shadow: vision=4 {'player': 2, 'npc': 2} memory=3 {'monster': 2, 'player': 1} paired=1 median=0.050 unleveled=68:警衛,10:警衛
2026-09-27 22:46:01.925  INFO   session     Entity shadow: vision=3 {'npc': 1, 'player': 2} memory=3 {'monster': 2, 'player': 1} paired=1 median=0.029 unleveled=68:警衛,10:警衛
2026-09-27 22:46:07.106  INFO   session     Entity shadow: vision=3 {'player': 1, 'npc': 2} memory=2 {'monster': 2} paired=0 median=0.000 unleveled=68:警衛,10:警衛
2026-09-27 22:46:12.332  INFO   session     Entity shadow: vision=2 {'npc': 1, 'player': 1} memory=1 {'monster': 1} paired=0 median=0.000 unleveled=68:警衛
2026-09-27 22:46:14.667  INFO   decision    mode=traveling behavior=traveling action=traveling target=- reason='enter farm area' status=success (repeat)
2026-09-27 22:46:17.416  INFO   session     Entity shadow: vision=3 {'player': 1, 'npc': 2} memory=2 {'monster': 2} paired=0 median=0.000 unleveled=10:警衛,68:警衛
2026-09-27 22:46:22.703  INFO   session     Entity shadow: vision=3 {'player': 3} memory=1 {'player': 1} paired=1 median=0.022
2026-09-27 22:46:27.908  INFO   session     Entity shadow: vision=2 {'player': 2} memory=0 {} paired=0 median=0.000
2026-09-27 22:46:33.118  INFO   session     Entity shadow: vision=2 {'player': 2} memory=1 {'player': 1} paired=1 median=0.003
2026-09-27 22:46:33.441  INFO   decision    mode=traveling behavior=traveling action=traveling target=- reason='enter farm area' status=success (repeat)
2026-09-27 22:46:38.230  INFO   session     Entity shadow: vision=2 {'player': 2} memory=1 {'player': 1} paired=1 median=0.026
2026-09-27 22:46:40.975  INFO   decision    mode=traveling behavior=loot action=searching target=136 reason='walk onto item' status=success
2026-09-27 22:46:43.303  INFO   session     Entity shadow: vision=4 {'player': 3, 'item': 1} memory=3 {'item': 1, 'player': 2} paired=3 median=0.031
2026-09-27 22:46:47.691  INFO   decision    mode=traveling behavior=traveling action=traveling target=- reason='enter farm area' status=success
2026-09-27 22:46:48.958  INFO   session     Entity shadow: vision=6 {'player': 5, 'monster': 1} memory=5 {'player': 4, 'monster': 1} paired=5 median=0.024 unleveled=12:史萊姆
2026-09-27 22:46:54.216  INFO   session     Entity shadow: vision=4 {'player': 3, 'monster': 1} memory=3 {'monster': 1, 'player': 2} paired=3 median=0.035
2026-09-27 22:46:59.494  INFO   session     Entity shadow: vision=6 {'player': 4, 'monster': 2} memory=3 {'player': 2, 'monster': 1} paired=3 median=0.057
2026-09-27 22:47:04.650  INFO   session     Entity shadow: vision=3 {'player': 3} memory=3 {'player': 2, 'monster': 1} paired=2 median=0.043
2026-09-27 22:47:09.086  INFO   decision    mode=traveling behavior=traveling action=traveling target=- reason='enter farm area' status=success (repeat)
2026-09-27 22:47:09.793  INFO   session     Entity shadow: vision=1 {'player': 1} memory=0 {} paired=0 median=0.000
2026-09-27 22:47:15.108  INFO   session     Entity shadow: vision=1 {'player': 1} memory=2 {'player': 1, 'monster': 1} paired=1 median=0.018
2026-09-27 22:47:16.526  INFO   decision    mode=farming behavior=search action=searching target=- reason='search area' status=success
2026-09-27 22:47:20.271  INFO   session     Entity shadow: vision=2 {'player': 2} memory=2 {'monster': 1, 'player': 1} paired=1 median=0.037
2026-09-27 22:47:25.399  INFO   session     Entity shadow: vision=1 {'player': 1} memory=2 {'monster': 1, 'player': 1} paired=0 median=0.000 unleveled=12:史萊姆
2026-09-27 22:47:30.543  INFO   session     Entity shadow: vision=1 {'player': 1} memory=2 {'monster': 2} paired=0 median=0.000 unleveled=12:史萊姆
2026-09-27 22:47:35.266  INFO   decision    mode=farming behavior=search action=searching target=- reason='search area' status=success (repeat)
2026-09-27 22:47:35.900  INFO   session     Entity shadow: vision=5 {'player': 4, 'monster': 1} memory=5 {'monster': 3, 'player': 2} paired=3 median=0.059 unleveled=12:史萊姆
2026-09-27 22:47:41.097  INFO   session     Entity shadow: vision=4 {'monster': 2, 'player': 2} memory=4 {'monster': 2, 'player': 2} paired=3 median=0.026
2026-09-27 22:47:46.258  INFO   session     Entity shadow: vision=3 {'player': 2, 'monster': 1} memory=3 {'monster': 2, 'player': 1} paired=2 median=0.029
2026-09-27 22:47:51.513  INFO   session     Entity shadow: vision=2 {'player': 1, 'monster': 1} memory=3 {'player': 1, 'monster': 2} paired=1 median=0.040
2026-09-27 22:47:54.407  INFO   decision    mode=farming behavior=search action=searching target=- reason='search area' status=success (repeat)
2026-09-27 22:47:56.772  INFO   session     Entity shadow: vision=2 {'player': 1, 'monster': 1} memory=2 {'monster': 2} paired=1 median=0.041
2026-09-27 22:47:59.380  INFO   decision    mode=farming behavior=unstick action=teleport target=- reason='unstick confined' status=success
2026-09-27 22:48:00.797  INFO   decision    mode=farming behavior=search action=searching target=- reason='search area' status=success
2026-09-27 22:48:01.808  INFO   session     Entity shadow: vision=5 {'player': 2, 'monster': 3} memory=4 {'player': 1, 'monster': 3} paired=4 median=0.087
2026-09-27 22:48:01.873  INFO   decision    mode=farming behavior=combat action=attack target=162 reason='engage target' status=success
2026-09-27 22:48:04.723  INFO   decision    mode=farming behavior=combat action=attack target=163 reason='engage target' status=success
2026-09-27 22:48:06.323  INFO   decision    mode=farming behavior=search action=searching target=- reason='search area' status=success
2026-09-27 22:48:06.949  INFO   session     Entity shadow: vision=9 {'player': 5, 'monster': 4} memory=7 {'player': 4, 'monster': 3} paired=7 median=0.024
2026-09-27 22:48:08.739  INFO   decision    mode=farming behavior=loot action=searching target=171 reason='walk onto item' status=success
2026-09-27 22:48:12.265  INFO   session     Entity shadow: vision=7 {'player': 3, 'monster': 3, 'item': 1} memory=9 {'player': 2, 'monster': 6, 'item': 1} paired=5 median=0.017 unleveled=12:史萊姆
2026-09-27 22:48:14.021  INFO   decision    mode=farming behavior=loot action=pickup target=171 reason='loot target' status=success
2026-09-27 22:48:14.700  INFO   decision    mode=farming behavior=loot action=idle target=- reason='pickup settle' status=success
2026-09-27 22:48:15.057  INFO   decision    mode=farming behavior=search action=searching target=- reason='search area' status=success
2026-09-27 22:48:17.469  INFO   session     Entity shadow: vision=5 {'player': 4, 'monster': 1} memory=5 {'player': 2, 'monster': 3} paired=3 median=0.026 unleveled=12:史萊姆
2026-09-27 22:48:19.599  INFO   decision    mode=farming behavior=loot action=searching target=176 reason='walk onto item' status=success
2026-09-27 22:48:21.075  INFO   decision    mode=farming behavior=loot action=pickup target=176 reason='loot target' status=success
2026-09-27 22:48:21.804  INFO   decision    mode=farming behavior=loot action=idle target=- reason='pickup settle' status=success
2026-09-27 22:48:22.306  INFO   decision    mode=farming behavior=search action=searching target=- reason='search area' status=success
2026-09-27 22:48:22.728  INFO   session     Entity shadow: vision=5 {'player': 2, 'monster': 3} memory=6 {'monster': 3, 'player': 2, 'item': 1} paired=2 median=0.079 unleveled=12:史萊姆
2026-09-27 22:48:24.878  INFO   decision    mode=farming behavior=loot action=pickup target=176 reason='engage item' status=success
2026-09-27 22:48:25.399  INFO   decision    mode=farming behavior=loot action=idle target=- reason='pickup settle' status=success
2026-09-27 22:48:25.869  INFO   decision    mode=farming behavior=search action=searching target=- reason='search area' status=success
2026-09-27 22:48:28.250  INFO   session     Entity shadow: vision=4 {'player': 2, 'monster': 2} memory=4 {'monster': 3, 'player': 1} paired=3 median=0.032 unleveled=12:史萊姆
2026-09-27 22:48:29.220  INFO   decision    mode=farming behavior=loot action=searching target=178 reason='walk onto item' status=success
2026-09-27 22:48:30.461  INFO   decision    mode=farming behavior=search action=searching target=- reason='search area' status=success
2026-09-27 22:48:33.075  INFO   session     Entity shadow: vision=4 {'player': 1, 'monster': 3} memory=5 {'monster': 4, 'player': 1} paired=2 median=0.044 unleveled=12:史萊姆
2026-09-27 22:48:33.123  INFO   decision    mode=farming behavior=combat action=attack target=180 reason='engage target' status=success
2026-09-27 22:48:33.756  INFO   decision    mode=farming behavior=search action=searching target=- reason='search area' status=success
2026-09-27 22:48:38.672  INFO   session     Entity shadow: vision=4 {'player': 3, 'monster': 1} memory=7 {'monster': 5, 'player': 2} paired=2 median=0.038 unleveled=12:史萊姆
2026-09-27 22:48:41.008  INFO   decision    mode=farming behavior=loot action=searching target=184 reason='walk onto item' status=success
2026-09-27 22:48:43.125  INFO   decision    mode=farming behavior=search action=searching target=- reason='search area' status=success
2026-09-27 22:48:43.529  INFO   session     Entity shadow: vision=4 {'player': 2, 'item': 1, 'monster': 1} memory=6 {'monster': 3, 'player': 2, 'item': 1} paired=3 median=0.074 unleveled=12:史萊姆
2026-09-27 22:48:45.330  INFO   decision    mode=farming behavior=loot action=searching target=188 reason='walk onto item' status=success
2026-09-27 22:48:48.925  INFO   session     Entity shadow: vision=7 {'player': 2, 'item': 2, 'monster': 3} memory=8 {'monster': 4, 'player': 2, 'item': 2} paired=5 median=0.031 unleveled=12:史萊姆
2026-09-27 22:48:52.247  INFO   decision    mode=farming behavior=loot action=searching target=191 reason='walk onto item' status=success
2026-09-27 22:48:54.123  INFO   session     Entity shadow: vision=4 {'player': 2, 'monster': 2} memory=8 {'item': 2, 'player': 2, 'monster': 4} paired=2 median=0.054 unleveled=12:史萊姆
2026-09-27 22:48:54.745  INFO   session     일시정지 — 단축키
2026-09-27 22:49:07.867  INFO   session     재개 → 실행 중
2026-09-27 22:49:08.648  INFO   session     Entity shadow: vision=6 {'player': 4, 'monster': 2} memory=4 {'player': 2, 'monster': 2} paired=2 median=0.071 unleveled=12:史萊姆
2026-09-27 22:49:08.742  INFO   decision    mode=farming behavior=search action=searching target=- reason='search area' status=success
2026-09-27 22:49:11.451  INFO   session     일시정지 — 단축키
2026-09-27 22:49:14.472  INFO   session     정지 → 중지됨
2026-09-27 22:49:14.620  INFO   session     봇 작업이 종료되었습니다
