2026-09-20 19:49:45.555  INFO   session     Loading Manmabot from D:\ManmabotV1\engine
2026-09-20 19:49:45.556  INFO   session     Session log D:\ManmabotV1\engine\logs\bot-20260920-194945.log
2026-09-20 19:49:45.556  INFO   session     character=royal loot=all_items game_lang=ko map=talking_island farms=['area_1', 'area_2', 'area_3', 'area_4'] file=D:\ManmabotV1\engine\logs\bot-20260920-194945.log
2026-09-20 19:49:45.626  INFO   nav         building portal graph (cluster=32, 479x511)
2026-09-20 19:49:45.903  INFO   nav         portal graph: 188 components, 277 ms
2026-09-20 19:49:45.909  INFO   nav         farms=4 safe=11 home=(354, 203) (files farm=D:\ManmabotV1\engine\maps\talking_island\farms.yaml safe=D:\ManmabotV1\engine\maps\talking_island\safe.yaml home=D:\ManmabotV1\engine\maps\talking_island\home.yaml)
2026-09-20 19:49:45.910  INFO   capture     mss window capture process='LC.exe' title=None content_aspect=4:3
2026-09-20 19:49:45.916  INFO   session     Auto-pause (cursor_outside)
2026-09-20 19:49:46.238  INFO   session     Memory monitor connected
2026-09-20 19:49:46.240  INFO   session     Scanning hotbar (skill boxes 1–3)…
2026-09-20 19:49:46.250  INFO   session     Auto-resume → Running
2026-09-20 19:49:50.740  INFO   session     Hotbar scan done · talking_scroll@box1/f5
2026-09-20 19:49:50.743  INFO   session     Potion restock armed · no hp_potion on hotbar
2026-09-20 19:49:50.747  INFO   session     Loop ready · royal · ko · map=talking_island · loot=all_items · farms=['area_1', 'area_2', 'area_3', 'area_4']
2026-09-20 19:49:51.088  INFO   decision    mode=farming behavior=talking_scroll action=use_talking_scroll target=- reason='go to shop (buy_hp_potions)' status=success
2026-09-20 19:49:51.991  INFO   nav         async nav configure start map=mainland
2026-09-20 19:49:52.121  INFO   decision    mode=farming behavior=shop action=shop_stop target=- reason='stop at shop' status=success
2026-09-20 19:49:52.627  INFO   nav         building portal graph (cluster=32, 1755x1414)
2026-09-20 19:49:56.253  INFO   nav         portal graph: 2586 components, 3625 ms
2026-09-20 19:49:56.257  INFO   nav         farms=6 safe=0 home=None (files farm=D:\ManmabotV1\engine\maps\mainland\farms.yaml safe=D:\ManmabotV1\engine\maps\mainland\safe.yaml home=D:\ManmabotV1\engine\maps\mainland\home.yaml)
2026-09-20 19:49:56.258  INFO   nav         async nav configure done map=mainland (4267 ms)
2026-09-20 19:49:56.394  INFO   decision    mode=traveling behavior=traveling action=traveling target=- reason='unstick' status=success
2026-09-20 19:50:05.077  INFO   decision    mode=traveling behavior=traveling action=traveling target=- reason='walk to shop (buy_hp_potions)' status=success (repeat)
2026-09-20 19:50:13.988  INFO   decision    mode=traveling behavior=traveling action=traveling target=- reason='unstick' status=success (repeat)
2026-09-20 19:50:22.797  INFO   decision    mode=traveling behavior=traveling action=traveling target=- reason='unstick' status=success (repeat)
2026-09-20 19:50:31.768  INFO   decision    mode=traveling behavior=traveling action=traveling target=- reason='walk to shop (buy_hp_potions)' status=success (repeat)
2026-09-20 19:50:41.086  INFO   decision    mode=traveling behavior=traveling action=traveling target=- reason='walk to shop (buy_hp_potions)' status=success (repeat)
2026-09-20 19:50:50.689  INFO   decision    mode=traveling behavior=traveling action=traveling target=- reason='walk to shop (buy_hp_potions)' status=success (repeat)
2026-09-20 19:50:51.176  INFO   session     Auto-pause (cursor_outside)
2026-09-20 19:50:51.461  INFO   session     Auto-resume → Running
2026-09-20 19:50:52.275  INFO   session     Auto-pause (cursor_outside)
2026-09-20 19:50:52.552  INFO   session     Auto-resume → Running
2026-09-20 19:50:53.500  INFO   session     Paused — hotkey
2026-09-20 19:50:54.516  INFO   session     Stop → Stopped
2026-09-20 19:51:00.978  INFO   session     Bot worker exited
