2026-09-21 21:03:01.033  INFO   session     Loading Manmabot from D:\Work\ManmabotV1_final\engine
2026-09-21 21:03:01.057  INFO   session     Session log D:\Work\ManmabotV1_final\engine\logs\bot-20260921-210300.log
2026-09-21 21:03:01.057  INFO   session     character=elf loot=all_items game_lang=ko map=talking_island farms=['area_1', 'area_2', 'area_3', 'area_4', 'area_5', 'area_6'] file=D:\Work\ManmabotV1_final\engine\logs\bot-20260921-210300.log
2026-09-21 21:03:01.115  INFO   nav         building portal graph (cluster=32, 479x511)
2026-09-21 21:03:01.361  INFO   nav         portal graph: 188 components, 246 ms
2026-09-21 21:03:01.373  INFO   nav         farms=6 safe=11 home=(354, 203) (files farm=D:\Work\ManmabotV1_final\engine\maps\talking_island\farms.yaml safe=D:\Work\ManmabotV1_final\engine\maps\talking_island\safe.yaml home=D:\Work\ManmabotV1_final\engine\maps\talking_island\home.yaml)
2026-09-21 21:03:01.390  INFO   capture     mss window capture process='LC.exe' title=None content_aspect=4:3
2026-09-21 21:03:01.729  INFO   session     Entity clicks use memory names, species, and world cells. Image recognition still runs. Set memory.entity_source to vision to restore image-only clicks.
2026-09-21 21:03:01.737  INFO   session     Player memory is read in this process (realtime_monitor.dll, offsets.json). No separate console.
2026-09-21 21:03:02.751  INFO   session     Auto-pause (not_focused)
2026-09-21 21:03:08.069  INFO   session     Auto-resume → Running
2026-09-21 21:03:12.806  INFO   session     Auto-pause (not_focused)
2026-09-21 21:03:15.045  INFO   session     Auto-resume → Running
2026-09-21 21:03:23.509  INFO   session     Inventory listen ready (dll) · hp=26 arrows=481 silver=0 depoison=0
2026-09-21 21:03:23.514  INFO   session     Scanning hotbar (skill boxes 1–3)…
2026-09-21 21:03:28.346  INFO   session     Hotbar scan done · hp_potion@box1/f5, talking_scroll@box1/f8
2026-09-21 21:03:28.351  INFO   session     Loop ready · elf · ko · map=talking_island · loot=all_items · farms=['area_1', 'area_2', 'area_3', 'area_4', 'area_5', 'area_6']
2026-09-21 21:03:28.662  INFO   session     Entity shadow: vision=3 {'monster': 2, 'player': 1} memory=4 {'monster': 4} paired=2 median=0.020
2026-09-21 21:03:50.388  INFO   decision    mode=farming behavior=combat action=attack target=2 reason='engage target' status=success
2026-09-21 21:03:50.942  INFO   session     Entity shadow: vision=5 {'player': 2, 'monster': 3} memory=4 {'monster': 4} paired=3 median=0.011
2026-09-21 21:04:10.595  INFO   session     Auto-pause (not_focused)
2026-09-21 21:04:20.620  INFO   session     Auto-resume → Running
2026-09-21 21:04:20.864  INFO   session     Entity shadow: vision=6 {'monster': 3, 'player': 1, 'item': 2} memory=4 {'monster': 3, 'item': 1} paired=4 median=0.051
2026-09-21 21:04:34.194  INFO   session     Auto-pause (not_focused)
2026-09-21 21:04:39.233  INFO   session     Auto-resume → Running
2026-09-21 21:04:42.981  INFO   decision    mode=farming behavior=combat action=attack target=5 reason='engage target' status=success
2026-09-21 21:04:43.394  INFO   session     Entity shadow: vision=2 {'player': 1, 'monster': 1} memory=1 {'monster': 1} paired=1 median=0.013
2026-09-21 21:04:53.872  INFO   session     Auto-pause (not_focused)
2026-09-21 21:04:59.978  INFO   session     Auto-resume → Running
2026-09-21 21:05:04.706  INFO   decision    mode=traveling behavior=combat action=attack target=6 reason='engage target' status=success
2026-09-21 21:05:04.708  INFO   session     Auto-pause (not_focused)
2026-09-21 21:05:06.668  INFO   session     Auto-resume → Running
2026-09-21 21:05:06.822  INFO   session     Entity shadow: vision=1 {'player': 1} memory=0 {} paired=0 median=0.000
2026-09-21 21:05:19.669  INFO   session     Auto-pause (not_focused)
2026-09-21 21:05:23.590  INFO   session     Auto-resume → Running
2026-09-21 21:05:28.589  INFO   decision    mode=traveling behavior=combat action=attack target=4 reason='engage target' status=success
2026-09-21 21:05:29.068  INFO   session     Entity shadow: vision=4 {'player': 1, 'item': 2, 'monster': 1} memory=5 {'monster': 3, 'item': 2} paired=3 median=0.023
2026-09-21 21:05:37.574  INFO   session     Auto-pause (not_focused)
2026-09-21 21:05:39.242  INFO   session     Auto-resume → Running
2026-09-21 21:05:40.084  INFO   session     Auto-pause (not_focused)
2026-09-21 21:05:41.309  INFO   session     Stop → Stopped
