2026-09-29 15:04:21.000  INFO   session     Loading Manmabot from D:\KRR\1.LCBot\ManmabotV1_final\engine
2026-09-29 15:04:21.027  INFO   session     Session log D:\KRR\1.LCBot\ManmabotV1_final\engine\logs\bot-20260929-150420.log
2026-09-29 15:04:21.040  INFO   session     character=elf loot=adena_only game_lang=ko map=talking_island farms=['area_1', 'area_3'] file=D:\KRR\1.LCBot\ManmabotV1_final\engine\logs\bot-20260929-150420.log
2026-09-29 15:04:21.527  INFO   nav         building portal graph (cluster=32, 479x511)
2026-09-29 15:04:22.410  INFO   nav         portal graph: 188 components, 628 ms
2026-09-29 15:04:22.466  INFO   nav         farms=2 safe=11 home=(354, 203) (files farm=D:\KRR\1.LCBot\ManmabotV1_final\engine\maps\talking_island\farms.yaml safe=D:\KRR\1.LCBot\ManmabotV1_final\engine\maps\talking_island\safe.yaml home=D:\KRR\1.LCBot\ManmabotV1_final\engine\maps\talking_island\home.yaml)
2026-09-29 15:04:22.879  INFO   capture     mss window capture process='LC.exe' title=None content_aspect=4:3
2026-09-29 15:04:23.609  INFO   session     Entity clicks use memory names, species, and world cells. Image recognition still runs. Set memory.entity_source to vision to restore image-only clicks.
2026-09-29 15:04:23.653  INFO   session     Player memory is read in this process (realtime_monitor.dll, offsets.json). No separate console.
2026-09-29 15:04:23.713  INFO   session     인벤토리를 백그라운드에서 스캔 중 (inventory_listen.dll 또는 inv.json을 두세요).
2026-09-29 15:04:23.795  INFO   session     메모리에서 핫바 24칸을 읽는 중…
2026-09-29 15:04:24.178  INFO   session     핫바 스캔 완료 · 파워 업@box1/f5, 아머 업@box1/f6, 라이트@box1/f7, 힐@box1/f8, HP 물약@box2/f9, 텔레포트@box1/f10, 마법 공격@box1/f12, 말하는 두루마리@box2/f5, 마더 트리@box2/f6, HP를 MP로@box2/f7
2026-09-29 15:04:24.372  INFO   session     매핑되지 않은 핫바 아이콘: box1/f8:SPELL, box1/f11:아데나, box1/f12:화살, box2/f10:은화살, box2/f12:SPELL, box3/f10:SPELL
2026-09-29 15:04:24.471  INFO   session     루프 준비 · 요정 · 한국어 · 맵=말하는 섬 · 룻=아데나만 · 구역=구역 1, 구역 3
2026-09-29 15:04:24.964  INFO   session     Entity shadow: vision=2 {'monster': 1, 'player': 1} memory=7 {'monster': 3, 'player': 1, 'npc': 3} paired=1 median=0.014
2026-09-29 15:04:25.012  INFO   session     인벤토리 수신 준비 (dll) · hp=0 화살=9540 은화살=0 해독=0
2026-09-29 15:04:25.060  INFO   decision    mode=farming goal=buff action=buff target=- sticky=- origin=(268,328) shop=0 scrolled=0 reason='armor_up' status=success
2026-09-29 15:04:25.656  INFO   combat      farm branch=screen_combat id=3 dist=5
2026-09-29 15:04:25.668  INFO   combat      engage id=3 species=monster_도베르만_6 rel=(1,-5)
2026-09-29 15:04:25.676  INFO   decision    mode=farming goal=combat action=attack target=3 sticky=3 origin=(268,328) shop=0 scrolled=0 reason='screen engage' status=success
2026-09-29 15:04:26.490  INFO   combat      farm branch=screen_combat id=1 dist=8
2026-09-29 15:04:26.503  INFO   combat      engage id=1 species=monster_오크_2 rel=(1,-8)
2026-09-29 15:04:26.512  INFO   decision    mode=farming goal=combat action=attack target=1 sticky=1 origin=(268,328) shop=0 scrolled=0 reason='screen engage' status=success
2026-09-29 15:04:27.102  INFO   combat      farm branch=sticky id=1 dist=7
2026-09-29 15:04:27.374  INFO   combat      farm branch=sticky id=1 dist=7
2026-09-29 15:04:27.645  INFO   combat      farm branch=sticky id=1 dist=6
2026-09-29 15:04:27.956  INFO   combat      farm branch=sticky id=1 dist=6
2026-09-29 15:04:28.245  INFO   combat      farm branch=sticky id=1 dist=6
2026-09-29 15:04:28.503  INFO   combat      farm branch=sticky id=1 dist=5
2026-09-29 15:04:28.804  INFO   combat      farm branch=sticky id=1 dist=5
2026-09-29 15:04:29.060  INFO   combat      farm branch=sticky id=1 dist=3
2026-09-29 15:04:29.327  INFO   combat      farm branch=sticky id=1 dist=2
2026-09-29 15:04:29.560  INFO   combat      farm branch=sticky id=1 dist=2
2026-09-29 15:04:29.892  INFO   combat      farm branch=screen_combat id=4 dist=13
2026-09-29 15:04:29.904  INFO   combat      engage id=4 species=monster_고블린_2 rel=(-13,2)
2026-09-29 15:04:29.912  INFO   decision    mode=farming goal=combat action=attack target=4 sticky=4 origin=(268,326) shop=0 scrolled=0 reason='screen engage' status=success
2026-09-29 15:04:30.485  INFO   session     Entity shadow: vision=1 {'player': 1} memory=3 {'monster': 1, 'npc': 2} paired=0 median=0.000
2026-09-29 15:04:30.541  INFO   combat      farm branch=sticky id=4 dist=14
2026-09-29 15:04:30.831  INFO   combat      farm branch=sticky id=4 dist=14
2026-09-29 15:04:31.195  INFO   combat      farm branch=sticky id=4 dist=14
2026-09-29 15:04:31.644  INFO   combat      farm branch=sticky id=4 dist=14
2026-09-29 15:04:31.922  INFO   combat      farm branch=sticky id=4 dist=13
2026-09-29 15:04:32.242  INFO   combat      farm branch=sticky id=4 dist=13
2026-09-29 15:04:32.494  INFO   combat      farm branch=sticky id=4 dist=13
2026-09-29 15:04:32.735  INFO   combat      farm branch=sticky id=4 dist=13
2026-09-29 15:04:32.987  INFO   combat      farm branch=sticky id=4 dist=11
2026-09-29 15:04:33.258  INFO   combat      farm branch=sticky id=4 dist=11
2026-09-29 15:04:33.503  INFO   combat      farm branch=sticky id=4 dist=11
2026-09-29 15:04:33.788  INFO   combat      farm branch=sticky id=4 dist=11
2026-09-29 15:04:34.043  INFO   combat      farm branch=sticky id=4 dist=11
2026-09-29 15:04:34.355  INFO   combat      farm branch=sticky id=4 dist=11
2026-09-29 15:04:34.596  INFO   combat      farm branch=sticky id=4 dist=11
2026-09-29 15:04:34.854  INFO   combat      farm branch=sticky id=4 dist=11
2026-09-29 15:04:35.102  INFO   decision    mode=farming goal=buff action=buff target=- sticky=4 origin=(264,329) shop=0 scrolled=0 reason='light' status=success
2026-09-29 15:04:35.578  INFO   session     Entity shadow: vision=2 {'monster': 1, 'player': 1} memory=1 {'monster': 1} paired=1 median=0.012
2026-09-29 15:04:35.652  INFO   combat      farm branch=sticky id=4 dist=11
2026-09-29 15:04:35.654  INFO   decision    mode=farming goal=combat action=attack target=4 sticky=4 origin=(264,329) shop=0 scrolled=0 reason='attack target' status=success
2026-09-29 15:04:36.191  INFO   combat      farm branch=sticky id=4 dist=11
2026-09-29 15:04:36.449  INFO   combat      farm branch=sticky id=4 dist=11
2026-09-29 15:04:36.450  INFO   decision    mode=farming goal=combat action=searching target=4 sticky=4 origin=(264,329) shop=0 scrolled=0 reason='sidestep combat block' status=success
2026-09-29 15:04:36.811  INFO   combat      farm branch=sticky id=4 dist=11
2026-09-29 15:04:36.812  INFO   decision    mode=farming goal=combat action=attack target=4 sticky=4 origin=(264,329) shop=0 scrolled=0 reason='attack target' status=success
2026-09-29 15:04:37.459  INFO   combat      farm branch=sticky id=4 dist=11
2026-09-29 15:04:37.948  INFO   combat      farm branch=sticky id=4 dist=11
2026-09-29 15:04:38.226  INFO   combat      farm branch=sticky id=4 dist=11
2026-09-29 15:04:38.471  INFO   combat      farm branch=sticky id=4 dist=11
2026-09-29 15:04:38.742  INFO   combat      farm branch=sticky id=4 dist=11
2026-09-29 15:04:39.068  INFO   combat      farm branch=sticky id=4 dist=11
2026-09-29 15:04:39.317  INFO   combat      farm branch=sticky id=4 dist=11
2026-09-29 15:04:39.588  INFO   combat      farm branch=sticky id=4 dist=11
2026-09-29 15:04:39.841  INFO   combat      farm branch=sticky id=4 dist=11
2026-09-29 15:04:40.116  INFO   combat      farm branch=sticky id=4 dist=11
2026-09-29 15:04:40.391  INFO   combat      farm branch=sticky id=4 dist=11
2026-09-29 15:04:40.622  INFO   session     Entity shadow: vision=2 {'player': 1, 'monster': 1} memory=1 {'monster': 1} paired=1 median=0.017
2026-09-29 15:04:40.672  INFO   combat      farm branch=sticky id=4 dist=11
2026-09-29 15:04:40.908  INFO   combat      farm branch=sticky id=4 dist=11
2026-09-29 15:04:41.172  INFO   combat      farm branch=sticky id=4 dist=11
2026-09-29 15:04:41.430  INFO   combat      farm branch=sticky id=4 dist=11
2026-09-29 15:04:41.678  INFO   combat      farm branch=sticky id=4 dist=11
2026-09-29 15:04:41.685  INFO   combat      give-up id=4 sticky_was=4
2026-09-29 15:04:41.698  INFO   combat      farm branch=screen_combat id=4 dist=11
2026-09-29 15:04:41.709  INFO   travel      return/enter farm needed at (264,329)
2026-09-29 15:04:41.736  INFO   search      farm branch=none (wander/search next)
2026-09-29 15:04:41.821  INFO   travel      hop begin wp=(266, 340) purpose=enter_farm reason=enter farm area
2026-09-29 15:04:41.822  INFO   decision    mode=traveling goal=traveling action=traveling target=- sticky=- origin=(264,329) shop=0 scrolled=0 reason='enter farm area' status=success
2026-09-29 15:04:42.231  INFO   search      farm branch=none (wander/search next)
2026-09-29 15:04:42.460  INFO   search      farm branch=none (wander/search next)
2026-09-29 15:04:42.633  INFO   search      farm branch=none (wander/search next)
2026-09-29 15:04:42.793  INFO   search      farm branch=none (wander/search next)
2026-09-29 15:04:42.965  INFO   search      farm branch=none (wander/search next)
2026-09-29 15:04:43.143  INFO   search      farm branch=none (wander/search next)
2026-09-29 15:04:43.346  INFO   search      farm branch=none (wander/search next)
2026-09-29 15:04:43.515  INFO   search      farm branch=none (wander/search next)
2026-09-29 15:04:43.680  INFO   search      farm branch=none (wander/search next)
2026-09-29 15:04:43.855  INFO   search      farm branch=none (wander/search next)
2026-09-29 15:04:43.955  INFO   travel      hop begin wp=(266, 340) purpose=enter_farm reason=enter farm area
2026-09-29 15:04:44.375  INFO   search      farm branch=none (wander/search next)
2026-09-29 15:04:44.758  INFO   search      farm branch=none (wander/search next)
2026-09-29 15:04:44.957  INFO   search      farm branch=none (wander/search next)
2026-09-29 15:04:45.132  INFO   search      farm branch=none (wander/search next)
2026-09-29 15:04:45.302  INFO   search      farm branch=none (wander/search next)
2026-09-29 15:04:45.497  INFO   search      farm branch=none (wander/search next)
2026-09-29 15:04:45.622  INFO   session     Entity shadow: vision=2 {'player': 1, 'npc': 1} memory=4 {'monster': 1, 'npc': 3} paired=0 median=0.000 unleveled=10:警衛
2026-09-29 15:04:45.726  INFO   search      farm branch=none (wander/search next)
2026-09-29 15:04:45.961  INFO   search      farm branch=none (wander/search next)
2026-09-29 15:04:46.054  INFO   travel      hop begin wp=(267, 341) purpose=enter_farm reason=enter farm area
2026-09-29 15:04:46.417  INFO   search      farm branch=none (wander/search next)
2026-09-29 15:04:46.585  INFO   search      farm branch=none (wander/search next)
2026-09-29 15:04:46.786  INFO   search      farm branch=none (wander/search next)
2026-09-29 15:04:47.019  INFO   search      farm branch=none (wander/search next)
2026-09-29 15:04:47.218  INFO   search      farm branch=none (wander/search next)
2026-09-29 15:04:47.500  INFO   search      farm branch=none (wander/search next)
2026-09-29 15:04:47.709  INFO   search      farm branch=none (wander/search next)
2026-09-29 15:04:47.906  INFO   search      farm branch=none (wander/search next)
2026-09-29 15:04:48.127  INFO   search      farm branch=none (wander/search next)
2026-09-29 15:04:48.213  INFO   travel      hop begin wp=(269, 343) purpose=enter_farm reason=enter farm area
2026-09-29 15:04:48.560  INFO   search      farm branch=none (wander/search next)
2026-09-29 15:04:48.753  INFO   search      farm branch=none (wander/search next)
2026-09-29 15:04:48.962  INFO   search      farm branch=none (wander/search next)
2026-09-29 15:04:49.238  INFO   search      farm branch=none (wander/search next)
2026-09-29 15:04:49.452  INFO   search      farm branch=none (wander/search next)
2026-09-29 15:04:49.651  INFO   search      farm branch=none (wander/search next)
2026-09-29 15:04:49.819  INFO   search      farm branch=none (wander/search next)
2026-09-29 15:04:49.996  INFO   search      farm branch=none (wander/search next)
2026-09-29 15:04:50.187  INFO   search      farm branch=none (wander/search next)
2026-09-29 15:04:50.408  INFO   search      farm branch=none (wander/search next)
2026-09-29 15:04:50.485  INFO   travel      hop begin wp=(266, 350) purpose=enter_farm reason=enter farm area
2026-09-29 15:04:50.854  INFO   session     Entity shadow: vision=4 {'player': 2, 'npc': 2} memory=6 {'player': 1, 'monster': 2, 'npc': 3} paired=1 median=0.023 unleveled=68:警衛,10:警衛
2026-09-29 15:04:51.024  INFO   search      farm branch=none (wander/search next)
2026-09-29 15:04:51.437  INFO   search      farm branch=none (wander/search next)
2026-09-29 15:04:51.628  INFO   search      farm branch=none (wander/search next)
2026-09-29 15:04:51.801  INFO   search      farm branch=none (wander/search next)
2026-09-29 15:04:51.975  INFO   search      farm branch=none (wander/search next)
2026-09-29 15:04:52.174  INFO   search      farm branch=none (wander/search next)
2026-09-29 15:04:52.361  INFO   search      farm branch=none (wander/search next)
2026-09-29 15:04:52.596  INFO   search      farm branch=none (wander/search next)
2026-09-29 15:04:52.699  INFO   travel      hop begin wp=(269, 355) purpose=enter_farm reason=enter farm area
2026-09-29 15:04:53.013  INFO   search      farm branch=none (wander/search next)
2026-09-29 15:04:53.183  INFO   search      farm branch=none (wander/search next)
2026-09-29 15:04:53.344  INFO   search      farm branch=none (wander/search next)
2026-09-29 15:04:53.554  INFO   search      farm branch=none (wander/search next)
2026-09-29 15:04:53.760  INFO   search      farm branch=none (wander/search next)
2026-09-29 15:04:53.760  INFO   decision    mode=traveling goal=traveling action=traveling target=- sticky=- origin=(268,342) shop=0 scrolled=0 reason='enter farm area' status=success (repeat x50)
2026-09-29 15:04:53.976  INFO   search      farm branch=none (wander/search next)
2026-09-29 15:04:54.213  INFO   search      farm branch=none (wander/search next)
2026-09-29 15:04:54.375  INFO   search      farm branch=none (wander/search next)
2026-09-29 15:04:54.598  INFO   search      farm branch=none (wander/search next)
2026-09-29 15:04:54.798  INFO   search      farm branch=none (wander/search next)
2026-09-29 15:04:54.870  INFO   travel      hop begin wp=(270, 356) purpose=enter_farm reason=enter farm area
2026-09-29 15:04:55.215  INFO   search      farm branch=none (wander/search next)
2026-09-29 15:04:55.418  INFO   search      farm branch=none (wander/search next)
2026-09-29 15:04:55.615  INFO   search      farm branch=none (wander/search next)
2026-09-29 15:04:55.812  INFO   search      farm branch=none (wander/search next)
2026-09-29 15:04:56.005  INFO   session     Entity shadow: vision=3 {'player': 2, 'npc': 1} memory=5 {'player': 1, 'monster': 2, 'npc': 2} paired=1 median=0.018 unleveled=68:警衛,10:警衛
2026-09-29 15:04:56.074  INFO   search      farm branch=none (wander/search next)
2026-09-29 15:04:56.259  INFO   search      farm branch=none (wander/search next)
2026-09-29 15:04:56.464  INFO   search      farm branch=none (wander/search next)
2026-09-29 15:04:56.669  INFO   search      farm branch=none (wander/search next)
2026-09-29 15:04:57.048  INFO   loot        begin_loot_item id=15
2026-09-29 15:04:57.180  INFO   loot        approach hop item=15 wp=(282, 348) reason=walk onto item
2026-09-29 15:04:57.182  INFO   loot        farm branch=loot item_id=15
2026-09-29 15:04:57.195  INFO   decision    mode=traveling goal=loot action=searching target=15 sticky=- origin=(269,347) shop=0 scrolled=0 reason='walk onto item' status=success
2026-09-29 15:04:57.541  INFO   loot        farm branch=loot item_id=15
2026-09-29 15:04:57.773  INFO   loot        farm branch=loot item_id=15
2026-09-29 15:04:57.998  INFO   loot        farm branch=loot item_id=15
2026-09-29 15:04:58.233  INFO   loot        farm branch=loot item_id=15
2026-09-29 15:04:58.391  INFO   loot        farm branch=loot item_id=15
2026-09-29 15:04:58.577  INFO   loot        farm branch=loot item_id=15
2026-09-29 15:04:58.750  INFO   loot        farm branch=loot item_id=15
2026-09-29 15:04:58.930  INFO   loot        farm branch=loot item_id=15
2026-09-29 15:04:59.175  INFO   loot        farm branch=loot item_id=15
2026-09-29 15:04:59.334  INFO   hp          hp action=teleport
2026-09-29 15:04:59.347  INFO   hp          begin retreat reason=hp scroll=True mother_tree=False teleport=True prefer_scroll=False
2026-09-29 15:04:59.356  INFO   hp          finish retreat was=hp resume=traveling stash=(293, 400) purpose=enter_farm
2026-09-29 15:04:59.375  INFO   hp          hp action=teleport
2026-09-29 15:04:59.389  INFO   hp          begin retreat reason=hp scroll=True mother_tree=False teleport=True prefer_scroll=False
2026-09-29 15:04:59.397  INFO   hp          finish retreat was=hp resume=traveling stash=(293, 400) purpose=enter_farm
2026-09-29 15:04:59.416  INFO   hp          hp action=teleport
2026-09-29 15:04:59.428  INFO   hp          begin retreat reason=hp scroll=True mother_tree=False teleport=True prefer_scroll=False
2026-09-29 15:04:59.436  INFO   hp          finish retreat was=hp resume=traveling stash=(293, 400) purpose=enter_farm
2026-09-29 15:04:59.451  INFO   decision    mode=traveling goal=? action=idle target=- sticky=- origin=(272,351) shop=0 scrolled=0 reason='no behavior produced an intent' status=failure
2026-09-29 15:04:59.674  INFO   hp          hp action=teleport
2026-09-29 15:04:59.675  INFO   hp          begin retreat reason=hp scroll=True mother_tree=False teleport=True prefer_scroll=False
2026-09-29 15:04:59.683  INFO   hp          finish retreat was=hp resume=traveling stash=(293, 400) purpose=enter_farm
2026-09-29 15:04:59.702  INFO   hp          hp action=teleport
2026-09-29 15:04:59.715  INFO   hp          begin retreat reason=hp scroll=True mother_tree=False teleport=True prefer_scroll=False
2026-09-29 15:04:59.724  INFO   hp          finish retreat was=hp resume=traveling stash=(293, 400) purpose=enter_farm
2026-09-29 15:04:59.747  INFO   hp          hp action=teleport
2026-09-29 15:04:59.770  INFO   hp          begin retreat reason=hp scroll=True mother_tree=False teleport=True prefer_scroll=False
2026-09-29 15:04:59.780  INFO   hp          finish retreat was=hp resume=traveling stash=(293, 400) purpose=enter_farm
2026-09-29 15:05:00.001  INFO   hp          hp action=teleport
2026-09-29 15:05:00.002  INFO   hp          begin retreat reason=hp scroll=True mother_tree=False teleport=True prefer_scroll=False
2026-09-29 15:05:00.010  INFO   hp          finish retreat was=hp resume=traveling stash=(293, 400) purpose=enter_farm
2026-09-29 15:05:00.029  INFO   hp          hp action=teleport
2026-09-29 15:05:00.041  INFO   hp          begin retreat reason=hp scroll=True mother_tree=False teleport=True prefer_scroll=False
2026-09-29 15:05:00.050  INFO   hp          finish retreat was=hp resume=traveling stash=(293, 400) purpose=enter_farm
2026-09-29 15:05:00.069  INFO   hp          hp action=teleport
2026-09-29 15:05:00.081  INFO   hp          begin retreat reason=hp scroll=True mother_tree=False teleport=True prefer_scroll=False
2026-09-29 15:05:00.089  INFO   hp          finish retreat was=hp resume=traveling stash=(293, 400) purpose=enter_farm
2026-09-29 15:05:00.331  INFO   hp          hp action=teleport
2026-09-29 15:05:00.332  INFO   hp          begin retreat reason=hp scroll=True mother_tree=False teleport=True prefer_scroll=False
2026-09-29 15:05:00.340  INFO   hp          finish retreat was=hp resume=traveling stash=(293, 400) purpose=enter_farm
2026-09-29 15:05:00.360  INFO   hp          hp action=teleport
2026-09-29 15:05:00.371  INFO   hp          begin retreat reason=hp scroll=True mother_tree=False teleport=True prefer_scroll=False
2026-09-29 15:05:00.380  INFO   hp          finish retreat was=hp resume=traveling stash=(293, 400) purpose=enter_farm
2026-09-29 15:05:00.399  INFO   hp          hp action=teleport
2026-09-29 15:05:00.411  INFO   hp          begin retreat reason=hp scroll=True mother_tree=False teleport=True prefer_scroll=False
2026-09-29 15:05:00.419  INFO   hp          finish retreat was=hp resume=traveling stash=(293, 400) purpose=enter_farm
2026-09-29 15:05:00.594  INFO   hp          hp action=teleport
2026-09-29 15:05:00.595  INFO   hp          begin retreat reason=hp scroll=True mother_tree=False teleport=True prefer_scroll=False
2026-09-29 15:05:00.603  INFO   hp          finish retreat was=hp resume=traveling stash=(293, 400) purpose=enter_farm
2026-09-29 15:05:00.622  INFO   hp          hp action=teleport
2026-09-29 15:05:00.634  INFO   hp          begin retreat reason=hp scroll=True mother_tree=False teleport=True prefer_scroll=False
2026-09-29 15:05:00.642  INFO   hp          finish retreat was=hp resume=traveling stash=(293, 400) purpose=enter_farm
2026-09-29 15:05:00.661  INFO   hp          hp action=teleport
2026-09-29 15:05:00.673  INFO   hp          begin retreat reason=hp scroll=True mother_tree=False teleport=True prefer_scroll=False
2026-09-29 15:05:00.681  INFO   hp          finish retreat was=hp resume=traveling stash=(293, 400) purpose=enter_farm
2026-09-29 15:05:00.873  INFO   loot        begin_loot_item id=15
2026-09-29 15:05:00.874  INFO   loot        approach hop item=15 wp=(282, 351) reason=walk onto item
2026-09-29 15:05:00.880  INFO   loot        farm branch=loot item_id=15
2026-09-29 15:05:00.893  INFO   decision    mode=traveling goal=loot action=searching target=15 sticky=- origin=(273,351) shop=0 scrolled=0 reason='walk onto item' status=success
2026-09-29 15:05:01.185  INFO   session     Entity shadow: vision=6 {'player': 2, 'npc': 2, 'item': 1, 'monster': 1} memory=7 {'monster': 5, 'player': 1, 'item': 1} paired=3 median=0.034 unleveled=68:警衛,10:警衛
2026-09-29 15:05:01.261  INFO   loot        farm branch=loot item_id=15
2026-09-29 15:05:01.509  INFO   hp          hp action=teleport
2026-09-29 15:05:01.509  INFO   hp          begin retreat reason=hp scroll=True mother_tree=False teleport=True prefer_scroll=False
2026-09-29 15:05:01.522  INFO   hp          escape teleport emit: retreat teleport
2026-09-29 15:05:01.533  INFO   decision    mode=retreating goal=retreating action=teleport target=- sticky=- origin=(273,351) shop=0 scrolled=0 reason='retreat teleport' status=success
2026-09-29 15:05:02.461  INFO   decision    mode=retreating goal=heal action=heal target=- sticky=- origin=(274,351) shop=0 scrolled=0 reason='heal after teleport' status=success
2026-09-29 15:05:02.734  INFO   hp          hp action=teleport
2026-09-29 15:05:02.735  INFO   hp          begin retreat reason=hp scroll=True mother_tree=False teleport=True prefer_scroll=False
2026-09-29 15:05:02.743  INFO   hp          escape teleport emit: natural recover under attack
2026-09-29 15:05:02.761  INFO   decision    mode=retreating goal=retreating action=teleport target=- sticky=- origin=(274,351) shop=0 scrolled=0 reason='natural recover under attack' status=success
2026-09-29 15:05:03.754  INFO   decision    mode=retreating goal=heal action=heal target=- sticky=- origin=(339,288) shop=0 scrolled=0 reason='heal after teleport' status=success
2026-09-29 15:05:04.210  INFO   decision    mode=retreating goal=retreating action=idle target=- sticky=- origin=(339,288) shop=0 scrolled=0 reason='retreating, waiting for hp' status=success
2026-09-29 15:05:04.443  INFO   decision    mode=retreating goal=heal action=heal target=- sticky=- origin=(339,288) shop=0 scrolled=0 reason='heal after teleport' status=success
2026-09-29 15:05:04.704  INFO   decision    mode=retreating goal=retreating action=idle target=- sticky=- origin=(339,288) shop=0 scrolled=0 reason='retreating, waiting for hp' status=success
2026-09-29 15:05:05.113  INFO   decision    mode=retreating goal=heal action=heal target=- sticky=- origin=(339,288) shop=0 scrolled=0 reason='heal after teleport' status=success
2026-09-29 15:05:05.370  INFO   decision    mode=retreating goal=retreating action=idle target=- sticky=- origin=(339,288) shop=0 scrolled=0 reason='retreating, waiting for hp' status=success
2026-09-29 15:05:05.757  INFO   decision    mode=retreating goal=heal action=heal target=- sticky=- origin=(339,288) shop=0 scrolled=0 reason='heal after teleport' status=success
2026-09-29 15:05:05.980  INFO   decision    mode=retreating goal=retreating action=idle target=- sticky=- origin=(339,288) shop=0 scrolled=0 reason='retreating, waiting for hp' status=success
2026-09-29 15:05:06.297  INFO   session     Entity shadow: vision=2 {'player': 2} memory=4 {'player': 1, 'monster': 3} paired=1 median=0.030 unleveled=210:兔子,207:兔子,189:鹿
2026-09-29 15:05:06.483  INFO   decision    mode=retreating goal=heal action=heal target=- sticky=- origin=(339,288) shop=0 scrolled=0 reason='heal after teleport' status=success
2026-09-29 15:05:06.757  INFO   decision    mode=retreating goal=retreating action=idle target=- sticky=- origin=(339,288) shop=0 scrolled=0 reason='retreating, waiting for hp' status=success
2026-09-29 15:05:07.136  INFO   decision    mode=retreating goal=heal action=heal target=- sticky=- origin=(339,288) shop=0 scrolled=0 reason='heal after teleport' status=success
2026-09-29 15:05:07.356  INFO   decision    mode=retreating goal=retreating action=idle target=- sticky=- origin=(339,288) shop=0 scrolled=0 reason='retreating, waiting for hp' status=success
2026-09-29 15:05:07.741  INFO   decision    mode=retreating goal=heal action=heal target=- sticky=- origin=(339,288) shop=0 scrolled=0 reason='heal after teleport' status=success
2026-09-29 15:05:07.969  INFO   decision    mode=retreating goal=retreating action=idle target=- sticky=- origin=(339,288) shop=0 scrolled=0 reason='retreating, waiting for hp' status=success
2026-09-29 15:05:08.355  INFO   decision    mode=retreating goal=heal action=heal target=- sticky=- origin=(339,288) shop=0 scrolled=0 reason='heal after teleport' status=success
2026-09-29 15:05:08.591  INFO   decision    mode=retreating goal=retreating action=idle target=- sticky=- origin=(339,288) shop=0 scrolled=0 reason='retreating, waiting for hp' status=success
2026-09-29 15:05:08.983  INFO   decision    mode=retreating goal=heal action=heal target=- sticky=- origin=(339,288) shop=0 scrolled=0 reason='heal after teleport' status=success
2026-09-29 15:05:09.264  INFO   decision    mode=retreating goal=retreating action=idle target=- sticky=- origin=(339,288) shop=0 scrolled=0 reason='retreating, waiting for hp' status=success
2026-09-29 15:05:09.723  INFO   decision    mode=retreating goal=heal action=heal target=- sticky=- origin=(339,288) shop=0 scrolled=0 reason='heal after teleport' status=success
2026-09-29 15:05:09.975  INFO   decision    mode=retreating goal=retreating action=idle target=- sticky=- origin=(339,288) shop=0 scrolled=0 reason='retreating, waiting for hp' status=success
2026-09-29 15:05:10.373  INFO   decision    mode=retreating goal=heal action=heal target=- sticky=- origin=(339,288) shop=0 scrolled=0 reason='heal after teleport' status=success
2026-09-29 15:05:10.625  INFO   decision    mode=retreating goal=retreating action=idle target=- sticky=- origin=(339,288) shop=0 scrolled=0 reason='retreating, waiting for hp' status=success
2026-09-29 15:05:11.004  INFO   decision    mode=retreating goal=heal action=heal target=- sticky=- origin=(339,288) shop=0 scrolled=0 reason='heal after teleport' status=success
2026-09-29 15:05:11.236  INFO   decision    mode=retreating goal=retreating action=idle target=- sticky=- origin=(339,288) shop=0 scrolled=0 reason='retreating, waiting for hp' status=success
2026-09-29 15:05:11.381  INFO   session     Entity shadow: vision=2 {'player': 2} memory=4 {'monster': 3, 'player': 1} paired=1 median=0.030 unleveled=207:兔子,189:鹿,210:兔子
2026-09-29 15:05:11.635  INFO   decision    mode=retreating goal=heal action=heal target=- sticky=- origin=(339,288) shop=0 scrolled=0 reason='heal after teleport' status=success
2026-09-29 15:05:11.897  INFO   decision    mode=retreating goal=retreating action=idle target=- sticky=- origin=(339,288) shop=0 scrolled=0 reason='retreating, waiting for hp' status=success
2026-09-29 15:05:12.243  INFO   decision    mode=retreating goal=heal action=heal target=- sticky=- origin=(339,288) shop=0 scrolled=0 reason='heal after teleport' status=success
2026-09-29 15:05:12.483  INFO   decision    mode=retreating goal=retreating action=idle target=- sticky=- origin=(339,288) shop=0 scrolled=0 reason='retreating, waiting for hp' status=success
2026-09-29 15:05:12.859  INFO   decision    mode=retreating goal=heal action=heal target=- sticky=- origin=(339,288) shop=0 scrolled=0 reason='heal after teleport' status=success
2026-09-29 15:05:13.101  INFO   decision    mode=retreating goal=retreating action=idle target=- sticky=- origin=(339,288) shop=0 scrolled=0 reason='retreating, waiting for hp' status=success
2026-09-29 15:05:13.503  INFO   decision    mode=retreating goal=heal action=heal target=- sticky=- origin=(339,288) shop=0 scrolled=0 reason='heal after teleport' status=success
2026-09-29 15:05:13.725  INFO   decision    mode=retreating goal=retreating action=idle target=- sticky=- origin=(339,288) shop=0 scrolled=0 reason='retreating, waiting for hp' status=success
2026-09-29 15:05:14.153  INFO   decision    mode=retreating goal=heal action=heal target=- sticky=- origin=(339,288) shop=0 scrolled=0 reason='heal after teleport' status=success
2026-09-29 15:05:14.465  INFO   decision    mode=retreating goal=retreating action=idle target=- sticky=- origin=(339,288) shop=0 scrolled=0 reason='retreating, waiting for hp' status=success
2026-09-29 15:05:14.796  INFO   decision    mode=retreating goal=heal action=heal target=- sticky=- origin=(339,288) shop=0 scrolled=0 reason='heal after teleport' status=success
2026-09-29 15:05:15.006  INFO   decision    mode=retreating goal=retreating action=idle target=- sticky=- origin=(339,288) shop=0 scrolled=0 reason='retreating, waiting for hp' status=success
2026-09-29 15:05:15.423  INFO   decision    mode=retreating goal=heal action=heal target=- sticky=- origin=(339,288) shop=0 scrolled=0 reason='heal after teleport' status=success
2026-09-29 15:05:15.651  INFO   decision    mode=retreating goal=retreating action=idle target=- sticky=- origin=(339,288) shop=0 scrolled=0 reason='retreating, waiting for hp' status=success
2026-09-29 15:05:16.493  INFO   session     Entity shadow: vision=1 {'player': 1} memory=3 {'monster': 3} paired=0 median=0.000 unleveled=207:兔子,210:兔子,189:鹿
2026-09-29 15:05:21.507  INFO   session     Entity shadow: vision=1 {'player': 1} memory=3 {'monster': 3} paired=0 median=0.000 unleveled=210:兔子,207:兔子,189:鹿
2026-09-29 15:05:24.845  INFO   decision    mode=retreating goal=retreating action=idle target=- sticky=- origin=(339,288) shop=0 scrolled=0 reason='retreating, waiting for hp' status=success (repeat x50)
2026-09-29 15:05:26.533  INFO   session     Entity shadow: vision=1 {'player': 1} memory=3 {'monster': 3} paired=0 median=0.000 unleveled=189:鹿,210:兔子
2026-09-29 15:05:31.577  INFO   session     Entity shadow: vision=0 {} memory=2 {'monster': 2} paired=0 median=0.000 unleveled=210:兔子
2026-09-29 15:05:35.611  INFO   decision    mode=retreating goal=retreating action=idle target=- sticky=- origin=(339,288) shop=0 scrolled=0 reason='retreating, waiting for hp' status=success (repeat x50)
2026-09-29 15:05:36.628  INFO   session     Entity shadow: vision=0 {} memory=2 {'monster': 2} paired=0 median=0.000 unleveled=210:兔子
2026-09-29 15:05:41.722  INFO   session     Entity shadow: vision=0 {} memory=1 {'monster': 1} paired=0 median=0.000
2026-09-29 15:05:44.544  INFO   decision    mode=retreating goal=retreating action=idle target=- sticky=- origin=(339,288) shop=0 scrolled=0 reason='retreating, waiting for hp' status=success (repeat x50)
2026-09-29 15:05:46.790  INFO   session     Entity shadow: vision=0 {} memory=0 {} paired=0 median=0.000
2026-09-29 15:05:51.944  INFO   session     Entity shadow: vision=0 {} memory=2 {'monster': 1, 'npc': 1} paired=0 median=0.000
2026-09-29 15:05:53.728  INFO   decision    mode=retreating goal=retreating action=idle target=- sticky=- origin=(339,288) shop=0 scrolled=0 reason='retreating, waiting for hp' status=success (repeat x50)
2026-09-29 15:05:57.071  INFO   session     Entity shadow: vision=0 {} memory=1 {'monster': 1} paired=0 median=0.000
2026-09-29 15:06:02.144  INFO   session     Entity shadow: vision=0 {} memory=1 {'monster': 1} paired=0 median=0.000
2026-09-29 15:06:02.722  INFO   decision    mode=retreating goal=retreating action=idle target=- sticky=- origin=(339,288) shop=0 scrolled=0 reason='retreating, waiting for hp' status=success (repeat x50)
2026-09-29 15:06:03.214  INFO   hp          finish retreat was=hp resume=traveling stash=(293, 400) purpose=enter_farm
2026-09-29 15:06:03.269  INFO   search      farm branch=none (wander/search next)
2026-09-29 15:06:03.298  INFO   travel      hop begin wp=(331, 296) purpose=enter_farm reason=enter farm area
2026-09-29 15:06:03.308  INFO   decision    mode=traveling goal=traveling action=traveling target=- sticky=- origin=(339,288) shop=0 scrolled=0 reason='enter farm area' status=success
2026-09-29 15:06:03.411  INFO   action      travel click failed (no NORMAL in ring) travel=True search=False loot=False
2026-09-29 15:06:03.609  INFO   search      farm branch=none (wander/search next)
2026-09-29 15:06:03.633  INFO   travel      hop begin wp=(331, 296) purpose=enter_farm reason=enter farm area
2026-09-29 15:06:03.731  INFO   action      travel click failed (no NORMAL in ring) travel=True search=False loot=False
2026-09-29 15:06:04.016  INFO   search      farm branch=none (wander/search next)
2026-09-29 15:06:04.209  INFO   travel      hop begin wp=(331, 296) purpose=enter_farm reason=enter farm area
2026-09-29 15:06:04.317  INFO   action      travel click failed (no NORMAL in ring) travel=True search=False loot=False
2026-09-29 15:06:04.511  INFO   search      farm branch=none (wander/search next)
2026-09-29 15:06:04.537  INFO   travel      hop begin wp=(331, 296) purpose=enter_farm reason=enter farm area
2026-09-29 15:06:04.636  INFO   action      travel click failed (no NORMAL in ring) travel=True search=False loot=False
2026-09-29 15:06:04.814  INFO   search      farm branch=none (wander/search next)
2026-09-29 15:06:04.839  INFO   travel      hop begin wp=(331, 296) purpose=enter_farm reason=enter farm area
2026-09-29 15:06:04.938  INFO   action      travel click failed (no NORMAL in ring) travel=True search=False loot=False
2026-09-29 15:06:05.137  INFO   search      farm branch=none (wander/search next)
2026-09-29 15:06:05.161  INFO   travel      hop begin wp=(331, 296) purpose=enter_farm reason=enter farm area
2026-09-29 15:06:05.262  INFO   action      travel click failed (no NORMAL in ring) travel=True search=False loot=False
2026-09-29 15:06:05.429  INFO   search      farm branch=none (wander/search next)
2026-09-29 15:06:05.453  INFO   travel      hop begin wp=(331, 296) purpose=enter_farm reason=enter farm area
2026-09-29 15:06:05.552  INFO   action      travel click failed (no NORMAL in ring) travel=True search=False loot=False
2026-09-29 15:06:05.730  INFO   search      farm branch=none (wander/search next)
2026-09-29 15:06:05.755  INFO   travel      hop begin wp=(331, 296) purpose=enter_farm reason=enter farm area
2026-09-29 15:06:05.852  INFO   action      travel click failed (no NORMAL in ring) travel=True search=False loot=False
2026-09-29 15:06:06.042  INFO   search      farm branch=none (wander/search next)
2026-09-29 15:06:06.067  INFO   travel      hop begin wp=(331, 296) purpose=enter_farm reason=enter farm area
2026-09-29 15:06:06.164  INFO   action      travel click failed (no NORMAL in ring) travel=True search=False loot=False
2026-09-29 15:06:06.378  INFO   search      farm branch=none (wander/search next)
2026-09-29 15:06:06.402  INFO   travel      hop begin wp=(331, 296) purpose=enter_farm reason=enter farm area
2026-09-29 15:06:06.502  INFO   action      travel click failed (no NORMAL in ring) travel=True search=False loot=False
2026-09-29 15:06:06.724  INFO   search      farm branch=none (wander/search next)
2026-09-29 15:06:06.750  INFO   travel      hop begin wp=(331, 296) purpose=enter_farm reason=enter farm area
2026-09-29 15:06:06.852  INFO   action      travel click failed (no NORMAL in ring) travel=True search=False loot=False
2026-09-29 15:06:07.030  INFO   search      farm branch=none (wander/search next)
2026-09-29 15:06:07.059  INFO   travel      hop begin wp=(331, 296) purpose=enter_farm reason=enter farm area
2026-09-29 15:06:07.161  INFO   action      travel click failed (no NORMAL in ring) travel=True search=False loot=False
2026-09-29 15:06:07.291  INFO   session     Entity shadow: vision=0 {} memory=1 {'monster': 1} paired=0 median=0.000
2026-09-29 15:06:07.342  INFO   search      farm branch=none (wander/search next)
2026-09-29 15:06:07.367  INFO   travel      hop begin wp=(331, 296) purpose=enter_farm reason=enter farm area
2026-09-29 15:06:07.469  INFO   action      travel click failed (no NORMAL in ring) travel=True search=False loot=False
2026-09-29 15:06:07.695  INFO   search      farm branch=none (wander/search next)
2026-09-29 15:06:07.724  INFO   travel      hop begin wp=(331, 296) purpose=enter_farm reason=enter farm area
2026-09-29 15:06:07.825  INFO   action      travel click failed (no NORMAL in ring) travel=True search=False loot=False
2026-09-29 15:06:08.025  INFO   search      farm branch=none (wander/search next)
2026-09-29 15:06:08.049  INFO   travel      hop begin wp=(331, 296) purpose=enter_farm reason=enter farm area
2026-09-29 15:06:08.146  INFO   action      travel click failed (no NORMAL in ring) travel=True search=False loot=False
2026-09-29 15:06:08.316  INFO   search      farm branch=none (wander/search next)
2026-09-29 15:06:08.340  INFO   travel      hop begin wp=(331, 296) purpose=enter_farm reason=enter farm area
2026-09-29 15:06:08.440  INFO   action      travel click failed (no NORMAL in ring) travel=True search=False loot=False
2026-09-29 15:06:08.605  INFO   search      farm branch=none (wander/search next)
2026-09-29 15:06:08.630  INFO   travel      hop begin wp=(331, 296) purpose=enter_farm reason=enter farm area
2026-09-29 15:06:08.728  INFO   action      travel click failed (no NORMAL in ring) travel=True search=False loot=False
2026-09-29 15:06:08.935  INFO   search      farm branch=none (wander/search next)
2026-09-29 15:06:08.959  INFO   travel      hop begin wp=(331, 296) purpose=enter_farm reason=enter farm area
2026-09-29 15:06:09.057  INFO   action      travel click failed (no NORMAL in ring) travel=True search=False loot=False
2026-09-29 15:06:09.273  INFO   search      farm branch=none (wander/search next)
2026-09-29 15:06:09.308  INFO   travel      hop begin wp=(331, 296) purpose=enter_farm reason=enter farm area
2026-09-29 15:06:09.415  INFO   action      travel click failed (no NORMAL in ring) travel=True search=False loot=False
2026-09-29 15:06:09.675  INFO   search      farm branch=none (wander/search next)
2026-09-29 15:06:09.700  INFO   travel      hop begin wp=(331, 296) purpose=enter_farm reason=enter farm area
2026-09-29 15:06:09.825  INFO   action      travel click failed (no NORMAL in ring) travel=True search=False loot=False
2026-09-29 15:06:10.062  INFO   search      farm branch=none (wander/search next)
2026-09-29 15:06:10.087  INFO   travel      hop begin wp=(331, 296) purpose=enter_farm reason=enter farm area
2026-09-29 15:06:10.185  INFO   action      travel click failed (no NORMAL in ring) travel=True search=False loot=False
2026-09-29 15:06:10.392  INFO   search      farm branch=none (wander/search next)
2026-09-29 15:06:10.416  INFO   travel      hop begin wp=(331, 296) purpose=enter_farm reason=enter farm area
2026-09-29 15:06:10.516  INFO   action      travel click failed (no NORMAL in ring) travel=True search=False loot=False
2026-09-29 15:06:10.753  INFO   search      farm branch=none (wander/search next)
2026-09-29 15:06:10.912  INFO   travel      hop begin wp=(331, 296) purpose=enter_farm reason=enter farm area
2026-09-29 15:06:11.047  INFO   action      travel click failed (no NORMAL in ring) travel=True search=False loot=False
2026-09-29 15:06:11.295  INFO   search      farm branch=none (wander/search next)
2026-09-29 15:06:11.320  INFO   travel      hop begin wp=(331, 296) purpose=enter_farm reason=enter farm area
2026-09-29 15:06:11.419  INFO   action      travel click failed (no NORMAL in ring) travel=True search=False loot=False
2026-09-29 15:06:11.661  INFO   search      farm branch=none (wander/search next)
2026-09-29 15:06:11.686  INFO   travel      hop begin wp=(331, 296) purpose=enter_farm reason=enter farm area
2026-09-29 15:06:11.784  INFO   action      travel click failed (no NORMAL in ring) travel=True search=False loot=False
2026-09-29 15:06:11.959  INFO   search      farm branch=none (wander/search next)
2026-09-29 15:06:11.983  INFO   travel      hop begin wp=(331, 296) purpose=enter_farm reason=enter farm area
2026-09-29 15:06:12.081  INFO   action      travel click failed (no NORMAL in ring) travel=True search=False loot=False
2026-09-29 15:06:12.321  INFO   search      farm branch=none (wander/search next)
2026-09-29 15:06:12.346  INFO   travel      hop begin wp=(331, 296) purpose=enter_farm reason=enter farm area
2026-09-29 15:06:12.447  INFO   action      travel click failed (no NORMAL in ring) travel=True search=False loot=False
2026-09-29 15:06:12.603  INFO   session     Entity shadow: vision=0 {} memory=3 {'monster': 3} paired=0 median=0.000 unleveled=210:兔子,207:兔子
2026-09-29 15:06:12.664  INFO   search      farm branch=none (wander/search next)
2026-09-29 15:06:12.717  INFO   travel      hop begin wp=(331, 296) purpose=enter_farm reason=enter farm area
2026-09-29 15:06:12.818  INFO   action      travel click failed (no NORMAL in ring) travel=True search=False loot=False
2026-09-29 15:06:13.014  INFO   search      farm branch=none (wander/search next)
2026-09-29 15:06:13.039  INFO   travel      hop begin wp=(331, 296) purpose=enter_farm reason=enter farm area
2026-09-29 15:06:13.138  INFO   action      travel click failed (no NORMAL in ring) travel=True search=False loot=False
2026-09-29 15:06:13.336  INFO   search      farm branch=none (wander/search next)
2026-09-29 15:06:13.369  INFO   travel      hop begin wp=(331, 296) purpose=enter_farm reason=enter farm area
2026-09-29 15:06:13.467  INFO   action      travel click failed (no NORMAL in ring) travel=True search=False loot=False
2026-09-29 15:06:13.645  INFO   search      farm branch=none (wander/search next)
2026-09-29 15:06:13.674  INFO   travel      hop begin wp=(331, 296) purpose=enter_farm reason=enter farm area
2026-09-29 15:06:13.771  INFO   action      travel click failed (no NORMAL in ring) travel=True search=False loot=False
2026-09-29 15:06:13.957  INFO   search      farm branch=none (wander/search next)
2026-09-29 15:06:13.982  INFO   travel      hop begin wp=(331, 296) purpose=enter_farm reason=enter farm area
2026-09-29 15:06:14.079  INFO   action      travel click failed (no NORMAL in ring) travel=True search=False loot=False
2026-09-29 15:06:14.243  INFO   search      farm branch=none (wander/search next)
2026-09-29 15:06:14.267  INFO   travel      hop begin wp=(331, 296) purpose=enter_farm reason=enter farm area
2026-09-29 15:06:14.369  INFO   action      travel click failed (no NORMAL in ring) travel=True search=False loot=False
2026-09-29 15:06:14.593  INFO   search      farm branch=none (wander/search next)
2026-09-29 15:06:14.618  INFO   travel      hop begin wp=(331, 296) purpose=enter_farm reason=enter farm area
2026-09-29 15:06:14.720  INFO   action      travel click failed (no NORMAL in ring) travel=True search=False loot=False
2026-09-29 15:06:14.948  INFO   search      farm branch=none (wander/search next)
2026-09-29 15:06:14.977  INFO   travel      hop begin wp=(331, 296) purpose=enter_farm reason=enter farm area
2026-09-29 15:06:15.077  INFO   action      travel click failed (no NORMAL in ring) travel=True search=False loot=False
2026-09-29 15:06:15.249  INFO   search      farm branch=none (wander/search next)
2026-09-29 15:06:15.274  INFO   travel      hop begin wp=(331, 296) purpose=enter_farm reason=enter farm area
2026-09-29 15:06:15.401  INFO   action      travel click failed (no NORMAL in ring) travel=True search=False loot=False
2026-09-29 15:06:15.612  INFO   search      farm branch=none (wander/search next)
2026-09-29 15:06:15.649  INFO   travel      hop begin wp=(331, 296) purpose=enter_farm reason=enter farm area
2026-09-29 15:06:15.750  INFO   action      travel click failed (no NORMAL in ring) travel=True search=False loot=False
2026-09-29 15:06:15.911  INFO   search      farm branch=none (wander/search next)
2026-09-29 15:06:15.941  INFO   travel      hop begin wp=(331, 296) purpose=enter_farm reason=enter farm area
2026-09-29 15:06:16.040  INFO   action      travel click failed (no NORMAL in ring) travel=True search=False loot=False
2026-09-29 15:06:16.206  INFO   search      farm branch=none (wander/search next)
2026-09-29 15:06:16.236  INFO   travel      hop begin wp=(331, 296) purpose=enter_farm reason=enter farm area
2026-09-29 15:06:16.335  INFO   action      travel click failed (no NORMAL in ring) travel=True search=False loot=False
2026-09-29 15:06:16.537  INFO   nav         unstick TP emit reason=unstick confined
2026-09-29 15:06:16.538  INFO   nav         confined escape fired (bubble timeout)
2026-09-29 15:06:16.546  INFO   decision    mode=traveling goal=unstick action=teleport target=- sticky=- origin=(339,288) shop=0 scrolled=0 reason='unstick confined' status=success
2026-09-29 15:06:17.744  INFO   search      farm branch=none (wander/search next)
2026-09-29 15:06:17.891  INFO   travel      hop begin wp=(331, 296) purpose=enter_farm reason=enter farm area
2026-09-29 15:06:17.892  INFO   decision    mode=traveling goal=traveling action=traveling target=- sticky=- origin=(339,288) shop=0 scrolled=0 reason='enter farm area' status=success
2026-09-29 15:06:18.012  INFO   action      travel click failed (no NORMAL in ring) travel=True search=False loot=False
2026-09-29 15:06:18.181  INFO   session     Entity shadow: vision=0 {} memory=2 {'monster': 2} paired=0 median=0.000 unleveled=210:兔子,207:兔子
2026-09-29 15:06:18.272  INFO   search      farm branch=none (wander/search next)
2026-09-29 15:06:18.299  INFO   travel      hop begin wp=(331, 296) purpose=enter_farm reason=enter farm area
2026-09-29 15:06:18.399  INFO   action      travel click failed (no NORMAL in ring) travel=True search=False loot=False
2026-09-29 15:06:18.605  INFO   search      farm branch=none (wander/search next)
2026-09-29 15:06:18.633  INFO   travel      hop begin wp=(331, 296) purpose=enter_farm reason=enter farm area
2026-09-29 15:06:18.732  INFO   action      travel click failed (no NORMAL in ring) travel=True search=False loot=False
2026-09-29 15:06:18.920  INFO   search      farm branch=none (wander/search next)
2026-09-29 15:06:18.945  INFO   travel      hop begin wp=(331, 296) purpose=enter_farm reason=enter farm area
2026-09-29 15:06:19.042  INFO   action      travel click failed (no NORMAL in ring) travel=True search=False loot=False
2026-09-29 15:06:19.228  INFO   search      farm branch=none (wander/search next)
2026-09-29 15:06:19.253  INFO   travel      hop begin wp=(331, 296) purpose=enter_farm reason=enter farm area
2026-09-29 15:06:19.351  INFO   action      travel click failed (no NORMAL in ring) travel=True search=False loot=False
2026-09-29 15:06:19.558  INFO   search      farm branch=none (wander/search next)
2026-09-29 15:06:19.582  INFO   travel      hop begin wp=(331, 296) purpose=enter_farm reason=enter farm area
2026-09-29 15:06:19.694  INFO   action      travel click failed (no NORMAL in ring) travel=True search=False loot=False
2026-09-29 15:06:19.877  INFO   search      farm branch=none (wander/search next)
2026-09-29 15:06:19.902  INFO   travel      hop begin wp=(331, 296) purpose=enter_farm reason=enter farm area
2026-09-29 15:06:20.005  INFO   action      travel click failed (no NORMAL in ring) travel=True search=False loot=False
2026-09-29 15:06:20.203  INFO   search      farm branch=none (wander/search next)
2026-09-29 15:06:20.235  INFO   travel      hop begin wp=(331, 296) purpose=enter_farm reason=enter farm area
2026-09-29 15:06:20.338  INFO   action      travel click failed (no NORMAL in ring) travel=True search=False loot=False
2026-09-29 15:06:20.542  INFO   search      farm branch=none (wander/search next)
2026-09-29 15:06:20.595  INFO   travel      hop begin wp=(331, 296) purpose=enter_farm reason=enter farm area
2026-09-29 15:06:20.693  INFO   action      travel click failed (no NORMAL in ring) travel=True search=False loot=False
2026-09-29 15:06:20.910  INFO   search      farm branch=none (wander/search next)
2026-09-29 15:06:20.936  INFO   travel      hop begin wp=(331, 296) purpose=enter_farm reason=enter farm area
2026-09-29 15:06:21.037  INFO   action      travel click failed (no NORMAL in ring) travel=True search=False loot=False
2026-09-29 15:06:21.266  INFO   search      farm branch=none (wander/search next)
2026-09-29 15:06:21.293  INFO   travel      hop begin wp=(331, 296) purpose=enter_farm reason=enter farm area
2026-09-29 15:06:21.394  INFO   action      travel click failed (no NORMAL in ring) travel=True search=False loot=False
2026-09-29 15:06:21.624  INFO   search      farm branch=none (wander/search next)
2026-09-29 15:06:21.648  INFO   travel      hop begin wp=(331, 296) purpose=enter_farm reason=enter farm area
2026-09-29 15:06:21.751  INFO   action      travel click failed (no NORMAL in ring) travel=True search=False loot=False
2026-09-29 15:06:21.935  INFO   search      farm branch=none (wander/search next)
2026-09-29 15:06:21.959  INFO   travel      hop begin wp=(331, 296) purpose=enter_farm reason=enter farm area
2026-09-29 15:06:22.059  INFO   action      travel click failed (no NORMAL in ring) travel=True search=False loot=False
2026-09-29 15:06:22.228  INFO   search      farm branch=none (wander/search next)
2026-09-29 15:06:22.252  INFO   travel      hop begin wp=(331, 296) purpose=enter_farm reason=enter farm area
2026-09-29 15:06:22.352  INFO   action      travel click failed (no NORMAL in ring) travel=True search=False loot=False
2026-09-29 15:06:22.547  INFO   search      farm branch=none (wander/search next)
2026-09-29 15:06:22.600  INFO   travel      hop begin wp=(331, 296) purpose=enter_farm reason=enter farm area
2026-09-29 15:06:22.719  INFO   action      travel click failed (no NORMAL in ring) travel=True search=False loot=False
2026-09-29 15:06:23.047  INFO   search      farm branch=none (wander/search next)
2026-09-29 15:06:23.225  INFO   travel      hop begin wp=(331, 296) purpose=enter_farm reason=enter farm area
2026-09-29 15:06:23.349  INFO   action      travel click failed (no NORMAL in ring) travel=True search=False loot=False
2026-09-29 15:06:23.603  INFO   session     Entity shadow: vision=0 {} memory=2 {'monster': 2} paired=0 median=0.000 unleveled=210:兔子,207:兔子
2026-09-29 15:06:23.684  INFO   search      farm branch=none (wander/search next)
2026-09-29 15:06:23.714  INFO   travel      hop begin wp=(331, 296) purpose=enter_farm reason=enter farm area
2026-09-29 15:06:24.002  INFO   session     일시정지 — 단축키
2026-09-29 15:06:49.072  INFO   session     일시정지 / 재개 → 실행 중
2026-09-29 15:06:49.389  INFO   session     Entity shadow: vision=3 {'player': 1, 'npc': 1, 'monster': 1} memory=6 {'monster': 5, 'npc': 1} paired=1 median=0.031 unleveled=208:兔子,210:兔子,207:兔子,10:警衛
2026-09-29 15:06:49.598  INFO   search      farm branch=none (wander/search next)
2026-09-29 15:06:49.725  INFO   travel      hop arrive wp=(331, 296) purpose=enter_farm
2026-09-29 15:06:49.796  INFO   travel      hop begin wp=(323, 304) purpose=enter_farm reason=enter farm area
2026-09-29 15:06:50.168  INFO   search      farm branch=none (wander/search next)
2026-09-29 15:06:50.344  INFO   search      farm branch=none (wander/search next)
2026-09-29 15:06:50.571  INFO   search      farm branch=none (wander/search next)
2026-09-29 15:06:50.761  INFO   search      farm branch=none (wander/search next)
2026-09-29 15:06:50.945  INFO   search      farm branch=none (wander/search next)
2026-09-29 15:06:51.114  INFO   search      farm branch=none (wander/search next)
2026-09-29 15:06:51.286  INFO   search      farm branch=none (wander/search next)
2026-09-29 15:06:51.499  INFO   search      farm branch=none (wander/search next)
2026-09-29 15:06:51.741  INFO   search      farm branch=none (wander/search next)
2026-09-29 15:06:51.918  INFO   search      farm branch=none (wander/search next)
2026-09-29 15:06:51.935  INFO   travel      hop begin wp=(321, 306) purpose=enter_farm reason=enter farm area
2026-09-29 15:06:52.243  INFO   search      farm branch=none (wander/search next)
2026-09-29 15:06:52.441  INFO   search      farm branch=none (wander/search next)
2026-09-29 15:06:52.662  INFO   search      farm branch=none (wander/search next)
2026-09-29 15:06:52.855  INFO   search      farm branch=none (wander/search next)
2026-09-29 15:06:53.019  INFO   search      farm branch=none (wander/search next)
2026-09-29 15:06:53.204  INFO   search      farm branch=none (wander/search next)
2026-09-29 15:06:53.370  INFO   search      farm branch=none (wander/search next)
2026-09-29 15:06:53.541  INFO   search      farm branch=none (wander/search next)
2026-09-29 15:06:53.714  INFO   search      farm branch=none (wander/search next)
2026-09-29 15:06:53.947  INFO   search      farm branch=none (wander/search next)
2026-09-29 15:06:53.966  INFO   travel      hop begin wp=(320, 311) purpose=enter_farm reason=enter farm area
2026-09-29 15:06:54.289  INFO   search      farm branch=none (wander/search next)
2026-09-29 15:06:54.538  INFO   session     Entity shadow: vision=4 {'player': 3, 'npc': 1} memory=5 {'player': 1, 'monster': 3, 'npc': 1} paired=1 median=0.033 unleveled=208:兔子,189:鹿,10:警衛
2026-09-29 15:06:54.699  INFO   search      farm branch=none (wander/search next)
2026-09-29 15:06:55.083  INFO   search      farm branch=none (wander/search next)
2026-09-29 15:06:55.312  INFO   search      farm branch=none (wander/search next)
2026-09-29 15:06:55.478  INFO   search      farm branch=none (wander/search next)
2026-09-29 15:06:55.710  INFO   search      farm branch=none (wander/search next)
2026-09-29 15:06:55.939  INFO   search      farm branch=none (wander/search next)
2026-09-29 15:06:56.180  INFO   combat      farm branch=screen_combat id=39 dist=10
2026-09-29 15:06:56.186  INFO   combat      engage id=39 species=monster_오크_2 rel=(10,-4)
2026-09-29 15:06:56.195  INFO   decision    mode=traveling goal=combat action=attack target=39 sticky=39 origin=(323,304) shop=0 scrolled=0 reason='screen engage' status=success
2026-09-29 15:06:56.818  INFO   search      farm branch=none (wander/search next)
2026-09-29 15:06:56.828  INFO   travel      hop begin wp=(319, 320) purpose=enter_farm reason=enter farm area
2026-09-29 15:06:56.836  INFO   decision    mode=traveling goal=traveling action=traveling target=- sticky=- origin=(321,306) shop=0 scrolled=0 reason='enter farm area' status=success
2026-09-29 15:06:57.227  INFO   combat      farm branch=screen_combat id=40 dist=12
2026-09-29 15:06:57.237  INFO   combat      engage id=40 species=monster_오크_2 rel=(12,-6)
2026-09-29 15:06:57.247  INFO   decision    mode=traveling goal=combat action=attack target=40 sticky=40 origin=(321,306) shop=0 scrolled=0 reason='screen engage' status=success
2026-09-29 15:06:57.819  INFO   combat      farm branch=sticky id=40 dist=10
2026-09-29 15:06:58.112  INFO   combat      farm branch=sticky id=40 dist=10
2026-09-29 15:06:58.392  INFO   combat      farm branch=sticky id=40 dist=10
2026-09-29 15:06:58.664  INFO   combat      farm branch=sticky id=40 dist=9
2026-09-29 15:06:58.957  INFO   combat      farm branch=sticky id=40 dist=10
2026-09-29 15:06:59.226  INFO   combat      farm branch=sticky id=40 dist=10
2026-09-29 15:06:59.537  INFO   search      farm branch=none (wander/search next)
2026-09-29 15:06:59.574  INFO   travel      hop begin wp=(319, 320) purpose=enter_farm reason=enter farm area
2026-09-29 15:06:59.583  INFO   decision    mode=traveling goal=traveling action=traveling target=- sticky=- origin=(321,306) shop=0 scrolled=0 reason='enter farm area' status=success
2026-09-29 15:06:59.898  INFO   session     Entity shadow: vision=2 {'monster': 1, 'player': 1} memory=3 {'monster': 2, 'player': 1} paired=0 median=0.000 unleveled=189:鹿,208:兔子
2026-09-29 15:06:59.978  INFO   search      farm branch=none (wander/search next)
2026-09-29 15:07:00.253  INFO   search      farm branch=none (wander/search next)
2026-09-29 15:07:00.667  INFO   search      farm branch=none (wander/search next)
2026-09-29 15:07:00.885  INFO   search      farm branch=none (wander/search next)
2026-09-29 15:07:01.084  INFO   search      farm branch=none (wander/search next)
2026-09-29 15:07:01.265  INFO   search      farm branch=none (wander/search next)
2026-09-29 15:07:01.458  INFO   search      farm branch=none (wander/search next)
2026-09-29 15:07:01.702  INFO   search      farm branch=none (wander/search next)
2026-09-29 15:07:01.712  INFO   travel      hop begin wp=(318, 321) purpose=enter_farm reason=enter farm area
2026-09-29 15:07:02.039  INFO   search      farm branch=none (wander/search next)
2026-09-29 15:07:02.247  INFO   search      farm branch=none (wander/search next)
2026-09-29 15:07:02.452  INFO   search      farm branch=none (wander/search next)
2026-09-29 15:07:02.635  INFO   search      farm branch=none (wander/search next)
2026-09-29 15:07:02.870  INFO   search      farm branch=none (wander/search next)
2026-09-29 15:07:03.044  INFO   search      farm branch=none (wander/search next)
2026-09-29 15:07:03.214  INFO   search      farm branch=none (wander/search next)
2026-09-29 15:07:03.385  INFO   search      farm branch=none (wander/search next)
2026-09-29 15:07:03.558  INFO   search      farm branch=none (wander/search next)
2026-09-29 15:07:03.733  INFO   search      farm branch=none (wander/search next)
2026-09-29 15:07:03.762  INFO   travel      hop begin wp=(311, 320) purpose=enter_farm reason=enter farm area
2026-09-29 15:07:04.107  INFO   search      farm branch=none (wander/search next)
2026-09-29 15:07:04.319  INFO   search      farm branch=none (wander/search next)
2026-09-29 15:07:04.505  INFO   search      farm branch=none (wander/search next)
2026-09-29 15:07:04.687  INFO   search      farm branch=none (wander/search next)
2026-09-29 15:07:04.895  INFO   search      farm branch=none (wander/search next)
2026-09-29 15:07:05.066  INFO   session     Entity shadow: vision=1 {'player': 1} memory=3 {'monster': 3} paired=0 median=0.000 unleveled=208:兔子,189:鹿
2026-09-29 15:07:05.157  INFO   combat      farm branch=screen_combat id=42 dist=17
2026-09-29 15:07:05.195  INFO   combat      engage id=42 species=monster_고블린_2 rel=(-17,2)
2026-09-29 15:07:05.204  INFO   decision    mode=traveling goal=combat action=attack target=42 sticky=42 origin=(316,313) shop=0 scrolled=0 reason='screen engage' status=success
2026-09-29 15:07:05.812  INFO   search      farm branch=none (wander/search next)
2026-09-29 15:07:05.837  INFO   travel      hop begin wp=(311, 324) purpose=enter_farm reason=enter farm area
2026-09-29 15:07:05.846  INFO   decision    mode=traveling goal=traveling action=traveling target=- sticky=- origin=(316,313) shop=0 scrolled=0 reason='enter farm area' status=success
2026-09-29 15:07:06.172  INFO   search      farm branch=none (wander/search next)
2026-09-29 15:07:06.430  INFO   search      farm branch=none (wander/search next)
2026-09-29 15:07:06.686  INFO   search      farm branch=none (wander/search next)
2026-09-29 15:07:07.047  INFO   search      farm branch=none (wander/search next)
2026-09-29 15:07:07.293  INFO   search      farm branch=none (wander/search next)
2026-09-29 15:07:07.504  INFO   search      farm branch=none (wander/search next)
2026-09-29 15:07:07.712  INFO   search      farm branch=none (wander/search next)
2026-09-29 15:07:07.875  INFO   search      farm branch=none (wander/search next)
2026-09-29 15:07:07.898  INFO   travel      hop begin wp=(313, 328) purpose=enter_farm reason=enter farm area
2026-09-29 15:07:08.170  INFO   search      farm branch=none (wander/search next)
2026-09-29 15:07:08.364  INFO   search      farm branch=none (wander/search next)
2026-09-29 15:07:08.522  INFO   search      farm branch=none (wander/search next)
2026-09-29 15:07:08.725  INFO   search      farm branch=none (wander/search next)
2026-09-29 15:07:08.903  INFO   search      farm branch=none (wander/search next)
2026-09-29 15:07:09.082  INFO   search      farm branch=none (wander/search next)
2026-09-29 15:07:09.255  INFO   search      farm branch=none (wander/search next)
2026-09-29 15:07:09.473  INFO   search      farm branch=none (wander/search next)
2026-09-29 15:07:09.638  INFO   search      farm branch=none (wander/search next)
2026-09-29 15:07:09.818  INFO   search      farm branch=none (wander/search next)
2026-09-29 15:07:10.004  INFO   search      farm branch=none (wander/search next)
2026-09-29 15:07:10.078  INFO   travel      hop begin wp=(315, 331) purpose=enter_farm reason=enter farm area
2026-09-29 15:07:10.367  INFO   session     Entity shadow: vision=1 {'player': 1} memory=0 {} paired=0 median=0.000
2026-09-29 15:07:10.418  INFO   search      farm branch=none (wander/search next)
2026-09-29 15:07:10.650  INFO   search      farm branch=none (wander/search next)
2026-09-29 15:07:10.867  INFO   search      farm branch=none (wander/search next)
2026-09-29 15:07:11.059  INFO   search      farm branch=none (wander/search next)
2026-09-29 15:07:11.233  INFO   search      farm branch=none (wander/search next)
2026-09-29 15:07:11.403  INFO   search      farm branch=none (wander/search next)
2026-09-29 15:07:11.592  INFO   search      farm branch=none (wander/search next)
2026-09-29 15:07:11.896  INFO   search      farm branch=none (wander/search next)
2026-09-29 15:07:12.224  INFO   search      farm branch=none (wander/search next)
2026-09-29 15:07:12.299  INFO   travel      hop begin wp=(314, 338) purpose=enter_farm reason=enter farm area
2026-09-29 15:07:12.584  INFO   search      farm branch=none (wander/search next)
2026-09-29 15:07:12.773  INFO   search      farm branch=none (wander/search next)
2026-09-29 15:07:12.989  INFO   search      farm branch=none (wander/search next)
2026-09-29 15:07:13.169  INFO   search      farm branch=none (wander/search next)
2026-09-29 15:07:13.390  INFO   search      farm branch=none (wander/search next)
2026-09-29 15:07:13.558  INFO   search      farm branch=none (wander/search next)
2026-09-29 15:07:13.726  INFO   search      farm branch=none (wander/search next)
2026-09-29 15:07:13.898  INFO   search      farm branch=none (wander/search next)
2026-09-29 15:07:14.083  INFO   search      farm branch=none (wander/search next)
2026-09-29 15:07:14.327  INFO   search      farm branch=none (wander/search next)
2026-09-29 15:07:14.400  INFO   travel      hop begin wp=(313, 341) purpose=enter_farm reason=enter farm area
2026-09-29 15:07:14.702  INFO   search      farm branch=none (wander/search next)
2026-09-29 15:07:14.894  INFO   search      farm branch=none (wander/search next)
2026-09-29 15:07:15.162  INFO   search      farm branch=none (wander/search next)
2026-09-29 15:07:15.315  INFO   search      farm branch=none (wander/search next)
2026-09-29 15:07:15.498  INFO   session     Entity shadow: vision=2 {'monster': 2} memory=0 {} paired=0 median=0.000
2026-09-29 15:07:15.545  INFO   search      farm branch=none (wander/search next)
2026-09-29 15:07:15.709  INFO   search      farm branch=none (wander/search next)
2026-09-29 15:07:15.879  INFO   search      farm branch=none (wander/search next)
2026-09-29 15:07:16.076  INFO   search      farm branch=none (wander/search next)
2026-09-29 15:07:16.288  INFO   search      farm branch=none (wander/search next)
2026-09-29 15:07:16.462  INFO   search      farm branch=none (wander/search next)
2026-09-29 15:07:16.559  INFO   travel      hop begin wp=(311, 343) purpose=enter_farm reason=enter farm area
2026-09-29 15:07:16.871  INFO   search      farm branch=none (wander/search next)
2026-09-29 15:07:17.127  INFO   search      farm branch=none (wander/search next)
2026-09-29 15:07:17.245  INFO   decision    mode=traveling goal=traveling action=traveling target=- sticky=- origin=(313,330) shop=0 scrolled=0 reason='enter farm area' status=success (repeat x50)
2026-09-29 15:07:17.526  INFO   search      farm branch=none (wander/search next)
2026-09-29 15:07:17.714  INFO   search      farm branch=none (wander/search next)
2026-09-29 15:07:17.870  INFO   search      farm branch=none (wander/search next)
2026-09-29 15:07:18.039  INFO   search      farm branch=none (wander/search next)
2026-09-29 15:07:18.209  INFO   search      farm branch=none (wander/search next)
2026-09-29 15:07:18.426  INFO   search      farm branch=none (wander/search next)
2026-09-29 15:07:18.643  INFO   search      farm branch=none (wander/search next)
2026-09-29 15:07:18.644  INFO   travel      hop begin wp=(307, 331) purpose=enter_farm reason=enter farm, walk around
2026-09-29 15:07:18.922  INFO   search      farm branch=none (wander/search next)
2026-09-29 15:07:19.107  INFO   search      farm branch=none (wander/search next)
2026-09-29 15:07:19.314  INFO   search      farm branch=none (wander/search next)
2026-09-29 15:07:19.515  INFO   search      farm branch=none (wander/search next)
2026-09-29 15:07:19.747  INFO   search      farm branch=none (wander/search next)
2026-09-29 15:07:19.899  INFO   search      farm branch=none (wander/search next)
2026-09-29 15:07:20.077  INFO   search      farm branch=none (wander/search next)
2026-09-29 15:07:20.244  INFO   search      farm branch=none (wander/search next)
2026-09-29 15:07:20.456  INFO   search      farm branch=none (wander/search next)
2026-09-29 15:07:20.643  INFO   session     Entity shadow: vision=2 {'player': 1, 'monster': 1} memory=1 {'monster': 1} paired=0 median=0.000 unleveled=14:青蛙
2026-09-29 15:07:20.773  INFO   search      farm branch=none (wander/search next)
2026-09-29 15:07:20.841  INFO   travel      hop begin wp=(309, 347) purpose=enter_farm reason=enter farm area
2026-09-29 15:07:21.213  INFO   combat      farm branch=screen_combat id=44 dist=15
2026-09-29 15:07:21.218  INFO   combat      engage id=44 species=monster_오크 전사_8 rel=(1,-15)
2026-09-29 15:07:21.228  INFO   decision    mode=traveling goal=combat action=attack target=44 sticky=44 origin=(309,332) shop=0 scrolled=0 reason='screen engage' status=success
2026-09-29 15:07:21.826  INFO   combat      farm branch=sticky id=44 dist=15
2026-09-29 15:07:22.068  INFO   combat      farm branch=sticky id=44 dist=15
2026-09-29 15:07:22.351  INFO   combat      farm branch=sticky id=44 dist=14
2026-09-29 15:07:22.613  INFO   combat      farm branch=sticky id=44 dist=14
2026-09-29 15:07:22.931  INFO   combat      farm branch=sticky id=44 dist=14
2026-09-29 15:07:23.232  INFO   combat      farm branch=sticky id=44 dist=13
2026-09-29 15:07:23.603  INFO   combat      farm branch=sticky id=44 dist=13
2026-09-29 15:07:24.032  INFO   combat      farm branch=sticky id=44 dist=13
2026-09-29 15:07:24.287  INFO   combat      farm branch=sticky id=44 dist=11
2026-09-29 15:07:24.578  INFO   combat      farm branch=sticky id=44 dist=11
2026-09-29 15:07:24.819  INFO   combat      farm branch=sticky id=44 dist=11
2026-09-29 15:07:25.087  INFO   combat      farm branch=sticky id=44 dist=11
2026-09-29 15:07:25.322  INFO   combat      farm branch=sticky id=44 dist=11
2026-09-29 15:07:25.628  INFO   combat      farm branch=sticky id=44 dist=11
2026-09-29 15:07:25.878  INFO   session     Entity shadow: vision=1 {'player': 1} memory=1 {'monster': 1} paired=0 median=0.000
2026-09-29 15:07:25.927  INFO   combat      farm branch=sticky id=44 dist=11
2026-09-29 15:07:26.200  INFO   combat      farm branch=sticky id=44 dist=10
2026-09-29 15:07:26.467  INFO   combat      farm branch=sticky id=44 dist=10
2026-09-29 15:07:26.751  INFO   combat      farm branch=sticky id=44 dist=10
2026-09-29 15:07:26.997  INFO   combat      farm branch=sticky id=44 dist=10
2026-09-29 15:07:27.269  INFO   combat      farm branch=sticky id=44 dist=10
2026-09-29 15:07:27.517  INFO   combat      farm branch=sticky id=44 dist=10
2026-09-29 15:07:27.793  INFO   search      farm branch=none (wander/search next)
2026-09-29 15:07:27.866  INFO   travel      hop begin wp=(314, 338) purpose=enter_farm reason=enter farm area
2026-09-29 15:07:27.877  INFO   decision    mode=traveling goal=traveling action=traveling target=- sticky=- origin=(310,328) shop=0 scrolled=0 reason='enter farm area' status=success
2026-09-29 15:07:28.211  INFO   search      farm branch=none (wander/search next)
2026-09-29 15:07:28.432  INFO   search      farm branch=none (wander/search next)
2026-09-29 15:07:28.629  INFO   search      farm branch=none (wander/search next)
2026-09-29 15:07:28.805  INFO   search      farm branch=none (wander/search next)
2026-09-29 15:07:29.003  INFO   search      farm branch=none (wander/search next)
2026-09-29 15:07:29.179  INFO   search      farm branch=none (wander/search next)
2026-09-29 15:07:29.356  INFO   search      farm branch=none (wander/search next)
2026-09-29 15:07:29.628  INFO   search      farm branch=none (wander/search next)
2026-09-29 15:07:30.020  INFO   search      farm branch=none (wander/search next)
2026-09-29 15:07:30.096  INFO   travel      hop begin wp=(314, 338) purpose=enter_farm reason=enter farm area
2026-09-29 15:07:30.431  INFO   search      farm branch=none (wander/search next)
2026-09-29 15:07:30.647  INFO   search      farm branch=none (wander/search next)
2026-09-29 15:07:30.844  INFO   search      farm branch=none (wander/search next)
2026-09-29 15:07:31.024  INFO   session     Entity shadow: vision=1 {'monster': 1} memory=0 {} paired=0 median=0.000
2026-09-29 15:07:31.074  INFO   search      farm branch=none (wander/search next)
2026-09-29 15:07:31.257  INFO   search      farm branch=none (wander/search next)
2026-09-29 15:07:31.450  INFO   search      farm branch=none (wander/search next)
2026-09-29 15:07:31.644  INFO   search      farm branch=none (wander/search next)
2026-09-29 15:07:31.872  INFO   search      farm branch=none (wander/search next)
2026-09-29 15:07:32.051  INFO   search      farm branch=none (wander/search next)
2026-09-29 15:07:32.270  INFO   search      farm branch=none (wander/search next)
2026-09-29 15:07:32.345  INFO   travel      hop begin wp=(310, 344) purpose=enter_farm reason=enter farm area
2026-09-29 15:07:32.702  INFO   search      farm branch=none (wander/search next)
2026-09-29 15:07:32.904  INFO   search      farm branch=none (wander/search next)
2026-09-29 15:07:33.115  INFO   search      farm branch=none (wander/search next)
2026-09-29 15:07:33.328  INFO   search      farm branch=none (wander/search next)
2026-09-29 15:07:33.533  INFO   search      farm branch=none (wander/search next)
2026-09-29 15:07:33.730  INFO   search      farm branch=none (wander/search next)
2026-09-29 15:07:33.896  INFO   search      farm branch=none (wander/search next)
2026-09-29 15:07:34.112  INFO   search      farm branch=none (wander/search next)
2026-09-29 15:07:34.279  INFO   search      farm branch=none (wander/search next)
2026-09-29 15:07:34.492  INFO   search      farm branch=none (wander/search next)
2026-09-29 15:07:34.555  INFO   travel      hop begin wp=(311, 349) purpose=enter_farm reason=enter farm area
2026-09-29 15:07:35.038  INFO   search      farm branch=none (wander/search next)
2026-09-29 15:07:35.431  INFO   search      farm branch=none (wander/search next)
2026-09-29 15:07:35.623  INFO   search      farm branch=none (wander/search next)
2026-09-29 15:07:35.808  INFO   search      farm branch=none (wander/search next)
2026-09-29 15:07:35.993  INFO   search      farm branch=none (wander/search next)
2026-09-29 15:07:36.122  INFO   session     Entity shadow: vision=1 {'monster': 1} memory=0 {} paired=0 median=0.000
2026-09-29 15:07:36.154  INFO   session     일시정지 — 단축키
2026-09-29 15:11:52.777  INFO   session     재개 → 실행 중
2026-09-29 15:11:53.030  INFO   session     Entity shadow: vision=3 {'player': 1, 'npc': 1, 'monster': 1} memory=6 {'monster': 3, 'npc': 2, 'player': 1} paired=1 median=0.014 unleveled=68:警衛
2026-09-29 15:11:53.241  INFO   combat      farm branch=screen_combat id=46 dist=8
2026-09-29 15:11:53.372  INFO   combat      engage id=46 species=monster_오크_2 rel=(-8,5)
2026-09-29 15:11:53.408  INFO   decision    mode=traveling goal=combat action=attack target=46 sticky=46 origin=(295,227) shop=0 scrolled=0 reason='screen engage' status=success
2026-09-29 15:11:54.027  INFO   combat      farm branch=sticky id=46 dist=8
2026-09-29 15:11:54.380  INFO   combat      farm branch=sticky id=46 dist=8
2026-09-29 15:11:54.672  INFO   combat      farm branch=sticky id=46 dist=7
2026-09-29 15:11:54.963  INFO   combat      farm branch=sticky id=46 dist=6
2026-09-29 15:11:55.266  INFO   combat      farm branch=sticky id=46 dist=6
2026-09-29 15:11:55.550  INFO   combat      farm branch=sticky id=47 dist=10
2026-09-29 15:11:55.559  INFO   combat      wall/fence LOS blocked id=47 — A* detour hop to (284, 234)
2026-09-29 15:11:55.567  INFO   decision    mode=traveling goal=combat action=searching target=47 sticky=47 origin=(294,228) shop=0 scrolled=0 reason='wall detour A*' status=success
2026-09-29 15:11:55.874  INFO   combat      farm branch=sticky id=47 dist=11
2026-09-29 15:11:55.882  INFO   combat      wall/fence LOS blocked id=47 — A* detour hop to (284, 234)
2026-09-29 15:11:56.197  INFO   combat      farm branch=sticky id=47 dist=11
2026-09-29 15:11:56.206  INFO   combat      wall/fence LOS blocked id=47 — A* detour hop to (284, 234)
2026-09-29 15:11:56.504  INFO   combat      farm branch=sticky id=47 dist=9
2026-09-29 15:11:56.512  INFO   combat      wall/fence LOS blocked id=47 — A* detour hop to (284, 234)
2026-09-29 15:11:56.854  INFO   combat      farm branch=sticky id=47 dist=9
2026-09-29 15:11:56.862  INFO   combat      wall/fence LOS blocked id=47 — A* detour hop to (284, 234)
2026-09-29 15:11:57.206  INFO   combat      farm branch=sticky id=47 dist=8
2026-09-29 15:11:57.222  INFO   combat      wall/fence LOS blocked id=47 — A* detour hop to (284, 234)
2026-09-29 15:11:57.553  INFO   combat      farm branch=sticky id=47 dist=7
2026-09-29 15:11:57.561  INFO   combat      wall/fence LOS blocked id=47 — A* detour hop to (284, 234)
2026-09-29 15:11:57.891  INFO   combat      farm branch=sticky id=47 dist=7
2026-09-29 15:11:57.899  INFO   combat      wall/fence LOS blocked id=47 — A* detour hop to (284, 234)
2026-09-29 15:11:58.242  INFO   session     Entity shadow: vision=5 {'player': 1, 'monster': 1, 'item': 1, 'npc': 2} memory=6 {'monster': 3, 'item': 1, 'npc': 2} paired=2 median=0.016 unleveled=10:警衛,68:警衛
2026-09-29 15:11:58.341  INFO   combat      farm branch=sticky id=47 dist=6
2026-09-29 15:11:58.350  INFO   combat      wall/fence LOS blocked id=47 — A* detour hop to (284, 234)
2026-09-29 15:11:58.700  INFO   combat      farm branch=sticky id=47 dist=5
2026-09-29 15:11:58.716  INFO   combat      wall/fence LOS blocked id=47 — A* detour hop to (284, 234)
2026-09-29 15:11:59.164  INFO   combat      farm branch=sticky id=47 dist=4
2026-09-29 15:11:59.320  INFO   combat      wall/fence LOS blocked id=47 — A* detour hop to (284, 234)
2026-09-29 15:11:59.791  INFO   combat      farm branch=sticky id=47 dist=5
2026-09-29 15:11:59.804  INFO   combat      wall/fence LOS blocked id=47 — A* detour hop to (284, 234)
2026-09-29 15:12:00.188  INFO   combat      farm branch=sticky id=47 dist=5
2026-09-29 15:12:00.203  INFO   combat      wall/fence LOS blocked id=47 — A* detour hop to (284, 234)
2026-09-29 15:12:00.587  INFO   combat      farm branch=sticky id=47 dist=6
2026-09-29 15:12:00.623  INFO   combat      wall/fence LOS blocked id=47 — A* detour hop to (285, 236)
2026-09-29 15:12:00.929  INFO   combat      farm branch=sticky id=47 dist=6
2026-09-29 15:12:00.959  INFO   combat      wall/fence LOS blocked id=47 — A* detour hop to (285, 236)
2026-09-29 15:12:01.300  INFO   combat      farm branch=sticky id=47 dist=6
2026-09-29 15:12:01.330  INFO   combat      wall/fence LOS blocked id=47 — A* detour hop to (285, 236)
2026-09-29 15:12:01.696  INFO   combat      farm branch=sticky id=47 dist=6
2026-09-29 15:12:01.702  INFO   combat      wall/fence LOS blocked id=47 — A* detour hop to (290, 230)
2026-09-29 15:12:02.021  INFO   combat      farm branch=sticky id=47 dist=6
2026-09-29 15:12:02.027  INFO   combat      wall/fence LOS blocked id=47 — A* detour hop to (290, 230)
2026-09-29 15:12:02.343  INFO   combat      farm branch=sticky id=47 dist=5
2026-09-29 15:12:02.348  INFO   combat      wall/fence LOS blocked id=47 — A* detour hop to (289, 230)
2026-09-29 15:12:02.659  INFO   combat      farm branch=sticky id=47 dist=7
2026-09-29 15:12:02.667  INFO   combat      wall/fence LOS blocked id=47 — A* detour hop to (289, 230)
2026-09-29 15:12:02.981  INFO   combat      farm branch=sticky id=47 dist=7
2026-09-29 15:12:02.988  INFO   combat      wall/fence LOS blocked id=47 — A* detour hop to (289, 230)
2026-09-29 15:12:03.265  INFO   combat      farm branch=sticky id=47 dist=6
2026-09-29 15:12:03.272  INFO   combat      wall/fence LOS blocked id=47 — A* detour hop to (288, 230)
2026-09-29 15:12:03.545  INFO   session     Entity shadow: vision=5 {'npc': 2, 'player': 1, 'item': 1, 'monster': 1} memory=5 {'monster': 3, 'npc': 1, 'item': 1} paired=2 median=0.052 unleveled=10:警衛,68:警衛
2026-09-29 15:12:03.644  INFO   combat      farm branch=sticky id=47 dist=5
2026-09-29 15:12:03.650  INFO   combat      wall/fence LOS blocked id=47 — A* detour hop to (288, 230)
2026-09-29 15:12:04.001  INFO   combat      farm branch=sticky id=47 dist=4
2026-09-29 15:12:04.017  INFO   combat      wall/fence LOS blocked id=47 — A* detour hop to (287, 235)
2026-09-29 15:12:04.381  INFO   combat      farm branch=sticky id=47 dist=4
2026-09-29 15:12:04.388  INFO   combat      wall/fence LOS blocked id=47 — A* detour hop to (287, 235)
2026-09-29 15:12:04.796  INFO   combat      farm branch=sticky id=47 dist=2
2026-09-29 15:12:04.805  INFO   combat      wall/fence LOS blocked id=47 — A* detour hop to (285, 236)
2026-09-29 15:12:05.267  INFO   combat      farm branch=sticky id=47 dist=3
2026-09-29 15:12:05.405  INFO   combat      wall/fence LOS blocked id=47 — A* detour hop to (285, 236)
2026-09-29 15:12:05.835  INFO   combat      farm branch=sticky id=47 dist=2
2026-09-29 15:12:05.835  INFO   combat      wall/fence LOS blocked id=47 — ring click (286, 231) (r=2)
2026-09-29 15:12:06.186  INFO   combat      farm branch=sticky id=47 dist=2
2026-09-29 15:12:06.187  INFO   combat      wall/fence LOS blocked id=47 — ring click (287, 231) (r=2)
2026-09-29 15:12:06.522  INFO   combat      farm branch=sticky id=47 dist=2
2026-09-29 15:12:06.522  INFO   combat      wall/fence LOS blocked id=47 — ring click (286, 230) (r=2)
2026-09-29 15:12:06.909  INFO   combat      farm branch=sticky id=47 dist=3
2026-09-29 15:12:06.913  INFO   decision    mode=traveling goal=combat action=attack target=47 sticky=47 origin=(287,231) shop=0 scrolled=0 reason='attack target' status=success
2026-09-29 15:12:07.526  INFO   combat      farm branch=sticky id=47 dist=3
2026-09-29 15:12:07.808  INFO   combat      farm branch=sticky id=47 dist=4
2026-09-29 15:12:08.109  INFO   combat      farm branch=sticky id=47 dist=4
2026-09-29 15:12:08.351  INFO   combat      farm branch=sticky id=47 dist=3
2026-09-29 15:12:08.585  INFO   session     Entity shadow: vision=5 {'item': 1, 'npc': 2, 'monster': 1, 'player': 1} memory=7 {'monster': 3, 'npc': 3, 'item': 1} paired=2 median=0.013 unleveled=10:警衛
2026-09-29 15:12:08.658  INFO   combat      farm branch=sticky id=47 dist=3
2026-09-29 15:12:08.912  INFO   combat      farm branch=sticky id=47 dist=3
2026-09-29 15:12:09.214  INFO   combat      farm branch=sticky id=48 dist=3
2026-09-29 15:12:09.215  INFO   decision    mode=traveling goal=combat action=attack target=48 sticky=48 origin=(286,230) shop=0 scrolled=0 reason='attack target' status=success
2026-09-29 15:12:09.516  INFO   loot        begin_loot_item id=53
2026-09-29 15:12:09.516  INFO   loot        pickup emit item=53 reason=engage item
2026-09-29 15:12:09.523  INFO   loot        farm branch=loot item_id=53
2026-09-29 15:12:09.532  INFO   decision    mode=traveling goal=loot action=pickup target=53 sticky=- origin=(286,230) shop=0 scrolled=0 reason='engage item' status=success
2026-09-29 15:12:09.999  INFO   loot        pickup retry id=53 (await still listed)
2026-09-29 15:12:10.000  INFO   loot        pickup emit item=53 reason=pickup retry
2026-09-29 15:12:10.009  INFO   loot        farm branch=loot item_id=None
2026-09-29 15:12:10.488  INFO   loot        pickup retry id=53 (await still listed)
2026-09-29 15:12:10.489  INFO   loot        pickup emit item=53 reason=pickup retry
2026-09-29 15:12:10.497  INFO   loot        farm branch=loot item_id=None
2026-09-29 15:12:11.011  INFO   loot        pickup retry id=53 (await still listed)
2026-09-29 15:12:11.028  INFO   loot        pickup emit item=53 reason=pickup retry
2026-09-29 15:12:11.038  INFO   loot        farm branch=loot item_id=None
2026-09-29 15:12:11.543  INFO   search      farm branch=none (wander/search next)
2026-09-29 15:12:11.727  INFO   travel      hop begin wp=(287, 245) purpose=enter_farm reason=enter farm area
2026-09-29 15:12:11.742  INFO   decision    mode=traveling goal=traveling action=traveling target=- sticky=- origin=(287,231) shop=0 scrolled=0 reason='enter farm area' status=success
2026-09-29 15:12:12.083  INFO   combat      farm branch=screen_combat id=48 dist=2
2026-09-29 15:12:12.091  INFO   combat      engage id=48 species=monster_오크_2 rel=(0,2)
2026-09-29 15:12:12.100  INFO   decision    mode=traveling goal=combat action=attack target=48 sticky=48 origin=(287,231) shop=0 scrolled=0 reason='screen engage' status=success
2026-09-29 15:12:12.654  INFO   search      farm branch=none (wander/search next)
2026-09-29 15:12:12.677  INFO   travel      hop begin wp=(287, 245) purpose=enter_farm reason=enter farm area
2026-09-29 15:12:12.687  INFO   decision    mode=traveling goal=traveling action=traveling target=- sticky=- origin=(287,231) shop=0 scrolled=0 reason='enter farm area' status=success
2026-09-29 15:12:13.002  INFO   search      farm branch=none (wander/search next)
2026-09-29 15:12:13.234  INFO   search      farm branch=none (wander/search next)
2026-09-29 15:12:13.402  INFO   search      farm branch=none (wander/search next)
2026-09-29 15:12:13.567  INFO   search      farm branch=none (wander/search next)
2026-09-29 15:12:13.696  INFO   session     Entity shadow: vision=3 {'npc': 2, 'player': 1} memory=4 {'npc': 2, 'monster': 2} paired=0 median=0.000 unleveled=10:警衛,68:警衛
2026-09-29 15:12:13.768  INFO   search      farm branch=none (wander/search next)
2026-09-29 15:12:13.987  INFO   search      farm branch=none (wander/search next)
2026-09-29 15:12:14.154  INFO   search      farm branch=none (wander/search next)
2026-09-29 15:12:14.388  INFO   search      farm branch=none (wander/search next)
2026-09-29 15:12:14.548  INFO   search      farm branch=none (wander/search next)
2026-09-29 15:12:14.738  INFO   search      farm branch=none (wander/search next)
2026-09-29 15:12:14.757  INFO   travel      hop begin wp=(284, 234) purpose=enter_farm reason=enter farm area
2026-09-29 15:12:15.062  INFO   search      farm branch=none (wander/search next)
2026-09-29 15:12:15.284  INFO   search      farm branch=none (wander/search next)
2026-09-29 15:12:15.510  INFO   search      farm branch=none (wander/search next)
2026-09-29 15:12:15.738  INFO   search      farm branch=none (wander/search next)
2026-09-29 15:12:15.739  INFO   travel      hop arrive wp=(284, 234) purpose=enter_farm
2026-09-29 15:12:15.765  INFO   travel      hop begin wp=(287, 246) purpose=enter_farm reason=enter farm area
2026-09-29 15:12:16.149  INFO   search      farm branch=none (wander/search next)
2026-09-29 15:12:16.330  INFO   search      farm branch=none (wander/search next)
2026-09-29 15:12:16.583  INFO   search      farm branch=none (wander/search next)
2026-09-29 15:12:16.834  INFO   search      farm branch=none (wander/search next)
2026-09-29 15:12:17.045  INFO   search      farm branch=none (wander/search next)
2026-09-29 15:12:17.258  INFO   search      farm branch=none (wander/search next)
2026-09-29 15:12:17.492  INFO   search      farm branch=none (wander/search next)
2026-09-29 15:12:17.687  INFO   search      farm branch=none (wander/search next)
2026-09-29 15:12:17.936  INFO   search      farm branch=none (wander/search next)
2026-09-29 15:12:18.084  INFO   travel      hop begin wp=(285, 251) purpose=enter_farm reason=enter farm area
2026-09-29 15:12:18.413  INFO   search      farm branch=none (wander/search next)
2026-09-29 15:12:18.649  INFO   search      farm branch=none (wander/search next)
2026-09-29 15:12:18.790  INFO   session     Entity shadow: vision=3 {'player': 1, 'npc': 2} memory=2 {'monster': 2} paired=0 median=0.000 unleveled=10:警衛,68:警衛
2026-09-29 15:12:18.874  INFO   search      farm branch=none (wander/search next)
2026-09-29 15:12:19.089  INFO   search      farm branch=none (wander/search next)
2026-09-29 15:12:19.261  INFO   search      farm branch=none (wander/search next)
2026-09-29 15:12:19.431  INFO   search      farm branch=none (wander/search next)
2026-09-29 15:12:19.645  INFO   search      farm branch=none (wander/search next)
2026-09-29 15:12:19.832  INFO   search      farm branch=none (wander/search next)
2026-09-29 15:12:20.282  INFO   session     일시정지 — 단축키
2026-09-29 15:12:44.446  INFO   session     일시정지 / 재개 → 실행 중
2026-09-29 15:12:44.758  INFO   session     Entity shadow: vision=4 {'player': 1, 'monster': 1, 'npc': 2} memory=3 {'monster': 2, 'npc': 1} paired=1 median=0.013 unleveled=10:警衛
2026-09-29 15:12:45.007  INFO   search      farm branch=none (wander/search next)
2026-09-29 15:12:45.131  INFO   travel      hop begin wp=(268, 229) purpose=enter_farm reason=enter farm, walk around
2026-09-29 15:12:45.484  INFO   search      farm branch=none (wander/search next)
2026-09-29 15:12:45.704  INFO   search      farm branch=none (wander/search next)
2026-09-29 15:12:45.925  INFO   search      farm branch=none (wander/search next)
2026-09-29 15:12:46.108  INFO   search      farm branch=none (wander/search next)
2026-09-29 15:12:46.318  INFO   search      farm branch=none (wander/search next)
2026-09-29 15:12:46.486  INFO   search      farm branch=none (wander/search next)
2026-09-29 15:12:46.690  INFO   search      farm branch=none (wander/search next)
2026-09-29 15:12:46.955  INFO   search      farm branch=none (wander/search next)
2026-09-29 15:12:47.140  INFO   search      farm branch=none (wander/search next)
2026-09-29 15:12:47.141  INFO   travel      hop begin wp=(267, 231) purpose=enter_farm reason=enter farm, walk around
2026-09-29 15:12:47.468  INFO   search      farm branch=none (wander/search next)
2026-09-29 15:12:47.642  INFO   search      farm branch=none (wander/search next)
2026-09-29 15:12:47.837  INFO   search      farm branch=none (wander/search next)
2026-09-29 15:12:48.085  INFO   search      farm branch=none (wander/search next)
2026-09-29 15:12:48.086  INFO   travel      hop arrive wp=(267, 231) purpose=enter_farm
2026-09-29 15:12:48.095  INFO   travel      hop begin wp=(264, 231) purpose=enter_farm reason=enter farm, walk around
2026-09-29 15:12:48.401  INFO   search      farm branch=none (wander/search next)
2026-09-29 15:12:48.580  INFO   search      farm branch=none (wander/search next)
2026-09-29 15:12:48.802  INFO   search      farm branch=none (wander/search next)
2026-09-29 15:12:49.008  INFO   search      farm branch=none (wander/search next)
2026-09-29 15:12:49.253  INFO   search      farm branch=none (wander/search next)
2026-09-29 15:12:49.254  INFO   decision    mode=traveling goal=traveling action=traveling target=- sticky=- origin=(268,231) shop=0 scrolled=0 reason='enter farm area' status=success (repeat x50)
2026-09-29 15:12:49.448  INFO   search      farm branch=none (wander/search next)
2026-09-29 15:12:49.620  INFO   search      farm branch=none (wander/search next)
2026-09-29 15:12:49.791  INFO   session     Entity shadow: vision=0 {} memory=2 {'monster': 1, 'npc': 1} paired=0 median=0.000 unleveled=189:鹿
2026-09-29 15:12:49.853  INFO   search      farm branch=none (wander/search next)
2026-09-29 15:12:50.053  INFO   search      farm branch=none (wander/search next)
2026-09-29 15:12:50.053  INFO   travel      hop arrive wp=(264, 231) purpose=enter_farm
2026-09-29 15:12:50.063  INFO   travel      hop begin wp=(261, 229) purpose=enter_farm reason=enter farm, walk around
2026-09-29 15:12:50.441  INFO   search      farm branch=none (wander/search next)
2026-09-29 15:12:50.651  INFO   search      farm branch=none (wander/search next)
2026-09-29 15:12:50.816  INFO   search      farm branch=none (wander/search next)
2026-09-29 15:12:50.978  INFO   search      farm branch=none (wander/search next)
2026-09-29 15:12:51.197  INFO   search      farm branch=none (wander/search next)
2026-09-29 15:12:51.365  INFO   search      farm branch=none (wander/search next)
2026-09-29 15:12:51.589  INFO   search      farm branch=none (wander/search next)
2026-09-29 15:12:51.870  INFO   search      farm branch=none (wander/search next)
2026-09-29 15:12:52.252  INFO   search      farm branch=none (wander/search next)
2026-09-29 15:12:52.253  INFO   travel      hop begin wp=(260, 227) purpose=enter_farm reason=enter farm, walk around
2026-09-29 15:12:52.529  INFO   search      farm branch=none (wander/search next)
2026-09-29 15:12:52.722  INFO   search      farm branch=none (wander/search next)
2026-09-29 15:12:52.908  INFO   search      farm branch=none (wander/search next)
2026-09-29 15:12:53.107  INFO   search      farm branch=none (wander/search next)
2026-09-29 15:12:53.320  INFO   search      farm branch=none (wander/search next)
2026-09-29 15:12:53.488  INFO   search      farm branch=none (wander/search next)
2026-09-29 15:12:53.666  INFO   search      farm branch=none (wander/search next)
2026-09-29 15:12:53.894  INFO   search      farm branch=none (wander/search next)
2026-09-29 15:12:54.086  INFO   search      farm branch=none (wander/search next)
2026-09-29 15:12:54.270  INFO   search      farm branch=none (wander/search next)
2026-09-29 15:12:54.292  INFO   travel      hop begin wp=(276, 227) purpose=enter_farm reason=enter farm area
2026-09-29 15:12:54.650  INFO   search      farm branch=none (wander/search next)
2026-09-29 15:12:54.825  INFO   session     Entity shadow: vision=3 {'player': 1, 'npc': 2} memory=4 {'monster': 3, 'npc': 1} paired=1 median=0.033 unleveled=189:鹿,68:警衛,14:青蛙
2026-09-29 15:12:54.916  INFO   search      farm branch=none (wander/search next)
2026-09-29 15:12:55.185  INFO   search      farm branch=none (wander/search next)
2026-09-29 15:12:55.398  INFO   search      farm branch=none (wander/search next)
2026-09-29 15:12:55.598  INFO   search      farm branch=none (wander/search next)
2026-09-29 15:12:55.798  INFO   search      farm branch=none (wander/search next)
2026-09-29 15:12:56.040  INFO   search      farm branch=none (wander/search next)
2026-09-29 15:12:56.042  INFO   session     일시정지 — 단축키
