2026-09-27 21:23:23.560  INFO   session     Loading Manmabot from D:\ManmabotV1_final\engine
2026-09-27 21:23:23.566  INFO   session     Session log D:\ManmabotV1_final\engine\logs\bot-20260927-212323.log
2026-09-27 21:23:23.566  INFO   session     character=elf loot=all_items game_lang=ko map=talking_island farms=['area_2', 'area_1', 'area_3'] file=D:\ManmabotV1_final\engine\logs\bot-20260927-212323.log
2026-09-27 21:23:23.866  INFO   nav         building portal graph (cluster=32, 479x511)
2026-09-27 21:23:24.200  INFO   nav         portal graph: 188 components, 334 ms
2026-09-27 21:23:24.206  INFO   nav         farms=3 safe=11 home=(354, 203) (files farm=D:\ManmabotV1_final\engine\maps\talking_island\farms.yaml safe=D:\ManmabotV1_final\engine\maps\talking_island\safe.yaml home=D:\ManmabotV1_final\engine\maps\talking_island\home.yaml)
2026-09-27 21:23:24.451  INFO   capture     mss window capture process='LC.exe' title=None content_aspect=4:3
2026-09-27 21:23:24.945  INFO   session     Entity clicks use memory names, species, and world cells. Image recognition still runs. Set memory.entity_source to vision to restore image-only clicks.
2026-09-27 21:23:24.962  INFO   session     Player memory is read in this process (realtime_monitor.dll, offsets.json). No separate console.
2026-09-27 21:23:24.974  INFO   session     인벤토리를 백그라운드에서 스캔 중 (inventory_listen.dll 또는 inv.json을 두세요).
2026-09-27 21:23:25.004  INFO   session     메모리에서 핫바 24칸을 읽는 중…
2026-09-27 21:23:25.103  INFO   session     핫바 스캔 완료 · 파워 업@box2/f8, 아머 업@box2/f5, 라이트@box1/f10, 힐@box1/f9, HP 물약@box1/f9, 텔레포트@box1/f11, 마법 공격@box1/f12, 말하는 두루마리@box1/f5
2026-09-27 21:23:25.131  INFO   session     매핑되지 않은 핫바 아이콘: box1/f6:작은 활 (무장), box1/f7:나무 화살, box1/f8:아데나
2026-09-27 21:23:25.169  INFO   session     루프 준비 · 요정 · 한국어 · 맵=말하는 섬 · 룻=전부 줍기 · 구역=구역 2, 구역 1, 구역 3
2026-09-27 21:23:26.414  INFO   session     Entity shadow: vision=24 {'player': 22, 'npc': 2} memory=47 {'player': 42, 'npc': 4, 'monster': 1} paired=24 median=0.026 unleveled=208:兔子
2026-09-27 21:23:26.469  INFO   session     인벤토리 수신 준비 (dll) · hp=3 화살=550 은화살=300 해독=0
2026-09-27 21:23:26.496  INFO   decision    mode=farming behavior=buff action=buff target=- reason='armor_up' status=success
2026-09-27 21:23:27.693  INFO   decision    mode=traveling behavior=traveling action=traveling target=- reason='enter farm area' status=success
2026-09-27 21:23:31.848  INFO   session     Entity shadow: vision=29 {'player': 27, 'npc': 2} memory=65 {'player': 59, 'npc': 5, 'monster': 1} paired=27 median=0.074
2026-09-27 21:23:37.405  INFO   session     Entity shadow: vision=38 {'npc': 2, 'player': 36} memory=69 {'player': 59, 'npc': 8, 'monster': 2} paired=32 median=0.059 unleveled=319:?
2026-09-27 21:23:37.460  INFO   decision    mode=traveling behavior=buff action=buff target=- reason='light' status=success
2026-09-27 21:23:39.077  INFO   decision    mode=traveling behavior=traveling action=traveling target=- reason='enter farm area' status=success
2026-09-27 21:23:42.533  INFO   session     Entity shadow: vision=27 {'player': 23, 'npc': 4} memory=53 {'monster': 2, 'player': 41, 'npc': 10} paired=25 median=0.036 unleveled=319:?
2026-09-27 21:23:47.974  INFO   session     Entity shadow: vision=26 {'player': 24, 'npc': 2} memory=50 {'player': 38, 'monster': 3, 'npc': 9} paired=24 median=0.054 unleveled=68:警衛,319:?
2026-09-27 21:23:53.827  INFO   session     Entity shadow: vision=23 {'player': 20, 'monster': 1, 'npc': 2} memory=35 {'player': 28, 'monster': 3, 'npc': 4} paired=20 median=0.064 unleveled=10:警衛,68:警衛,319:?
2026-09-27 21:23:59.462  INFO   session     Entity shadow: vision=22 {'player': 20, 'npc': 2} memory=28 {'player': 21, 'monster': 2, 'npc': 5} paired=16 median=0.067 unleveled=10:警衛,319:?
2026-09-27 21:24:04.872  INFO   session     Entity shadow: vision=15 {'player': 14, 'npc': 1} memory=22 {'npc': 6, 'monster': 1, 'player': 15} paired=13 median=0.031 unleveled=10:警衛
2026-09-27 21:24:10.135  INFO   session     Entity shadow: vision=18 {'player': 17, 'npc': 1} memory=21 {'monster': 2, 'player': 15, 'npc': 4} paired=16 median=0.031 unleveled=319:?,10:警衛
2026-09-27 21:24:15.378  INFO   session     Entity shadow: vision=19 {'player': 18, 'npc': 1} memory=23 {'player': 18, 'monster': 1, 'npc': 4} paired=16 median=0.034 unleveled=319:?
2026-09-27 21:24:16.155  INFO   decision    mode=traveling behavior=traveling action=traveling target=- reason='enter farm, walk around' status=success (repeat)
2026-09-27 21:24:20.790  INFO   session     Entity shadow: vision=18 {'player': 17, 'npc': 1} memory=25 {'player': 20, 'monster': 1, 'npc': 4} paired=17 median=0.032 unleveled=319:?
2026-09-27 21:24:26.335  INFO   session     Entity shadow: vision=17 {'player': 16, 'npc': 1} memory=25 {'player': 20, 'monster': 1, 'npc': 4} paired=16 median=0.032 unleveled=319:?
2026-09-27 21:24:31.735  INFO   session     Entity shadow: vision=17 {'player': 16, 'npc': 1} memory=27 {'player': 22, 'monster': 1, 'npc': 4} paired=16 median=0.033 unleveled=319:?
2026-09-27 21:24:37.523  INFO   session     Entity shadow: vision=18 {'player': 16, 'npc': 1, 'monster': 1} memory=27 {'player': 22, 'monster': 1, 'npc': 4} paired=16 median=0.034 unleveled=319:?
2026-09-27 21:24:42.609  INFO   session     Entity shadow: vision=17 {'player': 15, 'monster': 1, 'npc': 1} memory=27 {'player': 22, 'monster': 1, 'npc': 4} paired=15 median=0.032 unleveled=319:?
2026-09-27 21:24:45.316  INFO   decision    mode=traveling behavior=traveling action=traveling target=- reason='enter farm area' status=success (repeat)
2026-09-27 21:24:48.027  INFO   session     Entity shadow: vision=14 {'player': 13, 'npc': 1} memory=24 {'player': 19, 'monster': 1, 'npc': 4} paired=13 median=0.052 unleveled=319:?
2026-09-27 21:24:53.965  INFO   session     Entity shadow: vision=16 {'player': 15, 'npc': 1} memory=22 {'player': 17, 'monster': 1, 'npc': 4} paired=15 median=0.033 unleveled=319:?
2026-09-27 21:24:58.981  INFO   session     Entity shadow: vision=17 {'player': 16, 'npc': 1} memory=24 {'player': 19, 'monster': 1, 'npc': 4} paired=16 median=0.034 unleveled=319:?
2026-09-27 21:25:04.220  INFO   session     Entity shadow: vision=15 {'player': 14, 'npc': 1} memory=24 {'player': 19, 'monster': 1, 'npc': 4} paired=14 median=0.034 unleveled=319:?
2026-09-27 21:25:09.291  INFO   session     Entity shadow: vision=16 {'player': 16} memory=22 {'monster': 1, 'player': 17, 'npc': 4} paired=14 median=0.050 unleveled=319:?
2026-09-27 21:25:14.350  INFO   session     일시정지 — 단축키
2026-09-27 21:25:14.763  INFO   session     Entity shadow: vision=17 {'player': 16, 'npc': 1} memory=20 {'monster': 1, 'player': 15, 'npc': 4} paired=14 median=0.058 unleveled=319:?
2026-09-27 21:25:22.104  INFO   session     일시정지 / 재개 → 실행 중
2026-09-27 21:25:22.849  INFO   session     Entity shadow: vision=18 {'player': 17, 'npc': 1} memory=29 {'player': 21, 'monster': 1, 'npc': 7} paired=15 median=0.051 unleveled=319:?
2026-09-27 21:25:25.619  INFO   decision    mode=traveling behavior=traveling action=traveling target=- reason='enter farm area' status=success (repeat)
2026-09-27 21:25:28.176  INFO   session     Entity shadow: vision=6 {'player': 6} memory=13 {'player': 9, 'npc': 4} paired=6 median=0.031
2026-09-27 21:25:33.579  INFO   session     Entity shadow: vision=5 {'player': 3, 'npc': 2} memory=4 {'monster': 2, 'player': 2} paired=1 median=0.037 unleveled=68:警衛,10:警衛
2026-09-27 21:25:38.947  INFO   session     Entity shadow: vision=4 {'player': 2, 'npc': 2} memory=4 {'npc': 1, 'monster': 2, 'player': 1} paired=1 median=0.028 unleveled=68:警衛,10:警衛
2026-09-27 21:25:44.062  INFO   session     Entity shadow: vision=4 {'player': 1, 'npc': 3} memory=3 {'npc': 1, 'monster': 2} paired=0 median=0.000 unleveled=68:警衛,10:警衛
2026-09-27 21:25:46.980  INFO   decision    mode=traveling behavior=traveling action=traveling target=- reason='enter farm area' status=success (repeat)
2026-09-27 21:25:49.231  INFO   session     Entity shadow: vision=4 {'player': 1, 'monster': 2, 'npc': 1} memory=3 {'monster': 3} paired=2 median=0.022 unleveled=68:警衛
2026-09-27 21:25:49.258  INFO   decision    mode=traveling behavior=combat action=attack target=198 reason='engage target' status=success
2026-09-27 21:25:53.372  INFO   decision    mode=traveling behavior=loot action=searching target=200 reason='walk onto item' status=success
2026-09-27 21:25:54.436  INFO   session     Entity shadow: vision=3 {'player': 1, 'item': 1, 'monster': 1} memory=3 {'item': 1, 'monster': 2} paired=2 median=0.025 unleveled=68:警衛
2026-09-27 21:25:56.624  INFO   decision    mode=traveling behavior=loot action=pickup target=200 reason='loot target' status=success
2026-09-27 21:25:57.088  INFO   decision    mode=traveling behavior=loot action=idle target=- reason='pickup settle' status=success
2026-09-27 21:25:57.947  INFO   decision    mode=traveling behavior=combat action=attack target=199 reason='engage target' status=success
2026-09-27 21:25:59.910  INFO   session     Entity shadow: vision=3 {'player': 1, 'monster': 1, 'item': 1} memory=3 {'npc': 1, 'item': 1, 'monster': 1} paired=2 median=0.022
2026-09-27 21:26:02.062  INFO   decision    mode=traveling behavior=loot action=pickup target=200 reason='engage item' status=success
2026-09-27 21:26:02.618  INFO   decision    mode=traveling behavior=loot action=idle target=- reason='pickup settle' status=success
2026-09-27 21:26:03.393  INFO   decision    mode=traveling behavior=loot action=searching target=202 reason='walk onto item' status=success
2026-09-27 21:26:05.053  INFO   session     Entity shadow: vision=2 {'item': 1, 'player': 1} memory=2 {'npc': 1, 'item': 1} paired=1 median=0.009
2026-09-27 21:26:10.307  INFO   session     Entity shadow: vision=3 {'player': 1, 'npc': 1, 'item': 1} memory=2 {'monster': 1, 'item': 1} paired=1 median=0.012 unleveled=10:警衛
2026-09-27 21:26:11.920  INFO   decision    mode=traveling behavior=loot action=pickup target=202 reason='loot target' status=success
2026-09-27 21:26:12.531  INFO   decision    mode=traveling behavior=loot action=idle target=- reason='pickup settle' status=success
2026-09-27 21:26:13.340  INFO   decision    mode=traveling behavior=combat action=attack target=204 reason='engage target' status=success
2026-09-27 21:26:15.329  INFO   decision    mode=traveling behavior=traveling action=traveling target=- reason='enter farm area' status=success
2026-09-27 21:26:15.777  INFO   session     Entity shadow: vision=2 {'npc': 1, 'player': 1} memory=0 {} paired=0 median=0.000
2026-09-27 21:26:21.110  INFO   session     Entity shadow: vision=0 {} memory=0 {} paired=0 median=0.000
2026-09-27 21:26:26.195  INFO   session     Entity shadow: vision=2 {'player': 1, 'monster': 1} memory=2 {'npc': 1, 'monster': 1} paired=1 median=0.024
2026-09-27 21:26:27.508  INFO   decision    mode=traveling behavior=combat action=attack target=208 reason='engage target' status=success
2026-09-27 21:26:31.459  INFO   session     Entity shadow: vision=3 {'player': 1, 'monster': 2} memory=2 {'monster': 1, 'npc': 1} paired=1 median=0.017
2026-09-27 21:26:32.059  INFO   decision    mode=traveling behavior=traveling action=traveling target=- reason='enter farm area' status=success
2026-09-27 21:26:36.679  INFO   session     Entity shadow: vision=2 {'player': 1, 'monster': 1} memory=1 {'npc': 1} paired=0 median=0.000
2026-09-27 21:26:41.850  INFO   session     Entity shadow: vision=2 {'player': 2} memory=2 {'player': 1, 'npc': 1} paired=1 median=0.046
2026-09-27 21:26:47.316  INFO   session     Entity shadow: vision=5 {'player': 5} memory=5 {'player': 4, 'monster': 1} paired=4 median=0.038 unleveled=12:史萊姆
2026-09-27 21:26:48.970  INFO   decision    mode=traveling behavior=loot action=searching target=219 reason='walk onto item' status=success
2026-09-27 21:26:52.693  INFO   session     Entity shadow: vision=5 {'player': 3, 'item': 1, 'monster': 1} memory=7 {'player': 3, 'monster': 3, 'item': 1} paired=5 median=0.035 unleveled=12:史萊姆
2026-09-27 21:26:57.597  INFO   decision    mode=traveling behavior=traveling action=traveling target=- reason='enter farm area' status=success
2026-09-27 21:26:58.142  INFO   session     Entity shadow: vision=7 {'player': 5, 'monster': 2} memory=7 {'player': 4, 'monster': 3} paired=5 median=0.050 unleveled=12:史萊姆
2026-09-27 21:27:03.350  INFO   session     Entity shadow: vision=8 {'player': 5, 'item': 1, 'monster': 2} memory=8 {'player': 4, 'monster': 3, 'item': 1} paired=6 median=0.035 unleveled=12:史萊姆
2026-09-27 21:27:03.395  INFO   decision    mode=traveling behavior=loot action=searching target=223 reason='walk onto item' status=success
2026-09-27 21:27:04.774  INFO   decision    mode=traveling behavior=traveling action=traveling target=- reason='enter farm area' status=success
2026-09-27 21:27:08.580  INFO   session     Entity shadow: vision=4 {'monster': 1, 'player': 3} memory=6 {'player': 4, 'monster': 2} paired=2 median=0.106 unleveled=12:史萊姆
2026-09-27 21:27:13.806  INFO   session     Entity shadow: vision=2 {'player': 2} memory=4 {'player': 1, 'monster': 3} paired=1 median=0.022 unleveled=12:史萊姆
2026-09-27 21:27:18.901  INFO   session     Entity shadow: vision=4 {'player': 3, 'monster': 1} memory=5 {'monster': 4, 'player': 1} paired=2 median=0.075 unleveled=12:史萊姆
2026-09-27 21:27:20.078  INFO   decision    mode=traveling behavior=loot action=searching target=229 reason='walk onto item' status=success
2026-09-27 21:27:23.300  INFO   decision    mode=traveling behavior=loot action=pickup target=229 reason='loot target' status=success
2026-09-27 21:27:23.884  INFO   decision    mode=traveling behavior=loot action=idle target=- reason='pickup settle' status=success
2026-09-27 21:27:24.290  INFO   session     Entity shadow: vision=2 {'player': 2} memory=5 {'player': 1, 'monster': 3, 'item': 1} paired=1 median=0.022 unleveled=12:史萊姆
2026-09-27 21:27:24.772  INFO   decision    mode=traveling behavior=traveling action=traveling target=- reason='enter farm area' status=success
2026-09-27 21:27:29.658  INFO   session     Entity shadow: vision=2 {'player': 2} memory=5 {'player': 2, 'monster': 3} paired=1 median=0.085 unleveled=12:史萊姆
2026-09-27 21:27:34.919  INFO   session     Entity shadow: vision=3 {'player': 3} memory=6 {'player': 2, 'monster': 4} paired=2 median=0.017 unleveled=12:史萊姆
2026-09-27 21:27:39.850  INFO   session     Entity shadow: vision=3 {'player': 3} memory=4 {'player': 2, 'monster': 2} paired=2 median=0.039 unleveled=12:史萊姆
2026-09-27 21:27:45.434  INFO   session     Entity shadow: vision=1 {'player': 1} memory=4 {'monster': 3, 'player': 1} paired=0 median=0.000 unleveled=12:史萊姆
2026-09-27 21:27:45.460  INFO   decision    mode=traveling behavior=traveling action=traveling target=- reason='enter farm area' status=success (repeat)
2026-09-27 21:27:47.572  INFO   decision    mode=retreating behavior=talking_scroll action=use_talking_scroll target=- reason='retreat, 마법서 상인' status=success
2026-09-27 21:27:49.296  INFO   decision    mode=retreating behavior=retreating action=idle target=- reason='retreating, waiting for hp' status=success
2026-09-27 21:27:50.498  INFO   session     Entity shadow: vision=6 {'item': 1, 'npc': 2, 'player': 2, 'monster': 1} memory=9 {'monster': 5, 'player': 1, 'item': 1, 'npc': 2} paired=3 median=0.008 unleveled=68:警衛,10:警衛
2026-09-27 21:27:51.666  INFO   decision    mode=retreating behavior=loot action=searching target=243 reason='walk onto item' status=success
2026-09-27 21:27:54.512  INFO   decision    mode=retreating behavior=loot action=pickup target=243 reason='loot target' status=success
2026-09-27 21:27:55.281  INFO   decision    mode=retreating behavior=loot action=idle target=- reason='pickup settle' status=success
2026-09-27 21:27:55.792  INFO   session     Entity shadow: vision=6 {'monster': 1, 'item': 2, 'player': 1, 'npc': 2} memory=10 {'player': 2, 'npc': 3, 'item': 2, 'monster': 3} paired=3 median=0.015 unleveled=68:警衛,10:警衛
2026-09-27 21:27:55.835  INFO   decision    mode=retreating behavior=loot action=searching target=237 reason='walk onto item' status=success
2026-09-27 21:28:00.897  INFO   session     Entity shadow: vision=5 {'player': 2, 'item': 1, 'npc': 2} memory=3 {'item': 1, 'monster': 2} paired=1 median=0.005 unleveled=68:警衛,10:警衛
2026-09-27 21:28:02.457  INFO   decision    mode=retreating behavior=loot action=pickup target=237 reason='loot target' status=success
2026-09-27 21:28:03.143  INFO   decision    mode=retreating behavior=loot action=idle target=- reason='pickup settle' status=success
2026-09-27 21:28:03.584  INFO   decision    mode=retreating behavior=loot action=searching target=248 reason='walk onto item' status=success
2026-09-27 21:28:06.191  INFO   session     Entity shadow: vision=2 {'monster': 2} memory=5 {'player': 1, 'monster': 3, 'item': 1} paired=2 median=0.073
2026-09-27 21:28:06.227  INFO   decision    mode=retreating behavior=retreating action=idle target=- reason='retreating, waiting for hp' status=success
2026-09-27 21:28:11.659  INFO   session     Entity shadow: vision=2 {'monster': 2} memory=3 {'monster': 3} paired=2 median=0.014
2026-09-27 21:28:16.633  INFO   decision    mode=retreating behavior=survival_potion action=use_hp_potion target=- reason='critical hp, cannot heal' status=success
2026-09-27 21:28:17.212  INFO   session     Entity shadow: vision=3 {'npc': 1, 'player': 1, 'monster': 1} memory=3 {'monster': 3} paired=1 median=0.031
2026-09-27 21:28:17.777  INFO   decision    mode=retreating behavior=? action=idle target=- reason='waiting for respawn' status=success
2026-09-27 21:28:20.005  INFO   decision    mode=retreating behavior=respawn action=respawn target=- reason='death confirmed, restart' status=success
2026-09-27 21:28:20.432  INFO   decision    mode=retreating behavior=? action=idle target=- reason='waiting for respawn' status=success
2026-09-27 21:28:22.531  INFO   session     Entity shadow: vision=30 {'player': 27, 'npc': 3} memory=63 {'player': 56, 'npc': 6, 'monster': 1} paired=30 median=0.032 unleveled=68:警衛
2026-09-27 21:28:22.590  INFO   decision    mode=retreating behavior=survival_potion action=use_hp_potion target=- reason='critical hp, cannot heal' status=success
2026-09-27 21:28:23.970  INFO   decision    mode=retreating behavior=retreating action=idle target=- reason='retreating, waiting for hp' status=success
2026-09-27 21:28:27.606  INFO   session     Entity shadow: vision=22 {'npc': 1, 'player': 21} memory=62 {'monster': 1, 'player': 55, 'npc': 6} paired=22 median=0.029 unleveled=68:警衛
2026-09-27 21:28:28.347  INFO   decision    mode=farming behavior=talking_scroll action=use_talking_scroll target=- reason='respawn, 마법서 상인' status=success
2026-09-27 21:28:30.354  INFO   decision    mode=traveling behavior=traveling action=traveling target=- reason='enter farm area' status=success
2026-09-27 21:28:31.153  INFO   decision    mode=traveling behavior=talking_scroll action=use_talking_scroll target=- reason='go to shop (buy_hp_potions_ch_mainland)' status=success
2026-09-27 21:28:34.479  INFO   nav         async nav configure start map=mainland
2026-09-27 21:28:36.598  INFO   nav         building portal graph (cluster=32, 1755x1414)
2026-09-27 21:28:36.950  INFO   session     Entity shadow: vision=47 {'player': 42, 'monster': 2, 'npc': 3} memory=86 {'player': 79, 'npc': 7} paired=44 median=0.040
2026-09-27 21:28:40.838  INFO   nav         portal graph: 2586 components, 4239 ms
2026-09-27 21:28:40.842  INFO   nav         farms=6 safe=0 home=None (files farm=D:\ManmabotV1_final\engine\maps\mainland\farms.yaml safe=D:\ManmabotV1_final\engine\maps\mainland\safe.yaml home=D:\ManmabotV1_final\engine\maps\mainland\home.yaml)
2026-09-27 21:28:40.842  INFO   nav         async nav configure done map=mainland (6363 ms)
2026-09-27 21:28:41.132  INFO   decision    mode=farming behavior=shop action=shop_stop target=- reason='stop at shop' status=success
2026-09-27 21:28:42.239  INFO   session     Entity shadow: vision=49 {'player': 43, 'npc': 4, 'monster': 2} memory=87 {'player': 80, 'monster': 1, 'npc': 6} paired=44 median=0.040 unleveled=319:?
2026-09-27 21:28:42.360  INFO   decision    mode=farming behavior=shop action=shop_buy_arrows target=- reason='shop:buy_hp_potions_ch_mainland' status=success
2026-09-27 21:28:49.997  INFO   session     Entity shadow: vision=47 {'player': 40, 'npc': 4, 'monster': 3} memory=82 {'player': 74, 'npc': 7, 'monster': 1} paired=42 median=0.040 unleveled=319:?
2026-09-27 21:28:50.115  INFO   decision    mode=farming behavior=talking_scroll action=use_talking_scroll target=- reason='return to farm map after shop' status=success
2026-09-27 21:28:53.423  INFO   nav         async nav configure start map=talking_island
2026-09-27 21:28:53.598  INFO   nav         building portal graph (cluster=32, 479x511)
2026-09-27 21:28:54.064  INFO   nav         portal graph: 188 components, 466 ms
2026-09-27 21:28:54.074  INFO   nav         farms=4 safe=11 home=(354, 203) (files farm=D:\ManmabotV1_final\engine\maps\talking_island\farms.yaml safe=D:\ManmabotV1_final\engine\maps\talking_island\safe.yaml home=D:\ManmabotV1_final\engine\maps\talking_island\home.yaml)
2026-09-27 21:28:54.074  INFO   nav         async nav configure done map=talking_island (651 ms)
2026-09-27 21:28:55.167  INFO   session     Entity shadow: vision=31 {'npc': 4, 'player': 26, 'item': 1} memory=50 {'monster': 3, 'player': 39, 'npc': 8} paired=28 median=0.062 unleveled=319:?,68:警衛
2026-09-27 21:28:55.292  INFO   decision    mode=traveling behavior=traveling action=traveling target=- reason='return to farm after retreat' status=success
2026-09-27 21:29:01.161  INFO   session     Entity shadow: vision=34 {'player': 33, 'monster': 1} memory=72 {'player': 68, 'npc': 3, 'monster': 1} paired=31 median=0.043 unleveled=319:?
2026-09-27 21:29:06.412  INFO   session     Entity shadow: vision=30 {'player': 26, 'npc': 3, 'monster': 1} memory=64 {'npc': 6, 'player': 57, 'monster': 1} paired=25 median=0.067 unleveled=319:?
2026-09-27 21:29:11.732  INFO   session     Entity shadow: vision=12 {'player': 9, 'npc': 3} memory=13 {'npc': 5, 'player': 8} paired=11 median=0.047
2026-09-27 21:29:17.148  INFO   session     Entity shadow: vision=6 {'player': 4, 'monster': 1, 'npc': 1} memory=8 {'player': 5, 'npc': 3} paired=4 median=0.029
2026-09-27 21:29:22.547  INFO   session     Entity shadow: vision=5 {'player': 3, 'monster': 1, 'npc': 1} memory=5 {'npc': 2, 'player': 3} paired=2 median=0.038
2026-09-27 21:29:27.999  INFO   session     Entity shadow: vision=7 {'player': 4, 'npc': 1, 'monster': 2} memory=7 {'monster': 1, 'player': 4, 'npc': 2} paired=3 median=0.041 unleveled=68:警衛
2026-09-27 21:29:28.045  INFO   decision    mode=traveling behavior=traveling action=traveling target=- reason='return to farm after retreat' status=success (repeat)
2026-09-27 21:29:33.024  INFO   session     Entity shadow: vision=6 {'monster': 2, 'player': 3, 'npc': 1} memory=6 {'player': 3, 'monster': 1, 'npc': 2} paired=1 median=0.064 unleveled=68:警衛
2026-09-27 21:29:38.119  INFO   session     Entity shadow: vision=7 {'player': 3, 'npc': 2, 'monster': 2} memory=8 {'npc': 3, 'monster': 2, 'player': 3} paired=3 median=0.041 unleveled=14:青蛙,68:警衛
2026-09-27 21:29:43.323  INFO   session     Entity shadow: vision=7 {'player': 4, 'npc': 2, 'monster': 1} memory=7 {'npc': 3, 'player': 3, 'monster': 1} paired=3 median=0.042 unleveled=68:警衛
2026-09-27 21:29:48.842  INFO   session     Entity shadow: vision=7 {'player': 4, 'monster': 1, 'npc': 2} memory=8 {'npc': 3, 'player': 4, 'monster': 1} paired=4 median=0.054 unleveled=68:警衛
2026-09-27 21:29:53.352  INFO   decision    mode=traveling behavior=traveling action=traveling target=- reason='return to farm after retreat' status=success (repeat)
2026-09-27 21:29:54.030  INFO   session     Entity shadow: vision=8 {'player': 4, 'monster': 2, 'npc': 2} memory=8 {'npc': 3, 'player': 4, 'monster': 1} paired=4 median=0.039 unleveled=68:警衛
2026-09-27 21:29:59.297  INFO   session     Entity shadow: vision=7 {'player': 5, 'npc': 1, 'monster': 1} memory=7 {'npc': 3, 'player': 3, 'monster': 1} paired=3 median=0.022 unleveled=68:警衛
2026-09-27 21:30:04.764  INFO   session     Entity shadow: vision=6 {'player': 5, 'npc': 1} memory=6 {'player': 3, 'monster': 1, 'npc': 2} paired=3 median=0.022 unleveled=68:警衛
2026-09-27 21:30:09.886  INFO   session     Entity shadow: vision=6 {'player': 5, 'npc': 1} memory=7 {'player': 4, 'monster': 1, 'npc': 2} paired=4 median=0.048 unleveled=68:警衛
2026-09-27 21:30:15.134  INFO   session     Entity shadow: vision=6 {'player': 5, 'npc': 1} memory=9 {'player': 5, 'npc': 3, 'monster': 1} paired=4 median=0.022 unleveled=68:警衛
2026-09-27 21:30:17.985  INFO   decision    mode=traveling behavior=traveling action=traveling target=- reason='return to farm after retreat' status=success (repeat)
2026-09-27 21:30:20.540  INFO   session     Entity shadow: vision=7 {'player': 5, 'monster': 1, 'npc': 1} memory=10 {'monster': 2, 'player': 5, 'npc': 3} paired=4 median=0.022 unleveled=14:青蛙,68:警衛
2026-09-27 21:30:25.639  INFO   session     Entity shadow: vision=7 {'player': 4, 'npc': 2, 'monster': 1} memory=9 {'monster': 2, 'player': 4, 'npc': 3} paired=3 median=0.015 unleveled=14:青蛙,68:警衛
2026-09-27 21:30:30.820  INFO   session     Entity shadow: vision=7 {'player': 5, 'npc': 2} memory=9 {'monster': 2, 'player': 4, 'npc': 3} paired=4 median=0.041 unleveled=14:青蛙,68:警衛
2026-09-27 21:30:36.011  INFO   session     Entity shadow: vision=6 {'player': 5, 'npc': 1} memory=7 {'monster': 2, 'player': 3, 'npc': 2} paired=3 median=0.021 unleveled=14:青蛙,68:警衛
2026-09-27 21:30:41.452  INFO   session     Entity shadow: vision=7 {'player': 5, 'npc': 1, 'monster': 1} memory=8 {'npc': 3, 'player': 4, 'monster': 1} paired=4 median=0.048 unleveled=68:警衛
2026-09-27 21:30:43.118  INFO   decision    mode=traveling behavior=traveling action=traveling target=- reason='return to farm after retreat' status=success (repeat)
2026-09-27 21:30:46.692  INFO   session     Entity shadow: vision=8 {'player': 5, 'npc': 2, 'monster': 1} memory=8 {'npc': 4, 'player': 3, 'monster': 1} paired=4 median=0.027 unleveled=68:警衛
2026-09-27 21:30:51.696  INFO   session     Entity shadow: vision=9 {'player': 6, 'npc': 3} memory=8 {'npc': 4, 'player': 3, 'monster': 1} paired=5 median=0.013 unleveled=68:警衛
2026-09-27 21:30:57.042  INFO   session     Entity shadow: vision=8 {'npc': 3, 'player': 5} memory=8 {'npc': 4, 'player': 3, 'monster': 1} paired=5 median=0.023 unleveled=68:警衛
2026-09-27 21:31:02.283  INFO   session     Entity shadow: vision=8 {'player': 4, 'monster': 2, 'npc': 2} memory=10 {'npc': 5, 'player': 4, 'monster': 1} paired=4 median=0.052 unleveled=68:警衛
2026-09-27 21:31:07.352  INFO   session     Entity shadow: vision=6 {'player': 4, 'npc': 2} memory=8 {'npc': 3, 'player': 4, 'monster': 1} paired=3 median=0.022 unleveled=68:警衛
2026-09-27 21:31:08.321  INFO   decision    mode=traveling behavior=traveling action=traveling target=- reason='enter farm, walk around' status=success (repeat)
2026-09-27 21:31:12.466  INFO   session     Entity shadow: vision=7 {'player': 5, 'npc': 2} memory=8 {'npc': 3, 'player': 4, 'monster': 1} paired=4 median=0.022 unleveled=68:警衛
2026-09-27 21:31:17.850  INFO   session     Entity shadow: vision=7 {'player': 6, 'npc': 1} memory=7 {'npc': 3, 'player': 3, 'monster': 1} paired=3 median=0.011 unleveled=68:警衛
2026-09-27 21:31:23.030  INFO   session     Entity shadow: vision=7 {'player': 5, 'npc': 2} memory=8 {'monster': 2, 'npc': 3, 'player': 3} paired=3 median=0.022 unleveled=68:警衛
2026-09-27 21:31:28.399  INFO   session     Entity shadow: vision=7 {'player': 4, 'npc': 2, 'monster': 1} memory=9 {'monster': 2, 'npc': 3, 'player': 4} paired=3 median=0.048 unleveled=68:警衛
2026-09-27 21:31:31.348  INFO   decision    mode=traveling behavior=traveling action=traveling target=- reason='return to farm after retreat' status=success (repeat)
2026-09-27 21:31:33.402  INFO   session     Entity shadow: vision=7 {'player': 5, 'npc': 2} memory=8 {'npc': 3, 'player': 4, 'monster': 1} paired=4 median=0.022 unleveled=68:警衛
2026-09-27 21:31:38.695  INFO   session     Entity shadow: vision=7 {'npc': 2, 'player': 5} memory=9 {'monster': 2, 'npc': 3, 'player': 4} paired=4 median=0.022 unleveled=68:警衛
2026-09-27 21:31:44.229  INFO   session     Entity shadow: vision=7 {'player': 4, 'monster': 2, 'npc': 1} memory=7 {'npc': 3, 'player': 3, 'monster': 1} paired=3 median=0.007 unleveled=68:警衛
2026-09-27 21:31:49.232  INFO   session     Entity shadow: vision=8 {'player': 5, 'npc': 3} memory=8 {'npc': 4, 'player': 3, 'monster': 1} paired=5 median=0.032 unleveled=68:警衛
2026-09-27 21:31:54.283  INFO   session     Entity shadow: vision=7 {'player': 5, 'npc': 2} memory=7 {'npc': 3, 'player': 3, 'monster': 1} paired=4 median=0.032 unleveled=68:警衛
2026-09-27 21:31:55.632  INFO   decision    mode=traveling behavior=traveling action=traveling target=- reason='return to farm after retreat' status=success (repeat)
2026-09-27 21:31:59.722  INFO   session     Entity shadow: vision=6 {'player': 4, 'npc': 2} memory=8 {'npc': 3, 'player': 4, 'monster': 1} paired=4 median=0.054 unleveled=68:警衛
2026-09-27 21:32:02.549  INFO   session     일시정지 — 단축키
2026-09-27 21:32:42.573  INFO   session     재개 → 실행 중
2026-09-27 21:32:43.085  INFO   session     Entity shadow: vision=7 {'player': 5, 'npc': 2} memory=8 {'npc': 4, 'player': 3, 'monster': 1} paired=4 median=0.032 unleveled=68:警衛
2026-09-27 21:32:48.473  INFO   session     Entity shadow: vision=7 {'player': 5, 'npc': 2} memory=10 {'monster': 2, 'npc': 4, 'player': 4} paired=5 median=0.048 unleveled=207:兔子,68:警衛
2026-09-27 21:32:49.544  INFO   session     일시정지 — 단축키
2026-09-27 21:32:52.693  INFO   session     일시정지 / 재개 → 실행 중
2026-09-27 21:32:53.808  INFO   session     Entity shadow: vision=22 {'player': 19, 'npc': 3} memory=57 {'player': 55, 'npc': 2} paired=20 median=0.028
2026-09-27 21:32:59.176  INFO   session     Entity shadow: vision=23 {'player': 21, 'npc': 1, 'monster': 1} memory=58 {'player': 56, 'npc': 2} paired=22 median=0.025
2026-09-27 21:33:05.007  INFO   session     Entity shadow: vision=26 {'player': 24, 'npc': 2} memory=61 {'player': 59, 'npc': 2} paired=25 median=0.021
2026-09-27 21:33:08.579  INFO   decision    mode=traveling behavior=traveling action=traveling target=- reason='return to farm after retreat' status=success (repeat)
2026-09-27 21:33:10.436  INFO   session     Entity shadow: vision=23 {'player': 19, 'npc': 4} memory=61 {'player': 59, 'npc': 2} paired=20 median=0.025
2026-09-27 21:33:15.613  INFO   session     Entity shadow: vision=24 {'npc': 2, 'player': 21, 'monster': 1} memory=58 {'player': 56, 'npc': 2} paired=22 median=0.022
2026-09-27 21:33:20.586  INFO   session     Entity shadow: vision=20 {'npc': 3, 'player': 17} memory=61 {'player': 59, 'npc': 2} paired=19 median=0.025
2026-09-27 21:33:26.109  INFO   session     Entity shadow: vision=21 {'player': 19, 'npc': 2} memory=62 {'player': 60, 'npc': 2} paired=21 median=0.023
2026-09-27 21:33:26.870  INFO   decision    mode=traveling behavior=buff action=buff target=- reason='power_up' status=success
2026-09-27 21:33:28.222  INFO   decision    mode=traveling behavior=traveling action=traveling target=- reason='return to farm after retreat' status=success
2026-09-27 21:33:31.156  INFO   session     Entity shadow: vision=20 {'player': 17, 'npc': 3} memory=64 {'player': 62, 'npc': 2} paired=19 median=0.026
2026-09-27 21:33:36.636  INFO   session     Entity shadow: vision=24 {'npc': 1, 'player': 23} memory=65 {'player': 63, 'npc': 2} paired=23 median=0.023
2026-09-27 21:33:41.667  INFO   session     Entity shadow: vision=25 {'player': 21, 'npc': 3, 'monster': 1} memory=66 {'player': 64, 'npc': 2} paired=23 median=0.026
2026-09-27 21:33:47.286  INFO   session     Entity shadow: vision=28 {'player': 25, 'npc': 3} memory=65 {'monster': 2, 'player': 61, 'npc': 2} paired=25 median=0.049 unleveled=68:警衛,10:警衛
2026-09-27 21:33:52.675  INFO   session     Entity shadow: vision=14 {'player': 7, 'npc': 7} memory=9 {'player': 5, 'monster': 4} paired=5 median=0.011 unleveled=68:警衛,10:警衛
2026-09-27 21:33:57.910  INFO   session     Entity shadow: vision=11 {'player': 6, 'npc': 5} memory=7 {'player': 3, 'monster': 3, 'npc': 1} paired=4 median=0.018 unleveled=68:警衛,10:警衛
2026-09-27 21:33:59.590  INFO   decision    mode=traveling behavior=traveling action=traveling target=- reason='return to farm after retreat' status=success (repeat)
2026-09-27 21:34:02.833  INFO   session     Entity shadow: vision=5 {'player': 4, 'npc': 1} memory=4 {'player': 3, 'monster': 1} paired=3 median=0.009 unleveled=68:警衛
2026-09-27 21:34:08.068  INFO   session     Entity shadow: vision=1 {'player': 1} memory=0 {} paired=0 median=0.000
2026-09-27 21:34:13.391  INFO   session     Entity shadow: vision=1 {'player': 1} memory=0 {} paired=0 median=0.000
2026-09-27 21:34:17.437  INFO   decision    mode=traveling behavior=traveling action=traveling target=- reason='return to farm after retreat' status=success (repeat)
2026-09-27 21:34:18.597  INFO   session     Entity shadow: vision=1 {'player': 1} memory=0 {} paired=0 median=0.000
2026-09-27 21:34:23.843  INFO   session     Entity shadow: vision=2 {'player': 1, 'npc': 1} memory=1 {'npc': 1} paired=1 median=0.026
2026-09-27 21:34:27.152  INFO   decision    mode=traveling behavior=combat action=attack target=691 reason='engage target' status=success
2026-09-27 21:34:29.266  INFO   session     Entity shadow: vision=5 {'player': 1, 'monster': 3, 'npc': 1} memory=6 {'monster': 5, 'npc': 1} paired=4 median=0.017
2026-09-27 21:34:34.222  INFO   decision    mode=traveling behavior=combat action=attack target=694 reason='engage target' status=success
2026-09-27 21:34:35.014  INFO   session     Entity shadow: vision=6 {'npc': 2, 'monster': 2, 'player': 1, 'item': 1} memory=6 {'monster': 5, 'item': 1} paired=3 median=0.020 unleveled=68:警衛
2026-09-27 21:34:39.049  INFO   decision    mode=traveling behavior=loot action=pickup target=698 reason='engage item' status=success
2026-09-27 21:34:39.602  INFO   decision    mode=traveling behavior=loot action=idle target=- reason='pickup settle' status=success
2026-09-27 21:34:40.041  INFO   session     Entity shadow: vision=9 {'item': 2, 'npc': 2, 'player': 1, 'monster': 4} memory=5 {'monster': 4, 'item': 1} paired=3 median=0.015 unleveled=68:警衛
2026-09-27 21:34:40.513  INFO   decision    mode=traveling behavior=loot action=searching target=697 reason='walk onto item' status=success
2026-09-27 21:34:44.708  INFO   decision    mode=traveling behavior=combat action=attack target=692 reason='engage target' status=success
2026-09-27 21:34:45.612  INFO   session     Entity shadow: vision=7 {'npc': 1, 'monster': 5, 'item': 1} memory=8 {'monster': 7, 'item': 1} paired=5 median=0.029 unleveled=68:警衛
2026-09-27 21:34:49.738  INFO   decision    mode=traveling behavior=loot action=pickup target=705 reason='engage item' status=success
2026-09-27 21:34:50.197  INFO   decision    mode=traveling behavior=loot action=idle target=- reason='pickup settle' status=success
2026-09-27 21:34:50.591  INFO   session     Entity shadow: vision=9 {'item': 2, 'monster': 6, 'npc': 1} memory=9 {'monster': 7, 'item': 2} paired=6 median=0.006 unleveled=14:青蛙,68:警衛
2026-09-27 21:34:51.161  INFO   decision    mode=traveling behavior=loot action=searching target=697 reason='walk onto item' status=success
2026-09-27 21:34:52.419  INFO   decision    mode=traveling behavior=loot action=pickup target=697 reason='loot target' status=success
2026-09-27 21:34:52.910  INFO   decision    mode=traveling behavior=loot action=idle target=- reason='pickup settle' status=success
2026-09-27 21:34:53.902  INFO   decision    mode=traveling behavior=combat action=attack target=693 reason='engage target' status=success
2026-09-27 21:34:55.883  INFO   session     Entity shadow: vision=6 {'monster': 4, 'player': 1, 'npc': 1} memory=7 {'monster': 7} paired=4 median=0.043 unleveled=189:鹿,14:青蛙
2026-09-27 21:35:01.328  INFO   session     Entity shadow: vision=5 {'npc': 1, 'monster': 4} memory=6 {'monster': 6} paired=4 median=0.044 unleveled=189:鹿
2026-09-27 21:35:06.776  INFO   session     Entity shadow: vision=5 {'monster': 4, 'player': 1} memory=6 {'monster': 6} paired=4 median=0.044 unleveled=189:鹿
2026-09-27 21:35:09.095  INFO   decision    mode=traveling behavior=combat action=attack target=702 reason='engage target' status=success
2026-09-27 21:35:11.663  INFO   decision    mode=traveling behavior=combat action=attack target=700 reason='engage target' status=success
2026-09-27 21:35:12.463  INFO   session     Entity shadow: vision=5 {'monster': 4, 'player': 1} memory=5 {'monster': 5} paired=3 median=0.109 unleveled=189:鹿
2026-09-27 21:35:17.343  INFO   session     Entity shadow: vision=4 {'monster': 3, 'player': 1} memory=4 {'monster': 4} paired=3 median=0.044
2026-09-27 21:35:20.537  INFO   session     일시정지 — 단축키
2026-09-27 21:38:06.825  INFO   session     일시정지 / 재개 → 실행 중
2026-09-27 21:38:07.496  INFO   session     Entity shadow: vision=8 {'player': 1, 'monster': 7} memory=7 {'monster': 7} paired=6 median=0.021 unleveled=189:鹿
2026-09-27 21:38:07.692  INFO   decision    mode=traveling behavior=buff action=buff target=- reason='light' status=success
2026-09-27 21:38:08.766  INFO   decision    mode=traveling behavior=combat action=attack target=707 reason='engage target' status=success
2026-09-27 21:38:12.444  INFO   decision    mode=traveling behavior=combat action=attack target=710 reason='engage target' status=success
2026-09-27 21:38:13.210  INFO   session     Entity shadow: vision=4 {'monster': 2, 'player': 1, 'npc': 1} memory=5 {'monster': 4, 'npc': 1} paired=3 median=0.014 unleveled=207:兔子,189:鹿
2026-09-27 21:38:13.724  INFO   decision    mode=traveling behavior=traveling action=traveling target=- reason='return to farm after retreat' status=success
2026-09-27 21:38:17.097  INFO   decision    mode=traveling behavior=combat action=attack target=709 reason='engage target' status=success
2026-09-27 21:38:18.104  INFO   session     Entity shadow: vision=2 {'player': 1, 'monster': 1} memory=3 {'monster': 2, 'npc': 1} paired=1 median=0.013 unleveled=207:兔子
2026-09-27 21:38:21.728  INFO   decision    mode=traveling behavior=loot action=pickup target=713 reason='engage item' status=success
2026-09-27 21:38:22.304  INFO   decision    mode=traveling behavior=loot action=idle target=- reason='pickup settle' status=success
2026-09-27 21:38:22.968  INFO   decision    mode=traveling behavior=traveling action=traveling target=- reason='return to farm after retreat' status=success
2026-09-27 21:38:23.426  INFO   session     Entity shadow: vision=1 {'player': 1} memory=1 {'npc': 1} paired=0 median=0.000
2026-09-27 21:38:28.718  INFO   session     Entity shadow: vision=1 {'monster': 1} memory=0 {} paired=0 median=0.000
2026-09-27 21:38:31.942  INFO   decision    mode=traveling behavior=combat action=attack target=714 reason='engage target' status=success
2026-09-27 21:38:33.115  INFO   decision    mode=traveling behavior=combat action=attack target=715 reason='engage target' status=success
2026-09-27 21:38:34.112  INFO   session     Entity shadow: vision=2 {'monster': 1, 'player': 1} memory=1 {'monster': 1} paired=1 median=0.016
2026-09-27 21:38:37.833  INFO   decision    mode=traveling behavior=combat action=attack target=716 reason='engage target' status=success
2026-09-27 21:38:39.378  INFO   session     Entity shadow: vision=1 {'player': 1} memory=1 {'monster': 1} paired=0 median=0.000
2026-09-27 21:38:40.338  INFO   decision    mode=traveling behavior=loot action=searching target=717 reason='walk onto item' status=success
2026-09-27 21:38:44.519  INFO   session     Entity shadow: vision=2 {'player': 1, 'item': 1} memory=2 {'monster': 1, 'item': 1} paired=1 median=0.001 unleveled=208:兔子
2026-09-27 21:38:46.550  INFO   decision    mode=traveling behavior=loot action=pickup target=717 reason='loot target' status=success
2026-09-27 21:38:47.073  INFO   decision    mode=traveling behavior=loot action=idle target=- reason='pickup settle' status=success
2026-09-27 21:38:47.751  INFO   decision    mode=traveling behavior=combat action=attack target=719 reason='engage target' status=success
2026-09-27 21:38:49.930  INFO   session     Entity shadow: vision=3 {'monster': 3} memory=3 {'monster': 3} paired=2 median=0.053
2026-09-27 21:38:55.420  INFO   session     Entity shadow: vision=2 {'player': 1, 'monster': 1} memory=4 {'monster': 4} paired=1 median=0.016 unleveled=208:兔子
2026-09-27 21:38:57.790  INFO   decision    mode=traveling behavior=combat action=attack target=720 reason='engage target' status=success
2026-09-27 21:38:58.545  INFO   decision    mode=traveling behavior=dismiss_level_up action=dismiss_level_up target=- reason='level up, close dialog' status=success
2026-09-27 21:38:59.486  INFO   decision    mode=traveling behavior=combat action=attack target=720 reason='attack target' status=success
2026-09-27 21:39:00.682  INFO   session     Entity shadow: vision=3 {'item': 1, 'monster': 1, 'player': 1} memory=4 {'monster': 3, 'item': 1} paired=2 median=0.017 unleveled=208:兔子
2026-09-27 21:39:01.814  INFO   decision    mode=traveling behavior=loot action=searching target=723 reason='walk onto item' status=success
2026-09-27 21:39:04.784  INFO   decision    mode=traveling behavior=? action=idle target=- reason='no behavior produced an intent' status=success
2026-09-27 21:39:05.243  INFO   decision    mode=traveling behavior=loot action=searching target=723 reason='unstick nearby' status=success
2026-09-27 21:39:05.711  INFO   session     Entity shadow: vision=3 {'player': 1, 'item': 1, 'monster': 1} memory=5 {'monster': 4, 'item': 1} paired=2 median=0.029 unleveled=207:兔子,208:兔子
2026-09-27 21:39:08.617  INFO   decision    mode=traveling behavior=talking_scroll action=use_talking_scroll target=- reason='go to shop (buy_hp_potions_ch_mainland)' status=success
2026-09-27 21:39:11.938  INFO   nav         async nav configure start map=mainland
2026-09-27 21:39:14.314  INFO   session     Entity shadow: vision=53 {'monster': 7, 'player': 41, 'npc': 5} memory=82 {'npc': 7, 'player': 74, 'monster': 1} paired=44 median=0.042 unleveled=319:?
2026-09-27 21:39:14.331  INFO   nav         building portal graph (cluster=32, 1755x1414)
2026-09-27 21:39:18.604  INFO   nav         portal graph: 2586 components, 4272 ms
2026-09-27 21:39:18.609  INFO   nav         farms=6 safe=0 home=None (files farm=D:\ManmabotV1_final\engine\maps\mainland\farms.yaml safe=D:\ManmabotV1_final\engine\maps\mainland\safe.yaml home=D:\ManmabotV1_final\engine\maps\mainland\home.yaml)
2026-09-27 21:39:18.609  INFO   nav         async nav configure done map=mainland (6671 ms)
2026-09-27 21:39:18.895  INFO   decision    mode=farming behavior=shop action=shop_stop target=- reason='stop at shop' status=success
2026-09-27 21:39:20.001  INFO   session     Entity shadow: vision=46 {'player': 39, 'npc': 2, 'monster': 5} memory=81 {'npc': 7, 'player': 73, 'monster': 1} paired=40 median=0.058 unleveled=319:?
2026-09-27 21:39:20.119  INFO   decision    mode=farming behavior=shop action=shop_buy_arrows target=- reason='shop:buy_hp_potions_ch_mainland' status=success
2026-09-27 21:39:27.740  INFO   session     Entity shadow: vision=42 {'player': 35, 'monster': 4, 'npc': 3} memory=79 {'player': 71, 'npc': 7, 'monster': 1} paired=36 median=0.042 unleveled=319:?
2026-09-27 21:39:27.869  INFO   decision    mode=farming behavior=talking_scroll action=use_talking_scroll target=- reason='return to farm map after shop' status=success
2026-09-27 21:39:31.193  INFO   nav         async nav configure start map=talking_island
2026-09-27 21:39:31.395  INFO   nav         building portal graph (cluster=32, 479x511)
2026-09-27 21:39:31.824  INFO   nav         portal graph: 188 components, 429 ms
2026-09-27 21:39:31.837  INFO   nav         farms=4 safe=11 home=(354, 203) (files farm=D:\ManmabotV1_final\engine\maps\talking_island\farms.yaml safe=D:\ManmabotV1_final\engine\maps\talking_island\safe.yaml home=D:\ManmabotV1_final\engine\maps\talking_island\home.yaml)
2026-09-27 21:39:31.841  INFO   nav         async nav configure done map=talking_island (647 ms)
2026-09-27 21:39:33.056  INFO   session     Entity shadow: vision=34 {'player': 30, 'npc': 3, 'monster': 1} memory=45 {'player': 35, 'npc': 8, 'monster': 2} paired=30 median=0.046 unleveled=319:?,68:警衛
2026-09-27 21:39:33.151  INFO   decision    mode=traveling behavior=traveling action=traveling target=- reason='return to farm after retreat' status=success
2026-09-27 21:39:38.399  INFO   session     Entity shadow: vision=38 {'player': 34, 'npc': 4} memory=74 {'player': 70, 'npc': 3, 'monster': 1} paired=33 median=0.061 unleveled=319:?
2026-09-27 21:39:44.336  INFO   session     Entity shadow: vision=35 {'player': 27, 'npc': 5, 'monster': 3} memory=72 {'monster': 2, 'player': 64, 'npc': 6} paired=23 median=0.074 unleveled=10:警衛,319:?
2026-09-27 21:39:49.609  INFO   session     Entity shadow: vision=14 {'player': 8, 'monster': 2, 'npc': 4} memory=13 {'npc': 6, 'player': 7} paired=9 median=0.058
2026-09-27 21:39:55.063  INFO   session     Entity shadow: vision=6 {'player': 3, 'monster': 2, 'npc': 1} memory=7 {'npc': 3, 'player': 4} paired=3 median=0.029
2026-09-27 21:40:00.045  INFO   session     Entity shadow: vision=5 {'monster': 1, 'player': 3, 'npc': 1} memory=4 {'npc': 2, 'player': 2} paired=2 median=0.007
2026-09-27 21:40:02.512  INFO   decision    mode=traveling behavior=traveling action=idle target=- reason='no behavior produced an intent' status=success
2026-09-27 21:40:02.914  INFO   decision    mode=traveling behavior=traveling action=traveling target=- reason='enter farm, walk around' status=success
2026-09-27 21:40:05.094  INFO   session     Entity shadow: vision=5 {'npc': 1, 'player': 3, 'monster': 1} memory=5 {'monster': 1, 'npc': 2, 'player': 2} paired=2 median=0.016 unleveled=68:警衛
2026-09-27 21:40:10.588  INFO   session     Entity shadow: vision=6 {'player': 4, 'monster': 1, 'npc': 1} memory=5 {'monster': 1, 'player': 2, 'npc': 2} paired=1 median=0.003 unleveled=68:警衛
2026-09-27 21:40:16.037  INFO   session     Entity shadow: vision=6 {'player': 3, 'npc': 1, 'monster': 2} memory=5 {'monster': 1, 'player': 2, 'npc': 2} paired=1 median=0.015 unleveled=68:警衛
2026-09-27 21:40:21.118  INFO   session     Entity shadow: vision=6 {'npc': 2, 'player': 3, 'monster': 1} memory=6 {'npc': 3, 'monster': 1, 'player': 2} paired=2 median=0.030 unleveled=68:警衛
2026-09-27 21:40:24.473  INFO   decision    mode=traveling behavior=traveling action=traveling target=- reason='return to farm after retreat' status=success (repeat)
2026-09-27 21:40:26.179  INFO   session     Entity shadow: vision=7 {'player': 2, 'monster': 3, 'npc': 2} memory=6 {'npc': 3, 'monster': 1, 'player': 2} paired=2 median=0.039 unleveled=68:警衛
2026-09-27 21:40:31.471  INFO   session     Entity shadow: vision=7 {'npc': 3, 'player': 3, 'monster': 1} memory=6 {'npc': 3, 'monster': 1, 'player': 2} paired=3 median=0.016 unleveled=68:警衛
2026-09-27 21:40:36.514  INFO   session     Entity shadow: vision=5 {'player': 2, 'npc': 2, 'monster': 1} memory=6 {'npc': 3, 'monster': 1, 'player': 2} paired=2 median=0.054 unleveled=68:警衛
2026-09-27 21:40:41.905  INFO   session     Entity shadow: vision=6 {'player': 3, 'npc': 2, 'monster': 1} memory=6 {'npc': 3, 'monster': 1, 'player': 2} paired=3 median=0.016 unleveled=68:警衛
2026-09-27 21:40:46.578  INFO   decision    mode=traveling behavior=traveling action=traveling target=- reason='enter farm, walk around' status=success (repeat)
2026-09-27 21:40:46.991  INFO   session     Entity shadow: vision=6 {'monster': 2, 'player': 3, 'npc': 1} memory=5 {'monster': 1, 'player': 2, 'npc': 2} paired=1 median=0.015 unleveled=68:警衛
2026-09-27 21:40:52.352  INFO   session     Entity shadow: vision=5 {'npc': 1, 'monster': 1, 'player': 3} memory=5 {'monster': 1, 'player': 2, 'npc': 2} paired=1 median=0.013 unleveled=68:警衛
2026-09-27 21:40:57.451  INFO   session     Entity shadow: vision=5 {'monster': 1, 'npc': 1, 'player': 3} memory=5 {'monster': 1, 'npc': 2, 'player': 2} paired=2 median=0.025 unleveled=68:警衛
2026-09-27 21:41:02.640  INFO   session     Entity shadow: vision=4 {'player': 3, 'npc': 1} memory=4 {'monster': 1, 'npc': 2, 'player': 1} paired=1 median=0.014 unleveled=68:警衛
2026-09-27 21:41:07.954  INFO   session     Entity shadow: vision=4 {'player': 2, 'npc': 1, 'monster': 1} memory=4 {'monster': 1, 'npc': 2, 'player': 1} paired=1 median=0.014 unleveled=68:警衛
2026-09-27 21:41:07.983  INFO   decision    mode=traveling behavior=traveling action=traveling target=- reason='enter farm, walk around' status=success (repeat)
2026-09-27 21:41:13.106  INFO   session     Entity shadow: vision=5 {'player': 4, 'npc': 1} memory=5 {'npc': 3, 'monster': 1, 'player': 1} paired=1 median=0.008 unleveled=68:警衛
2026-09-27 21:41:18.529  INFO   session     Entity shadow: vision=3 {'npc': 1, 'player': 2} memory=5 {'npc': 3, 'monster': 1, 'player': 1} paired=1 median=0.014 unleveled=68:警衛
2026-09-27 21:41:23.563  INFO   session     Entity shadow: vision=4 {'monster': 1, 'player': 2, 'npc': 1} memory=6 {'npc': 3, 'monster': 1, 'player': 2} paired=1 median=0.025 unleveled=68:警衛
2026-09-27 21:41:28.660  INFO   session     Entity shadow: vision=5 {'npc': 2, 'player': 3} memory=6 {'npc': 4, 'monster': 1, 'player': 1} paired=2 median=0.029 unleveled=68:警衛
2026-09-27 21:41:29.165  INFO   decision    mode=traveling behavior=traveling action=traveling target=- reason='return to farm after retreat' status=success (repeat)
2026-09-27 21:41:33.927  INFO   session     Entity shadow: vision=5 {'player': 2, 'npc': 2, 'monster': 1} memory=6 {'npc': 4, 'monster': 1, 'player': 1} paired=2 median=0.032 unleveled=68:警衛
2026-09-27 21:41:39.576  INFO   session     Entity shadow: vision=5 {'player': 3, 'npc': 2} memory=7 {'npc': 4, 'monster': 1, 'player': 2} paired=3 median=0.042 unleveled=68:警衛
2026-09-27 21:41:45.113  INFO   session     Entity shadow: vision=6 {'npc': 3, 'player': 3} memory=8 {'monster': 2, 'npc': 4, 'player': 2} paired=3 median=0.016 unleveled=189:鹿,68:警衛
2026-09-27 21:41:50.329  INFO   session     Entity shadow: vision=6 {'player': 3, 'npc': 2, 'monster': 1} memory=9 {'npc': 5, 'monster': 2, 'player': 2} paired=3 median=0.015 unleveled=189:鹿,68:警衛
2026-09-27 21:41:51.486  INFO   decision    mode=traveling behavior=traveling action=traveling target=- reason='return to farm after retreat' status=success (repeat)
2026-09-27 21:41:55.762  INFO   session     Entity shadow: vision=5 {'npc': 2, 'player': 2, 'monster': 1} memory=7 {'monster': 2, 'npc': 4, 'player': 1} paired=2 median=0.041 unleveled=189:鹿,68:警衛
2026-09-27 21:42:00.862  INFO   session     Entity shadow: vision=5 {'npc': 2, 'player': 3} memory=7 {'monster': 2, 'npc': 4, 'player': 1} paired=2 median=0.041 unleveled=189:鹿,68:警衛
2026-09-27 21:42:05.964  INFO   session     Entity shadow: vision=5 {'player': 3, 'npc': 2} memory=7 {'monster': 2, 'npc': 3, 'player': 2} paired=3 median=0.042 unleveled=189:鹿,68:警衛
2026-09-27 21:42:10.993  INFO   session     Entity shadow: vision=5 {'player': 3, 'npc': 2} memory=7 {'monster': 2, 'npc': 3, 'player': 2} paired=2 median=0.016 unleveled=189:鹿,68:警衛
2026-09-27 21:42:14.438  INFO   decision    mode=traveling behavior=traveling action=traveling target=- reason='enter farm, walk around' status=success (repeat)
2026-09-27 21:42:16.184  INFO   session     Entity shadow: vision=6 {'npc': 2, 'player': 3, 'monster': 1} memory=6 {'npc': 3, 'monster': 1, 'player': 2} paired=3 median=0.016 unleveled=68:警衛
2026-09-27 21:42:21.504  INFO   session     Entity shadow: vision=5 {'monster': 1, 'player': 3, 'npc': 1} memory=5 {'monster': 2, 'npc': 2, 'player': 1} paired=1 median=0.014 unleveled=189:鹿,68:警衛
2026-09-27 21:42:26.477  INFO   session     Entity shadow: vision=5 {'player': 4, 'npc': 1} memory=5 {'monster': 2, 'npc': 2, 'player': 1} paired=1 median=0.003 unleveled=189:鹿,68:警衛
2026-09-27 21:42:31.843  INFO   session     Entity shadow: vision=5 {'npc': 2, 'player': 2, 'monster': 1} memory=5 {'npc': 3, 'monster': 1, 'player': 1} paired=2 median=0.033 unleveled=68:警衛
2026-09-27 21:42:35.746  INFO   decision    mode=traveling behavior=traveling action=traveling target=- reason='return to farm after retreat' status=success (repeat)
2026-09-27 21:42:36.890  INFO   session     Entity shadow: vision=5 {'player': 3, 'npc': 2} memory=6 {'npc': 3, 'monster': 1, 'player': 2} paired=3 median=0.043 unleveled=68:警衛
2026-09-27 21:42:41.931  INFO   session     Entity shadow: vision=6 {'player': 3, 'npc': 2, 'monster': 1} memory=6 {'npc': 3, 'monster': 1, 'player': 2} paired=3 median=0.025 unleveled=68:警衛
2026-09-27 21:42:47.318  INFO   session     Entity shadow: vision=5 {'player': 3, 'npc': 2} memory=6 {'npc': 4, 'monster': 1, 'player': 1} paired=2 median=0.031 unleveled=68:警衛
2026-09-27 21:42:52.483  INFO   session     Entity shadow: vision=6 {'player': 2, 'npc': 2, 'monster': 2} memory=6 {'npc': 4, 'monster': 1, 'player': 1} paired=2 median=0.033 unleveled=68:警衛
2026-09-27 21:42:57.867  INFO   session     Entity shadow: vision=5 {'player': 3, 'npc': 2} memory=5 {'npc': 3, 'monster': 1, 'player': 1} paired=2 median=0.033 unleveled=68:警衛
2026-09-27 21:42:58.441  INFO   decision    mode=traveling behavior=traveling action=traveling target=- reason='return to farm after retreat' status=success (repeat)
2026-09-27 21:43:02.806  INFO   session     Entity shadow: vision=5 {'player': 3, 'npc': 2} memory=5 {'monster': 1, 'npc': 2, 'player': 2} paired=3 median=0.046 unleveled=68:警衛
2026-09-27 21:43:08.310  INFO   session     Entity shadow: vision=6 {'player': 3, 'npc': 1, 'monster': 2} memory=5 {'npc': 3, 'monster': 1, 'player': 1} paired=1 median=0.015 unleveled=68:警衛
2026-09-27 21:43:13.330  INFO   session     Entity shadow: vision=5 {'player': 3, 'npc': 2} memory=5 {'npc': 3, 'monster': 1, 'player': 1} paired=2 median=0.029 unleveled=68:警衛
2026-09-27 21:43:18.344  INFO   session     Entity shadow: vision=5 {'npc': 2, 'player': 2, 'monster': 1} memory=5 {'npc': 3, 'monster': 1, 'player': 1} paired=2 median=0.029 unleveled=68:警衛
2026-09-27 21:43:19.943  INFO   decision    mode=traveling behavior=traveling action=traveling target=- reason='return to farm after retreat' status=success (repeat)
2026-09-27 21:43:23.833  INFO   session     Entity shadow: vision=6 {'player': 3, 'npc': 2, 'monster': 1} memory=6 {'npc': 3, 'monster': 1, 'player': 2} paired=3 median=0.024 unleveled=68:警衛
2026-09-27 21:43:26.579  INFO   decision    mode=traveling behavior=buff action=buff target=- reason='armor_up' status=success
2026-09-27 21:43:27.739  INFO   decision    mode=traveling behavior=traveling action=traveling target=- reason='enter farm, walk around' status=success
2026-09-27 21:43:29.319  INFO   session     Entity shadow: vision=6 {'player': 3, 'npc': 1, 'monster': 2} memory=5 {'npc': 3, 'monster': 1, 'player': 1} paired=1 median=0.015 unleveled=68:警衛
2026-09-27 21:43:34.715  INFO   session     Entity shadow: vision=6 {'player': 3, 'npc': 3} memory=7 {'npc': 4, 'monster': 1, 'player': 2} paired=4 median=0.036 unleveled=68:警衛
2026-09-27 21:43:40.245  INFO   session     Entity shadow: vision=7 {'player': 3, 'npc': 3, 'monster': 1} memory=6 {'npc': 4, 'monster': 1, 'player': 1} paired=3 median=0.018 unleveled=68:警衛
2026-09-27 21:43:45.713  INFO   session     Entity shadow: vision=6 {'npc': 4, 'player': 2} memory=7 {'npc': 5, 'monster': 1, 'player': 1} paired=4 median=0.031 unleveled=68:警衛
2026-09-27 21:43:50.287  INFO   decision    mode=traveling behavior=traveling action=traveling target=- reason='return to farm after retreat' status=success (repeat)
2026-09-27 21:43:50.733  INFO   session     Entity shadow: vision=7 {'player': 2, 'npc': 3, 'monster': 2} memory=8 {'monster': 2, 'npc': 5, 'player': 1} paired=3 median=0.032 unleveled=68:警衛
2026-09-27 21:43:55.809  INFO   session     Entity shadow: vision=8 {'player': 3, 'npc': 3, 'monster': 2} memory=9 {'npc': 5, 'monster': 2, 'player': 2} paired=5 median=0.035
2026-09-27 21:44:01.009  INFO   session     Entity shadow: vision=7 {'npc': 3, 'monster': 1, 'player': 3} memory=8 {'npc': 4, 'monster': 2, 'player': 2} paired=5 median=0.015 unleveled=68:警衛
2026-09-27 21:44:06.366  INFO   session     Entity shadow: vision=5 {'npc': 2, 'player': 2, 'monster': 1} memory=7 {'monster': 2, 'npc': 3, 'player': 2} paired=2 median=0.016 unleveled=68:警衛
2026-09-27 21:44:11.352  INFO   session     Entity shadow: vision=5 {'monster': 1, 'player': 2, 'npc': 2} memory=6 {'npc': 4, 'monster': 1, 'player': 1} paired=2 median=0.024 unleveled=68:警衛
2026-09-27 21:44:14.468  INFO   decision    mode=traveling behavior=traveling action=traveling target=- reason='return to farm after retreat' status=success (repeat)
2026-09-27 21:44:16.363  INFO   session     Entity shadow: vision=6 {'player': 3, 'npc': 3} memory=8 {'npc': 5, 'monster': 2, 'player': 1} paired=3 median=0.025 unleveled=206:兔子,68:警衛
2026-09-27 21:44:21.506  INFO   session     Entity shadow: vision=6 {'player': 3, 'npc': 2, 'monster': 1} memory=7 {'npc': 5, 'monster': 1, 'player': 1} paired=2 median=0.033 unleveled=68:警衛
2026-09-27 21:44:26.841  INFO   session     Entity shadow: vision=6 {'player': 3, 'npc': 2, 'monster': 1} memory=8 {'npc': 5, 'monster': 1, 'player': 2} paired=3 median=0.015 unleveled=68:警衛
2026-09-27 21:44:32.024  INFO   session     Entity shadow: vision=6 {'npc': 2, 'player': 3, 'monster': 1} memory=8 {'npc': 5, 'monster': 1, 'player': 2} paired=3 median=0.016 unleveled=68:警衛
2026-09-27 21:44:36.526  INFO   decision    mode=traveling behavior=traveling action=traveling target=- reason='enter farm, walk around' status=success (repeat)
2026-09-27 21:44:37.032  INFO   session     Entity shadow: vision=7 {'monster': 3, 'player': 3, 'npc': 1} memory=8 {'npc': 5, 'monster': 2, 'player': 1} paired=2 median=0.021 unleveled=68:警衛
2026-09-27 21:44:42.430  INFO   session     Entity shadow: vision=6 {'player': 3, 'npc': 3} memory=8 {'npc': 6, 'monster': 1, 'player': 1} paired=3 median=0.032 unleveled=68:警衛
2026-09-27 21:44:47.408  INFO   session     Entity shadow: vision=7 {'npc': 3, 'monster': 2, 'player': 2} memory=9 {'npc': 6, 'monster': 1, 'player': 2} paired=2 median=0.032 unleveled=68:警衛
2026-09-27 21:44:52.522  INFO   session     일시정지 — 단축키
2026-09-27 21:44:52.571  INFO   session     Entity shadow: vision=4 {'npc': 3, 'player': 1} memory=7 {'npc': 5, 'monster': 1, 'player': 1} paired=2 median=0.032 unleveled=68:警衛
2026-09-27 21:45:13.252  INFO   session     일시정지 / 재개 → 실행 중
2026-09-27 21:45:13.802  INFO   session     Entity shadow: vision=5 {'player': 2, 'npc': 3} memory=7 {'npc': 3, 'monster': 3, 'player': 1} paired=2 median=0.020 unleveled=206:兔子,10:警衛,68:警衛
2026-09-27 21:45:17.116  INFO   decision    mode=traveling behavior=combat action=attack target=1050 reason='engage target' status=success
2026-09-27 21:45:18.790  INFO   session     Entity shadow: vision=4 {'npc': 2, 'monster': 1, 'player': 1} memory=5 {'monster': 4, 'npc': 1} paired=1 median=0.032 unleveled=206:兔子,10:警衛,68:警衛
2026-09-27 21:45:21.595  INFO   decision    mode=traveling behavior=loot action=searching target=1051 reason='walk onto item' status=success
2026-09-27 21:45:24.337  INFO   session     Entity shadow: vision=4 {'item': 1, 'npc': 2, 'player': 1} memory=4 {'item': 1, 'npc': 1, 'monster': 2} paired=1 median=0.005 unleveled=10:警衛,68:警衛
2026-09-27 21:45:29.814  INFO   session     Entity shadow: vision=4 {'player': 1, 'item': 1, 'npc': 2} memory=5 {'monster': 4, 'item': 1} paired=1 median=0.020 unleveled=206:兔子,10:警衛,68:警衛
2026-09-27 21:45:30.319  INFO   decision    mode=traveling behavior=loot action=pickup target=1051 reason='loot target' status=success
2026-09-27 21:45:30.894  INFO   decision    mode=traveling behavior=loot action=idle target=- reason='pickup settle' status=success
2026-09-27 21:45:31.439  INFO   decision    mode=traveling behavior=combat action=attack target=1054 reason='engage target' status=success
2026-09-27 21:45:33.456  INFO   decision    mode=traveling behavior=traveling action=traveling target=- reason='return to farm after retreat' status=success
2026-09-27 21:45:34.902  INFO   session     Entity shadow: vision=4 {'player': 2, 'npc': 2} memory=3 {'player': 1, 'monster': 2} paired=1 median=0.012 unleveled=10:警衛,68:警衛
2026-09-27 21:45:35.628  INFO   decision    mode=traveling behavior=loot action=searching target=1056 reason='walk onto item' status=success
2026-09-27 21:45:39.654  INFO   decision    mode=traveling behavior=combat action=attack target=1057 reason='engage target' status=success
2026-09-27 21:45:40.365  INFO   session     Entity shadow: vision=1 {'item': 1} memory=4 {'monster': 3, 'item': 1} paired=1 median=0.001 unleveled=206:兔子
2026-09-27 21:45:45.708  INFO   session     Entity shadow: vision=4 {'item': 1, 'player': 2, 'monster': 1} memory=4 {'monster': 3, 'item': 1} paired=2 median=0.022 unleveled=206:兔子
2026-09-27 21:45:47.593  INFO   decision    mode=traveling behavior=loot action=pickup target=1056 reason='engage item' status=success
2026-09-27 21:45:48.263  INFO   decision    mode=traveling behavior=loot action=idle target=- reason='pickup settle' status=success
2026-09-27 21:45:48.880  INFO   decision    mode=traveling behavior=combat action=attack target=1058 reason='engage target' status=success
2026-09-27 21:45:50.797  INFO   session     Entity shadow: vision=1 {'player': 1} memory=1 {'monster': 1} paired=0 median=0.000
2026-09-27 21:45:56.175  INFO   session     Entity shadow: vision=3 {'player': 1, 'npc': 1, 'monster': 1} memory=2 {'monster': 2} paired=1 median=0.010 unleveled=10:警衛
2026-09-27 21:45:59.749  INFO   decision    mode=traveling behavior=traveling action=traveling target=- reason='return to farm after retreat' status=success
2026-09-27 21:46:01.442  INFO   session     Entity shadow: vision=1 {'player': 1} memory=1 {'monster': 1} paired=0 median=0.000 unleveled=207:兔子
2026-09-27 21:46:03.310  INFO   decision    mode=traveling behavior=traveling action=idle target=- reason='no behavior produced an intent' status=success
2026-09-27 21:46:03.653  INFO   decision    mode=traveling behavior=traveling action=traveling target=- reason='return to farm after retreat' status=success
2026-09-27 21:46:06.792  INFO   session     Entity shadow: vision=1 {'player': 1} memory=2 {'monster': 2} paired=0 median=0.000 unleveled=208:兔子,207:兔子
2026-09-27 21:46:07.972  INFO   decision    mode=traveling behavior=combat action=attack target=1063 reason='engage target' status=success
2026-09-27 21:46:12.060  INFO   session     Entity shadow: vision=2 {'monster': 1, 'player': 1} memory=4 {'monster': 3, 'item': 1} paired=1 median=0.034 unleveled=208:兔子,207:兔子
2026-09-27 21:46:12.784  INFO   decision    mode=traveling behavior=loot action=searching target=1064 reason='walk onto item' status=success
2026-09-27 21:46:16.529  INFO   decision    mode=traveling behavior=loot action=pickup target=1064 reason='loot target' status=success
2026-09-27 21:46:17.118  INFO   session     Entity shadow: vision=2 {'player': 1, 'item': 1} memory=4 {'monster': 3, 'item': 1} paired=1 median=0.002 unleveled=206:兔子,208:兔子
2026-09-27 21:46:17.146  INFO   decision    mode=traveling behavior=loot action=idle target=- reason='pickup settle' status=success
2026-09-27 21:46:17.630  INFO   decision    mode=traveling behavior=combat action=attack target=1066 reason='engage target' status=success
2026-09-27 21:46:19.728  INFO   decision    mode=traveling behavior=loot action=searching target=1067 reason='walk onto item' status=success
2026-09-27 21:46:22.411  INFO   session     Entity shadow: vision=3 {'player': 1, 'item': 2} memory=5 {'monster': 3, 'item': 2} paired=2 median=0.050 unleveled=208:兔子,206:兔子,189:鹿
2026-09-27 21:46:27.536  INFO   session     Entity shadow: vision=4 {'player': 1, 'item': 2, 'monster': 1} memory=7 {'monster': 5, 'item': 2} paired=3 median=0.015 unleveled=208:兔子,206:兔子,189:鹿
2026-09-27 21:46:29.606  INFO   decision    mode=traveling behavior=combat action=attack target=1070 reason='engage target' status=success
2026-09-27 21:46:31.009  INFO   session     일시정지 — 단축키
2026-09-27 21:46:32.368  INFO   session     일시정지 / 재개 → 실행 중
2026-09-27 21:46:32.881  INFO   session     Entity shadow: vision=3 {'item': 2, 'player': 1} memory=6 {'monster': 4, 'item': 2} paired=2 median=0.012 unleveled=189:鹿,206:兔子,208:兔子
2026-09-27 21:46:32.932  INFO   decision    mode=traveling behavior=loot action=searching target=1067 reason='walk onto item' status=success
2026-09-27 21:46:34.759  INFO   decision    mode=traveling behavior=loot action=pickup target=1067 reason='loot target' status=success
2026-09-27 21:46:35.315  INFO   decision    mode=traveling behavior=loot action=idle target=- reason='pickup settle' status=success
2026-09-27 21:46:36.054  INFO   decision    mode=traveling behavior=loot action=searching target=1064 reason='walk onto item' status=success
2026-09-27 21:46:37.768  INFO   session     일시정지 — 단축키
2026-09-27 21:46:37.790  INFO   session     Entity shadow: vision=2 {'player': 1, 'item': 1} memory=7 {'monster': 6, 'item': 1} paired=1 median=0.021 unleveled=189:鹿,206:兔子,208:兔子,14:青蛙
2026-09-27 21:52:57.501  INFO   session     정지 → 중지됨
