2026-09-23 16:59:26.581  INFO   session     Loading Manmabot from D:\Work\Lineage\ManmabotV1_final\engine
2026-09-23 16:59:26.585  INFO   session     Session log D:\Work\Lineage\ManmabotV1_final\engine\logs\bot-20260923-165926.log
2026-09-23 16:59:26.585  INFO   session     character=elf loot=all_items game_lang=ko map=talking_island farms=['area_1', 'area_2', 'area_3', 'area_4'] file=D:\Work\Lineage\ManmabotV1_final\engine\logs\bot-20260923-165926.log
2026-09-23 16:59:27.000  INFO   nav         building portal graph (cluster=32, 479x511)
2026-09-23 16:59:27.255  INFO   nav         portal graph: 188 components, 255 ms
2026-09-23 16:59:27.267  INFO   nav         farms=4 safe=11 home=(354, 203) (files farm=D:\Work\Lineage\ManmabotV1_final\engine\maps\talking_island\farms.yaml safe=D:\Work\Lineage\ManmabotV1_final\engine\maps\talking_island\safe.yaml home=D:\Work\Lineage\ManmabotV1_final\engine\maps\talking_island\home.yaml)
2026-09-23 16:59:28.277  INFO   capture     mss window capture process='LC.exe' title=None content_aspect=4:3
2026-09-23 16:59:30.847  INFO   session     Auto-pause (not_focused)
2026-09-23 16:59:32.145  INFO   session     Entity clicks use memory names, species, and world cells. Image recognition still runs. Set memory.entity_source to vision to restore image-only clicks.
2026-09-23 16:59:32.153  INFO   session     Player memory is read in this process (realtime_monitor.dll, offsets.json). No separate console.
2026-09-23 16:59:32.180  INFO   session     Inventory listen started · inv.json seed · hp=26 arrows=477 silver=0 depoison=0 (live scan in background)
2026-09-23 16:59:32.208  INFO   session     Scanning hotbar (skill boxes 1–3)…
2026-09-23 16:59:36.501  INFO   session     Auto-resume → Running
2026-09-23 16:59:36.845  INFO   session     Hotbar scan done · hp_potion@box1/f5, talking_scroll@box1/f8
2026-09-23 16:59:36.849  INFO   session     Loop ready · elf · ko · map=talking_island · loot=all_items · farms=['area_1', 'area_2', 'area_3', 'area_4']
2026-09-23 16:59:38.201  INFO   session     Entity shadow: vision=4 {'monster': 4} memory=3 {'monster': 3} paired=1 median=0.077 unleveled=206:토끼,189:사슴
2026-09-23 16:59:38.410  INFO   decision    mode=traveling behavior=combat action=attack target=2 reason='engage target' status=success
2026-09-23 16:59:40.131  INFO   decision    mode=traveling behavior=traveling action=traveling target=- reason='enter farm area' status=success
2026-09-23 16:59:40.802  INFO   decision    mode=traveling behavior=combat action=attack target=4 reason='engage target' status=success
2026-09-23 16:59:42.636  INFO   action      cursor give-up id=4 item=false reason=cursor=normal/normal score=1.000 not allowed
2026-09-23 16:59:42.806  INFO   decision    mode=traveling behavior=traveling action=traveling target=- reason='enter farm area' status=success
2026-09-23 16:59:43.229  INFO   session     Entity shadow: vision=3 {'monster': 3} memory=3 {'monster': 3} paired=1 median=0.082 unleveled=189:사슴,206:토끼
2026-09-23 16:59:48.381  INFO   session     Entity shadow: vision=3 {'player': 2, 'monster': 1} memory=2 {'monster': 2} paired=1 median=0.037 unleveled=189:사슴
2026-09-23 16:59:51.698  INFO   decision    mode=traveling behavior=traveling action=traveling target=- reason='enter farm area' status=success (repeat)
2026-09-23 16:59:53.481  INFO   session     Entity shadow: vision=2 {'monster': 2} memory=2 {'monster': 2} paired=1 median=0.024 unleveled=189:사슴
2026-09-23 16:59:57.597  INFO   session     Paused — hotkey
2026-09-23 17:00:00.446  INFO   session     Resume → Running
2026-09-23 17:00:00.667  INFO   session     Entity shadow: vision=2 {'player': 1, 'monster': 1} memory=1 {'monster': 1} paired=1 median=0.008
2026-09-23 17:00:03.187  INFO   decision    mode=traveling behavior=traveling action=traveling target=- reason='enter farm area' status=success (repeat)
2026-09-23 17:00:03.834  INFO   decision    mode=traveling behavior=combat action=attack target=6 reason='engage target' status=success
2026-09-23 17:00:05.827  INFO   session     Entity shadow: vision=2 {'player': 1, 'monster': 1} memory=3 {'monster': 3} paired=1 median=0.025 unleveled=207:토끼
2026-09-23 17:00:05.850  INFO   session     Inventory listen ready (dll) · hp=0 arrows=0 silver=0 depoison=0
2026-09-23 17:00:05.907  INFO   decision    mode=traveling behavior=talking_scroll action=use_talking_scroll target=- reason='go to shop (buy_hp_potions_talking)' status=success
2026-09-23 17:00:09.268  INFO   decision    mode=farming behavior=shop action=shop_stop target=- reason='stop at shop' status=success
2026-09-23 17:00:10.697  INFO   decision    mode=farming behavior=shop action=shop_buy_arrows target=- reason='shop:buy_hp_potions_talking' status=success
2026-09-23 17:00:17.703  INFO   session     Entity shadow: vision=18 {'npc': 2, 'player': 15, 'monster': 1} memory=33 {'player': 31, 'npc': 2} paired=17 median=0.026
2026-09-23 17:00:17.772  INFO   decision    mode=farming behavior=shop action=shop_stop target=- reason='stop at shop' status=success
2026-09-23 17:00:19.208  INFO   decision    mode=farming behavior=shop action=shop_buy_arrows target=- reason='shop:buy_normal_arrows_talking' status=success
2026-09-23 17:00:23.581  INFO   session     Entity shadow: vision=18 {'player': 15, 'npc': 2, 'monster': 1} memory=32 {'player': 30, 'npc': 2} paired=17 median=0.026
2026-09-23 17:00:23.605  INFO   decision    mode=farming behavior=talking_scroll action=use_talking_scroll target=- reason='return to farm map after shop' status=success
2026-09-23 17:00:24.558  INFO   decision    mode=traveling behavior=traveling action=traveling target=- reason='enter farm area' status=success
2026-09-23 17:00:28.858  INFO   session     Entity shadow: vision=36 {'player': 32, 'npc': 3, 'monster': 1} memory=53 {'player': 45, 'npc': 6, 'monster': 2} paired=32 median=0.017 unleveled=68:경비병,319:?
2026-09-23 17:00:34.173  INFO   session     Entity shadow: vision=26 {'player': 24, 'npc': 2} memory=28 {'player': 25, 'monster': 3} paired=19 median=0.086 unleveled=10:경비병,68:경비병,319:?
2026-09-23 17:00:37.033  INFO   decision    mode=traveling behavior=talking_scroll action=use_talking_scroll target=- reason='go to shop (buy_normal_arrows_talking)' status=success
2026-09-23 17:00:40.228  INFO   session     Entity shadow: vision=18 {'monster': 1, 'player': 15, 'npc': 2} memory=31 {'player': 29, 'npc': 2} paired=17 median=0.026
2026-09-23 17:00:40.300  INFO   decision    mode=farming behavior=shop action=shop_stop target=- reason='stop at shop' status=success
2026-09-23 17:00:41.708  INFO   decision    mode=farming behavior=shop action=shop_buy_arrows target=- reason='shop:buy_normal_arrows_talking' status=success
2026-09-23 17:00:46.110  INFO   session     Entity shadow: vision=18 {'npc': 2, 'player': 15, 'monster': 1} memory=31 {'player': 29, 'npc': 2} paired=17 median=0.025
2026-09-23 17:00:46.140  INFO   decision    mode=farming behavior=talking_scroll action=use_talking_scroll target=- reason='return to farm map after shop' status=success
2026-09-23 17:00:47.105  INFO   decision    mode=traveling behavior=traveling action=traveling target=- reason='enter farm area' status=success
2026-09-23 17:00:51.173  INFO   session     Entity shadow: vision=30 {'player': 27, 'npc': 2, 'monster': 1} memory=48 {'player': 39, 'npc': 7, 'monster': 2} paired=27 median=0.029 unleveled=68:경비병,319:?
2026-09-23 17:00:54.564  INFO   session     Paused — hotkey
2026-09-23 17:02:34.132  INFO   session     Stop → Stopped
2026-09-23 17:02:34.391  INFO   session     Bot worker exited
