2026-09-28 22:13:06.449  INFO   session     Loading Manmabot from D:\KRR\1.LCBot\ManmabotV1_final\engine
2026-09-28 22:13:06.468  INFO   session     Session log D:\KRR\1.LCBot\ManmabotV1_final\engine\logs\bot-20260928-221306.log
2026-09-28 22:13:06.468  INFO   session     character=elf loot=all_items game_lang=ko map=talking_island farms=['area_1', 'area_3'] file=D:\KRR\1.LCBot\ManmabotV1_final\engine\logs\bot-20260928-221306.log
2026-09-28 22:13:10.195  INFO   nav         building portal graph (cluster=32, 479x511)
2026-09-28 22:13:10.883  INFO   nav         portal graph: 188 components, 687 ms
2026-09-28 22:13:10.922  INFO   nav         farms=2 safe=11 home=(354, 203) (files farm=D:\KRR\1.LCBot\ManmabotV1_final\engine\maps\talking_island\farms.yaml safe=D:\KRR\1.LCBot\ManmabotV1_final\engine\maps\talking_island\safe.yaml home=D:\KRR\1.LCBot\ManmabotV1_final\engine\maps\talking_island\home.yaml)
2026-09-28 22:13:11.770  INFO   capture     mss window capture process='LC.exe' title=None content_aspect=4:3
2026-09-28 22:13:12.673  INFO   session     Entity clicks use memory names, species, and world cells. Image recognition still runs. Set memory.entity_source to vision to restore image-only clicks.
2026-09-28 22:13:12.700  INFO   session     Player memory is read in this process (realtime_monitor.dll, offsets.json). No separate console.
2026-09-28 22:13:12.758  INFO   session     인벤토리를 백그라운드에서 스캔 중 (inventory_listen.dll 또는 inv.json을 두세요).
2026-09-28 22:13:12.998  INFO   session     메모리에서 핫바 24칸을 읽는 중…
2026-09-28 22:13:13.359  INFO   session     핫바 스캔 완료 · 파워 업@box1/f5, 아머 업@box1/f6, 라이트@box1/f7, 힐@box1/f8, HP 물약@box2/f9, 텔레포트@box1/f10, 마법 공격@box1/f12, 말하는 두루마리@box2/f5, 마더 트리@box2/f6, HP를 MP로@box2/f7
2026-09-28 22:13:13.478  INFO   session     매핑되지 않은 핫바 아이콘: box1/f12:은화살, box2/f10:은화살, box2/f12:SPELL
2026-09-28 22:13:13.503  INFO   session     루프 준비 · 요정 · 한국어 · 맵=말하는 섬 · 룻=전부 줍기 · 구역=구역 1, 구역 3
2026-09-28 22:13:14.357  INFO   session     Entity shadow: vision=14 {'player': 11, 'npc': 3} memory=29 {'player': 22, 'monster': 3, 'npc': 4} paired=11 median=0.034 unleveled=10:경비병,68:경비병
2026-09-28 22:13:14.404  INFO   session     인벤토리 수신 준비 (dll) · hp=79 화살=1119 은화살=0 해독=0
2026-09-28 22:13:14.448  INFO   decision    mode=farming behavior=buff action=buff target=- reason='armor_up' status=success
2026-09-28 22:13:15.234  INFO   decision    mode=farming behavior=talking_scroll action=use_talking_scroll target=- reason='go to shop (sell_garbage)' status=success
2026-09-28 22:13:20.467  INFO   session     Entity shadow: vision=15 {'player': 12, 'npc': 3} memory=35 {'player': 29, 'npc': 4, 'monster': 2} paired=13 median=0.048 unleveled=10:경비병
2026-09-28 22:13:20.899  INFO   decision    mode=farming behavior=shop action=idle target=- reason='waiting for shop landing (sell_garbage)' status=success
2026-09-28 22:13:24.737  INFO   decision    mode=farming behavior=buff action=buff target=- reason='light' status=success
2026-09-28 22:13:25.504  INFO   session     Entity shadow: vision=19 {'player': 17, 'npc': 2} memory=37 {'monster': 2, 'player': 30, 'npc': 5} paired=15 median=0.041 unleveled=319:?,10:경비병
2026-09-28 22:13:25.631  INFO   decision    mode=farming behavior=shop action=idle target=- reason='waiting for shop landing (sell_garbage)' status=success
2026-09-28 22:13:30.673  INFO   session     Entity shadow: vision=15 {'player': 12, 'npc': 3} memory=39 {'player': 32, 'monster': 2, 'npc': 5} paired=12 median=0.054 unleveled=319:?,10:경비병
2026-09-28 22:13:36.334  INFO   session     Entity shadow: vision=17 {'player': 12, 'npc': 5} memory=40 {'player': 33, 'monster': 2, 'npc': 5} paired=12 median=0.040 unleveled=319:?,10:경비병
2026-09-28 22:13:41.408  INFO   session     Entity shadow: vision=15 {'player': 10, 'npc': 3, 'monster': 2} memory=39 {'player': 32, 'monster': 2, 'npc': 5} paired=12 median=0.040 unleveled=10:경비병
2026-09-28 22:13:47.049  INFO   session     Entity shadow: vision=15 {'npc': 3, 'player': 11, 'monster': 1} memory=38 {'player': 31, 'monster': 2, 'npc': 5} paired=12 median=0.038 unleveled=319:?,10:경비병
2026-09-28 22:13:52.111  INFO   session     Entity shadow: vision=19 {'npc': 4, 'player': 14, 'monster': 1} memory=38 {'player': 31, 'monster': 2, 'npc': 5} paired=15 median=0.040 unleveled=319:?,10:경비병
2026-09-28 22:13:56.739  INFO   decision    mode=farming behavior=shop action=idle target=- reason='waiting for shop landing (sell_garbage)' status=success (repeat)
2026-09-28 22:13:57.265  INFO   session     Entity shadow: vision=16 {'player': 11, 'npc': 4, 'monster': 1} memory=39 {'player': 32, 'monster': 2, 'npc': 5} paired=11 median=0.037 unleveled=319:?,10:경비병
2026-09-28 22:14:02.734  INFO   session     Entity shadow: vision=17 {'player': 12, 'monster': 2, 'npc': 3} memory=40 {'player': 33, 'monster': 2, 'npc': 5} paired=14 median=0.054 unleveled=319:?,10:경비병
2026-09-28 22:14:04.637  INFO   session     일시정지 — 단축키
2026-09-28 22:14:47.810  INFO   session     재개 → 실행 중
2026-09-28 22:14:48.389  INFO   session     Entity shadow: vision=17 {'player': 13, 'npc': 3, 'monster': 1} memory=42 {'monster': 3, 'player': 34, 'npc': 5} paired=14 median=0.035 unleveled=207:토끼,319:?,10:경비병
2026-09-28 22:14:53.770  INFO   session     Entity shadow: vision=15 {'monster': 1, 'player': 7, 'npc': 7} memory=29 {'monster': 2, 'player': 23, 'npc': 4} paired=10 median=0.041 unleveled=207:토끼,10:경비병
2026-09-28 22:14:58.827  INFO   session     Entity shadow: vision=12 {'npc': 6, 'player': 6} memory=27 {'monster': 2, 'player': 21, 'npc': 4} paired=9 median=0.034 unleveled=207:토끼,10:경비병
2026-09-28 22:15:04.175  INFO   session     Entity shadow: vision=14 {'player': 8, 'npc': 6} memory=27 {'monster': 2, 'player': 21, 'npc': 4} paired=10 median=0.035 unleveled=207:토끼,10:경비병
2026-09-28 22:15:09.238  INFO   session     Entity shadow: vision=13 {'player': 8, 'npc': 5} memory=28 {'monster': 2, 'player': 22, 'npc': 4} paired=11 median=0.035 unleveled=207:토끼,10:경비병
2026-09-28 22:15:10.590  INFO   decision    mode=farming behavior=shop action=idle target=- reason='waiting for shop landing (sell_garbage)' status=success (repeat)
2026-09-28 22:15:14.730  INFO   session     Entity shadow: vision=15 {'player': 10, 'npc': 5} memory=27 {'player': 22, 'monster': 1, 'npc': 4} paired=13 median=0.044 unleveled=207:토끼
2026-09-28 22:15:19.913  INFO   session     Entity shadow: vision=15 {'player': 11, 'npc': 4} memory=26 {'player': 21, 'monster': 1, 'npc': 4} paired=12 median=0.042 unleveled=207:토끼
2026-09-28 22:15:24.980  INFO   session     Entity shadow: vision=13 {'player': 9, 'npc': 4} memory=24 {'monster': 1, 'player': 19, 'npc': 4} paired=12 median=0.039 unleveled=207:토끼
2026-09-28 22:15:30.008  INFO   session     Entity shadow: vision=13 {'npc': 4, 'player': 9} memory=27 {'player': 22, 'monster': 1, 'npc': 4} paired=12 median=0.038 unleveled=207:토끼
2026-09-28 22:15:35.203  INFO   session     Entity shadow: vision=14 {'player': 10, 'npc': 4} memory=25 {'player': 21, 'npc': 4} paired=12 median=0.035
2026-09-28 22:15:37.922  INFO   decision    mode=farming behavior=shop action=idle target=- reason='waiting for shop landing (sell_garbage)' status=success (repeat)
2026-09-28 22:15:40.559  INFO   session     Entity shadow: vision=15 {'player': 12, 'npc': 3} memory=25 {'player': 21, 'npc': 4} paired=13 median=0.035
2026-09-28 22:15:46.472  INFO   session     Entity shadow: vision=19 {'player': 15, 'npc': 3, 'monster': 1} memory=31 {'player': 26, 'npc': 5} paired=17 median=0.016
2026-09-28 22:15:51.331  INFO   session     Entity shadow: vision=6 {'player': 5, 'npc': 1} memory=23 {'monster': 2, 'player': 18, 'npc': 3} paired=4 median=0.034 unleveled=68:경비병,10:경비병
2026-09-28 22:15:56.953  INFO   session     Entity shadow: vision=6 {'player': 4, 'npc': 2} memory=3 {'player': 1, 'monster': 2} paired=1 median=0.022 unleveled=68:경비병,10:경비병
2026-09-28 22:16:01.840  INFO   session     Entity shadow: vision=5 {'npc': 3, 'player': 2} memory=3 {'player': 1, 'monster': 2} paired=1 median=0.041 unleveled=68:경비병,10:경비병
2026-09-28 22:16:06.487  INFO   decision    mode=farming behavior=shop action=idle target=- reason='waiting for shop landing (sell_garbage)' status=success (repeat)
2026-09-28 22:16:06.896  INFO   session     Entity shadow: vision=3 {'npc': 1, 'player': 2} memory=2 {'monster': 2} paired=0 median=0.000 unleveled=68:경비병,10:경비병
2026-09-28 22:16:12.171  INFO   session     Entity shadow: vision=4 {'npc': 2, 'player': 2} memory=2 {'monster': 2} paired=0 median=0.000 unleveled=68:경비병,10:경비병
2026-09-28 22:16:17.676  INFO   session     Entity shadow: vision=4 {'player': 2, 'npc': 2} memory=2 {'monster': 2} paired=0 median=0.000 unleveled=68:경비병,10:경비병
2026-09-28 22:16:22.834  INFO   session     Entity shadow: vision=4 {'npc': 3, 'player': 1} memory=2 {'monster': 2} paired=0 median=0.000 unleveled=68:경비병,10:경비병
2026-09-28 22:16:28.433  INFO   session     Entity shadow: vision=5 {'npc': 2, 'player': 3} memory=3 {'monster': 3} paired=0 median=0.000 unleveled=10:경비병,68:경비병
2026-09-28 22:16:30.432  INFO   decision    mode=farming behavior=shop action=idle target=- reason='waiting for shop landing (sell_garbage)' status=success (repeat)
2026-09-28 22:16:33.509  INFO   session     Entity shadow: vision=4 {'player': 2, 'npc': 2} memory=3 {'monster': 3} paired=0 median=0.000 unleveled=10:경비병,68:경비병
2026-09-28 22:16:38.942  INFO   session     Entity shadow: vision=5 {'npc': 2, 'player': 3} memory=2 {'monster': 2} paired=0 median=0.000 unleveled=68:경비병,10:경비병
2026-09-28 22:16:44.197  INFO   session     Entity shadow: vision=4 {'player': 2, 'npc': 1, 'monster': 1} memory=3 {'monster': 3} paired=1 median=0.026 unleveled=68:경비병,10:경비병
2026-09-28 22:16:49.245  INFO   session     Entity shadow: vision=4 {'npc': 2, 'player': 1, 'monster': 1} memory=4 {'monster': 4} paired=1 median=0.010 unleveled=10:경비병,68:경비병
2026-09-28 22:16:54.267  INFO   session     Entity shadow: vision=5 {'npc': 2, 'player': 2, 'monster': 1} memory=4 {'monster': 4} paired=1 median=0.010 unleveled=10:경비병,68:경비병
2026-09-28 22:16:55.336  INFO   decision    mode=farming behavior=shop action=idle target=- reason='waiting for shop landing (sell_garbage)' status=success (repeat)
2026-09-28 22:16:59.377  INFO   session     Entity shadow: vision=4 {'npc': 2, 'monster': 1, 'player': 1} memory=4 {'monster': 4} paired=1 median=0.010 unleveled=10:경비병,68:경비병
2026-09-28 22:17:04.814  INFO   session     Entity shadow: vision=3 {'monster': 1, 'npc': 1, 'player': 1} memory=3 {'monster': 3} paired=1 median=0.094 unleveled=10:경비병,68:경비병
2026-09-28 22:17:07.004  INFO   session     정지 → 중지됨
2026-09-28 22:17:07.612  INFO   session     봇 작업이 종료되었습니다
