2026-09-28 05:30:31.291  INFO   session     Loading Manmabot from D:\ManmabotV1_final\engine
2026-09-28 05:30:31.297  INFO   session     Session log D:\ManmabotV1_final\engine\logs\bot-20260928-053031.log
2026-09-28 05:30:31.297  INFO   session     character=elf loot=all_items game_lang=ko map=talking_island farms=['area_1', 'area_3'] file=D:\ManmabotV1_final\engine\logs\bot-20260928-053031.log
2026-09-28 05:30:31.586  INFO   nav         building portal graph (cluster=32, 479x511)
2026-09-28 05:30:31.904  INFO   nav         portal graph: 188 components, 318 ms
2026-09-28 05:30:31.912  INFO   nav         farms=2 safe=11 home=(354, 203) (files farm=D:\ManmabotV1_final\engine\maps\talking_island\farms.yaml safe=D:\ManmabotV1_final\engine\maps\talking_island\safe.yaml home=D:\ManmabotV1_final\engine\maps\talking_island\home.yaml)
2026-09-28 05:30:32.213  INFO   capture     mss window capture process='LC.exe' title=None content_aspect=4:3
2026-09-28 05:30:32.716  INFO   session     Entity clicks use memory names, species, and world cells. Image recognition still runs. Set memory.entity_source to vision to restore image-only clicks.
2026-09-28 05:30:32.733  INFO   session     Player memory is read in this process (realtime_monitor.dll, offsets.json). No separate console.
2026-09-28 05:30:32.745  INFO   session     인벤토리를 백그라운드에서 스캔 중 (inventory_listen.dll 또는 inv.json을 두세요).
2026-09-28 05:30:32.773  INFO   session     메모리에서 핫바 24칸을 읽는 중…
2026-09-28 05:30:32.890  INFO   session     핫바 스캔 완료 · 파워 업@box2/f8, 아머 업@box2/f5, 힐@box1/f10, HP 물약@box1/f8, 텔레포트@box1/f11, 마법 공격@box1/f12, 말하는 두루마리@box1/f5
2026-09-28 05:30:32.916  INFO   session     매핑되지 않은 핫바 아이콘: box1/f6:작은 활 (무장), box1/f7:나무 화살, box1/f9:아데나
2026-09-28 05:30:32.931  INFO   session     루프 준비 · 요정 · 한국어 · 맵=말하는 섬 · 룻=전부 줍기 · 구역=구역 1, 구역 3
2026-09-28 05:30:33.517  INFO   session     Entity shadow: vision=1 {'player': 1} memory=4 {'monster': 4} paired=0 median=0.000 unleveled=189:鹿,206:兔子,208:兔子
2026-09-28 05:30:33.586  INFO   session     인벤토리 수신 준비 (dll) · hp=0 화살=1110 은화살=0 해독=0
2026-09-28 05:30:33.683  INFO   decision    mode=farming behavior=talking_scroll action=use_talking_scroll target=- reason='go to shop (buy_hp_potions_ch_mainland)' status=success
2026-09-28 05:30:37.240  INFO   nav         async nav configure start map=mainland
2026-09-28 05:30:38.858  INFO   session     Entity shadow: vision=38 {'player': 35, 'npc': 2, 'monster': 1} memory=74 {'player': 66, 'npc': 6, 'monster': 2} paired=38 median=0.059 unleveled=319:?
2026-09-28 05:30:39.122  INFO   decision    mode=farming behavior=shop action=shop_stop target=- reason='stop at shop' status=success
2026-09-28 05:30:39.183  INFO   nav         building portal graph (cluster=32, 1755x1414)
2026-09-28 05:30:44.686  INFO   nav         portal graph: 2586 components, 5502 ms
2026-09-28 05:30:44.694  INFO   nav         farms=6 safe=0 home=None (files farm=D:\ManmabotV1_final\engine\maps\mainland\farms.yaml safe=D:\ManmabotV1_final\engine\maps\mainland\safe.yaml home=D:\ManmabotV1_final\engine\maps\mainland\home.yaml)
2026-09-28 05:30:44.694  INFO   nav         async nav configure done map=mainland (7455 ms)
2026-09-28 05:30:44.745  INFO   session     일시정지 — 단축키
2026-09-28 05:30:45.117  INFO   session     Entity shadow: vision=35 {'player': 34, 'monster': 1} memory=80 {'player': 72, 'npc': 6, 'monster': 2} paired=35 median=0.051 unleveled=319:?
2026-09-28 05:32:11.037  INFO   session     재개 → 실행 중
2026-09-28 05:32:11.765  INFO   session     Entity shadow: vision=38 {'player': 35, 'monster': 3} memory=78 {'player': 71, 'npc': 6, 'monster': 1} paired=36 median=0.042 unleveled=319:?
2026-09-28 05:32:12.236  INFO   decision    mode=farming behavior=shop action=shop_buy_arrows target=- reason='shop:buy_hp_potions_ch_mainland' status=success
2026-09-28 05:32:18.971  INFO   session     Entity shadow: vision=39 {'player': 34, 'npc': 1, 'monster': 4} memory=76 {'player': 69, 'npc': 6, 'monster': 1} paired=36 median=0.060 unleveled=319:?
2026-09-28 05:32:19.104  INFO   decision    mode=farming behavior=talking_scroll action=use_talking_scroll target=- reason='return to farm map after shop' status=success
2026-09-28 05:32:22.427  INFO   nav         async nav configure start map=talking_island
2026-09-28 05:32:22.579  INFO   nav         building portal graph (cluster=32, 479x511)
2026-09-28 05:32:22.994  INFO   nav         portal graph: 188 components, 415 ms
2026-09-28 05:32:23.004  INFO   nav         farms=4 safe=11 home=(354, 203) (files farm=D:\ManmabotV1_final\engine\maps\talking_island\farms.yaml safe=D:\ManmabotV1_final\engine\maps\talking_island\safe.yaml home=D:\ManmabotV1_final\engine\maps\talking_island\home.yaml)
2026-09-28 05:32:23.004  INFO   nav         async nav configure done map=talking_island (576 ms)
2026-09-28 05:32:24.098  INFO   session     Entity shadow: vision=43 {'player': 37, 'monster': 2, 'npc': 4} memory=56 {'player': 45, 'npc': 8, 'monster': 3} paired=41 median=0.030 unleveled=319:?,10:警衛,68:警衛
2026-09-28 05:32:24.215  INFO   decision    mode=traveling behavior=traveling action=traveling target=- reason='return to farm after retreat' status=success
2026-09-28 05:32:29.219  INFO   session     Entity shadow: vision=46 {'npc': 6, 'player': 39, 'monster': 1} memory=72 {'player': 67, 'npc': 4, 'monster': 1} paired=39 median=0.061 unleveled=319:?
2026-09-28 05:32:34.301  INFO   session     Entity shadow: vision=36 {'npc': 4, 'monster': 5, 'player': 27} memory=74 {'npc': 4, 'player': 69, 'monster': 1} paired=29 median=0.037 unleveled=319:?
2026-09-28 05:32:37.252  INFO   session     일시정지 — 단축키
2026-09-28 05:33:13.709  INFO   session     재개 → 실행 중
2026-09-28 05:33:14.157  INFO   session     Entity shadow: vision=30 {'npc': 3, 'player': 27} memory=77 {'player': 73, 'npc': 3, 'monster': 1} paired=28 median=0.056 unleveled=319:?
2026-09-28 05:33:14.300  INFO   decision    mode=traveling behavior=unstick action=teleport target=- reason='unstick confined' status=success
2026-09-28 05:33:15.397  INFO   decision    mode=traveling behavior=traveling action=traveling target=- reason='return to farm after retreat' status=success
2026-09-28 05:33:19.293  INFO   session     Entity shadow: vision=10 {'player': 8, 'npc': 2} memory=16 {'monster': 1, 'player': 10, 'npc': 5} paired=9 median=0.016 unleveled=14:青蛙
2026-09-28 05:33:24.492  INFO   session     Entity shadow: vision=5 {'monster': 1, 'player': 3, 'npc': 1} memory=7 {'player': 5, 'monster': 1, 'npc': 1} paired=3 median=0.027 unleveled=68:警衛
2026-09-28 05:33:29.749  INFO   session     Entity shadow: vision=5 {'player': 3, 'npc': 2} memory=6 {'npc': 2, 'monster': 2, 'player': 2} paired=2 median=0.028 unleveled=68:警衛
2026-09-28 05:33:34.227  INFO   decision    mode=traveling behavior=traveling action=traveling target=- reason='return to farm after retreat' status=success (repeat)
2026-09-28 05:33:34.933  INFO   session     Entity shadow: vision=4 {'player': 3, 'npc': 1} memory=4 {'monster': 1, 'player': 2, 'npc': 1} paired=2 median=0.036 unleveled=10:警衛
2026-09-28 05:33:36.009  INFO   decision    mode=traveling behavior=combat action=attack target=234 reason='engage target' status=success
2026-09-28 05:33:40.044  INFO   session     Entity shadow: vision=4 {'player': 1, 'monster': 1, 'npc': 2} memory=4 {'monster': 3, 'npc': 1} paired=1 median=0.021 unleveled=68:警衛,10:警衛
2026-09-28 05:33:41.564  INFO   decision    mode=traveling behavior=traveling action=traveling target=- reason='return to farm after retreat' status=success
2026-09-28 05:33:42.780  INFO   decision    mode=traveling behavior=combat action=attack target=236 reason='engage target' status=success
2026-09-28 05:33:45.459  INFO   session     Entity shadow: vision=5 {'player': 1, 'npc': 2, 'monster': 2} memory=4 {'monster': 4} paired=2 median=0.044 unleveled=68:警衛,10:警衛
2026-09-28 05:33:46.346  INFO   decision    mode=traveling behavior=combat action=attack target=237 reason='engage target' status=success
2026-09-28 05:33:49.398  INFO   decision    mode=traveling behavior=traveling action=traveling target=- reason='return to farm after retreat' status=success
2026-09-28 05:33:49.796  INFO   decision    mode=traveling behavior=loot action=searching target=238 reason='walk onto item' status=success
2026-09-28 05:33:50.693  INFO   session     Entity shadow: vision=6 {'player': 1, 'npc': 3, 'item': 1, 'monster': 1} memory=4 {'monster': 3, 'item': 1} paired=2 median=0.006 unleveled=68:警衛,10:警衛
2026-09-28 05:33:51.273  INFO   decision    mode=traveling behavior=loot action=pickup target=238 reason='loot target' status=success
2026-09-28 05:33:51.705  INFO   decision    mode=traveling behavior=loot action=idle target=- reason='pickup memory gone' status=success
2026-09-28 05:33:53.532  INFO   decision    mode=traveling behavior=traveling action=traveling target=- reason='return to farm after retreat' status=success
2026-09-28 05:33:56.009  INFO   session     Entity shadow: vision=3 {'npc': 1, 'monster': 1, 'player': 1} memory=1 {'monster': 1} paired=1 median=0.032
2026-09-28 05:33:57.353  INFO   decision    mode=traveling behavior=combat action=attack target=239 reason='engage target' status=success
2026-09-28 05:34:01.261  INFO   session     Entity shadow: vision=6 {'monster': 5, 'item': 1} memory=3 {'monster': 3} paired=3 median=0.026
2026-09-28 05:34:01.984  INFO   decision    mode=traveling behavior=loot action=searching target=241 reason='walk onto item' status=success
2026-09-28 05:34:02.840  INFO   decision    mode=traveling behavior=unstick action=teleport target=- reason='unstick confined' status=success
2026-09-28 05:34:04.043  INFO   decision    mode=traveling behavior=loot action=searching target=241 reason='walk onto item' status=success
2026-09-28 05:34:05.258  INFO   decision    mode=traveling behavior=traveling action=traveling target=- reason='return to farm after retreat' status=success
2026-09-28 05:34:06.337  INFO   session     Entity shadow: vision=5 {'player': 2, 'npc': 2, 'item': 1} memory=6 {'player': 1, 'monster': 4, 'item': 1} paired=2 median=0.046 unleveled=210:兔子,10:警衛,68:警衛
2026-09-28 05:34:06.408  INFO   decision    mode=traveling behavior=combat action=attack target=248 reason='engage target' status=success
2026-09-28 05:34:11.688  INFO   session     Entity shadow: vision=5 {'monster': 2, 'player': 2, 'npc': 1} memory=4 {'monster': 3, 'player': 1} paired=3 median=0.013 unleveled=10:警衛
2026-09-28 05:34:12.081  INFO   decision    mode=traveling behavior=combat action=attack target=249 reason='engage target' status=success
2026-09-28 05:34:14.632  INFO   decision    mode=traveling behavior=loot action=searching target=251 reason='walk onto item' status=success
2026-09-28 05:34:16.750  INFO   session     Entity shadow: vision=5 {'npc': 1, 'player': 2, 'item': 2} memory=5 {'item': 2, 'player': 2, 'monster': 1} paired=4 median=0.023 unleveled=10:警衛
2026-09-28 05:34:18.445  INFO   decision    mode=traveling behavior=loot action=searching target=253 reason='walk onto item' status=success
2026-09-28 05:34:20.556  INFO   decision    mode=traveling behavior=traveling action=traveling target=- reason='return to farm after retreat' status=success
2026-09-28 05:34:21.739  INFO   decision    mode=traveling behavior=loot action=searching target=254 reason='walk onto item' status=success
2026-09-28 05:34:22.092  INFO   session     Entity shadow: vision=3 {'player': 2, 'item': 1} memory=4 {'player': 1, 'monster': 2, 'item': 1} paired=2 median=0.014 unleveled=206:兔子,209:兔子
2026-09-28 05:34:27.206  INFO   session     Entity shadow: vision=5 {'player': 1, 'item': 4} memory=6 {'item': 3, 'monster': 3} paired=3 median=0.018 unleveled=210:兔子,206:兔子,209:兔子
2026-09-28 05:34:28.411  INFO   decision    mode=traveling behavior=loot action=pickup target=254 reason='loot target' status=success
2026-09-28 05:34:28.968  INFO   decision    mode=traveling behavior=loot action=idle target=- reason='pickup memory gone' status=success
2026-09-28 05:34:30.151  INFO   decision    mode=traveling behavior=loot action=searching target=257 reason='walk onto item' status=success
2026-09-28 05:34:32.229  INFO   session     Entity shadow: vision=5 {'player': 1, 'item': 3, 'npc': 1} memory=7 {'monster': 4, 'item': 3} paired=3 median=0.008 unleveled=209:兔子,10:警衛,210:兔子,206:兔子
2026-09-28 05:34:32.670  INFO   decision    mode=traveling behavior=loot action=pickup target=257 reason='loot target' status=success
2026-09-28 05:34:33.200  INFO   decision    mode=traveling behavior=loot action=idle target=- reason='pickup memory gone' status=success
2026-09-28 05:34:34.631  INFO   decision    mode=traveling behavior=loot action=searching target=259 reason='walk onto item' status=success
2026-09-28 05:34:35.568  INFO   decision    mode=traveling behavior=loot action=pickup target=259 reason='loot target' status=success
2026-09-28 05:34:36.108  INFO   decision    mode=traveling behavior=loot action=idle target=- reason='pickup memory gone' status=success
2026-09-28 05:34:37.245  INFO   decision    mode=traveling behavior=loot action=searching target=260 reason='walk onto item' status=success
2026-09-28 05:34:37.565  INFO   session     Entity shadow: vision=3 {'player': 1, 'item': 1, 'npc': 1} memory=5 {'monster': 4, 'item': 1} paired=1 median=0.026 unleveled=210:兔子,189:鹿,68:警衛
2026-09-28 05:34:42.559  INFO   decision    mode=traveling behavior=loot action=pickup target=260 reason='loot target' status=success
2026-09-28 05:34:43.027  INFO   session     Entity shadow: vision=4 {'player': 1, 'item': 1, 'npc': 2} memory=5 {'monster': 4, 'item': 1} paired=1 median=0.035 unleveled=209:兔子,189:鹿,68:警衛,10:警衛
2026-09-28 05:34:43.075  INFO   decision    mode=traveling behavior=loot action=idle target=- reason='pickup memory gone' status=success
2026-09-28 05:34:44.160  INFO   decision    mode=traveling behavior=traveling action=traveling target=- reason='return to farm after retreat' status=success
2026-09-28 05:34:48.134  INFO   session     Entity shadow: vision=2 {'player': 1, 'npc': 1} memory=1 {'monster': 1} paired=0 median=0.000 unleveled=189:鹿
2026-09-28 05:34:53.288  INFO   session     Entity shadow: vision=1 {'player': 1} memory=1 {'monster': 1} paired=0 median=0.000 unleveled=189:鹿
2026-09-28 05:34:58.086  INFO   decision    mode=traveling behavior=traveling action=traveling target=- reason='return to farm after retreat' status=success (repeat)
2026-09-28 05:34:58.511  INFO   session     Entity shadow: vision=1 {'player': 1} memory=1 {'monster': 1} paired=0 median=0.000 unleveled=189:鹿
2026-09-28 05:35:01.081  INFO   decision    mode=traveling behavior=loot action=searching target=273 reason='walk onto item' status=success
2026-09-28 05:35:03.659  INFO   session     Entity shadow: vision=3 {'npc': 1, 'item': 2} memory=3 {'monster': 1, 'item': 2} paired=2 median=0.012 unleveled=189:鹿
2026-09-28 05:35:05.607  INFO   decision    mode=traveling behavior=combat action=attack target=275 reason='engage target' status=success
2026-09-28 05:35:08.687  INFO   session     Entity shadow: vision=3 {'item': 2, 'player': 1} memory=4 {'monster': 2, 'item': 2} paired=2 median=0.008 unleveled=189:鹿
2026-09-28 05:35:09.947  INFO   decision    mode=traveling behavior=loot action=pickup target=276 reason='engage item' status=success
2026-09-28 05:35:10.440  INFO   decision    mode=traveling behavior=loot action=idle target=- reason='pickup memory gone' status=success
2026-09-28 05:35:12.350  INFO   decision    mode=traveling behavior=traveling action=traveling target=- reason='return to farm after retreat' status=success
2026-09-28 05:35:12.716  INFO   decision    mode=traveling behavior=loot action=pickup target=276 reason='engage item' status=success
2026-09-28 05:35:13.189  INFO   decision    mode=traveling behavior=loot action=idle target=- reason='pickup memory gone' status=success
2026-09-28 05:35:13.717  INFO   session     Entity shadow: vision=4 {'player': 1, 'item': 3} memory=3 {'item': 3} paired=3 median=0.011
2026-09-28 05:35:15.027  INFO   decision    mode=traveling behavior=loot action=pickup target=276 reason='engage item' status=success
2026-09-28 05:35:15.428  INFO   decision    mode=traveling behavior=loot action=idle target=- reason='pickup memory gone' status=success
2026-09-28 05:35:15.686  INFO   decision    mode=traveling behavior=traveling action=traveling target=- reason='return to farm after retreat' status=success
2026-09-28 05:35:18.810  INFO   session     Entity shadow: vision=3 {'player': 1, 'item': 2} memory=2 {'item': 2} paired=2 median=0.031
2026-09-28 05:35:19.127  INFO   decision    mode=traveling behavior=combat action=attack target=278 reason='engage target' status=success
2026-09-28 05:35:21.643  INFO   decision    mode=traveling behavior=traveling action=traveling target=- reason='return to farm after retreat' status=success
2026-09-28 05:35:24.086  INFO   session     Entity shadow: vision=2 {'player': 1, 'item': 1} memory=2 {'monster': 1, 'item': 1} paired=1 median=0.010
2026-09-28 05:35:24.399  INFO   decision    mode=traveling behavior=combat action=attack target=279 reason='engage target' status=success
2026-09-28 05:35:26.655  INFO   decision    mode=traveling behavior=combat action=attack target=281 reason='engage target' status=success
2026-09-28 05:35:29.416  INFO   session     Entity shadow: vision=3 {'monster': 1, 'item': 1, 'player': 1} memory=4 {'monster': 3, 'item': 1} paired=1 median=0.013 unleveled=189:鹿
2026-09-28 05:35:32.613  INFO   decision    mode=traveling behavior=loot action=searching target=284 reason='walk onto item' status=success
2026-09-28 05:35:34.604  INFO   session     Entity shadow: vision=4 {'monster': 1, 'item': 1, 'player': 2} memory=4 {'monster': 2, 'item': 2} paired=1 median=0.013 unleveled=208:兔子
2026-09-28 05:35:39.747  INFO   session     Entity shadow: vision=3 {'player': 1, 'item': 2} memory=3 {'item': 2, 'monster': 1} paired=2 median=0.032
2026-09-28 05:35:41.606  INFO   decision    mode=traveling behavior=loot action=pickup target=284 reason='loot target' status=success
2026-09-28 05:35:42.234  INFO   decision    mode=traveling behavior=loot action=idle target=- reason='pickup memory gone' status=success
2026-09-28 05:35:43.260  INFO   decision    mode=traveling behavior=traveling action=traveling target=- reason='return to farm after retreat' status=success
2026-09-28 05:35:44.823  INFO   session     Entity shadow: vision=1 {'item': 1} memory=3 {'monster': 2, 'item': 1} paired=1 median=0.038 unleveled=208:兔子
2026-09-28 05:35:50.140  INFO   session     Entity shadow: vision=1 {'player': 1} memory=3 {'monster': 3} paired=0 median=0.000 unleveled=211:兔子,208:兔子
2026-09-28 05:35:50.697  INFO   decision    mode=traveling behavior=loot action=searching target=290 reason='walk onto item' status=success
2026-09-28 05:35:55.499  INFO   session     Entity shadow: vision=3 {'monster': 2, 'item': 1} memory=5 {'monster': 4, 'item': 1} paired=2 median=0.018 unleveled=211:兔子,14:青蛙,208:兔子
2026-09-28 05:35:59.100  INFO   decision    mode=traveling behavior=loot action=pickup target=290 reason='loot target' status=success
2026-09-28 05:35:59.581  INFO   decision    mode=traveling behavior=loot action=idle target=- reason='pickup memory gone' status=success
2026-09-28 05:36:00.597  INFO   session     Entity shadow: vision=2 {'player': 1, 'monster': 1} memory=3 {'monster': 2, 'item': 1} paired=1 median=0.011 unleveled=14:青蛙
2026-09-28 05:36:00.894  INFO   decision    mode=traveling behavior=traveling action=traveling target=- reason='return to farm after retreat' status=success
2026-09-28 05:36:05.695  INFO   session     Entity shadow: vision=1 {'monster': 1} memory=3 {'monster': 3} paired=1 median=0.031 unleveled=14:青蛙,189:鹿
2026-09-28 05:36:10.737  INFO   session     Entity shadow: vision=1 {'player': 1} memory=2 {'monster': 2} paired=0 median=0.000 unleveled=14:青蛙,189:鹿
2026-09-28 05:36:15.180  INFO   decision    mode=traveling behavior=traveling action=traveling target=- reason='return to farm after retreat' status=success (repeat)
2026-09-28 05:36:16.187  INFO   session     Entity shadow: vision=3 {'player': 1, 'npc': 2} memory=2 {'monster': 2} paired=0 median=0.000 unleveled=189:鹿,10:警衛
2026-09-28 05:36:21.313  INFO   session     Entity shadow: vision=2 {'player': 1, 'npc': 1} memory=2 {'monster': 2} paired=0 median=0.000 unleveled=189:鹿,68:警衛
2026-09-28 05:36:26.650  INFO   session     Entity shadow: vision=2 {'player': 1, 'npc': 1} memory=2 {'monster': 2} paired=0 median=0.000 unleveled=14:青蛙,68:警衛
2026-09-28 05:36:27.204  INFO   session     일시정지 — 단축키
2026-09-28 05:36:34.012  INFO   session     정지 → 중지됨
2026-09-28 05:36:34.201  INFO   session     봇 작업이 종료되었습니다
