2026-09-27 18:19:21.322  INFO   session     Loading Manmabot from D:\ManmabotV1_final\engine
2026-09-27 18:19:21.328  INFO   session     Session log D:\ManmabotV1_final\engine\logs\bot-20260927-181921.log
2026-09-27 18:19:21.328  INFO   session     character=elf loot=all_items game_lang=ko map=talking_island farms=['area_1', 'area_2', 'area_3', 'area_4'] file=D:\ManmabotV1_final\engine\logs\bot-20260927-181921.log
2026-09-27 18:19:21.613  INFO   nav         building portal graph (cluster=32, 479x511)
2026-09-27 18:19:21.995  INFO   nav         portal graph: 188 components, 382 ms
2026-09-27 18:19:22.002  INFO   nav         farms=4 safe=11 home=(354, 203) (files farm=D:\ManmabotV1_final\engine\maps\talking_island\farms.yaml safe=D:\ManmabotV1_final\engine\maps\talking_island\safe.yaml home=D:\ManmabotV1_final\engine\maps\talking_island\home.yaml)
2026-09-27 18:19:22.257  INFO   capture     mss window capture process='LC.exe' title=None content_aspect=4:3
2026-09-27 18:19:22.753  INFO   session     Entity clicks use memory names, species, and world cells. Image recognition still runs. Set memory.entity_source to vision to restore image-only clicks.
2026-09-27 18:19:22.770  INFO   session     Player memory is read in this process (realtime_monitor.dll, offsets.json). No separate console.
2026-09-27 18:19:22.782  INFO   session     Inventory listen scanning in background (inventory_listen.dll or place inv.json).
2026-09-27 18:19:22.791  INFO   session     Reading hotbar from memory (24 slots)…
2026-09-27 18:19:22.863  INFO   session     Hotbar scan done · Power-up@box1/f5, Armor-up@box1/f6, Light@box1/f7, Heal@box1/f8, HP potion@box1/f9, Teleport@box1/f10, Mage attack@box1/f11, Talking scroll@box1/f5, Mother tree@box2/f6, HP to MP@box2/f7
2026-09-27 18:19:22.887  INFO   session     Loop ready · Elf · Korean · map=Talking Island · loot=Pick up everything · farms=Area 1, Area 2, Area 3, Area 4
2026-09-27 18:19:23.456  INFO   session     Entity shadow: vision=2 {'player': 1, 'npc': 1} memory=1 {'npc': 1} paired=1 median=0.026
2026-09-27 18:19:23.476  INFO   session     Inventory listen ready (dll) · hp=0 arrows=785 silver=0 depoison=0
2026-09-27 18:19:23.501  INFO   decision    mode=farming behavior=buff action=buff target=- reason='armor_up' status=success
2026-09-27 18:19:24.129  INFO   decision    mode=traveling behavior=traveling action=traveling target=- reason='enter farm area' status=success
2026-09-27 18:19:28.648  INFO   session     Entity shadow: vision=2 {'player': 1, 'npc': 1} memory=2 {'monster': 1, 'npc': 1} paired=1 median=0.011 unleveled=189:鹿
2026-09-27 18:19:33.558  INFO   decision    mode=traveling behavior=buff action=buff target=- reason='light' status=success
2026-09-27 18:19:34.075  INFO   session     Entity shadow: vision=1 {'player': 1} memory=1 {'monster': 1} paired=0 median=0.000 unleveled=189:鹿
2026-09-27 18:19:34.107  INFO   decision    mode=traveling behavior=traveling action=traveling target=- reason='enter farm area' status=success
2026-09-27 18:19:39.361  INFO   session     Entity shadow: vision=1 {'player': 1} memory=2 {'monster': 2} paired=0 median=0.000 unleveled=189:鹿
2026-09-27 18:19:39.439  INFO   decision    mode=traveling behavior=combat action=attack target=3 reason='engage target' status=success
2026-09-27 18:19:41.827  INFO   decision    mode=traveling behavior=dismiss_level_up action=dismiss_level_up target=- reason='level up, close dialog' status=success
2026-09-27 18:19:42.580  INFO   decision    mode=traveling behavior=combat action=attack target=3 reason='attack target' status=success
2026-09-27 18:19:43.147  INFO   decision    mode=traveling behavior=traveling action=traveling target=- reason='enter farm area' status=success
2026-09-27 18:19:44.513  INFO   session     Entity shadow: vision=1 {'player': 1} memory=0 {} paired=0 median=0.000
2026-09-27 18:19:49.517  INFO   session     Entity shadow: vision=1 {'player': 1} memory=2 {'monster': 2} paired=0 median=0.000
2026-09-27 18:19:51.835  INFO   decision    mode=traveling behavior=combat action=attack target=7 reason='engage target' status=success
2026-09-27 18:19:54.561  INFO   session     Entity shadow: vision=3 {'player': 1, 'monster': 2} memory=6 {'monster': 6} paired=2 median=0.054 unleveled=208:兔子
2026-09-27 18:19:56.923  INFO   decision    mode=traveling behavior=combat action=searching target=- reason='unstick blocked attack' status=success
2026-09-27 18:19:57.318  INFO   decision    mode=traveling behavior=combat action=idle target=- reason='no behavior produced an intent' status=success
2026-09-27 18:19:57.603  INFO   decision    mode=traveling behavior=combat action=searching target=- reason='unstick blocked attack' status=success
2026-09-27 18:19:58.361  INFO   decision    mode=traveling behavior=combat action=idle target=- reason='no behavior produced an intent' status=success
2026-09-27 18:19:58.661  INFO   decision    mode=traveling behavior=combat action=searching target=- reason='unstick blocked attack' status=success
2026-09-27 18:19:59.041  INFO   decision    mode=traveling behavior=combat action=idle target=- reason='no behavior produced an intent' status=success
2026-09-27 18:19:59.329  INFO   decision    mode=traveling behavior=combat action=searching target=- reason='unstick blocked attack' status=success
2026-09-27 18:19:59.681  INFO   session     Entity shadow: vision=2 {'player': 1, 'monster': 1} memory=4 {'monster': 4} paired=1 median=0.031 unleveled=10:警衛
2026-09-27 18:19:59.790  INFO   decision    mode=traveling behavior=combat action=idle target=- reason='no behavior produced an intent' status=success
2026-09-27 18:20:00.078  INFO   decision    mode=traveling behavior=combat action=searching target=- reason='unstick blocked attack' status=success
2026-09-27 18:20:00.487  INFO   decision    mode=traveling behavior=combat action=idle target=- reason='no behavior produced an intent' status=success
2026-09-27 18:20:00.815  INFO   decision    mode=traveling behavior=combat action=searching target=- reason='unstick blocked attack' status=success
2026-09-27 18:20:01.689  INFO   decision    mode=traveling behavior=combat action=attack target=7 reason='attack target' status=success
2026-09-27 18:20:04.731  INFO   session     Entity shadow: vision=2 {'item': 1, 'player': 1} memory=6 {'monster': 5, 'item': 1} paired=1 median=0.020 unleveled=208:兔子,14:青蛙
2026-09-27 18:20:05.517  INFO   decision    mode=traveling behavior=loot action=searching target=14 reason='walk onto item' status=success
2026-09-27 18:20:09.735  INFO   session     Entity shadow: vision=7 {'player': 1, 'monster': 5, 'item': 1} memory=4 {'monster': 3, 'item': 1} paired=3 median=0.017 unleveled=14:青蛙
2026-09-27 18:20:14.389  INFO   decision    mode=traveling behavior=combat action=attack target=20 reason='engage target' status=success
2026-09-27 18:20:15.038  INFO   session     Entity shadow: vision=7 {'player': 1, 'monster': 5, 'item': 1} memory=8 {'monster': 8} paired=5 median=0.023 unleveled=189:鹿,14:青蛙
2026-09-27 18:20:17.490  INFO   decision    mode=traveling behavior=loot action=pickup target=24 reason='engage item' status=success
2026-09-27 18:20:17.970  INFO   decision    mode=traveling behavior=loot action=idle target=- reason='pickup settle' status=success
2026-09-27 18:20:18.275  INFO   decision    mode=traveling behavior=combat action=attack target=23 reason='engage target' status=success
2026-09-27 18:20:20.050  INFO   session     Entity shadow: vision=5 {'player': 1, 'monster': 4} memory=7 {'monster': 7} paired=4 median=0.028 unleveled=189:鹿,14:青蛙
2026-09-27 18:20:21.599  INFO   decision    mode=traveling behavior=combat action=searching target=- reason='unstick blocked attack' status=success
2026-09-27 18:20:22.021  INFO   decision    mode=traveling behavior=combat action=idle target=- reason='no behavior produced an intent' status=success
2026-09-27 18:20:22.407  INFO   decision    mode=traveling behavior=combat action=searching target=- reason='unstick blocked attack' status=success
2026-09-27 18:20:22.840  INFO   decision    mode=traveling behavior=combat action=attack target=23 reason='attack target' status=success
2026-09-27 18:20:24.711  INFO   decision    mode=traveling behavior=loot action=searching target=27 reason='walk onto item' status=success
2026-09-27 18:20:25.084  INFO   session     Entity shadow: vision=4 {'item': 1, 'monster': 3} memory=8 {'monster': 7, 'item': 1} paired=4 median=0.015 unleveled=189:鹿
2026-09-27 18:20:25.756  INFO   decision    mode=traveling behavior=combat action=attack target=16 reason='engage target' status=success
2026-09-27 18:20:27.307  INFO   decision    mode=traveling behavior=combat action=attack target=25 reason='attack target' status=success
2026-09-27 18:20:30.174  INFO   session     Entity shadow: vision=6 {'item': 1, 'monster': 4, 'player': 1} memory=9 {'monster': 8, 'item': 1} paired=5 median=0.016 unleveled=14:青蛙,189:鹿
2026-09-27 18:20:31.777  INFO   decision    mode=traveling behavior=loot action=pickup target=29 reason='engage item' status=success
2026-09-27 18:20:32.853  INFO   decision    mode=traveling behavior=combat action=attack target=22 reason='engage target' status=success
2026-09-27 18:20:33.454  INFO   decision    mode=traveling behavior=heal action=heal target=- reason='recover hp' status=success
2026-09-27 18:20:35.497  INFO   session     Entity shadow: vision=5 {'item': 1, 'monster': 3, 'player': 1} memory=9 {'monster': 7, 'item': 2} paired=4 median=0.016 unleveled=189:鹿,14:青蛙
2026-09-27 18:20:38.654  INFO   decision    mode=traveling behavior=? action=idle target=- reason='waiting for respawn' status=success
2026-09-27 18:20:40.620  INFO   session     Entity shadow: vision=6 {'player': 1, 'monster': 4, 'item': 1} memory=9 {'monster': 7, 'item': 2} paired=5 median=0.016 unleveled=189:鹿,14:青蛙
2026-09-27 18:20:40.904  INFO   decision    mode=traveling behavior=respawn action=respawn target=- reason='death confirmed, restart' status=success
2026-09-27 18:20:41.410  INFO   decision    mode=traveling behavior=? action=idle target=- reason='waiting for respawn' status=success
2026-09-27 18:20:43.627  INFO   decision    mode=traveling behavior=heal action=heal target=- reason='recover hp' status=success
2026-09-27 18:20:45.755  INFO   session     Entity shadow: vision=28 {'player': 25, 'npc': 1, 'monster': 2} memory=69 {'player': 67, 'npc': 2} paired=24 median=0.031
2026-09-27 18:20:51.328  INFO   session     Entity shadow: vision=26 {'monster': 2, 'npc': 1, 'player': 23} memory=69 {'player': 67, 'npc': 2} paired=22 median=0.054
2026-09-27 18:20:56.934  INFO   session     Entity shadow: vision=24 {'player': 21, 'npc': 1, 'monster': 2} memory=72 {'player': 69, 'npc': 2, 'monster': 1} paired=20 median=0.043 unleveled=319:?
2026-09-27 18:21:02.300  INFO   session     Entity shadow: vision=26 {'player': 20, 'monster': 5, 'npc': 1} memory=71 {'player': 68, 'npc': 2, 'monster': 1} paired=19 median=0.055 unleveled=319:?
2026-09-27 18:21:07.811  INFO   session     Entity shadow: vision=27 {'player': 23, 'npc': 1, 'monster': 3} memory=70 {'player': 67, 'npc': 2, 'monster': 1} paired=23 median=0.048 unleveled=319:?
2026-09-27 18:21:13.376  INFO   session     Entity shadow: vision=25 {'npc': 2, 'player': 21, 'monster': 2} memory=71 {'player': 68, 'npc': 2, 'monster': 1} paired=20 median=0.064 unleveled=319:?
2026-09-27 18:21:16.809  INFO   decision    mode=traveling behavior=traveling action=traveling target=- reason='enter farm area' status=success
2026-09-27 18:21:18.626  INFO   session     Entity shadow: vision=23 {'player': 21, 'monster': 1, 'npc': 1} memory=71 {'player': 66, 'monster': 2, 'npc': 3} paired=22 median=0.064 unleveled=14:青蛙,319:?
2026-09-27 18:21:23.547  INFO   decision    mode=traveling behavior=loot action=searching target=133 reason='walk onto item' status=success
2026-09-27 18:21:24.265  INFO   session     Entity shadow: vision=17 {'player': 13, 'monster': 2, 'item': 1, 'npc': 1} memory=55 {'npc': 6, 'player': 47, 'monster': 1, 'item': 1} paired=13 median=0.075 unleveled=14:青蛙
2026-09-27 18:21:29.089  INFO   decision    mode=traveling behavior=loot action=pickup target=133 reason='loot target' status=success
2026-09-27 18:21:29.777  INFO   session     Entity shadow: vision=12 {'player': 9, 'npc': 1, 'item': 1, 'monster': 1} memory=14 {'npc': 4, 'monster': 1, 'player': 8, 'item': 1} paired=8 median=0.040 unleveled=14:青蛙
2026-09-27 18:21:29.835  INFO   decision    mode=traveling behavior=traveling action=traveling target=- reason='enter farm area' status=success
2026-09-27 18:21:35.092  INFO   session     Entity shadow: vision=6 {'monster': 1, 'npc': 1, 'player': 4} memory=8 {'player': 5, 'npc': 3} paired=4 median=0.059
2026-09-27 18:21:38.588  INFO   decision    mode=farming behavior=talking_scroll action=use_talking_scroll target=- reason='respawn, 마법서 상인' status=success
2026-09-27 18:21:39.553  INFO   decision    mode=farming behavior=enter_farm action=idle target=- reason='enter farm, path blocked' status=success
2026-09-27 18:21:40.304  INFO   session     Entity shadow: vision=2 {'npc': 1, 'player': 1} memory=3 {'player': 2, 'npc': 1} paired=2 median=0.028
2026-09-27 18:21:41.179  INFO   decision    mode=farming behavior=combat action=attack target=145 reason='engage target' status=success
2026-09-27 18:21:45.708  INFO   session     Entity shadow: vision=6 {'npc': 2, 'item': 1, 'monster': 2, 'player': 1} memory=8 {'monster': 4, 'item': 1, 'npc': 3} paired=3 median=0.026 unleveled=68:警衛,10:警衛
2026-09-27 18:21:45.757  INFO   decision    mode=farming behavior=combat action=searching target=- reason='unstick blocked attack' status=success
2026-09-27 18:21:46.147  INFO   decision    mode=farming behavior=combat action=idle target=- reason='no behavior produced an intent' status=success
2026-09-27 18:21:46.561  INFO   decision    mode=farming behavior=combat action=searching target=- reason='unstick blocked attack' status=success
2026-09-27 18:21:47.078  INFO   decision    mode=farming behavior=combat action=attack target=144 reason='attack target' status=success
2026-09-27 18:21:50.709  INFO   session     Entity shadow: vision=5 {'item': 1, 'npc': 2, 'player': 1, 'monster': 1} memory=7 {'monster': 3, 'item': 1, 'npc': 3} paired=2 median=0.025 unleveled=68:警衛,10:警衛
2026-09-27 18:21:52.202  INFO   decision    mode=farming behavior=heal action=heal target=- reason='recover hp' status=success
2026-09-27 18:21:56.115  INFO   session     Entity shadow: vision=5 {'item': 1, 'npc': 2, 'monster': 1, 'player': 1} memory=7 {'monster': 3, 'item': 1, 'npc': 3} paired=2 median=0.017 unleveled=68:警衛,10:警衛
2026-09-27 18:22:01.976  INFO   session     Entity shadow: vision=5 {'item': 1, 'npc': 2, 'player': 1, 'monster': 1} memory=7 {'monster': 3, 'item': 1, 'npc': 3} paired=2 median=0.015 unleveled=68:警衛,10:警衛
2026-09-27 18:22:04.473  INFO   session     Paused — hotkey
2026-09-27 18:22:07.166  INFO   session     Resume → Running
2026-09-27 18:22:07.501  INFO   session     Entity shadow: vision=5 {'item': 1, 'npc': 2, 'monster': 1, 'player': 1} memory=7 {'monster': 3, 'item': 1, 'npc': 3} paired=2 median=0.017 unleveled=68:警衛,10:警衛
2026-09-27 18:22:13.378  INFO   session     Entity shadow: vision=6 {'item': 1, 'npc': 3, 'player': 1, 'monster': 1} memory=7 {'monster': 3, 'item': 1, 'npc': 3} paired=2 median=0.023 unleveled=68:警衛,10:警衛
2026-09-27 18:22:15.467  INFO   decision    mode=farming behavior=? action=idle target=- reason='waiting for respawn' status=success
2026-09-27 18:22:17.674  INFO   decision    mode=farming behavior=respawn action=respawn target=- reason='death confirmed, restart' status=success
2026-09-27 18:22:18.052  INFO   decision    mode=farming behavior=? action=idle target=- reason='waiting for respawn' status=success
2026-09-27 18:22:18.577  INFO   session     Entity shadow: vision=4 {'item': 1, 'npc': 2, 'monster': 1} memory=7 {'monster': 3, 'item': 1, 'npc': 3} paired=2 median=0.038 unleveled=68:警衛,10:警衛
2026-09-27 18:22:19.973  INFO   decision    mode=farming behavior=heal action=heal target=- reason='recover hp' status=success
2026-09-27 18:22:24.049  INFO   session     Entity shadow: vision=28 {'player': 21, 'npc': 3, 'monster': 4} memory=56 {'npc': 7, 'player': 47, 'monster': 2} paired=23 median=0.028 unleveled=207:兔子,206:兔子
2026-09-27 18:22:29.787  INFO   session     Entity shadow: vision=29 {'player': 24, 'npc': 4, 'monster': 1} memory=57 {'player': 47, 'monster': 3, 'npc': 7} paired=26 median=0.039 unleveled=206:兔子,10:警衛,207:兔子
2026-09-27 18:22:35.528  INFO   session     Entity shadow: vision=23 {'player': 20, 'monster': 1, 'npc': 2} memory=54 {'player': 45, 'monster': 2, 'npc': 7} paired=21 median=0.034 unleveled=207:兔子,206:兔子
2026-09-27 18:22:41.367  INFO   session     Entity shadow: vision=25 {'player': 19, 'npc': 2, 'monster': 4} memory=54 {'monster': 2, 'player': 45, 'npc': 7} paired=20 median=0.034 unleveled=206:兔子,207:兔子
2026-09-27 18:22:47.256  INFO   session     Entity shadow: vision=30 {'player': 25, 'npc': 2, 'monster': 3} memory=50 {'player': 43, 'npc': 7} paired=22 median=0.025
2026-09-27 18:22:52.737  INFO   session     Entity shadow: vision=25 {'player': 19, 'npc': 2, 'monster': 4} memory=46 {'player': 39, 'npc': 7} paired=19 median=0.022
2026-09-27 18:22:55.053  INFO   decision    mode=farming behavior=talking_scroll action=use_talking_scroll target=- reason='respawn, 마법서 상인' status=success
2026-09-27 18:22:56.251  INFO   decision    mode=traveling behavior=traveling action=traveling target=- reason='enter farm area' status=success
2026-09-27 18:22:56.741  INFO   decision    mode=traveling behavior=loot action=searching target=226 reason='walk onto item' status=success
2026-09-27 18:22:58.039  INFO   session     Entity shadow: vision=5 {'player': 1, 'npc': 2, 'item': 1, 'monster': 1} memory=7 {'item': 1, 'monster': 3, 'npc': 3} paired=2 median=0.028 unleveled=68:警衛,10:警衛
2026-09-27 18:22:59.895  INFO   decision    mode=traveling behavior=loot action=pickup target=226 reason='loot target' status=success
2026-09-27 18:23:00.375  INFO   decision    mode=traveling behavior=loot action=idle target=- reason='pickup settle' status=success
2026-09-27 18:23:00.675  INFO   decision    mode=traveling behavior=loot action=searching target=235 reason='walk onto item' status=success
2026-09-27 18:23:03.214  INFO   session     Entity shadow: vision=6 {'npc': 1, 'monster': 2, 'player': 2, 'item': 1} memory=6 {'monster': 3, 'player': 1, 'item': 1, 'npc': 1} paired=3 median=0.022 unleveled=10:警衛
2026-09-27 18:23:05.419  INFO   decision    mode=traveling behavior=traveling action=traveling target=- reason='enter farm area' status=success
2026-09-27 18:23:08.218  INFO   session     Entity shadow: vision=2 {'player': 1, 'monster': 1} memory=3 {'monster': 2, 'player': 1} paired=1 median=0.014
2026-09-27 18:23:12.658  INFO   decision    mode=traveling behavior=loot action=searching target=240 reason='walk onto item' status=success
2026-09-27 18:23:13.385  INFO   session     Entity shadow: vision=4 {'player': 2, 'item': 1, 'monster': 1} memory=5 {'monster': 3, 'player': 1, 'item': 1} paired=3 median=0.051
2026-09-27 18:23:16.635  INFO   decision    mode=traveling behavior=traveling action=traveling target=- reason='enter farm area' status=success
2026-09-27 18:23:18.469  INFO   session     Entity shadow: vision=3 {'player': 3} memory=5 {'monster': 4, 'player': 1} paired=1 median=0.034
2026-09-27 18:23:19.298  INFO   decision    mode=traveling behavior=loot action=pickup target=243 reason='engage item' status=success
2026-09-27 18:23:19.748  INFO   decision    mode=traveling behavior=loot action=idle target=- reason='pickup settle' status=success
2026-09-27 18:23:20.035  INFO   decision    mode=traveling behavior=loot action=pickup target=244 reason='engage item' status=success
2026-09-27 18:23:20.545  INFO   decision    mode=traveling behavior=loot action=idle target=- reason='pickup settle' status=success
2026-09-27 18:23:20.872  INFO   decision    mode=farming behavior=enter_farm action=idle target=- reason='enter farm, path blocked' status=success
2026-09-27 18:23:22.769  INFO   decision    mode=farming behavior=loot action=pickup target=244 reason='engage item' status=success
2026-09-27 18:23:23.253  INFO   decision    mode=farming behavior=loot action=idle target=- reason='pickup settle' status=success
2026-09-27 18:23:23.571  INFO   session     Entity shadow: vision=3 {'item': 1, 'monster': 2} memory=6 {'monster': 4, 'player': 1, 'item': 1} paired=2 median=0.015
2026-09-27 18:23:23.612  INFO   decision    mode=farming behavior=enter_farm action=idle target=- reason='enter farm, path blocked' status=success
2026-09-27 18:23:25.690  INFO   decision    mode=farming behavior=loot action=pickup target=244 reason='engage item' status=success
2026-09-27 18:23:26.189  INFO   decision    mode=farming behavior=loot action=idle target=- reason='pickup settle' status=success
2026-09-27 18:23:26.492  INFO   decision    mode=farming behavior=enter_farm action=idle target=- reason='enter farm, path blocked' status=success
2026-09-27 18:23:26.779  INFO   decision    mode=farming behavior=combat action=attack target=245 reason='engage target' status=success
2026-09-27 18:23:28.845  INFO   session     Entity shadow: vision=3 {'item': 1, 'player': 1, 'monster': 1} memory=6 {'monster': 4, 'player': 1, 'item': 1} paired=3 median=0.072
2026-09-27 18:23:31.536  INFO   decision    mode=farming behavior=loot action=pickup target=244 reason='engage item' status=success
2026-09-27 18:23:31.979  INFO   decision    mode=farming behavior=loot action=idle target=- reason='pickup settle' status=success
2026-09-27 18:23:32.285  INFO   decision    mode=farming behavior=loot action=pickup target=247 reason='engage item' status=success
2026-09-27 18:23:32.762  INFO   decision    mode=farming behavior=enter_farm action=idle target=- reason='enter farm, path blocked' status=success
2026-09-27 18:23:33.957  INFO   session     Entity shadow: vision=2 {'player': 1, 'monster': 1} memory=3 {'monster': 2, 'player': 1} paired=2 median=0.103
2026-09-27 18:23:39.184  INFO   session     Entity shadow: vision=1 {'player': 1} memory=3 {'monster': 2, 'player': 1} paired=0 median=0.000
2026-09-27 18:23:44.306  INFO   session     Entity shadow: vision=3 {'monster': 2, 'player': 1} memory=2 {'monster': 1, 'player': 1} paired=1 median=0.026
2026-09-27 18:23:48.153  INFO   decision    mode=farming behavior=enter_farm action=idle target=- reason='enter farm, path blocked' status=success (repeat)
2026-09-27 18:23:49.561  INFO   session     Entity shadow: vision=2 {'monster': 1, 'player': 1} memory=2 {'player': 1, 'monster': 1} paired=1 median=0.015
2026-09-27 18:23:54.645  INFO   session     Entity shadow: vision=3 {'monster': 1, 'player': 2} memory=2 {'player': 1, 'monster': 1} paired=2 median=0.015
2026-09-27 18:23:59.812  INFO   session     Entity shadow: vision=2 {'player': 2} memory=1 {'player': 1} paired=0 median=0.000
2026-09-27 18:24:03.004  INFO   decision    mode=farming behavior=enter_farm action=idle target=- reason='enter farm, path blocked' status=success (repeat)
2026-09-27 18:24:04.659  INFO   session     Paused — hotkey
2026-09-27 18:24:04.953  INFO   session     Entity shadow: vision=2 {'player': 2} memory=0 {} paired=0 median=0.000
2026-09-27 18:24:18.478  INFO   session     Resume → Running
2026-09-27 18:24:18.770  INFO   session     Entity shadow: vision=2 {'player': 2} memory=0 {} paired=0 median=0.000
2026-09-27 18:24:23.607  INFO   session     Paused — hotkey
2026-09-27 18:25:48.599  INFO   session     Stop → Stopped
