2026-09-21 21:54:29.390  INFO   session     Loading Manmabot from D:\Work\ManmabotV1_final\engine
2026-09-21 21:54:29.395  INFO   session     Session log D:\Work\ManmabotV1_final\engine\logs\bot-20260921-215429.log
2026-09-21 21:54:29.395  INFO   session     character=elf loot=all_items game_lang=ko map=talking_island farms=['area_1', 'area_2', 'area_3', 'area_4'] file=D:\Work\ManmabotV1_final\engine\logs\bot-20260921-215429.log
2026-09-21 21:54:29.653  INFO   nav         building portal graph (cluster=32, 479x511)
2026-09-21 21:54:29.959  INFO   nav         portal graph: 188 components, 306 ms
2026-09-21 21:54:30.007  INFO   nav         farms=4 safe=11 home=(354, 203) (files farm=D:\Work\ManmabotV1_final\engine\maps\talking_island\farms.yaml safe=D:\Work\ManmabotV1_final\engine\maps\talking_island\safe.yaml home=D:\Work\ManmabotV1_final\engine\maps\talking_island\home.yaml)
2026-09-21 21:54:30.425  INFO   capture     mss window capture process='LC.exe' title=None content_aspect=4:3
2026-09-21 21:54:30.866  INFO   session     Entity clicks use memory names, species, and world cells. Image recognition still runs. Set memory.entity_source to vision to restore image-only clicks.
2026-09-21 21:54:30.873  INFO   session     Player memory is read in this process (realtime_monitor.dll, offsets.json). No separate console.
2026-09-21 21:54:30.880  INFO   session     Inventory listen started · inv.json seed · hp=26 arrows=477 silver=0 depoison=0 (live scan in background)
2026-09-21 21:54:30.893  INFO   session     Scanning hotbar (skill boxes 1–3)…
2026-09-21 21:54:31.099  INFO   session     Auto-pause (not_focused)
2026-09-21 21:54:32.049  INFO   session     Auto-resume → Running
2026-09-21 21:54:35.524  INFO   session     Hotbar scan done · hp_potion@box1/f5, talking_scroll@box1/f8
2026-09-21 21:54:35.528  INFO   session     Loop ready · elf · ko · map=talking_island · loot=all_items · farms=['area_1', 'area_2', 'area_3', 'area_4']
2026-09-21 21:54:35.987  INFO   session     Entity shadow: vision=5 {'npc': 2, 'monster': 1, 'player': 2} memory=5 {'player': 1, 'monster': 4} paired=2 median=0.077 unleveled=68:警衛,10:警衛
2026-09-21 21:54:36.015  INFO   decision    mode=traveling behavior=combat action=attack target=2 reason='engage target' status=success
2026-09-21 21:54:40.223  INFO   action      cursor give-up id=2 item=false reason=cursor=normal/normal score=1.000 not allowed
2026-09-21 21:54:40.437  INFO   decision    mode=traveling behavior=loot action=searching target=- reason='approach item' status=success
2026-09-21 21:54:41.156  INFO   session     Entity shadow: vision=4 {'npc': 2, 'player': 1, 'item': 1} memory=4 {'item': 1, 'monster': 3} paired=1 median=0.019 unleveled=10:警衛,68:警衛
2026-09-21 21:54:45.612  INFO   decision    mode=traveling behavior=loot action=pickup target=7 reason='loot target' status=success
2026-09-21 21:54:46.285  INFO   session     Entity shadow: vision=4 {'player': 1, 'item': 1, 'npc': 2} memory=4 {'monster': 3, 'item': 1} paired=1 median=0.004 unleveled=68:警衛,10:警衛
2026-09-21 21:54:47.017  INFO   decision    mode=traveling behavior=traveling action=traveling target=- reason='enter farm area' status=success
2026-09-21 21:54:51.177  INFO   session     Paused — hotkey
2026-09-21 21:57:13.512  INFO   session     Stop → Stopped
2026-09-21 21:57:13.742  INFO   session     Bot worker exited
