2026-09-27 23:18:58.686  INFO   session     Loading Manmabot from D:\ManmabotV1_final\engine
2026-09-27 23:18:58.880  INFO   session     Session log D:\ManmabotV1_final\engine\logs\bot-20260927-231858.log
2026-09-27 23:18:58.880  INFO   session     character=elf loot=all_items game_lang=ko map=talking_island farms=['area_2', 'area_1', 'area_3'] file=D:\ManmabotV1_final\engine\logs\bot-20260927-231858.log
2026-09-27 23:18:58.960  INFO   nav         building portal graph (cluster=32, 479x511)
2026-09-27 23:18:59.279  INFO   nav         portal graph: 188 components, 319 ms
2026-09-27 23:18:59.286  INFO   nav         farms=3 safe=11 home=(354, 203) (files farm=D:\ManmabotV1_final\engine\maps\talking_island\farms.yaml safe=D:\ManmabotV1_final\engine\maps\talking_island\safe.yaml home=D:\ManmabotV1_final\engine\maps\talking_island\home.yaml)
2026-09-27 23:18:59.355  INFO   capture     mss window capture process='LC.exe' title=None content_aspect=4:3
2026-09-27 23:19:00.063  INFO   session     Entity clicks use memory names, species, and world cells. Image recognition still runs. Set memory.entity_source to vision to restore image-only clicks.
2026-09-27 23:19:00.081  INFO   session     Player memory is read in this process (realtime_monitor.dll, offsets.json). No separate console.
2026-09-27 23:19:00.096  INFO   session     인벤토리를 백그라운드에서 스캔 중 (inventory_listen.dll 또는 inv.json을 두세요).
2026-09-27 23:19:00.110  INFO   session     메모리에서 핫바 24칸을 읽는 중…
2026-09-27 23:19:00.213  INFO   session     핫바 스캔 완료 · 파워 업@box2/f8, 아머 업@box2/f5, 라이트@box1/f10, 힐@box1/f9, HP 물약@box1/f9, 텔레포트@box1/f11, 마법 공격@box1/f12, 말하는 두루마리@box1/f5
2026-09-27 23:19:00.238  INFO   session     매핑되지 않은 핫바 아이콘: box1/f6:작은 활 (무장), box1/f7:나무 화살, box1/f8:아데나
2026-09-27 23:19:00.248  INFO   session     루프 준비 · 요정 · 한국어 · 맵=말하는 섬 · 룻=전부 줍기 · 구역=구역 2, 구역 1, 구역 3
2026-09-27 23:19:01.105  INFO   session     Entity shadow: vision=3 {'player': 2, 'monster': 1} memory=4 {'monster': 3, 'player': 1} paired=2 median=0.054 unleveled=12:史萊姆
2026-09-27 23:19:01.129  INFO   session     인벤토리 수신 준비 (dll) · hp=0 화살=461 은화살=215 해독=0
2026-09-27 23:19:01.149  INFO   decision    mode=farming behavior=buff action=buff target=- reason='armor_up' status=success
2026-09-27 23:19:02.206  INFO   decision    mode=farming behavior=search action=searching target=- reason='search area' status=success
2026-09-27 23:19:06.299  INFO   session     Entity shadow: vision=2 {'player': 1, 'monster': 1} memory=1 {'monster': 1} paired=1 median=0.030
2026-09-27 23:19:11.384  INFO   decision    mode=farming behavior=buff action=buff target=- reason='light' status=success
2026-09-27 23:19:12.292  INFO   session     Entity shadow: vision=1 {'npc': 1} memory=1 {'monster': 1} paired=0 median=0.000
2026-09-27 23:19:12.339  INFO   decision    mode=farming behavior=search action=searching target=- reason='search area' status=success
2026-09-27 23:19:17.555  INFO   session     Entity shadow: vision=2 {'player': 1, 'npc': 1} memory=0 {} paired=0 median=0.000
2026-09-27 23:19:22.339  INFO   decision    mode=farming behavior=unstick action=teleport target=- reason='unstick confined' status=success
2026-09-27 23:19:23.712  INFO   session     Entity shadow: vision=4 {'player': 1, 'npc': 2, 'item': 1} memory=2 {'item': 1, 'player': 1} paired=1 median=0.024
2026-09-27 23:19:23.812  INFO   decision    mode=farming behavior=loot action=searching target=6 reason='walk onto item' status=success
2026-09-27 23:19:27.460  INFO   decision    mode=farming behavior=search action=searching target=- reason='search area' status=success
2026-09-27 23:19:27.794  INFO   session     정지 → 중지됨
2026-09-27 23:19:27.990  INFO   session     봇 작업이 종료되었습니다
