2026-09-27 19:29:35.695  INFO   session     Loading Manmabot from D:\ManmabotV1_final\engine
2026-09-27 19:29:35.702  INFO   session     Session log D:\ManmabotV1_final\engine\logs\bot-20260927-192935.log
2026-09-27 19:29:35.702  INFO   session     character=elf loot=all_items game_lang=ko map=talking_island farms=['area_1', 'area_2', 'area_3', 'area_4'] file=D:\ManmabotV1_final\engine\logs\bot-20260927-192935.log
2026-09-27 19:29:35.986  INFO   nav         building portal graph (cluster=32, 479x511)
2026-09-27 19:29:36.376  INFO   nav         portal graph: 188 components, 390 ms
2026-09-27 19:29:36.383  INFO   nav         farms=4 safe=11 home=(354, 203) (files farm=D:\ManmabotV1_final\engine\maps\talking_island\farms.yaml safe=D:\ManmabotV1_final\engine\maps\talking_island\safe.yaml home=D:\ManmabotV1_final\engine\maps\talking_island\home.yaml)
2026-09-27 19:29:36.634  INFO   capture     mss window capture process='LC.exe' title=None content_aspect=4:3
2026-09-27 19:29:37.101  INFO   session     Entity clicks use memory names, species, and world cells. Image recognition still runs. Set memory.entity_source to vision to restore image-only clicks.
2026-09-27 19:29:37.118  INFO   session     Player memory is read in this process (realtime_monitor.dll, offsets.json). No separate console.
2026-09-27 19:29:37.130  INFO   session     인벤토리를 백그라운드에서 스캔 중 (inventory_listen.dll 또는 inv.json을 두세요).
2026-09-27 19:29:37.160  INFO   session     메모리에서 핫바 24칸을 읽는 중…
2026-09-27 19:29:37.221  INFO   session     핫바 스캔 완료 · 파워 업@box1/f5, 아머 업@box1/f6, 라이트@box1/f7, 힐@box1/f8, HP 물약@box1/f9, 텔레포트@box1/f10, 마법 공격@box1/f11, 말하는 두루마리@box1/f5, 마더 트리@box2/f6, HP를 MP로@box2/f7
2026-09-27 19:29:37.255  INFO   session     루프 준비 · 요정 · 한국어 · 맵=말하는 섬 · 룻=전부 줍기 · 구역=구역 1, 구역 2, 구역 3, 구역 4
2026-09-27 19:29:37.873  INFO   session     Entity shadow: vision=3 {'item': 1, 'monster': 2} memory=1 {'item': 1} paired=1 median=0.012
2026-09-27 19:29:37.891  INFO   session     인벤토리 수신 준비 (dll) · hp=0 화살=637 은화살=0 해독=0
2026-09-27 19:29:37.914  INFO   decision    mode=farming behavior=buff action=buff target=- reason='armor_up' status=success
2026-09-27 19:29:38.680  INFO   decision    mode=farming behavior=loot action=searching target=1 reason='walk onto item' status=success
2026-09-27 19:29:43.247  INFO   session     Entity shadow: vision=2 {'monster': 1, 'item': 1} memory=2 {'monster': 1, 'item': 1} paired=2 median=0.037
2026-09-27 19:29:44.045  INFO   decision    mode=farming behavior=combat action=attack target=2 reason='engage target' status=success
2026-09-27 19:29:48.127  INFO   decision    mode=farming behavior=buff action=buff target=- reason='light' status=success
2026-09-27 19:29:48.781  INFO   session     Entity shadow: vision=1 {'player': 1} memory=1 {'monster': 1} paired=0 median=0.000
2026-09-27 19:29:48.858  INFO   decision    mode=farming behavior=combat action=attack target=2 reason='attack target' status=success
2026-09-27 19:29:53.880  INFO   session     Entity shadow: vision=2 {'player': 1, 'monster': 1} memory=1 {'monster': 1} paired=1 median=0.016
2026-09-27 19:29:56.166  INFO   decision    mode=farming behavior=loot action=pickup target=4 reason='engage item' status=success
2026-09-27 19:29:56.689  INFO   decision    mode=farming behavior=loot action=idle target=- reason='pickup settle' status=success
2026-09-27 19:29:57.349  INFO   decision    mode=farming behavior=loot action=pickup target=3 reason='engage item' status=success
2026-09-27 19:29:57.852  INFO   decision    mode=farming behavior=loot action=idle target=- reason='pickup settle' status=success
2026-09-27 19:29:58.760  INFO   decision    mode=traveling behavior=traveling action=traveling target=- reason='enter farm area' status=success
2026-09-27 19:29:59.209  INFO   session     Entity shadow: vision=1 {'player': 1} memory=0 {} paired=0 median=0.000
2026-09-27 19:30:04.399  INFO   session     Entity shadow: vision=1 {'player': 1} memory=0 {} paired=0 median=0.000
2026-09-27 19:30:04.770  INFO   decision    mode=traveling behavior=combat action=attack target=5 reason='engage target' status=success
2026-09-27 19:30:09.447  INFO   session     Entity shadow: vision=1 {'player': 1} memory=1 {'monster': 1} paired=0 median=0.000
2026-09-27 19:30:14.420  INFO   decision    mode=traveling behavior=loot action=searching target=6 reason='walk onto item' status=success
2026-09-27 19:30:14.854  INFO   session     Entity shadow: vision=2 {'player': 1, 'item': 1} memory=2 {'monster': 1, 'item': 1} paired=1 median=0.040
2026-09-27 19:30:19.868  INFO   session     Entity shadow: vision=3 {'player': 1, 'item': 1, 'monster': 1} memory=6 {'monster': 5, 'item': 1} paired=2 median=0.044
2026-09-27 19:30:21.380  INFO   decision    mode=traveling behavior=loot action=pickup target=6 reason='loot target' status=success
2026-09-27 19:30:21.853  INFO   decision    mode=traveling behavior=loot action=idle target=- reason='pickup settle' status=success
2026-09-27 19:30:22.567  INFO   decision    mode=traveling behavior=combat action=attack target=8 reason='engage target' status=success
2026-09-27 19:30:25.038  INFO   session     Entity shadow: vision=1 {'monster': 1} memory=6 {'monster': 6} paired=1 median=0.064
2026-09-27 19:30:26.044  INFO   decision    mode=retreating behavior=retreating action=teleport target=- reason='retreat teleport' status=success
2026-09-27 19:30:27.504  INFO   decision    mode=retreating behavior=? action=idle target=- reason='waiting for respawn' status=success
2026-09-27 19:30:29.860  INFO   decision    mode=retreating behavior=respawn action=respawn target=- reason='death confirmed, restart' status=success
2026-09-27 19:30:30.344  INFO   session     Entity shadow: vision=1 {'player': 1} memory=6 {'monster': 6} paired=0 median=0.000
2026-09-27 19:30:30.365  INFO   decision    mode=retreating behavior=? action=idle target=- reason='waiting for respawn' status=success
2026-09-27 19:30:32.100  INFO   decision    mode=retreating behavior=talking_scroll action=use_talking_scroll target=- reason='retreat, 마법서 상인' status=success
2026-09-27 19:30:33.402  INFO   decision    mode=retreating behavior=heal action=heal target=- reason='heal after teleport' status=success
2026-09-27 19:30:35.490  INFO   session     Entity shadow: vision=4 {'npc': 2, 'player': 2} memory=6 {'player': 1, 'monster': 2, 'npc': 3} paired=1 median=0.021 unleveled=68:警衛,10:警衛
2026-09-27 19:30:41.100  INFO   session     Entity shadow: vision=3 {'player': 1, 'npc': 2} memory=6 {'player': 1, 'monster': 2, 'npc': 3} paired=0 median=0.000 unleveled=68:警衛,10:警衛
2026-09-27 19:30:46.023  INFO   session     Entity shadow: vision=3 {'npc': 2, 'player': 1} memory=6 {'player': 1, 'monster': 2, 'npc': 3} paired=0 median=0.000 unleveled=68:警衛,10:警衛
2026-09-27 19:30:51.240  INFO   session     Entity shadow: vision=4 {'player': 2, 'npc': 2} memory=6 {'player': 1, 'monster': 2, 'npc': 3} paired=1 median=0.033 unleveled=68:警衛,10:警衛
2026-09-27 19:30:56.563  INFO   session     Entity shadow: vision=4 {'npc': 2, 'player': 2} memory=6 {'player': 1, 'monster': 2, 'npc': 3} paired=1 median=0.025 unleveled=68:警衛,10:警衛
2026-09-27 19:30:56.613  INFO   decision    mode=farming behavior=heal action=heal target=- reason='heal after teleport' status=success
2026-09-27 19:31:02.140  INFO   session     Entity shadow: vision=6 {'npc': 2, 'player': 2, 'monster': 2} memory=7 {'monster': 3, 'player': 1, 'npc': 3} paired=2 median=0.030 unleveled=68:警衛,10:警衛
2026-09-27 19:31:05.398  INFO   decision    mode=farming behavior=talking_scroll action=use_talking_scroll target=- reason='respawn, 마법서 상인' status=success
2026-09-27 19:31:06.613  INFO   decision    mode=traveling behavior=traveling action=traveling target=- reason='enter farm area' status=success
2026-09-27 19:31:07.454  INFO   session     Entity shadow: vision=3 {'npc': 2, 'player': 1} memory=6 {'player': 1, 'monster': 2, 'npc': 3} paired=1 median=0.074 unleveled=68:警衛,10:警衛
2026-09-27 19:31:12.748  INFO   session     Entity shadow: vision=1 {'player': 1} memory=1 {'player': 1} paired=0 median=0.000
2026-09-27 19:31:15.335  INFO   decision    mode=traveling behavior=loot action=searching target=83 reason='walk onto item' status=success
2026-09-27 19:31:18.119  INFO   session     Entity shadow: vision=2 {'player': 1, 'item': 1} memory=1 {'item': 1} paired=1 median=0.006
2026-09-27 19:31:21.505  INFO   decision    mode=traveling behavior=loot action=pickup target=83 reason='loot target' status=success
2026-09-27 19:31:22.022  INFO   decision    mode=traveling behavior=loot action=idle target=- reason='pickup settle' status=success
2026-09-27 19:31:22.849  INFO   decision    mode=traveling behavior=traveling action=traveling target=- reason='enter farm area' status=success
2026-09-27 19:31:23.287  INFO   session     Entity shadow: vision=1 {'player': 1} memory=0 {} paired=0 median=0.000
2026-09-27 19:31:28.461  INFO   session     Entity shadow: vision=0 {} memory=0 {} paired=0 median=0.000
2026-09-27 19:31:30.079  INFO   decision    mode=traveling behavior=loot action=searching target=86 reason='walk onto item' status=success
2026-09-27 19:31:32.216  INFO   decision    mode=traveling behavior=traveling action=traveling target=- reason='enter farm area' status=success
2026-09-27 19:31:33.231  INFO   decision    mode=traveling behavior=combat action=attack target=87 reason='engage target' status=success
2026-09-27 19:31:33.856  INFO   session     Entity shadow: vision=2 {'player': 1, 'monster': 1} memory=2 {'player': 1, 'monster': 1} paired=1 median=0.018
2026-09-27 19:31:39.102  INFO   session     Entity shadow: vision=2 {'monster': 2} memory=1 {'monster': 1} paired=1 median=0.028
2026-09-27 19:31:44.161  INFO   session     Entity shadow: vision=2 {'player': 1, 'monster': 1} memory=1 {'monster': 1} paired=1 median=0.013
2026-09-27 19:31:49.616  INFO   session     Entity shadow: vision=2 {'player': 1, 'monster': 1} memory=1 {'monster': 1} paired=1 median=0.014
2026-09-27 19:31:50.061  INFO   decision    mode=traveling behavior=traveling action=traveling target=- reason='enter farm area' status=success
2026-09-27 19:31:54.987  INFO   session     Entity shadow: vision=1 {'player': 1} memory=0 {} paired=0 median=0.000
2026-09-27 19:31:57.723  INFO   decision    mode=traveling behavior=combat action=attack target=90 reason='engage target' status=success
2026-09-27 19:32:00.300  INFO   session     Entity shadow: vision=1 {'player': 1} memory=1 {'monster': 1} paired=0 median=0.000
2026-09-27 19:32:02.608  INFO   decision    mode=farming behavior=enter_farm action=idle target=- reason='enter farm, path blocked' status=success
2026-09-27 19:32:05.445  INFO   session     Entity shadow: vision=1 {'player': 1} memory=1 {'monster': 1} paired=0 median=0.000
2026-09-27 19:32:10.708  INFO   session     Entity shadow: vision=2 {'player': 1, 'monster': 1} memory=1 {'monster': 1} paired=1 median=0.015
2026-09-27 19:32:15.846  INFO   session     Entity shadow: vision=2 {'player': 1, 'monster': 1} memory=1 {'monster': 1} paired=1 median=0.015
2026-09-27 19:32:18.773  INFO   decision    mode=farming behavior=enter_farm action=idle target=- reason='enter farm, path blocked' status=success (repeat)
2026-09-27 19:32:21.123  INFO   session     Entity shadow: vision=1 {'player': 1} memory=1 {'monster': 1} paired=0 median=0.000
2026-09-27 19:32:23.174  INFO   decision    mode=traveling behavior=traveling action=traveling target=- reason='enter farm area' status=success
2026-09-27 19:32:25.818  INFO   decision    mode=traveling behavior=combat action=attack target=92 reason='engage target' status=success
2026-09-27 19:32:26.467  INFO   session     Entity shadow: vision=2 {'player': 1, 'monster': 1} memory=2 {'monster': 2} paired=1 median=0.082
2026-09-27 19:32:31.515  INFO   session     Entity shadow: vision=2 {'player': 1, 'monster': 1} memory=2 {'monster': 2} paired=1 median=0.040
2026-09-27 19:32:36.648  INFO   session     Entity shadow: vision=4 {'player': 2, 'monster': 2} memory=2 {'monster': 2} paired=1 median=0.068
2026-09-27 19:32:41.764  INFO   session     Entity shadow: vision=3 {'player': 1, 'monster': 2} memory=3 {'monster': 3} paired=2 median=0.027
2026-09-27 19:32:47.319  INFO   session     Entity shadow: vision=4 {'player': 1, 'item': 1, 'monster': 2} memory=5 {'monster': 4, 'item': 1} paired=3 median=0.012
2026-09-27 19:32:47.883  INFO   decision    mode=traveling behavior=combat action=attack target=94 reason='engage target' status=success
2026-09-27 19:32:49.296  INFO   decision    mode=retreating behavior=retreating action=teleport target=- reason='retreat teleport' status=success
2026-09-27 19:32:50.377  INFO   decision    mode=retreating behavior=? action=idle target=- reason='waiting for respawn' status=success
2026-09-27 19:32:52.182  INFO   session     Entity shadow: vision=6 {'item': 1, 'player': 2, 'monster': 3} memory=4 {'monster': 3, 'item': 1} paired=4 median=0.014
2026-09-27 19:32:52.799  INFO   decision    mode=retreating behavior=respawn action=respawn target=- reason='death confirmed, restart' status=success
2026-09-27 19:32:53.546  INFO   decision    mode=retreating behavior=? action=idle target=- reason='waiting for respawn' status=success
2026-09-27 19:32:55.275  INFO   decision    mode=retreating behavior=talking_scroll action=use_talking_scroll target=- reason='retreat, 허수아비 수련장' status=success
2026-09-27 19:32:56.560  INFO   decision    mode=retreating behavior=heal action=heal target=- reason='heal after teleport' status=success
2026-09-27 19:32:57.721  INFO   session     Entity shadow: vision=11 {'player': 7, 'npc': 2, 'monster': 2} memory=15 {'monster': 5, 'player': 10} paired=9 median=0.017 unleveled=10:警衛,20:?
2026-09-27 19:33:03.060  INFO   session     Entity shadow: vision=10 {'npc': 1, 'monster': 2, 'player': 7} memory=15 {'monster': 5, 'player': 10} paired=9 median=0.018 unleveled=10:警衛,20:?
2026-09-27 19:33:07.531  INFO   session     일시정지 — 단축키
2026-09-27 19:39:55.675  INFO   session     정지 → 중지됨
2026-09-27 19:39:56.022  INFO   session     봇 작업이 종료되었습니다
