2026-09-23 20:35:04.654  INFO   session     Loading Manmabot from D:\Work\Lineage\ManmabotV1_final\engine
2026-09-23 20:35:04.657  INFO   session     Session log D:\Work\Lineage\ManmabotV1_final\engine\logs\bot-20260923-203504.log
2026-09-23 20:35:04.657  INFO   session     character=elf loot=all_items game_lang=ko map=talking_island farms=['area_1', 'area_3'] file=D:\Work\Lineage\ManmabotV1_final\engine\logs\bot-20260923-203504.log
2026-09-23 20:35:04.867  INFO   nav         building portal graph (cluster=32, 479x511)
2026-09-23 20:35:05.112  INFO   nav         portal graph: 188 components, 245 ms
2026-09-23 20:35:05.119  INFO   nav         farms=2 safe=11 home=(354, 203) (files farm=D:\Work\Lineage\ManmabotV1_final\engine\maps\talking_island\farms.yaml safe=D:\Work\Lineage\ManmabotV1_final\engine\maps\talking_island\safe.yaml home=D:\Work\Lineage\ManmabotV1_final\engine\maps\talking_island\home.yaml)
2026-09-23 20:35:05.397  INFO   capture     mss window capture process='LC.exe' title=None content_aspect=4:3
2026-09-23 20:35:05.736  INFO   session     Entity clicks use memory names, species, and world cells. Image recognition still runs. Set memory.entity_source to vision to restore image-only clicks.
2026-09-23 20:35:05.742  INFO   session     Player memory is read in this process (realtime_monitor.dll, offsets.json). No separate console.
2026-09-23 20:35:05.747  INFO   session     Inventory listen scanning in background (build inventory_listen.dll or place inv.json).
2026-09-23 20:35:05.752  INFO   session     Scanning hotbar (skill boxes 1–3)…
2026-09-23 20:35:09.790  INFO   session     Hotbar scan done · hp_potion@box1/f5, talking_scroll@box1/f8
2026-09-23 20:35:09.794  INFO   session     Loop ready · elf · ko · map=talking_island · loot=all_items · farms=['area_1', 'area_3']
2026-09-23 20:35:10.152  INFO   session     Entity shadow: vision=1 {'player': 1} memory=4 {'monster': 4} paired=0 median=0.000 unleveled=189:사슴,206:토끼,208:토끼,14:개구리
2026-09-23 20:35:10.177  INFO   session     Inventory listen ready (dll) · hp=6 arrows=2712 silver=0 depoison=0
2026-09-23 20:35:10.195  INFO   decision    mode=traveling behavior=traveling action=traveling target=- reason='enter farm area' status=success
2026-09-23 20:35:15.269  INFO   session     Entity shadow: vision=2 {'monster': 2} memory=3 {'monster': 3} paired=0 median=0.000 unleveled=14:개구리,208:토끼,189:사슴
2026-09-23 20:35:18.222  INFO   decision    mode=traveling behavior=traveling action=traveling target=- reason='enter farm area' status=success (repeat)
2026-09-23 20:35:18.378  INFO   decision    mode=traveling behavior=combat action=attack target=5 reason='engage target' status=success
2026-09-23 20:35:20.385  INFO   session     Entity shadow: vision=0 {} memory=3 {'monster': 3} paired=0 median=0.000 unleveled=207:토끼,189:사슴
2026-09-23 20:35:25.482  INFO   session     Entity shadow: vision=2 {'player': 1, 'item': 1} memory=1 {'item': 1} paired=1 median=0.010
2026-09-23 20:35:29.194  INFO   decision    mode=traveling behavior=loot action=searching target=7 reason='stand beside item' status=success
2026-09-23 20:35:30.457  INFO   decision    mode=traveling behavior=loot action=pickup target=7 reason='loot target' status=success
2026-09-23 20:35:30.681  INFO   session     Entity shadow: vision=2 {'player': 1, 'item': 1} memory=2 {'monster': 1, 'item': 1} paired=1 median=0.044
2026-09-23 20:35:34.665  INFO   decision    mode=traveling behavior=loot action=searching target=7 reason='stand beside item' status=success
2026-09-23 20:35:35.711  INFO   session     Entity shadow: vision=3 {'monster': 3} memory=2 {'monster': 2} paired=2 median=0.011
2026-09-23 20:35:36.174  INFO   decision    mode=traveling behavior=combat action=attack target=10 reason='engage target' status=success
2026-09-23 20:35:40.728  INFO   session     Entity shadow: vision=1 {'player': 1} memory=2 {'monster': 2} paired=0 median=0.000
2026-09-23 20:35:45.831  INFO   session     Entity shadow: vision=1 {'player': 1} memory=2 {'monster': 2} paired=0 median=0.000
2026-09-23 20:35:47.135  INFO   decision    mode=traveling behavior=combat action=attack target=10 reason='attack target' status=success (repeat)
2026-09-23 20:35:51.022  INFO   session     Entity shadow: vision=2 {'monster': 1, 'player': 1} memory=0 {} paired=0 median=0.000
2026-09-23 20:35:54.966  INFO   decision    mode=traveling behavior=traveling action=traveling target=- reason='enter farm area' status=success
2026-09-23 20:35:55.507  INFO   decision    mode=traveling behavior=combat action=attack target=13 reason='engage target' status=success
2026-09-23 20:35:56.193  INFO   session     Entity shadow: vision=2 {'player': 1, 'monster': 1} memory=1 {'monster': 1} paired=1 median=0.009
2026-09-23 20:36:01.300  INFO   session     Entity shadow: vision=2 {'player': 1, 'item': 1} memory=1 {'item': 1} paired=1 median=0.036
2026-09-23 20:36:06.475  INFO   session     Entity shadow: vision=3 {'player': 2, 'item': 1} memory=2 {'monster': 1, 'item': 1} paired=1 median=0.016 unleveled=14:개구리
2026-09-23 20:36:06.504  INFO   decision    mode=traveling behavior=loot action=searching target=15 reason='stand beside item' status=success
2026-09-23 20:36:06.850  INFO   decision    mode=traveling behavior=loot action=pickup target=15 reason='loot target' status=success
2026-09-23 20:36:09.950  INFO   decision    mode=traveling behavior=loot action=searching target=15 reason='stand beside item' status=success
2026-09-23 20:36:11.528  INFO   session     Entity shadow: vision=1 {'player': 1} memory=2 {'monster': 2} paired=0 median=0.000 unleveled=14:개구리
2026-09-23 20:36:11.547  INFO   decision    mode=traveling behavior=combat action=attack target=18 reason='engage target' status=success
2026-09-23 20:36:16.713  INFO   session     Entity shadow: vision=4 {'player': 1, 'monster': 3} memory=3 {'monster': 3} paired=2 median=0.012 unleveled=14:개구리
2026-09-23 20:36:21.746  INFO   session     Entity shadow: vision=4 {'player': 1, 'monster': 3} memory=3 {'monster': 3} paired=2 median=0.011 unleveled=14:개구리
2026-09-23 20:36:22.583  INFO   decision    mode=traveling behavior=combat action=attack target=18 reason='attack target' status=success (repeat)
2026-09-23 20:36:26.773  INFO   session     Entity shadow: vision=1 {'player': 1} memory=4 {'monster': 4} paired=0 median=0.000 unleveled=14:개구리
2026-09-23 20:36:29.156  INFO   session     Paused — hotkey
2026-09-23 20:39:50.292  INFO   session     Stop → Stopped
2026-09-23 20:39:50.588  INFO   session     Bot worker exited
