2026-09-29 18:43:21.911  INFO   session     Loading Manmabot from D:\KRR\1.LCBot\ManmabotV1_final\engine
2026-09-29 18:43:21.968  INFO   session     Session log D:\KRR\1.LCBot\ManmabotV1_final\engine\logs\bot-20260929-184321.log
2026-09-29 18:43:22.000  INFO   session     character=elf loot=adena_only game_lang=ko map=talking_island farms=['area_1', 'area_3'] file=D:\KRR\1.LCBot\ManmabotV1_final\engine\logs\bot-20260929-184321.log
2026-09-29 18:43:22.473  INFO   nav         building portal graph (cluster=32, 512x576)
2026-09-29 18:43:23.042  INFO   nav         portal graph: 189 components, 568 ms
2026-09-29 18:43:23.236  INFO   nav         farms=2 safe=11 home=(385, 246) (files farm=D:\KRR\1.LCBot\ManmabotV1_final\engine\maps\talking_island\farms.yaml safe=D:\KRR\1.LCBot\ManmabotV1_final\engine\maps\talking_island\safe.yaml home=D:\KRR\1.LCBot\ManmabotV1_final\engine\maps\talking_island\home.yaml)
2026-09-29 18:43:23.661  INFO   capture     mss window capture process='LC.exe' title=None content_aspect=4:3
2026-09-29 18:43:24.501  INFO   session     Entity clicks use memory names, species, and world cells. Image recognition still runs. Set memory.entity_source to vision to restore image-only clicks.
2026-09-29 18:43:24.569  INFO   session     Player memory is read in this process (realtime_monitor.dll, offsets.json). No separate console.
2026-09-29 18:43:24.621  INFO   session     Inventory listen scanning in background (inventory_listen.dll or place inv.json).
2026-09-29 18:43:24.666  INFO   session     Reading hotbar from memory (24 slots)…
2026-09-29 18:43:25.367  INFO   session     Hotbar scan done · Power-up@box1/f5, Armor-up@box1/f6, Light@box1/f7, Heal@box1/f8, HP potion@box2/f9, Teleport@box1/f10, Mage attack@box1/f12, Talking scroll@box2/f5, Mother tree@box2/f6, HP to MP@box2/f7
2026-09-29 18:43:25.509  INFO   session     Unmapped hotbar icons: box1/f8:SPELL, box1/f11:Adena, box1/f12:Arrow, box2/f10:Silver Arrow, box2/f12:속도향상 물약, box3/f10:SPELL
2026-09-29 18:43:25.597  INFO   session     Loop ready · Elf · Korean · map=Talking Island · loot=Adená only · farms=Area 1, Area 3
2026-09-29 18:43:26.707  INFO   session     Entity shadow: vision=21 {'player': 17, 'npc': 4} memory=48 {'player': 40, 'npc': 6, 'monster': 2} paired=19 median=0.059 unleveled=319:?,68:警衛
2026-09-29 18:43:26.784  INFO   session     Inventory listen ready (dll) · hp=48 arrows=9257 silver=0 depoison=0
2026-09-29 18:43:26.833  INFO   hp          hp action=item:빨간 물약
2026-09-29 18:43:26.834  INFO   decision    mode=farming goal=survival_potion action=use_hp_potion target=- sticky=- origin=(324,225) shop=0 scrolled=0 reason='critical hp, cannot heal' status=success
2026-09-29 18:43:27.882  INFO   hp          hp action=item:빨간 물약
2026-09-29 18:43:29.004  INFO   hp          hp action=item:빨간 물약
2026-09-29 18:43:29.662  INFO   hp          hp action=item:빨간 물약
2026-09-29 18:43:30.441  INFO   hp          hp action=item:빨간 물약
2026-09-29 18:43:31.215  INFO   hp          hp action=item:빨간 물약
2026-09-29 18:43:32.067  INFO   session     Entity shadow: vision=23 {'player': 20, 'npc': 3} memory=47 {'player': 39, 'npc': 6, 'monster': 2} paired=21 median=0.043 unleveled=319:?,68:警衛
2026-09-29 18:43:32.258  INFO   decision    mode=farming goal=buff action=buff target=- sticky=- origin=(324,225) shop=0 scrolled=0 reason='armor_up' status=success
2026-09-29 18:43:33.955  INFO   search      farm branch=none (wander/search next)
2026-09-29 18:43:33.956  INFO   travel      return/enter farm needed at (324,225)
2026-09-29 18:43:33.983  INFO   search      farm branch=none (wander/search next)
2026-09-29 18:43:34.029  INFO   travel      hop begin wp=(327, 236) purpose=enter_farm reason=enter farm area
2026-09-29 18:43:34.489  INFO   decision    mode=traveling goal=traveling action=traveling target=- sticky=- origin=(324,225) shop=0 scrolled=0 reason='enter farm area' status=success
2026-09-29 18:43:35.342  INFO   search      farm branch=none (wander/search next)
2026-09-29 18:43:35.639  INFO   search      farm branch=none (wander/search next)
2026-09-29 18:43:36.338  INFO   search      farm branch=none (wander/search next)
2026-09-29 18:43:36.739  INFO   travel      hop begin wp=(327, 236) purpose=enter_farm reason=enter farm area
2026-09-29 18:43:37.648  INFO   session     Entity shadow: vision=22 {'player': 19, 'npc': 2, 'monster': 1} memory=49 {'npc': 6, 'monster': 2, 'player': 41} paired=19 median=0.068 unleveled=206:兔子,319:?
2026-09-29 18:43:37.779  INFO   search      farm branch=none (wander/search next)
2026-09-29 18:43:39.159  INFO   search      farm branch=none (wander/search next)
2026-09-29 18:43:39.925  INFO   travel      hop begin wp=(329, 238) purpose=enter_farm reason=enter farm area
2026-09-29 18:43:41.224  INFO   search      farm branch=none (wander/search next)
2026-09-29 18:43:42.045  INFO   search      farm branch=none (wander/search next)
2026-09-29 18:43:42.105  INFO   travel      hop arrive wp=(329, 238) purpose=enter_farm
2026-09-29 18:43:42.148  INFO   travel      hop begin wp=(336, 243) purpose=enter_farm reason=enter farm area
2026-09-29 18:43:43.054  INFO   session     Entity shadow: vision=23 {'player': 19, 'npc': 2, 'item': 2} memory=60 {'monster': 1, 'player': 51, 'npc': 6, 'item': 2} paired=23 median=0.071 unleveled=206:兔子
2026-09-29 18:43:43.157  INFO   decision    mode=traveling goal=buff action=buff target=- sticky=- origin=(329,236) shop=0 scrolled=0 reason='light' status=success
2026-09-29 18:43:44.594  INFO   search      farm branch=none (wander/search next)
2026-09-29 18:43:45.074  INFO   travel      hop begin wp=(346, 240) purpose=enter_farm reason=enter farm area
2026-09-29 18:43:45.092  INFO   decision    mode=traveling goal=traveling action=traveling target=- sticky=- origin=(332,240) shop=0 scrolled=0 reason='enter farm area' status=success
2026-09-29 18:43:45.912  INFO   search      farm branch=none (wander/search next)
2026-09-29 18:43:46.636  INFO   search      farm branch=none (wander/search next)
2026-09-29 18:43:47.023  INFO   search      farm branch=none (wander/search next)
2026-09-29 18:43:47.415  INFO   travel      hop begin wp=(348, 239) purpose=enter_farm reason=enter farm area
2026-09-29 18:43:48.063  INFO   search      farm branch=none (wander/search next)
2026-09-29 18:43:48.872  INFO   session     Entity shadow: vision=12 {'player': 8, 'item': 2, 'npc': 2} memory=24 {'npc': 5, 'player': 16, 'item': 2, 'monster': 1} paired=11 median=0.035 unleveled=206:兔子
2026-09-29 18:43:48.973  INFO   search      farm branch=none (wander/search next)
2026-09-29 18:43:49.560  INFO   search      farm branch=none (wander/search next)
2026-09-29 18:43:49.654  INFO   travel      hop begin wp=(348, 239) purpose=enter_farm reason=enter farm area
2026-09-29 18:43:50.347  INFO   search      farm branch=none (wander/search next)
2026-09-29 18:43:50.843  INFO   search      farm branch=none (wander/search next)
2026-09-29 18:43:51.498  INFO   search      farm branch=none (wander/search next)
2026-09-29 18:43:51.880  INFO   travel      hop begin wp=(348, 239) purpose=enter_farm reason=enter farm area
2026-09-29 18:43:52.734  INFO   search      farm branch=none (wander/search next)
2026-09-29 18:43:54.193  INFO   session     Entity shadow: vision=6 {'player': 4, 'npc': 2} memory=7 {'player': 4, 'npc': 1, 'monster': 2} paired=3 median=0.062 unleveled=10:警衛,68:警衛
2026-09-29 18:43:54.289  INFO   search      farm branch=none (wander/search next)
2026-09-29 18:43:54.290  INFO   travel      hop arrive wp=(348, 239) purpose=enter_farm
2026-09-29 18:43:54.328  INFO   travel      hop begin wp=(348, 239) purpose=enter_farm reason=enter farm area
2026-09-29 18:43:54.929  INFO   search      farm branch=none (wander/search next)
2026-09-29 18:43:54.952  INFO   travel      hop arrive wp=(348, 239) purpose=enter_farm
2026-09-29 18:43:55.012  INFO   travel      hop begin wp=(351, 241) purpose=enter_farm reason=enter farm area
2026-09-29 18:43:55.621  INFO   search      farm branch=none (wander/search next)
2026-09-29 18:43:55.685  INFO   travel      hop arrive wp=(351, 241) purpose=enter_farm
2026-09-29 18:43:55.698  INFO   travel      hop begin wp=(345, 238) purpose=enter_farm reason=enter farm, walk around
2026-09-29 18:43:56.220  INFO   combat      farm branch=screen_combat id=106 dist=14
2026-09-29 18:43:56.402  INFO   combat      engage id=106 species=monster_오크 전사_8 rel=(1,14)
2026-09-29 18:43:56.433  INFO   decision    mode=traveling goal=combat action=attack target=106 sticky=106 origin=(351,240) shop=0 scrolled=0 reason='screen engage' status=success
2026-09-29 18:43:57.167  INFO   search      farm branch=none (wander/search next)
2026-09-29 18:43:57.187  INFO   travel      hop begin wp=(350, 255) purpose=enter_farm reason=enter farm area
2026-09-29 18:43:57.194  INFO   decision    mode=traveling goal=traveling action=traveling target=- sticky=- origin=(351,240) shop=0 scrolled=0 reason='enter farm area' status=success
2026-09-29 18:43:57.847  INFO   search      farm branch=none (wander/search next)
2026-09-29 18:43:58.210  INFO   search      farm branch=none (wander/search next)
2026-09-29 18:43:59.287  INFO   session     Entity shadow: vision=4 {'player': 2, 'monster': 1, 'npc': 1} memory=5 {'item': 1, 'monster': 3, 'player': 1} paired=2 median=0.024 unleveled=10:警衛,68:警衛
2026-09-29 18:43:59.482  INFO   combat      farm branch=screen_combat id=109 dist=8
2026-09-29 18:44:00.201  INFO   combat      engage id=109 species=monster_오크 전사_8 rel=(6,8)
2026-09-29 18:44:00.232  INFO   decision    mode=traveling goal=combat action=attack target=109 sticky=109 origin=(350,242) shop=0 scrolled=0 reason='screen engage' status=success
2026-09-29 18:44:01.037  INFO   combat      farm branch=sticky id=109 dist=8
2026-09-29 18:44:01.077  INFO   combat      wall/fence LOS blocked id=109 — A* detour hop to (352, 237)
2026-09-29 18:44:01.084  INFO   decision    mode=traveling goal=combat action=searching target=109 sticky=109 origin=(348,246) shop=0 scrolled=0 reason='wall detour A*' status=success
2026-09-29 18:44:01.654  INFO   combat      farm branch=sticky id=109 dist=9
2026-09-29 18:44:01.702  INFO   combat      wall/fence LOS blocked id=109 — A* detour hop to (352, 237)
2026-09-29 18:44:02.318  INFO   combat      farm branch=sticky id=109 dist=8
2026-09-29 18:44:02.444  INFO   combat      wall/fence LOS blocked id=109 — A* detour hop to (352, 237)
2026-09-29 18:44:03.099  INFO   combat      farm branch=sticky id=109 dist=8
2026-09-29 18:44:03.169  INFO   combat      wall/fence LOS blocked id=109 — A* detour hop to (352, 237)
2026-09-29 18:44:03.745  INFO   loot        begin_loot_item id=115
2026-09-29 18:44:03.889  INFO   loot        approach hop item=115 wp=(352, 237) reason=walk onto item
2026-09-29 18:44:03.909  INFO   loot        farm branch=loot item_id=115
2026-09-29 18:44:03.930  INFO   decision    mode=traveling goal=loot action=searching target=115 sticky=- origin=(349,244) shop=0 scrolled=0 reason='walk onto item' status=success
2026-09-29 18:44:04.570  INFO   session     Entity shadow: vision=2 {'item': 1, 'npc': 1} memory=5 {'item': 2, 'player': 1, 'monster': 2} paired=1 median=0.045 unleveled=10:警衛,68:警衛
2026-09-29 18:44:04.628  INFO   loot        farm branch=loot item_id=115
2026-09-29 18:44:05.009  INFO   search      farm branch=none (wander/search next)
2026-09-29 18:44:05.298  INFO   travel      hop begin wp=(345, 241) purpose=enter_farm reason=enter farm, walk around
2026-09-29 18:44:05.323  INFO   decision    mode=traveling goal=traveling action=traveling target=- sticky=- origin=(350,242) shop=0 scrolled=0 reason='enter farm, walk around' status=success
2026-09-29 18:44:06.010  INFO   search      farm branch=none (wander/search next)
2026-09-29 18:44:06.831  INFO   search      farm branch=none (wander/search next)
2026-09-29 18:44:07.561  INFO   travel      hop begin wp=(345, 237) purpose=enter_farm reason=enter farm, walk around
2026-09-29 18:44:08.238  INFO   search      farm branch=none (wander/search next)
2026-09-29 18:44:08.696  INFO   search      farm branch=none (wander/search next)
2026-09-29 18:44:09.050  INFO   travel      hop arrive wp=(345, 237) purpose=enter_farm
2026-09-29 18:44:09.102  INFO   travel      hop begin wp=(348, 239) purpose=enter_farm reason=enter farm area
2026-09-29 18:44:09.753  INFO   session     Entity shadow: vision=7 {'player': 3, 'npc': 4} memory=23 {'player': 15, 'item': 1, 'monster': 4, 'npc': 3} paired=4 median=0.021 unleveled=10:警衛,14:青蛙,68:警衛
2026-09-29 18:44:09.881  INFO   search      farm branch=none (wander/search next)
2026-09-29 18:44:10.300  INFO   search      farm branch=none (wander/search next)
2026-09-29 18:44:10.883  INFO   search      farm branch=none (wander/search next)
2026-09-29 18:44:11.235  INFO   travel      hop begin wp=(348, 239) purpose=enter_farm reason=enter farm area
2026-09-29 18:44:11.975  INFO   search      farm branch=none (wander/search next)
2026-09-29 18:44:11.976  INFO   travel      hop arrive wp=(348, 239) purpose=enter_farm
2026-09-29 18:44:12.025  INFO   travel      hop begin wp=(348, 239) purpose=enter_farm reason=enter farm area
2026-09-29 18:44:12.818  INFO   search      farm branch=none (wander/search next)
2026-09-29 18:44:13.497  INFO   travel      hop arrive wp=(348, 239) purpose=enter_farm
2026-09-29 18:44:13.546  INFO   travel      hop begin wp=(351, 241) purpose=enter_farm reason=enter farm area
2026-09-29 18:44:14.247  INFO   search      farm branch=none (wander/search next)
2026-09-29 18:44:14.473  INFO   search      farm branch=none (wander/search next)
2026-09-29 18:44:14.975  INFO   session     Entity shadow: vision=2 {'player': 1, 'npc': 1} memory=4 {'monster': 3, 'item': 1} paired=0 median=0.000 unleveled=10:警衛,68:警衛
2026-09-29 18:44:15.063  INFO   search      farm branch=none (wander/search next)
2026-09-29 18:44:15.508  INFO   combat      farm branch=screen_combat id=117 dist=2
2026-09-29 18:44:15.745  INFO   combat      engage id=117 species=monster_오크_2 rel=(2,0)
2026-09-29 18:44:15.770  INFO   decision    mode=traveling goal=combat action=attack target=117 sticky=117 origin=(350,242) shop=0 scrolled=0 reason='screen engage' status=success
2026-09-29 18:44:16.495  INFO   search      farm branch=none (wander/search next)
2026-09-29 18:44:16.497  INFO   travel      hop begin wp=(345, 242) purpose=enter_farm reason=enter farm, walk around
2026-09-29 18:44:16.511  INFO   decision    mode=traveling goal=traveling action=traveling target=- sticky=- origin=(350,243) shop=0 scrolled=0 reason='enter farm, walk around' status=success
2026-09-29 18:44:17.120  INFO   search      farm branch=none (wander/search next)
2026-09-29 18:44:17.349  INFO   search      farm branch=none (wander/search next)
2026-09-29 18:44:17.793  INFO   search      farm branch=none (wander/search next)
2026-09-29 18:44:18.608  INFO   session     Paused — hotkey
2026-09-29 18:44:19.594  INFO   session     Stop → Stopped
2026-09-29 18:44:19.833  INFO   session     Bot worker exited
