2026-09-21 01:08:24.123  INFO   session     Loading Manmabot from D:\ManmabotV1\engine
2026-09-21 01:08:24.128  INFO   session     Session log D:\ManmabotV1\engine\logs\bot-20260921-010824.log
2026-09-21 01:08:24.128  INFO   session     character=elf loot=all_items game_lang=ko map=talking_island farms=['area_1', 'area_2', 'area_3', 'area_4'] file=D:\ManmabotV1\engine\logs\bot-20260921-010824.log
2026-09-21 01:08:24.336  INFO   session     Auto-resume → Running
2026-09-21 01:08:24.345  INFO   nav         building portal graph (cluster=32, 479x511)
2026-09-21 01:08:24.598  INFO   nav         portal graph: 188 components, 254 ms
2026-09-21 01:08:24.605  INFO   nav         farms=4 safe=11 home=(354, 203) (files farm=D:\ManmabotV1\engine\maps\talking_island\farms.yaml safe=D:\ManmabotV1\engine\maps\talking_island\safe.yaml home=D:\ManmabotV1\engine\maps\talking_island\home.yaml)
2026-09-21 01:08:24.858  INFO   capture     mss window capture process='LC.exe' title=None content_aspect=4:3
2026-09-21 01:08:24.878  INFO   session     Auto-pause (cursor_outside)
2026-09-21 01:08:25.174  INFO   session     Auto-resume → Running
2026-09-21 01:08:25.244  INFO   session     Memory monitor connected
2026-09-21 01:08:25.248  INFO   session     Scanning hotbar (skill boxes 1–3)…
2026-09-21 01:08:25.443  INFO   session     Auto-pause (cursor_outside)
2026-09-21 01:08:25.719  INFO   session     Auto-resume → Running
2026-09-21 01:08:26.031  INFO   session     Auto-pause (cursor_outside)
2026-09-21 01:08:26.424  INFO   session     Auto-resume → Running
2026-09-21 01:08:26.758  INFO   session     Auto-pause (cursor_outside)
2026-09-21 01:08:27.025  INFO   session     Auto-resume → Running
2026-09-21 01:08:27.354  INFO   session     Auto-pause (cursor_outside)
2026-09-21 01:08:27.794  INFO   session     Auto-resume → Running
2026-09-21 01:08:28.133  INFO   session     Auto-pause (cursor_outside)
2026-09-21 01:08:28.405  INFO   session     Auto-resume → Running
2026-09-21 01:08:28.680  INFO   session     Auto-pause (cursor_outside)
2026-09-21 01:08:29.125  INFO   session     Auto-resume → Running
2026-09-21 01:08:29.443  INFO   session     Hotbar scan done · talking_scroll@box1/f8
2026-09-21 01:08:29.448  INFO   session     Potion restock armed · no hp_potion on hotbar
2026-09-21 01:08:29.451  INFO   session     Unmapped hotbar icons: box1/f5:체력 회복제
2026-09-21 01:08:29.455  INFO   session     Loop ready · elf · ko · map=talking_island · loot=all_items · farms=['area_1', 'area_2', 'area_3', 'area_4']
2026-09-21 01:08:29.473  INFO   session     Auto-pause (cursor_outside)
2026-09-21 01:08:29.746  INFO   session     Auto-resume → Running
2026-09-21 01:08:30.024  INFO   session     Auto-pause (cursor_outside)
2026-09-21 01:08:30.292  INFO   session     Auto-resume → Running
2026-09-21 01:08:30.465  INFO   decision    mode=farming behavior=talking_scroll action=use_talking_scroll target=- reason='go to shop (buy_hp_potions)' status=success
2026-09-21 01:08:30.557  INFO   session     Auto-pause (cursor_outside)
2026-09-21 01:08:30.822  INFO   session     Auto-resume → Running
2026-09-21 01:08:31.345  INFO   nav         async nav configure start map=mainland
2026-09-21 01:08:31.509  INFO   decision    mode=farming behavior=shop action=shop_stop target=- reason='stop at shop' status=success
2026-09-21 01:08:31.975  INFO   nav         building portal graph (cluster=32, 1755x1414)
2026-09-21 01:08:35.500  INFO   nav         portal graph: 2586 components, 3525 ms
2026-09-21 01:08:35.504  INFO   nav         farms=6 safe=0 home=None (files farm=D:\ManmabotV1\engine\maps\mainland\farms.yaml safe=D:\ManmabotV1\engine\maps\mainland\safe.yaml home=D:\ManmabotV1\engine\maps\mainland\home.yaml)
2026-09-21 01:08:35.504  INFO   nav         async nav configure done map=mainland (4159 ms)
2026-09-21 01:08:36.404  INFO   decision    mode=traveling behavior=traveling action=traveling target=- reason='unstick' status=success
2026-09-21 01:08:42.056  INFO   session     Auto-pause (cursor_outside)
2026-09-21 01:08:42.328  INFO   session     Auto-resume → Running
2026-09-21 01:08:42.600  INFO   session     Auto-pause (cursor_outside)
2026-09-21 01:08:42.884  INFO   session     Auto-resume → Running
2026-09-21 01:08:43.992  INFO   session     Paused — hotkey
2026-09-21 01:09:04.451  INFO   session     Hotkey resume → Running
2026-09-21 01:09:07.528  INFO   session     Paused — hotkey
2026-09-21 01:09:26.591  INFO   session     Stop → Stopped
2026-09-21 01:09:32.763  INFO   session     Bot worker exited
