2026-09-28 00:27:57.465  INFO   session     Loading Manmabot from D:\ManmabotV1_final\engine
2026-09-28 00:27:57.471  INFO   session     Session log D:\ManmabotV1_final\engine\logs\bot-20260928-002757.log
2026-09-28 00:27:57.471  INFO   session     character=elf loot=all_items game_lang=ko map=talking_island farms=['area_1', 'area_3'] file=D:\ManmabotV1_final\engine\logs\bot-20260928-002757.log
2026-09-28 00:27:57.775  INFO   nav         building portal graph (cluster=32, 479x511)
2026-09-28 00:27:58.095  INFO   nav         portal graph: 188 components, 320 ms
2026-09-28 00:27:58.104  INFO   nav         farms=2 safe=11 home=(354, 203) (files farm=D:\ManmabotV1_final\engine\maps\talking_island\farms.yaml safe=D:\ManmabotV1_final\engine\maps\talking_island\safe.yaml home=D:\ManmabotV1_final\engine\maps\talking_island\home.yaml)
2026-09-28 00:27:58.356  INFO   capture     mss window capture process='LC.exe' title=None content_aspect=4:3
2026-09-28 00:27:58.873  INFO   session     Entity clicks use memory names, species, and world cells. Image recognition still runs. Set memory.entity_source to vision to restore image-only clicks.
2026-09-28 00:27:58.891  INFO   session     Player memory is read in this process (realtime_monitor.dll, offsets.json). No separate console.
2026-09-28 00:27:58.906  INFO   session     인벤토리를 백그라운드에서 스캔 중 (inventory_listen.dll 또는 inv.json을 두세요).
2026-09-28 00:27:58.938  INFO   session     메모리에서 핫바 24칸을 읽는 중…
2026-09-28 00:27:59.042  INFO   session     핫바 스캔 완료 · 파워 업@box2/f8, 아머 업@box2/f5, 라이트@box1/f10, 힐@box1/f9, HP 물약@box1/f9, 텔레포트@box1/f11, 마법 공격@box1/f12, 말하는 두루마리@box1/f5
2026-09-28 00:27:59.079  INFO   session     매핑되지 않은 핫바 아이콘: box1/f6:작은 활 (무장), box1/f7:나무 화살, box1/f8:아데나
2026-09-28 00:27:59.096  INFO   session     루프 준비 · 요정 · 한국어 · 맵=말하는 섬 · 룻=전부 줍기 · 구역=구역 1, 구역 3
2026-09-28 00:27:59.813  INFO   session     Entity shadow: vision=5 {'npc': 3, 'player': 2} memory=7 {'monster': 3, 'npc': 4} paired=1 median=0.069 unleveled=208:兔子,68:警衛,10:警衛
2026-09-28 00:27:59.879  INFO   session     인벤토리 수신 준비 (dll) · hp=0 화살=461 은화살=139 해독=0
2026-09-28 00:27:59.909  INFO   decision    mode=farming behavior=buff action=buff target=- reason='armor_up' status=success
2026-09-28 00:28:01.086  INFO   decision    mode=traveling behavior=traveling action=traveling target=- reason='enter farm area' status=success
2026-09-28 00:28:05.322  INFO   session     Entity shadow: vision=5 {'npc': 3, 'player': 2} memory=6 {'npc': 3, 'monster': 3} paired=1 median=0.092 unleveled=208:兔子,68:警衛,10:警衛
2026-09-28 00:28:05.788  INFO   session     일시정지 — 단축키
2026-09-28 00:28:08.110  INFO   session     재개 → 실행 중
2026-09-28 00:28:10.342  INFO   decision    mode=traveling behavior=buff action=buff target=- reason='light' status=success
2026-09-28 00:28:10.941  INFO   session     Entity shadow: vision=5 {'player': 2, 'monster': 1, 'npc': 2} memory=8 {'npc': 3, 'monster': 4, 'player': 1} paired=3 median=0.040 unleveled=208:兔子,68:警衛,10:警衛
2026-09-28 00:28:11.285  INFO   decision    mode=traveling behavior=traveling action=traveling target=- reason='enter farm area' status=success
2026-09-28 00:28:16.423  INFO   session     Entity shadow: vision=9 {'npc': 2, 'player': 5, 'monster': 2} memory=16 {'player': 9, 'monster': 2, 'npc': 5} paired=6 median=0.074 unleveled=208:兔子,10:警衛
2026-09-28 00:28:21.669  INFO   session     Entity shadow: vision=16 {'player': 14, 'npc': 2} memory=40 {'npc': 9, 'player': 31} paired=15 median=0.024
2026-09-28 00:28:27.740  INFO   session     Entity shadow: vision=36 {'player': 31, 'npc': 4, 'monster': 1} memory=62 {'player': 51, 'npc': 10, 'monster': 1} paired=32 median=0.045 unleveled=319:?
2026-09-28 00:28:33.304  INFO   session     Entity shadow: vision=12 {'player': 9, 'npc': 3} memory=25 {'npc': 10, 'player': 15} paired=10 median=0.053
2026-09-28 00:28:38.522  INFO   session     Entity shadow: vision=6 {'player': 2, 'npc': 4} memory=20 {'player': 14, 'monster': 2, 'npc': 4} paired=3 median=0.051 unleveled=10:警衛,68:警衛
2026-09-28 00:28:44.335  INFO   session     Entity shadow: vision=5 {'player': 2, 'npc': 3} memory=4 {'monster': 2, 'player': 1, 'npc': 1} paired=2 median=0.054 unleveled=10:警衛,68:警衛
2026-09-28 00:28:44.702  INFO   decision    mode=traveling behavior=traveling action=traveling target=- reason='enter farm area' status=success (repeat)
2026-09-28 00:28:49.409  INFO   session     Entity shadow: vision=4 {'player': 2, 'npc': 2} memory=5 {'player': 3, 'monster': 2} paired=1 median=0.030 unleveled=10:警衛,68:警衛
2026-09-28 00:28:54.545  INFO   session     Entity shadow: vision=5 {'player': 2, 'npc': 3} memory=5 {'npc': 1, 'player': 2, 'monster': 2} paired=2 median=0.062 unleveled=10:警衛,68:警衛
2026-09-28 00:28:59.748  INFO   session     Entity shadow: vision=3 {'npc': 3} memory=2 {'monster': 2} paired=0 median=0.000 unleveled=10:警衛,68:警衛
2026-09-28 00:29:04.784  INFO   session     Entity shadow: vision=4 {'player': 2, 'npc': 2} memory=4 {'player': 2, 'monster': 2} paired=1 median=0.036 unleveled=10:警衛,68:警衛
2026-09-28 00:29:07.586  INFO   decision    mode=traveling behavior=traveling action=traveling target=- reason='enter farm area' status=success (repeat)
2026-09-28 00:29:09.976  INFO   session     Entity shadow: vision=5 {'player': 2, 'npc': 2, 'monster': 1} memory=7 {'player': 4, 'npc': 1, 'monster': 2} paired=2 median=0.035 unleveled=10:警衛,68:警衛
2026-09-28 00:29:14.978  INFO   session     Entity shadow: vision=5 {'player': 2, 'npc': 3} memory=3 {'monster': 2, 'player': 1} paired=1 median=0.080 unleveled=10:警衛,68:警衛
2026-09-28 00:29:20.623  INFO   session     Entity shadow: vision=4 {'player': 3, 'npc': 1} memory=7 {'player': 3, 'npc': 1, 'monster': 3} paired=1 median=0.041 unleveled=10:警衛,68:警衛
2026-09-28 00:29:25.800  INFO   session     Entity shadow: vision=2 {'player': 1, 'npc': 1} memory=3 {'npc': 2, 'player': 1} paired=1 median=0.011
2026-09-28 00:29:28.789  INFO   decision    mode=traveling behavior=traveling action=traveling target=- reason='enter farm, walk around' status=success (repeat)
2026-09-28 00:29:30.995  INFO   session     Entity shadow: vision=1 {'npc': 1} memory=5 {'monster': 1, 'player': 2, 'npc': 2} paired=1 median=0.021 unleveled=14:青蛙
2026-09-28 00:29:36.106  INFO   session     Entity shadow: vision=2 {'player': 1, 'npc': 1} memory=4 {'monster': 1, 'player': 1, 'npc': 2} paired=1 median=0.010 unleveled=14:青蛙
2026-09-28 00:29:41.141  INFO   session     Entity shadow: vision=2 {'player': 2} memory=2 {'monster': 1, 'player': 1} paired=0 median=0.000 unleveled=14:青蛙
2026-09-28 00:29:46.220  INFO   session     Entity shadow: vision=3 {'player': 1, 'npc': 2} memory=5 {'monster': 4, 'player': 1} paired=0 median=0.000 unleveled=14:青蛙,10:警衛,68:警衛
2026-09-28 00:29:48.395  INFO   decision    mode=traveling behavior=traveling action=traveling target=- reason='enter farm area' status=success (repeat)
2026-09-28 00:29:51.741  INFO   session     Entity shadow: vision=5 {'player': 1, 'npc': 3, 'monster': 1} memory=3 {'monster': 3} paired=0 median=0.000 unleveled=14:青蛙,10:警衛,68:警衛
2026-09-28 00:29:52.690  INFO   decision    mode=traveling behavior=combat action=attack target=154 reason='engage target' status=success
2026-09-28 00:29:56.739  INFO   decision    mode=traveling behavior=traveling action=traveling target=- reason='enter farm area' status=success
2026-09-28 00:29:57.247  INFO   session     Entity shadow: vision=2 {'player': 1, 'npc': 1} memory=2 {'player': 1, 'npc': 1} paired=1 median=0.030
2026-09-28 00:30:02.742  INFO   session     Entity shadow: vision=3 {'player': 2, 'npc': 1} memory=3 {'player': 1, 'monster': 1, 'npc': 1} paired=2 median=0.062 unleveled=208:兔子
2026-09-28 00:30:07.962  INFO   session     Entity shadow: vision=3 {'player': 2, 'npc': 1} memory=2 {'player': 1, 'monster': 1} paired=1 median=0.029 unleveled=208:兔子
2026-09-28 00:30:13.320  INFO   session     Entity shadow: vision=3 {'player': 2, 'npc': 1} memory=3 {'player': 1, 'monster': 2} paired=1 median=0.035 unleveled=208:兔子,68:警衛
2026-09-28 00:30:17.910  INFO   decision    mode=traveling behavior=traveling action=traveling target=- reason='enter farm area' status=success (repeat)
2026-09-28 00:30:18.300  INFO   session     Entity shadow: vision=2 {'player': 1, 'npc': 1} memory=2 {'monster': 2} paired=0 median=0.000 unleveled=68:警衛,208:兔子
2026-09-28 00:30:23.361  INFO   session     Entity shadow: vision=1 {'player': 1} memory=0 {} paired=0 median=0.000
2026-09-28 00:30:28.404  INFO   session     Entity shadow: vision=1 {'player': 1} memory=1 {'monster': 1} paired=0 median=0.000 unleveled=207:兔子
2026-09-28 00:30:33.548  INFO   session     Entity shadow: vision=1 {'player': 1} memory=2 {'monster': 2} paired=0 median=0.000 unleveled=206:兔子,207:兔子
2026-09-28 00:30:36.862  INFO   decision    mode=traveling behavior=traveling action=traveling target=- reason='enter farm area' status=success (repeat)
2026-09-28 00:30:38.905  INFO   session     Entity shadow: vision=1 {'player': 1} memory=2 {'monster': 2} paired=0 median=0.000 unleveled=207:兔子
2026-09-28 00:30:38.942  INFO   decision    mode=traveling behavior=combat action=attack target=166 reason='engage target' status=success
2026-09-28 00:30:44.284  INFO   session     Entity shadow: vision=2 {'player': 1, 'monster': 1} memory=2 {'monster': 2} paired=1 median=0.005 unleveled=207:兔子
2026-09-28 00:30:45.336  INFO   decision    mode=traveling behavior=loot action=pickup target=167 reason='engage item' status=success
2026-09-28 00:30:45.865  INFO   decision    mode=traveling behavior=loot action=idle target=- reason='pickup settle' status=success
2026-09-28 00:30:46.711  INFO   decision    mode=traveling behavior=traveling action=traveling target=- reason='enter farm area' status=success
2026-09-28 00:30:49.580  INFO   session     Entity shadow: vision=1 {'player': 1} memory=1 {'monster': 1} paired=0 median=0.000 unleveled=207:兔子
2026-09-28 00:30:52.347  INFO   decision    mode=traveling behavior=combat action=attack target=168 reason='engage target' status=success
2026-09-28 00:30:54.982  INFO   session     Entity shadow: vision=1 {'player': 1} memory=2 {'player': 1, 'monster': 1} paired=0 median=0.000
2026-09-28 00:31:00.155  INFO   session     Entity shadow: vision=2 {'player': 2} memory=2 {'player': 1, 'monster': 1} paired=1 median=0.032
2026-09-28 00:31:04.320  INFO   decision    mode=traveling behavior=loot action=pickup target=172 reason='engage item' status=success
2026-09-28 00:31:04.982  INFO   decision    mode=traveling behavior=loot action=idle target=- reason='pickup settle' status=success
2026-09-28 00:31:05.411  INFO   session     Entity shadow: vision=3 {'player': 2, 'monster': 1} memory=4 {'player': 2, 'monster': 1, 'item': 1} paired=2 median=0.040
2026-09-28 00:31:05.478  INFO   decision    mode=traveling behavior=traveling action=traveling target=- reason='enter farm area' status=success
2026-09-28 00:31:10.437  INFO   session     Entity shadow: vision=2 {'player': 2} memory=2 {'player': 2} paired=2 median=0.028
2026-09-28 00:31:15.511  INFO   session     Entity shadow: vision=3 {'player': 2, 'monster': 1} memory=1 {'player': 1} paired=0 median=0.000
2026-09-28 00:31:19.038  INFO   decision    mode=traveling behavior=loot action=searching target=174 reason='walk onto item' status=success
2026-09-28 00:31:19.577  INFO   decision    mode=traveling behavior=traveling action=traveling target=- reason='enter farm area' status=success
2026-09-28 00:31:20.891  INFO   session     Entity shadow: vision=3 {'player': 2, 'monster': 1} memory=1 {'player': 1} paired=1 median=0.013
2026-09-28 00:31:26.030  INFO   session     Entity shadow: vision=3 {'monster': 3} memory=0 {} paired=0 median=0.000
2026-09-28 00:31:31.117  INFO   session     Entity shadow: vision=2 {'monster': 1, 'item': 1} memory=3 {'player': 1, 'item': 2} paired=1 median=0.032
2026-09-28 00:31:31.159  INFO   decision    mode=traveling behavior=loot action=searching target=175 reason='walk onto item' status=success
2026-09-28 00:31:36.546  INFO   session     Entity shadow: vision=2 {'player': 1, 'item': 1} memory=2 {'player': 1, 'item': 1} paired=1 median=0.032
2026-09-28 00:31:37.219  INFO   decision    mode=traveling behavior=loot action=pickup target=175 reason='loot target' status=success
2026-09-28 00:31:37.756  INFO   decision    mode=traveling behavior=loot action=idle target=- reason='pickup settle' status=success
2026-09-28 00:31:38.425  INFO   decision    mode=traveling behavior=traveling action=traveling target=- reason='enter farm area' status=success
2026-09-28 00:31:40.163  INFO   decision    mode=traveling behavior=loot action=searching target=175 reason='walk onto item' status=success
2026-09-28 00:31:41.522  INFO   session     Entity shadow: vision=2 {'player': 1, 'item': 1} memory=2 {'player': 1, 'item': 1} paired=1 median=0.020
2026-09-28 00:31:42.355  INFO   decision    mode=traveling behavior=loot action=pickup target=175 reason='loot target' status=success
2026-09-28 00:31:42.845  INFO   decision    mode=traveling behavior=loot action=idle target=- reason='pickup settle' status=success
2026-09-28 00:31:43.600  INFO   decision    mode=traveling behavior=traveling action=traveling target=- reason='enter farm area' status=success
2026-09-28 00:31:46.878  INFO   session     Entity shadow: vision=1 {'player': 1} memory=0 {} paired=0 median=0.000
2026-09-28 00:31:51.820  INFO   session     Entity shadow: vision=2 {'monster': 1, 'player': 1} memory=1 {'player': 1} paired=1 median=0.051
2026-09-28 00:31:52.988  INFO   decision    mode=traveling behavior=loot action=searching target=183 reason='walk onto item' status=success
2026-09-28 00:31:56.825  INFO   session     Entity shadow: vision=2 {'player': 1, 'item': 1} memory=2 {'player': 1, 'item': 1} paired=1 median=0.048
2026-09-28 00:32:01.842  INFO   session     Entity shadow: vision=4 {'monster': 1, 'item': 2, 'player': 1} memory=3 {'player': 1, 'item': 2} paired=3 median=0.014
2026-09-28 00:32:03.482  INFO   decision    mode=traveling behavior=loot action=pickup target=183 reason='loot target' status=success
2026-09-28 00:32:04.204  INFO   decision    mode=traveling behavior=loot action=idle target=- reason='pickup settle' status=success
2026-09-28 00:32:04.655  INFO   decision    mode=traveling behavior=loot action=searching target=188 reason='walk onto item' status=success
2026-09-28 00:32:06.906  INFO   session     Entity shadow: vision=1 {'player': 1} memory=2 {'monster': 1, 'item': 1} paired=0 median=0.000
2026-09-28 00:32:08.548  INFO   decision    mode=traveling behavior=loot action=pickup target=188 reason='loot target' status=success
2026-09-28 00:32:09.193  INFO   decision    mode=traveling behavior=loot action=idle target=- reason='pickup settle' status=success
2026-09-28 00:32:09.852  INFO   decision    mode=traveling behavior=combat action=attack target=189 reason='engage target' status=success
2026-09-28 00:32:11.979  INFO   session     Entity shadow: vision=1 {'monster': 1} memory=1 {'monster': 1} paired=1 median=0.011
2026-09-28 00:32:17.372  INFO   session     Entity shadow: vision=1 {'monster': 1} memory=1 {'monster': 1} paired=1 median=0.040
2026-09-28 00:32:19.646  INFO   decision    mode=traveling behavior=traveling action=traveling target=- reason='enter farm area' status=success
2026-09-28 00:32:22.733  INFO   session     Entity shadow: vision=0 {} memory=0 {} paired=0 median=0.000
2026-09-28 00:32:23.815  INFO   decision    mode=traveling behavior=combat action=attack target=191 reason='engage target' status=success
2026-09-28 00:32:26.681  INFO   decision    mode=traveling behavior=combat action=attack target=192 reason='engage target' status=success
2026-09-28 00:32:27.806  INFO   session     Entity shadow: vision=2 {'monster': 1, 'item': 1} memory=1 {'item': 1} paired=1 median=0.019
2026-09-28 00:32:27.851  INFO   decision    mode=traveling behavior=loot action=searching target=193 reason='walk onto item' status=success
2026-09-28 00:32:32.903  INFO   session     Entity shadow: vision=0 {} memory=4 {'player': 1, 'monster': 2, 'item': 1} paired=0 median=0.000
2026-09-28 00:32:33.652  INFO   decision    mode=traveling behavior=traveling action=traveling target=- reason='enter farm, walk around' status=success
2026-09-28 00:32:37.993  INFO   session     Entity shadow: vision=2 {'monster': 1, 'item': 1} memory=2 {'player': 2} paired=0 median=0.000
2026-09-28 00:32:41.986  INFO   decision    mode=farming behavior=search action=searching target=- reason='search area' status=success
2026-09-28 00:32:43.203  INFO   session     Entity shadow: vision=3 {'player': 2, 'monster': 1} memory=3 {'monster': 1, 'item': 1, 'player': 1} paired=2 median=0.084
2026-09-28 00:32:43.252  INFO   decision    mode=farming behavior=loot action=searching target=200 reason='walk onto item' status=success
2026-09-28 00:32:48.257  INFO   session     Entity shadow: vision=5 {'npc': 1, 'item': 4} memory=2 {'item': 2} paired=2 median=0.026
2026-09-28 00:32:51.785  INFO   decision    mode=farming behavior=loot action=pickup target=200 reason='loot target' status=success
2026-09-28 00:32:52.403  INFO   decision    mode=farming behavior=loot action=idle target=- reason='pickup settle' status=success
2026-09-28 00:32:52.958  INFO   decision    mode=farming behavior=loot action=searching target=202 reason='walk onto item' status=success
2026-09-28 00:32:53.328  INFO   session     Entity shadow: vision=3 {'item': 1, 'player': 1, 'monster': 1} memory=7 {'monster': 6, 'item': 1} paired=2 median=0.052
2026-09-28 00:32:58.058  INFO   decision    mode=farming behavior=loot action=pickup target=202 reason='loot target' status=success
2026-09-28 00:32:58.577  INFO   session     Entity shadow: vision=3 {'player': 1, 'monster': 1, 'item': 1} memory=5 {'monster': 4, 'item': 1} paired=2 median=0.018
2026-09-28 00:32:58.653  INFO   decision    mode=farming behavior=loot action=idle target=- reason='pickup settle' status=success
2026-09-28 00:32:59.620  INFO   decision    mode=farming behavior=combat action=attack target=213 reason='engage target' status=success
2026-09-28 00:33:01.308  INFO   decision    mode=farming behavior=loot action=searching target=215 reason='walk onto item' status=success
2026-09-28 00:33:04.463  INFO   session     Entity shadow: vision=6 {'player': 1, 'monster': 3, 'item': 2} memory=8 {'monster': 6, 'item': 2} paired=5 median=0.030
2026-09-28 00:33:06.943  INFO   decision    mode=farming behavior=combat action=attack target=212 reason='engage target' status=success
2026-09-28 00:33:07.742  INFO   decision    mode=farming behavior=loot action=searching target=202 reason='walk onto item' status=success
2026-09-28 00:33:08.320  INFO   decision    mode=farming behavior=combat action=attack target=212 reason='engage target' status=success
2026-09-28 00:33:09.482  INFO   decision    mode=farming behavior=loot action=searching target=202 reason='walk onto item' status=success
2026-09-28 00:33:10.024  INFO   session     Entity shadow: vision=5 {'item': 2, 'monster': 2, 'player': 1} memory=4 {'monster': 2, 'item': 2} paired=4 median=0.010
2026-09-28 00:33:10.088  INFO   decision    mode=farming behavior=combat action=attack target=212 reason='engage target' status=success
2026-09-28 00:33:10.743  INFO   decision    mode=farming behavior=loot action=searching target=202 reason='walk onto item' status=success
2026-09-28 00:33:11.233  INFO   decision    mode=farming behavior=combat action=attack target=212 reason='engage target' status=success
2026-09-28 00:33:12.191  INFO   decision    mode=farming behavior=loot action=searching target=202 reason='walk onto item' status=success
2026-09-28 00:33:12.841  INFO   decision    mode=farming behavior=combat action=attack target=212 reason='engage target' status=success
2026-09-28 00:33:13.711  INFO   decision    mode=farming behavior=loot action=searching target=202 reason='walk onto item' status=success
2026-09-28 00:33:14.343  INFO   decision    mode=farming behavior=combat action=attack target=212 reason='engage target' status=success
2026-09-28 00:33:14.954  INFO   decision    mode=farming behavior=loot action=searching target=202 reason='walk onto item' status=success
2026-09-28 00:33:15.435  INFO   session     Entity shadow: vision=4 {'player': 1, 'item': 2, 'monster': 1} memory=4 {'monster': 2, 'item': 2} paired=3 median=0.018
2026-09-28 00:33:15.493  INFO   decision    mode=farming behavior=combat action=attack target=212 reason='engage target' status=success
2026-09-28 00:33:16.342  INFO   decision    mode=farming behavior=loot action=searching target=202 reason='walk onto item' status=success
2026-09-28 00:33:16.921  INFO   decision    mode=retreating behavior=retreating action=teleport target=- reason='retreat teleport' status=success
2026-09-28 00:33:18.041  INFO   decision    mode=retreating behavior=talking_scroll action=use_talking_scroll target=- reason='retreat, 허수아비 수련장' status=success
2026-09-28 00:33:19.887  INFO   decision    mode=retreating behavior=heal action=heal target=- reason='heal after teleport' status=success
2026-09-28 00:33:21.394  INFO   session     Entity shadow: vision=12 {'player': 8, 'monster': 2, 'npc': 2} memory=16 {'monster': 5, 'player': 11} paired=10 median=0.017 unleveled=10:警衛,20:?
2026-09-28 00:33:26.805  INFO   session     Entity shadow: vision=12 {'npc': 2, 'player': 7, 'monster': 3} memory=16 {'monster': 5, 'player': 11} paired=9 median=0.017 unleveled=10:警衛,20:?
2026-09-28 00:33:32.487  INFO   session     Entity shadow: vision=13 {'npc': 4, 'player': 7, 'monster': 2} memory=17 {'monster': 5, 'player': 12} paired=9 median=0.018 unleveled=10:警衛,20:?
2026-09-28 00:33:38.327  INFO   session     Entity shadow: vision=10 {'player': 9, 'npc': 1} memory=15 {'player': 12, 'monster': 3} paired=9 median=0.022 unleveled=10:警衛,20:?,19:?
2026-09-28 00:33:44.102  INFO   session     Entity shadow: vision=10 {'player': 9, 'npc': 1} memory=10 {'player': 9, 'monster': 1} paired=8 median=0.019 unleveled=10:警衛
2026-09-28 00:33:49.815  INFO   session     Entity shadow: vision=3 {'player': 3} memory=3 {'player': 3} paired=3 median=0.028
2026-09-28 00:33:55.951  INFO   session     Entity shadow: vision=4 {'player': 4} memory=3 {'player': 3} paired=3 median=0.036
2026-09-28 00:34:00.968  INFO   session     Entity shadow: vision=4 {'player': 3, 'npc': 1} memory=3 {'player': 2, 'monster': 1} paired=2 median=0.074 unleveled=68:警衛
2026-09-28 00:34:06.563  INFO   session     Entity shadow: vision=5 {'player': 3, 'npc': 2} memory=5 {'player': 2, 'monster': 3} paired=2 median=0.068 unleveled=189:鹿,10:警衛,68:警衛
2026-09-28 00:34:11.988  INFO   session     Entity shadow: vision=4 {'npc': 2, 'player': 2} memory=4 {'monster': 3, 'player': 1} paired=1 median=0.022 unleveled=189:鹿,10:警衛,68:警衛
2026-09-28 00:34:16.364  INFO   decision    mode=retreating behavior=heal action=heal target=- reason='heal after teleport' status=success (repeat)
2026-09-28 00:34:17.467  INFO   session     Entity shadow: vision=4 {'npc': 2, 'player': 2} memory=4 {'monster': 3, 'player': 1} paired=1 median=0.027 unleveled=189:鹿,10:警衛,68:警衛
2026-09-28 00:34:17.507  INFO   decision    mode=retreating behavior=retreating action=idle target=- reason='retreating, waiting for hp' status=success
2026-09-28 00:34:22.502  INFO   session     Entity shadow: vision=4 {'player': 2, 'npc': 2} memory=4 {'monster': 3, 'player': 1} paired=1 median=0.024 unleveled=189:鹿,10:警衛,68:警衛
2026-09-28 00:34:27.729  INFO   session     Entity shadow: vision=4 {'player': 2, 'npc': 2} memory=4 {'monster': 3, 'player': 1} paired=1 median=0.024 unleveled=189:鹿,10:警衛,68:警衛
2026-09-28 00:34:29.553  INFO   decision    mode=traveling behavior=traveling action=traveling target=- reason='return to farm after retreat' status=success
2026-09-28 00:34:32.267  INFO   decision    mode=traveling behavior=combat action=attack target=243 reason='engage target' status=success
2026-09-28 00:34:33.096  INFO   session     Entity shadow: vision=5 {'player': 2, 'npc': 2, 'monster': 1} memory=5 {'monster': 4, 'player': 1} paired=2 median=0.053 unleveled=189:鹿,10:警衛,68:警衛
2026-09-28 00:34:34.678  INFO   decision    mode=traveling behavior=combat action=attack target=245 reason='engage target' status=success
2026-09-28 00:34:38.495  INFO   session     Entity shadow: vision=6 {'player': 1, 'npc': 3, 'monster': 2} memory=6 {'monster': 6} paired=2 median=0.066 unleveled=68:警衛,10:警衛
2026-09-28 00:34:43.828  INFO   session     Entity shadow: vision=7 {'player': 1, 'monster': 3, 'npc': 3} memory=6 {'monster': 6} paired=2 median=0.095 unleveled=189:鹿,68:警衛,10:警衛
2026-09-28 00:34:47.228  INFO   decision    mode=traveling behavior=combat action=attack target=239 reason='attack target' status=success
2026-09-28 00:34:48.920  INFO   session     Entity shadow: vision=8 {'player': 3, 'item': 1, 'npc': 3, 'monster': 1} memory=8 {'player': 2, 'monster': 5, 'item': 1} paired=4 median=0.060 unleveled=189:鹿,10:警衛,68:警衛
2026-09-28 00:34:48.948  INFO   decision    mode=traveling behavior=loot action=pickup target=251 reason='engage item' status=success
2026-09-28 00:34:49.760  INFO   decision    mode=traveling behavior=loot action=idle target=- reason='pickup settle' status=success
2026-09-28 00:34:50.132  INFO   decision    mode=traveling behavior=traveling action=traveling target=- reason='return to farm after retreat' status=success
2026-09-28 00:34:54.313  INFO   session     Entity shadow: vision=7 {'player': 3, 'npc': 3, 'monster': 1} memory=6 {'monster': 5, 'player': 1} paired=2 median=0.031 unleveled=189:鹿,10:警衛,68:警衛
2026-09-28 00:34:57.874  INFO   decision    mode=retreating behavior=retreating action=teleport target=- reason='retreat teleport' status=success
2026-09-28 00:34:59.299  INFO   session     Entity shadow: vision=6 {'player': 2, 'monster': 1, 'npc': 3} memory=7 {'monster': 6, 'player': 1} paired=2 median=0.017 unleveled=189:鹿,10:警衛,68:警衛
2026-09-28 00:34:59.338  INFO   decision    mode=retreating behavior=talking_scroll action=use_talking_scroll target=- reason='retreat, 펫 관리인' status=success
2026-09-28 00:35:01.254  INFO   decision    mode=retreating behavior=heal action=heal target=- reason='heal after teleport' status=success
2026-09-28 00:35:05.131  INFO   session     Entity shadow: vision=8 {'monster': 6, 'npc': 1, 'player': 1} memory=8 {'monster': 7, 'npc': 1} paired=7 median=0.017 unleveled=208:兔子
2026-09-28 00:35:10.548  INFO   session     Entity shadow: vision=7 {'monster': 5, 'player': 1, 'npc': 1} memory=7 {'monster': 6, 'npc': 1} paired=6 median=0.016 unleveled=208:兔子
2026-09-28 00:35:16.007  INFO   session     Entity shadow: vision=7 {'monster': 5, 'player': 1, 'npc': 1} memory=7 {'monster': 6, 'npc': 1} paired=6 median=0.017 unleveled=208:兔子
2026-09-28 00:35:21.332  INFO   session     Entity shadow: vision=6 {'monster': 4, 'npc': 1, 'player': 1} memory=6 {'npc': 1, 'monster': 5} paired=5 median=0.015
2026-09-28 00:35:24.652  INFO   decision    mode=retreating behavior=retreating action=idle target=- reason='retreating, waiting for hp' status=success
2026-09-28 00:35:26.557  INFO   session     Entity shadow: vision=7 {'monster': 5, 'npc': 1, 'player': 1} memory=6 {'npc': 1, 'monster': 5} paired=6 median=0.017
2026-09-28 00:35:31.656  INFO   session     Entity shadow: vision=6 {'monster': 4, 'npc': 1, 'player': 1} memory=6 {'npc': 1, 'monster': 5} paired=5 median=0.016
2026-09-28 00:35:36.285  INFO   decision    mode=traveling behavior=combat action=attack target=256 reason='engage target' status=success
2026-09-28 00:35:36.919  INFO   session     Entity shadow: vision=6 {'monster': 4, 'player': 1, 'npc': 1} memory=6 {'npc': 1, 'monster': 5} paired=5 median=0.016
2026-09-28 00:35:42.277  INFO   session     Entity shadow: vision=6 {'monster': 4, 'npc': 1, 'player': 1} memory=6 {'npc': 1, 'monster': 5} paired=5 median=0.016
2026-09-28 00:35:47.389  INFO   session     Entity shadow: vision=9 {'player': 3, 'monster': 5, 'npc': 1} memory=7 {'player': 1, 'npc': 1, 'monster': 5} paired=7 median=0.016
2026-09-28 00:35:51.481  INFO   decision    mode=traveling behavior=combat action=attack target=257 reason='engage target' status=success
2026-09-28 00:35:52.798  INFO   session     Entity shadow: vision=7 {'monster': 4, 'player': 2, 'npc': 1} memory=7 {'player': 1, 'npc': 1, 'monster': 5} paired=6 median=0.018
2026-09-28 00:35:58.034  INFO   session     Entity shadow: vision=8 {'npc': 1, 'monster': 5, 'player': 2} memory=8 {'player': 1, 'monster': 6, 'npc': 1} paired=7 median=0.017
2026-09-28 00:36:03.223  INFO   session     Entity shadow: vision=6 {'monster': 4, 'npc': 1, 'player': 1} memory=8 {'monster': 7, 'npc': 1} paired=5 median=0.014 unleveled=189:鹿
2026-09-28 00:36:06.676  INFO   decision    mode=traveling behavior=unstick action=teleport target=- reason='unstick confined' status=success
2026-09-28 00:36:08.229  INFO   session     Entity shadow: vision=6 {'monster': 4, 'npc': 1, 'player': 1} memory=8 {'monster': 7, 'npc': 1} paired=5 median=0.017 unleveled=189:鹿
2026-09-28 00:36:08.282  INFO   decision    mode=traveling behavior=combat action=attack target=264 reason='engage target' status=success
2026-09-28 00:36:13.740  INFO   session     Entity shadow: vision=7 {'monster': 5, 'npc': 1, 'player': 1} memory=8 {'monster': 7, 'npc': 1} paired=6 median=0.016 unleveled=189:鹿
2026-09-28 00:36:15.507  INFO   decision    mode=retreating behavior=retreating action=teleport target=- reason='retreat teleport' status=success
2026-09-28 00:36:16.892  INFO   decision    mode=retreating behavior=talking_scroll action=use_talking_scroll target=- reason='retreat, 마법서 상인' status=success
2026-09-28 00:36:18.686  INFO   decision    mode=retreating behavior=heal action=heal target=- reason='heal after teleport' status=success
2026-09-28 00:36:19.863  INFO   session     Entity shadow: vision=3 {'player': 1, 'npc': 2} memory=5 {'monster': 2, 'npc': 3} paired=0 median=0.000 unleveled=68:警衛,10:警衛
2026-09-28 00:36:25.302  INFO   session     Entity shadow: vision=4 {'monster': 1, 'npc': 2, 'player': 1} memory=7 {'monster': 3, 'player': 1, 'npc': 3} paired=0 median=0.000 unleveled=68:警衛,10:警衛
2026-09-28 00:36:28.857  INFO   session     일시정지 — 단축키
2026-09-28 00:38:50.862  INFO   session     정지 → 중지됨
2026-09-28 00:38:51.082  INFO   session     봇 작업이 종료되었습니다
