2026-09-24 21:13:41.908  INFO   session     Loading Manmabot from D:\Work\Lineage\ManmabotV1_final\engine
2026-09-24 21:13:41.911  INFO   session     Session log D:\Work\Lineage\ManmabotV1_final\engine\logs\bot-20260924-211341.log
2026-09-24 21:13:41.911  INFO   session     character=elf loot=all_items game_lang=ko map=talking_island farms=['area_2', 'area_1', 'area_3'] file=D:\Work\Lineage\ManmabotV1_final\engine\logs\bot-20260924-211341.log
2026-09-24 21:13:42.131  INFO   nav         building portal graph (cluster=32, 479x511)
2026-09-24 21:13:42.384  INFO   nav         portal graph: 188 components, 253 ms
2026-09-24 21:13:42.390  INFO   nav         farms=3 safe=11 home=(354, 203) (files farm=D:\Work\Lineage\ManmabotV1_final\engine\maps\talking_island\farms.yaml safe=D:\Work\Lineage\ManmabotV1_final\engine\maps\talking_island\safe.yaml home=D:\Work\Lineage\ManmabotV1_final\engine\maps\talking_island\home.yaml)
2026-09-24 21:13:42.724  INFO   capture     mss window capture process='LC.exe' title=None content_aspect=4:3
2026-09-24 21:13:43.102  INFO   session     Entity clicks use memory names, species, and world cells. Image recognition still runs. Set memory.entity_source to vision to restore image-only clicks.
2026-09-24 21:13:43.109  INFO   session     Player memory is read in this process (realtime_monitor.dll, offsets.json). No separate console.
2026-09-24 21:13:43.114  INFO   session     Inventory listen scanning in background (build inventory_listen.dll or place inv.json).
2026-09-24 21:13:43.120  INFO   session     Reading hotbar from memory (24 slots)…
2026-09-24 21:13:43.287  INFO   session     Hotbar scan done · power_up@box2/f8, armor_up@box2/f5, light@box1/f10, heal@box1/f9, hp_potion@box1/f5, teleport@box1/f11, mage_attack@box1/f12, talking_scroll@box1/f8
2026-09-24 21:13:43.296  INFO   session     Unmapped hotbar icons: box1/f6:화살, box1/f7:아데나
2026-09-24 21:13:43.326  INFO   session     Loop ready · elf · ko · map=talking_island · loot=all_items · farms=['area_2', 'area_1', 'area_3']
2026-09-24 21:13:44.074  INFO   session     Entity shadow: vision=15 {'monster': 1, 'player': 12, 'npc': 2} memory=28 {'npc': 6, 'player': 20, 'monster': 2} paired=10 median=0.047 unleveled=68:警衛,10:警衛
2026-09-24 21:13:44.115  INFO   session     Inventory listen ready (dll) · hp=5 arrows=791 silver=5 depoison=0
2026-09-24 21:13:44.140  INFO   decision    mode=farming behavior=buff action=buff target=- reason='armor_up' status=success
2026-09-24 21:13:45.115  INFO   decision    mode=traveling behavior=traveling action=traveling target=- reason='enter farm area' status=success
2026-09-24 21:13:49.253  INFO   session     Entity shadow: vision=8 {'player': 3, 'monster': 1, 'npc': 4} memory=23 {'monster': 3, 'npc': 5, 'player': 15} paired=2 median=0.039 unleveled=10:警衛,68:警衛
2026-09-24 21:13:50.709  INFO   session     Paused — hotkey
2026-09-24 21:14:00.388  INFO   session     Stop → Stopped
2026-09-24 21:14:10.257  INFO   session     Bot worker exited
