2026-09-23 18:00:04.762  INFO   session     Loading Manmabot from D:\Work\Lineage\ManmabotV1_final\engine
2026-09-23 18:00:04.766  INFO   session     Session log D:\Work\Lineage\ManmabotV1_final\engine\logs\bot-20260923-180004.log
2026-09-23 18:00:04.766  INFO   session     character=elf loot=all_items game_lang=ko map=talking_island farms=['area_1', 'area_2', 'area_3', 'area_4'] file=D:\Work\Lineage\ManmabotV1_final\engine\logs\bot-20260923-180004.log
2026-09-23 18:00:04.993  INFO   nav         building portal graph (cluster=32, 479x511)
2026-09-23 18:00:05.247  INFO   nav         portal graph: 188 components, 254 ms
2026-09-23 18:00:05.254  INFO   nav         farms=4 safe=11 home=(354, 203) (files farm=D:\Work\Lineage\ManmabotV1_final\engine\maps\talking_island\farms.yaml safe=D:\Work\Lineage\ManmabotV1_final\engine\maps\talking_island\safe.yaml home=D:\Work\Lineage\ManmabotV1_final\engine\maps\talking_island\home.yaml)
2026-09-23 18:00:05.524  INFO   capture     mss window capture process='LC.exe' title=None content_aspect=4:3
2026-09-23 18:00:05.889  INFO   session     Entity clicks use memory names, species, and world cells. Image recognition still runs. Set memory.entity_source to vision to restore image-only clicks.
2026-09-23 18:00:05.896  INFO   session     Player memory is read in this process (realtime_monitor.dll, offsets.json). No separate console.
2026-09-23 18:00:05.901  INFO   session     Inventory listen started · inv.json seed · hp=26 arrows=477 silver=0 depoison=0 (live scan in background)
2026-09-23 18:00:05.909  INFO   session     Scanning hotbar (skill boxes 1–3)…
2026-09-23 18:00:10.305  INFO   session     Hotbar scan done · hp_potion@box1/f5, talking_scroll@box1/f8
2026-09-23 18:00:10.309  INFO   session     Loop ready · elf · ko · map=talking_island · loot=all_items · farms=['area_1', 'area_2', 'area_3', 'area_4']
2026-09-23 18:00:10.781  INFO   session     Entity shadow: vision=5 {'monster': 4, 'player': 1} memory=3 {'monster': 3} paired=2 median=0.045 unleveled=12:슬라임
2026-09-23 18:00:10.805  INFO   decision    mode=farming behavior=combat action=attack target=2 reason='engage target' status=success
2026-09-23 18:00:13.084  INFO   decision    mode=farming behavior=loot action=searching target=- reason='approach item' status=success
2026-09-23 18:00:15.719  INFO   decision    mode=farming behavior=combat action=attack target=3 reason='engage target' status=success
2026-09-23 18:00:16.304  INFO   session     Entity shadow: vision=9 {'monster': 7, 'player': 1, 'item': 1} memory=6 {'monster': 4, 'player': 1, 'item': 1} paired=6 median=0.049
2026-09-23 18:00:21.450  INFO   session     Entity shadow: vision=8 {'item': 1, 'monster': 2, 'player': 5} memory=7 {'player': 3, 'monster': 3, 'item': 1} paired=5 median=0.031 unleveled=12:슬라임
2026-09-23 18:00:23.633  INFO   decision    mode=farming behavior=loot action=searching target=- reason='approach item' status=success
2026-09-23 18:00:25.351  INFO   decision    mode=farming behavior=combat action=attack target=3 reason='engage target' status=success
2026-09-23 18:00:25.613  INFO   action      cursor give-up id=3 item=false reason=cursor=normal/normal score=1.000 not allowed
2026-09-23 18:00:25.832  INFO   decision    mode=farming behavior=search action=searching target=- reason='search area' status=success
2026-09-23 18:00:26.581  INFO   session     Entity shadow: vision=5 {'player': 4, 'monster': 1} memory=6 {'player': 3, 'monster': 3} paired=3 median=0.036 unleveled=12:슬라임
2026-09-23 18:00:30.520  INFO   decision    mode=farming behavior=combat action=attack target=15 reason='engage target' status=success
2026-09-23 18:00:31.589  INFO   action      cursor give-up id=15 item=false reason=cursor=normal/normal score=1.000 not allowed
2026-09-23 18:00:31.833  INFO   session     Entity shadow: vision=6 {'monster': 2, 'player': 4} memory=8 {'monster': 5, 'player': 3} paired=5 median=0.031 unleveled=12:슬라임
2026-09-23 18:00:31.860  INFO   decision    mode=farming behavior=search action=searching target=- reason='search area' status=success
2026-09-23 18:00:36.976  INFO   session     Entity shadow: vision=7 {'monster': 4, 'item': 1, 'player': 2} memory=5 {'monster': 4, 'player': 1} paired=3 median=0.038 unleveled=12:슬라임
2026-09-23 18:00:41.630  INFO   decision    mode=farming behavior=search action=searching target=- reason='search area' status=success (repeat)
2026-09-23 18:00:42.098  INFO   session     Entity shadow: vision=6 {'player': 2, 'monster': 4} memory=4 {'monster': 4} paired=3 median=0.075 unleveled=12:슬라임
2026-09-23 18:00:47.280  INFO   session     Entity shadow: vision=2 {'player': 2} memory=2 {'monster': 1, 'player': 1} paired=1 median=0.020 unleveled=12:슬라임
2026-09-23 18:00:49.517  INFO   decision    mode=farming behavior=combat action=attack target=24 reason='engage target' status=success
2026-09-23 18:00:51.205  INFO   session     Inventory listen ready (dll) · hp=10 arrows=2883 silver=0 depoison=0
2026-09-23 18:00:51.809  INFO   action      cursor give-up id=24 item=false reason=cursor=normal/normal score=1.000 not allowed
2026-09-23 18:00:51.969  INFO   decision    mode=farming behavior=search action=searching target=- reason='search area' status=success
2026-09-23 18:00:52.367  INFO   session     Entity shadow: vision=3 {'player': 1, 'monster': 2} memory=4 {'monster': 4} paired=1 median=0.042 unleveled=12:슬라임
2026-09-23 18:00:57.374  INFO   session     Entity shadow: vision=7 {'player': 3, 'monster': 4} memory=6 {'monster': 4, 'player': 2} paired=4 median=0.042
2026-09-23 18:00:57.634  INFO   decision    mode=farming behavior=loot action=searching target=- reason='approach item' status=success
2026-09-23 18:01:02.588  INFO   session     Entity shadow: vision=9 {'player': 3, 'item': 1, 'monster': 5} memory=8 {'player': 2, 'monster': 5, 'item': 1} paired=6 median=0.048 unleveled=12:슬라임
2026-09-23 18:01:03.196  INFO   decision    mode=farming behavior=loot action=pickup target=31 reason='loot target' status=success
2026-09-23 18:01:04.735  INFO   decision    mode=farming behavior=combat action=attack target=35 reason='engage target' status=success
2026-09-23 18:01:05.584  INFO   action      cursor give-up id=35 item=false reason=cursor=normal/normal score=1.000 not allowed
2026-09-23 18:01:05.792  INFO   decision    mode=farming behavior=search action=searching target=- reason='search area' status=success
2026-09-23 18:01:07.593  INFO   session     Entity shadow: vision=4 {'player': 2, 'monster': 2} memory=5 {'monster': 4, 'player': 1} paired=2 median=0.031 unleveled=12:슬라임
2026-09-23 18:01:08.016  INFO   decision    mode=farming behavior=combat action=attack target=36 reason='engage target' status=success
2026-09-23 18:01:08.954  INFO   action      cursor give-up id=36 item=false reason=cursor=normal/normal score=1.000 not allowed
2026-09-23 18:01:09.159  INFO   decision    mode=farming behavior=search action=searching target=- reason='search area' status=success
2026-09-23 18:01:12.701  INFO   session     Entity shadow: vision=5 {'player': 2, 'monster': 3} memory=4 {'monster': 4} paired=2 median=0.033 unleveled=12:슬라임
2026-09-23 18:01:12.776  INFO   session     Paused — hotkey
2026-09-23 18:01:15.118  INFO   session     Resume → Running
2026-09-23 18:01:17.199  INFO   decision    mode=farming behavior=combat action=attack target=41 reason='engage target' status=success
2026-09-23 18:01:17.923  INFO   session     Entity shadow: vision=6 {'player': 2, 'monster': 4} memory=3 {'player': 1, 'monster': 2} paired=2 median=0.050
2026-09-23 18:01:20.988  INFO   decision    mode=farming behavior=combat action=attack target=42 reason='attack target' status=success
2026-09-23 18:01:21.723  INFO   action      cursor give-up id=42 item=false reason=cursor=normal/normal score=1.000 not allowed
2026-09-23 18:01:21.918  INFO   decision    mode=farming behavior=combat action=attack target=43 reason='engage target' status=success
2026-09-23 18:01:22.716  INFO   action      cursor give-up id=43 item=false reason=cursor=normal/normal score=1.000 not allowed
2026-09-23 18:01:22.930  INFO   decision    mode=farming behavior=combat action=attack target=45 reason='engage target' status=success
2026-09-23 18:01:23.333  INFO   session     Entity shadow: vision=7 {'monster': 5, 'player': 2} memory=4 {'monster': 3, 'player': 1} paired=4 median=0.034
2026-09-23 18:01:24.458  INFO   decision    mode=farming behavior=loot action=searching target=- reason='approach item' status=success
2026-09-23 18:01:28.433  INFO   session     Entity shadow: vision=12 {'player': 4, 'monster': 6, 'item': 2} memory=12 {'player': 2, 'monster': 8, 'item': 2} paired=8 median=0.032 unleveled=12:슬라임
2026-09-23 18:01:29.486  INFO   decision    mode=farming behavior=combat action=attack target=49 reason='engage target' status=success
2026-09-23 18:01:33.661  INFO   session     Entity shadow: vision=8 {'player': 2, 'monster': 5, 'item': 1} memory=9 {'monster': 6, 'player': 2, 'item': 1} paired=6 median=0.035 unleveled=12:슬라임
2026-09-23 18:01:38.879  INFO   session     Entity shadow: vision=6 {'monster': 3, 'item': 1, 'player': 2} memory=8 {'player': 3, 'monster': 4, 'item': 1} paired=5 median=0.057 unleveled=12:슬라임
2026-09-23 18:01:39.571  INFO   decision    mode=farming behavior=loot action=searching target=- reason='approach item' status=success
2026-09-23 18:01:44.029  INFO   session     Entity shadow: vision=10 {'monster': 3, 'item': 3, 'player': 4} memory=10 {'player': 5, 'monster': 3, 'item': 2} paired=7 median=0.024 unleveled=12:슬라임
2026-09-23 18:01:49.043  INFO   session     Entity shadow: vision=5 {'player': 2, 'monster': 2, 'item': 1} memory=6 {'player': 2, 'monster': 3, 'item': 1} paired=4 median=0.053 unleveled=12:슬라임
2026-09-23 18:01:54.148  INFO   session     Entity shadow: vision=6 {'player': 3, 'item': 1, 'monster': 2} memory=5 {'monster': 3, 'item': 1, 'player': 1} paired=3 median=0.078 unleveled=12:슬라임
2026-09-23 18:01:59.193  INFO   session     Entity shadow: vision=3 {'monster': 1, 'item': 1, 'player': 1} memory=2 {'monster': 1, 'item': 1} paired=1 median=0.006 unleveled=12:슬라임
2026-09-23 18:02:01.511  INFO   decision    mode=farming behavior=search action=searching target=- reason='search area' status=success
2026-09-23 18:02:04.308  INFO   session     Entity shadow: vision=2 {'player': 1, 'item': 1} memory=2 {'monster': 1, 'item': 1} paired=1 median=0.037 unleveled=12:슬라임
2026-09-23 18:02:04.800  INFO   decision    mode=farming behavior=combat action=attack target=62 reason='engage target' status=success
2026-09-23 18:02:07.069  INFO   decision    mode=farming behavior=loot action=searching target=- reason='approach item' status=success
2026-09-23 18:02:09.417  INFO   session     Entity shadow: vision=4 {'item': 3, 'player': 1} memory=7 {'monster': 4, 'item': 3} paired=3 median=0.016 unleveled=12:슬라임
2026-09-23 18:02:14.464  INFO   session     Entity shadow: vision=4 {'player': 2, 'item': 1, 'monster': 1} memory=8 {'player': 2, 'monster': 5, 'item': 1} paired=3 median=0.030 unleveled=12:슬라임
2026-09-23 18:02:15.842  INFO   decision    mode=farming behavior=search action=searching target=- reason='search area' status=success
2026-09-23 18:02:16.896  INFO   decision    mode=farming behavior=combat action=attack target=75 reason='engage target' status=success
2026-09-23 18:02:17.697  INFO   action      cursor give-up id=75 item=false reason=cursor=normal/normal score=1.000 not allowed
2026-09-23 18:02:17.908  INFO   decision    mode=farming behavior=combat action=attack target=76 reason='engage target' status=success
2026-09-23 18:02:19.636  INFO   session     Entity shadow: vision=5 {'monster': 2, 'player': 3} memory=8 {'player': 2, 'monster': 6} paired=4 median=0.056 unleveled=12:슬라임
2026-09-23 18:02:22.853  INFO   decision    mode=farming behavior=combat action=attack target=77 reason='engage target' status=success
2026-09-23 18:02:23.895  INFO   action      cursor give-up id=77 item=false reason=cursor=normal/normal score=1.000 not allowed
2026-09-23 18:02:24.074  INFO   decision    mode=farming behavior=combat action=attack target=76 reason='engage target' status=success
2026-09-23 18:02:24.771  INFO   session     Entity shadow: vision=4 {'monster': 3, 'player': 1} memory=9 {'monster': 8, 'player': 1} paired=3 median=0.014 unleveled=12:슬라임
2026-09-23 18:02:29.988  INFO   session     Entity shadow: vision=5 {'monster': 3, 'player': 2} memory=7 {'monster': 6, 'player': 1} paired=3 median=0.025 unleveled=12:슬라임
2026-09-23 18:02:33.127  INFO   decision    mode=traveling behavior=combat action=attack target=76 reason='attack target' status=success
2026-09-23 18:02:34.235  INFO   decision    mode=traveling behavior=loot action=searching target=- reason='approach item' status=success
2026-09-23 18:02:35.117  INFO   session     Entity shadow: vision=6 {'monster': 4, 'player': 2} memory=9 {'monster': 7, 'item': 1, 'player': 1} paired=5 median=0.023 unleveled=12:슬라임
2026-09-23 18:02:40.176  INFO   session     Entity shadow: vision=4 {'player': 2, 'monster': 2} memory=4 {'monster': 3, 'player': 1} paired=3 median=0.018 unleveled=12:슬라임
2026-09-23 18:02:40.403  INFO   decision    mode=traveling behavior=combat action=attack target=87 reason='engage target' status=success
2026-09-23 18:02:41.327  INFO   action      cursor give-up id=87 item=false reason=cursor=normal/normal score=1.000 not allowed
2026-09-23 18:02:41.496  INFO   decision    mode=traveling behavior=combat action=attack target=83 reason='engage target' status=success
2026-09-23 18:02:44.322  INFO   action      cursor give-up id=83 item=false reason=cursor=normal/normal score=1.000 not allowed
2026-09-23 18:02:44.489  INFO   decision    mode=traveling behavior=combat action=attack target=90 reason='engage target' status=success
2026-09-23 18:02:45.303  INFO   session     Entity shadow: vision=6 {'monster': 2, 'player': 4} memory=5 {'player': 2, 'monster': 3} paired=3 median=0.028 unleveled=12:슬라임
2026-09-23 18:02:45.330  INFO   action      cursor give-up id=90 item=false reason=cursor=normal/normal score=1.000 not allowed
2026-09-23 18:02:45.524  INFO   decision    mode=traveling behavior=traveling action=traveling target=- reason='enter farm area' status=success
2026-09-23 18:02:46.022  INFO   decision    mode=traveling behavior=combat action=attack target=93 reason='engage target' status=success
2026-09-23 18:02:49.675  INFO   decision    mode=traveling behavior=loot action=searching target=- reason='approach item' status=success
2026-09-23 18:02:50.410  INFO   session     Entity shadow: vision=7 {'player': 5, 'monster': 1, 'item': 1} memory=8 {'monster': 3, 'player': 4, 'item': 1} paired=6 median=0.031 unleveled=12:슬라임
2026-09-23 18:02:55.563  INFO   session     Entity shadow: vision=4 {'player': 2, 'monster': 2} memory=7 {'player': 4, 'monster': 3} paired=3 median=0.028 unleveled=12:슬라임
2026-09-23 18:02:55.590  INFO   decision    mode=traveling behavior=combat action=attack target=91 reason='engage target' status=success
2026-09-23 18:02:56.481  INFO   action      cursor give-up id=91 item=false reason=cursor=normal/normal score=1.000 not allowed
2026-09-23 18:02:56.685  INFO   decision    mode=traveling behavior=traveling action=traveling target=- reason='enter farm area' status=success
2026-09-23 18:02:59.005  INFO   decision    mode=traveling behavior=combat action=attack target=99 reason='engage target' status=success
2026-09-23 18:03:00.627  INFO   session     Entity shadow: vision=6 {'player': 4, 'monster': 2} memory=8 {'player': 5, 'monster': 3} paired=5 median=0.027 unleveled=12:슬라임
2026-09-23 18:03:02.813  INFO   action      cursor give-up id=99 item=false reason=cursor=normal/normal score=1.000 not allowed
2026-09-23 18:03:03.083  INFO   decision    mode=traveling behavior=traveling action=traveling target=- reason='enter farm area' status=success
2026-09-23 18:03:05.807  INFO   session     Entity shadow: vision=5 {'player': 3, 'monster': 2} memory=5 {'monster': 3, 'player': 2} paired=4 median=0.038 unleveled=12:슬라임
2026-09-23 18:03:07.428  INFO   decision    mode=farming behavior=search action=searching target=- reason='search area' status=success
2026-09-23 18:03:07.953  INFO   decision    mode=farming behavior=combat action=attack target=102 reason='engage target' status=success
2026-09-23 18:03:10.884  INFO   session     Entity shadow: vision=8 {'monster': 5, 'player': 3} memory=5 {'player': 1, 'monster': 4} paired=3 median=0.017 unleveled=12:슬라임
2026-09-23 18:03:11.231  INFO   decision    mode=farming behavior=loot action=searching target=- reason='approach item' status=success
2026-09-23 18:03:15.957  INFO   session     Entity shadow: vision=7 {'player': 3, 'monster': 3, 'item': 1} memory=8 {'player': 1, 'monster': 5, 'item': 2} paired=3 median=0.016 unleveled=12:슬라임
2026-09-23 18:03:18.977  INFO   decision    mode=farming behavior=search action=searching target=- reason='search area' status=success
2026-09-23 18:03:19.169  INFO   decision    mode=farming behavior=combat action=attack target=120 reason='engage target' status=success
2026-09-23 18:03:20.189  INFO   action      cursor give-up id=120 item=false reason=cursor=normal/normal score=1.000 not allowed
2026-09-23 18:03:20.401  INFO   decision    mode=farming behavior=combat action=attack target=124 reason='engage target' status=success
2026-09-23 18:03:21.267  INFO   session     Entity shadow: vision=10 {'player': 6, 'item': 1, 'monster': 3} memory=12 {'player': 4, 'monster': 7, 'item': 1} paired=8 median=0.040 unleveled=12:슬라임
2026-09-23 18:03:23.079  INFO   session     Paused — hotkey
2026-09-23 18:03:25.270  INFO   session     Stop → Stopped
2026-09-23 18:03:25.552  INFO   session     Bot worker exited
